****************************************
Report : reference
Design : oadm_fixed_l1_opt
Version: U-2022.12-SP5
Date   : Thu Aug 20 19:57:50 2026
****************************************


Attributes:
    b - black-box (unknown)
    h - hierarchical
    n - noncombinational
    u - contains unmapped logic
    A - abstracted timing model
    E - extracted timing model
    S - Stamp timing model
    Q - Quick timing model (QTM)

Reference          Library       Unit Area   Count    Total Area   Attributes
--------------------------------------------------------------------------------
AN4D0              tcbn65gplustc_ccs
                                    2.88     5          14.40      
AO21D1             tcbn65gplustc_ccs
                                    2.52     1           2.52      
AO221D0            tcbn65gplustc_ccs
                                    3.60     1           3.60      
AO22D0             tcbn65gplustc_ccs
                                    2.88     46        132.48      
AOI211D0           tcbn65gplustc_ccs
                                    2.52     2           5.04      
AOI21D0            tcbn65gplustc_ccs
                                    2.16     7          15.12      
AOI221D0           tcbn65gplustc_ccs
                                    2.88     1           2.88      
AOI22D0            tcbn65gplustc_ccs
                                    2.52     57        143.64      
AOI22D1            tcbn65gplustc_ccs
                                    2.52     4          10.08      
AOI31D0            tcbn65gplustc_ccs
                                    2.52     4          10.08      
BUFFD0             tcbn65gplustc_ccs
                                    1.44     1           1.44      
BUFFD1             tcbn65gplustc_ccs
                                    1.44     1           1.44      
CKAN2D0            tcbn65gplustc_ccs
                                    2.16     11         23.76      
CKND0              tcbn65gplustc_ccs
                                    1.08     10         10.80      
CKND2D0            tcbn65gplustc_ccs
                                    1.44     105       151.20      
FA1D0              tcbn65gplustc_ccs
                                    9.00     184      1656.00      
HA1D0              tcbn65gplustc_ccs
                                    5.76     2          11.52      
IAO21D0            tcbn65gplustc_ccs
                                    2.52     1           2.52      
IND2D0             tcbn65gplustc_ccs
                                    2.16     23         49.68      
IND2D1             tcbn65gplustc_ccs
                                    2.16     1           2.16      
INR2D0             tcbn65gplustc_ccs
                                    2.16     66        142.56      
INR2XD0            tcbn65gplustc_ccs
                                    2.16     1           2.16      
INR3D0             tcbn65gplustc_ccs
                                    2.52     1           2.52      
INVD0              tcbn65gplustc_ccs
                                    1.08     197       212.76      
INVD1              tcbn65gplustc_ccs
                                    1.08     3           3.24      
IOA21D0            tcbn65gplustc_ccs
                                    2.52     13         32.76      
MAOI222D0          tcbn65gplustc_ccs
                                    2.88     28         80.64      
MOAI22D0           tcbn65gplustc_ccs
                                    2.88     1           2.88      
MUX2D0             tcbn65gplustc_ccs
                                    3.24     1           3.24      
MUX2ND0            tcbn65gplustc_ccs
                                    2.88     22         63.36      
ND3D0              tcbn65gplustc_ccs
                                    2.16     1           2.16      
ND4D0              tcbn65gplustc_ccs
                                    2.52     4          10.08      
NR2D0              tcbn65gplustc_ccs
                                    1.44     33         47.52      
NR2XD0             tcbn65gplustc_ccs
                                    1.44     2           2.88      
NR3D0              tcbn65gplustc_ccs
                                    2.16     2           4.32      
NR4D0              tcbn65gplustc_ccs
                                    2.52     16         40.32      
OAI211D0           tcbn65gplustc_ccs
                                    2.52     5          12.60      
OAI21D0            tcbn65gplustc_ccs
                                    2.16     13         28.08      
OAI221D0           tcbn65gplustc_ccs
                                    2.88     1           2.88      
OAI222D0           tcbn65gplustc_ccs
                                    3.24     2           6.48      
OAI22D0            tcbn65gplustc_ccs
                                    2.52     3           7.56      
OAI31D0            tcbn65gplustc_ccs
                                    2.52     1           2.52      
OR2D0              tcbn65gplustc_ccs
                                    2.16     26         56.16      
OR2D1              tcbn65gplustc_ccs
                                    2.16     1           2.16      
XNR2D0             tcbn65gplustc_ccs
                                    3.60     28        100.80      
XNR3D0             tcbn65gplustc_ccs
                                    6.12     46        281.52      
XOR2D0             tcbn65gplustc_ccs
                                    3.60     4          14.40      
XOR3D0             tcbn65gplustc_ccs
                                    6.12     4          24.48      
XOR4D0             tcbn65gplustc_ccs
                                    9.00     1           9.00      
--------------------------------------------------------------------------------
Total 49 references                                   3452.40
1
