****************************************
Report : Averaged Power
	-hierarchy
	-significant_digits
Design : abs_l3_exact
Version: U-2022.12-SP5
Date   : Tue Sep 15 22:03:13 2026
****************************************



                                      Int      Switch   Leak     Total
Hierarchy                             Power    Power    Power    Power    %
----------------------------------------------------------------------------------
abs_l3_exact                          3.36e-05 1.45e-05 1.25e-05 6.06e-05 100.0
  mult_76 (abs_l3_exact_DW_mult_tc_0) 6.16e-06 2.78e-06 1.97e-06 1.09e-05  18.0
  mult_76_S2 (abs_l3_exact_DW_mult_tc_1)
                                      7.91e-06 2.73e-06 2.09e-06 1.27e-05  21.0
  wrapper (fp32_normal_finite_wrapper)
                                      5.73e-06 2.59e-06 1.33e-06 9.64e-06  15.9
    add_1_root_add_0_root_add_22_2 (fp32_normal_finite_wrapper_DW01_add_1_DW01_add_2)
                                      1.69e-06 2.62e-07 4.52e-07 2.40e-06   4.0
  add_1_root_sub_0_root_sub_78 (abs_l3_exact_DW01_add_0)
                                      3.22e-06 4.31e-07 1.03e-06 4.69e-06   7.7
  sub_0_root_sub_0_root_sub_78 (abs_l3_exact_DW01_sub_0)
                                      6.00e-06 1.35e-06 1.30e-06 8.65e-06  14.3
1
