****************************************
Report : Averaged Power
	-hierarchy
	-significant_digits
Design : input_l3_narrow_b6
Version: U-2022.12-SP5
Date   : Sat Sep  5 15:17:52 2026
****************************************



                                      Int      Switch   Leak     Total
Hierarchy                             Power    Power    Power    Power    %
----------------------------------------------------------------------------------
input_l3_narrow_b6                    4.06e-05 1.35e-05 9.23e-06 6.33e-05 100.0
  dut (oadm_input_trial_6_1_3_16_16_8_e3_b6_95_7c_69_5a_4e_44)
                                      4.06e-05 1.35e-05 9.23e-06 6.33e-05 100.0
    mult_69 (oadm_input_trial_6_1_3_16_16_8_e3_b6_95_7c_69_5a_4e_44_DW_mult_uns_0_DW_mult_uns_1)
                                      1.91e-05 5.89e-06 4.13e-06 2.92e-05  46.1
    fp_wrapper (fp32_normal_finite_wrapper)
                                      5.31e-06 2.58e-06 1.27e-06 9.16e-06  14.5
      add_1_root_add_0_root_add_22_2 (fp32_normal_finite_wrapper_DW01_add_1_DW01_add_4)
                                      1.70e-06 2.64e-07 4.52e-07 2.41e-06   3.8
    narrow_plane (oadm_input_narrow_plane_B6_LEVEL3_R16)
                                      1.44e-05 3.10e-06 3.33e-06 2.08e-05  32.9
      add_0_root_sub_0_root_sub_25 (oadm_input_narrow_plane_B6_LEVEL3_R16_DW01_add_2)
                                      3.70e-06 4.79e-07 5.44e-07 4.73e-06   7.5
      mult_19 (oadm_input_narrow_plane_B6_LEVEL3_R16_DW_mult_uns_0)
                                      4.55e-06 1.02e-06 1.17e-06 6.74e-06  10.6
1
