 
****************************************
check_design summary:
Version:     U-2022.12-SP7
Date:        Sat Sep  5 13:22:50 2026
****************************************

                   Name                                            Total
--------------------------------------------------------------------------------
Inputs/Outputs                                                    197
    Unloaded inputs (LINT-8)                                       43
    Unconnected ports (LINT-28)                                   154

Cells                                                              62
    Connected to power or ground (LINT-32)                          8
    Nets connected to multiple pins on same cell (LINT-33)         54

Nets                                                               43
    Unloaded nets (LINT-2)                                         43
--------------------------------------------------------------------------------

Warning: In design 'fig8_dw_d4', net 'core/core/add_1135/A[0]' driven by pin 'core/core/add_1135/A[0]' has no loads. (LINT-2)
Warning: In design 'fig8_dw_d4', net 'core/core/mult_998_DP_OP_361_4113_15/I1[0]' driven by pin 'core/core/mult_998_DP_OP_361_4113_15/I1[0]' has no loads. (LINT-2)
Warning: In design 'fig8_dw_d4', net 'core/core/mult_998_DP_OP_361_4113_15/I1[2]' driven by pin 'core/core/mult_998_DP_OP_361_4113_15/I1[2]' has no loads. (LINT-2)
Warning: In design 'fig8_dw_d4', net 'core/core/mult_998_DP_OP_361_4113_15/I1[4]' driven by pin 'core/core/mult_998_DP_OP_361_4113_15/I1[4]' has no loads. (LINT-2)
Warning: In design 'fig8_dw_d4', net 'core/core/mult_998_DP_OP_361_4113_15/I1[6]' driven by pin 'core/core/mult_998_DP_OP_361_4113_15/I1[6]' has no loads. (LINT-2)
Warning: In design 'fig8_dw_d4', net 'core/core/mult_998_DP_OP_361_4113_15/I1[8]' driven by pin 'core/core/mult_998_DP_OP_361_4113_15/I1[8]' has no loads. (LINT-2)
Warning: In design 'fig8_dw_d4', net 'core/core/mult_996/a[0]' driven by pin 'core/core/mult_996/a[0]' has no loads. (LINT-2)
Warning: In design 'fig8_dw_d4', net 'core/core/mult_996/a[9]' driven by pin 'core/core/mult_996/a[9]' has no loads. (LINT-2)
Warning: In design 'fig8_dw_d4', net 'core/core/mult_947_DP_OP_362_8879_14/I1[0]' driven by pin 'core/core/mult_947_DP_OP_362_8879_14/I1[0]' has no loads. (LINT-2)
Warning: In design 'fig8_dw_d4', net 'core/core/mult_947_DP_OP_362_8879_14/I1[2]' driven by pin 'core/core/mult_947_DP_OP_362_8879_14/I1[2]' has no loads. (LINT-2)
Warning: In design 'fig8_dw_d4', net 'core/core/mult_947_DP_OP_362_8879_14/I1[4]' driven by pin 'core/core/mult_947_DP_OP_362_8879_14/I1[4]' has no loads. (LINT-2)
Warning: In design 'fig8_dw_d4', net 'core/core/mult_947_DP_OP_362_8879_14/I1[6]' driven by pin 'core/core/mult_947_DP_OP_362_8879_14/I1[6]' has no loads. (LINT-2)
Warning: In design 'fig8_dw_d4', net 'core/core/mult_947_DP_OP_362_8879_14/I1[8]' driven by pin 'core/core/mult_947_DP_OP_362_8879_14/I1[8]' has no loads. (LINT-2)
Warning: In design 'fig8_dw_d4', net 'core/core/mult_947_DP_OP_362_8879_14/I1[10]' driven by pin 'core/core/mult_947_DP_OP_362_8879_14/I1[10]' has no loads. (LINT-2)
Warning: In design 'fig8_dw_d4', net 'core/core/mult_947_DP_OP_362_8879_14/I1[12]' driven by pin 'core/core/mult_947_DP_OP_362_8879_14/I1[12]' has no loads. (LINT-2)
Warning: In design 'fig8_dw_d4', net 'core/core/mult_947_DP_OP_362_8879_14/I1[14]' driven by pin 'core/core/mult_947_DP_OP_362_8879_14/I1[14]' has no loads. (LINT-2)
Warning: In design 'fig8_dw_d4', net 'core/core/mult_947_DP_OP_362_8879_14/I1[16]' driven by pin 'core/core/mult_947_DP_OP_362_8879_14/I1[16]' has no loads. (LINT-2)
Warning: In design 'fig8_dw_d4', net 'core/core/mult_947_DP_OP_362_8879_14/I1[18]' driven by pin 'core/core/mult_947_DP_OP_362_8879_14/I1[18]' has no loads. (LINT-2)
Warning: In design 'fig8_dw_d4', net 'core/core/add_1134/A[21]' driven by pin 'core/core/add_1134/A[21]' has no loads. (LINT-2)
Warning: In design 'fig8_dw_d4', net 'core/core/add_1135/A[21]' driven by pin 'core/core/add_1135/A[21]' has no loads. (LINT-2)
Warning: In design 'fig8_dw_d4', net 'core/core/add_1135/B[21]' driven by pin 'core/core/add_1135/B[21]' has no loads. (LINT-2)
Warning: In design 'fig8_dw_d4', net 'core/core/add_1135/B[20]' driven by pin 'core/core/add_1135/B[20]' has no loads. (LINT-2)
Warning: In design 'fig8_dw_d4', net 'core/core/add_1135/B[19]' driven by pin 'core/core/add_1135/B[19]' has no loads. (LINT-2)
Warning: In design 'fig8_dw_d4', net 'core/core/add_1135/B[18]' driven by pin 'core/core/add_1135/B[18]' has no loads. (LINT-2)
Warning: In design 'fig8_dw_d4', net 'core/core/add_1135/B[17]' driven by pin 'core/core/add_1135/B[17]' has no loads. (LINT-2)
Warning: In design 'fig8_dw_d4', net 'core/core/add_1135/B[16]' driven by pin 'core/core/add_1135/B[16]' has no loads. (LINT-2)
Warning: In design 'fig8_dw_d4', net 'core/core/add_1135/B[15]' driven by pin 'core/core/add_1135/B[15]' has no loads. (LINT-2)
Warning: In design 'fig8_dw_d4', net 'core/core/add_1135/B[14]' driven by pin 'core/core/add_1135/B[14]' has no loads. (LINT-2)
Warning: In design 'fig8_dw_d4', net 'core/core/add_1135/B[13]' driven by pin 'core/core/add_1135/B[13]' has no loads. (LINT-2)
Warning: In design 'fig8_dw_d4', net 'core/core/add_1135/B[12]' driven by pin 'core/core/add_1135/B[12]' has no loads. (LINT-2)
Warning: In design 'fig8_dw_d4', net 'core/core/add_1135/B[11]' driven by pin 'core/core/add_1135/B[11]' has no loads. (LINT-2)
Warning: In design 'fig8_dw_d4', net 'core/core/add_1135/B[10]' driven by pin 'core/core/add_1135/B[10]' has no loads. (LINT-2)
Warning: In design 'fig8_dw_d4', net 'core/core/add_1135/B[9]' driven by pin 'core/core/add_1135/B[9]' has no loads. (LINT-2)
Warning: In design 'fig8_dw_d4', net 'core/core/add_1135/B[8]' driven by pin 'core/core/add_1135/B[8]' has no loads. (LINT-2)
Warning: In design 'fig8_dw_d4', net 'core/core/add_1135/B[7]' driven by pin 'core/core/add_1135/B[7]' has no loads. (LINT-2)
Warning: In design 'fig8_dw_d4', net 'core/core/add_1135/B[6]' driven by pin 'core/core/add_1135/B[6]' has no loads. (LINT-2)
Warning: In design 'fig8_dw_d4', net 'core/core/add_1135/B[5]' driven by pin 'core/core/add_1135/B[5]' has no loads. (LINT-2)
Warning: In design 'fig8_dw_d4', net 'core/core/add_1135/B[4]' driven by pin 'core/core/add_1135/B[4]' has no loads. (LINT-2)
Warning: In design 'fig8_dw_d4', net 'core/core/add_1135/B[3]' driven by pin 'core/core/add_1135/B[3]' has no loads. (LINT-2)
Warning: In design 'fig8_dw_d4', net 'core/core/add_1135/B[2]' driven by pin 'core/core/add_1135/B[2]' has no loads. (LINT-2)
Warning: In design 'fig8_dw_d4', net 'core/core/add_1135/CI' driven by pin 'core/core/add_1135/CI' has no loads. (LINT-2)
Warning: In design 'fig8_dw_d4', net 'core/core/add_1135/B[0]' driven by pin 'core/core/add_1135/B[0]' has no loads. (LINT-2)
Warning: In design 'fig8_dw_d4', net 'core/core/add_1135/B[1]' driven by pin 'core/core/add_1135/B[1]' has no loads. (LINT-2)
Warning: In design 'fig8_dw_B19_DW_mult_uns_2', input port 'a[9]' is unloaded. (LINT-8)
Warning: In design 'fig8_dw_B19_DW_mult_uns_2', input port 'a[0]' is unloaded. (LINT-8)
Warning: In design 'fig8_dw_B19_DW01_inc_0', input port 'A[21]' is unloaded. (LINT-8)
Warning: In design 'fig8_dw_B19_DW01_add_36', input port 'A[21]' is unloaded. (LINT-8)
Warning: In design 'fig8_dw_B19_DW01_add_36', input port 'A[0]' is unloaded. (LINT-8)
Warning: In design 'fig8_dw_B19_DW01_add_36', input port 'B[21]' is unloaded. (LINT-8)
Warning: In design 'fig8_dw_B19_DW01_add_36', input port 'B[20]' is unloaded. (LINT-8)
Warning: In design 'fig8_dw_B19_DW01_add_36', input port 'B[19]' is unloaded. (LINT-8)
Warning: In design 'fig8_dw_B19_DW01_add_36', input port 'B[18]' is unloaded. (LINT-8)
Warning: In design 'fig8_dw_B19_DW01_add_36', input port 'B[17]' is unloaded. (LINT-8)
Warning: In design 'fig8_dw_B19_DW01_add_36', input port 'B[16]' is unloaded. (LINT-8)
Warning: In design 'fig8_dw_B19_DW01_add_36', input port 'B[15]' is unloaded. (LINT-8)
Warning: In design 'fig8_dw_B19_DW01_add_36', input port 'B[14]' is unloaded. (LINT-8)
Warning: In design 'fig8_dw_B19_DW01_add_36', input port 'B[13]' is unloaded. (LINT-8)
Warning: In design 'fig8_dw_B19_DW01_add_36', input port 'B[12]' is unloaded. (LINT-8)
Warning: In design 'fig8_dw_B19_DW01_add_36', input port 'B[11]' is unloaded. (LINT-8)
Warning: In design 'fig8_dw_B19_DW01_add_36', input port 'B[10]' is unloaded. (LINT-8)
Warning: In design 'fig8_dw_B19_DW01_add_36', input port 'B[9]' is unloaded. (LINT-8)
Warning: In design 'fig8_dw_B19_DW01_add_36', input port 'B[8]' is unloaded. (LINT-8)
Warning: In design 'fig8_dw_B19_DW01_add_36', input port 'B[7]' is unloaded. (LINT-8)
Warning: In design 'fig8_dw_B19_DW01_add_36', input port 'B[6]' is unloaded. (LINT-8)
Warning: In design 'fig8_dw_B19_DW01_add_36', input port 'B[5]' is unloaded. (LINT-8)
Warning: In design 'fig8_dw_B19_DW01_add_36', input port 'B[4]' is unloaded. (LINT-8)
Warning: In design 'fig8_dw_B19_DW01_add_36', input port 'B[3]' is unloaded. (LINT-8)
Warning: In design 'fig8_dw_B19_DW01_add_36', input port 'B[2]' is unloaded. (LINT-8)
Warning: In design 'fig8_dw_B19_DW01_add_36', input port 'B[1]' is unloaded. (LINT-8)
Warning: In design 'fig8_dw_B19_DW01_add_36', input port 'B[0]' is unloaded. (LINT-8)
Warning: In design 'fig8_dw_B19_DW01_add_36', input port 'CI' is unloaded. (LINT-8)
Warning: In design 'fig8_dw_B19_mult_947_DP_OP_362_8879_0', input port 'I1[18]' is unloaded. (LINT-8)
Warning: In design 'fig8_dw_B19_mult_947_DP_OP_362_8879_0', input port 'I1[16]' is unloaded. (LINT-8)
Warning: In design 'fig8_dw_B19_mult_947_DP_OP_362_8879_0', input port 'I1[14]' is unloaded. (LINT-8)
Warning: In design 'fig8_dw_B19_mult_947_DP_OP_362_8879_0', input port 'I1[12]' is unloaded. (LINT-8)
Warning: In design 'fig8_dw_B19_mult_947_DP_OP_362_8879_0', input port 'I1[10]' is unloaded. (LINT-8)
Warning: In design 'fig8_dw_B19_mult_947_DP_OP_362_8879_0', input port 'I1[8]' is unloaded. (LINT-8)
Warning: In design 'fig8_dw_B19_mult_947_DP_OP_362_8879_0', input port 'I1[6]' is unloaded. (LINT-8)
Warning: In design 'fig8_dw_B19_mult_947_DP_OP_362_8879_0', input port 'I1[4]' is unloaded. (LINT-8)
Warning: In design 'fig8_dw_B19_mult_947_DP_OP_362_8879_0', input port 'I1[2]' is unloaded. (LINT-8)
Warning: In design 'fig8_dw_B19_mult_947_DP_OP_362_8879_0', input port 'I1[0]' is unloaded. (LINT-8)
Warning: In design 'fig8_dw_B19_mult_998_DP_OP_361_4113_0', input port 'I1[8]' is unloaded. (LINT-8)
Warning: In design 'fig8_dw_B19_mult_998_DP_OP_361_4113_0', input port 'I1[6]' is unloaded. (LINT-8)
Warning: In design 'fig8_dw_B19_mult_998_DP_OP_361_4113_0', input port 'I1[4]' is unloaded. (LINT-8)
Warning: In design 'fig8_dw_B19_mult_998_DP_OP_361_4113_0', input port 'I1[2]' is unloaded. (LINT-8)
Warning: In design 'fig8_dw_B19_mult_998_DP_OP_361_4113_0', input port 'I1[0]' is unloaded. (LINT-8)
Warning: In design 'fig8_dw_d4', port 'x[3]' is not connected to any nets. (LINT-28)
Warning: In design 'fig8_dw_d4', port 'x[2]' is not connected to any nets. (LINT-28)
Warning: In design 'fig8_dw_d4', port 'x[1]' is not connected to any nets. (LINT-28)
Warning: In design 'fig8_dw_d4', port 'x[0]' is not connected to any nets. (LINT-28)
Warning: In design 'fig8_dw_d4', port 'y[3]' is not connected to any nets. (LINT-28)
Warning: In design 'fig8_dw_d4', port 'y[2]' is not connected to any nets. (LINT-28)
Warning: In design 'fig8_dw_d4', port 'y[1]' is not connected to any nets. (LINT-28)
Warning: In design 'fig8_dw_d4', port 'y[0]' is not connected to any nets. (LINT-28)
Warning: In design 'fig8_dw_B19', port 'x[3]' is not connected to any nets. (LINT-28)
Warning: In design 'fig8_dw_B19', port 'x[2]' is not connected to any nets. (LINT-28)
Warning: In design 'fig8_dw_B19', port 'x[1]' is not connected to any nets. (LINT-28)
Warning: In design 'fig8_dw_B19', port 'x[0]' is not connected to any nets. (LINT-28)
Warning: In design 'fig8_dw_B19', port 'y[3]' is not connected to any nets. (LINT-28)
Warning: In design 'fig8_dw_B19', port 'y[2]' is not connected to any nets. (LINT-28)
Warning: In design 'fig8_dw_B19', port 'y[1]' is not connected to any nets. (LINT-28)
Warning: In design 'fig8_dw_B19', port 'y[0]' is not connected to any nets. (LINT-28)
Warning: In design 'fig8_dw_B19', port 'result[3]' is not connected to any nets. (LINT-28)
Warning: In design 'fig8_dw_B19', port 'result[2]' is not connected to any nets. (LINT-28)
Warning: In design 'fig8_dw_B19', port 'result[1]' is not connected to any nets. (LINT-28)
Warning: In design 'fig8_dw_B19', port 'result[0]' is not connected to any nets. (LINT-28)
Warning: In design 'fig8_dw_B19_DW_fp_div_1', port 'rnd[2]' is not connected to any nets. (LINT-28)
Warning: In design 'fig8_dw_B19_DW_fp_div_1', port 'rnd[1]' is not connected to any nets. (LINT-28)
Warning: In design 'fig8_dw_B19_DW_fp_div_1', port 'rnd[0]' is not connected to any nets. (LINT-28)
Warning: In design 'fig8_dw_B19_DW_fp_div_1', port 'status[7]' is not connected to any nets. (LINT-28)
Warning: In design 'fig8_dw_B19_DW_fp_div_1', port 'status[6]' is not connected to any nets. (LINT-28)
Warning: In design 'fig8_dw_B19_DW_fp_div_1', port 'status[5]' is not connected to any nets. (LINT-28)
Warning: In design 'fig8_dw_B19_DW_fp_div_1', port 'status[4]' is not connected to any nets. (LINT-28)
Warning: In design 'fig8_dw_B19_DW_fp_div_1', port 'status[3]' is not connected to any nets. (LINT-28)
Warning: In design 'fig8_dw_B19_DW_fp_div_1', port 'status[2]' is not connected to any nets. (LINT-28)
Warning: In design 'fig8_dw_B19_DW_fp_div_1', port 'status[1]' is not connected to any nets. (LINT-28)
Warning: In design 'fig8_dw_B19_DW_fp_div_1', port 'status[0]' is not connected to any nets. (LINT-28)
Warning: In design 'fig8_dw_B19_DW_cmp_3', port 'A[19]' is not connected to any nets. (LINT-28)
Warning: In design 'fig8_dw_B19_DW_cmp_3', port 'B[19]' is not connected to any nets. (LINT-28)
Warning: In design 'fig8_dw_B19_DW_cmp_3', port 'TC' is not connected to any nets. (LINT-28)
Warning: In design 'fig8_dw_B19_DW_cmp_3', port 'GE_LT' is not connected to any nets. (LINT-28)
Warning: In design 'fig8_dw_B19_DW_cmp_3', port 'GE_GT_EQ' is not connected to any nets. (LINT-28)
Warning: In design 'fig8_dw_B19_DW_cmp_3', port 'EQ_NE' is not connected to any nets. (LINT-28)
Warning: In design 'fig8_dw_B19_DW_mult_uns_0', port 'a[8]' is not connected to any nets. (LINT-28)
Warning: In design 'fig8_dw_B19_DW_mult_uns_0', port 'b[20]' is not connected to any nets. (LINT-28)
Warning: In design 'fig8_dw_B19_DW_mult_uns_0', port 'b[0]' is not connected to any nets. (LINT-28)
Warning: In design 'fig8_dw_B19_DW_mult_uns_0', port 'product[2]' is not connected to any nets. (LINT-28)
Warning: In design 'fig8_dw_B19_DW_mult_uns_0', port 'product[1]' is not connected to any nets. (LINT-28)
Warning: In design 'fig8_dw_B19_DW_mult_uns_0', port 'product[0]' is not connected to any nets. (LINT-28)
Warning: In design 'fig8_dw_B19_DW_mult_uns_1', port 'a[20]' is not connected to any nets. (LINT-28)
Warning: In design 'fig8_dw_B19_DW_mult_uns_1', port 'a[0]' is not connected to any nets. (LINT-28)
Warning: In design 'fig8_dw_B19_DW_mult_uns_1', port 'b[8]' is not connected to any nets. (LINT-28)
Warning: In design 'fig8_dw_B19_DW_mult_uns_1', port 'product[29]' is not connected to any nets. (LINT-28)
Warning: In design 'fig8_dw_B19_DW_mult_uns_1', port 'product[28]' is not connected to any nets. (LINT-28)
Warning: In design 'fig8_dw_B19_DW_mult_uns_1', port 'product[27]' is not connected to any nets. (LINT-28)
Warning: In design 'fig8_dw_B19_DW_mult_uns_1', port 'product[26]' is not connected to any nets. (LINT-28)
Warning: In design 'fig8_dw_B19_DW_mult_uns_1', port 'product[25]' is not connected to any nets. (LINT-28)
Warning: In design 'fig8_dw_B19_DW_mult_uns_1', port 'product[24]' is not connected to any nets. (LINT-28)
Warning: In design 'fig8_dw_B19_DW_mult_uns_1', port 'product[23]' is not connected to any nets. (LINT-28)
Warning: In design 'fig8_dw_B19_DW_mult_uns_1', port 'product[22]' is not connected to any nets. (LINT-28)
Warning: In design 'fig8_dw_B19_DW_mult_uns_1', port 'product[1]' is not connected to any nets. (LINT-28)
Warning: In design 'fig8_dw_B19_DW_mult_uns_1', port 'product[0]' is not connected to any nets. (LINT-28)
Warning: In design 'fig8_dw_B19_DW_mult_uns_2', port 'product[19]' is not connected to any nets. (LINT-28)
Warning: In design 'fig8_dw_B19_DW_mult_uns_2', port 'product[8]' is not connected to any nets. (LINT-28)
Warning: In design 'fig8_dw_B19_DW_mult_uns_2', port 'product[7]' is not connected to any nets. (LINT-28)
Warning: In design 'fig8_dw_B19_DW_mult_uns_2', port 'product[6]' is not connected to any nets. (LINT-28)
Warning: In design 'fig8_dw_B19_DW_mult_uns_2', port 'product[5]' is not connected to any nets. (LINT-28)
Warning: In design 'fig8_dw_B19_DW_mult_uns_2', port 'product[4]' is not connected to any nets. (LINT-28)
Warning: In design 'fig8_dw_B19_DW_mult_uns_2', port 'product[3]' is not connected to any nets. (LINT-28)
Warning: In design 'fig8_dw_B19_DW_mult_uns_2', port 'product[2]' is not connected to any nets. (LINT-28)
Warning: In design 'fig8_dw_B19_DW_mult_uns_2', port 'product[1]' is not connected to any nets. (LINT-28)
Warning: In design 'fig8_dw_B19_DW_mult_uns_2', port 'product[0]' is not connected to any nets. (LINT-28)
Warning: In design 'fig8_dw_B19_DW_cmp_4', port 'A[19]' is not connected to any nets. (LINT-28)
Warning: In design 'fig8_dw_B19_DW_cmp_4', port 'B[19]' is not connected to any nets. (LINT-28)
Warning: In design 'fig8_dw_B19_DW_cmp_4', port 'TC' is not connected to any nets. (LINT-28)
Warning: In design 'fig8_dw_B19_DW_cmp_4', port 'GE_LT' is not connected to any nets. (LINT-28)
Warning: In design 'fig8_dw_B19_DW_cmp_4', port 'GE_GT_EQ' is not connected to any nets. (LINT-28)
Warning: In design 'fig8_dw_B19_DW_cmp_4', port 'GE_LT_GT_LE' is not connected to any nets. (LINT-28)
Warning: In design 'fig8_dw_B19_DW01_add_36', port 'SUM[20]' is not connected to any nets. (LINT-28)
Warning: In design 'fig8_dw_B19_DW01_add_36', port 'SUM[0]' is not connected to any nets. (LINT-28)
Warning: In design 'fig8_dw_B19_DW01_add_36', port 'CO' is not connected to any nets. (LINT-28)
Warning: In design 'fig8_dw_B19_mult_947_DP_OP_362_8879_0', port 'O16[2]' is not connected to any nets. (LINT-28)
Warning: In design 'fig8_dw_B19_mult_947_DP_OP_362_8879_0', port 'O16[1]' is not connected to any nets. (LINT-28)
Warning: In design 'fig8_dw_B19_mult_947_DP_OP_362_8879_0', port 'O16[0]' is not connected to any nets. (LINT-28)
Warning: In design 'fig8_dw_B19_mult_998_DP_OP_361_4113_0', port 'O14[1]' is not connected to any nets. (LINT-28)
Warning: In design 'fig8_dw_B19_mult_998_DP_OP_361_4113_0', port 'O14[0]' is not connected to any nets. (LINT-28)
Warning: In design 'fig8_dw_B19_mult_1141_DP_OP_360_1443_0', port 'I2[20]' is not connected to any nets. (LINT-28)
Warning: In design 'fig8_dw_B19_mult_1141_DP_OP_360_1443_0', port 'I2[0]' is not connected to any nets. (LINT-28)
Warning: In design 'fig8_dw_B19_mult_1141_DP_OP_360_1443_0', port 'I3[0]' is not connected to any nets. (LINT-28)
Warning: In design 'fig8_dw_B19_mult_1141_DP_OP_360_1443_0', port 'O10[19]' is not connected to any nets. (LINT-28)
Warning: In design 'fig8_dw_B19_mult_1141_DP_OP_360_1443_0', port 'O10[18]' is not connected to any nets. (LINT-28)
Warning: In design 'fig8_dw_B19_mult_1141_DP_OP_360_1443_0', port 'O10[17]' is not connected to any nets. (LINT-28)
Warning: In design 'fig8_dw_B19_mult_1141_DP_OP_360_1443_0', port 'O10[16]' is not connected to any nets. (LINT-28)
Warning: In design 'fig8_dw_B19_mult_1141_DP_OP_360_1443_0', port 'O10[15]' is not connected to any nets. (LINT-28)
Warning: In design 'fig8_dw_B19_mult_1141_DP_OP_360_1443_0', port 'O10[14]' is not connected to any nets. (LINT-28)
Warning: In design 'fig8_dw_B19_mult_1141_DP_OP_360_1443_0', port 'O10[13]' is not connected to any nets. (LINT-28)
Warning: In design 'fig8_dw_B19_mult_1141_DP_OP_360_1443_0', port 'O10[12]' is not connected to any nets. (LINT-28)
Warning: In design 'fig8_dw_B19_mult_1141_DP_OP_360_1443_0', port 'O10[11]' is not connected to any nets. (LINT-28)
Warning: In design 'fig8_dw_B19_mult_1141_DP_OP_360_1443_0', port 'O10[10]' is not connected to any nets. (LINT-28)
Warning: In design 'fig8_dw_B19_mult_1141_DP_OP_360_1443_0', port 'O10[9]' is not connected to any nets. (LINT-28)
Warning: In design 'fig8_dw_B19_mult_1141_DP_OP_360_1443_0', port 'O10[8]' is not connected to any nets. (LINT-28)
Warning: In design 'fig8_dw_B19_mult_1141_DP_OP_360_1443_0', port 'O10[7]' is not connected to any nets. (LINT-28)
Warning: In design 'fig8_dw_B19_mult_1141_DP_OP_360_1443_0', port 'O10[6]' is not connected to any nets. (LINT-28)
Warning: In design 'fig8_dw_B19_mult_1141_DP_OP_360_1443_0', port 'O10[5]' is not connected to any nets. (LINT-28)
Warning: In design 'fig8_dw_B19_mult_1141_DP_OP_360_1443_0', port 'O10[4]' is not connected to any nets. (LINT-28)
Warning: In design 'fig8_dw_B19_mult_1141_DP_OP_360_1443_0', port 'O10[3]' is not connected to any nets. (LINT-28)
Warning: In design 'fig8_dw_B19_mult_1141_DP_OP_360_1443_0', port 'O10[2]' is not connected to any nets. (LINT-28)
Warning: In design 'fig8_dw_B19_mult_1141_DP_OP_360_1443_0', port 'O10[1]' is not connected to any nets. (LINT-28)
Warning: In design 'fig8_dw_B19_mult_1141_DP_OP_360_1443_0', port 'O10[0]' is not connected to any nets. (LINT-28)
Warning: In design 'fig8_dw_B19_DW_cmp_5', port 'B[9]' is not connected to any nets. (LINT-28)
Warning: In design 'fig8_dw_B19_DW_cmp_5', port 'B[8]' is not connected to any nets. (LINT-28)
Warning: In design 'fig8_dw_B19_DW_cmp_5', port 'B[7]' is not connected to any nets. (LINT-28)
Warning: In design 'fig8_dw_B19_DW_cmp_5', port 'B[6]' is not connected to any nets. (LINT-28)
Warning: In design 'fig8_dw_B19_DW_cmp_5', port 'B[5]' is not connected to any nets. (LINT-28)
Warning: In design 'fig8_dw_B19_DW_cmp_5', port 'B[4]' is not connected to any nets. (LINT-28)
Warning: In design 'fig8_dw_B19_DW_cmp_5', port 'B[3]' is not connected to any nets. (LINT-28)
Warning: In design 'fig8_dw_B19_DW_cmp_5', port 'B[2]' is not connected to any nets. (LINT-28)
Warning: In design 'fig8_dw_B19_DW_cmp_5', port 'B[1]' is not connected to any nets. (LINT-28)
Warning: In design 'fig8_dw_B19_DW_cmp_5', port 'B[0]' is not connected to any nets. (LINT-28)
Warning: In design 'fig8_dw_B19_DW_cmp_5', port 'TC' is not connected to any nets. (LINT-28)
Warning: In design 'fig8_dw_B19_DW_cmp_5', port 'GE_LT' is not connected to any nets. (LINT-28)
Warning: In design 'fig8_dw_B19_DW_cmp_5', port 'GE_GT_EQ' is not connected to any nets. (LINT-28)
Warning: In design 'fig8_dw_B19_DW_cmp_5', port 'EQ_NE' is not connected to any nets. (LINT-28)
Warning: In design 'fig8_dw_B19_DW_cmp_6', port 'B[9]' is not connected to any nets. (LINT-28)
Warning: In design 'fig8_dw_B19_DW_cmp_6', port 'B[8]' is not connected to any nets. (LINT-28)
Warning: In design 'fig8_dw_B19_DW_cmp_6', port 'B[7]' is not connected to any nets. (LINT-28)
Warning: In design 'fig8_dw_B19_DW_cmp_6', port 'B[6]' is not connected to any nets. (LINT-28)
Warning: In design 'fig8_dw_B19_DW_cmp_6', port 'B[5]' is not connected to any nets. (LINT-28)
Warning: In design 'fig8_dw_B19_DW_cmp_6', port 'B[4]' is not connected to any nets. (LINT-28)
Warning: In design 'fig8_dw_B19_DW_cmp_6', port 'B[3]' is not connected to any nets. (LINT-28)
Warning: In design 'fig8_dw_B19_DW_cmp_6', port 'B[2]' is not connected to any nets. (LINT-28)
Warning: In design 'fig8_dw_B19_DW_cmp_6', port 'B[1]' is not connected to any nets. (LINT-28)
Warning: In design 'fig8_dw_B19_DW_cmp_6', port 'B[0]' is not connected to any nets. (LINT-28)
Warning: In design 'fig8_dw_B19_DW_cmp_6', port 'TC' is not connected to any nets. (LINT-28)
Warning: In design 'fig8_dw_B19_DW_cmp_6', port 'GE_LT' is not connected to any nets. (LINT-28)
Warning: In design 'fig8_dw_B19_DW_cmp_6', port 'GE_GT_EQ' is not connected to any nets. (LINT-28)
Warning: In design 'fig8_dw_B19_DW_cmp_6', port 'EQ_NE' is not connected to any nets. (LINT-28)
Warning: In design 'fig8_dw_B19_DW_cmp_7', port 'A[8]' is not connected to any nets. (LINT-28)
Warning: In design 'fig8_dw_B19_DW_cmp_7', port 'A[7]' is not connected to any nets. (LINT-28)
Warning: In design 'fig8_dw_B19_DW_cmp_7', port 'A[6]' is not connected to any nets. (LINT-28)
Warning: In design 'fig8_dw_B19_DW_cmp_7', port 'A[5]' is not connected to any nets. (LINT-28)
Warning: In design 'fig8_dw_B19_DW_cmp_7', port 'A[4]' is not connected to any nets. (LINT-28)
Warning: In design 'fig8_dw_B19_DW_cmp_7', port 'A[3]' is not connected to any nets. (LINT-28)
Warning: In design 'fig8_dw_B19_DW_cmp_7', port 'A[2]' is not connected to any nets. (LINT-28)
Warning: In design 'fig8_dw_B19_DW_cmp_7', port 'A[1]' is not connected to any nets. (LINT-28)
Warning: In design 'fig8_dw_B19_DW_cmp_7', port 'A[0]' is not connected to any nets. (LINT-28)
Warning: In design 'fig8_dw_B19_DW_cmp_7', port 'B[9]' is not connected to any nets. (LINT-28)
Warning: In design 'fig8_dw_B19_DW_cmp_7', port 'B[8]' is not connected to any nets. (LINT-28)
Warning: In design 'fig8_dw_B19_DW_cmp_7', port 'B[7]' is not connected to any nets. (LINT-28)
Warning: In design 'fig8_dw_B19_DW_cmp_7', port 'B[6]' is not connected to any nets. (LINT-28)
Warning: In design 'fig8_dw_B19_DW_cmp_7', port 'B[5]' is not connected to any nets. (LINT-28)
Warning: In design 'fig8_dw_B19_DW_cmp_7', port 'B[4]' is not connected to any nets. (LINT-28)
Warning: In design 'fig8_dw_B19_DW_cmp_7', port 'B[3]' is not connected to any nets. (LINT-28)
Warning: In design 'fig8_dw_B19_DW_cmp_7', port 'B[2]' is not connected to any nets. (LINT-28)
Warning: In design 'fig8_dw_B19_DW_cmp_7', port 'B[1]' is not connected to any nets. (LINT-28)
Warning: In design 'fig8_dw_B19_DW_cmp_7', port 'B[0]' is not connected to any nets. (LINT-28)
Warning: In design 'fig8_dw_B19_DW_cmp_7', port 'TC' is not connected to any nets. (LINT-28)
Warning: In design 'fig8_dw_B19_DW_cmp_7', port 'GE_LT' is not connected to any nets. (LINT-28)
Warning: In design 'fig8_dw_B19_DW_cmp_7', port 'GE_GT_EQ' is not connected to any nets. (LINT-28)
Warning: In design 'fig8_dw_B19_DW_cmp_7', port 'EQ_NE' is not connected to any nets. (LINT-28)
Warning: In design 'fig8_dw_d4', a pin on submodule 'core' is connected to logic 1 or logic 0. (LINT-32)
   Pin 'x[3]' is connected to logic 0. 
Warning: In design 'fig8_dw_d4', a pin on submodule 'core' is connected to logic 1 or logic 0. (LINT-32)
   Pin 'x[2]' is connected to logic 0. 
Warning: In design 'fig8_dw_d4', a pin on submodule 'core' is connected to logic 1 or logic 0. (LINT-32)
   Pin 'x[1]' is connected to logic 0. 
Warning: In design 'fig8_dw_d4', a pin on submodule 'core' is connected to logic 1 or logic 0. (LINT-32)
   Pin 'x[0]' is connected to logic 0. 
Warning: In design 'fig8_dw_d4', a pin on submodule 'core' is connected to logic 1 or logic 0. (LINT-32)
   Pin 'y[3]' is connected to logic 0. 
Warning: In design 'fig8_dw_d4', a pin on submodule 'core' is connected to logic 1 or logic 0. (LINT-32)
   Pin 'y[2]' is connected to logic 0. 
Warning: In design 'fig8_dw_d4', a pin on submodule 'core' is connected to logic 1 or logic 0. (LINT-32)
   Pin 'y[1]' is connected to logic 0. 
Warning: In design 'fig8_dw_d4', a pin on submodule 'core' is connected to logic 1 or logic 0. (LINT-32)
   Pin 'y[0]' is connected to logic 0. 
Warning: In design 'fig8_dw_B19', the same net is connected to more than one pin on submodule 'core'. (LINT-33)
   Net 'n1' is connected to pins 'rnd[2]', 'rnd[1]''.
Warning: In design 'fig8_dw_B19_DW_fp_div_1', the same net is connected to more than one pin on submodule 'lt_1198'. (LINT-33)
   Net 'n19' is connected to pins 'A[19]', 'B[19]'', 'GE_LT'.
Warning: In design 'fig8_dw_B19_DW_fp_div_1', the same net is connected to more than one pin on submodule 'lt_1198'. (LINT-33)
   Net 'n18' is connected to pins 'TC', 'GE_GT_EQ''.
Warning: In design 'fig8_dw_B19_DW_fp_div_1', the same net is connected to more than one pin on submodule 'mult_916'. (LINT-33)
   Net 'n19' is connected to pins 'a[8]', 'b[20]''.
Warning: In design 'fig8_dw_B19_DW_fp_div_1', the same net is connected to more than one pin on submodule 'mult_922'. (LINT-33)
   Net 'n19' is connected to pins 'a[20]', 'b[8]''.
Warning: In design 'fig8_dw_B19_DW_fp_div_1', the same net is connected to more than one pin on submodule 'mult_996'. (LINT-33)
   Net 'GEN_2_de[21]' is connected to pins 'a[9]', 'b[9]''.
Warning: In design 'fig8_dw_B19_DW_fp_div_1', the same net is connected to more than one pin on submodule 'mult_996'. (LINT-33)
   Net 'GEN_2_de[20]' is connected to pins 'a[8]', 'b[8]''.
Warning: In design 'fig8_dw_B19_DW_fp_div_1', the same net is connected to more than one pin on submodule 'mult_996'. (LINT-33)
   Net 'GEN_2_de[19]' is connected to pins 'a[7]', 'b[7]''.
Warning: In design 'fig8_dw_B19_DW_fp_div_1', the same net is connected to more than one pin on submodule 'mult_996'. (LINT-33)
   Net 'GEN_2_de[18]' is connected to pins 'a[6]', 'b[6]''.
Warning: In design 'fig8_dw_B19_DW_fp_div_1', the same net is connected to more than one pin on submodule 'mult_996'. (LINT-33)
   Net 'GEN_2_de[17]' is connected to pins 'a[5]', 'b[5]''.
Warning: In design 'fig8_dw_B19_DW_fp_div_1', the same net is connected to more than one pin on submodule 'mult_996'. (LINT-33)
   Net 'GEN_2_de[16]' is connected to pins 'a[4]', 'b[4]''.
Warning: In design 'fig8_dw_B19_DW_fp_div_1', the same net is connected to more than one pin on submodule 'mult_996'. (LINT-33)
   Net 'GEN_2_de[15]' is connected to pins 'a[3]', 'b[3]''.
Warning: In design 'fig8_dw_B19_DW_fp_div_1', the same net is connected to more than one pin on submodule 'mult_996'. (LINT-33)
   Net 'GEN_2_de[14]' is connected to pins 'a[2]', 'b[2]''.
Warning: In design 'fig8_dw_B19_DW_fp_div_1', the same net is connected to more than one pin on submodule 'mult_996'. (LINT-33)
   Net 'GEN_2_de[13]' is connected to pins 'a[1]', 'b[1]''.
Warning: In design 'fig8_dw_B19_DW_fp_div_1', the same net is connected to more than one pin on submodule 'mult_996'. (LINT-33)
   Net 'GEN_2_de[12]' is connected to pins 'a[0]', 'b[0]''.
Warning: In design 'fig8_dw_B19_DW_fp_div_1', the same net is connected to more than one pin on submodule 'eq_895'. (LINT-33)
   Net 'n19' is connected to pins 'A[19]', 'B[19]'', 'GE_GT_EQ'.
Warning: In design 'fig8_dw_B19_DW_fp_div_1', the same net is connected to more than one pin on submodule 'eq_895'. (LINT-33)
   Net 'n18' is connected to pins 'TC', 'GE_LT''.
Warning: In design 'fig8_dw_B19_DW_fp_div_1', the same net is connected to more than one pin on submodule 'add_1135'. (LINT-33)
   Net 'n18' is connected to pins 'A[21]', 'B[21]'', 'B[20]', 'B[19]', 'B[18]', 'B[17]', 'B[16]', 'B[15]', 'B[14]', 'B[13]', 'B[12]', 'B[11]', 'B[10]', 'B[9]', 'B[8]', 'B[7]', 'B[6]', 'B[5]', 'B[4]', 'B[3]', 'B[2]', 'B[0]', 'CI'.
Warning: In design 'fig8_dw_B19_DW_fp_div_1', the same net is connected to more than one pin on submodule 'mult_947_DP_OP_362_8879_14'. (LINT-33)
   Net 'GEN_2_q0[29]' is connected to pins 'I1[19]', 'I3[26]''.
Warning: In design 'fig8_dw_B19_DW_fp_div_1', the same net is connected to more than one pin on submodule 'mult_947_DP_OP_362_8879_14'. (LINT-33)
   Net 'GEN_2_q0[28]' is connected to pins 'I1[18]', 'I3[25]''.
Warning: In design 'fig8_dw_B19_DW_fp_div_1', the same net is connected to more than one pin on submodule 'mult_947_DP_OP_362_8879_14'. (LINT-33)
   Net 'n238' is connected to pins 'I1[17]', 'I3[24]''.
Warning: In design 'fig8_dw_B19_DW_fp_div_1', the same net is connected to more than one pin on submodule 'mult_947_DP_OP_362_8879_14'. (LINT-33)
   Net 'GEN_2_q0[26]' is connected to pins 'I1[16]', 'I3[23]''.
Warning: In design 'fig8_dw_B19_DW_fp_div_1', the same net is connected to more than one pin on submodule 'mult_947_DP_OP_362_8879_14'. (LINT-33)
   Net 'n237' is connected to pins 'I1[15]', 'I3[22]''.
Warning: In design 'fig8_dw_B19_DW_fp_div_1', the same net is connected to more than one pin on submodule 'mult_947_DP_OP_362_8879_14'. (LINT-33)
   Net 'GEN_2_q0[24]' is connected to pins 'I1[14]', 'I3[21]''.
Warning: In design 'fig8_dw_B19_DW_fp_div_1', the same net is connected to more than one pin on submodule 'mult_947_DP_OP_362_8879_14'. (LINT-33)
   Net 'n236' is connected to pins 'I1[13]', 'I3[20]''.
Warning: In design 'fig8_dw_B19_DW_fp_div_1', the same net is connected to more than one pin on submodule 'mult_947_DP_OP_362_8879_14'. (LINT-33)
   Net 'GEN_2_q0[22]' is connected to pins 'I1[12]', 'I3[19]''.
Warning: In design 'fig8_dw_B19_DW_fp_div_1', the same net is connected to more than one pin on submodule 'mult_947_DP_OP_362_8879_14'. (LINT-33)
   Net 'GEN_2_q0[21]' is connected to pins 'I1[11]', 'I3[18]''.
Warning: In design 'fig8_dw_B19_DW_fp_div_1', the same net is connected to more than one pin on submodule 'mult_947_DP_OP_362_8879_14'. (LINT-33)
   Net 'GEN_2_q0[20]' is connected to pins 'I1[10]', 'I3[17]''.
Warning: In design 'fig8_dw_B19_DW_fp_div_1', the same net is connected to more than one pin on submodule 'mult_947_DP_OP_362_8879_14'. (LINT-33)
   Net 'GEN_2_q0[19]' is connected to pins 'I1[9]', 'I3[16]''.
Warning: In design 'fig8_dw_B19_DW_fp_div_1', the same net is connected to more than one pin on submodule 'mult_947_DP_OP_362_8879_14'. (LINT-33)
   Net 'GEN_2_q0[18]' is connected to pins 'I1[8]', 'I3[15]''.
Warning: In design 'fig8_dw_B19_DW_fp_div_1', the same net is connected to more than one pin on submodule 'mult_947_DP_OP_362_8879_14'. (LINT-33)
   Net 'GEN_2_q0[17]' is connected to pins 'I1[7]', 'I3[14]''.
Warning: In design 'fig8_dw_B19_DW_fp_div_1', the same net is connected to more than one pin on submodule 'mult_947_DP_OP_362_8879_14'. (LINT-33)
   Net 'GEN_2_q0[16]' is connected to pins 'I1[6]', 'I3[13]''.
Warning: In design 'fig8_dw_B19_DW_fp_div_1', the same net is connected to more than one pin on submodule 'mult_947_DP_OP_362_8879_14'. (LINT-33)
   Net 'GEN_2_q0[15]' is connected to pins 'I1[5]', 'I3[12]''.
Warning: In design 'fig8_dw_B19_DW_fp_div_1', the same net is connected to more than one pin on submodule 'mult_947_DP_OP_362_8879_14'. (LINT-33)
   Net 'GEN_2_q0[14]' is connected to pins 'I1[4]', 'I3[11]''.
Warning: In design 'fig8_dw_B19_DW_fp_div_1', the same net is connected to more than one pin on submodule 'mult_947_DP_OP_362_8879_14'. (LINT-33)
   Net 'GEN_2_q0[13]' is connected to pins 'I1[3]', 'I3[10]''.
Warning: In design 'fig8_dw_B19_DW_fp_div_1', the same net is connected to more than one pin on submodule 'mult_947_DP_OP_362_8879_14'. (LINT-33)
   Net 'GEN_2_q0[12]' is connected to pins 'I1[2]', 'I3[9]''.
Warning: In design 'fig8_dw_B19_DW_fp_div_1', the same net is connected to more than one pin on submodule 'mult_947_DP_OP_362_8879_14'. (LINT-33)
   Net 'n235' is connected to pins 'I1[1]', 'I3[8]''.
Warning: In design 'fig8_dw_B19_DW_fp_div_1', the same net is connected to more than one pin on submodule 'mult_947_DP_OP_362_8879_14'. (LINT-33)
   Net 'GEN_2_q0[10]' is connected to pins 'I1[0]', 'I3[7]''.
Warning: In design 'fig8_dw_B19_DW_fp_div_1', the same net is connected to more than one pin on submodule 'mult_998_DP_OP_361_4113_15'. (LINT-33)
   Net 'GEN_2_x1_pre_31[26]' is connected to pins 'I1[9]', 'I3[23]''.
Warning: In design 'fig8_dw_B19_DW_fp_div_1', the same net is connected to more than one pin on submodule 'mult_998_DP_OP_361_4113_15'. (LINT-33)
   Net 'GEN_2_x1_pre_31[25]' is connected to pins 'I1[8]', 'I3[22]''.
Warning: In design 'fig8_dw_B19_DW_fp_div_1', the same net is connected to more than one pin on submodule 'mult_998_DP_OP_361_4113_15'. (LINT-33)
   Net 'GEN_2_x1_pre_31[24]' is connected to pins 'I1[7]', 'I3[21]''.
Warning: In design 'fig8_dw_B19_DW_fp_div_1', the same net is connected to more than one pin on submodule 'mult_998_DP_OP_361_4113_15'. (LINT-33)
   Net 'GEN_2_x1_pre_31[23]' is connected to pins 'I1[6]', 'I3[20]''.
Warning: In design 'fig8_dw_B19_DW_fp_div_1', the same net is connected to more than one pin on submodule 'mult_998_DP_OP_361_4113_15'. (LINT-33)
   Net 'GEN_2_x1_pre_31[22]' is connected to pins 'I1[5]', 'I3[19]''.
Warning: In design 'fig8_dw_B19_DW_fp_div_1', the same net is connected to more than one pin on submodule 'mult_998_DP_OP_361_4113_15'. (LINT-33)
   Net 'GEN_2_x1_pre_31[21]' is connected to pins 'I1[4]', 'I3[18]''.
Warning: In design 'fig8_dw_B19_DW_fp_div_1', the same net is connected to more than one pin on submodule 'mult_998_DP_OP_361_4113_15'. (LINT-33)
   Net 'GEN_2_x1_pre_31[20]' is connected to pins 'I1[3]', 'I3[17]''.
Warning: In design 'fig8_dw_B19_DW_fp_div_1', the same net is connected to more than one pin on submodule 'mult_998_DP_OP_361_4113_15'. (LINT-33)
   Net 'GEN_2_x1_pre_31[19]' is connected to pins 'I1[2]', 'I3[16]''.
Warning: In design 'fig8_dw_B19_DW_fp_div_1', the same net is connected to more than one pin on submodule 'mult_998_DP_OP_361_4113_15'. (LINT-33)
   Net 'GEN_2_x1_pre_31[18]' is connected to pins 'I1[1]', 'I3[15]''.
Warning: In design 'fig8_dw_B19_DW_fp_div_1', the same net is connected to more than one pin on submodule 'mult_998_DP_OP_361_4113_15'. (LINT-33)
   Net 'GEN_2_x1_pre_31[17]' is connected to pins 'I1[0]', 'I3[14]''.
Warning: In design 'fig8_dw_B19_DW_fp_div_1', the same net is connected to more than one pin on submodule 'mult_1141_DP_OP_360_1443_16'. (LINT-33)
   Net 'n18' is connected to pins 'I2[0]', 'I3[0]''.
Warning: In design 'fig8_dw_B19_DW_fp_div_1', the same net is connected to more than one pin on submodule 'r584'. (LINT-33)
   Net 'n18' is connected to pins 'B[9]', 'B[8]'', 'B[7]', 'B[6]', 'B[5]', 'B[4]', 'B[3]', 'B[2]', 'B[1]', 'B[0]', 'GE_LT', 'GE_GT_EQ'.
Warning: In design 'fig8_dw_B19_DW_fp_div_1', the same net is connected to more than one pin on submodule 'gte_1316'. (LINT-33)
   Net 'n18' is connected to pins 'B[9]', 'B[8]''.
Warning: In design 'fig8_dw_B19_DW_fp_div_1', the same net is connected to more than one pin on submodule 'gte_1316'. (LINT-33)
   Net 'n19' is connected to pins 'B[7]', 'B[6]'', 'B[5]', 'B[4]', 'B[3]', 'B[2]', 'B[1]', 'B[0]', 'TC', 'GE_LT', 'GE_GT_EQ'.
Warning: In design 'fig8_dw_B19_DW_fp_div_1', the same net is connected to more than one pin on submodule 'gte_1316_2'. (LINT-33)
   Net 'n18' is connected to pins 'B[9]', 'B[8]'', 'B[7]', 'B[6]', 'B[5]', 'B[4]', 'B[3]', 'B[2]', 'B[1]', 'B[0]'.
Warning: In design 'fig8_dw_B19_DW_fp_div_1', the same net is connected to more than one pin on submodule 'gte_1316_2'. (LINT-33)
   Net 'n19' is connected to pins 'TC', 'GE_LT'', 'GE_GT_EQ'.
1
 
****************************************
Report : area
Design : fig8_dw_d4
Version: U-2022.12-SP7
Date   : Sat Sep  5 13:22:50 2026
****************************************

Library(s) Used:

    tcbn65gplustc_ccs (File: /courses/ee6350/pdk2025/tcbn65gplus/TSMCHOME/digital/Front_End/timing_power_noise/CCS/tcbn65gplus_200a/tcbn65gplustc_ccs.db)

Number of ports:                          988
Number of nets:                          6197
Number of cells:                         5245
Number of combinational cells:           5221
Number of sequential cells:                 0
Number of macros/black boxes:               0
Number of buf/inv:                       1272
Number of references:                       4

Combinational area:              14384.520075
Buf/Inv area:                     1390.320055
Noncombinational area:               0.000000
Macro/Black Box area:                0.000000
Net Interconnect area:      undefined  (Wire load has zero net area)

Total cell area:                 14384.520075
Total area:                 undefined
1
 
****************************************
Report : area
Design : fig8_dw_d4
Version: U-2022.12-SP7
Date   : Sat Sep  5 13:22:50 2026
****************************************

Library(s) Used:

    tcbn65gplustc_ccs (File: /courses/ee6350/pdk2025/tcbn65gplus/TSMCHOME/digital/Front_End/timing_power_noise/CCS/tcbn65gplus_200a/tcbn65gplustc_ccs.db)

Number of ports:                          988
Number of nets:                          6197
Number of cells:                         5245
Number of combinational cells:           5221
Number of sequential cells:                 0
Number of macros/black boxes:               0
Number of buf/inv:                       1272
Number of references:                       4

Combinational area:              14384.520075
Buf/Inv area:                     1390.320055
Noncombinational area:               0.000000
Macro/Black Box area:                0.000000
Net Interconnect area:      undefined  (Wire load has zero net area)

Total cell area:                 14384.520075
Total area:                 undefined

Hierarchical area distribution
------------------------------

                                  Global cell area            Local cell area
                                  -------------------  ----------------------------- 
Hierarchical cell                 Absolute    Percent  Combi-      Noncombi-  Black-
                                  Total       Total    national    national   boxes   Design
--------------------------------  ----------  -------  ----------  ---------  ------  ------------------------------------------------
fig8_dw_d4                        14384.5201    100.0     47.8800     0.0000  0.0000  fig8_dw_d4
core                              14336.6401     99.7      6.4800     0.0000  0.0000  fig8_dw_B19
core/core                         14330.1601     99.6   1409.4000     0.0000  0.0000  fig8_dw_B19_DW_fp_div_1
core/core/add_1134                  116.2800      0.8    116.2800     0.0000  0.0000  fig8_dw_B19_DW01_inc_0
core/core/add_1135                  105.1200      0.7    105.1200     0.0000  0.0000  fig8_dw_B19_DW01_add_36
core/core/eq_895                     87.1200      0.6     87.1200     0.0000  0.0000  fig8_dw_B19_DW_cmp_4
core/core/gte_1316                   11.8800      0.1     11.8800     0.0000  0.0000  fig8_dw_B19_DW_cmp_6
core/core/gte_1316_2                  1.0800      0.0      1.0800     0.0000  0.0000  fig8_dw_B19_DW_cmp_7
core/core/lt_1198                   132.1200      0.9    132.1200     0.0000  0.0000  fig8_dw_B19_DW_cmp_3
core/core/mult_1141_DP_OP_360_1443_16
                                   3016.0800     21.0   3016.0800     0.0000  0.0000  fig8_dw_B19_mult_1141_DP_OP_360_1443_0
core/core/mult_916                 1401.8400      9.7   1401.8400     0.0000  0.0000  fig8_dw_B19_DW_mult_uns_0
core/core/mult_922                 1105.9200      7.7   1105.9200     0.0000  0.0000  fig8_dw_B19_DW_mult_uns_1
core/core/mult_947_DP_OP_362_8879_14
                                   4755.9600     33.1   4755.9600     0.0000  0.0000  fig8_dw_B19_mult_947_DP_OP_362_8879_0
core/core/mult_996                  444.6000      3.1    444.6000     0.0000  0.0000  fig8_dw_B19_DW_mult_uns_2
core/core/mult_998_DP_OP_361_4113_15
                                   1562.0400     10.9   1562.0400     0.0000  0.0000  fig8_dw_B19_mult_998_DP_OP_361_4113_0
core/core/r584                       10.0800      0.1     10.0800     0.0000  0.0000  fig8_dw_B19_DW_cmp_5
core/core/sub_0_root_sub_1207_DP_OP_363_3935_13
                                    170.6400      1.2    170.6400     0.0000  0.0000  fig8_dw_B19_sub_0_root_sub_1207_DP_OP_363_3935_0
--------------------------------  ----------  -------  ----------  ---------  ------  ------------------------------------------------
Total                                                  14384.5201     0.0000  0.0000

1
Information: Propagating switching activity (medium effort zero delay simulation). (PWR-6)
Warning: Design has unannotated primary inputs. (PWR-414)
 
****************************************
Report : power
        -hier
        -analysis_effort medium
        -verbose
Design : fig8_dw_d4
Version: U-2022.12-SP7
Date   : Sat Sep  5 13:22:50 2026
****************************************


Library(s) Used:

    tcbn65gplustc_ccs (File: /courses/ee6350/pdk2025/tcbn65gplus/TSMCHOME/digital/Front_End/timing_power_noise/CCS/tcbn65gplus_200a/tcbn65gplustc_ccs.db)


Operating Conditions: NCCOM   Library: tcbn65gplustc_ccs
Wire Load Model Mode: segmented

Design        Wire Load Model            Library
------------------------------------------------
fig8_dw_d4             ZeroWireload      tcbn65gplustc_ccs
fig8_dw_B19            ZeroWireload      tcbn65gplustc_ccs
fig8_dw_B19_DW_fp_div_1
                       ZeroWireload      tcbn65gplustc_ccs
fig8_dw_B19_DW_cmp_3   ZeroWireload      tcbn65gplustc_ccs
fig8_dw_B19_DW_mult_uns_0
                       ZeroWireload      tcbn65gplustc_ccs
fig8_dw_B19_DW_mult_uns_1
                       ZeroWireload      tcbn65gplustc_ccs
fig8_dw_B19_DW_mult_uns_2
                       ZeroWireload      tcbn65gplustc_ccs
fig8_dw_B19_DW01_inc_0 ZeroWireload      tcbn65gplustc_ccs
fig8_dw_B19_DW_cmp_4   ZeroWireload      tcbn65gplustc_ccs
fig8_dw_B19_DW01_add_36
                       ZeroWireload      tcbn65gplustc_ccs
fig8_dw_B19_sub_0_root_sub_1207_DP_OP_363_3935_0
                       ZeroWireload      tcbn65gplustc_ccs
fig8_dw_B19_mult_947_DP_OP_362_8879_0
                       ZeroWireload      tcbn65gplustc_ccs
fig8_dw_B19_mult_998_DP_OP_361_4113_0
                       ZeroWireload      tcbn65gplustc_ccs
fig8_dw_B19_mult_1141_DP_OP_360_1443_0
                       ZeroWireload      tcbn65gplustc_ccs
fig8_dw_B19_DW_cmp_5   ZeroWireload      tcbn65gplustc_ccs
fig8_dw_B19_DW_cmp_6   ZeroWireload      tcbn65gplustc_ccs
fig8_dw_B19_DW_cmp_7   ZeroWireload      tcbn65gplustc_ccs


Global Operating Voltage = 1    
Power-specific unit information :
    Voltage Units = 1V
    Capacitance Units = 1.000000pf
    Time Units = 1ns
    Dynamic Power Units = 1mW    (derived from V,C,T units)
    Leakage Power Units = 1nW


--------------------------------------------------------------------------------
                                       Switch   Int      Leak     Total
Hierarchy                              Power    Power    Power    Power    %
--------------------------------------------------------------------------------
fig8_dw_d4                                0.389    0.706 7.91e+04    1.174 100.0
  core (fig8_dw_B19)                      0.386    0.705 7.87e+04    1.170  99.7
    core (fig8_dw_B19_DW_fp_div_1)        0.386    0.705 7.87e+04    1.169  99.6
1
 
****************************************
Report : constraint
        -all_violators
        -verbose
Design : fig8_dw_d4
Version: U-2022.12-SP7
Date   : Sat Sep  5 13:22:51 2026
****************************************


    Design: fig8_dw_d4

    max_area               0.00
  - Current Area       14384.52
  ------------------------------
    Slack              -14384.52  (VIOLATED)


1
