 
****************************************
Report : timing
        -path full
        -delay max
        -nworst 10
        -max_paths 10
Design : oadm_fixed_l2_div_specialized_paceio
Version: U-2022.12-SP7
Date   : Wed Sep  2 19:54:12 2026
****************************************

Operating Conditions: NCCOM   Library: tcbn65gplustc_ccs
Wire Load Model Mode: segmented

  Startpoint: y[22] (input port clocked by vclk)
  Endpoint: result[30] (output port clocked by vclk)
  Path Group: vclk
  Path Type: max

  Des/Clust/Port     Wire Load Model       Library
  ------------------------------------------------
  oadm_fixed_l2_div_specialized_paceio ZeroWireload tcbn65gplustc_ccs

  Point                                      Incr       Path
  -------------------------------------------------------------
  clock vclk (rise edge)                     0.00       0.00
  clock network delay (ideal)                0.00       0.00
  input external delay                       0.02       0.02 f
  y[22] (in)                                 0.00       0.02 f
  U73/ZN (INVD0)                             0.04       0.06 r
  U111/ZN (NR2XD0)                           0.10       0.16 f
  U175/ZN (INVD0)                            0.18       0.34 r
  U177/ZN (CKND2D0)                          0.22       0.56 f
  U179/ZN (CKND2D0)                          0.08       0.64 r
  U180/ZN (OAI221D0)                         0.08       0.72 f
  U358/ZN (INVD0)                            0.04       0.76 r
  U359/ZN (NR2D0)                            0.03       0.79 f
  U394/ZN (AOI21D0)                          0.06       0.84 r
  U397/ZN (CKND2D0)                          0.05       0.89 f
  U398/ZN (OAI21D0)                          0.04       0.94 r
  DP_OP_54J1_124_3157_U391/S (CMPE42D1)      0.13       1.06 f
  intadd_0_U25/CO (FA1D0)                    0.10       1.16 f
  intadd_0_U24/CO (FA1D0)                    0.06       1.22 f
  intadd_0_U23/CO (FA1D0)                    0.06       1.27 f
  intadd_0_U22/CO (FA1D0)                    0.06       1.33 f
  intadd_0_U21/CO (FA1D0)                    0.06       1.39 f
  intadd_0_U20/CO (FA1D0)                    0.06       1.44 f
  intadd_0_U19/CO (FA1D0)                    0.06       1.50 f
  intadd_0_U18/CO (FA1D0)                    0.06       1.55 f
  intadd_0_U17/CO (FA1D0)                    0.06       1.61 f
  intadd_0_U16/CO (FA1D0)                    0.06       1.66 f
  intadd_0_U15/CO (FA1D0)                    0.06       1.72 f
  intadd_0_U14/CO (FA1D0)                    0.06       1.77 f
  intadd_0_U13/CO (FA1D0)                    0.06       1.83 f
  intadd_0_U12/CO (FA1D0)                    0.06       1.88 f
  intadd_0_U11/CO (FA1D0)                    0.06       1.95 f
  U201/CO (CMPE42D1)                         0.08       2.03 f
  U457/S (CMPE42D1)                          0.11       2.14 r
  U338/ZN (INVD0)                            0.02       2.16 f
  U385/ZN (NR2D0)                            0.05       2.21 r
  DP_OP_54J1_124_3157_U59/S (CMPE42D1)       0.12       2.33 r
  U417/ZN (INVD0)                            0.02       2.34 f
  intadd_1_U12/CO (FA1D0)                    0.10       2.44 f
  intadd_1_U11/CO (FA1D0)                    0.06       2.50 f
  intadd_1_U10/CO (FA1D0)                    0.06       2.55 f
  intadd_1_U9/CO (FA1D0)                     0.06       2.61 f
  intadd_1_U8/CO (FA1D0)                     0.06       2.66 f
  intadd_1_U7/CO (FA1D0)                     0.06       2.72 f
  intadd_1_U6/CO (FA1D0)                     0.06       2.77 f
  intadd_1_U5/CO (FA1D0)                     0.06       2.83 f
  intadd_1_U4/CO (FA1D0)                     0.06       2.89 f
  intadd_1_U3/CO (FA1D0)                     0.06       2.94 f
  intadd_1_U2/CO (FA1D0)                     0.06       3.00 f
  U121/Z (CKXOR2D1)                          0.15       3.15 r
  U142/ZN (CKND2D0)                          0.22       3.37 f
  DP_OP_56J1_125_5844_U12/CO (FA1D0)         0.13       3.50 f
  U125/Z (OR2D0)                             0.05       3.55 f
  U128/Z (OR2D0)                             0.05       3.60 f
  U131/Z (OR2D0)                             0.06       3.66 f
  U134/Z (OR2D0)                             0.06       3.72 f
  U83/ZN (NR2D0)                             0.04       3.76 r
  U79/Z (CKXOR2D0)                           0.06       3.82 f
  U141/Z (MUX2D0)                            0.07       3.89 f
  result[30] (out)                           0.00       3.89 f
  data arrival time                                     3.89

  clock vclk (rise edge)                    10.00      10.00
  clock network delay (ideal)                0.00      10.00
  output external delay                     -0.02       9.98
  data required time                                    9.98
  -------------------------------------------------------------
  data required time                                    9.98
  data arrival time                                    -3.89
  -------------------------------------------------------------
  slack (MET)                                           6.09


  Startpoint: y[22] (input port clocked by vclk)
  Endpoint: result[30] (output port clocked by vclk)
  Path Group: vclk
  Path Type: max

  Des/Clust/Port     Wire Load Model       Library
  ------------------------------------------------
  oadm_fixed_l2_div_specialized_paceio ZeroWireload tcbn65gplustc_ccs

  Point                                      Incr       Path
  -------------------------------------------------------------
  clock vclk (rise edge)                     0.00       0.00
  clock network delay (ideal)                0.00       0.00
  input external delay                       0.02       0.02 f
  y[22] (in)                                 0.00       0.02 f
  U73/ZN (INVD0)                             0.04       0.06 r
  U111/ZN (NR2XD0)                           0.10       0.16 f
  U175/ZN (INVD0)                            0.18       0.34 r
  U177/ZN (CKND2D0)                          0.22       0.56 f
  U179/ZN (CKND2D0)                          0.08       0.64 r
  U180/ZN (OAI221D0)                         0.08       0.72 f
  U358/ZN (INVD0)                            0.04       0.76 r
  U359/ZN (NR2D0)                            0.03       0.79 f
  U394/ZN (AOI21D0)                          0.06       0.84 r
  U397/ZN (CKND2D0)                          0.05       0.89 f
  U398/ZN (OAI21D0)                          0.04       0.94 r
  DP_OP_54J1_124_3157_U391/S (CMPE42D1)      0.13       1.06 f
  intadd_0_U25/CO (FA1D0)                    0.10       1.16 f
  intadd_0_U24/CO (FA1D0)                    0.06       1.22 f
  intadd_0_U23/CO (FA1D0)                    0.06       1.27 f
  intadd_0_U22/CO (FA1D0)                    0.06       1.33 f
  intadd_0_U21/CO (FA1D0)                    0.06       1.39 f
  intadd_0_U20/CO (FA1D0)                    0.06       1.44 f
  intadd_0_U19/CO (FA1D0)                    0.06       1.50 f
  intadd_0_U18/CO (FA1D0)                    0.06       1.55 f
  intadd_0_U17/CO (FA1D0)                    0.06       1.61 f
  intadd_0_U16/CO (FA1D0)                    0.06       1.66 f
  intadd_0_U15/CO (FA1D0)                    0.06       1.72 f
  intadd_0_U14/CO (FA1D0)                    0.06       1.77 f
  intadd_0_U13/CO (FA1D0)                    0.06       1.83 f
  intadd_0_U12/CO (FA1D0)                    0.06       1.88 f
  intadd_0_U11/CO (FA1D0)                    0.06       1.95 f
  U201/CO (CMPE42D1)                         0.08       2.03 f
  U457/S (CMPE42D1)                          0.11       2.14 r
  U338/ZN (INVD0)                            0.02       2.16 f
  U385/ZN (NR2D0)                            0.05       2.21 r
  DP_OP_54J1_124_3157_U59/S (CMPE42D1)       0.12       2.33 r
  U417/ZN (INVD0)                            0.02       2.34 f
  intadd_1_U12/CO (FA1D0)                    0.10       2.44 f
  intadd_1_U11/CO (FA1D0)                    0.06       2.50 f
  intadd_1_U10/CO (FA1D0)                    0.06       2.55 f
  intadd_1_U9/CO (FA1D0)                     0.06       2.61 f
  intadd_1_U8/CO (FA1D0)                     0.06       2.66 f
  intadd_1_U7/CO (FA1D0)                     0.06       2.72 f
  intadd_1_U6/CO (FA1D0)                     0.06       2.77 f
  intadd_1_U5/CO (FA1D0)                     0.06       2.83 f
  intadd_1_U4/CO (FA1D0)                     0.06       2.89 f
  intadd_1_U3/CO (FA1D0)                     0.06       2.94 f
  intadd_1_U2/CO (FA1D0)                     0.06       3.00 f
  U121/Z (CKXOR2D1)                          0.15       3.15 r
  U142/ZN (CKND2D0)                          0.22       3.37 f
  DP_OP_56J1_125_5844_U12/CO (FA1D0)         0.13       3.50 f
  U125/Z (OR2D0)                             0.05       3.55 f
  U128/Z (OR2D0)                             0.05       3.60 f
  U131/Z (OR2D0)                             0.06       3.66 f
  U134/Z (OR2D0)                             0.06       3.72 f
  U83/ZN (NR2D0)                             0.04       3.76 r
  U79/Z (CKXOR2D0)                           0.06       3.82 f
  U141/Z (MUX2D0)                            0.07       3.89 f
  result[30] (out)                           0.00       3.89 f
  data arrival time                                     3.89

  clock vclk (rise edge)                    10.00      10.00
  clock network delay (ideal)                0.00      10.00
  output external delay                     -0.02       9.98
  data required time                                    9.98
  -------------------------------------------------------------
  data required time                                    9.98
  data arrival time                                    -3.89
  -------------------------------------------------------------
  slack (MET)                                           6.09


  Startpoint: y[22] (input port clocked by vclk)
  Endpoint: result[30] (output port clocked by vclk)
  Path Group: vclk
  Path Type: max

  Des/Clust/Port     Wire Load Model       Library
  ------------------------------------------------
  oadm_fixed_l2_div_specialized_paceio ZeroWireload tcbn65gplustc_ccs

  Point                                      Incr       Path
  -------------------------------------------------------------
  clock vclk (rise edge)                     0.00       0.00
  clock network delay (ideal)                0.00       0.00
  input external delay                       0.02       0.02 f
  y[22] (in)                                 0.00       0.02 f
  U73/ZN (INVD0)                             0.04       0.06 r
  U111/ZN (NR2XD0)                           0.10       0.16 f
  U175/ZN (INVD0)                            0.18       0.34 r
  U177/ZN (CKND2D0)                          0.22       0.56 f
  U179/ZN (CKND2D0)                          0.08       0.64 r
  U180/ZN (OAI221D0)                         0.08       0.72 f
  U358/ZN (INVD0)                            0.04       0.76 r
  U359/ZN (NR2D0)                            0.03       0.79 f
  U394/ZN (AOI21D0)                          0.06       0.84 r
  U397/ZN (CKND2D0)                          0.05       0.89 f
  U398/ZN (OAI21D0)                          0.04       0.94 r
  DP_OP_54J1_124_3157_U391/S (CMPE42D1)      0.13       1.06 f
  intadd_0_U25/CO (FA1D0)                    0.10       1.16 f
  intadd_0_U24/CO (FA1D0)                    0.06       1.22 f
  intadd_0_U23/CO (FA1D0)                    0.06       1.27 f
  intadd_0_U22/CO (FA1D0)                    0.06       1.33 f
  intadd_0_U21/CO (FA1D0)                    0.06       1.39 f
  intadd_0_U20/CO (FA1D0)                    0.06       1.44 f
  intadd_0_U19/CO (FA1D0)                    0.06       1.50 f
  intadd_0_U18/CO (FA1D0)                    0.06       1.55 f
  intadd_0_U17/CO (FA1D0)                    0.06       1.61 f
  intadd_0_U16/CO (FA1D0)                    0.06       1.66 f
  intadd_0_U15/CO (FA1D0)                    0.06       1.72 f
  intadd_0_U14/CO (FA1D0)                    0.06       1.77 f
  intadd_0_U13/CO (FA1D0)                    0.06       1.83 f
  intadd_0_U12/CO (FA1D0)                    0.06       1.88 f
  intadd_0_U11/CO (FA1D0)                    0.06       1.95 f
  U201/CO (CMPE42D1)                         0.08       2.03 f
  U457/S (CMPE42D1)                          0.11       2.14 r
  U338/ZN (INVD0)                            0.02       2.16 f
  U385/ZN (NR2D0)                            0.05       2.21 r
  DP_OP_54J1_124_3157_U59/S (CMPE42D1)       0.12       2.33 r
  U417/ZN (INVD0)                            0.02       2.34 f
  intadd_1_U12/CO (FA1D0)                    0.10       2.44 f
  intadd_1_U11/CO (FA1D0)                    0.06       2.50 f
  intadd_1_U10/CO (FA1D0)                    0.06       2.55 f
  intadd_1_U9/CO (FA1D0)                     0.06       2.61 f
  intadd_1_U8/CO (FA1D0)                     0.06       2.66 f
  intadd_1_U7/CO (FA1D0)                     0.06       2.72 f
  intadd_1_U6/CO (FA1D0)                     0.06       2.77 f
  intadd_1_U5/CO (FA1D0)                     0.06       2.83 f
  intadd_1_U4/CO (FA1D0)                     0.06       2.89 f
  intadd_1_U3/CO (FA1D0)                     0.06       2.94 f
  intadd_1_U2/CO (FA1D0)                     0.06       3.00 f
  U121/Z (CKXOR2D1)                          0.15       3.15 r
  U142/ZN (CKND2D0)                          0.22       3.37 f
  DP_OP_56J1_125_5844_U12/CO (FA1D0)         0.13       3.50 f
  U125/Z (OR2D0)                             0.05       3.55 f
  U128/Z (OR2D0)                             0.05       3.60 f
  U131/Z (OR2D0)                             0.06       3.66 f
  U134/Z (OR2D0)                             0.06       3.72 f
  U83/ZN (NR2D0)                             0.04       3.76 r
  U79/Z (CKXOR2D0)                           0.06       3.82 f
  U141/Z (MUX2D0)                            0.07       3.89 f
  result[30] (out)                           0.00       3.89 f
  data arrival time                                     3.89

  clock vclk (rise edge)                    10.00      10.00
  clock network delay (ideal)                0.00      10.00
  output external delay                     -0.02       9.98
  data required time                                    9.98
  -------------------------------------------------------------
  data required time                                    9.98
  data arrival time                                    -3.89
  -------------------------------------------------------------
  slack (MET)                                           6.09


  Startpoint: y[22] (input port clocked by vclk)
  Endpoint: result[30] (output port clocked by vclk)
  Path Group: vclk
  Path Type: max

  Des/Clust/Port     Wire Load Model       Library
  ------------------------------------------------
  oadm_fixed_l2_div_specialized_paceio ZeroWireload tcbn65gplustc_ccs

  Point                                      Incr       Path
  -------------------------------------------------------------
  clock vclk (rise edge)                     0.00       0.00
  clock network delay (ideal)                0.00       0.00
  input external delay                       0.02       0.02 f
  y[22] (in)                                 0.00       0.02 f
  U73/ZN (INVD0)                             0.04       0.06 r
  U111/ZN (NR2XD0)                           0.10       0.16 f
  U175/ZN (INVD0)                            0.18       0.34 r
  U177/ZN (CKND2D0)                          0.22       0.56 f
  U179/ZN (CKND2D0)                          0.08       0.64 r
  U180/ZN (OAI221D0)                         0.08       0.72 f
  U358/ZN (INVD0)                            0.04       0.76 r
  U359/ZN (NR2D0)                            0.03       0.79 f
  U394/ZN (AOI21D0)                          0.06       0.84 r
  U397/ZN (CKND2D0)                          0.05       0.89 f
  U398/ZN (OAI21D0)                          0.04       0.94 r
  DP_OP_54J1_124_3157_U391/S (CMPE42D1)      0.13       1.06 f
  intadd_0_U25/CO (FA1D0)                    0.10       1.16 f
  intadd_0_U24/CO (FA1D0)                    0.06       1.22 f
  intadd_0_U23/CO (FA1D0)                    0.06       1.27 f
  intadd_0_U22/CO (FA1D0)                    0.06       1.33 f
  intadd_0_U21/CO (FA1D0)                    0.06       1.39 f
  intadd_0_U20/CO (FA1D0)                    0.06       1.44 f
  intadd_0_U19/CO (FA1D0)                    0.06       1.50 f
  intadd_0_U18/CO (FA1D0)                    0.06       1.55 f
  intadd_0_U17/CO (FA1D0)                    0.06       1.61 f
  intadd_0_U16/CO (FA1D0)                    0.06       1.66 f
  intadd_0_U15/CO (FA1D0)                    0.06       1.72 f
  intadd_0_U14/CO (FA1D0)                    0.06       1.77 f
  intadd_0_U13/CO (FA1D0)                    0.06       1.83 f
  intadd_0_U12/CO (FA1D0)                    0.06       1.88 f
  intadd_0_U11/CO (FA1D0)                    0.06       1.95 f
  U201/CO (CMPE42D1)                         0.08       2.03 f
  U457/S (CMPE42D1)                          0.11       2.14 r
  U338/ZN (INVD0)                            0.02       2.16 f
  U385/ZN (NR2D0)                            0.05       2.21 r
  DP_OP_54J1_124_3157_U59/S (CMPE42D1)       0.12       2.33 r
  U417/ZN (INVD0)                            0.02       2.34 f
  intadd_1_U12/CO (FA1D0)                    0.10       2.44 f
  intadd_1_U11/CO (FA1D0)                    0.06       2.50 f
  intadd_1_U10/CO (FA1D0)                    0.06       2.55 f
  intadd_1_U9/CO (FA1D0)                     0.06       2.61 f
  intadd_1_U8/CO (FA1D0)                     0.06       2.66 f
  intadd_1_U7/CO (FA1D0)                     0.06       2.72 f
  intadd_1_U6/CO (FA1D0)                     0.06       2.77 f
  intadd_1_U5/CO (FA1D0)                     0.06       2.83 f
  intadd_1_U4/CO (FA1D0)                     0.06       2.89 f
  intadd_1_U3/CO (FA1D0)                     0.06       2.94 f
  intadd_1_U2/CO (FA1D0)                     0.06       3.00 f
  U121/Z (CKXOR2D1)                          0.15       3.15 r
  U142/ZN (CKND2D0)                          0.22       3.37 f
  DP_OP_56J1_125_5844_U12/CO (FA1D0)         0.13       3.50 f
  U125/Z (OR2D0)                             0.05       3.55 f
  U128/Z (OR2D0)                             0.05       3.60 f
  U131/Z (OR2D0)                             0.06       3.66 f
  U134/Z (OR2D0)                             0.06       3.72 f
  U83/ZN (NR2D0)                             0.04       3.76 r
  U79/Z (CKXOR2D0)                           0.06       3.82 f
  U141/Z (MUX2D0)                            0.07       3.89 f
  result[30] (out)                           0.00       3.89 f
  data arrival time                                     3.89

  clock vclk (rise edge)                    10.00      10.00
  clock network delay (ideal)                0.00      10.00
  output external delay                     -0.02       9.98
  data required time                                    9.98
  -------------------------------------------------------------
  data required time                                    9.98
  data arrival time                                    -3.89
  -------------------------------------------------------------
  slack (MET)                                           6.09


  Startpoint: y[22] (input port clocked by vclk)
  Endpoint: result[30] (output port clocked by vclk)
  Path Group: vclk
  Path Type: max

  Des/Clust/Port     Wire Load Model       Library
  ------------------------------------------------
  oadm_fixed_l2_div_specialized_paceio ZeroWireload tcbn65gplustc_ccs

  Point                                      Incr       Path
  -------------------------------------------------------------
  clock vclk (rise edge)                     0.00       0.00
  clock network delay (ideal)                0.00       0.00
  input external delay                       0.02       0.02 f
  y[22] (in)                                 0.00       0.02 f
  U73/ZN (INVD0)                             0.04       0.06 r
  U111/ZN (NR2XD0)                           0.10       0.16 f
  U175/ZN (INVD0)                            0.18       0.34 r
  U177/ZN (CKND2D0)                          0.22       0.56 f
  U179/ZN (CKND2D0)                          0.08       0.64 r
  U180/ZN (OAI221D0)                         0.08       0.72 f
  U358/ZN (INVD0)                            0.04       0.76 r
  U359/ZN (NR2D0)                            0.03       0.79 f
  U394/ZN (AOI21D0)                          0.06       0.84 r
  U397/ZN (CKND2D0)                          0.05       0.89 f
  U398/ZN (OAI21D0)                          0.04       0.94 r
  DP_OP_54J1_124_3157_U391/S (CMPE42D1)      0.13       1.06 f
  intadd_0_U25/CO (FA1D0)                    0.10       1.16 f
  intadd_0_U24/CO (FA1D0)                    0.06       1.22 f
  intadd_0_U23/CO (FA1D0)                    0.06       1.27 f
  intadd_0_U22/CO (FA1D0)                    0.06       1.33 f
  intadd_0_U21/CO (FA1D0)                    0.06       1.39 f
  intadd_0_U20/CO (FA1D0)                    0.06       1.44 f
  intadd_0_U19/CO (FA1D0)                    0.06       1.50 f
  intadd_0_U18/CO (FA1D0)                    0.06       1.55 f
  intadd_0_U17/CO (FA1D0)                    0.06       1.61 f
  intadd_0_U16/CO (FA1D0)                    0.06       1.66 f
  intadd_0_U15/CO (FA1D0)                    0.06       1.72 f
  intadd_0_U14/CO (FA1D0)                    0.06       1.77 f
  intadd_0_U13/CO (FA1D0)                    0.06       1.83 f
  intadd_0_U12/CO (FA1D0)                    0.06       1.88 f
  intadd_0_U11/CO (FA1D0)                    0.06       1.95 f
  U201/CO (CMPE42D1)                         0.08       2.03 f
  U457/S (CMPE42D1)                          0.11       2.14 r
  U338/ZN (INVD0)                            0.02       2.16 f
  U385/ZN (NR2D0)                            0.05       2.21 r
  DP_OP_54J1_124_3157_U59/S (CMPE42D1)       0.12       2.33 r
  U417/ZN (INVD0)                            0.02       2.34 f
  intadd_1_U12/CO (FA1D0)                    0.10       2.44 f
  intadd_1_U11/CO (FA1D0)                    0.06       2.50 f
  intadd_1_U10/CO (FA1D0)                    0.06       2.55 f
  intadd_1_U9/CO (FA1D0)                     0.06       2.61 f
  intadd_1_U8/CO (FA1D0)                     0.06       2.66 f
  intadd_1_U7/CO (FA1D0)                     0.06       2.72 f
  intadd_1_U6/CO (FA1D0)                     0.06       2.77 f
  intadd_1_U5/CO (FA1D0)                     0.06       2.83 f
  intadd_1_U4/CO (FA1D0)                     0.06       2.89 f
  intadd_1_U3/CO (FA1D0)                     0.06       2.94 f
  intadd_1_U2/CO (FA1D0)                     0.06       3.00 f
  U121/Z (CKXOR2D1)                          0.15       3.15 r
  U142/ZN (CKND2D0)                          0.22       3.37 f
  DP_OP_56J1_125_5844_U12/CO (FA1D0)         0.13       3.50 f
  U125/Z (OR2D0)                             0.05       3.55 f
  U128/Z (OR2D0)                             0.05       3.60 f
  U131/Z (OR2D0)                             0.06       3.66 f
  U134/Z (OR2D0)                             0.06       3.72 f
  U83/ZN (NR2D0)                             0.04       3.76 r
  U79/Z (CKXOR2D0)                           0.06       3.82 f
  U141/Z (MUX2D0)                            0.07       3.89 f
  result[30] (out)                           0.00       3.89 f
  data arrival time                                     3.89

  clock vclk (rise edge)                    10.00      10.00
  clock network delay (ideal)                0.00      10.00
  output external delay                     -0.02       9.98
  data required time                                    9.98
  -------------------------------------------------------------
  data required time                                    9.98
  data arrival time                                    -3.89
  -------------------------------------------------------------
  slack (MET)                                           6.09


  Startpoint: y[22] (input port clocked by vclk)
  Endpoint: result[30] (output port clocked by vclk)
  Path Group: vclk
  Path Type: max

  Des/Clust/Port     Wire Load Model       Library
  ------------------------------------------------
  oadm_fixed_l2_div_specialized_paceio ZeroWireload tcbn65gplustc_ccs

  Point                                      Incr       Path
  -------------------------------------------------------------
  clock vclk (rise edge)                     0.00       0.00
  clock network delay (ideal)                0.00       0.00
  input external delay                       0.02       0.02 f
  y[22] (in)                                 0.00       0.02 f
  U73/ZN (INVD0)                             0.04       0.06 r
  U111/ZN (NR2XD0)                           0.10       0.16 f
  U175/ZN (INVD0)                            0.18       0.34 r
  U177/ZN (CKND2D0)                          0.22       0.56 f
  U179/ZN (CKND2D0)                          0.08       0.64 r
  U180/ZN (OAI221D0)                         0.08       0.72 f
  U358/ZN (INVD0)                            0.04       0.76 r
  U359/ZN (NR2D0)                            0.03       0.79 f
  U394/ZN (AOI21D0)                          0.06       0.84 r
  U397/ZN (CKND2D0)                          0.05       0.89 f
  U398/ZN (OAI21D0)                          0.04       0.94 r
  DP_OP_54J1_124_3157_U391/S (CMPE42D1)      0.13       1.06 f
  intadd_0_U25/CO (FA1D0)                    0.10       1.16 f
  intadd_0_U24/CO (FA1D0)                    0.06       1.22 f
  intadd_0_U23/CO (FA1D0)                    0.06       1.27 f
  intadd_0_U22/CO (FA1D0)                    0.06       1.33 f
  intadd_0_U21/CO (FA1D0)                    0.06       1.39 f
  intadd_0_U20/CO (FA1D0)                    0.06       1.44 f
  intadd_0_U19/CO (FA1D0)                    0.06       1.50 f
  intadd_0_U18/CO (FA1D0)                    0.06       1.55 f
  intadd_0_U17/CO (FA1D0)                    0.06       1.61 f
  intadd_0_U16/CO (FA1D0)                    0.06       1.66 f
  intadd_0_U15/CO (FA1D0)                    0.06       1.72 f
  intadd_0_U14/CO (FA1D0)                    0.06       1.77 f
  intadd_0_U13/CO (FA1D0)                    0.06       1.83 f
  intadd_0_U12/CO (FA1D0)                    0.06       1.88 f
  intadd_0_U11/CO (FA1D0)                    0.06       1.95 f
  U201/CO (CMPE42D1)                         0.08       2.03 f
  U457/S (CMPE42D1)                          0.11       2.14 r
  U338/ZN (INVD0)                            0.02       2.16 f
  U385/ZN (NR2D0)                            0.05       2.21 r
  DP_OP_54J1_124_3157_U59/S (CMPE42D1)       0.12       2.33 r
  U417/ZN (INVD0)                            0.02       2.34 f
  intadd_1_U12/CO (FA1D0)                    0.10       2.44 f
  intadd_1_U11/CO (FA1D0)                    0.06       2.50 f
  intadd_1_U10/CO (FA1D0)                    0.06       2.55 f
  intadd_1_U9/CO (FA1D0)                     0.06       2.61 f
  intadd_1_U8/CO (FA1D0)                     0.06       2.66 f
  intadd_1_U7/CO (FA1D0)                     0.06       2.72 f
  intadd_1_U6/CO (FA1D0)                     0.06       2.77 f
  intadd_1_U5/CO (FA1D0)                     0.06       2.83 f
  intadd_1_U4/CO (FA1D0)                     0.06       2.89 f
  intadd_1_U3/CO (FA1D0)                     0.06       2.94 f
  intadd_1_U2/CO (FA1D0)                     0.06       3.00 f
  U121/Z (CKXOR2D1)                          0.15       3.15 r
  U142/ZN (CKND2D0)                          0.22       3.37 f
  DP_OP_56J1_125_5844_U12/CO (FA1D0)         0.13       3.50 f
  U125/Z (OR2D0)                             0.05       3.55 f
  U128/Z (OR2D0)                             0.05       3.60 f
  U131/Z (OR2D0)                             0.06       3.66 f
  U134/Z (OR2D0)                             0.06       3.72 f
  U83/ZN (NR2D0)                             0.04       3.76 r
  U79/Z (CKXOR2D0)                           0.06       3.82 f
  U141/Z (MUX2D0)                            0.07       3.89 f
  result[30] (out)                           0.00       3.89 f
  data arrival time                                     3.89

  clock vclk (rise edge)                    10.00      10.00
  clock network delay (ideal)                0.00      10.00
  output external delay                     -0.02       9.98
  data required time                                    9.98
  -------------------------------------------------------------
  data required time                                    9.98
  data arrival time                                    -3.89
  -------------------------------------------------------------
  slack (MET)                                           6.09


  Startpoint: y[22] (input port clocked by vclk)
  Endpoint: result[30] (output port clocked by vclk)
  Path Group: vclk
  Path Type: max

  Des/Clust/Port     Wire Load Model       Library
  ------------------------------------------------
  oadm_fixed_l2_div_specialized_paceio ZeroWireload tcbn65gplustc_ccs

  Point                                      Incr       Path
  -------------------------------------------------------------
  clock vclk (rise edge)                     0.00       0.00
  clock network delay (ideal)                0.00       0.00
  input external delay                       0.02       0.02 f
  y[22] (in)                                 0.00       0.02 f
  U73/ZN (INVD0)                             0.04       0.06 r
  U111/ZN (NR2XD0)                           0.10       0.16 f
  U175/ZN (INVD0)                            0.18       0.34 r
  U177/ZN (CKND2D0)                          0.22       0.56 f
  U179/ZN (CKND2D0)                          0.08       0.64 r
  U180/ZN (OAI221D0)                         0.08       0.72 f
  U358/ZN (INVD0)                            0.04       0.76 r
  U359/ZN (NR2D0)                            0.03       0.79 f
  U394/ZN (AOI21D0)                          0.06       0.84 r
  U397/ZN (CKND2D0)                          0.05       0.89 f
  U398/ZN (OAI21D0)                          0.04       0.94 r
  DP_OP_54J1_124_3157_U391/S (CMPE42D1)      0.13       1.06 f
  intadd_0_U25/CO (FA1D0)                    0.10       1.16 f
  intadd_0_U24/CO (FA1D0)                    0.06       1.22 f
  intadd_0_U23/CO (FA1D0)                    0.06       1.27 f
  intadd_0_U22/CO (FA1D0)                    0.06       1.33 f
  intadd_0_U21/CO (FA1D0)                    0.06       1.39 f
  intadd_0_U20/CO (FA1D0)                    0.06       1.44 f
  intadd_0_U19/CO (FA1D0)                    0.06       1.50 f
  intadd_0_U18/CO (FA1D0)                    0.06       1.55 f
  intadd_0_U17/CO (FA1D0)                    0.06       1.61 f
  intadd_0_U16/CO (FA1D0)                    0.06       1.66 f
  intadd_0_U15/CO (FA1D0)                    0.06       1.72 f
  intadd_0_U14/CO (FA1D0)                    0.06       1.77 f
  intadd_0_U13/CO (FA1D0)                    0.06       1.83 f
  intadd_0_U12/CO (FA1D0)                    0.06       1.88 f
  intadd_0_U11/CO (FA1D0)                    0.06       1.95 f
  U201/CO (CMPE42D1)                         0.08       2.03 f
  U457/S (CMPE42D1)                          0.11       2.14 r
  U338/ZN (INVD0)                            0.02       2.16 f
  U385/ZN (NR2D0)                            0.05       2.21 r
  DP_OP_54J1_124_3157_U59/S (CMPE42D1)       0.12       2.33 r
  U417/ZN (INVD0)                            0.02       2.34 f
  intadd_1_U12/CO (FA1D0)                    0.10       2.44 f
  intadd_1_U11/CO (FA1D0)                    0.06       2.50 f
  intadd_1_U10/CO (FA1D0)                    0.06       2.55 f
  intadd_1_U9/CO (FA1D0)                     0.06       2.61 f
  intadd_1_U8/CO (FA1D0)                     0.06       2.66 f
  intadd_1_U7/CO (FA1D0)                     0.06       2.72 f
  intadd_1_U6/CO (FA1D0)                     0.06       2.77 f
  intadd_1_U5/CO (FA1D0)                     0.06       2.83 f
  intadd_1_U4/CO (FA1D0)                     0.06       2.89 f
  intadd_1_U3/CO (FA1D0)                     0.06       2.94 f
  intadd_1_U2/CO (FA1D0)                     0.06       3.00 f
  U121/Z (CKXOR2D1)                          0.15       3.15 r
  U142/ZN (CKND2D0)                          0.22       3.37 f
  DP_OP_56J1_125_5844_U12/CO (FA1D0)         0.13       3.50 f
  U125/Z (OR2D0)                             0.05       3.55 f
  U128/Z (OR2D0)                             0.05       3.60 f
  U131/Z (OR2D0)                             0.06       3.66 f
  U134/Z (OR2D0)                             0.06       3.72 f
  U83/ZN (NR2D0)                             0.04       3.76 r
  U79/Z (CKXOR2D0)                           0.06       3.82 f
  U141/Z (MUX2D0)                            0.07       3.89 f
  result[30] (out)                           0.00       3.89 f
  data arrival time                                     3.89

  clock vclk (rise edge)                    10.00      10.00
  clock network delay (ideal)                0.00      10.00
  output external delay                     -0.02       9.98
  data required time                                    9.98
  -------------------------------------------------------------
  data required time                                    9.98
  data arrival time                                    -3.89
  -------------------------------------------------------------
  slack (MET)                                           6.09


  Startpoint: y[22] (input port clocked by vclk)
  Endpoint: result[30] (output port clocked by vclk)
  Path Group: vclk
  Path Type: max

  Des/Clust/Port     Wire Load Model       Library
  ------------------------------------------------
  oadm_fixed_l2_div_specialized_paceio ZeroWireload tcbn65gplustc_ccs

  Point                                      Incr       Path
  -------------------------------------------------------------
  clock vclk (rise edge)                     0.00       0.00
  clock network delay (ideal)                0.00       0.00
  input external delay                       0.02       0.02 f
  y[22] (in)                                 0.00       0.02 f
  U73/ZN (INVD0)                             0.04       0.06 r
  U111/ZN (NR2XD0)                           0.10       0.16 f
  U175/ZN (INVD0)                            0.18       0.34 r
  U177/ZN (CKND2D0)                          0.22       0.56 f
  U179/ZN (CKND2D0)                          0.08       0.64 r
  U180/ZN (OAI221D0)                         0.08       0.72 f
  U358/ZN (INVD0)                            0.04       0.76 r
  U359/ZN (NR2D0)                            0.03       0.79 f
  U394/ZN (AOI21D0)                          0.06       0.84 r
  U397/ZN (CKND2D0)                          0.05       0.89 f
  U398/ZN (OAI21D0)                          0.04       0.94 r
  DP_OP_54J1_124_3157_U391/S (CMPE42D1)      0.13       1.06 f
  intadd_0_U25/CO (FA1D0)                    0.10       1.16 f
  intadd_0_U24/CO (FA1D0)                    0.06       1.22 f
  intadd_0_U23/CO (FA1D0)                    0.06       1.27 f
  intadd_0_U22/CO (FA1D0)                    0.06       1.33 f
  intadd_0_U21/CO (FA1D0)                    0.06       1.39 f
  intadd_0_U20/CO (FA1D0)                    0.06       1.44 f
  intadd_0_U19/CO (FA1D0)                    0.06       1.50 f
  intadd_0_U18/CO (FA1D0)                    0.06       1.55 f
  intadd_0_U17/CO (FA1D0)                    0.06       1.61 f
  intadd_0_U16/CO (FA1D0)                    0.06       1.66 f
  intadd_0_U15/CO (FA1D0)                    0.06       1.72 f
  intadd_0_U14/CO (FA1D0)                    0.06       1.77 f
  intadd_0_U13/CO (FA1D0)                    0.06       1.83 f
  intadd_0_U12/CO (FA1D0)                    0.06       1.88 f
  intadd_0_U11/CO (FA1D0)                    0.06       1.95 f
  U201/CO (CMPE42D1)                         0.08       2.03 f
  U457/S (CMPE42D1)                          0.11       2.14 r
  U338/ZN (INVD0)                            0.02       2.16 f
  U385/ZN (NR2D0)                            0.05       2.21 r
  DP_OP_54J1_124_3157_U59/S (CMPE42D1)       0.12       2.33 r
  U417/ZN (INVD0)                            0.02       2.34 f
  intadd_1_U12/CO (FA1D0)                    0.10       2.44 f
  intadd_1_U11/CO (FA1D0)                    0.06       2.50 f
  intadd_1_U10/CO (FA1D0)                    0.06       2.55 f
  intadd_1_U9/CO (FA1D0)                     0.06       2.61 f
  intadd_1_U8/CO (FA1D0)                     0.06       2.66 f
  intadd_1_U7/CO (FA1D0)                     0.06       2.72 f
  intadd_1_U6/CO (FA1D0)                     0.06       2.77 f
  intadd_1_U5/CO (FA1D0)                     0.06       2.83 f
  intadd_1_U4/CO (FA1D0)                     0.06       2.89 f
  intadd_1_U3/CO (FA1D0)                     0.06       2.94 f
  intadd_1_U2/CO (FA1D0)                     0.06       3.00 f
  U121/Z (CKXOR2D1)                          0.15       3.15 r
  U142/ZN (CKND2D0)                          0.22       3.37 f
  DP_OP_56J1_125_5844_U12/CO (FA1D0)         0.13       3.50 f
  U125/Z (OR2D0)                             0.05       3.55 f
  U128/Z (OR2D0)                             0.05       3.60 f
  U131/Z (OR2D0)                             0.06       3.66 f
  U134/Z (OR2D0)                             0.06       3.72 f
  U83/ZN (NR2D0)                             0.04       3.76 r
  U79/Z (CKXOR2D0)                           0.06       3.82 f
  U141/Z (MUX2D0)                            0.07       3.89 f
  result[30] (out)                           0.00       3.89 f
  data arrival time                                     3.89

  clock vclk (rise edge)                    10.00      10.00
  clock network delay (ideal)                0.00      10.00
  output external delay                     -0.02       9.98
  data required time                                    9.98
  -------------------------------------------------------------
  data required time                                    9.98
  data arrival time                                    -3.89
  -------------------------------------------------------------
  slack (MET)                                           6.09


  Startpoint: y[22] (input port clocked by vclk)
  Endpoint: result[30] (output port clocked by vclk)
  Path Group: vclk
  Path Type: max

  Des/Clust/Port     Wire Load Model       Library
  ------------------------------------------------
  oadm_fixed_l2_div_specialized_paceio ZeroWireload tcbn65gplustc_ccs

  Point                                      Incr       Path
  -------------------------------------------------------------
  clock vclk (rise edge)                     0.00       0.00
  clock network delay (ideal)                0.00       0.00
  input external delay                       0.02       0.02 f
  y[22] (in)                                 0.00       0.02 f
  U73/ZN (INVD0)                             0.04       0.06 r
  U111/ZN (NR2XD0)                           0.10       0.16 f
  U175/ZN (INVD0)                            0.18       0.34 r
  U177/ZN (CKND2D0)                          0.22       0.56 f
  U179/ZN (CKND2D0)                          0.08       0.64 r
  U180/ZN (OAI221D0)                         0.08       0.72 f
  U358/ZN (INVD0)                            0.04       0.76 r
  U359/ZN (NR2D0)                            0.03       0.79 f
  U394/ZN (AOI21D0)                          0.06       0.84 r
  U397/ZN (CKND2D0)                          0.05       0.89 f
  U398/ZN (OAI21D0)                          0.04       0.94 r
  DP_OP_54J1_124_3157_U391/S (CMPE42D1)      0.13       1.06 f
  intadd_0_U25/CO (FA1D0)                    0.10       1.16 f
  intadd_0_U24/CO (FA1D0)                    0.06       1.22 f
  intadd_0_U23/CO (FA1D0)                    0.06       1.27 f
  intadd_0_U22/CO (FA1D0)                    0.06       1.33 f
  intadd_0_U21/CO (FA1D0)                    0.06       1.39 f
  intadd_0_U20/CO (FA1D0)                    0.06       1.44 f
  intadd_0_U19/CO (FA1D0)                    0.06       1.50 f
  intadd_0_U18/CO (FA1D0)                    0.06       1.55 f
  intadd_0_U17/CO (FA1D0)                    0.06       1.61 f
  intadd_0_U16/CO (FA1D0)                    0.06       1.66 f
  intadd_0_U15/CO (FA1D0)                    0.06       1.72 f
  intadd_0_U14/CO (FA1D0)                    0.06       1.77 f
  intadd_0_U13/CO (FA1D0)                    0.06       1.83 f
  intadd_0_U12/CO (FA1D0)                    0.06       1.88 f
  intadd_0_U11/CO (FA1D0)                    0.06       1.95 f
  U201/CO (CMPE42D1)                         0.08       2.03 f
  U457/S (CMPE42D1)                          0.11       2.14 r
  U338/ZN (INVD0)                            0.02       2.16 f
  U385/ZN (NR2D0)                            0.05       2.21 r
  DP_OP_54J1_124_3157_U59/S (CMPE42D1)       0.12       2.33 r
  U417/ZN (INVD0)                            0.02       2.34 f
  intadd_1_U12/CO (FA1D0)                    0.10       2.44 f
  intadd_1_U11/CO (FA1D0)                    0.06       2.50 f
  intadd_1_U10/CO (FA1D0)                    0.06       2.55 f
  intadd_1_U9/CO (FA1D0)                     0.06       2.61 f
  intadd_1_U8/CO (FA1D0)                     0.06       2.66 f
  intadd_1_U7/CO (FA1D0)                     0.06       2.72 f
  intadd_1_U6/CO (FA1D0)                     0.06       2.77 f
  intadd_1_U5/CO (FA1D0)                     0.06       2.83 f
  intadd_1_U4/CO (FA1D0)                     0.06       2.89 f
  intadd_1_U3/CO (FA1D0)                     0.06       2.94 f
  intadd_1_U2/CO (FA1D0)                     0.06       3.00 f
  U121/Z (CKXOR2D1)                          0.15       3.15 r
  U142/ZN (CKND2D0)                          0.22       3.37 f
  DP_OP_56J1_125_5844_U12/CO (FA1D0)         0.13       3.50 f
  U125/Z (OR2D0)                             0.05       3.55 f
  U128/Z (OR2D0)                             0.05       3.60 f
  U131/Z (OR2D0)                             0.06       3.66 f
  U134/Z (OR2D0)                             0.06       3.72 f
  U83/ZN (NR2D0)                             0.04       3.76 r
  U79/Z (CKXOR2D0)                           0.06       3.82 f
  U141/Z (MUX2D0)                            0.07       3.89 f
  result[30] (out)                           0.00       3.89 f
  data arrival time                                     3.89

  clock vclk (rise edge)                    10.00      10.00
  clock network delay (ideal)                0.00      10.00
  output external delay                     -0.02       9.98
  data required time                                    9.98
  -------------------------------------------------------------
  data required time                                    9.98
  data arrival time                                    -3.89
  -------------------------------------------------------------
  slack (MET)                                           6.09


  Startpoint: y[22] (input port clocked by vclk)
  Endpoint: result[30] (output port clocked by vclk)
  Path Group: vclk
  Path Type: max

  Des/Clust/Port     Wire Load Model       Library
  ------------------------------------------------
  oadm_fixed_l2_div_specialized_paceio ZeroWireload tcbn65gplustc_ccs

  Point                                      Incr       Path
  -------------------------------------------------------------
  clock vclk (rise edge)                     0.00       0.00
  clock network delay (ideal)                0.00       0.00
  input external delay                       0.02       0.02 f
  y[22] (in)                                 0.00       0.02 f
  U73/ZN (INVD0)                             0.04       0.06 r
  U111/ZN (NR2XD0)                           0.10       0.16 f
  U175/ZN (INVD0)                            0.18       0.34 r
  U177/ZN (CKND2D0)                          0.22       0.56 f
  U179/ZN (CKND2D0)                          0.08       0.64 r
  U180/ZN (OAI221D0)                         0.08       0.72 f
  U358/ZN (INVD0)                            0.04       0.76 r
  U359/ZN (NR2D0)                            0.03       0.79 f
  U394/ZN (AOI21D0)                          0.06       0.84 r
  U397/ZN (CKND2D0)                          0.05       0.89 f
  U398/ZN (OAI21D0)                          0.04       0.94 r
  DP_OP_54J1_124_3157_U391/S (CMPE42D1)      0.13       1.06 f
  intadd_0_U25/CO (FA1D0)                    0.10       1.16 f
  intadd_0_U24/CO (FA1D0)                    0.06       1.22 f
  intadd_0_U23/CO (FA1D0)                    0.06       1.27 f
  intadd_0_U22/CO (FA1D0)                    0.06       1.33 f
  intadd_0_U21/CO (FA1D0)                    0.06       1.39 f
  intadd_0_U20/CO (FA1D0)                    0.06       1.44 f
  intadd_0_U19/CO (FA1D0)                    0.06       1.50 f
  intadd_0_U18/CO (FA1D0)                    0.06       1.55 f
  intadd_0_U17/CO (FA1D0)                    0.06       1.61 f
  intadd_0_U16/CO (FA1D0)                    0.06       1.66 f
  intadd_0_U15/CO (FA1D0)                    0.06       1.72 f
  intadd_0_U14/CO (FA1D0)                    0.06       1.77 f
  intadd_0_U13/CO (FA1D0)                    0.06       1.83 f
  intadd_0_U12/CO (FA1D0)                    0.06       1.88 f
  intadd_0_U11/CO (FA1D0)                    0.06       1.95 f
  U201/CO (CMPE42D1)                         0.08       2.03 f
  U457/S (CMPE42D1)                          0.11       2.14 r
  U338/ZN (INVD0)                            0.02       2.16 f
  U385/ZN (NR2D0)                            0.05       2.21 r
  DP_OP_54J1_124_3157_U59/S (CMPE42D1)       0.12       2.33 r
  U417/ZN (INVD0)                            0.02       2.34 f
  intadd_1_U12/CO (FA1D0)                    0.10       2.44 f
  intadd_1_U11/CO (FA1D0)                    0.06       2.50 f
  intadd_1_U10/CO (FA1D0)                    0.06       2.55 f
  intadd_1_U9/CO (FA1D0)                     0.06       2.61 f
  intadd_1_U8/CO (FA1D0)                     0.06       2.66 f
  intadd_1_U7/CO (FA1D0)                     0.06       2.72 f
  intadd_1_U6/CO (FA1D0)                     0.06       2.77 f
  intadd_1_U5/CO (FA1D0)                     0.06       2.83 f
  intadd_1_U4/CO (FA1D0)                     0.06       2.89 f
  intadd_1_U3/CO (FA1D0)                     0.06       2.94 f
  intadd_1_U2/CO (FA1D0)                     0.06       3.00 f
  U121/Z (CKXOR2D1)                          0.15       3.15 r
  U142/ZN (CKND2D0)                          0.22       3.37 f
  DP_OP_56J1_125_5844_U12/CO (FA1D0)         0.13       3.50 f
  U125/Z (OR2D0)                             0.05       3.55 f
  U128/Z (OR2D0)                             0.05       3.60 f
  U131/Z (OR2D0)                             0.06       3.66 f
  U134/Z (OR2D0)                             0.06       3.72 f
  U83/ZN (NR2D0)                             0.04       3.76 r
  U79/Z (CKXOR2D0)                           0.06       3.82 f
  U141/Z (MUX2D0)                            0.07       3.89 f
  result[30] (out)                           0.00       3.89 f
  data arrival time                                     3.89

  clock vclk (rise edge)                    10.00      10.00
  clock network delay (ideal)                0.00      10.00
  output external delay                     -0.02       9.98
  data required time                                    9.98
  -------------------------------------------------------------
  data required time                                    9.98
  data arrival time                                    -3.89
  -------------------------------------------------------------
  slack (MET)                                           6.09


1
