 
****************************************
Report : timing
        -path full
        -delay max
        -nworst 10
        -max_paths 10
Design : oadm_fixed_l1_mul_canonical
Version: U-2022.12-SP7
Date   : Wed Sep  2 16:59:37 2026
****************************************

Operating Conditions: NCCOM   Library: tcbn65gplustc_ccs
Wire Load Model Mode: segmented

  Startpoint: x[22] (input port clocked by vclk)
  Endpoint: result[21] (output port clocked by vclk)
  Path Group: vclk
  Path Type: max

  Des/Clust/Port     Wire Load Model       Library
  ------------------------------------------------
  oadm_fixed_l1_mul_canonical ZeroWireload tcbn65gplustc_ccs

  Point                                     Incr       Path
  ------------------------------------------------------------
  clock vclk (rise edge)                    0.00       0.00
  clock network delay (ideal)               0.00       0.00
  input external delay                      0.02       0.02 f
  x[22] (in)                                0.01       0.03 f
  U273/ZN (INVD1)                           0.17       0.20 r
  U350/ZN (INVD1)                           0.18       0.38 f
  U458/ZN (AOI221D0)                        0.11       0.49 r
  U459/ZN (NR2D0)                           0.04       0.53 f
  U465/ZN (NR2D0)                           0.05       0.58 r
  U488/ZN (AOI21D0)                         0.04       0.62 f
  intadd_2_U20/CO (FA1D0)                   0.09       0.71 f
  intadd_2_U19/CO (FA1D0)                   0.06       0.76 f
  intadd_2_U18/CO (FA1D0)                   0.06       0.82 f
  intadd_2_U17/CO (FA1D0)                   0.06       0.87 f
  intadd_2_U16/CO (FA1D0)                   0.06       0.93 f
  intadd_2_U15/CO (FA1D0)                   0.06       0.98 f
  intadd_2_U14/CO (FA1D0)                   0.06       1.04 f
  intadd_2_U13/CO (FA1D0)                   0.06       1.09 f
  intadd_2_U12/CO (FA1D0)                   0.06       1.15 f
  intadd_2_U11/CO (FA1D0)                   0.06       1.21 f
  intadd_2_U10/CO (FA1D0)                   0.06       1.26 f
  intadd_2_U9/CO (FA1D0)                    0.06       1.32 f
  intadd_2_U8/CO (FA1D0)                    0.06       1.37 f
  intadd_2_U7/CO (FA1D0)                    0.06       1.43 f
  intadd_2_U6/CO (FA1D0)                    0.06       1.48 f
  intadd_2_U5/CO (FA1D0)                    0.06       1.54 f
  intadd_2_U4/CO (FA1D0)                    0.06       1.59 f
  intadd_2_U3/CO (FA1D0)                    0.06       1.65 f
  intadd_2_U2/CO (FA1D0)                    0.05       1.70 f
  U449/ZN (INVD0)                           0.02       1.72 r
  DP_OP_99J1_122_5649_U44/S (CMPE42D1)      0.06       1.79 r
  U470/ZN (INVD0)                           0.02       1.80 f
  intadd_0_U5/CO (FA1D0)                    0.10       1.90 f
  intadd_0_U4/CO (FA1D0)                    0.06       1.96 f
  intadd_0_U3/CO (FA1D0)                    0.06       2.01 f
  intadd_0_U2/CO (FA1D0)                    0.06       2.07 f
  U286/ZN (XNR2D0)                          0.06       2.13 f
  U287/ZN (NR2D0)                           0.08       2.22 r
  U295/Z (OR2D0)                            0.16       2.38 r
  U294/ZN (XNR2D0)                          0.10       2.48 f
  DP_OP_105J1_125_8532_U11/CO (FA1D0)       0.10       2.59 f
  DP_OP_105J1_125_8532_U10/CO (FA1D0)       0.06       2.64 f
  DP_OP_105J1_125_8532_U9/CO (FA1D0)        0.06       2.70 f
  DP_OP_105J1_125_8532_U8/CO (FA1D0)        0.06       2.75 f
  DP_OP_105J1_125_8532_U7/CO (FA1D0)        0.06       2.81 f
  DP_OP_105J1_125_8532_U6/CO (FA1D0)        0.06       2.87 f
  DP_OP_105J1_125_8532_U5/CO (FA1D0)        0.06       2.92 f
  DP_OP_105J1_125_8532_U4/CO (FA1D0)        0.06       2.98 f
  DP_OP_105J1_125_8532_U3/CO (FA1D0)        0.05       3.03 f
  U219/Z (XOR3D0)                           0.10       3.12 f
  U213/ZN (AOI21D0)                         0.11       3.23 r
  U201/ZN (INR3D0)                          0.10       3.33 r
  U343/ZN (CKND2D0)                         0.16       3.48 f
  U347/ZN (INVD0)                           0.05       3.53 r
  U348/ZN (AOI31D0)                         0.03       3.56 f
  U349/ZN (OAI222D0)                        0.11       3.67 r
  result[21] (out)                          0.00       3.67 r
  data arrival time                                    3.67

  clock vclk (rise edge)                   10.00      10.00
  clock network delay (ideal)               0.00      10.00
  output external delay                    -0.02       9.98
  data required time                                   9.98
  ------------------------------------------------------------
  data required time                                   9.98
  data arrival time                                   -3.67
  ------------------------------------------------------------
  slack (MET)                                          6.31


  Startpoint: x[22] (input port clocked by vclk)
  Endpoint: result[21] (output port clocked by vclk)
  Path Group: vclk
  Path Type: max

  Des/Clust/Port     Wire Load Model       Library
  ------------------------------------------------
  oadm_fixed_l1_mul_canonical ZeroWireload tcbn65gplustc_ccs

  Point                                     Incr       Path
  ------------------------------------------------------------
  clock vclk (rise edge)                    0.00       0.00
  clock network delay (ideal)               0.00       0.00
  input external delay                      0.02       0.02 f
  x[22] (in)                                0.01       0.03 f
  U273/ZN (INVD1)                           0.17       0.20 r
  U350/ZN (INVD1)                           0.18       0.38 f
  U458/ZN (AOI221D0)                        0.11       0.49 r
  U459/ZN (NR2D0)                           0.04       0.53 f
  U465/ZN (NR2D0)                           0.05       0.58 r
  U488/ZN (AOI21D0)                         0.04       0.62 f
  intadd_2_U20/CO (FA1D0)                   0.09       0.71 f
  intadd_2_U19/CO (FA1D0)                   0.06       0.76 f
  intadd_2_U18/CO (FA1D0)                   0.06       0.82 f
  intadd_2_U17/CO (FA1D0)                   0.06       0.87 f
  intadd_2_U16/CO (FA1D0)                   0.06       0.93 f
  intadd_2_U15/CO (FA1D0)                   0.06       0.98 f
  intadd_2_U14/CO (FA1D0)                   0.06       1.04 f
  intadd_2_U13/CO (FA1D0)                   0.06       1.09 f
  intadd_2_U12/CO (FA1D0)                   0.06       1.15 f
  intadd_2_U11/CO (FA1D0)                   0.06       1.21 f
  intadd_2_U10/CO (FA1D0)                   0.06       1.26 f
  intadd_2_U9/CO (FA1D0)                    0.06       1.32 f
  intadd_2_U8/CO (FA1D0)                    0.06       1.37 f
  intadd_2_U7/CO (FA1D0)                    0.06       1.43 f
  intadd_2_U6/CO (FA1D0)                    0.06       1.48 f
  intadd_2_U5/CO (FA1D0)                    0.06       1.54 f
  intadd_2_U4/CO (FA1D0)                    0.06       1.59 f
  intadd_2_U3/CO (FA1D0)                    0.06       1.65 f
  intadd_2_U2/CO (FA1D0)                    0.05       1.70 f
  U449/ZN (INVD0)                           0.02       1.72 r
  DP_OP_99J1_122_5649_U44/S (CMPE42D1)      0.06       1.79 r
  U470/ZN (INVD0)                           0.02       1.80 f
  intadd_0_U5/CO (FA1D0)                    0.10       1.90 f
  intadd_0_U4/CO (FA1D0)                    0.06       1.96 f
  intadd_0_U3/CO (FA1D0)                    0.06       2.01 f
  intadd_0_U2/CO (FA1D0)                    0.06       2.07 f
  U286/ZN (XNR2D0)                          0.06       2.13 f
  U287/ZN (NR2D0)                           0.08       2.22 r
  U295/Z (OR2D0)                            0.16       2.38 r
  U294/ZN (XNR2D0)                          0.10       2.48 f
  DP_OP_105J1_125_8532_U11/CO (FA1D0)       0.10       2.59 f
  DP_OP_105J1_125_8532_U10/CO (FA1D0)       0.06       2.64 f
  DP_OP_105J1_125_8532_U9/CO (FA1D0)        0.06       2.70 f
  DP_OP_105J1_125_8532_U8/CO (FA1D0)        0.06       2.75 f
  DP_OP_105J1_125_8532_U7/CO (FA1D0)        0.06       2.81 f
  DP_OP_105J1_125_8532_U6/CO (FA1D0)        0.06       2.87 f
  DP_OP_105J1_125_8532_U5/CO (FA1D0)        0.06       2.92 f
  DP_OP_105J1_125_8532_U4/CO (FA1D0)        0.06       2.98 f
  DP_OP_105J1_125_8532_U3/CO (FA1D0)        0.05       3.03 f
  U219/Z (XOR3D0)                           0.10       3.12 f
  U213/ZN (AOI21D0)                         0.11       3.23 r
  U201/ZN (INR3D0)                          0.10       3.33 r
  U343/ZN (CKND2D0)                         0.16       3.48 f
  U347/ZN (INVD0)                           0.05       3.53 r
  U348/ZN (AOI31D0)                         0.03       3.56 f
  U349/ZN (OAI222D0)                        0.11       3.67 r
  result[21] (out)                          0.00       3.67 r
  data arrival time                                    3.67

  clock vclk (rise edge)                   10.00      10.00
  clock network delay (ideal)               0.00      10.00
  output external delay                    -0.02       9.98
  data required time                                   9.98
  ------------------------------------------------------------
  data required time                                   9.98
  data arrival time                                   -3.67
  ------------------------------------------------------------
  slack (MET)                                          6.31


  Startpoint: x[22] (input port clocked by vclk)
  Endpoint: result[21] (output port clocked by vclk)
  Path Group: vclk
  Path Type: max

  Des/Clust/Port     Wire Load Model       Library
  ------------------------------------------------
  oadm_fixed_l1_mul_canonical ZeroWireload tcbn65gplustc_ccs

  Point                                     Incr       Path
  ------------------------------------------------------------
  clock vclk (rise edge)                    0.00       0.00
  clock network delay (ideal)               0.00       0.00
  input external delay                      0.02       0.02 f
  x[22] (in)                                0.01       0.03 f
  U273/ZN (INVD1)                           0.17       0.20 r
  U350/ZN (INVD1)                           0.18       0.38 f
  U458/ZN (AOI221D0)                        0.11       0.49 r
  U459/ZN (NR2D0)                           0.04       0.53 f
  U465/ZN (NR2D0)                           0.05       0.58 r
  U488/ZN (AOI21D0)                         0.04       0.62 f
  intadd_2_U20/CO (FA1D0)                   0.09       0.71 f
  intadd_2_U19/CO (FA1D0)                   0.06       0.76 f
  intadd_2_U18/CO (FA1D0)                   0.06       0.82 f
  intadd_2_U17/CO (FA1D0)                   0.06       0.87 f
  intadd_2_U16/CO (FA1D0)                   0.06       0.93 f
  intadd_2_U15/CO (FA1D0)                   0.06       0.98 f
  intadd_2_U14/CO (FA1D0)                   0.06       1.04 f
  intadd_2_U13/CO (FA1D0)                   0.06       1.09 f
  intadd_2_U12/CO (FA1D0)                   0.06       1.15 f
  intadd_2_U11/CO (FA1D0)                   0.06       1.21 f
  intadd_2_U10/CO (FA1D0)                   0.06       1.26 f
  intadd_2_U9/CO (FA1D0)                    0.06       1.32 f
  intadd_2_U8/CO (FA1D0)                    0.06       1.37 f
  intadd_2_U7/CO (FA1D0)                    0.06       1.43 f
  intadd_2_U6/CO (FA1D0)                    0.06       1.48 f
  intadd_2_U5/CO (FA1D0)                    0.06       1.54 f
  intadd_2_U4/CO (FA1D0)                    0.06       1.59 f
  intadd_2_U3/CO (FA1D0)                    0.06       1.65 f
  intadd_2_U2/CO (FA1D0)                    0.05       1.70 f
  U449/ZN (INVD0)                           0.02       1.72 r
  DP_OP_99J1_122_5649_U44/S (CMPE42D1)      0.06       1.79 r
  U470/ZN (INVD0)                           0.02       1.80 f
  intadd_0_U5/CO (FA1D0)                    0.10       1.90 f
  intadd_0_U4/CO (FA1D0)                    0.06       1.96 f
  intadd_0_U3/CO (FA1D0)                    0.06       2.01 f
  intadd_0_U2/CO (FA1D0)                    0.06       2.07 f
  U286/ZN (XNR2D0)                          0.06       2.13 f
  U287/ZN (NR2D0)                           0.08       2.22 r
  U295/Z (OR2D0)                            0.16       2.38 r
  U294/ZN (XNR2D0)                          0.10       2.48 f
  DP_OP_105J1_125_8532_U11/CO (FA1D0)       0.10       2.59 f
  DP_OP_105J1_125_8532_U10/CO (FA1D0)       0.06       2.64 f
  DP_OP_105J1_125_8532_U9/CO (FA1D0)        0.06       2.70 f
  DP_OP_105J1_125_8532_U8/CO (FA1D0)        0.06       2.75 f
  DP_OP_105J1_125_8532_U7/CO (FA1D0)        0.06       2.81 f
  DP_OP_105J1_125_8532_U6/CO (FA1D0)        0.06       2.87 f
  DP_OP_105J1_125_8532_U5/CO (FA1D0)        0.06       2.92 f
  DP_OP_105J1_125_8532_U4/CO (FA1D0)        0.06       2.98 f
  DP_OP_105J1_125_8532_U3/CO (FA1D0)        0.05       3.03 f
  U219/Z (XOR3D0)                           0.10       3.12 f
  U213/ZN (AOI21D0)                         0.11       3.23 r
  U201/ZN (INR3D0)                          0.10       3.33 r
  U343/ZN (CKND2D0)                         0.16       3.48 f
  U347/ZN (INVD0)                           0.05       3.53 r
  U348/ZN (AOI31D0)                         0.03       3.56 f
  U349/ZN (OAI222D0)                        0.11       3.67 r
  result[21] (out)                          0.00       3.67 r
  data arrival time                                    3.67

  clock vclk (rise edge)                   10.00      10.00
  clock network delay (ideal)               0.00      10.00
  output external delay                    -0.02       9.98
  data required time                                   9.98
  ------------------------------------------------------------
  data required time                                   9.98
  data arrival time                                   -3.67
  ------------------------------------------------------------
  slack (MET)                                          6.31


  Startpoint: x[22] (input port clocked by vclk)
  Endpoint: result[21] (output port clocked by vclk)
  Path Group: vclk
  Path Type: max

  Des/Clust/Port     Wire Load Model       Library
  ------------------------------------------------
  oadm_fixed_l1_mul_canonical ZeroWireload tcbn65gplustc_ccs

  Point                                     Incr       Path
  ------------------------------------------------------------
  clock vclk (rise edge)                    0.00       0.00
  clock network delay (ideal)               0.00       0.00
  input external delay                      0.02       0.02 f
  x[22] (in)                                0.01       0.03 f
  U273/ZN (INVD1)                           0.17       0.20 r
  U350/ZN (INVD1)                           0.18       0.38 f
  U458/ZN (AOI221D0)                        0.11       0.49 r
  U459/ZN (NR2D0)                           0.04       0.53 f
  U465/ZN (NR2D0)                           0.05       0.58 r
  U488/ZN (AOI21D0)                         0.04       0.62 f
  intadd_2_U20/CO (FA1D0)                   0.09       0.71 f
  intadd_2_U19/CO (FA1D0)                   0.06       0.76 f
  intadd_2_U18/CO (FA1D0)                   0.06       0.82 f
  intadd_2_U17/CO (FA1D0)                   0.06       0.87 f
  intadd_2_U16/CO (FA1D0)                   0.06       0.93 f
  intadd_2_U15/CO (FA1D0)                   0.06       0.98 f
  intadd_2_U14/CO (FA1D0)                   0.06       1.04 f
  intadd_2_U13/CO (FA1D0)                   0.06       1.09 f
  intadd_2_U12/CO (FA1D0)                   0.06       1.15 f
  intadd_2_U11/CO (FA1D0)                   0.06       1.21 f
  intadd_2_U10/CO (FA1D0)                   0.06       1.26 f
  intadd_2_U9/CO (FA1D0)                    0.06       1.32 f
  intadd_2_U8/CO (FA1D0)                    0.06       1.37 f
  intadd_2_U7/CO (FA1D0)                    0.06       1.43 f
  intadd_2_U6/CO (FA1D0)                    0.06       1.48 f
  intadd_2_U5/CO (FA1D0)                    0.06       1.54 f
  intadd_2_U4/CO (FA1D0)                    0.06       1.59 f
  intadd_2_U3/CO (FA1D0)                    0.06       1.65 f
  intadd_2_U2/CO (FA1D0)                    0.05       1.70 f
  U449/ZN (INVD0)                           0.02       1.72 r
  DP_OP_99J1_122_5649_U44/S (CMPE42D1)      0.06       1.79 r
  U470/ZN (INVD0)                           0.02       1.80 f
  intadd_0_U5/CO (FA1D0)                    0.10       1.90 f
  intadd_0_U4/CO (FA1D0)                    0.06       1.96 f
  intadd_0_U3/CO (FA1D0)                    0.06       2.01 f
  intadd_0_U2/CO (FA1D0)                    0.06       2.07 f
  U286/ZN (XNR2D0)                          0.06       2.13 f
  U287/ZN (NR2D0)                           0.08       2.22 r
  U295/Z (OR2D0)                            0.16       2.38 r
  U294/ZN (XNR2D0)                          0.10       2.48 f
  DP_OP_105J1_125_8532_U11/CO (FA1D0)       0.10       2.59 f
  DP_OP_105J1_125_8532_U10/CO (FA1D0)       0.06       2.64 f
  DP_OP_105J1_125_8532_U9/CO (FA1D0)        0.06       2.70 f
  DP_OP_105J1_125_8532_U8/CO (FA1D0)        0.06       2.75 f
  DP_OP_105J1_125_8532_U7/CO (FA1D0)        0.06       2.81 f
  DP_OP_105J1_125_8532_U6/CO (FA1D0)        0.06       2.87 f
  DP_OP_105J1_125_8532_U5/CO (FA1D0)        0.06       2.92 f
  DP_OP_105J1_125_8532_U4/CO (FA1D0)        0.06       2.98 f
  DP_OP_105J1_125_8532_U3/CO (FA1D0)        0.05       3.03 f
  U219/Z (XOR3D0)                           0.10       3.12 f
  U213/ZN (AOI21D0)                         0.11       3.23 r
  U201/ZN (INR3D0)                          0.10       3.33 r
  U343/ZN (CKND2D0)                         0.16       3.48 f
  U347/ZN (INVD0)                           0.05       3.53 r
  U348/ZN (AOI31D0)                         0.03       3.56 f
  U349/ZN (OAI222D0)                        0.11       3.67 r
  result[21] (out)                          0.00       3.67 r
  data arrival time                                    3.67

  clock vclk (rise edge)                   10.00      10.00
  clock network delay (ideal)               0.00      10.00
  output external delay                    -0.02       9.98
  data required time                                   9.98
  ------------------------------------------------------------
  data required time                                   9.98
  data arrival time                                   -3.67
  ------------------------------------------------------------
  slack (MET)                                          6.31


  Startpoint: x[22] (input port clocked by vclk)
  Endpoint: result[21] (output port clocked by vclk)
  Path Group: vclk
  Path Type: max

  Des/Clust/Port     Wire Load Model       Library
  ------------------------------------------------
  oadm_fixed_l1_mul_canonical ZeroWireload tcbn65gplustc_ccs

  Point                                     Incr       Path
  ------------------------------------------------------------
  clock vclk (rise edge)                    0.00       0.00
  clock network delay (ideal)               0.00       0.00
  input external delay                      0.02       0.02 f
  x[22] (in)                                0.01       0.03 f
  U273/ZN (INVD1)                           0.17       0.20 r
  U350/ZN (INVD1)                           0.18       0.38 f
  U458/ZN (AOI221D0)                        0.11       0.49 r
  U459/ZN (NR2D0)                           0.04       0.53 f
  U465/ZN (NR2D0)                           0.05       0.58 r
  U488/ZN (AOI21D0)                         0.04       0.62 f
  intadd_2_U20/CO (FA1D0)                   0.09       0.71 f
  intadd_2_U19/CO (FA1D0)                   0.06       0.76 f
  intadd_2_U18/CO (FA1D0)                   0.06       0.82 f
  intadd_2_U17/CO (FA1D0)                   0.06       0.87 f
  intadd_2_U16/CO (FA1D0)                   0.06       0.93 f
  intadd_2_U15/CO (FA1D0)                   0.06       0.98 f
  intadd_2_U14/CO (FA1D0)                   0.06       1.04 f
  intadd_2_U13/CO (FA1D0)                   0.06       1.09 f
  intadd_2_U12/CO (FA1D0)                   0.06       1.15 f
  intadd_2_U11/CO (FA1D0)                   0.06       1.21 f
  intadd_2_U10/CO (FA1D0)                   0.06       1.26 f
  intadd_2_U9/CO (FA1D0)                    0.06       1.32 f
  intadd_2_U8/CO (FA1D0)                    0.06       1.37 f
  intadd_2_U7/CO (FA1D0)                    0.06       1.43 f
  intadd_2_U6/CO (FA1D0)                    0.06       1.48 f
  intadd_2_U5/CO (FA1D0)                    0.06       1.54 f
  intadd_2_U4/CO (FA1D0)                    0.06       1.59 f
  intadd_2_U3/CO (FA1D0)                    0.06       1.65 f
  intadd_2_U2/CO (FA1D0)                    0.05       1.70 f
  U449/ZN (INVD0)                           0.02       1.72 r
  DP_OP_99J1_122_5649_U44/S (CMPE42D1)      0.06       1.79 r
  U470/ZN (INVD0)                           0.02       1.80 f
  intadd_0_U5/CO (FA1D0)                    0.10       1.90 f
  intadd_0_U4/CO (FA1D0)                    0.06       1.96 f
  intadd_0_U3/CO (FA1D0)                    0.06       2.01 f
  intadd_0_U2/CO (FA1D0)                    0.06       2.07 f
  U286/ZN (XNR2D0)                          0.06       2.13 f
  U287/ZN (NR2D0)                           0.08       2.22 r
  U295/Z (OR2D0)                            0.16       2.38 r
  U294/ZN (XNR2D0)                          0.10       2.48 f
  DP_OP_105J1_125_8532_U11/CO (FA1D0)       0.10       2.59 f
  DP_OP_105J1_125_8532_U10/CO (FA1D0)       0.06       2.64 f
  DP_OP_105J1_125_8532_U9/CO (FA1D0)        0.06       2.70 f
  DP_OP_105J1_125_8532_U8/CO (FA1D0)        0.06       2.75 f
  DP_OP_105J1_125_8532_U7/CO (FA1D0)        0.06       2.81 f
  DP_OP_105J1_125_8532_U6/CO (FA1D0)        0.06       2.87 f
  DP_OP_105J1_125_8532_U5/CO (FA1D0)        0.06       2.92 f
  DP_OP_105J1_125_8532_U4/CO (FA1D0)        0.06       2.98 f
  DP_OP_105J1_125_8532_U3/CO (FA1D0)        0.05       3.03 f
  U219/Z (XOR3D0)                           0.10       3.12 f
  U213/ZN (AOI21D0)                         0.11       3.23 r
  U201/ZN (INR3D0)                          0.10       3.33 r
  U343/ZN (CKND2D0)                         0.16       3.48 f
  U347/ZN (INVD0)                           0.05       3.53 r
  U348/ZN (AOI31D0)                         0.03       3.56 f
  U349/ZN (OAI222D0)                        0.11       3.67 r
  result[21] (out)                          0.00       3.67 r
  data arrival time                                    3.67

  clock vclk (rise edge)                   10.00      10.00
  clock network delay (ideal)               0.00      10.00
  output external delay                    -0.02       9.98
  data required time                                   9.98
  ------------------------------------------------------------
  data required time                                   9.98
  data arrival time                                   -3.67
  ------------------------------------------------------------
  slack (MET)                                          6.31


  Startpoint: x[22] (input port clocked by vclk)
  Endpoint: result[21] (output port clocked by vclk)
  Path Group: vclk
  Path Type: max

  Des/Clust/Port     Wire Load Model       Library
  ------------------------------------------------
  oadm_fixed_l1_mul_canonical ZeroWireload tcbn65gplustc_ccs

  Point                                     Incr       Path
  ------------------------------------------------------------
  clock vclk (rise edge)                    0.00       0.00
  clock network delay (ideal)               0.00       0.00
  input external delay                      0.02       0.02 f
  x[22] (in)                                0.01       0.03 f
  U273/ZN (INVD1)                           0.17       0.20 r
  U350/ZN (INVD1)                           0.18       0.38 f
  U458/ZN (AOI221D0)                        0.11       0.49 r
  U459/ZN (NR2D0)                           0.04       0.53 f
  U465/ZN (NR2D0)                           0.05       0.58 r
  U488/ZN (AOI21D0)                         0.04       0.62 f
  intadd_2_U20/CO (FA1D0)                   0.09       0.71 f
  intadd_2_U19/CO (FA1D0)                   0.06       0.76 f
  intadd_2_U18/CO (FA1D0)                   0.06       0.82 f
  intadd_2_U17/CO (FA1D0)                   0.06       0.87 f
  intadd_2_U16/CO (FA1D0)                   0.06       0.93 f
  intadd_2_U15/CO (FA1D0)                   0.06       0.98 f
  intadd_2_U14/CO (FA1D0)                   0.06       1.04 f
  intadd_2_U13/CO (FA1D0)                   0.06       1.09 f
  intadd_2_U12/CO (FA1D0)                   0.06       1.15 f
  intadd_2_U11/CO (FA1D0)                   0.06       1.21 f
  intadd_2_U10/CO (FA1D0)                   0.06       1.26 f
  intadd_2_U9/CO (FA1D0)                    0.06       1.32 f
  intadd_2_U8/CO (FA1D0)                    0.06       1.37 f
  intadd_2_U7/CO (FA1D0)                    0.06       1.43 f
  intadd_2_U6/CO (FA1D0)                    0.06       1.48 f
  intadd_2_U5/CO (FA1D0)                    0.06       1.54 f
  intadd_2_U4/CO (FA1D0)                    0.06       1.59 f
  intadd_2_U3/CO (FA1D0)                    0.06       1.65 f
  intadd_2_U2/CO (FA1D0)                    0.05       1.70 f
  U449/ZN (INVD0)                           0.02       1.72 r
  DP_OP_99J1_122_5649_U44/S (CMPE42D1)      0.06       1.79 r
  U470/ZN (INVD0)                           0.02       1.80 f
  intadd_0_U5/CO (FA1D0)                    0.10       1.90 f
  intadd_0_U4/CO (FA1D0)                    0.06       1.96 f
  intadd_0_U3/CO (FA1D0)                    0.06       2.01 f
  intadd_0_U2/CO (FA1D0)                    0.06       2.07 f
  U286/ZN (XNR2D0)                          0.06       2.13 f
  U287/ZN (NR2D0)                           0.08       2.22 r
  U295/Z (OR2D0)                            0.16       2.38 r
  U294/ZN (XNR2D0)                          0.10       2.48 f
  DP_OP_105J1_125_8532_U11/CO (FA1D0)       0.10       2.59 f
  DP_OP_105J1_125_8532_U10/CO (FA1D0)       0.06       2.64 f
  DP_OP_105J1_125_8532_U9/CO (FA1D0)        0.06       2.70 f
  DP_OP_105J1_125_8532_U8/CO (FA1D0)        0.06       2.75 f
  DP_OP_105J1_125_8532_U7/CO (FA1D0)        0.06       2.81 f
  DP_OP_105J1_125_8532_U6/CO (FA1D0)        0.06       2.87 f
  DP_OP_105J1_125_8532_U5/CO (FA1D0)        0.06       2.92 f
  DP_OP_105J1_125_8532_U4/CO (FA1D0)        0.06       2.98 f
  DP_OP_105J1_125_8532_U3/CO (FA1D0)        0.05       3.03 f
  U219/Z (XOR3D0)                           0.10       3.12 f
  U213/ZN (AOI21D0)                         0.11       3.23 r
  U201/ZN (INR3D0)                          0.10       3.33 r
  U343/ZN (CKND2D0)                         0.16       3.48 f
  U347/ZN (INVD0)                           0.05       3.53 r
  U348/ZN (AOI31D0)                         0.03       3.56 f
  U349/ZN (OAI222D0)                        0.11       3.67 r
  result[21] (out)                          0.00       3.67 r
  data arrival time                                    3.67

  clock vclk (rise edge)                   10.00      10.00
  clock network delay (ideal)               0.00      10.00
  output external delay                    -0.02       9.98
  data required time                                   9.98
  ------------------------------------------------------------
  data required time                                   9.98
  data arrival time                                   -3.67
  ------------------------------------------------------------
  slack (MET)                                          6.31


  Startpoint: x[22] (input port clocked by vclk)
  Endpoint: result[21] (output port clocked by vclk)
  Path Group: vclk
  Path Type: max

  Des/Clust/Port     Wire Load Model       Library
  ------------------------------------------------
  oadm_fixed_l1_mul_canonical ZeroWireload tcbn65gplustc_ccs

  Point                                     Incr       Path
  ------------------------------------------------------------
  clock vclk (rise edge)                    0.00       0.00
  clock network delay (ideal)               0.00       0.00
  input external delay                      0.02       0.02 f
  x[22] (in)                                0.01       0.03 f
  U273/ZN (INVD1)                           0.17       0.20 r
  U350/ZN (INVD1)                           0.18       0.38 f
  U458/ZN (AOI221D0)                        0.11       0.49 r
  U459/ZN (NR2D0)                           0.04       0.53 f
  U465/ZN (NR2D0)                           0.05       0.58 r
  U488/ZN (AOI21D0)                         0.04       0.62 f
  intadd_2_U20/CO (FA1D0)                   0.09       0.71 f
  intadd_2_U19/CO (FA1D0)                   0.06       0.76 f
  intadd_2_U18/CO (FA1D0)                   0.06       0.82 f
  intadd_2_U17/CO (FA1D0)                   0.06       0.87 f
  intadd_2_U16/CO (FA1D0)                   0.06       0.93 f
  intadd_2_U15/CO (FA1D0)                   0.06       0.98 f
  intadd_2_U14/CO (FA1D0)                   0.06       1.04 f
  intadd_2_U13/CO (FA1D0)                   0.06       1.09 f
  intadd_2_U12/CO (FA1D0)                   0.06       1.15 f
  intadd_2_U11/CO (FA1D0)                   0.06       1.21 f
  intadd_2_U10/CO (FA1D0)                   0.06       1.26 f
  intadd_2_U9/CO (FA1D0)                    0.06       1.32 f
  intadd_2_U8/CO (FA1D0)                    0.06       1.37 f
  intadd_2_U7/CO (FA1D0)                    0.06       1.43 f
  intadd_2_U6/CO (FA1D0)                    0.06       1.48 f
  intadd_2_U5/CO (FA1D0)                    0.06       1.54 f
  intadd_2_U4/CO (FA1D0)                    0.06       1.59 f
  intadd_2_U3/CO (FA1D0)                    0.06       1.65 f
  intadd_2_U2/CO (FA1D0)                    0.05       1.70 f
  U449/ZN (INVD0)                           0.02       1.72 r
  DP_OP_99J1_122_5649_U44/S (CMPE42D1)      0.06       1.79 r
  U470/ZN (INVD0)                           0.02       1.80 f
  intadd_0_U5/CO (FA1D0)                    0.10       1.90 f
  intadd_0_U4/CO (FA1D0)                    0.06       1.96 f
  intadd_0_U3/CO (FA1D0)                    0.06       2.01 f
  intadd_0_U2/CO (FA1D0)                    0.06       2.07 f
  U286/ZN (XNR2D0)                          0.06       2.13 f
  U287/ZN (NR2D0)                           0.08       2.22 r
  U295/Z (OR2D0)                            0.16       2.38 r
  U294/ZN (XNR2D0)                          0.10       2.48 f
  DP_OP_105J1_125_8532_U11/CO (FA1D0)       0.10       2.59 f
  DP_OP_105J1_125_8532_U10/CO (FA1D0)       0.06       2.64 f
  DP_OP_105J1_125_8532_U9/CO (FA1D0)        0.06       2.70 f
  DP_OP_105J1_125_8532_U8/CO (FA1D0)        0.06       2.75 f
  DP_OP_105J1_125_8532_U7/CO (FA1D0)        0.06       2.81 f
  DP_OP_105J1_125_8532_U6/CO (FA1D0)        0.06       2.87 f
  DP_OP_105J1_125_8532_U5/CO (FA1D0)        0.06       2.92 f
  DP_OP_105J1_125_8532_U4/CO (FA1D0)        0.06       2.98 f
  DP_OP_105J1_125_8532_U3/CO (FA1D0)        0.05       3.03 f
  U219/Z (XOR3D0)                           0.10       3.12 f
  U213/ZN (AOI21D0)                         0.11       3.23 r
  U201/ZN (INR3D0)                          0.10       3.33 r
  U343/ZN (CKND2D0)                         0.16       3.48 f
  U347/ZN (INVD0)                           0.05       3.53 r
  U348/ZN (AOI31D0)                         0.03       3.56 f
  U349/ZN (OAI222D0)                        0.11       3.67 r
  result[21] (out)                          0.00       3.67 r
  data arrival time                                    3.67

  clock vclk (rise edge)                   10.00      10.00
  clock network delay (ideal)               0.00      10.00
  output external delay                    -0.02       9.98
  data required time                                   9.98
  ------------------------------------------------------------
  data required time                                   9.98
  data arrival time                                   -3.67
  ------------------------------------------------------------
  slack (MET)                                          6.31


  Startpoint: x[22] (input port clocked by vclk)
  Endpoint: result[21] (output port clocked by vclk)
  Path Group: vclk
  Path Type: max

  Des/Clust/Port     Wire Load Model       Library
  ------------------------------------------------
  oadm_fixed_l1_mul_canonical ZeroWireload tcbn65gplustc_ccs

  Point                                     Incr       Path
  ------------------------------------------------------------
  clock vclk (rise edge)                    0.00       0.00
  clock network delay (ideal)               0.00       0.00
  input external delay                      0.02       0.02 f
  x[22] (in)                                0.01       0.03 f
  U273/ZN (INVD1)                           0.17       0.20 r
  U350/ZN (INVD1)                           0.18       0.38 f
  U458/ZN (AOI221D0)                        0.11       0.49 r
  U459/ZN (NR2D0)                           0.04       0.53 f
  U465/ZN (NR2D0)                           0.05       0.58 r
  U488/ZN (AOI21D0)                         0.04       0.62 f
  intadd_2_U20/CO (FA1D0)                   0.09       0.71 f
  intadd_2_U19/CO (FA1D0)                   0.06       0.76 f
  intadd_2_U18/CO (FA1D0)                   0.06       0.82 f
  intadd_2_U17/CO (FA1D0)                   0.06       0.87 f
  intadd_2_U16/CO (FA1D0)                   0.06       0.93 f
  intadd_2_U15/CO (FA1D0)                   0.06       0.98 f
  intadd_2_U14/CO (FA1D0)                   0.06       1.04 f
  intadd_2_U13/CO (FA1D0)                   0.06       1.09 f
  intadd_2_U12/CO (FA1D0)                   0.06       1.15 f
  intadd_2_U11/CO (FA1D0)                   0.06       1.21 f
  intadd_2_U10/CO (FA1D0)                   0.06       1.26 f
  intadd_2_U9/CO (FA1D0)                    0.06       1.32 f
  intadd_2_U8/CO (FA1D0)                    0.06       1.37 f
  intadd_2_U7/CO (FA1D0)                    0.06       1.43 f
  intadd_2_U6/CO (FA1D0)                    0.06       1.48 f
  intadd_2_U5/CO (FA1D0)                    0.06       1.54 f
  intadd_2_U4/CO (FA1D0)                    0.06       1.59 f
  intadd_2_U3/CO (FA1D0)                    0.06       1.65 f
  intadd_2_U2/CO (FA1D0)                    0.05       1.70 f
  U449/ZN (INVD0)                           0.02       1.72 r
  DP_OP_99J1_122_5649_U44/S (CMPE42D1)      0.06       1.79 r
  U470/ZN (INVD0)                           0.02       1.80 f
  intadd_0_U5/CO (FA1D0)                    0.10       1.90 f
  intadd_0_U4/CO (FA1D0)                    0.06       1.96 f
  intadd_0_U3/CO (FA1D0)                    0.06       2.01 f
  intadd_0_U2/CO (FA1D0)                    0.06       2.07 f
  U286/ZN (XNR2D0)                          0.06       2.13 f
  U287/ZN (NR2D0)                           0.08       2.22 r
  U295/Z (OR2D0)                            0.16       2.38 r
  U294/ZN (XNR2D0)                          0.10       2.48 f
  DP_OP_105J1_125_8532_U11/CO (FA1D0)       0.10       2.59 f
  DP_OP_105J1_125_8532_U10/CO (FA1D0)       0.06       2.64 f
  DP_OP_105J1_125_8532_U9/CO (FA1D0)        0.06       2.70 f
  DP_OP_105J1_125_8532_U8/CO (FA1D0)        0.06       2.75 f
  DP_OP_105J1_125_8532_U7/CO (FA1D0)        0.06       2.81 f
  DP_OP_105J1_125_8532_U6/CO (FA1D0)        0.06       2.87 f
  DP_OP_105J1_125_8532_U5/CO (FA1D0)        0.06       2.92 f
  DP_OP_105J1_125_8532_U4/CO (FA1D0)        0.06       2.98 f
  DP_OP_105J1_125_8532_U3/CO (FA1D0)        0.05       3.03 f
  U219/Z (XOR3D0)                           0.10       3.12 f
  U213/ZN (AOI21D0)                         0.11       3.23 r
  U201/ZN (INR3D0)                          0.10       3.33 r
  U343/ZN (CKND2D0)                         0.16       3.48 f
  U347/ZN (INVD0)                           0.05       3.53 r
  U348/ZN (AOI31D0)                         0.03       3.56 f
  U349/ZN (OAI222D0)                        0.11       3.67 r
  result[21] (out)                          0.00       3.67 r
  data arrival time                                    3.67

  clock vclk (rise edge)                   10.00      10.00
  clock network delay (ideal)               0.00      10.00
  output external delay                    -0.02       9.98
  data required time                                   9.98
  ------------------------------------------------------------
  data required time                                   9.98
  data arrival time                                   -3.67
  ------------------------------------------------------------
  slack (MET)                                          6.31


  Startpoint: x[22] (input port clocked by vclk)
  Endpoint: result[21] (output port clocked by vclk)
  Path Group: vclk
  Path Type: max

  Des/Clust/Port     Wire Load Model       Library
  ------------------------------------------------
  oadm_fixed_l1_mul_canonical ZeroWireload tcbn65gplustc_ccs

  Point                                     Incr       Path
  ------------------------------------------------------------
  clock vclk (rise edge)                    0.00       0.00
  clock network delay (ideal)               0.00       0.00
  input external delay                      0.02       0.02 f
  x[22] (in)                                0.01       0.03 f
  U273/ZN (INVD1)                           0.17       0.20 r
  U350/ZN (INVD1)                           0.18       0.38 f
  U458/ZN (AOI221D0)                        0.11       0.49 r
  U459/ZN (NR2D0)                           0.04       0.53 f
  U465/ZN (NR2D0)                           0.05       0.58 r
  U488/ZN (AOI21D0)                         0.04       0.62 f
  intadd_2_U20/CO (FA1D0)                   0.09       0.71 f
  intadd_2_U19/CO (FA1D0)                   0.06       0.76 f
  intadd_2_U18/CO (FA1D0)                   0.06       0.82 f
  intadd_2_U17/CO (FA1D0)                   0.06       0.87 f
  intadd_2_U16/CO (FA1D0)                   0.06       0.93 f
  intadd_2_U15/CO (FA1D0)                   0.06       0.98 f
  intadd_2_U14/CO (FA1D0)                   0.06       1.04 f
  intadd_2_U13/CO (FA1D0)                   0.06       1.09 f
  intadd_2_U12/CO (FA1D0)                   0.06       1.15 f
  intadd_2_U11/CO (FA1D0)                   0.06       1.21 f
  intadd_2_U10/CO (FA1D0)                   0.06       1.26 f
  intadd_2_U9/CO (FA1D0)                    0.06       1.32 f
  intadd_2_U8/CO (FA1D0)                    0.06       1.37 f
  intadd_2_U7/CO (FA1D0)                    0.06       1.43 f
  intadd_2_U6/CO (FA1D0)                    0.06       1.48 f
  intadd_2_U5/CO (FA1D0)                    0.06       1.54 f
  intadd_2_U4/CO (FA1D0)                    0.06       1.59 f
  intadd_2_U3/CO (FA1D0)                    0.06       1.65 f
  intadd_2_U2/CO (FA1D0)                    0.05       1.70 f
  U449/ZN (INVD0)                           0.02       1.72 r
  DP_OP_99J1_122_5649_U44/S (CMPE42D1)      0.06       1.79 r
  U470/ZN (INVD0)                           0.02       1.80 f
  intadd_0_U5/CO (FA1D0)                    0.10       1.90 f
  intadd_0_U4/CO (FA1D0)                    0.06       1.96 f
  intadd_0_U3/CO (FA1D0)                    0.06       2.01 f
  intadd_0_U2/CO (FA1D0)                    0.06       2.07 f
  U286/ZN (XNR2D0)                          0.06       2.13 f
  U287/ZN (NR2D0)                           0.08       2.22 r
  U295/Z (OR2D0)                            0.16       2.38 r
  U294/ZN (XNR2D0)                          0.10       2.48 f
  DP_OP_105J1_125_8532_U11/CO (FA1D0)       0.10       2.59 f
  DP_OP_105J1_125_8532_U10/CO (FA1D0)       0.06       2.64 f
  DP_OP_105J1_125_8532_U9/CO (FA1D0)        0.06       2.70 f
  DP_OP_105J1_125_8532_U8/CO (FA1D0)        0.06       2.75 f
  DP_OP_105J1_125_8532_U7/CO (FA1D0)        0.06       2.81 f
  DP_OP_105J1_125_8532_U6/CO (FA1D0)        0.06       2.87 f
  DP_OP_105J1_125_8532_U5/CO (FA1D0)        0.06       2.92 f
  DP_OP_105J1_125_8532_U4/CO (FA1D0)        0.06       2.98 f
  DP_OP_105J1_125_8532_U3/CO (FA1D0)        0.05       3.03 f
  U219/Z (XOR3D0)                           0.10       3.12 f
  U213/ZN (AOI21D0)                         0.11       3.23 r
  U201/ZN (INR3D0)                          0.10       3.33 r
  U343/ZN (CKND2D0)                         0.16       3.48 f
  U347/ZN (INVD0)                           0.05       3.53 r
  U348/ZN (AOI31D0)                         0.03       3.56 f
  U349/ZN (OAI222D0)                        0.11       3.67 r
  result[21] (out)                          0.00       3.67 r
  data arrival time                                    3.67

  clock vclk (rise edge)                   10.00      10.00
  clock network delay (ideal)               0.00      10.00
  output external delay                    -0.02       9.98
  data required time                                   9.98
  ------------------------------------------------------------
  data required time                                   9.98
  data arrival time                                   -3.67
  ------------------------------------------------------------
  slack (MET)                                          6.31


  Startpoint: x[22] (input port clocked by vclk)
  Endpoint: result[21] (output port clocked by vclk)
  Path Group: vclk
  Path Type: max

  Des/Clust/Port     Wire Load Model       Library
  ------------------------------------------------
  oadm_fixed_l1_mul_canonical ZeroWireload tcbn65gplustc_ccs

  Point                                     Incr       Path
  ------------------------------------------------------------
  clock vclk (rise edge)                    0.00       0.00
  clock network delay (ideal)               0.00       0.00
  input external delay                      0.02       0.02 f
  x[22] (in)                                0.01       0.03 f
  U273/ZN (INVD1)                           0.17       0.20 r
  U350/ZN (INVD1)                           0.18       0.38 f
  U458/ZN (AOI221D0)                        0.11       0.49 r
  U459/ZN (NR2D0)                           0.04       0.53 f
  U465/ZN (NR2D0)                           0.05       0.58 r
  U488/ZN (AOI21D0)                         0.04       0.62 f
  intadd_2_U20/CO (FA1D0)                   0.09       0.71 f
  intadd_2_U19/CO (FA1D0)                   0.06       0.76 f
  intadd_2_U18/CO (FA1D0)                   0.06       0.82 f
  intadd_2_U17/CO (FA1D0)                   0.06       0.87 f
  intadd_2_U16/CO (FA1D0)                   0.06       0.93 f
  intadd_2_U15/CO (FA1D0)                   0.06       0.98 f
  intadd_2_U14/CO (FA1D0)                   0.06       1.04 f
  intadd_2_U13/CO (FA1D0)                   0.06       1.09 f
  intadd_2_U12/CO (FA1D0)                   0.06       1.15 f
  intadd_2_U11/CO (FA1D0)                   0.06       1.21 f
  intadd_2_U10/CO (FA1D0)                   0.06       1.26 f
  intadd_2_U9/CO (FA1D0)                    0.06       1.32 f
  intadd_2_U8/CO (FA1D0)                    0.06       1.37 f
  intadd_2_U7/CO (FA1D0)                    0.06       1.43 f
  intadd_2_U6/CO (FA1D0)                    0.06       1.48 f
  intadd_2_U5/CO (FA1D0)                    0.06       1.54 f
  intadd_2_U4/CO (FA1D0)                    0.06       1.59 f
  intadd_2_U3/CO (FA1D0)                    0.06       1.65 f
  intadd_2_U2/CO (FA1D0)                    0.05       1.70 f
  U449/ZN (INVD0)                           0.02       1.72 r
  DP_OP_99J1_122_5649_U44/S (CMPE42D1)      0.06       1.79 r
  U470/ZN (INVD0)                           0.02       1.80 f
  intadd_0_U5/CO (FA1D0)                    0.10       1.90 f
  intadd_0_U4/CO (FA1D0)                    0.06       1.96 f
  intadd_0_U3/CO (FA1D0)                    0.06       2.01 f
  intadd_0_U2/CO (FA1D0)                    0.06       2.07 f
  U286/ZN (XNR2D0)                          0.06       2.13 f
  U287/ZN (NR2D0)                           0.08       2.22 r
  U295/Z (OR2D0)                            0.16       2.38 r
  U294/ZN (XNR2D0)                          0.10       2.48 f
  DP_OP_105J1_125_8532_U11/CO (FA1D0)       0.10       2.59 f
  DP_OP_105J1_125_8532_U10/CO (FA1D0)       0.06       2.64 f
  DP_OP_105J1_125_8532_U9/CO (FA1D0)        0.06       2.70 f
  DP_OP_105J1_125_8532_U8/CO (FA1D0)        0.06       2.75 f
  DP_OP_105J1_125_8532_U7/CO (FA1D0)        0.06       2.81 f
  DP_OP_105J1_125_8532_U6/CO (FA1D0)        0.06       2.87 f
  DP_OP_105J1_125_8532_U5/CO (FA1D0)        0.06       2.92 f
  DP_OP_105J1_125_8532_U4/CO (FA1D0)        0.06       2.98 f
  DP_OP_105J1_125_8532_U3/CO (FA1D0)        0.05       3.03 f
  U219/Z (XOR3D0)                           0.10       3.12 f
  U213/ZN (AOI21D0)                         0.11       3.23 r
  U201/ZN (INR3D0)                          0.10       3.33 r
  U343/ZN (CKND2D0)                         0.16       3.48 f
  U347/ZN (INVD0)                           0.05       3.53 r
  U348/ZN (AOI31D0)                         0.03       3.56 f
  U349/ZN (OAI222D0)                        0.11       3.67 r
  result[21] (out)                          0.00       3.67 r
  data arrival time                                    3.67

  clock vclk (rise edge)                   10.00      10.00
  clock network delay (ideal)               0.00      10.00
  output external delay                    -0.02       9.98
  data required time                                   9.98
  ------------------------------------------------------------
  data required time                                   9.98
  data arrival time                                   -3.67
  ------------------------------------------------------------
  slack (MET)                                          6.31


1
