 
****************************************
check_design summary:
Version:     U-2022.12-SP7
Date:        Tue Aug 18 02:31:01 2026
****************************************

                   Name                                            Total
--------------------------------------------------------------------------------
Inputs/Outputs                                                    400
    Unconnected ports (LINT-28)                                   400

Cells                                                             206
    Connected to power or ground (LINT-32)                        202
    Nets connected to multiple pins on same cell (LINT-33)          4
--------------------------------------------------------------------------------

Warning: In design 'oadm_pipe_cut_198_0', port 'clk' is not connected to any nets. (LINT-28)
Warning: In design 'oadm_pipe_cut_198_0', port 'data_in[197]' is not connected to any nets. (LINT-28)
Warning: In design 'oadm_pipe_cut_198_0', port 'data_in[168]' is not connected to any nets. (LINT-28)
Warning: In design 'oadm_pipe_cut_198_0', port 'data_in[139]' is not connected to any nets. (LINT-28)
Warning: In design 'oadm_pipe_cut_198_0', port 'data_in[138]' is not connected to any nets. (LINT-28)
Warning: In design 'oadm_pipe_cut_198_0', port 'data_in[137]' is not connected to any nets. (LINT-28)
Warning: In design 'oadm_pipe_cut_198_0', port 'data_in[136]' is not connected to any nets. (LINT-28)
Warning: In design 'oadm_pipe_cut_198_0', port 'data_in[135]' is not connected to any nets. (LINT-28)
Warning: In design 'oadm_pipe_cut_198_0', port 'data_in[134]' is not connected to any nets. (LINT-28)
Warning: In design 'oadm_pipe_cut_198_0', port 'data_in[132]' is not connected to any nets. (LINT-28)
Warning: In design 'oadm_pipe_cut_198_0', port 'data_in[131]' is not connected to any nets. (LINT-28)
Warning: In design 'oadm_pipe_cut_198_0', port 'data_in[130]' is not connected to any nets. (LINT-28)
Warning: In design 'oadm_pipe_cut_198_0', port 'data_in[129]' is not connected to any nets. (LINT-28)
Warning: In design 'oadm_pipe_cut_198_0', port 'data_in[128]' is not connected to any nets. (LINT-28)
Warning: In design 'oadm_pipe_cut_198_0', port 'data_in[127]' is not connected to any nets. (LINT-28)
Warning: In design 'oadm_pipe_cut_198_0', port 'data_in[126]' is not connected to any nets. (LINT-28)
Warning: In design 'oadm_pipe_cut_198_0', port 'data_in[125]' is not connected to any nets. (LINT-28)
Warning: In design 'oadm_pipe_cut_198_0', port 'data_in[124]' is not connected to any nets. (LINT-28)
Warning: In design 'oadm_pipe_cut_198_0', port 'data_in[123]' is not connected to any nets. (LINT-28)
Warning: In design 'oadm_pipe_cut_198_0', port 'data_in[122]' is not connected to any nets. (LINT-28)
Warning: In design 'oadm_pipe_cut_198_0', port 'data_in[121]' is not connected to any nets. (LINT-28)
Warning: In design 'oadm_pipe_cut_198_0', port 'data_in[120]' is not connected to any nets. (LINT-28)
Warning: In design 'oadm_pipe_cut_198_0', port 'data_in[119]' is not connected to any nets. (LINT-28)
Warning: In design 'oadm_pipe_cut_198_0', port 'data_in[118]' is not connected to any nets. (LINT-28)
Warning: In design 'oadm_pipe_cut_198_0', port 'data_in[117]' is not connected to any nets. (LINT-28)
Warning: In design 'oadm_pipe_cut_198_0', port 'data_in[116]' is not connected to any nets. (LINT-28)
Warning: In design 'oadm_pipe_cut_198_0', port 'data_in[115]' is not connected to any nets. (LINT-28)
Warning: In design 'oadm_pipe_cut_198_0', port 'data_in[114]' is not connected to any nets. (LINT-28)
Warning: In design 'oadm_pipe_cut_198_0', port 'data_in[113]' is not connected to any nets. (LINT-28)
Warning: In design 'oadm_pipe_cut_198_0', port 'data_in[112]' is not connected to any nets. (LINT-28)
Warning: In design 'oadm_pipe_cut_198_0', port 'data_in[111]' is not connected to any nets. (LINT-28)
Warning: In design 'oadm_pipe_cut_198_0', port 'data_in[110]' is not connected to any nets. (LINT-28)
Warning: In design 'oadm_pipe_cut_198_0', port 'data_in[109]' is not connected to any nets. (LINT-28)
Warning: In design 'oadm_pipe_cut_198_0', port 'data_in[108]' is not connected to any nets. (LINT-28)
Warning: In design 'oadm_pipe_cut_198_0', port 'data_in[107]' is not connected to any nets. (LINT-28)
Warning: In design 'oadm_pipe_cut_198_0', port 'data_in[106]' is not connected to any nets. (LINT-28)
Warning: In design 'oadm_pipe_cut_198_0', port 'data_in[105]' is not connected to any nets. (LINT-28)
Warning: In design 'oadm_pipe_cut_198_0', port 'data_in[103]' is not connected to any nets. (LINT-28)
Warning: In design 'oadm_pipe_cut_198_0', port 'data_in[102]' is not connected to any nets. (LINT-28)
Warning: In design 'oadm_pipe_cut_198_0', port 'data_in[101]' is not connected to any nets. (LINT-28)
Warning: In design 'oadm_pipe_cut_198_0', port 'data_in[100]' is not connected to any nets. (LINT-28)
Warning: In design 'oadm_pipe_cut_198_0', port 'data_in[99]' is not connected to any nets. (LINT-28)
Warning: In design 'oadm_pipe_cut_198_0', port 'data_in[98]' is not connected to any nets. (LINT-28)
Warning: In design 'oadm_pipe_cut_198_0', port 'data_in[97]' is not connected to any nets. (LINT-28)
Warning: In design 'oadm_pipe_cut_198_0', port 'data_in[96]' is not connected to any nets. (LINT-28)
Warning: In design 'oadm_pipe_cut_198_0', port 'data_in[95]' is not connected to any nets. (LINT-28)
Warning: In design 'oadm_pipe_cut_198_0', port 'data_in[94]' is not connected to any nets. (LINT-28)
Warning: In design 'oadm_pipe_cut_198_0', port 'data_in[93]' is not connected to any nets. (LINT-28)
Warning: In design 'oadm_pipe_cut_198_0', port 'data_in[92]' is not connected to any nets. (LINT-28)
Warning: In design 'oadm_pipe_cut_198_0', port 'data_in[91]' is not connected to any nets. (LINT-28)
Warning: In design 'oadm_pipe_cut_198_0', port 'data_in[90]' is not connected to any nets. (LINT-28)
Warning: In design 'oadm_pipe_cut_198_0', port 'data_in[89]' is not connected to any nets. (LINT-28)
Warning: In design 'oadm_pipe_cut_198_0', port 'data_in[88]' is not connected to any nets. (LINT-28)
Warning: In design 'oadm_pipe_cut_198_0', port 'data_in[87]' is not connected to any nets. (LINT-28)
Warning: In design 'oadm_pipe_cut_198_0', port 'data_in[86]' is not connected to any nets. (LINT-28)
Warning: In design 'oadm_pipe_cut_198_0', port 'data_in[85]' is not connected to any nets. (LINT-28)
Warning: In design 'oadm_pipe_cut_198_0', port 'data_in[84]' is not connected to any nets. (LINT-28)
Warning: In design 'oadm_pipe_cut_198_0', port 'data_in[83]' is not connected to any nets. (LINT-28)
Warning: In design 'oadm_pipe_cut_198_0', port 'data_in[82]' is not connected to any nets. (LINT-28)
Warning: In design 'oadm_pipe_cut_198_0', port 'data_in[81]' is not connected to any nets. (LINT-28)
Warning: In design 'oadm_pipe_cut_198_0', port 'data_in[80]' is not connected to any nets. (LINT-28)
Warning: In design 'oadm_pipe_cut_198_0', port 'data_in[79]' is not connected to any nets. (LINT-28)
Warning: In design 'oadm_pipe_cut_198_0', port 'data_in[78]' is not connected to any nets. (LINT-28)
Warning: In design 'oadm_pipe_cut_198_0', port 'data_in[77]' is not connected to any nets. (LINT-28)
Warning: In design 'oadm_pipe_cut_198_0', port 'data_in[76]' is not connected to any nets. (LINT-28)
Warning: In design 'oadm_pipe_cut_198_0', port 'data_in[52]' is not connected to any nets. (LINT-28)
Warning: In design 'oadm_pipe_cut_198_0', port 'data_in[51]' is not connected to any nets. (LINT-28)
Warning: In design 'oadm_pipe_cut_198_0', port 'data_in[50]' is not connected to any nets. (LINT-28)
Warning: In design 'oadm_pipe_cut_198_0', port 'data_in[49]' is not connected to any nets. (LINT-28)
Warning: In design 'oadm_pipe_cut_198_0', port 'data_in[48]' is not connected to any nets. (LINT-28)
Warning: In design 'oadm_pipe_cut_198_0', port 'data_in[47]' is not connected to any nets. (LINT-28)
Warning: In design 'oadm_pipe_cut_198_0', port 'data_in[46]' is not connected to any nets. (LINT-28)
Warning: In design 'oadm_pipe_cut_198_0', port 'data_in[23]' is not connected to any nets. (LINT-28)
Warning: In design 'oadm_pipe_cut_198_0', port 'data_in[22]' is not connected to any nets. (LINT-28)
Warning: In design 'oadm_pipe_cut_198_0', port 'data_in[15]' is not connected to any nets. (LINT-28)
Warning: In design 'oadm_pipe_cut_198_0', port 'data_in[14]' is not connected to any nets. (LINT-28)
Warning: In design 'oadm_pipe_cut_198_0', port 'data_out[197]' is not connected to any nets. (LINT-28)
Warning: In design 'oadm_pipe_cut_198_0', port 'data_out[168]' is not connected to any nets. (LINT-28)
Warning: In design 'oadm_pipe_cut_198_0', port 'data_out[139]' is not connected to any nets. (LINT-28)
Warning: In design 'oadm_pipe_cut_198_0', port 'data_out[138]' is not connected to any nets. (LINT-28)
Warning: In design 'oadm_pipe_cut_198_0', port 'data_out[137]' is not connected to any nets. (LINT-28)
Warning: In design 'oadm_pipe_cut_198_0', port 'data_out[136]' is not connected to any nets. (LINT-28)
Warning: In design 'oadm_pipe_cut_198_0', port 'data_out[135]' is not connected to any nets. (LINT-28)
Warning: In design 'oadm_pipe_cut_198_0', port 'data_out[134]' is not connected to any nets. (LINT-28)
Warning: In design 'oadm_pipe_cut_198_0', port 'data_out[132]' is not connected to any nets. (LINT-28)
Warning: In design 'oadm_pipe_cut_198_0', port 'data_out[131]' is not connected to any nets. (LINT-28)
Warning: In design 'oadm_pipe_cut_198_0', port 'data_out[130]' is not connected to any nets. (LINT-28)
Warning: In design 'oadm_pipe_cut_198_0', port 'data_out[129]' is not connected to any nets. (LINT-28)
Warning: In design 'oadm_pipe_cut_198_0', port 'data_out[128]' is not connected to any nets. (LINT-28)
Warning: In design 'oadm_pipe_cut_198_0', port 'data_out[127]' is not connected to any nets. (LINT-28)
Warning: In design 'oadm_pipe_cut_198_0', port 'data_out[126]' is not connected to any nets. (LINT-28)
Warning: In design 'oadm_pipe_cut_198_0', port 'data_out[125]' is not connected to any nets. (LINT-28)
Warning: In design 'oadm_pipe_cut_198_0', port 'data_out[124]' is not connected to any nets. (LINT-28)
Warning: In design 'oadm_pipe_cut_198_0', port 'data_out[123]' is not connected to any nets. (LINT-28)
Warning: In design 'oadm_pipe_cut_198_0', port 'data_out[122]' is not connected to any nets. (LINT-28)
Warning: In design 'oadm_pipe_cut_198_0', port 'data_out[121]' is not connected to any nets. (LINT-28)
Warning: In design 'oadm_pipe_cut_198_0', port 'data_out[120]' is not connected to any nets. (LINT-28)
Warning: In design 'oadm_pipe_cut_198_0', port 'data_out[119]' is not connected to any nets. (LINT-28)
Warning: In design 'oadm_pipe_cut_198_0', port 'data_out[118]' is not connected to any nets. (LINT-28)
Warning: In design 'oadm_pipe_cut_198_0', port 'data_out[117]' is not connected to any nets. (LINT-28)
Warning: In design 'oadm_pipe_cut_198_0', port 'data_out[116]' is not connected to any nets. (LINT-28)
Warning: In design 'oadm_pipe_cut_198_0', port 'data_out[115]' is not connected to any nets. (LINT-28)
Warning: In design 'oadm_pipe_cut_198_0', port 'data_out[114]' is not connected to any nets. (LINT-28)
Warning: In design 'oadm_pipe_cut_198_0', port 'data_out[113]' is not connected to any nets. (LINT-28)
Warning: In design 'oadm_pipe_cut_198_0', port 'data_out[112]' is not connected to any nets. (LINT-28)
Warning: In design 'oadm_pipe_cut_198_0', port 'data_out[111]' is not connected to any nets. (LINT-28)
Warning: In design 'oadm_pipe_cut_198_0', port 'data_out[110]' is not connected to any nets. (LINT-28)
Warning: In design 'oadm_pipe_cut_198_0', port 'data_out[109]' is not connected to any nets. (LINT-28)
Warning: In design 'oadm_pipe_cut_198_0', port 'data_out[108]' is not connected to any nets. (LINT-28)
Warning: In design 'oadm_pipe_cut_198_0', port 'data_out[107]' is not connected to any nets. (LINT-28)
Warning: In design 'oadm_pipe_cut_198_0', port 'data_out[106]' is not connected to any nets. (LINT-28)
Warning: In design 'oadm_pipe_cut_198_0', port 'data_out[105]' is not connected to any nets. (LINT-28)
Warning: In design 'oadm_pipe_cut_198_0', port 'data_out[103]' is not connected to any nets. (LINT-28)
Warning: In design 'oadm_pipe_cut_198_0', port 'data_out[102]' is not connected to any nets. (LINT-28)
Warning: In design 'oadm_pipe_cut_198_0', port 'data_out[101]' is not connected to any nets. (LINT-28)
Warning: In design 'oadm_pipe_cut_198_0', port 'data_out[100]' is not connected to any nets. (LINT-28)
Warning: In design 'oadm_pipe_cut_198_0', port 'data_out[99]' is not connected to any nets. (LINT-28)
Warning: In design 'oadm_pipe_cut_198_0', port 'data_out[98]' is not connected to any nets. (LINT-28)
Warning: In design 'oadm_pipe_cut_198_0', port 'data_out[97]' is not connected to any nets. (LINT-28)
Warning: In design 'oadm_pipe_cut_198_0', port 'data_out[96]' is not connected to any nets. (LINT-28)
Warning: In design 'oadm_pipe_cut_198_0', port 'data_out[95]' is not connected to any nets. (LINT-28)
Warning: In design 'oadm_pipe_cut_198_0', port 'data_out[94]' is not connected to any nets. (LINT-28)
Warning: In design 'oadm_pipe_cut_198_0', port 'data_out[93]' is not connected to any nets. (LINT-28)
Warning: In design 'oadm_pipe_cut_198_0', port 'data_out[92]' is not connected to any nets. (LINT-28)
Warning: In design 'oadm_pipe_cut_198_0', port 'data_out[91]' is not connected to any nets. (LINT-28)
Warning: In design 'oadm_pipe_cut_198_0', port 'data_out[90]' is not connected to any nets. (LINT-28)
Warning: In design 'oadm_pipe_cut_198_0', port 'data_out[89]' is not connected to any nets. (LINT-28)
Warning: In design 'oadm_pipe_cut_198_0', port 'data_out[88]' is not connected to any nets. (LINT-28)
Warning: In design 'oadm_pipe_cut_198_0', port 'data_out[87]' is not connected to any nets. (LINT-28)
Warning: In design 'oadm_pipe_cut_198_0', port 'data_out[86]' is not connected to any nets. (LINT-28)
Warning: In design 'oadm_pipe_cut_198_0', port 'data_out[85]' is not connected to any nets. (LINT-28)
Warning: In design 'oadm_pipe_cut_198_0', port 'data_out[84]' is not connected to any nets. (LINT-28)
Warning: In design 'oadm_pipe_cut_198_0', port 'data_out[83]' is not connected to any nets. (LINT-28)
Warning: In design 'oadm_pipe_cut_198_0', port 'data_out[82]' is not connected to any nets. (LINT-28)
Warning: In design 'oadm_pipe_cut_198_0', port 'data_out[81]' is not connected to any nets. (LINT-28)
Warning: In design 'oadm_pipe_cut_198_0', port 'data_out[80]' is not connected to any nets. (LINT-28)
Warning: In design 'oadm_pipe_cut_198_0', port 'data_out[79]' is not connected to any nets. (LINT-28)
Warning: In design 'oadm_pipe_cut_198_0', port 'data_out[78]' is not connected to any nets. (LINT-28)
Warning: In design 'oadm_pipe_cut_198_0', port 'data_out[77]' is not connected to any nets. (LINT-28)
Warning: In design 'oadm_pipe_cut_198_0', port 'data_out[76]' is not connected to any nets. (LINT-28)
Warning: In design 'oadm_pipe_cut_198_0', port 'data_out[52]' is not connected to any nets. (LINT-28)
Warning: In design 'oadm_pipe_cut_198_0', port 'data_out[51]' is not connected to any nets. (LINT-28)
Warning: In design 'oadm_pipe_cut_198_0', port 'data_out[50]' is not connected to any nets. (LINT-28)
Warning: In design 'oadm_pipe_cut_198_0', port 'data_out[49]' is not connected to any nets. (LINT-28)
Warning: In design 'oadm_pipe_cut_198_0', port 'data_out[48]' is not connected to any nets. (LINT-28)
Warning: In design 'oadm_pipe_cut_198_0', port 'data_out[47]' is not connected to any nets. (LINT-28)
Warning: In design 'oadm_pipe_cut_198_0', port 'data_out[46]' is not connected to any nets. (LINT-28)
Warning: In design 'oadm_pipe_cut_198_0', port 'data_out[23]' is not connected to any nets. (LINT-28)
Warning: In design 'oadm_pipe_cut_198_0', port 'data_out[22]' is not connected to any nets. (LINT-28)
Warning: In design 'oadm_pipe_cut_198_0', port 'data_out[15]' is not connected to any nets. (LINT-28)
Warning: In design 'oadm_pipe_cut_198_0', port 'data_out[14]' is not connected to any nets. (LINT-28)
Warning: In design 'oadm_pipe_cut_227_1', port 'data_in[226]' is not connected to any nets. (LINT-28)
Warning: In design 'oadm_pipe_cut_227_1', port 'data_in[197]' is not connected to any nets. (LINT-28)
Warning: In design 'oadm_pipe_cut_227_1', port 'data_in[168]' is not connected to any nets. (LINT-28)
Warning: In design 'oadm_pipe_cut_227_1', port 'data_in[139]' is not connected to any nets. (LINT-28)
Warning: In design 'oadm_pipe_cut_227_1', port 'data_in[138]' is not connected to any nets. (LINT-28)
Warning: In design 'oadm_pipe_cut_227_1', port 'data_in[137]' is not connected to any nets. (LINT-28)
Warning: In design 'oadm_pipe_cut_227_1', port 'data_in[136]' is not connected to any nets. (LINT-28)
Warning: In design 'oadm_pipe_cut_227_1', port 'data_in[135]' is not connected to any nets. (LINT-28)
Warning: In design 'oadm_pipe_cut_227_1', port 'data_in[134]' is not connected to any nets. (LINT-28)
Warning: In design 'oadm_pipe_cut_227_1', port 'data_in[131]' is not connected to any nets. (LINT-28)
Warning: In design 'oadm_pipe_cut_227_1', port 'data_in[130]' is not connected to any nets. (LINT-28)
Warning: In design 'oadm_pipe_cut_227_1', port 'data_in[129]' is not connected to any nets. (LINT-28)
Warning: In design 'oadm_pipe_cut_227_1', port 'data_in[128]' is not connected to any nets. (LINT-28)
Warning: In design 'oadm_pipe_cut_227_1', port 'data_in[127]' is not connected to any nets. (LINT-28)
Warning: In design 'oadm_pipe_cut_227_1', port 'data_in[126]' is not connected to any nets. (LINT-28)
Warning: In design 'oadm_pipe_cut_227_1', port 'data_in[125]' is not connected to any nets. (LINT-28)
Warning: In design 'oadm_pipe_cut_227_1', port 'data_in[124]' is not connected to any nets. (LINT-28)
Warning: In design 'oadm_pipe_cut_227_1', port 'data_in[123]' is not connected to any nets. (LINT-28)
Warning: In design 'oadm_pipe_cut_227_1', port 'data_in[122]' is not connected to any nets. (LINT-28)
Warning: In design 'oadm_pipe_cut_227_1', port 'data_in[121]' is not connected to any nets. (LINT-28)
Warning: In design 'oadm_pipe_cut_227_1', port 'data_in[120]' is not connected to any nets. (LINT-28)
Warning: In design 'oadm_pipe_cut_227_1', port 'data_in[119]' is not connected to any nets. (LINT-28)
Warning: In design 'oadm_pipe_cut_227_1', port 'data_in[118]' is not connected to any nets. (LINT-28)
Warning: In design 'oadm_pipe_cut_227_1', port 'data_in[117]' is not connected to any nets. (LINT-28)
Warning: In design 'oadm_pipe_cut_227_1', port 'data_in[116]' is not connected to any nets. (LINT-28)
Warning: In design 'oadm_pipe_cut_227_1', port 'data_in[115]' is not connected to any nets. (LINT-28)
Warning: In design 'oadm_pipe_cut_227_1', port 'data_in[114]' is not connected to any nets. (LINT-28)
Warning: In design 'oadm_pipe_cut_227_1', port 'data_in[113]' is not connected to any nets. (LINT-28)
Warning: In design 'oadm_pipe_cut_227_1', port 'data_in[112]' is not connected to any nets. (LINT-28)
Warning: In design 'oadm_pipe_cut_227_1', port 'data_in[111]' is not connected to any nets. (LINT-28)
Warning: In design 'oadm_pipe_cut_227_1', port 'data_in[110]' is not connected to any nets. (LINT-28)
Warning: In design 'oadm_pipe_cut_227_1', port 'data_in[109]' is not connected to any nets. (LINT-28)
Warning: In design 'oadm_pipe_cut_227_1', port 'data_in[108]' is not connected to any nets. (LINT-28)
Warning: In design 'oadm_pipe_cut_227_1', port 'data_in[107]' is not connected to any nets. (LINT-28)
Warning: In design 'oadm_pipe_cut_227_1', port 'data_in[106]' is not connected to any nets. (LINT-28)
Warning: In design 'oadm_pipe_cut_227_1', port 'data_in[105]' is not connected to any nets. (LINT-28)
Warning: In design 'oadm_pipe_cut_227_1', port 'data_in[102]' is not connected to any nets. (LINT-28)
Warning: In design 'oadm_pipe_cut_227_1', port 'data_in[101]' is not connected to any nets. (LINT-28)
Warning: In design 'oadm_pipe_cut_227_1', port 'data_in[100]' is not connected to any nets. (LINT-28)
Warning: In design 'oadm_pipe_cut_227_1', port 'data_in[99]' is not connected to any nets. (LINT-28)
Warning: In design 'oadm_pipe_cut_227_1', port 'data_in[98]' is not connected to any nets. (LINT-28)
Warning: In design 'oadm_pipe_cut_227_1', port 'data_in[97]' is not connected to any nets. (LINT-28)
Warning: In design 'oadm_pipe_cut_227_1', port 'data_in[96]' is not connected to any nets. (LINT-28)
Warning: In design 'oadm_pipe_cut_227_1', port 'data_in[95]' is not connected to any nets. (LINT-28)
Warning: In design 'oadm_pipe_cut_227_1', port 'data_in[94]' is not connected to any nets. (LINT-28)
Warning: In design 'oadm_pipe_cut_227_1', port 'data_in[93]' is not connected to any nets. (LINT-28)
Warning: In design 'oadm_pipe_cut_227_1', port 'data_in[92]' is not connected to any nets. (LINT-28)
Warning: In design 'oadm_pipe_cut_227_1', port 'data_in[91]' is not connected to any nets. (LINT-28)
Warning: In design 'oadm_pipe_cut_227_1', port 'data_in[90]' is not connected to any nets. (LINT-28)
Warning: In design 'oadm_pipe_cut_227_1', port 'data_in[89]' is not connected to any nets. (LINT-28)
Warning: In design 'oadm_pipe_cut_227_1', port 'data_in[88]' is not connected to any nets. (LINT-28)
Warning: In design 'oadm_pipe_cut_227_1', port 'data_in[87]' is not connected to any nets. (LINT-28)
Warning: In design 'oadm_pipe_cut_227_1', port 'data_in[86]' is not connected to any nets. (LINT-28)
Warning: In design 'oadm_pipe_cut_227_1', port 'data_in[85]' is not connected to any nets. (LINT-28)
Warning: In design 'oadm_pipe_cut_227_1', port 'data_in[84]' is not connected to any nets. (LINT-28)
Warning: In design 'oadm_pipe_cut_227_1', port 'data_in[83]' is not connected to any nets. (LINT-28)
Warning: In design 'oadm_pipe_cut_227_1', port 'data_in[82]' is not connected to any nets. (LINT-28)
Warning: In design 'oadm_pipe_cut_227_1', port 'data_in[81]' is not connected to any nets. (LINT-28)
Warning: In design 'oadm_pipe_cut_227_1', port 'data_in[80]' is not connected to any nets. (LINT-28)
Warning: In design 'oadm_pipe_cut_227_1', port 'data_in[79]' is not connected to any nets. (LINT-28)
Warning: In design 'oadm_pipe_cut_227_1', port 'data_in[78]' is not connected to any nets. (LINT-28)
Warning: In design 'oadm_pipe_cut_227_1', port 'data_in[77]' is not connected to any nets. (LINT-28)
Warning: In design 'oadm_pipe_cut_227_1', port 'data_in[76]' is not connected to any nets. (LINT-28)
Warning: In design 'oadm_pipe_cut_227_1', port 'data_in[75]' is not connected to any nets. (LINT-28)
Warning: In design 'oadm_pipe_cut_227_1', port 'data_in[74]' is not connected to any nets. (LINT-28)
Warning: In design 'oadm_pipe_cut_227_1', port 'data_in[52]' is not connected to any nets. (LINT-28)
Warning: In design 'oadm_pipe_cut_227_1', port 'data_in[51]' is not connected to any nets. (LINT-28)
Warning: In design 'oadm_pipe_cut_227_1', port 'data_in[50]' is not connected to any nets. (LINT-28)
Warning: In design 'oadm_pipe_cut_227_1', port 'data_in[49]' is not connected to any nets. (LINT-28)
Warning: In design 'oadm_pipe_cut_227_1', port 'data_in[48]' is not connected to any nets. (LINT-28)
Warning: In design 'oadm_pipe_cut_227_1', port 'data_in[47]' is not connected to any nets. (LINT-28)
Warning: In design 'oadm_pipe_cut_227_1', port 'data_in[46]' is not connected to any nets. (LINT-28)
Warning: In design 'oadm_pipe_cut_227_1', port 'data_in[45]' is not connected to any nets. (LINT-28)
Warning: In design 'oadm_pipe_cut_227_1', port 'data_in[44]' is not connected to any nets. (LINT-28)
Warning: In design 'oadm_pipe_cut_227_1', port 'data_in[43]' is not connected to any nets. (LINT-28)
Warning: In design 'oadm_pipe_cut_227_1', port 'data_in[23]' is not connected to any nets. (LINT-28)
Warning: In design 'oadm_pipe_cut_227_1', port 'data_in[22]' is not connected to any nets. (LINT-28)
Warning: In design 'oadm_pipe_cut_227_1', port 'data_in[15]' is not connected to any nets. (LINT-28)
Warning: In design 'oadm_pipe_cut_227_1', port 'data_in[14]' is not connected to any nets. (LINT-28)
Warning: In design 'oadm_pipe_cut_227_1', port 'data_out[226]' is not connected to any nets. (LINT-28)
Warning: In design 'oadm_pipe_cut_227_1', port 'data_out[197]' is not connected to any nets. (LINT-28)
Warning: In design 'oadm_pipe_cut_227_1', port 'data_out[168]' is not connected to any nets. (LINT-28)
Warning: In design 'oadm_pipe_cut_227_1', port 'data_out[139]' is not connected to any nets. (LINT-28)
Warning: In design 'oadm_pipe_cut_227_1', port 'data_out[138]' is not connected to any nets. (LINT-28)
Warning: In design 'oadm_pipe_cut_227_1', port 'data_out[137]' is not connected to any nets. (LINT-28)
Warning: In design 'oadm_pipe_cut_227_1', port 'data_out[136]' is not connected to any nets. (LINT-28)
Warning: In design 'oadm_pipe_cut_227_1', port 'data_out[135]' is not connected to any nets. (LINT-28)
Warning: In design 'oadm_pipe_cut_227_1', port 'data_out[134]' is not connected to any nets. (LINT-28)
Warning: In design 'oadm_pipe_cut_227_1', port 'data_out[133]' is not connected to any nets. (LINT-28)
Warning: In design 'oadm_pipe_cut_227_1', port 'data_out[132]' is not connected to any nets. (LINT-28)
Warning: In design 'oadm_pipe_cut_227_1', port 'data_out[131]' is not connected to any nets. (LINT-28)
Warning: In design 'oadm_pipe_cut_227_1', port 'data_out[130]' is not connected to any nets. (LINT-28)
Warning: In design 'oadm_pipe_cut_227_1', port 'data_out[129]' is not connected to any nets. (LINT-28)
Warning: In design 'oadm_pipe_cut_227_1', port 'data_out[128]' is not connected to any nets. (LINT-28)
Warning: In design 'oadm_pipe_cut_227_1', port 'data_out[127]' is not connected to any nets. (LINT-28)
Warning: In design 'oadm_pipe_cut_227_1', port 'data_out[126]' is not connected to any nets. (LINT-28)
Warning: In design 'oadm_pipe_cut_227_1', port 'data_out[125]' is not connected to any nets. (LINT-28)
Warning: In design 'oadm_pipe_cut_227_1', port 'data_out[124]' is not connected to any nets. (LINT-28)
Warning: In design 'oadm_pipe_cut_227_1', port 'data_out[123]' is not connected to any nets. (LINT-28)
Warning: In design 'oadm_pipe_cut_227_1', port 'data_out[122]' is not connected to any nets. (LINT-28)
Warning: In design 'oadm_pipe_cut_227_1', port 'data_out[121]' is not connected to any nets. (LINT-28)
Warning: In design 'oadm_pipe_cut_227_1', port 'data_out[120]' is not connected to any nets. (LINT-28)
Warning: In design 'oadm_pipe_cut_227_1', port 'data_out[119]' is not connected to any nets. (LINT-28)
Warning: In design 'oadm_pipe_cut_227_1', port 'data_out[118]' is not connected to any nets. (LINT-28)
Warning: In design 'oadm_pipe_cut_227_1', port 'data_out[117]' is not connected to any nets. (LINT-28)
Warning: In design 'oadm_pipe_cut_227_1', port 'data_out[116]' is not connected to any nets. (LINT-28)
Warning: In design 'oadm_pipe_cut_227_1', port 'data_out[115]' is not connected to any nets. (LINT-28)
Warning: In design 'oadm_pipe_cut_227_1', port 'data_out[114]' is not connected to any nets. (LINT-28)
Warning: In design 'oadm_pipe_cut_227_1', port 'data_out[113]' is not connected to any nets. (LINT-28)
Warning: In design 'oadm_pipe_cut_227_1', port 'data_out[112]' is not connected to any nets. (LINT-28)
Warning: In design 'oadm_pipe_cut_227_1', port 'data_out[111]' is not connected to any nets. (LINT-28)
Warning: In design 'oadm_pipe_cut_227_1', port 'data_out[110]' is not connected to any nets. (LINT-28)
Warning: In design 'oadm_pipe_cut_227_1', port 'data_out[109]' is not connected to any nets. (LINT-28)
Warning: In design 'oadm_pipe_cut_227_1', port 'data_out[108]' is not connected to any nets. (LINT-28)
Warning: In design 'oadm_pipe_cut_227_1', port 'data_out[107]' is not connected to any nets. (LINT-28)
Warning: In design 'oadm_pipe_cut_227_1', port 'data_out[106]' is not connected to any nets. (LINT-28)
Warning: In design 'oadm_pipe_cut_227_1', port 'data_out[105]' is not connected to any nets. (LINT-28)
Warning: In design 'oadm_pipe_cut_227_1', port 'data_out[103]' is not connected to any nets. (LINT-28)
Warning: In design 'oadm_pipe_cut_227_1', port 'data_out[102]' is not connected to any nets. (LINT-28)
Warning: In design 'oadm_pipe_cut_227_1', port 'data_out[101]' is not connected to any nets. (LINT-28)
Warning: In design 'oadm_pipe_cut_227_1', port 'data_out[100]' is not connected to any nets. (LINT-28)
Warning: In design 'oadm_pipe_cut_227_1', port 'data_out[99]' is not connected to any nets. (LINT-28)
Warning: In design 'oadm_pipe_cut_227_1', port 'data_out[98]' is not connected to any nets. (LINT-28)
Warning: In design 'oadm_pipe_cut_227_1', port 'data_out[97]' is not connected to any nets. (LINT-28)
Warning: In design 'oadm_pipe_cut_227_1', port 'data_out[96]' is not connected to any nets. (LINT-28)
Warning: In design 'oadm_pipe_cut_227_1', port 'data_out[95]' is not connected to any nets. (LINT-28)
Warning: In design 'oadm_pipe_cut_227_1', port 'data_out[94]' is not connected to any nets. (LINT-28)
Warning: In design 'oadm_pipe_cut_227_1', port 'data_out[93]' is not connected to any nets. (LINT-28)
Warning: In design 'oadm_pipe_cut_227_1', port 'data_out[92]' is not connected to any nets. (LINT-28)
Warning: In design 'oadm_pipe_cut_227_1', port 'data_out[91]' is not connected to any nets. (LINT-28)
Warning: In design 'oadm_pipe_cut_227_1', port 'data_out[90]' is not connected to any nets. (LINT-28)
Warning: In design 'oadm_pipe_cut_227_1', port 'data_out[89]' is not connected to any nets. (LINT-28)
Warning: In design 'oadm_pipe_cut_227_1', port 'data_out[88]' is not connected to any nets. (LINT-28)
Warning: In design 'oadm_pipe_cut_227_1', port 'data_out[87]' is not connected to any nets. (LINT-28)
Warning: In design 'oadm_pipe_cut_227_1', port 'data_out[86]' is not connected to any nets. (LINT-28)
Warning: In design 'oadm_pipe_cut_227_1', port 'data_out[85]' is not connected to any nets. (LINT-28)
Warning: In design 'oadm_pipe_cut_227_1', port 'data_out[84]' is not connected to any nets. (LINT-28)
Warning: In design 'oadm_pipe_cut_227_1', port 'data_out[83]' is not connected to any nets. (LINT-28)
Warning: In design 'oadm_pipe_cut_227_1', port 'data_out[82]' is not connected to any nets. (LINT-28)
Warning: In design 'oadm_pipe_cut_227_1', port 'data_out[81]' is not connected to any nets. (LINT-28)
Warning: In design 'oadm_pipe_cut_227_1', port 'data_out[80]' is not connected to any nets. (LINT-28)
Warning: In design 'oadm_pipe_cut_227_1', port 'data_out[79]' is not connected to any nets. (LINT-28)
Warning: In design 'oadm_pipe_cut_227_1', port 'data_out[78]' is not connected to any nets. (LINT-28)
Warning: In design 'oadm_pipe_cut_227_1', port 'data_out[77]' is not connected to any nets. (LINT-28)
Warning: In design 'oadm_pipe_cut_227_1', port 'data_out[76]' is not connected to any nets. (LINT-28)
Warning: In design 'oadm_pipe_cut_227_1', port 'data_out[52]' is not connected to any nets. (LINT-28)
Warning: In design 'oadm_pipe_cut_227_1', port 'data_out[51]' is not connected to any nets. (LINT-28)
Warning: In design 'oadm_pipe_cut_227_1', port 'data_out[50]' is not connected to any nets. (LINT-28)
Warning: In design 'oadm_pipe_cut_227_1', port 'data_out[49]' is not connected to any nets. (LINT-28)
Warning: In design 'oadm_pipe_cut_227_1', port 'data_out[48]' is not connected to any nets. (LINT-28)
Warning: In design 'oadm_pipe_cut_227_1', port 'data_out[47]' is not connected to any nets. (LINT-28)
Warning: In design 'oadm_pipe_cut_227_1', port 'data_out[45]' is not connected to any nets. (LINT-28)
Warning: In design 'oadm_pipe_cut_227_1', port 'data_out[15]' is not connected to any nets. (LINT-28)
Warning: In design 'oadm_pipe_cut_227_1', port 'data_out[14]' is not connected to any nets. (LINT-28)
Warning: In design 'oadm_pipe_cut_169_1', port 'data_in[168]' is not connected to any nets. (LINT-28)
Warning: In design 'oadm_pipe_cut_169_1', port 'data_in[139]' is not connected to any nets. (LINT-28)
Warning: In design 'oadm_pipe_cut_169_1', port 'data_in[110]' is not connected to any nets. (LINT-28)
Warning: In design 'oadm_pipe_cut_169_1', port 'data_in[81]' is not connected to any nets. (LINT-28)
Warning: In design 'oadm_pipe_cut_169_1', port 'data_in[80]' is not connected to any nets. (LINT-28)
Warning: In design 'oadm_pipe_cut_169_1', port 'data_in[52]' is not connected to any nets. (LINT-28)
Warning: In design 'oadm_pipe_cut_169_1', port 'data_in[51]' is not connected to any nets. (LINT-28)
Warning: In design 'oadm_pipe_cut_169_1', port 'data_in[50]' is not connected to any nets. (LINT-28)
Warning: In design 'oadm_pipe_cut_169_1', port 'data_in[15]' is not connected to any nets. (LINT-28)
Warning: In design 'oadm_pipe_cut_169_1', port 'data_in[14]' is not connected to any nets. (LINT-28)
Warning: In design 'oadm_pipe_cut_169_1', port 'data_out[109]' is not connected to any nets. (LINT-28)
Warning: In design 'oadm_pipe_cut_169_1', port 'data_out[81]' is not connected to any nets. (LINT-28)
Warning: In design 'oadm_pipe_cut_169_1', port 'data_out[80]' is not connected to any nets. (LINT-28)
Warning: In design 'oadm_pipe_cut_169_1', port 'data_out[52]' is not connected to any nets. (LINT-28)
Warning: In design 'oadm_pipe_cut_169_1', port 'data_out[51]' is not connected to any nets. (LINT-28)
Warning: In design 'oadm_pipe_cut_169_1', port 'data_out[50]' is not connected to any nets. (LINT-28)
Warning: In design 'oadm_pipe_cut_169_1', port 'data_out[15]' is not connected to any nets. (LINT-28)
Warning: In design 'oadm_pipe_cut_169_1', port 'data_out[14]' is not connected to any nets. (LINT-28)
Warning: In design 'csa3_WIDTH29_2', port 'carry[0]' is not connected to any nets. (LINT-28)
Warning: In design 'csa3_WIDTH29_1', port 'input_b[0]' is not connected to any nets. (LINT-28)
Warning: In design 'csa3_WIDTH29_1', port 'carry[0]' is not connected to any nets. (LINT-28)
Warning: In design 'oadm_pipe_cut_53_0', port 'clk' is not connected to any nets. (LINT-28)
Warning: In design 'oadm_pipe_cut_53_0', port 'data_in[19]' is not connected to any nets. (LINT-28)
Warning: In design 'oadm_pipe_cut_53_0', port 'data_in[18]' is not connected to any nets. (LINT-28)
Warning: In design 'oadm_pipe_cut_53_0', port 'data_in[17]' is not connected to any nets. (LINT-28)
Warning: In design 'oadm_pipe_cut_53_0', port 'data_in[15]' is not connected to any nets. (LINT-28)
Warning: In design 'oadm_pipe_cut_53_0', port 'data_in[14]' is not connected to any nets. (LINT-28)
Warning: In design 'oadm_pipe_cut_53_0', port 'data_out[19]' is not connected to any nets. (LINT-28)
Warning: In design 'oadm_pipe_cut_53_0', port 'data_out[18]' is not connected to any nets. (LINT-28)
Warning: In design 'oadm_pipe_cut_53_0', port 'data_out[17]' is not connected to any nets. (LINT-28)
Warning: In design 'oadm_pipe_cut_53_0', port 'data_out[15]' is not connected to any nets. (LINT-28)
Warning: In design 'oadm_pipe_cut_53_0', port 'data_out[14]' is not connected to any nets. (LINT-28)
Warning: In design 'oadm_pipe_cut_75_1', port 'data_in[15]' is not connected to any nets. (LINT-28)
Warning: In design 'oadm_pipe_cut_75_1', port 'data_in[14]' is not connected to any nets. (LINT-28)
Warning: In design 'oadm_pipe_cut_45_0', port 'clk' is not connected to any nets. (LINT-28)
Warning: In design 'oadm_pipe_cut_45_0', port 'data_in[44]' is not connected to any nets. (LINT-28)
Warning: In design 'oadm_pipe_cut_45_0', port 'data_in[43]' is not connected to any nets. (LINT-28)
Warning: In design 'oadm_pipe_cut_45_0', port 'data_in[42]' is not connected to any nets. (LINT-28)
Warning: In design 'oadm_pipe_cut_45_0', port 'data_in[41]' is not connected to any nets. (LINT-28)
Warning: In design 'oadm_pipe_cut_45_0', port 'data_in[40]' is not connected to any nets. (LINT-28)
Warning: In design 'oadm_pipe_cut_45_0', port 'data_in[39]' is not connected to any nets. (LINT-28)
Warning: In design 'oadm_pipe_cut_45_0', port 'data_in[38]' is not connected to any nets. (LINT-28)
Warning: In design 'oadm_pipe_cut_45_0', port 'data_in[37]' is not connected to any nets. (LINT-28)
Warning: In design 'oadm_pipe_cut_45_0', port 'data_in[36]' is not connected to any nets. (LINT-28)
Warning: In design 'oadm_pipe_cut_45_0', port 'data_in[35]' is not connected to any nets. (LINT-28)
Warning: In design 'oadm_pipe_cut_45_0', port 'data_in[34]' is not connected to any nets. (LINT-28)
Warning: In design 'oadm_pipe_cut_45_0', port 'data_in[33]' is not connected to any nets. (LINT-28)
Warning: In design 'oadm_pipe_cut_45_0', port 'data_in[32]' is not connected to any nets. (LINT-28)
Warning: In design 'oadm_pipe_cut_45_0', port 'data_in[31]' is not connected to any nets. (LINT-28)
Warning: In design 'oadm_pipe_cut_45_0', port 'data_in[30]' is not connected to any nets. (LINT-28)
Warning: In design 'oadm_pipe_cut_45_0', port 'data_in[29]' is not connected to any nets. (LINT-28)
Warning: In design 'oadm_pipe_cut_45_0', port 'data_in[28]' is not connected to any nets. (LINT-28)
Warning: In design 'oadm_pipe_cut_45_0', port 'data_in[27]' is not connected to any nets. (LINT-28)
Warning: In design 'oadm_pipe_cut_45_0', port 'data_in[26]' is not connected to any nets. (LINT-28)
Warning: In design 'oadm_pipe_cut_45_0', port 'data_in[25]' is not connected to any nets. (LINT-28)
Warning: In design 'oadm_pipe_cut_45_0', port 'data_in[24]' is not connected to any nets. (LINT-28)
Warning: In design 'oadm_pipe_cut_45_0', port 'data_in[23]' is not connected to any nets. (LINT-28)
Warning: In design 'oadm_pipe_cut_45_0', port 'data_in[22]' is not connected to any nets. (LINT-28)
Warning: In design 'oadm_pipe_cut_45_0', port 'data_in[21]' is not connected to any nets. (LINT-28)
Warning: In design 'oadm_pipe_cut_45_0', port 'data_in[20]' is not connected to any nets. (LINT-28)
Warning: In design 'oadm_pipe_cut_45_0', port 'data_in[19]' is not connected to any nets. (LINT-28)
Warning: In design 'oadm_pipe_cut_45_0', port 'data_in[18]' is not connected to any nets. (LINT-28)
Warning: In design 'oadm_pipe_cut_45_0', port 'data_in[17]' is not connected to any nets. (LINT-28)
Warning: In design 'oadm_pipe_cut_45_0', port 'data_in[16]' is not connected to any nets. (LINT-28)
Warning: In design 'oadm_pipe_cut_45_0', port 'data_out[44]' is not connected to any nets. (LINT-28)
Warning: In design 'oadm_pipe_cut_45_0', port 'data_out[43]' is not connected to any nets. (LINT-28)
Warning: In design 'oadm_pipe_cut_45_0', port 'data_out[42]' is not connected to any nets. (LINT-28)
Warning: In design 'oadm_pipe_cut_45_0', port 'data_out[41]' is not connected to any nets. (LINT-28)
Warning: In design 'oadm_pipe_cut_45_0', port 'data_out[40]' is not connected to any nets. (LINT-28)
Warning: In design 'oadm_pipe_cut_45_0', port 'data_out[39]' is not connected to any nets. (LINT-28)
Warning: In design 'oadm_pipe_cut_45_0', port 'data_out[38]' is not connected to any nets. (LINT-28)
Warning: In design 'oadm_pipe_cut_45_0', port 'data_out[37]' is not connected to any nets. (LINT-28)
Warning: In design 'oadm_pipe_cut_45_0', port 'data_out[36]' is not connected to any nets. (LINT-28)
Warning: In design 'oadm_pipe_cut_45_0', port 'data_out[35]' is not connected to any nets. (LINT-28)
Warning: In design 'oadm_pipe_cut_45_0', port 'data_out[34]' is not connected to any nets. (LINT-28)
Warning: In design 'oadm_pipe_cut_45_0', port 'data_out[33]' is not connected to any nets. (LINT-28)
Warning: In design 'oadm_pipe_cut_45_0', port 'data_out[32]' is not connected to any nets. (LINT-28)
Warning: In design 'oadm_pipe_cut_45_0', port 'data_out[31]' is not connected to any nets. (LINT-28)
Warning: In design 'oadm_pipe_cut_45_0', port 'data_out[30]' is not connected to any nets. (LINT-28)
Warning: In design 'oadm_pipe_cut_45_0', port 'data_out[29]' is not connected to any nets. (LINT-28)
Warning: In design 'oadm_pipe_cut_45_0', port 'data_out[28]' is not connected to any nets. (LINT-28)
Warning: In design 'oadm_pipe_cut_45_0', port 'data_out[27]' is not connected to any nets. (LINT-28)
Warning: In design 'oadm_pipe_cut_45_0', port 'data_out[26]' is not connected to any nets. (LINT-28)
Warning: In design 'oadm_pipe_cut_45_0', port 'data_out[25]' is not connected to any nets. (LINT-28)
Warning: In design 'oadm_pipe_cut_45_0', port 'data_out[24]' is not connected to any nets. (LINT-28)
Warning: In design 'oadm_pipe_cut_45_0', port 'data_out[23]' is not connected to any nets. (LINT-28)
Warning: In design 'oadm_pipe_cut_45_0', port 'data_out[22]' is not connected to any nets. (LINT-28)
Warning: In design 'oadm_pipe_cut_45_0', port 'data_out[21]' is not connected to any nets. (LINT-28)
Warning: In design 'oadm_pipe_cut_45_0', port 'data_out[20]' is not connected to any nets. (LINT-28)
Warning: In design 'oadm_pipe_cut_45_0', port 'data_out[19]' is not connected to any nets. (LINT-28)
Warning: In design 'oadm_pipe_cut_45_0', port 'data_out[18]' is not connected to any nets. (LINT-28)
Warning: In design 'oadm_pipe_cut_45_0', port 'data_out[17]' is not connected to any nets. (LINT-28)
Warning: In design 'oadm_pipe_cut_45_0', port 'data_out[16]' is not connected to any nets. (LINT-28)
Warning: In design 'csa3_WIDTH29_0', port 'input_b[0]' is not connected to any nets. (LINT-28)
Warning: In design 'csa3_WIDTH29_0', port 'carry[0]' is not connected to any nets. (LINT-28)
Warning: In design 'oadm_dm_pipe_56', a pin on submodule 'cut0' is connected to logic 1 or logic 0. (LINT-32)
   Pin 'data_in[197]' is connected to logic 0. 
Warning: In design 'oadm_dm_pipe_56', a pin on submodule 'cut0' is connected to logic 1 or logic 0. (LINT-32)
   Pin 'data_in[168]' is connected to logic 0. 
Warning: In design 'oadm_dm_pipe_56', a pin on submodule 'cut0' is connected to logic 1 or logic 0. (LINT-32)
   Pin 'data_in[139]' is connected to logic 0. 
Warning: In design 'oadm_dm_pipe_56', a pin on submodule 'cut0' is connected to logic 1 or logic 0. (LINT-32)
   Pin 'data_in[138]' is connected to logic 0. 
Warning: In design 'oadm_dm_pipe_56', a pin on submodule 'cut0' is connected to logic 1 or logic 0. (LINT-32)
   Pin 'data_in[137]' is connected to logic 0. 
Warning: In design 'oadm_dm_pipe_56', a pin on submodule 'cut0' is connected to logic 1 or logic 0. (LINT-32)
   Pin 'data_in[136]' is connected to logic 0. 
Warning: In design 'oadm_dm_pipe_56', a pin on submodule 'cut0' is connected to logic 1 or logic 0. (LINT-32)
   Pin 'data_in[135]' is connected to logic 0. 
Warning: In design 'oadm_dm_pipe_56', a pin on submodule 'cut0' is connected to logic 1 or logic 0. (LINT-32)
   Pin 'data_in[134]' is connected to logic 0. 
Warning: In design 'oadm_dm_pipe_56', a pin on submodule 'cut0' is connected to logic 1 or logic 0. (LINT-32)
   Pin 'data_in[132]' is connected to logic 0. 
Warning: In design 'oadm_dm_pipe_56', a pin on submodule 'cut0' is connected to logic 1 or logic 0. (LINT-32)
   Pin 'data_in[131]' is connected to logic 0. 
Warning: In design 'oadm_dm_pipe_56', a pin on submodule 'cut0' is connected to logic 1 or logic 0. (LINT-32)
   Pin 'data_in[130]' is connected to logic 0. 
Warning: In design 'oadm_dm_pipe_56', a pin on submodule 'cut0' is connected to logic 1 or logic 0. (LINT-32)
   Pin 'data_in[129]' is connected to logic 0. 
Warning: In design 'oadm_dm_pipe_56', a pin on submodule 'cut0' is connected to logic 1 or logic 0. (LINT-32)
   Pin 'data_in[128]' is connected to logic 0. 
Warning: In design 'oadm_dm_pipe_56', a pin on submodule 'cut0' is connected to logic 1 or logic 0. (LINT-32)
   Pin 'data_in[127]' is connected to logic 0. 
Warning: In design 'oadm_dm_pipe_56', a pin on submodule 'cut0' is connected to logic 1 or logic 0. (LINT-32)
   Pin 'data_in[126]' is connected to logic 0. 
Warning: In design 'oadm_dm_pipe_56', a pin on submodule 'cut0' is connected to logic 1 or logic 0. (LINT-32)
   Pin 'data_in[125]' is connected to logic 0. 
Warning: In design 'oadm_dm_pipe_56', a pin on submodule 'cut0' is connected to logic 1 or logic 0. (LINT-32)
   Pin 'data_in[124]' is connected to logic 0. 
Warning: In design 'oadm_dm_pipe_56', a pin on submodule 'cut0' is connected to logic 1 or logic 0. (LINT-32)
   Pin 'data_in[123]' is connected to logic 0. 
Warning: In design 'oadm_dm_pipe_56', a pin on submodule 'cut0' is connected to logic 1 or logic 0. (LINT-32)
   Pin 'data_in[122]' is connected to logic 0. 
Warning: In design 'oadm_dm_pipe_56', a pin on submodule 'cut0' is connected to logic 1 or logic 0. (LINT-32)
   Pin 'data_in[121]' is connected to logic 0. 
Warning: In design 'oadm_dm_pipe_56', a pin on submodule 'cut0' is connected to logic 1 or logic 0. (LINT-32)
   Pin 'data_in[120]' is connected to logic 0. 
Warning: In design 'oadm_dm_pipe_56', a pin on submodule 'cut0' is connected to logic 1 or logic 0. (LINT-32)
   Pin 'data_in[119]' is connected to logic 0. 
Warning: In design 'oadm_dm_pipe_56', a pin on submodule 'cut0' is connected to logic 1 or logic 0. (LINT-32)
   Pin 'data_in[118]' is connected to logic 0. 
Warning: In design 'oadm_dm_pipe_56', a pin on submodule 'cut0' is connected to logic 1 or logic 0. (LINT-32)
   Pin 'data_in[117]' is connected to logic 0. 
Warning: In design 'oadm_dm_pipe_56', a pin on submodule 'cut0' is connected to logic 1 or logic 0. (LINT-32)
   Pin 'data_in[116]' is connected to logic 0. 
Warning: In design 'oadm_dm_pipe_56', a pin on submodule 'cut0' is connected to logic 1 or logic 0. (LINT-32)
   Pin 'data_in[115]' is connected to logic 0. 
Warning: In design 'oadm_dm_pipe_56', a pin on submodule 'cut0' is connected to logic 1 or logic 0. (LINT-32)
   Pin 'data_in[114]' is connected to logic 0. 
Warning: In design 'oadm_dm_pipe_56', a pin on submodule 'cut0' is connected to logic 1 or logic 0. (LINT-32)
   Pin 'data_in[113]' is connected to logic 0. 
Warning: In design 'oadm_dm_pipe_56', a pin on submodule 'cut0' is connected to logic 1 or logic 0. (LINT-32)
   Pin 'data_in[112]' is connected to logic 0. 
Warning: In design 'oadm_dm_pipe_56', a pin on submodule 'cut0' is connected to logic 1 or logic 0. (LINT-32)
   Pin 'data_in[111]' is connected to logic 0. 
Warning: In design 'oadm_dm_pipe_56', a pin on submodule 'cut0' is connected to logic 1 or logic 0. (LINT-32)
   Pin 'data_in[110]' is connected to logic 0. 
Warning: In design 'oadm_dm_pipe_56', a pin on submodule 'cut0' is connected to logic 1 or logic 0. (LINT-32)
   Pin 'data_in[109]' is connected to logic 0. 
Warning: In design 'oadm_dm_pipe_56', a pin on submodule 'cut0' is connected to logic 1 or logic 0. (LINT-32)
   Pin 'data_in[108]' is connected to logic 0. 
Warning: In design 'oadm_dm_pipe_56', a pin on submodule 'cut0' is connected to logic 1 or logic 0. (LINT-32)
   Pin 'data_in[107]' is connected to logic 0. 
Warning: In design 'oadm_dm_pipe_56', a pin on submodule 'cut0' is connected to logic 1 or logic 0. (LINT-32)
   Pin 'data_in[106]' is connected to logic 0. 
Warning: In design 'oadm_dm_pipe_56', a pin on submodule 'cut0' is connected to logic 1 or logic 0. (LINT-32)
   Pin 'data_in[105]' is connected to logic 0. 
Warning: In design 'oadm_dm_pipe_56', a pin on submodule 'cut0' is connected to logic 1 or logic 0. (LINT-32)
   Pin 'data_in[103]' is connected to logic 0. 
Warning: In design 'oadm_dm_pipe_56', a pin on submodule 'cut0' is connected to logic 1 or logic 0. (LINT-32)
   Pin 'data_in[102]' is connected to logic 0. 
Warning: In design 'oadm_dm_pipe_56', a pin on submodule 'cut0' is connected to logic 1 or logic 0. (LINT-32)
   Pin 'data_in[101]' is connected to logic 0. 
Warning: In design 'oadm_dm_pipe_56', a pin on submodule 'cut0' is connected to logic 1 or logic 0. (LINT-32)
   Pin 'data_in[100]' is connected to logic 0. 
Warning: In design 'oadm_dm_pipe_56', a pin on submodule 'cut0' is connected to logic 1 or logic 0. (LINT-32)
   Pin 'data_in[99]' is connected to logic 0. 
Warning: In design 'oadm_dm_pipe_56', a pin on submodule 'cut0' is connected to logic 1 or logic 0. (LINT-32)
   Pin 'data_in[98]' is connected to logic 0. 
Warning: In design 'oadm_dm_pipe_56', a pin on submodule 'cut0' is connected to logic 1 or logic 0. (LINT-32)
   Pin 'data_in[97]' is connected to logic 0. 
Warning: In design 'oadm_dm_pipe_56', a pin on submodule 'cut0' is connected to logic 1 or logic 0. (LINT-32)
   Pin 'data_in[96]' is connected to logic 0. 
Warning: In design 'oadm_dm_pipe_56', a pin on submodule 'cut0' is connected to logic 1 or logic 0. (LINT-32)
   Pin 'data_in[95]' is connected to logic 0. 
Warning: In design 'oadm_dm_pipe_56', a pin on submodule 'cut0' is connected to logic 1 or logic 0. (LINT-32)
   Pin 'data_in[94]' is connected to logic 0. 
Warning: In design 'oadm_dm_pipe_56', a pin on submodule 'cut0' is connected to logic 1 or logic 0. (LINT-32)
   Pin 'data_in[93]' is connected to logic 0. 
Warning: In design 'oadm_dm_pipe_56', a pin on submodule 'cut0' is connected to logic 1 or logic 0. (LINT-32)
   Pin 'data_in[92]' is connected to logic 0. 
Warning: In design 'oadm_dm_pipe_56', a pin on submodule 'cut0' is connected to logic 1 or logic 0. (LINT-32)
   Pin 'data_in[91]' is connected to logic 0. 
Warning: In design 'oadm_dm_pipe_56', a pin on submodule 'cut0' is connected to logic 1 or logic 0. (LINT-32)
   Pin 'data_in[90]' is connected to logic 0. 
Warning: In design 'oadm_dm_pipe_56', a pin on submodule 'cut0' is connected to logic 1 or logic 0. (LINT-32)
   Pin 'data_in[89]' is connected to logic 0. 
Warning: In design 'oadm_dm_pipe_56', a pin on submodule 'cut0' is connected to logic 1 or logic 0. (LINT-32)
   Pin 'data_in[88]' is connected to logic 0. 
Warning: In design 'oadm_dm_pipe_56', a pin on submodule 'cut0' is connected to logic 1 or logic 0. (LINT-32)
   Pin 'data_in[87]' is connected to logic 0. 
Warning: In design 'oadm_dm_pipe_56', a pin on submodule 'cut0' is connected to logic 1 or logic 0. (LINT-32)
   Pin 'data_in[86]' is connected to logic 0. 
Warning: In design 'oadm_dm_pipe_56', a pin on submodule 'cut0' is connected to logic 1 or logic 0. (LINT-32)
   Pin 'data_in[85]' is connected to logic 0. 
Warning: In design 'oadm_dm_pipe_56', a pin on submodule 'cut0' is connected to logic 1 or logic 0. (LINT-32)
   Pin 'data_in[84]' is connected to logic 0. 
Warning: In design 'oadm_dm_pipe_56', a pin on submodule 'cut0' is connected to logic 1 or logic 0. (LINT-32)
   Pin 'data_in[83]' is connected to logic 0. 
Warning: In design 'oadm_dm_pipe_56', a pin on submodule 'cut0' is connected to logic 1 or logic 0. (LINT-32)
   Pin 'data_in[82]' is connected to logic 0. 
Warning: In design 'oadm_dm_pipe_56', a pin on submodule 'cut0' is connected to logic 1 or logic 0. (LINT-32)
   Pin 'data_in[81]' is connected to logic 0. 
Warning: In design 'oadm_dm_pipe_56', a pin on submodule 'cut0' is connected to logic 1 or logic 0. (LINT-32)
   Pin 'data_in[80]' is connected to logic 0. 
Warning: In design 'oadm_dm_pipe_56', a pin on submodule 'cut0' is connected to logic 1 or logic 0. (LINT-32)
   Pin 'data_in[79]' is connected to logic 0. 
Warning: In design 'oadm_dm_pipe_56', a pin on submodule 'cut0' is connected to logic 1 or logic 0. (LINT-32)
   Pin 'data_in[78]' is connected to logic 0. 
Warning: In design 'oadm_dm_pipe_56', a pin on submodule 'cut0' is connected to logic 1 or logic 0. (LINT-32)
   Pin 'data_in[77]' is connected to logic 0. 
Warning: In design 'oadm_dm_pipe_56', a pin on submodule 'cut0' is connected to logic 1 or logic 0. (LINT-32)
   Pin 'data_in[76]' is connected to logic 0. 
Warning: In design 'oadm_dm_pipe_56', a pin on submodule 'cut0' is connected to logic 1 or logic 0. (LINT-32)
   Pin 'data_in[52]' is connected to logic 0. 
Warning: In design 'oadm_dm_pipe_56', a pin on submodule 'cut0' is connected to logic 1 or logic 0. (LINT-32)
   Pin 'data_in[51]' is connected to logic 0. 
Warning: In design 'oadm_dm_pipe_56', a pin on submodule 'cut0' is connected to logic 1 or logic 0. (LINT-32)
   Pin 'data_in[50]' is connected to logic 0. 
Warning: In design 'oadm_dm_pipe_56', a pin on submodule 'cut0' is connected to logic 1 or logic 0. (LINT-32)
   Pin 'data_in[49]' is connected to logic 0. 
Warning: In design 'oadm_dm_pipe_56', a pin on submodule 'cut0' is connected to logic 1 or logic 0. (LINT-32)
   Pin 'data_in[48]' is connected to logic 0. 
Warning: In design 'oadm_dm_pipe_56', a pin on submodule 'cut0' is connected to logic 1 or logic 0. (LINT-32)
   Pin 'data_in[47]' is connected to logic 0. 
Warning: In design 'oadm_dm_pipe_56', a pin on submodule 'cut0' is connected to logic 1 or logic 0. (LINT-32)
   Pin 'data_in[46]' is connected to logic 0. 
Warning: In design 'oadm_dm_pipe_56', a pin on submodule 'cut0' is connected to logic 1 or logic 0. (LINT-32)
   Pin 'data_in[23]' is connected to logic 0. 
Warning: In design 'oadm_dm_pipe_56', a pin on submodule 'cut0' is connected to logic 1 or logic 0. (LINT-32)
   Pin 'data_in[22]' is connected to logic 0. 
Warning: In design 'oadm_dm_pipe_56', a pin on submodule 'cut0' is connected to logic 1 or logic 0. (LINT-32)
   Pin 'data_in[15]' is connected to logic 0. 
Warning: In design 'oadm_dm_pipe_56', a pin on submodule 'cut0' is connected to logic 1 or logic 0. (LINT-32)
   Pin 'data_in[14]' is connected to logic 0. 
Warning: In design 'oadm_dm_pipe_56', a pin on submodule 'cut1' is connected to logic 1 or logic 0. (LINT-32)
   Pin 'data_in[226]' is connected to logic 0. 
Warning: In design 'oadm_dm_pipe_56', a pin on submodule 'cut1' is connected to logic 1 or logic 0. (LINT-32)
   Pin 'data_in[197]' is connected to logic 0. 
Warning: In design 'oadm_dm_pipe_56', a pin on submodule 'cut1' is connected to logic 1 or logic 0. (LINT-32)
   Pin 'data_in[168]' is connected to logic 0. 
Warning: In design 'oadm_dm_pipe_56', a pin on submodule 'cut1' is connected to logic 1 or logic 0. (LINT-32)
   Pin 'data_in[139]' is connected to logic 0. 
Warning: In design 'oadm_dm_pipe_56', a pin on submodule 'cut1' is connected to logic 1 or logic 0. (LINT-32)
   Pin 'data_in[138]' is connected to logic 0. 
Warning: In design 'oadm_dm_pipe_56', a pin on submodule 'cut1' is connected to logic 1 or logic 0. (LINT-32)
   Pin 'data_in[137]' is connected to logic 0. 
Warning: In design 'oadm_dm_pipe_56', a pin on submodule 'cut1' is connected to logic 1 or logic 0. (LINT-32)
   Pin 'data_in[136]' is connected to logic 0. 
Warning: In design 'oadm_dm_pipe_56', a pin on submodule 'cut1' is connected to logic 1 or logic 0. (LINT-32)
   Pin 'data_in[135]' is connected to logic 0. 
Warning: In design 'oadm_dm_pipe_56', a pin on submodule 'cut1' is connected to logic 1 or logic 0. (LINT-32)
   Pin 'data_in[134]' is connected to logic 0. 
Warning: In design 'oadm_dm_pipe_56', a pin on submodule 'cut1' is connected to logic 1 or logic 0. (LINT-32)
   Pin 'data_in[131]' is connected to logic 0. 
Warning: In design 'oadm_dm_pipe_56', a pin on submodule 'cut1' is connected to logic 1 or logic 0. (LINT-32)
   Pin 'data_in[130]' is connected to logic 0. 
Warning: In design 'oadm_dm_pipe_56', a pin on submodule 'cut1' is connected to logic 1 or logic 0. (LINT-32)
   Pin 'data_in[129]' is connected to logic 0. 
Warning: In design 'oadm_dm_pipe_56', a pin on submodule 'cut1' is connected to logic 1 or logic 0. (LINT-32)
   Pin 'data_in[128]' is connected to logic 0. 
Warning: In design 'oadm_dm_pipe_56', a pin on submodule 'cut1' is connected to logic 1 or logic 0. (LINT-32)
   Pin 'data_in[127]' is connected to logic 0. 
Warning: In design 'oadm_dm_pipe_56', a pin on submodule 'cut1' is connected to logic 1 or logic 0. (LINT-32)
   Pin 'data_in[126]' is connected to logic 0. 
Warning: In design 'oadm_dm_pipe_56', a pin on submodule 'cut1' is connected to logic 1 or logic 0. (LINT-32)
   Pin 'data_in[125]' is connected to logic 0. 
Warning: In design 'oadm_dm_pipe_56', a pin on submodule 'cut1' is connected to logic 1 or logic 0. (LINT-32)
   Pin 'data_in[124]' is connected to logic 0. 
Warning: In design 'oadm_dm_pipe_56', a pin on submodule 'cut1' is connected to logic 1 or logic 0. (LINT-32)
   Pin 'data_in[123]' is connected to logic 0. 
Warning: In design 'oadm_dm_pipe_56', a pin on submodule 'cut1' is connected to logic 1 or logic 0. (LINT-32)
   Pin 'data_in[122]' is connected to logic 0. 
Warning: In design 'oadm_dm_pipe_56', a pin on submodule 'cut1' is connected to logic 1 or logic 0. (LINT-32)
   Pin 'data_in[121]' is connected to logic 0. 
Warning: In design 'oadm_dm_pipe_56', a pin on submodule 'cut1' is connected to logic 1 or logic 0. (LINT-32)
   Pin 'data_in[120]' is connected to logic 0. 
Warning: In design 'oadm_dm_pipe_56', a pin on submodule 'cut1' is connected to logic 1 or logic 0. (LINT-32)
   Pin 'data_in[119]' is connected to logic 0. 
Warning: In design 'oadm_dm_pipe_56', a pin on submodule 'cut1' is connected to logic 1 or logic 0. (LINT-32)
   Pin 'data_in[118]' is connected to logic 0. 
Warning: In design 'oadm_dm_pipe_56', a pin on submodule 'cut1' is connected to logic 1 or logic 0. (LINT-32)
   Pin 'data_in[117]' is connected to logic 0. 
Warning: In design 'oadm_dm_pipe_56', a pin on submodule 'cut1' is connected to logic 1 or logic 0. (LINT-32)
   Pin 'data_in[116]' is connected to logic 0. 
Warning: In design 'oadm_dm_pipe_56', a pin on submodule 'cut1' is connected to logic 1 or logic 0. (LINT-32)
   Pin 'data_in[115]' is connected to logic 0. 
Warning: In design 'oadm_dm_pipe_56', a pin on submodule 'cut1' is connected to logic 1 or logic 0. (LINT-32)
   Pin 'data_in[114]' is connected to logic 0. 
Warning: In design 'oadm_dm_pipe_56', a pin on submodule 'cut1' is connected to logic 1 or logic 0. (LINT-32)
   Pin 'data_in[113]' is connected to logic 0. 
Warning: In design 'oadm_dm_pipe_56', a pin on submodule 'cut1' is connected to logic 1 or logic 0. (LINT-32)
   Pin 'data_in[112]' is connected to logic 0. 
Warning: In design 'oadm_dm_pipe_56', a pin on submodule 'cut1' is connected to logic 1 or logic 0. (LINT-32)
   Pin 'data_in[111]' is connected to logic 0. 
Warning: In design 'oadm_dm_pipe_56', a pin on submodule 'cut1' is connected to logic 1 or logic 0. (LINT-32)
   Pin 'data_in[110]' is connected to logic 0. 
Warning: In design 'oadm_dm_pipe_56', a pin on submodule 'cut1' is connected to logic 1 or logic 0. (LINT-32)
   Pin 'data_in[109]' is connected to logic 0. 
Warning: In design 'oadm_dm_pipe_56', a pin on submodule 'cut1' is connected to logic 1 or logic 0. (LINT-32)
   Pin 'data_in[108]' is connected to logic 0. 
Warning: In design 'oadm_dm_pipe_56', a pin on submodule 'cut1' is connected to logic 1 or logic 0. (LINT-32)
   Pin 'data_in[107]' is connected to logic 0. 
Warning: In design 'oadm_dm_pipe_56', a pin on submodule 'cut1' is connected to logic 1 or logic 0. (LINT-32)
   Pin 'data_in[106]' is connected to logic 0. 
Warning: In design 'oadm_dm_pipe_56', a pin on submodule 'cut1' is connected to logic 1 or logic 0. (LINT-32)
   Pin 'data_in[105]' is connected to logic 0. 
Warning: In design 'oadm_dm_pipe_56', a pin on submodule 'cut1' is connected to logic 1 or logic 0. (LINT-32)
   Pin 'data_in[102]' is connected to logic 0. 
Warning: In design 'oadm_dm_pipe_56', a pin on submodule 'cut1' is connected to logic 1 or logic 0. (LINT-32)
   Pin 'data_in[101]' is connected to logic 0. 
Warning: In design 'oadm_dm_pipe_56', a pin on submodule 'cut1' is connected to logic 1 or logic 0. (LINT-32)
   Pin 'data_in[100]' is connected to logic 0. 
Warning: In design 'oadm_dm_pipe_56', a pin on submodule 'cut1' is connected to logic 1 or logic 0. (LINT-32)
   Pin 'data_in[99]' is connected to logic 0. 
Warning: In design 'oadm_dm_pipe_56', a pin on submodule 'cut1' is connected to logic 1 or logic 0. (LINT-32)
   Pin 'data_in[98]' is connected to logic 0. 
Warning: In design 'oadm_dm_pipe_56', a pin on submodule 'cut1' is connected to logic 1 or logic 0. (LINT-32)
   Pin 'data_in[97]' is connected to logic 0. 
Warning: In design 'oadm_dm_pipe_56', a pin on submodule 'cut1' is connected to logic 1 or logic 0. (LINT-32)
   Pin 'data_in[96]' is connected to logic 0. 
Warning: In design 'oadm_dm_pipe_56', a pin on submodule 'cut1' is connected to logic 1 or logic 0. (LINT-32)
   Pin 'data_in[95]' is connected to logic 0. 
Warning: In design 'oadm_dm_pipe_56', a pin on submodule 'cut1' is connected to logic 1 or logic 0. (LINT-32)
   Pin 'data_in[94]' is connected to logic 0. 
Warning: In design 'oadm_dm_pipe_56', a pin on submodule 'cut1' is connected to logic 1 or logic 0. (LINT-32)
   Pin 'data_in[93]' is connected to logic 0. 
Warning: In design 'oadm_dm_pipe_56', a pin on submodule 'cut1' is connected to logic 1 or logic 0. (LINT-32)
   Pin 'data_in[92]' is connected to logic 0. 
Warning: In design 'oadm_dm_pipe_56', a pin on submodule 'cut1' is connected to logic 1 or logic 0. (LINT-32)
   Pin 'data_in[91]' is connected to logic 0. 
Warning: In design 'oadm_dm_pipe_56', a pin on submodule 'cut1' is connected to logic 1 or logic 0. (LINT-32)
   Pin 'data_in[90]' is connected to logic 0. 
Warning: In design 'oadm_dm_pipe_56', a pin on submodule 'cut1' is connected to logic 1 or logic 0. (LINT-32)
   Pin 'data_in[89]' is connected to logic 0. 
Warning: In design 'oadm_dm_pipe_56', a pin on submodule 'cut1' is connected to logic 1 or logic 0. (LINT-32)
   Pin 'data_in[88]' is connected to logic 0. 
Warning: In design 'oadm_dm_pipe_56', a pin on submodule 'cut1' is connected to logic 1 or logic 0. (LINT-32)
   Pin 'data_in[87]' is connected to logic 0. 
Warning: In design 'oadm_dm_pipe_56', a pin on submodule 'cut1' is connected to logic 1 or logic 0. (LINT-32)
   Pin 'data_in[86]' is connected to logic 0. 
Warning: In design 'oadm_dm_pipe_56', a pin on submodule 'cut1' is connected to logic 1 or logic 0. (LINT-32)
   Pin 'data_in[85]' is connected to logic 0. 
Warning: In design 'oadm_dm_pipe_56', a pin on submodule 'cut1' is connected to logic 1 or logic 0. (LINT-32)
   Pin 'data_in[84]' is connected to logic 0. 
Warning: In design 'oadm_dm_pipe_56', a pin on submodule 'cut1' is connected to logic 1 or logic 0. (LINT-32)
   Pin 'data_in[83]' is connected to logic 0. 
Warning: In design 'oadm_dm_pipe_56', a pin on submodule 'cut1' is connected to logic 1 or logic 0. (LINT-32)
   Pin 'data_in[82]' is connected to logic 0. 
Warning: In design 'oadm_dm_pipe_56', a pin on submodule 'cut1' is connected to logic 1 or logic 0. (LINT-32)
   Pin 'data_in[81]' is connected to logic 0. 
Warning: In design 'oadm_dm_pipe_56', a pin on submodule 'cut1' is connected to logic 1 or logic 0. (LINT-32)
   Pin 'data_in[80]' is connected to logic 0. 
Warning: In design 'oadm_dm_pipe_56', a pin on submodule 'cut1' is connected to logic 1 or logic 0. (LINT-32)
   Pin 'data_in[79]' is connected to logic 0. 
Warning: In design 'oadm_dm_pipe_56', a pin on submodule 'cut1' is connected to logic 1 or logic 0. (LINT-32)
   Pin 'data_in[78]' is connected to logic 0. 
Warning: In design 'oadm_dm_pipe_56', a pin on submodule 'cut1' is connected to logic 1 or logic 0. (LINT-32)
   Pin 'data_in[77]' is connected to logic 0. 
Warning: In design 'oadm_dm_pipe_56', a pin on submodule 'cut1' is connected to logic 1 or logic 0. (LINT-32)
   Pin 'data_in[76]' is connected to logic 0. 
Warning: In design 'oadm_dm_pipe_56', a pin on submodule 'cut1' is connected to logic 1 or logic 0. (LINT-32)
   Pin 'data_in[75]' is connected to logic 0. 
Warning: In design 'oadm_dm_pipe_56', a pin on submodule 'cut1' is connected to logic 1 or logic 0. (LINT-32)
   Pin 'data_in[74]' is connected to logic 0. 
Warning: In design 'oadm_dm_pipe_56', a pin on submodule 'cut1' is connected to logic 1 or logic 0. (LINT-32)
   Pin 'data_in[52]' is connected to logic 0. 
Warning: In design 'oadm_dm_pipe_56', a pin on submodule 'cut1' is connected to logic 1 or logic 0. (LINT-32)
   Pin 'data_in[51]' is connected to logic 0. 
Warning: In design 'oadm_dm_pipe_56', a pin on submodule 'cut1' is connected to logic 1 or logic 0. (LINT-32)
   Pin 'data_in[50]' is connected to logic 0. 
Warning: In design 'oadm_dm_pipe_56', a pin on submodule 'cut1' is connected to logic 1 or logic 0. (LINT-32)
   Pin 'data_in[49]' is connected to logic 0. 
Warning: In design 'oadm_dm_pipe_56', a pin on submodule 'cut1' is connected to logic 1 or logic 0. (LINT-32)
   Pin 'data_in[48]' is connected to logic 0. 
Warning: In design 'oadm_dm_pipe_56', a pin on submodule 'cut1' is connected to logic 1 or logic 0. (LINT-32)
   Pin 'data_in[47]' is connected to logic 0. 
Warning: In design 'oadm_dm_pipe_56', a pin on submodule 'cut1' is connected to logic 1 or logic 0. (LINT-32)
   Pin 'data_in[46]' is connected to logic 0. 
Warning: In design 'oadm_dm_pipe_56', a pin on submodule 'cut1' is connected to logic 1 or logic 0. (LINT-32)
   Pin 'data_in[45]' is connected to logic 0. 
Warning: In design 'oadm_dm_pipe_56', a pin on submodule 'cut1' is connected to logic 1 or logic 0. (LINT-32)
   Pin 'data_in[44]' is connected to logic 0. 
Warning: In design 'oadm_dm_pipe_56', a pin on submodule 'cut1' is connected to logic 1 or logic 0. (LINT-32)
   Pin 'data_in[43]' is connected to logic 0. 
Warning: In design 'oadm_dm_pipe_56', a pin on submodule 'cut1' is connected to logic 1 or logic 0. (LINT-32)
   Pin 'data_in[23]' is connected to logic 0. 
Warning: In design 'oadm_dm_pipe_56', a pin on submodule 'cut1' is connected to logic 1 or logic 0. (LINT-32)
   Pin 'data_in[22]' is connected to logic 0. 
Warning: In design 'oadm_dm_pipe_56', a pin on submodule 'cut1' is connected to logic 1 or logic 0. (LINT-32)
   Pin 'data_in[15]' is connected to logic 0. 
Warning: In design 'oadm_dm_pipe_56', a pin on submodule 'cut1' is connected to logic 1 or logic 0. (LINT-32)
   Pin 'data_in[14]' is connected to logic 0. 
Warning: In design 'oadm_dm_pipe_56', a pin on submodule 'cut2' is connected to logic 1 or logic 0. (LINT-32)
   Pin 'data_in[168]' is connected to logic 0. 
Warning: In design 'oadm_dm_pipe_56', a pin on submodule 'cut2' is connected to logic 1 or logic 0. (LINT-32)
   Pin 'data_in[139]' is connected to logic 0. 
Warning: In design 'oadm_dm_pipe_56', a pin on submodule 'cut2' is connected to logic 1 or logic 0. (LINT-32)
   Pin 'data_in[110]' is connected to logic 0. 
Warning: In design 'oadm_dm_pipe_56', a pin on submodule 'cut2' is connected to logic 1 or logic 0. (LINT-32)
   Pin 'data_in[81]' is connected to logic 0. 
Warning: In design 'oadm_dm_pipe_56', a pin on submodule 'cut2' is connected to logic 1 or logic 0. (LINT-32)
   Pin 'data_in[80]' is connected to logic 0. 
Warning: In design 'oadm_dm_pipe_56', a pin on submodule 'cut2' is connected to logic 1 or logic 0. (LINT-32)
   Pin 'data_in[52]' is connected to logic 0. 
Warning: In design 'oadm_dm_pipe_56', a pin on submodule 'cut2' is connected to logic 1 or logic 0. (LINT-32)
   Pin 'data_in[51]' is connected to logic 0. 
Warning: In design 'oadm_dm_pipe_56', a pin on submodule 'cut2' is connected to logic 1 or logic 0. (LINT-32)
   Pin 'data_in[50]' is connected to logic 0. 
Warning: In design 'oadm_dm_pipe_56', a pin on submodule 'cut2' is connected to logic 1 or logic 0. (LINT-32)
   Pin 'data_in[15]' is connected to logic 0. 
Warning: In design 'oadm_dm_pipe_56', a pin on submodule 'cut2' is connected to logic 1 or logic 0. (LINT-32)
   Pin 'data_in[14]' is connected to logic 0. 
Warning: In design 'oadm_dm_pipe_56', a pin on submodule 'csa1' is connected to logic 1 or logic 0. (LINT-32)
   Pin 'input_b[0]' is connected to logic 0. 
Warning: In design 'oadm_dm_pipe_56', a pin on submodule 'csa2' is connected to logic 1 or logic 0. (LINT-32)
   Pin 'input_b[0]' is connected to logic 0. 
Warning: In design 'oadm_dm_pipe_56', a pin on submodule 'cut3' is connected to logic 1 or logic 0. (LINT-32)
   Pin 'data_in[19]' is connected to logic 0. 
Warning: In design 'oadm_dm_pipe_56', a pin on submodule 'cut3' is connected to logic 1 or logic 0. (LINT-32)
   Pin 'data_in[18]' is connected to logic 0. 
Warning: In design 'oadm_dm_pipe_56', a pin on submodule 'cut3' is connected to logic 1 or logic 0. (LINT-32)
   Pin 'data_in[17]' is connected to logic 0. 
Warning: In design 'oadm_dm_pipe_56', a pin on submodule 'cut3' is connected to logic 1 or logic 0. (LINT-32)
   Pin 'data_in[15]' is connected to logic 0. 
Warning: In design 'oadm_dm_pipe_56', a pin on submodule 'cut3' is connected to logic 1 or logic 0. (LINT-32)
   Pin 'data_in[14]' is connected to logic 0. 
Warning: In design 'oadm_dm_pipe_56', a pin on submodule 'cut4' is connected to logic 1 or logic 0. (LINT-32)
   Pin 'data_in[15]' is connected to logic 0. 
Warning: In design 'oadm_dm_pipe_56', a pin on submodule 'cut4' is connected to logic 1 or logic 0. (LINT-32)
   Pin 'data_in[14]' is connected to logic 0. 
Warning: In design 'oadm_dm_pipe_56', a pin on submodule 'cut5' is connected to logic 1 or logic 0. (LINT-32)
   Pin 'data_in[44]' is connected to logic 0. 
Warning: In design 'oadm_dm_pipe_56', a pin on submodule 'cut5' is connected to logic 1 or logic 0. (LINT-32)
   Pin 'data_in[43]' is connected to logic 0. 
Warning: In design 'oadm_dm_pipe_56', a pin on submodule 'cut5' is connected to logic 1 or logic 0. (LINT-32)
   Pin 'data_in[42]' is connected to logic 0. 
Warning: In design 'oadm_dm_pipe_56', a pin on submodule 'cut5' is connected to logic 1 or logic 0. (LINT-32)
   Pin 'data_in[41]' is connected to logic 0. 
Warning: In design 'oadm_dm_pipe_56', a pin on submodule 'cut5' is connected to logic 1 or logic 0. (LINT-32)
   Pin 'data_in[40]' is connected to logic 0. 
Warning: In design 'oadm_dm_pipe_56', a pin on submodule 'cut5' is connected to logic 1 or logic 0. (LINT-32)
   Pin 'data_in[39]' is connected to logic 0. 
Warning: In design 'oadm_dm_pipe_56', a pin on submodule 'cut5' is connected to logic 1 or logic 0. (LINT-32)
   Pin 'data_in[38]' is connected to logic 0. 
Warning: In design 'oadm_dm_pipe_56', a pin on submodule 'cut5' is connected to logic 1 or logic 0. (LINT-32)
   Pin 'data_in[37]' is connected to logic 0. 
Warning: In design 'oadm_dm_pipe_56', a pin on submodule 'cut5' is connected to logic 1 or logic 0. (LINT-32)
   Pin 'data_in[36]' is connected to logic 0. 
Warning: In design 'oadm_dm_pipe_56', a pin on submodule 'cut5' is connected to logic 1 or logic 0. (LINT-32)
   Pin 'data_in[35]' is connected to logic 0. 
Warning: In design 'oadm_dm_pipe_56', a pin on submodule 'cut5' is connected to logic 1 or logic 0. (LINT-32)
   Pin 'data_in[34]' is connected to logic 0. 
Warning: In design 'oadm_dm_pipe_56', a pin on submodule 'cut5' is connected to logic 1 or logic 0. (LINT-32)
   Pin 'data_in[33]' is connected to logic 0. 
Warning: In design 'oadm_dm_pipe_56', a pin on submodule 'cut5' is connected to logic 1 or logic 0. (LINT-32)
   Pin 'data_in[32]' is connected to logic 0. 
Warning: In design 'oadm_dm_pipe_56', a pin on submodule 'cut5' is connected to logic 1 or logic 0. (LINT-32)
   Pin 'data_in[31]' is connected to logic 0. 
Warning: In design 'oadm_dm_pipe_56', a pin on submodule 'cut5' is connected to logic 1 or logic 0. (LINT-32)
   Pin 'data_in[30]' is connected to logic 0. 
Warning: In design 'oadm_dm_pipe_56', a pin on submodule 'cut5' is connected to logic 1 or logic 0. (LINT-32)
   Pin 'data_in[29]' is connected to logic 0. 
Warning: In design 'oadm_dm_pipe_56', a pin on submodule 'cut5' is connected to logic 1 or logic 0. (LINT-32)
   Pin 'data_in[28]' is connected to logic 0. 
Warning: In design 'oadm_dm_pipe_56', a pin on submodule 'cut5' is connected to logic 1 or logic 0. (LINT-32)
   Pin 'data_in[27]' is connected to logic 0. 
Warning: In design 'oadm_dm_pipe_56', a pin on submodule 'cut5' is connected to logic 1 or logic 0. (LINT-32)
   Pin 'data_in[26]' is connected to logic 0. 
Warning: In design 'oadm_dm_pipe_56', a pin on submodule 'cut5' is connected to logic 1 or logic 0. (LINT-32)
   Pin 'data_in[25]' is connected to logic 0. 
Warning: In design 'oadm_dm_pipe_56', a pin on submodule 'cut5' is connected to logic 1 or logic 0. (LINT-32)
   Pin 'data_in[24]' is connected to logic 0. 
Warning: In design 'oadm_dm_pipe_56', a pin on submodule 'cut5' is connected to logic 1 or logic 0. (LINT-32)
   Pin 'data_in[23]' is connected to logic 0. 
Warning: In design 'oadm_dm_pipe_56', a pin on submodule 'cut5' is connected to logic 1 or logic 0. (LINT-32)
   Pin 'data_in[22]' is connected to logic 0. 
Warning: In design 'oadm_dm_pipe_56', a pin on submodule 'cut5' is connected to logic 1 or logic 0. (LINT-32)
   Pin 'data_in[21]' is connected to logic 0. 
Warning: In design 'oadm_dm_pipe_56', a pin on submodule 'cut5' is connected to logic 1 or logic 0. (LINT-32)
   Pin 'data_in[20]' is connected to logic 0. 
Warning: In design 'oadm_dm_pipe_56', a pin on submodule 'cut5' is connected to logic 1 or logic 0. (LINT-32)
   Pin 'data_in[19]' is connected to logic 0. 
Warning: In design 'oadm_dm_pipe_56', a pin on submodule 'cut5' is connected to logic 1 or logic 0. (LINT-32)
   Pin 'data_in[18]' is connected to logic 0. 
Warning: In design 'oadm_dm_pipe_56', a pin on submodule 'cut5' is connected to logic 1 or logic 0. (LINT-32)
   Pin 'data_in[17]' is connected to logic 0. 
Warning: In design 'oadm_dm_pipe_56', a pin on submodule 'cut5' is connected to logic 1 or logic 0. (LINT-32)
   Pin 'data_in[16]' is connected to logic 0. 
Warning: In design 'oadm_dm_pipe_56', the same net is connected to more than one pin on submodule 'cut0'. (LINT-33)
   Net 'n2964' is connected to pins 'data_in[133]', 'data_in[75]''.
Warning: In design 'oadm_dm_pipe_56', the same net is connected to more than one pin on submodule 'csa0'. (LINT-33)
   Net 'use_d2[28]' is connected to pins 'input_c[28]', 'input_c[27]''.
Warning: In design 'oadm_dm_pipe_56', the same net is connected to more than one pin on submodule 'csa1'. (LINT-33)
   Net 'n2966' is connected to pins 'input_c[28]', 'input_c[27]'', 'input_c[26]'.
Warning: In design 'oadm_dm_pipe_56', the same net is connected to more than one pin on submodule 'csa2'. (LINT-33)
   Net 'use_d4[25]' is connected to pins 'input_c[28]', 'input_c[27]'', 'input_c[26]', 'input_c[25]'.
1
 
****************************************
Report : area
Design : oadm_runtime_p4
Version: U-2022.12-SP7
Date   : Tue Aug 18 02:31:01 2026
****************************************

Library(s) Used:

    tcbn65gplustc_ccs (File: /courses/ee6350/pdk2025/tcbn65gplus/TSMCHOME/digital/Front_End/timing_power_noise/CCS/tcbn65gplus_200a/tcbn65gplustc_ccs.db)

Number of ports:                         2242
Number of nets:                          6569
Number of cells:                         4326
Number of combinational cells:           3701
Number of sequential cells:               412
Number of macros/black boxes:               0
Number of buf/inv:                       1278
Number of references:                       6

Combinational area:              10182.240135
Buf/Inv area:                     1571.400062
Noncombinational area:            2818.080063
Macro/Black Box area:                0.000000
Net Interconnect area:      undefined  (Wire load has zero net area)

Total cell area:                 13000.320198
Total area:                 undefined
1
Information: Propagating switching activity (medium effort zero delay simulation). (PWR-6)
Warning: Design has unannotated primary inputs. (PWR-414)
Warning: Design has unannotated sequential cell outputs. (PWR-415)
 
****************************************
Report : power
        -hier
        -analysis_effort medium
        -verbose
Design : oadm_runtime_p4
Version: U-2022.12-SP7
Date   : Tue Aug 18 02:31:01 2026
****************************************


Library(s) Used:

    tcbn65gplustc_ccs (File: /courses/ee6350/pdk2025/tcbn65gplus/TSMCHOME/digital/Front_End/timing_power_noise/CCS/tcbn65gplus_200a/tcbn65gplustc_ccs.db)


Operating Conditions: NCCOM   Library: tcbn65gplustc_ccs
Wire Load Model Mode: segmented

Design        Wire Load Model            Library
------------------------------------------------
oadm_runtime_p4        ZeroWireload      tcbn65gplustc_ccs
oadm_dm_pipe_56        ZeroWireload      tcbn65gplustc_ccs
oadm_pipe_cut_198_0    ZeroWireload      tcbn65gplustc_ccs
oadm_pipe_cut_227_1    ZeroWireload      tcbn65gplustc_ccs
oadm_pipe_cut_169_1    ZeroWireload      tcbn65gplustc_ccs
csa3_WIDTH29_2         ZeroWireload      tcbn65gplustc_ccs
csa3_WIDTH29_1         ZeroWireload      tcbn65gplustc_ccs
oadm_pipe_cut_53_0     ZeroWireload      tcbn65gplustc_ccs
oadm_pipe_cut_75_1     ZeroWireload      tcbn65gplustc_ccs
oadm_pipe_cut_45_0     ZeroWireload      tcbn65gplustc_ccs
oadm_pipe_cut_32_1     ZeroWireload      tcbn65gplustc_ccs
csa3_WIDTH29_0         ZeroWireload      tcbn65gplustc_ccs


Global Operating Voltage = 1    
Power-specific unit information :
    Voltage Units = 1V
    Capacitance Units = 1.000000pf
    Time Units = 1ns
    Dynamic Power Units = 1mW    (derived from V,C,T units)
    Leakage Power Units = 1nW


--------------------------------------------------------------------------------
                                       Switch   Int      Leak     Total
Hierarchy                              Power    Power    Power    Power    %
--------------------------------------------------------------------------------
oadm_runtime_p4                           0.509    3.210 6.58e+04    3.785 100.0
  impl (oadm_dm_pipe_56)                  0.504    3.207 6.54e+04    3.776  99.8
    cut6 (oadm_pipe_cut_32_1)          7.78e-03    0.163 1.13e+03    0.171   4.5
    cut5 (oadm_pipe_cut_45_0)          2.06e-03 1.91e-03  117.507 4.08e-03   0.1
    cut4 (oadm_pipe_cut_75_1)          5.51e-03    0.388 2.58e+03    0.396  10.5
    cut3 (oadm_pipe_cut_53_0)          7.42e-03 9.34e-03  374.512 1.71e-02   0.5
    csa2 (csa3_WIDTH29_0)              1.43e-02 5.55e-02 1.39e+03 7.12e-02   1.9
    csa1 (csa3_WIDTH29_1)              1.61e-02 5.29e-02 1.43e+03 7.05e-02   1.9
    csa0 (csa3_WIDTH29_2)              1.27e-02 4.31e-02 1.40e+03 5.72e-02   1.5
    cut2 (oadm_pipe_cut_169_1)         1.39e-02    0.814 5.60e+03    0.834  22.0
    cut1 (oadm_pipe_cut_227_1)         1.08e-02    0.729 5.22e+03    0.745  19.7
    cut0 (oadm_pipe_cut_198_0)         1.07e-02 1.90e-02  856.295 3.06e-02   0.8
1
 
****************************************
Report : constraint
        -all_violators
        -verbose
Design : oadm_runtime_p4
Version: U-2022.12-SP7
Date   : Tue Aug 18 02:31:01 2026
****************************************

This design has no violated constraints.

1
