 
****************************************
Report : timing
        -path full
        -delay min
        -max_paths 1
Design : top
Version: U-2022.12-SP7
Date   : Sun Aug  9 13:54:03 2026
****************************************

Operating Conditions: NCCOM   Library: tcbn65gplustc_ccs
Wire Load Model Mode: segmented

  Startpoint: sign_y (input port clocked by vclk)
  Endpoint: sign_out (output port clocked by vclk)
  Path Group: vclk
  Path Type: min

  Des/Clust/Port     Wire Load Model       Library
  ------------------------------------------------
  top                ZeroWireload          tcbn65gplustc_ccs

  Point                                    Incr       Path
  -----------------------------------------------------------
  clock vclk (rise edge)                   0.00       0.00
  clock network delay (ideal)              0.00       0.00
  input external delay                     0.02       0.02 f
  sign_y (in)                              0.01       0.03 f
  U251/Z (XOR2D0)                          0.05       0.08 f
  sign_out (out)                           0.00       0.08 f
  data arrival time                                   0.08

  clock vclk (rise edge)                   0.00       0.00
  clock network delay (ideal)              0.00       0.00
  output external delay                   -0.02      -0.02
  data required time                                 -0.02
  -----------------------------------------------------------
  data required time                                 -0.02
  data arrival time                                  -0.08
  -----------------------------------------------------------
  slack (MET)                                         0.10


1
