****************************************
Report : Averaged Power
	-hierarchy
	-significant_digits
Design : oadm_fixed_l2_mul_root_opt_aggressive
Version: U-2022.12-SP5
Date   : Thu Sep  3 13:00:08 2026
****************************************



                                      Int      Switch   Leak     Total
Hierarchy                             Power    Power    Power    Power    %
----------------------------------------------------------------------------------
oadm_fixed_l2_mul_root_opt_aggressive 3.17e-05 1.09e-05 7.01e-06 4.96e-05 100.0
  impl (oadm_fixed_mul_root_opt_LEVEL2_RESIDUAL_DROP14)
                                      3.17e-05 1.09e-05 7.01e-06 4.96e-05 100.0
    plane (oadm_fixed_mul_plane_root_opt_LEVEL2_RESIDUAL_DROP14)
                                      2.39e-05 6.49e-06 5.19e-06 3.55e-05  71.6
      mult_46 (oadm_fixed_mul_plane_root_opt_LEVEL2_RESIDUAL_DROP14_DW_mult_uns_0)
                                      2.31e-06 5.74e-07 6.35e-07 3.52e-06   7.1
      mult_33 (oadm_fixed_mul_plane_root_opt_LEVEL2_RESIDUAL_DROP14_DW_mult_tc_1)
                                      5.35e-06 1.51e-06 1.33e-06 8.19e-06  16.5
      mult_35 (oadm_fixed_mul_plane_root_opt_LEVEL2_RESIDUAL_DROP14_DW_mult_tc_0)
                                      5.39e-06 1.59e-06 1.33e-06 8.31e-06  16.7
    fp_wrapper (fp32_normal_finite_wrapper)
                                      6.08e-06 3.03e-06 1.48e-06 1.06e-05  21.3
      add_1_root_add_0_root_add_25_2 (fp32_normal_finite_wrapper_DW01_add_3_DW01_add_9)
                                      1.86e-06 2.85e-07 4.52e-07 2.59e-06   5.2
1
