1
 
****************************************
Report : area
Design : exact_fp32_mul_nopipe
Version: U-2022.12-SP7
Date   : Sat Aug 22 01:06:02 2026
****************************************

Library(s) Used:

    tcbn65gplustc_ccs (File: /courses/ee6350/pdk2025/tcbn65gplus/TSMCHOME/digital/Front_End/timing_power_noise/CCS/tcbn65gplus_200a/tcbn65gplustc_ccs.db)

Number of ports:                           96
Number of nets:                          2218
Number of cells:                         1946
Number of combinational cells:           1946
Number of sequential cells:                 0
Number of macros/black boxes:               0
Number of buf/inv:                        830
Number of references:                      50

Combinational area:               4996.440039
Buf/Inv area:                      952.200038
Noncombinational area:               0.000000
Macro/Black Box area:                0.000000
Net Interconnect area:      undefined  (Wire load has zero net area)

Total cell area:                  4996.440039
Total area:                 undefined
1
 
****************************************
Report : area
Design : exact_fp32_mul_nopipe
Version: U-2022.12-SP7
Date   : Sat Aug 22 01:06:02 2026
****************************************

Library(s) Used:

    tcbn65gplustc_ccs (File: /courses/ee6350/pdk2025/tcbn65gplus/TSMCHOME/digital/Front_End/timing_power_noise/CCS/tcbn65gplus_200a/tcbn65gplustc_ccs.db)

Number of ports:                           96
Number of nets:                          2218
Number of cells:                         1946
Number of combinational cells:           1946
Number of sequential cells:                 0
Number of macros/black boxes:               0
Number of buf/inv:                        830
Number of references:                      50

Combinational area:               4996.440039
Buf/Inv area:                      952.200038
Noncombinational area:               0.000000
Macro/Black Box area:                0.000000
Net Interconnect area:      undefined  (Wire load has zero net area)

Total cell area:                  4996.440039
Total area:                 undefined

Hierarchical area distribution
------------------------------

                                  Global cell area          Local cell area
                                  ------------------  ---------------------------- 
Hierarchical cell                 Absolute   Percent  Combi-     Noncombi-  Black-
                                  Total      Total    national   national   boxes   Design
--------------------------------  ---------  -------  ---------  ---------  ------  ---------
exact_fp32_mul_nopipe             4996.4400    100.0  4996.4400     0.0000  0.0000  exact_fp32_mul_nopipe
--------------------------------  ---------  -------  ---------  ---------  ------  ---------
Total                                                 4996.4400     0.0000  0.0000

1
Information: Propagating switching activity (medium effort zero delay simulation). (PWR-6)
Warning: Design has unannotated primary inputs. (PWR-414)
 
****************************************
Report : power
        -analysis_effort medium
Design : exact_fp32_mul_nopipe
Version: U-2022.12-SP7
Date   : Sat Aug 22 01:06:02 2026
****************************************


Library(s) Used:

    tcbn65gplustc_ccs (File: /courses/ee6350/pdk2025/tcbn65gplus/TSMCHOME/digital/Front_End/timing_power_noise/CCS/tcbn65gplus_200a/tcbn65gplustc_ccs.db)


Operating Conditions: NCCOM   Library: tcbn65gplustc_ccs
Wire Load Model Mode: segmented

Design        Wire Load Model            Library
------------------------------------------------
exact_fp32_mul_nopipe  ZeroWireload      tcbn65gplustc_ccs


Global Operating Voltage = 1    
Power-specific unit information :
    Voltage Units = 1V
    Capacitance Units = 1.000000pf
    Time Units = 1ns
    Dynamic Power Units = 1mW    (derived from V,C,T units)
    Leakage Power Units = 1nW


Attributes
----------
i - Including register clock pin internal power


  Cell Internal Power  = 160.8497 uW   (74%)
  Net Switching Power  =  55.4162 uW   (26%)
                         ---------
Total Dynamic Power    = 216.2659 uW  (100%)

Cell Leakage Power     =  23.8122 uW

Information: report_power power group summary does not include estimated clock tree power. (PWR-789)

                 Internal         Switching           Leakage            Total
Power Group      Power            Power               Power              Power   (   %    )  Attrs
--------------------------------------------------------------------------------------------------
io_pad             0.0000            0.0000            0.0000            0.0000  (   0.00%)
memory             0.0000            0.0000            0.0000            0.0000  (   0.00%)
black_box          0.0000            0.0000            0.0000            0.0000  (   0.00%)
clock_network      0.0000            0.0000            0.0000            0.0000  (   0.00%)  i
register           0.0000            0.0000            0.0000            0.0000  (   0.00%)
sequential         0.0000            0.0000            0.0000            0.0000  (   0.00%)
combinational      0.1608        5.5416e-02        2.3812e+04            0.2401  ( 100.00%)
--------------------------------------------------------------------------------------------------
Total              0.1608 mW     5.5416e-02 mW     2.3812e+04 nW         0.2401 mW
1
 
****************************************
Report : constraint
        -all_violators
        -verbose
Design : exact_fp32_mul_nopipe
Version: U-2022.12-SP7
Date   : Sat Aug 22 01:06:02 2026
****************************************


    Design: exact_fp32_mul_nopipe

    max_area               0.00
  - Current Area        4996.44
  ------------------------------
    Slack              -4996.44  (VIOLATED)


1
