****************************************
Report : reference
Design : oadm_fixed_l0_divmul_correction_chain
Version: U-2022.12-SP5
Date   : Thu Sep  3 21:15:45 2026
****************************************


Attributes:
    b - black-box (unknown)
    h - hierarchical
    n - noncombinational
    u - contains unmapped logic
    A - abstracted timing model
    E - extracted timing model
    S - Stamp timing model
    Q - Quick timing model (QTM)

Reference          Library       Unit Area   Count    Total Area   Attributes
--------------------------------------------------------------------------------
CKBD1              tcbn65gplustc_ccs
                                    1.44     1           1.44      
oadm_fixed_divmul_correction_chain_LEVEL0
                                 2584.44     1        2584.44      h
--------------------------------------------------------------------------------
Total 2 references                                    2585.88
1
