****************************************
Report : qor
Design : oadm_fixed_l0_divmul_correction_chain
Version: U-2022.12-SP5
Date   : Thu Sep  3 21:15:45 2026
****************************************

  Timing Path Group 'vclk' (max_delay/setup)
  ---------------------------------------------
  Levels of Logic:                           49
  Critical Path Length:                    3.38
  Critical Path Slack:                     6.60
  Total Negative Slack:                    0.00
  No. of Violating Paths:                     0
  ---------------------------------------------

  Timing Path Group 'vclk' (min_delay/hold)
  ---------------------------------------------
  Levels of Logic:                            1
  Critical Path Length:                    0.07
  Critical Path Slack:                     0.09
  Total Negative Slack:                    0.00
  No. of Violating Paths:                     0
  ---------------------------------------------

  Area
  ---------------------------------------------
  Net Interconnect area:                   0.00
  Total cell area:                      2585.88
  Design Area:                          2585.88
  Area Cost:                           -2585.88
  ---------------------------------------------


  Cell & Pin Count
  ---------------------------------------------
  Pin Count:                               2173
  Hierarchical Cell Count:                   11
  Hierarchical Port Count:                  916
  Leaf Cell Count:                          561
  ---------------------------------------------


  Design Rule Violations
  ---------------------------------------------
  Total No. of Pins in Design:             2173
  max_capacitance Count:                      1
  max_capacitance Cost:                    0.00
  Total DRC Cost:                          0.00
  ---------------------------------------------

1
