****************************************
Report : reference
Design : pace_fp32_l2
Version: U-2022.12-SP5
Date   : Wed Sep  2 14:21:50 2026
****************************************


Attributes:
    b - black-box (unknown)
    h - hierarchical
    n - noncombinational
    u - contains unmapped logic
    A - abstracted timing model
    E - extracted timing model
    S - Stamp timing model
    Q - Quick timing model (QTM)

Reference          Library       Unit Area   Count    Total Area   Attributes
--------------------------------------------------------------------------------
AO222D0            tcbn65gplustc_ccs
                                    4.32     9          38.88      
AOI211D0           tcbn65gplustc_ccs
                                    2.52     1           2.52      
AOI211XD0          tcbn65gplustc_ccs
                                    2.52     10         25.20      
AOI21D0            tcbn65gplustc_ccs
                                    2.16     3           6.48      
AOI221D0           tcbn65gplustc_ccs
                                    2.88     11         31.68      
AOI22D0            tcbn65gplustc_ccs
                                    2.52     4          10.08      
BUFFD0             tcbn65gplustc_ccs
                                    1.44     14         20.16      
CKAN2D0            tcbn65gplustc_ccs
                                    2.16     26         56.16      
CKND2D0            tcbn65gplustc_ccs
                                    1.44     32         46.08      
FA1D0              tcbn65gplustc_ccs
                                    9.00     51        459.00      
IND2D0             tcbn65gplustc_ccs
                                    2.16     2           4.32      
INR2D0             tcbn65gplustc_ccs
                                    2.16     3           6.48      
INVD0              tcbn65gplustc_ccs
                                    1.08     186       200.88      
IOA21D0            tcbn65gplustc_ccs
                                    2.52     1           2.52      
MAOI222D0          tcbn65gplustc_ccs
                                    2.88     39        112.32      
MAOI22D0           tcbn65gplustc_ccs
                                    2.88     1           2.88      
MUX2D0             tcbn65gplustc_ccs
                                    3.24     3           9.72      
MUX2ND0            tcbn65gplustc_ccs
                                    2.88     18         51.84      
NR2D0              tcbn65gplustc_ccs
                                    1.44     59         84.96      
NR2XD0             tcbn65gplustc_ccs
                                    1.44     1           1.44      
NR3D0              tcbn65gplustc_ccs
                                    2.16     1           2.16      
OA21D0             tcbn65gplustc_ccs
                                    2.52     9          22.68      
OA22D0             tcbn65gplustc_ccs
                                    2.88     18         51.84      
OA31D0             tcbn65gplustc_ccs
                                    2.88     1           2.88      
OAI211D0           tcbn65gplustc_ccs
                                    2.52     12         30.24      
OAI21D0            tcbn65gplustc_ccs
                                    2.16     15         32.40      
OAI221D0           tcbn65gplustc_ccs
                                    2.88     8          23.04      
OAI222D0           tcbn65gplustc_ccs
                                    3.24     1           3.24      
OAI22D0            tcbn65gplustc_ccs
                                    2.52     2           5.04      
OAI31D0            tcbn65gplustc_ccs
                                    2.52     1           2.52      
OR2D0              tcbn65gplustc_ccs
                                    2.16     2           4.32      
XNR4D0             tcbn65gplustc_ccs
                                    9.00     1           9.00      
XOR2D0             tcbn65gplustc_ccs
                                    3.60     2           7.20      
--------------------------------------------------------------------------------
Total 33 references                                   1370.16
1
