****************************************
Report : qor
Design : oadm_fixed_l2_opt
Version: U-2022.12-SP5
Date   : Thu Sep  3 02:52:55 2026
****************************************

  Timing Path Group 'vclk' (max_delay/setup)
  ---------------------------------------------
  Levels of Logic:                           60
  Critical Path Length:                    4.18
  Critical Path Slack:                     5.80
  Total Negative Slack:                    0.00
  No. of Violating Paths:                     0
  ---------------------------------------------

  Timing Path Group 'vclk' (min_delay/hold)
  ---------------------------------------------
  Levels of Logic:                            1
  Critical Path Length:                    0.08
  Critical Path Slack:                     0.10
  Total Negative Slack:                    0.00
  No. of Violating Paths:                     0
  ---------------------------------------------

  Area
  ---------------------------------------------
  Net Interconnect area:                   0.00
  Total cell area:                      3787.55
  Design Area:                          3787.55
  Area Cost:                           -3787.55
  ---------------------------------------------


  Cell & Pin Count
  ---------------------------------------------
  Pin Count:                               4324
  Hierarchical Cell Count:                    0
  Hierarchical Port Count:                    0
  Leaf Cell Count:                         1237
  ---------------------------------------------


  Design Rule Violations
  ---------------------------------------------
  Total No. of Pins in Design:             4324
  Total DRC Cost:                          0.00
  ---------------------------------------------

1
