****************************************
Report : timing
	-path_type full
	-delay_type max
	-nworst 10
	-slack_lesser_than 1000.0000
	-max_paths 10
	-sort_by slack
Design : oadm_fixed_l1_np
Version: U-2022.12-SP5
Date   : Tue Aug 18 15:24:04 2026
****************************************


  Startpoint: divide_mode
               (input port clocked by clk)
  Endpoint: result[21] (output port clocked by clk)
  Path Group: clk
  Path Type: max

  Point                                                   Incr       Path
  ------------------------------------------------------------------------------
  clock clk (rise edge)                                 0.0000     0.0000
  clock network delay (ideal)                           0.0000     0.0000
  input external delay                                  0.0200     0.0200 r
  divide_mode (in)                                      0.0059     0.0259 r
  U62/Z (BUFFD0)                                        0.0546     0.0805 r
  impl/impl/U129/ZN (INVD0)                             0.0307     0.1112 f
  impl/impl/U134/Z (BUFFD0)                             0.0455     0.1567 f
  impl/impl/U135/Z (BUFFD0)                             0.0438     0.2004 f
  impl/impl/U136/Z (BUFFD0)                             0.0448     0.2453 f
  impl/impl/U137/Z (BUFFD0)                             0.0423     0.2875 f
  impl/impl/U138/ZN (INVD0)                             0.0548     0.3424 r
  impl/impl/U139/Z (BUFFD0)                             0.0434     0.3857 r
  impl/impl/U140/Z (BUFFD0)                             0.0633     0.4490 r
  impl/impl/U790/Z (BUFFD0)                             0.0784     0.5275 r
  impl/impl/DP_OP_216J1_131_4230_U30/CO (FA1D0)         0.0965     0.6239 r
  impl/impl/DP_OP_216J1_131_4230_U29/CO (FA1D0)         0.0919     0.7158 r
  impl/impl/DP_OP_216J1_131_4230_U28/CO (FA1D0)         0.0507     0.7665 r
  impl/impl/DP_OP_216J1_131_4230_U27/CO (FA1D0)         0.0507     0.8172 r
  impl/impl/DP_OP_216J1_131_4230_U26/S (FA1D0)          0.0677     0.8849 r
  impl/impl/cut0/U40/Z (BUFFD0)                         0.0294     0.9144 r
  impl/impl/cut1/U7/Z (BUFFD0)                          0.0283     0.9427 r
  impl/impl/cut2/U5/Z (BUFFD0)                          0.0326     0.9753 r
  impl/impl/csa0/U25/Z (CKAN2D0)                        0.0503     1.0256 r
  impl/impl/csa0/U55/ZN (IAO21D0)                       0.0206     1.0461 f
  impl/impl/csa1/U26/Z (CKAN2D0)                        0.0454     1.0915 f
  impl/impl/csa1/U54/ZN (IAO21D0)                       0.0415     1.1330 r
  impl/impl/csa2/U27/Z (CKAN2D0)                        0.0538     1.1868 r
  impl/impl/csa2/U53/ZN (IAO21D0)                       0.0235     1.2104 f
  impl/impl/intadd_2_U25/CO (FA1D0)                     0.0803     1.2907 f
  impl/impl/intadd_2_U24/CO (FA1D0)                     0.0552     1.3459 f
  impl/impl/intadd_2_U23/CO (FA1D0)                     0.0552     1.4012 f
  impl/impl/intadd_2_U22/CO (FA1D0)                     0.0552     1.4564 f
  impl/impl/intadd_2_U21/CO (FA1D0)                     0.0552     1.5117 f
  impl/impl/intadd_2_U20/CO (FA1D0)                     0.0552     1.5669 f
  impl/impl/intadd_2_U19/CO (FA1D0)                     0.0552     1.6221 f
  impl/impl/intadd_2_U18/CO (FA1D0)                     0.0552     1.6774 f
  impl/impl/intadd_2_U17/CO (FA1D0)                     0.0552     1.7326 f
  impl/impl/intadd_2_U16/CO (FA1D0)                     0.0552     1.7879 f
  impl/impl/intadd_2_U15/CO (FA1D0)                     0.0552     1.8431 f
  impl/impl/intadd_2_U14/CO (FA1D0)                     0.0552     1.8984 f
  impl/impl/intadd_2_U13/CO (FA1D0)                     0.0552     1.9536 f
  impl/impl/intadd_2_U12/CO (FA1D0)                     0.0552     2.0089 f
  impl/impl/intadd_2_U11/CO (FA1D0)                     0.0552     2.0641 f
  impl/impl/intadd_2_U10/CO (FA1D0)                     0.0552     2.1193 f
  impl/impl/intadd_2_U9/CO (FA1D0)                      0.0552     2.1746 f
  impl/impl/intadd_2_U8/CO (FA1D0)                      0.0552     2.2298 f
  impl/impl/intadd_2_U7/CO (FA1D0)                      0.0552     2.2851 f
  impl/impl/intadd_2_U6/CO (FA1D0)                      0.0552     2.3403 f
  impl/impl/intadd_2_U5/CO (FA1D0)                      0.0552     2.3956 f
  impl/impl/intadd_2_U4/CO (FA1D0)                      0.0552     2.4508 f
  impl/impl/intadd_2_U3/CO (FA1D0)                      0.0552     2.5061 f
  impl/impl/intadd_2_U2/CO (FA1D0)                      0.0525     2.5586 f
  impl/impl/U146/Z (XOR3D0)                             0.1240     2.6825 r
  impl/impl/cut3/U9/Z (BUFFD0)                          0.0681     2.7507 r
  impl/impl/mult_x_26_U52/S (CMPE42D1)                  0.1854     2.9360 r
  impl/impl/U598/ZN (INVD0)                             0.0157     2.9517 f
  impl/impl/intadd_0_U7/CO (FA1D0)                      0.0983     3.0500 f
  impl/impl/intadd_0_U6/CO (FA1D0)                      0.0552     3.1052 f
  impl/impl/intadd_0_U5/CO (FA1D0)                      0.0552     3.1605 f
  impl/impl/intadd_0_U4/CO (FA1D0)                      0.0552     3.2157 f
  impl/impl/intadd_0_U3/CO (FA1D0)                      0.0552     3.2710 f
  impl/impl/intadd_0_U2/S (FA1D0)                       0.0660     3.3370 r
  impl/impl/U181/ZN (INVD0)                             0.0133     3.3503 f
  impl/impl/U182/Z (MUX2D0)                             0.0509     3.4013 f
  impl/impl/U183/ZN (INR2D0)                            0.0378     3.4390 r
  impl/impl/U187/ZN (CKND2D0)                           0.0369     3.4759 f
  impl/impl/U192/ZN (NR2D0)                             0.0520     3.5279 r
  impl/impl/U198/ZN (CKND2D0)                           0.0337     3.5616 f
  impl/impl/U199/ZN (CKND2D0)                           0.0454     3.6069 r
  impl/impl/U200/ZN (INVD0)                             0.0173     3.6242 f
  impl/impl/U203/ZN (CKND2D0)                           0.0216     3.6458 r
  impl/impl/U101/ZN (NR2D0)                             0.0226     3.6684 f
  impl/impl/U102/ZN (INVD0)                             0.0530     3.7214 r
  impl/impl/U902/Z (XOR2D0)                             0.0605     3.7820 f
  impl/impl/DP_OP_193J1_162_6510_U13/CO (FA1D0)         0.0551     3.8370 f
  impl/impl/DP_OP_193J1_162_6510_U12/CO (FA1D0)         0.0552     3.8923 f
  impl/impl/DP_OP_193J1_162_6510_U11/CO (FA1D0)         0.0552     3.9475 f
  impl/impl/DP_OP_193J1_162_6510_U10/CO (FA1D0)         0.0552     4.0028 f
  impl/impl/DP_OP_193J1_162_6510_U9/CO (FA1D0)          0.0552     4.0580 f
  impl/impl/DP_OP_193J1_162_6510_U8/CO (FA1D0)          0.0552     4.1133 f
  impl/impl/DP_OP_193J1_162_6510_U7/CO (FA1D0)          0.0552     4.1685 f
  impl/impl/DP_OP_193J1_162_6510_U6/CO (FA1D0)          0.0552     4.2237 f
  impl/impl/DP_OP_193J1_162_6510_U5/CO (FA1D0)          0.0552     4.2790 f
  impl/impl/DP_OP_193J1_162_6510_U4/CO (FA1D0)          0.0552     4.3342 f
  impl/impl/DP_OP_193J1_162_6510_U3/CO (FA1D0)          0.0587     4.3929 f
  impl/impl/U404/Z (XOR2D0)                             0.0393     4.4322 f
  impl/impl/U405/ZN (CKND2D0)                           0.0213     4.4536 r
  impl/impl/U406/ZN (OAI211D0)                          0.0484     4.5020 f
  impl/impl/U97/ZN (NR2D0)                              0.0582     4.5601 r
  impl/impl/U98/ZN (INVD0)                              0.0302     4.5903 f
  impl/impl/U415/Z (OR2D0)                              0.0566     4.6470 f
  impl/impl/U416/ZN (INVD0)                             0.0238     4.6707 r
  impl/impl/U418/ZN (CKND2D0)                           0.0383     4.7090 f
  impl/impl/U506/ZN (INVD0)                             0.0365     4.7456 r
  impl/impl/U86/ZN (INVD0)                              0.0249     4.7704 f
  impl/impl/U87/ZN (INVD0)                              0.0335     4.8039 r
  impl/impl/U43/ZN (INVD0)                              0.0211     4.8250 f
  impl/impl/U44/ZN (INVD0)                              0.0273     4.8523 r
  impl/impl/U534/ZN (AOI22D0)                           0.0322     4.8846 f
  impl/impl/U535/ZN (OAI211D0)                          0.0347     4.9193 r
  impl/impl/cut6/U22/Z (BUFFD0)                         0.0516     4.9709 r
  result[21] (out)                                      0.0000     4.9709 r
  data arrival time                                                4.9709

  clock clk (rise edge)                                 7.0000     7.0000
  clock network delay (ideal)                           0.0000     7.0000
  clock reconvergence pessimism                         0.0000     7.0000
  output external delay                                -0.0200     6.9800
  data required time                                               6.9800
  ------------------------------------------------------------------------------
  data required time                                               6.9800
  data arrival time                                               -4.9709
  ------------------------------------------------------------------------------
  slack (MET)                                                      2.0091


  Startpoint: divide_mode
               (input port clocked by clk)
  Endpoint: result[21] (output port clocked by clk)
  Path Group: clk
  Path Type: max

  Point                                                   Incr       Path
  ------------------------------------------------------------------------------
  clock clk (rise edge)                                 0.0000     0.0000
  clock network delay (ideal)                           0.0000     0.0000
  input external delay                                  0.0200     0.0200 r
  divide_mode (in)                                      0.0059     0.0259 r
  U62/Z (BUFFD0)                                        0.0546     0.0805 r
  impl/impl/U129/ZN (INVD0)                             0.0307     0.1112 f
  impl/impl/U134/Z (BUFFD0)                             0.0455     0.1567 f
  impl/impl/U135/Z (BUFFD0)                             0.0438     0.2004 f
  impl/impl/U136/Z (BUFFD0)                             0.0448     0.2453 f
  impl/impl/U137/Z (BUFFD0)                             0.0423     0.2875 f
  impl/impl/U138/ZN (INVD0)                             0.0548     0.3424 r
  impl/impl/U139/Z (BUFFD0)                             0.0434     0.3857 r
  impl/impl/U140/Z (BUFFD0)                             0.0633     0.4490 r
  impl/impl/U790/Z (BUFFD0)                             0.0784     0.5275 r
  impl/impl/DP_OP_216J1_131_4230_U30/CO (FA1D0)         0.0965     0.6239 r
  impl/impl/DP_OP_216J1_131_4230_U29/CO (FA1D0)         0.0919     0.7158 r
  impl/impl/DP_OP_216J1_131_4230_U28/CO (FA1D0)         0.0507     0.7665 r
  impl/impl/DP_OP_216J1_131_4230_U27/CO (FA1D0)         0.0507     0.8172 r
  impl/impl/DP_OP_216J1_131_4230_U26/CO (FA1D0)         0.0507     0.8679 r
  impl/impl/DP_OP_216J1_131_4230_U25/S (FA1D0)          0.0623     0.9302 f
  impl/impl/cut0/U41/Z (BUFFD0)                         0.0308     0.9610 f
  impl/impl/cut1/U41/Z (BUFFD0)                         0.0286     0.9896 f
  impl/impl/cut2/U42/Z (BUFFD0)                         0.0315     1.0211 f
  impl/impl/csa0/U24/Z (CKAN2D0)                        0.0432     1.0643 f
  impl/impl/csa0/U54/ZN (IAO21D0)                       0.0415     1.1058 r
  impl/impl/csa1/U25/Z (CKAN2D0)                        0.0549     1.1607 r
  impl/impl/csa1/U53/ZN (IAO21D0)                       0.0207     1.1814 f
  impl/impl/csa2/U26/Z (CKAN2D0)                        0.0446     1.2260 f
  impl/impl/csa2/U54/ZN (IAO21D0)                       0.0505     1.2765 r
  impl/impl/intadd_2_U24/S (FA1D0)                      0.1135     1.3900 f
  impl/impl/U500/ZN (INVD0)                             0.0383     1.4284 r
  impl/impl/U873/ZN (NR3D0)                             0.0376     1.4660 f
  impl/impl/U883/ZN (AOI221D0)                          0.1013     1.5673 r
  impl/impl/U886/Z (OA211D0)                            0.0814     1.6487 r
  impl/impl/U887/ZN (NR2D0)                             0.0173     1.6660 f
  impl/impl/U888/Z (XOR2D0)                             0.0616     1.7276 r
  impl/impl/U889/ZN (MAOI222D0)                         0.0402     1.7678 f
  impl/impl/intadd_0_U29/CO (FA1D0)                     0.0653     1.8331 f
  impl/impl/intadd_0_U28/CO (FA1D0)                     0.0556     1.8887 f
  impl/impl/intadd_0_U27/CO (FA1D0)                     0.0553     1.9439 f
  impl/impl/intadd_0_U26/CO (FA1D0)                     0.0552     1.9992 f
  impl/impl/intadd_0_U25/CO (FA1D0)                     0.0552     2.0544 f
  impl/impl/intadd_0_U24/CO (FA1D0)                     0.0552     2.1097 f
  impl/impl/intadd_0_U23/CO (FA1D0)                     0.0552     2.1649 f
  impl/impl/intadd_0_U22/CO (FA1D0)                     0.0552     2.2202 f
  impl/impl/intadd_0_U21/CO (FA1D0)                     0.0552     2.2754 f
  impl/impl/intadd_0_U20/CO (FA1D0)                     0.0552     2.3306 f
  impl/impl/intadd_0_U19/CO (FA1D0)                     0.0552     2.3859 f
  impl/impl/intadd_0_U18/CO (FA1D0)                     0.0552     2.4411 f
  impl/impl/intadd_0_U17/CO (FA1D0)                     0.0552     2.4964 f
  impl/impl/intadd_0_U16/CO (FA1D0)                     0.0552     2.5516 f
  impl/impl/intadd_0_U15/CO (FA1D0)                     0.0552     2.6069 f
  impl/impl/intadd_0_U14/CO (FA1D0)                     0.0552     2.6621 f
  impl/impl/intadd_0_U13/CO (FA1D0)                     0.0552     2.7174 f
  impl/impl/intadd_0_U12/CO (FA1D0)                     0.0552     2.7726 f
  impl/impl/intadd_0_U11/CO (FA1D0)                     0.0552     2.8278 f
  impl/impl/intadd_0_U10/CO (FA1D0)                     0.0552     2.8831 f
  impl/impl/intadd_0_U9/CO (FA1D0)                      0.0552     2.9383 f
  impl/impl/intadd_0_U8/CO (FA1D0)                      0.0552     2.9936 f
  impl/impl/intadd_0_U7/CO (FA1D0)                      0.0552     3.0488 f
  impl/impl/intadd_0_U6/CO (FA1D0)                      0.0552     3.1041 f
  impl/impl/intadd_0_U5/CO (FA1D0)                      0.0552     3.1593 f
  impl/impl/intadd_0_U4/CO (FA1D0)                      0.0552     3.2146 f
  impl/impl/intadd_0_U3/CO (FA1D0)                      0.0552     3.2698 f
  impl/impl/intadd_0_U2/S (FA1D0)                       0.0660     3.3358 r
  impl/impl/U181/ZN (INVD0)                             0.0133     3.3492 f
  impl/impl/U182/Z (MUX2D0)                             0.0509     3.4001 f
  impl/impl/U183/ZN (INR2D0)                            0.0378     3.4379 r
  impl/impl/U187/ZN (CKND2D0)                           0.0369     3.4747 f
  impl/impl/U192/ZN (NR2D0)                             0.0520     3.5267 r
  impl/impl/U198/ZN (CKND2D0)                           0.0337     3.5604 f
  impl/impl/U199/ZN (CKND2D0)                           0.0454     3.6057 r
  impl/impl/U200/ZN (INVD0)                             0.0173     3.6230 f
  impl/impl/U203/ZN (CKND2D0)                           0.0216     3.6446 r
  impl/impl/U101/ZN (NR2D0)                             0.0226     3.6672 f
  impl/impl/U102/ZN (INVD0)                             0.0530     3.7203 r
  impl/impl/U902/Z (XOR2D0)                             0.0605     3.7808 f
  impl/impl/DP_OP_193J1_162_6510_U13/CO (FA1D0)         0.0551     3.8359 f
  impl/impl/DP_OP_193J1_162_6510_U12/CO (FA1D0)         0.0552     3.8911 f
  impl/impl/DP_OP_193J1_162_6510_U11/CO (FA1D0)         0.0552     3.9463 f
  impl/impl/DP_OP_193J1_162_6510_U10/CO (FA1D0)         0.0552     4.0016 f
  impl/impl/DP_OP_193J1_162_6510_U9/CO (FA1D0)          0.0552     4.0568 f
  impl/impl/DP_OP_193J1_162_6510_U8/CO (FA1D0)          0.0552     4.1121 f
  impl/impl/DP_OP_193J1_162_6510_U7/CO (FA1D0)          0.0552     4.1673 f
  impl/impl/DP_OP_193J1_162_6510_U6/CO (FA1D0)          0.0552     4.2226 f
  impl/impl/DP_OP_193J1_162_6510_U5/CO (FA1D0)          0.0552     4.2778 f
  impl/impl/DP_OP_193J1_162_6510_U4/CO (FA1D0)          0.0552     4.3331 f
  impl/impl/DP_OP_193J1_162_6510_U3/CO (FA1D0)          0.0587     4.3918 f
  impl/impl/U404/Z (XOR2D0)                             0.0393     4.4310 f
  impl/impl/U405/ZN (CKND2D0)                           0.0213     4.4524 r
  impl/impl/U406/ZN (OAI211D0)                          0.0484     4.5008 f
  impl/impl/U97/ZN (NR2D0)                              0.0582     4.5589 r
  impl/impl/U98/ZN (INVD0)                              0.0302     4.5892 f
  impl/impl/U415/Z (OR2D0)                              0.0566     4.6458 f
  impl/impl/U416/ZN (INVD0)                             0.0238     4.6696 r
  impl/impl/U418/ZN (CKND2D0)                           0.0383     4.7079 f
  impl/impl/U506/ZN (INVD0)                             0.0365     4.7444 r
  impl/impl/U86/ZN (INVD0)                              0.0249     4.7693 f
  impl/impl/U87/ZN (INVD0)                              0.0335     4.8027 r
  impl/impl/U43/ZN (INVD0)                              0.0211     4.8238 f
  impl/impl/U44/ZN (INVD0)                              0.0273     4.8511 r
  impl/impl/U534/ZN (AOI22D0)                           0.0322     4.8834 f
  impl/impl/U535/ZN (OAI211D0)                          0.0347     4.9181 r
  impl/impl/cut6/U22/Z (BUFFD0)                         0.0516     4.9697 r
  result[21] (out)                                      0.0000     4.9697 r
  data arrival time                                                4.9697

  clock clk (rise edge)                                 7.0000     7.0000
  clock network delay (ideal)                           0.0000     7.0000
  clock reconvergence pessimism                         0.0000     7.0000
  output external delay                                -0.0200     6.9800
  data required time                                               6.9800
  ------------------------------------------------------------------------------
  data required time                                               6.9800
  data arrival time                                               -4.9697
  ------------------------------------------------------------------------------
  slack (MET)                                                      2.0103


  Startpoint: divide_mode
               (input port clocked by clk)
  Endpoint: result[21] (output port clocked by clk)
  Path Group: clk
  Path Type: max

  Point                                                   Incr       Path
  ------------------------------------------------------------------------------
  clock clk (rise edge)                                 0.0000     0.0000
  clock network delay (ideal)                           0.0000     0.0000
  input external delay                                  0.0200     0.0200 r
  divide_mode (in)                                      0.0059     0.0259 r
  U62/Z (BUFFD0)                                        0.0546     0.0805 r
  impl/impl/U129/ZN (INVD0)                             0.0307     0.1112 f
  impl/impl/U134/Z (BUFFD0)                             0.0455     0.1567 f
  impl/impl/U135/Z (BUFFD0)                             0.0438     0.2004 f
  impl/impl/U136/Z (BUFFD0)                             0.0448     0.2453 f
  impl/impl/U137/Z (BUFFD0)                             0.0423     0.2875 f
  impl/impl/U138/ZN (INVD0)                             0.0548     0.3424 r
  impl/impl/U139/Z (BUFFD0)                             0.0434     0.3857 r
  impl/impl/U140/Z (BUFFD0)                             0.0633     0.4490 r
  impl/impl/U790/Z (BUFFD0)                             0.0784     0.5275 r
  impl/impl/DP_OP_216J1_131_4230_U30/CO (FA1D0)         0.0965     0.6239 r
  impl/impl/DP_OP_216J1_131_4230_U29/CO (FA1D0)         0.0919     0.7158 r
  impl/impl/DP_OP_216J1_131_4230_U28/CO (FA1D0)         0.0507     0.7665 r
  impl/impl/DP_OP_216J1_131_4230_U27/CO (FA1D0)         0.0507     0.8172 r
  impl/impl/DP_OP_216J1_131_4230_U26/S (FA1D0)          0.0677     0.8849 r
  impl/impl/cut0/U40/Z (BUFFD0)                         0.0294     0.9144 r
  impl/impl/cut1/U7/Z (BUFFD0)                          0.0283     0.9427 r
  impl/impl/cut2/U5/Z (BUFFD0)                          0.0326     0.9753 r
  impl/impl/csa0/U25/Z (CKAN2D0)                        0.0503     1.0256 r
  impl/impl/csa0/U55/ZN (IAO21D0)                       0.0206     1.0461 f
  impl/impl/csa1/U26/Z (CKAN2D0)                        0.0454     1.0915 f
  impl/impl/csa1/U54/ZN (IAO21D0)                       0.0415     1.1330 r
  impl/impl/csa2/U27/Z (CKAN2D0)                        0.0538     1.1868 r
  impl/impl/csa2/U53/ZN (IAO21D0)                       0.0235     1.2104 f
  impl/impl/intadd_2_U25/CO (FA1D0)                     0.0803     1.2907 f
  impl/impl/intadd_2_U24/CO (FA1D0)                     0.0552     1.3459 f
  impl/impl/intadd_2_U23/CO (FA1D0)                     0.0552     1.4012 f
  impl/impl/intadd_2_U22/CO (FA1D0)                     0.0552     1.4564 f
  impl/impl/intadd_2_U21/CO (FA1D0)                     0.0552     1.5117 f
  impl/impl/intadd_2_U20/CO (FA1D0)                     0.0552     1.5669 f
  impl/impl/intadd_2_U19/CO (FA1D0)                     0.0552     1.6221 f
  impl/impl/intadd_2_U18/CO (FA1D0)                     0.0552     1.6774 f
  impl/impl/intadd_2_U17/CO (FA1D0)                     0.0552     1.7326 f
  impl/impl/intadd_2_U16/CO (FA1D0)                     0.0552     1.7879 f
  impl/impl/intadd_2_U15/CO (FA1D0)                     0.0552     1.8431 f
  impl/impl/intadd_2_U14/CO (FA1D0)                     0.0552     1.8984 f
  impl/impl/intadd_2_U13/CO (FA1D0)                     0.0552     1.9536 f
  impl/impl/intadd_2_U12/CO (FA1D0)                     0.0552     2.0089 f
  impl/impl/intadd_2_U11/CO (FA1D0)                     0.0552     2.0641 f
  impl/impl/intadd_2_U10/CO (FA1D0)                     0.0552     2.1193 f
  impl/impl/intadd_2_U9/CO (FA1D0)                      0.0552     2.1746 f
  impl/impl/intadd_2_U8/CO (FA1D0)                      0.0552     2.2298 f
  impl/impl/intadd_2_U7/CO (FA1D0)                      0.0552     2.2851 f
  impl/impl/intadd_2_U6/CO (FA1D0)                      0.0552     2.3403 f
  impl/impl/intadd_2_U5/CO (FA1D0)                      0.0552     2.3956 f
  impl/impl/intadd_2_U4/CO (FA1D0)                      0.0552     2.4508 f
  impl/impl/intadd_2_U3/CO (FA1D0)                      0.0552     2.5061 f
  impl/impl/intadd_2_U2/CO (FA1D0)                      0.0525     2.5586 f
  impl/impl/U146/Z (XOR3D0)                             0.1240     2.6825 r
  impl/impl/cut3/U9/Z (BUFFD0)                          0.0681     2.7507 r
  impl/impl/mult_x_26_U52/S (CMPE42D1)                  0.1854     2.9360 r
  impl/impl/U598/ZN (INVD0)                             0.0157     2.9517 f
  impl/impl/intadd_0_U7/CO (FA1D0)                      0.0983     3.0500 f
  impl/impl/intadd_0_U6/CO (FA1D0)                      0.0552     3.1052 f
  impl/impl/intadd_0_U5/CO (FA1D0)                      0.0552     3.1605 f
  impl/impl/intadd_0_U4/CO (FA1D0)                      0.0552     3.2157 f
  impl/impl/intadd_0_U3/CO (FA1D0)                      0.0552     3.2710 f
  impl/impl/intadd_0_U2/S (FA1D0)                       0.0660     3.3370 r
  impl/impl/U181/ZN (INVD0)                             0.0133     3.3503 f
  impl/impl/U182/Z (MUX2D0)                             0.0509     3.4013 f
  impl/impl/U183/ZN (INR2D0)                            0.0378     3.4390 r
  impl/impl/U187/ZN (CKND2D0)                           0.0369     3.4759 f
  impl/impl/U192/ZN (NR2D0)                             0.0520     3.5279 r
  impl/impl/U198/ZN (CKND2D0)                           0.0337     3.5616 f
  impl/impl/U199/ZN (CKND2D0)                           0.0454     3.6069 r
  impl/impl/U200/ZN (INVD0)                             0.0173     3.6242 f
  impl/impl/U203/ZN (CKND2D0)                           0.0216     3.6458 r
  impl/impl/U101/ZN (NR2D0)                             0.0226     3.6684 f
  impl/impl/U102/ZN (INVD0)                             0.0530     3.7214 r
  impl/impl/U902/Z (XOR2D0)                             0.0605     3.7820 f
  impl/impl/DP_OP_193J1_162_6510_U13/CO (FA1D0)         0.0551     3.8370 f
  impl/impl/DP_OP_193J1_162_6510_U12/CO (FA1D0)         0.0552     3.8923 f
  impl/impl/DP_OP_193J1_162_6510_U11/CO (FA1D0)         0.0552     3.9475 f
  impl/impl/DP_OP_193J1_162_6510_U10/CO (FA1D0)         0.0552     4.0028 f
  impl/impl/DP_OP_193J1_162_6510_U9/CO (FA1D0)          0.0552     4.0580 f
  impl/impl/DP_OP_193J1_162_6510_U8/CO (FA1D0)          0.0552     4.1133 f
  impl/impl/DP_OP_193J1_162_6510_U7/CO (FA1D0)          0.0552     4.1685 f
  impl/impl/DP_OP_193J1_162_6510_U6/CO (FA1D0)          0.0552     4.2237 f
  impl/impl/DP_OP_193J1_162_6510_U5/CO (FA1D0)          0.0552     4.2790 f
  impl/impl/DP_OP_193J1_162_6510_U4/CO (FA1D0)          0.0552     4.3342 f
  impl/impl/DP_OP_193J1_162_6510_U3/S (FA1D0)           0.0665     4.4008 r
  impl/impl/U313/ZN (IAO21D0)                           0.0520     4.4528 r
  impl/impl/U406/ZN (OAI211D0)                          0.0469     4.4997 f
  impl/impl/U97/ZN (NR2D0)                              0.0582     4.5579 r
  impl/impl/U98/ZN (INVD0)                              0.0302     4.5881 f
  impl/impl/U415/Z (OR2D0)                              0.0566     4.6447 f
  impl/impl/U416/ZN (INVD0)                             0.0238     4.6685 r
  impl/impl/U418/ZN (CKND2D0)                           0.0383     4.7068 f
  impl/impl/U506/ZN (INVD0)                             0.0365     4.7433 r
  impl/impl/U86/ZN (INVD0)                              0.0249     4.7682 f
  impl/impl/U87/ZN (INVD0)                              0.0335     4.8017 r
  impl/impl/U43/ZN (INVD0)                              0.0211     4.8228 f
  impl/impl/U44/ZN (INVD0)                              0.0273     4.8501 r
  impl/impl/U534/ZN (AOI22D0)                           0.0322     4.8823 f
  impl/impl/U535/ZN (OAI211D0)                          0.0347     4.9170 r
  impl/impl/cut6/U22/Z (BUFFD0)                         0.0516     4.9686 r
  result[21] (out)                                      0.0000     4.9686 r
  data arrival time                                                4.9686

  clock clk (rise edge)                                 7.0000     7.0000
  clock network delay (ideal)                           0.0000     7.0000
  clock reconvergence pessimism                         0.0000     7.0000
  output external delay                                -0.0200     6.9800
  data required time                                               6.9800
  ------------------------------------------------------------------------------
  data required time                                               6.9800
  data arrival time                                               -4.9686
  ------------------------------------------------------------------------------
  slack (MET)                                                      2.0114


  Startpoint: divide_mode
               (input port clocked by clk)
  Endpoint: result[21] (output port clocked by clk)
  Path Group: clk
  Path Type: max

  Point                                                   Incr       Path
  ------------------------------------------------------------------------------
  clock clk (rise edge)                                 0.0000     0.0000
  clock network delay (ideal)                           0.0000     0.0000
  input external delay                                  0.0200     0.0200 r
  divide_mode (in)                                      0.0059     0.0259 r
  U62/Z (BUFFD0)                                        0.0546     0.0805 r
  impl/impl/U129/ZN (INVD0)                             0.0307     0.1112 f
  impl/impl/U134/Z (BUFFD0)                             0.0455     0.1567 f
  impl/impl/U135/Z (BUFFD0)                             0.0438     0.2004 f
  impl/impl/U136/Z (BUFFD0)                             0.0448     0.2453 f
  impl/impl/U137/Z (BUFFD0)                             0.0423     0.2875 f
  impl/impl/U138/ZN (INVD0)                             0.0548     0.3424 r
  impl/impl/U139/Z (BUFFD0)                             0.0434     0.3857 r
  impl/impl/U140/Z (BUFFD0)                             0.0633     0.4490 r
  impl/impl/U790/Z (BUFFD0)                             0.0784     0.5275 r
  impl/impl/DP_OP_216J1_131_4230_U30/CO (FA1D0)         0.0965     0.6239 r
  impl/impl/DP_OP_216J1_131_4230_U29/CO (FA1D0)         0.0919     0.7158 r
  impl/impl/DP_OP_216J1_131_4230_U28/CO (FA1D0)         0.0507     0.7665 r
  impl/impl/DP_OP_216J1_131_4230_U27/CO (FA1D0)         0.0507     0.8172 r
  impl/impl/DP_OP_216J1_131_4230_U26/CO (FA1D0)         0.0507     0.8679 r
  impl/impl/DP_OP_216J1_131_4230_U25/S (FA1D0)          0.0623     0.9302 f
  impl/impl/cut0/U41/Z (BUFFD0)                         0.0308     0.9610 f
  impl/impl/cut1/U41/Z (BUFFD0)                         0.0286     0.9896 f
  impl/impl/cut2/U42/Z (BUFFD0)                         0.0315     1.0211 f
  impl/impl/csa0/U24/Z (CKAN2D0)                        0.0432     1.0643 f
  impl/impl/csa0/U54/ZN (IAO21D0)                       0.0415     1.1058 r
  impl/impl/csa1/U25/Z (CKAN2D0)                        0.0549     1.1607 r
  impl/impl/csa1/U53/ZN (IAO21D0)                       0.0207     1.1814 f
  impl/impl/csa2/U26/Z (CKAN2D0)                        0.0446     1.2260 f
  impl/impl/csa2/U54/ZN (IAO21D0)                       0.0505     1.2765 r
  impl/impl/intadd_2_U24/S (FA1D0)                      0.1135     1.3900 f
  impl/impl/U500/ZN (INVD0)                             0.0383     1.4284 r
  impl/impl/U873/ZN (NR3D0)                             0.0376     1.4660 f
  impl/impl/U883/ZN (AOI221D0)                          0.1013     1.5673 r
  impl/impl/U886/Z (OA211D0)                            0.0814     1.6487 r
  impl/impl/U887/ZN (NR2D0)                             0.0173     1.6660 f
  impl/impl/U888/Z (XOR2D0)                             0.0616     1.7276 r
  impl/impl/U889/ZN (MAOI222D0)                         0.0402     1.7678 f
  impl/impl/intadd_0_U29/CO (FA1D0)                     0.0653     1.8331 f
  impl/impl/intadd_0_U28/CO (FA1D0)                     0.0556     1.8887 f
  impl/impl/intadd_0_U27/CO (FA1D0)                     0.0553     1.9439 f
  impl/impl/intadd_0_U26/CO (FA1D0)                     0.0552     1.9992 f
  impl/impl/intadd_0_U25/CO (FA1D0)                     0.0552     2.0544 f
  impl/impl/intadd_0_U24/CO (FA1D0)                     0.0552     2.1097 f
  impl/impl/intadd_0_U23/CO (FA1D0)                     0.0552     2.1649 f
  impl/impl/intadd_0_U22/CO (FA1D0)                     0.0552     2.2202 f
  impl/impl/intadd_0_U21/CO (FA1D0)                     0.0552     2.2754 f
  impl/impl/intadd_0_U20/CO (FA1D0)                     0.0552     2.3306 f
  impl/impl/intadd_0_U19/CO (FA1D0)                     0.0552     2.3859 f
  impl/impl/intadd_0_U18/CO (FA1D0)                     0.0552     2.4411 f
  impl/impl/intadd_0_U17/CO (FA1D0)                     0.0552     2.4964 f
  impl/impl/intadd_0_U16/CO (FA1D0)                     0.0552     2.5516 f
  impl/impl/intadd_0_U15/CO (FA1D0)                     0.0552     2.6069 f
  impl/impl/intadd_0_U14/CO (FA1D0)                     0.0552     2.6621 f
  impl/impl/intadd_0_U13/CO (FA1D0)                     0.0552     2.7174 f
  impl/impl/intadd_0_U12/CO (FA1D0)                     0.0552     2.7726 f
  impl/impl/intadd_0_U11/CO (FA1D0)                     0.0552     2.8278 f
  impl/impl/intadd_0_U10/CO (FA1D0)                     0.0552     2.8831 f
  impl/impl/intadd_0_U9/CO (FA1D0)                      0.0552     2.9383 f
  impl/impl/intadd_0_U8/CO (FA1D0)                      0.0552     2.9936 f
  impl/impl/intadd_0_U7/CO (FA1D0)                      0.0552     3.0488 f
  impl/impl/intadd_0_U6/CO (FA1D0)                      0.0552     3.1041 f
  impl/impl/intadd_0_U5/CO (FA1D0)                      0.0552     3.1593 f
  impl/impl/intadd_0_U4/CO (FA1D0)                      0.0552     3.2146 f
  impl/impl/intadd_0_U3/CO (FA1D0)                      0.0552     3.2698 f
  impl/impl/intadd_0_U2/S (FA1D0)                       0.0660     3.3358 r
  impl/impl/U181/ZN (INVD0)                             0.0133     3.3492 f
  impl/impl/U182/Z (MUX2D0)                             0.0509     3.4001 f
  impl/impl/U183/ZN (INR2D0)                            0.0378     3.4379 r
  impl/impl/U187/ZN (CKND2D0)                           0.0369     3.4747 f
  impl/impl/U192/ZN (NR2D0)                             0.0520     3.5267 r
  impl/impl/U198/ZN (CKND2D0)                           0.0337     3.5604 f
  impl/impl/U199/ZN (CKND2D0)                           0.0454     3.6057 r
  impl/impl/U200/ZN (INVD0)                             0.0173     3.6230 f
  impl/impl/U203/ZN (CKND2D0)                           0.0216     3.6446 r
  impl/impl/U101/ZN (NR2D0)                             0.0226     3.6672 f
  impl/impl/U102/ZN (INVD0)                             0.0530     3.7203 r
  impl/impl/U902/Z (XOR2D0)                             0.0605     3.7808 f
  impl/impl/DP_OP_193J1_162_6510_U13/CO (FA1D0)         0.0551     3.8359 f
  impl/impl/DP_OP_193J1_162_6510_U12/CO (FA1D0)         0.0552     3.8911 f
  impl/impl/DP_OP_193J1_162_6510_U11/CO (FA1D0)         0.0552     3.9463 f
  impl/impl/DP_OP_193J1_162_6510_U10/CO (FA1D0)         0.0552     4.0016 f
  impl/impl/DP_OP_193J1_162_6510_U9/CO (FA1D0)          0.0552     4.0568 f
  impl/impl/DP_OP_193J1_162_6510_U8/CO (FA1D0)          0.0552     4.1121 f
  impl/impl/DP_OP_193J1_162_6510_U7/CO (FA1D0)          0.0552     4.1673 f
  impl/impl/DP_OP_193J1_162_6510_U6/CO (FA1D0)          0.0552     4.2226 f
  impl/impl/DP_OP_193J1_162_6510_U5/CO (FA1D0)          0.0552     4.2778 f
  impl/impl/DP_OP_193J1_162_6510_U4/CO (FA1D0)          0.0552     4.3331 f
  impl/impl/DP_OP_193J1_162_6510_U3/S (FA1D0)           0.0665     4.3996 r
  impl/impl/U313/ZN (IAO21D0)                           0.0520     4.4516 r
  impl/impl/U406/ZN (OAI211D0)                          0.0469     4.4985 f
  impl/impl/U97/ZN (NR2D0)                              0.0582     4.5567 r
  impl/impl/U98/ZN (INVD0)                              0.0302     4.5869 f
  impl/impl/U415/Z (OR2D0)                              0.0566     4.6436 f
  impl/impl/U416/ZN (INVD0)                             0.0238     4.6673 r
  impl/impl/U418/ZN (CKND2D0)                           0.0383     4.7056 f
  impl/impl/U506/ZN (INVD0)                             0.0365     4.7421 r
  impl/impl/U86/ZN (INVD0)                              0.0249     4.7670 f
  impl/impl/U87/ZN (INVD0)                              0.0335     4.8005 r
  impl/impl/U43/ZN (INVD0)                              0.0211     4.8216 f
  impl/impl/U44/ZN (INVD0)                              0.0273     4.8489 r
  impl/impl/U534/ZN (AOI22D0)                           0.0322     4.8811 f
  impl/impl/U535/ZN (OAI211D0)                          0.0347     4.9158 r
  impl/impl/cut6/U22/Z (BUFFD0)                         0.0516     4.9675 r
  result[21] (out)                                      0.0000     4.9675 r
  data arrival time                                                4.9675

  clock clk (rise edge)                                 7.0000     7.0000
  clock network delay (ideal)                           0.0000     7.0000
  clock reconvergence pessimism                         0.0000     7.0000
  output external delay                                -0.0200     6.9800
  data required time                                               6.9800
  ------------------------------------------------------------------------------
  data required time                                               6.9800
  data arrival time                                               -4.9675
  ------------------------------------------------------------------------------
  slack (MET)                                                      2.0125


  Startpoint: divide_mode
               (input port clocked by clk)
  Endpoint: result[21] (output port clocked by clk)
  Path Group: clk
  Path Type: max

  Point                                                   Incr       Path
  ------------------------------------------------------------------------------
  clock clk (rise edge)                                 0.0000     0.0000
  clock network delay (ideal)                           0.0000     0.0000
  input external delay                                  0.0200     0.0200 r
  divide_mode (in)                                      0.0059     0.0259 r
  U62/Z (BUFFD0)                                        0.0546     0.0805 r
  impl/impl/U129/ZN (INVD0)                             0.0307     0.1112 f
  impl/impl/U134/Z (BUFFD0)                             0.0455     0.1567 f
  impl/impl/U135/Z (BUFFD0)                             0.0438     0.2004 f
  impl/impl/U136/Z (BUFFD0)                             0.0448     0.2453 f
  impl/impl/U137/Z (BUFFD0)                             0.0423     0.2875 f
  impl/impl/U138/ZN (INVD0)                             0.0548     0.3424 r
  impl/impl/U139/Z (BUFFD0)                             0.0434     0.3857 r
  impl/impl/U140/Z (BUFFD0)                             0.0633     0.4490 r
  impl/impl/U790/Z (BUFFD0)                             0.0784     0.5275 r
  impl/impl/DP_OP_216J1_131_4230_U30/CO (FA1D0)         0.0965     0.6239 r
  impl/impl/DP_OP_216J1_131_4230_U29/CO (FA1D0)         0.0919     0.7158 r
  impl/impl/DP_OP_216J1_131_4230_U28/CO (FA1D0)         0.0507     0.7665 r
  impl/impl/DP_OP_216J1_131_4230_U27/CO (FA1D0)         0.0507     0.8172 r
  impl/impl/DP_OP_216J1_131_4230_U26/CO (FA1D0)         0.0507     0.8679 r
  impl/impl/DP_OP_216J1_131_4230_U25/S (FA1D0)          0.0677     0.9356 r
  impl/impl/cut0/U41/Z (BUFFD0)                         0.0294     0.9650 r
  impl/impl/cut1/U41/Z (BUFFD0)                         0.0283     0.9934 r
  impl/impl/cut2/U42/Z (BUFFD0)                         0.0326     1.0260 r
  impl/impl/csa0/U24/Z (CKAN2D0)                        0.0503     1.0763 r
  impl/impl/csa0/U54/ZN (IAO21D0)                       0.0206     1.0968 f
  impl/impl/csa1/U25/Z (CKAN2D0)                        0.0454     1.1422 f
  impl/impl/csa1/U53/ZN (IAO21D0)                       0.0415     1.1837 r
  impl/impl/csa2/U26/Z (CKAN2D0)                        0.0538     1.2375 r
  impl/impl/csa2/U54/ZN (IAO21D0)                       0.0235     1.2610 f
  impl/impl/intadd_2_U24/CO (FA1D0)                     0.0803     1.3414 f
  impl/impl/intadd_2_U23/CO (FA1D0)                     0.0552     1.3966 f
  impl/impl/intadd_2_U22/CO (FA1D0)                     0.0552     1.4519 f
  impl/impl/intadd_2_U21/CO (FA1D0)                     0.0552     1.5071 f
  impl/impl/intadd_2_U20/CO (FA1D0)                     0.0552     1.5623 f
  impl/impl/intadd_2_U19/CO (FA1D0)                     0.0552     1.6176 f
  impl/impl/intadd_2_U18/CO (FA1D0)                     0.0552     1.6728 f
  impl/impl/intadd_2_U17/CO (FA1D0)                     0.0552     1.7281 f
  impl/impl/intadd_2_U16/CO (FA1D0)                     0.0552     1.7833 f
  impl/impl/intadd_2_U15/CO (FA1D0)                     0.0552     1.8386 f
  impl/impl/intadd_2_U14/CO (FA1D0)                     0.0552     1.8938 f
  impl/impl/intadd_2_U13/CO (FA1D0)                     0.0552     1.9491 f
  impl/impl/intadd_2_U12/CO (FA1D0)                     0.0552     2.0043 f
  impl/impl/intadd_2_U11/CO (FA1D0)                     0.0552     2.0595 f
  impl/impl/intadd_2_U10/CO (FA1D0)                     0.0552     2.1148 f
  impl/impl/intadd_2_U9/CO (FA1D0)                      0.0552     2.1700 f
  impl/impl/intadd_2_U8/CO (FA1D0)                      0.0552     2.2253 f
  impl/impl/intadd_2_U7/CO (FA1D0)                      0.0552     2.2805 f
  impl/impl/intadd_2_U6/CO (FA1D0)                      0.0552     2.3358 f
  impl/impl/intadd_2_U5/CO (FA1D0)                      0.0552     2.3910 f
  impl/impl/intadd_2_U4/CO (FA1D0)                      0.0552     2.4463 f
  impl/impl/intadd_2_U3/CO (FA1D0)                      0.0552     2.5015 f
  impl/impl/intadd_2_U2/CO (FA1D0)                      0.0525     2.5540 f
  impl/impl/U146/Z (XOR3D0)                             0.1240     2.6780 r
  impl/impl/cut3/U9/Z (BUFFD0)                          0.0681     2.7461 r
  impl/impl/mult_x_26_U52/S (CMPE42D1)                  0.1854     2.9315 r
  impl/impl/U598/ZN (INVD0)                             0.0157     2.9472 f
  impl/impl/intadd_0_U7/CO (FA1D0)                      0.0983     3.0454 f
  impl/impl/intadd_0_U6/CO (FA1D0)                      0.0552     3.1007 f
  impl/impl/intadd_0_U5/CO (FA1D0)                      0.0552     3.1559 f
  impl/impl/intadd_0_U4/CO (FA1D0)                      0.0552     3.2112 f
  impl/impl/intadd_0_U3/CO (FA1D0)                      0.0552     3.2664 f
  impl/impl/intadd_0_U2/S (FA1D0)                       0.0660     3.3324 r
  impl/impl/U181/ZN (INVD0)                             0.0133     3.3458 f
  impl/impl/U182/Z (MUX2D0)                             0.0509     3.3967 f
  impl/impl/U183/ZN (INR2D0)                            0.0378     3.4345 r
  impl/impl/U187/ZN (CKND2D0)                           0.0369     3.4713 f
  impl/impl/U192/ZN (NR2D0)                             0.0520     3.5233 r
  impl/impl/U198/ZN (CKND2D0)                           0.0337     3.5570 f
  impl/impl/U199/ZN (CKND2D0)                           0.0454     3.6024 r
  impl/impl/U200/ZN (INVD0)                             0.0173     3.6196 f
  impl/impl/U203/ZN (CKND2D0)                           0.0216     3.6412 r
  impl/impl/U101/ZN (NR2D0)                             0.0226     3.6639 f
  impl/impl/U102/ZN (INVD0)                             0.0530     3.7169 r
  impl/impl/U902/Z (XOR2D0)                             0.0605     3.7774 f
  impl/impl/DP_OP_193J1_162_6510_U13/CO (FA1D0)         0.0551     3.8325 f
  impl/impl/DP_OP_193J1_162_6510_U12/CO (FA1D0)         0.0552     3.8877 f
  impl/impl/DP_OP_193J1_162_6510_U11/CO (FA1D0)         0.0552     3.9430 f
  impl/impl/DP_OP_193J1_162_6510_U10/CO (FA1D0)         0.0552     3.9982 f
  impl/impl/DP_OP_193J1_162_6510_U9/CO (FA1D0)          0.0552     4.0535 f
  impl/impl/DP_OP_193J1_162_6510_U8/CO (FA1D0)          0.0552     4.1087 f
  impl/impl/DP_OP_193J1_162_6510_U7/CO (FA1D0)          0.0552     4.1639 f
  impl/impl/DP_OP_193J1_162_6510_U6/CO (FA1D0)          0.0552     4.2192 f
  impl/impl/DP_OP_193J1_162_6510_U5/CO (FA1D0)          0.0552     4.2744 f
  impl/impl/DP_OP_193J1_162_6510_U4/CO (FA1D0)          0.0552     4.3297 f
  impl/impl/DP_OP_193J1_162_6510_U3/CO (FA1D0)          0.0587     4.3884 f
  impl/impl/U404/Z (XOR2D0)                             0.0393     4.4277 f
  impl/impl/U405/ZN (CKND2D0)                           0.0213     4.4490 r
  impl/impl/U406/ZN (OAI211D0)                          0.0484     4.4974 f
  impl/impl/U97/ZN (NR2D0)                              0.0582     4.5556 r
  impl/impl/U98/ZN (INVD0)                              0.0302     4.5858 f
  impl/impl/U415/Z (OR2D0)                              0.0566     4.6424 f
  impl/impl/U416/ZN (INVD0)                             0.0238     4.6662 r
  impl/impl/U418/ZN (CKND2D0)                           0.0383     4.7045 f
  impl/impl/U506/ZN (INVD0)                             0.0365     4.7410 r
  impl/impl/U86/ZN (INVD0)                              0.0249     4.7659 f
  impl/impl/U87/ZN (INVD0)                              0.0335     4.7993 r
  impl/impl/U43/ZN (INVD0)                              0.0211     4.8204 f
  impl/impl/U44/ZN (INVD0)                              0.0273     4.8478 r
  impl/impl/U534/ZN (AOI22D0)                           0.0322     4.8800 f
  impl/impl/U535/ZN (OAI211D0)                          0.0347     4.9147 r
  impl/impl/cut6/U22/Z (BUFFD0)                         0.0516     4.9663 r
  result[21] (out)                                      0.0000     4.9663 r
  data arrival time                                                4.9663

  clock clk (rise edge)                                 7.0000     7.0000
  clock network delay (ideal)                           0.0000     7.0000
  clock reconvergence pessimism                         0.0000     7.0000
  output external delay                                -0.0200     6.9800
  data required time                                               6.9800
  ------------------------------------------------------------------------------
  data required time                                               6.9800
  data arrival time                                               -4.9663
  ------------------------------------------------------------------------------
  slack (MET)                                                      2.0137


  Startpoint: divide_mode
               (input port clocked by clk)
  Endpoint: result[21] (output port clocked by clk)
  Path Group: clk
  Path Type: max

  Point                                                   Incr       Path
  ------------------------------------------------------------------------------
  clock clk (rise edge)                                 0.0000     0.0000
  clock network delay (ideal)                           0.0000     0.0000
  input external delay                                  0.0200     0.0200 r
  divide_mode (in)                                      0.0059     0.0259 r
  U62/Z (BUFFD0)                                        0.0546     0.0805 r
  impl/impl/U129/ZN (INVD0)                             0.0307     0.1112 f
  impl/impl/U134/Z (BUFFD0)                             0.0455     0.1567 f
  impl/impl/U135/Z (BUFFD0)                             0.0438     0.2004 f
  impl/impl/U136/Z (BUFFD0)                             0.0448     0.2453 f
  impl/impl/U137/Z (BUFFD0)                             0.0423     0.2875 f
  impl/impl/U138/ZN (INVD0)                             0.0548     0.3424 r
  impl/impl/U139/Z (BUFFD0)                             0.0434     0.3857 r
  impl/impl/U140/Z (BUFFD0)                             0.0633     0.4490 r
  impl/impl/U790/Z (BUFFD0)                             0.0784     0.5275 r
  impl/impl/DP_OP_216J1_131_4230_U30/CO (FA1D0)         0.0965     0.6239 r
  impl/impl/DP_OP_216J1_131_4230_U29/CO (FA1D0)         0.0919     0.7158 r
  impl/impl/DP_OP_216J1_131_4230_U28/CO (FA1D0)         0.0507     0.7665 r
  impl/impl/DP_OP_216J1_131_4230_U27/CO (FA1D0)         0.0507     0.8172 r
  impl/impl/DP_OP_216J1_131_4230_U26/S (FA1D0)          0.0623     0.8795 f
  impl/impl/cut0/U40/Z (BUFFD0)                         0.0308     0.9103 f
  impl/impl/cut1/U7/Z (BUFFD0)                          0.0286     0.9389 f
  impl/impl/cut2/U5/Z (BUFFD0)                          0.0315     0.9704 f
  impl/impl/csa0/U25/Z (CKAN2D0)                        0.0432     1.0136 f
  impl/impl/csa0/U55/ZN (IAO21D0)                       0.0415     1.0551 r
  impl/impl/csa1/U26/Z (CKAN2D0)                        0.0549     1.1100 r
  impl/impl/csa1/U54/ZN (IAO21D0)                       0.0207     1.1307 f
  impl/impl/csa2/U27/Z (CKAN2D0)                        0.0446     1.1753 f
  impl/impl/csa2/U53/ZN (IAO21D0)                       0.0505     1.2258 r
  impl/impl/intadd_2_U25/CO (FA1D0)                     0.0908     1.3166 r
  impl/impl/intadd_2_U24/S (FA1D0)                      0.0700     1.3866 f
  impl/impl/U500/ZN (INVD0)                             0.0383     1.4249 r
  impl/impl/U873/ZN (NR3D0)                             0.0376     1.4625 f
  impl/impl/U883/ZN (AOI221D0)                          0.1013     1.5638 r
  impl/impl/U886/Z (OA211D0)                            0.0814     1.6452 r
  impl/impl/U887/ZN (NR2D0)                             0.0173     1.6625 f
  impl/impl/U888/Z (XOR2D0)                             0.0616     1.7241 r
  impl/impl/U889/ZN (MAOI222D0)                         0.0402     1.7643 f
  impl/impl/intadd_0_U29/CO (FA1D0)                     0.0653     1.8296 f
  impl/impl/intadd_0_U28/CO (FA1D0)                     0.0556     1.8852 f
  impl/impl/intadd_0_U27/CO (FA1D0)                     0.0553     1.9405 f
  impl/impl/intadd_0_U26/CO (FA1D0)                     0.0552     1.9957 f
  impl/impl/intadd_0_U25/CO (FA1D0)                     0.0552     2.0510 f
  impl/impl/intadd_0_U24/CO (FA1D0)                     0.0552     2.1062 f
  impl/impl/intadd_0_U23/CO (FA1D0)                     0.0552     2.1614 f
  impl/impl/intadd_0_U22/CO (FA1D0)                     0.0552     2.2167 f
  impl/impl/intadd_0_U21/CO (FA1D0)                     0.0552     2.2719 f
  impl/impl/intadd_0_U20/CO (FA1D0)                     0.0552     2.3272 f
  impl/impl/intadd_0_U19/CO (FA1D0)                     0.0552     2.3824 f
  impl/impl/intadd_0_U18/CO (FA1D0)                     0.0552     2.4377 f
  impl/impl/intadd_0_U17/CO (FA1D0)                     0.0552     2.4929 f
  impl/impl/intadd_0_U16/CO (FA1D0)                     0.0552     2.5482 f
  impl/impl/intadd_0_U15/CO (FA1D0)                     0.0552     2.6034 f
  impl/impl/intadd_0_U14/CO (FA1D0)                     0.0552     2.6586 f
  impl/impl/intadd_0_U13/CO (FA1D0)                     0.0552     2.7139 f
  impl/impl/intadd_0_U12/CO (FA1D0)                     0.0552     2.7691 f
  impl/impl/intadd_0_U11/CO (FA1D0)                     0.0552     2.8244 f
  impl/impl/intadd_0_U10/CO (FA1D0)                     0.0552     2.8796 f
  impl/impl/intadd_0_U9/CO (FA1D0)                      0.0552     2.9349 f
  impl/impl/intadd_0_U8/CO (FA1D0)                      0.0552     2.9901 f
  impl/impl/intadd_0_U7/CO (FA1D0)                      0.0552     3.0454 f
  impl/impl/intadd_0_U6/CO (FA1D0)                      0.0552     3.1006 f
  impl/impl/intadd_0_U5/CO (FA1D0)                      0.0552     3.1558 f
  impl/impl/intadd_0_U4/CO (FA1D0)                      0.0552     3.2111 f
  impl/impl/intadd_0_U3/CO (FA1D0)                      0.0552     3.2663 f
  impl/impl/intadd_0_U2/S (FA1D0)                       0.0660     3.3324 r
  impl/impl/U181/ZN (INVD0)                             0.0133     3.3457 f
  impl/impl/U182/Z (MUX2D0)                             0.0509     3.3966 f
  impl/impl/U183/ZN (INR2D0)                            0.0378     3.4344 r
  impl/impl/U187/ZN (CKND2D0)                           0.0369     3.4713 f
  impl/impl/U192/ZN (NR2D0)                             0.0520     3.5232 r
  impl/impl/U198/ZN (CKND2D0)                           0.0337     3.5569 f
  impl/impl/U199/ZN (CKND2D0)                           0.0454     3.6023 r
  impl/impl/U200/ZN (INVD0)                             0.0173     3.6196 f
  impl/impl/U203/ZN (CKND2D0)                           0.0216     3.6411 r
  impl/impl/U101/ZN (NR2D0)                             0.0226     3.6638 f
  impl/impl/U102/ZN (INVD0)                             0.0530     3.7168 r
  impl/impl/U902/Z (XOR2D0)                             0.0605     3.7773 f
  impl/impl/DP_OP_193J1_162_6510_U13/CO (FA1D0)         0.0551     3.8324 f
  impl/impl/DP_OP_193J1_162_6510_U12/CO (FA1D0)         0.0552     3.8876 f
  impl/impl/DP_OP_193J1_162_6510_U11/CO (FA1D0)         0.0552     3.9429 f
  impl/impl/DP_OP_193J1_162_6510_U10/CO (FA1D0)         0.0552     3.9981 f
  impl/impl/DP_OP_193J1_162_6510_U9/CO (FA1D0)          0.0552     4.0534 f
  impl/impl/DP_OP_193J1_162_6510_U8/CO (FA1D0)          0.0552     4.1086 f
  impl/impl/DP_OP_193J1_162_6510_U7/CO (FA1D0)          0.0552     4.1639 f
  impl/impl/DP_OP_193J1_162_6510_U6/CO (FA1D0)          0.0552     4.2191 f
  impl/impl/DP_OP_193J1_162_6510_U5/CO (FA1D0)          0.0552     4.2743 f
  impl/impl/DP_OP_193J1_162_6510_U4/CO (FA1D0)          0.0552     4.3296 f
  impl/impl/DP_OP_193J1_162_6510_U3/CO (FA1D0)          0.0587     4.3883 f
  impl/impl/U404/Z (XOR2D0)                             0.0393     4.4276 f
  impl/impl/U405/ZN (CKND2D0)                           0.0213     4.4489 r
  impl/impl/U406/ZN (OAI211D0)                          0.0484     4.4973 f
  impl/impl/U97/ZN (NR2D0)                              0.0582     4.5555 r
  impl/impl/U98/ZN (INVD0)                              0.0302     4.5857 f
  impl/impl/U415/Z (OR2D0)                              0.0566     4.6423 f
  impl/impl/U416/ZN (INVD0)                             0.0238     4.6661 r
  impl/impl/U418/ZN (CKND2D0)                           0.0383     4.7044 f
  impl/impl/U506/ZN (INVD0)                             0.0365     4.7409 r
  impl/impl/U86/ZN (INVD0)                              0.0249     4.7658 f
  impl/impl/U87/ZN (INVD0)                              0.0335     4.7993 r
  impl/impl/U43/ZN (INVD0)                              0.0211     4.8204 f
  impl/impl/U44/ZN (INVD0)                              0.0273     4.8477 r
  impl/impl/U534/ZN (AOI22D0)                           0.0322     4.8799 f
  impl/impl/U535/ZN (OAI211D0)                          0.0347     4.9146 r
  impl/impl/cut6/U22/Z (BUFFD0)                         0.0516     4.9662 r
  result[21] (out)                                      0.0000     4.9662 r
  data arrival time                                                4.9662

  clock clk (rise edge)                                 7.0000     7.0000
  clock network delay (ideal)                           0.0000     7.0000
  clock reconvergence pessimism                         0.0000     7.0000
  output external delay                                -0.0200     6.9800
  data required time                                               6.9800
  ------------------------------------------------------------------------------
  data required time                                               6.9800
  data arrival time                                               -4.9662
  ------------------------------------------------------------------------------
  slack (MET)                                                      2.0138


  Startpoint: divide_mode
               (input port clocked by clk)
  Endpoint: result[21] (output port clocked by clk)
  Path Group: clk
  Path Type: max

  Point                                                   Incr       Path
  ------------------------------------------------------------------------------
  clock clk (rise edge)                                 0.0000     0.0000
  clock network delay (ideal)                           0.0000     0.0000
  input external delay                                  0.0200     0.0200 f
  divide_mode (in)                                      0.0035     0.0235 f
  U62/Z (BUFFD0)                                        0.0448     0.0683 f
  impl/impl/U129/ZN (INVD0)                             0.0359     0.1042 r
  impl/impl/U134/Z (BUFFD0)                             0.0497     0.1539 r
  impl/impl/U135/Z (BUFFD0)                             0.0494     0.2033 r
  impl/impl/U136/Z (BUFFD0)                             0.0515     0.2549 r
  impl/impl/U137/Z (BUFFD0)                             0.0479     0.3027 r
  impl/impl/U138/ZN (INVD0)                             0.0422     0.3450 f
  impl/impl/U139/Z (BUFFD0)                             0.0421     0.3870 f
  impl/impl/U140/Z (BUFFD0)                             0.0519     0.4389 f
  impl/impl/U790/Z (BUFFD0)                             0.0639     0.5028 f
  impl/impl/DP_OP_216J1_131_4230_U30/CO (FA1D0)         0.0886     0.5913 f
  impl/impl/DP_OP_216J1_131_4230_U29/CO (FA1D0)         0.1014     0.6927 f
  impl/impl/DP_OP_216J1_131_4230_U28/CO (FA1D0)         0.0552     0.7480 f
  impl/impl/DP_OP_216J1_131_4230_U27/CO (FA1D0)         0.0552     0.8032 f
  impl/impl/DP_OP_216J1_131_4230_U26/CO (FA1D0)         0.0552     0.8585 f
  impl/impl/DP_OP_216J1_131_4230_U25/CO (FA1D0)         0.0552     0.9137 f
  impl/impl/DP_OP_216J1_131_4230_U24/CO (FA1D0)         0.0552     0.9690 f
  impl/impl/DP_OP_216J1_131_4230_U23/CO (FA1D0)         0.0552     1.0242 f
  impl/impl/DP_OP_216J1_131_4230_U22/CO (FA1D0)         0.0552     1.0794 f
  impl/impl/DP_OP_216J1_131_4230_U21/CO (FA1D0)         0.0552     1.1347 f
  impl/impl/DP_OP_216J1_131_4230_U20/CO (FA1D0)         0.0552     1.1899 f
  impl/impl/DP_OP_216J1_131_4230_U19/CO (FA1D0)         0.0552     1.2452 f
  impl/impl/DP_OP_216J1_131_4230_U18/CO (FA1D0)         0.0552     1.3004 f
  impl/impl/DP_OP_216J1_131_4230_U17/CO (FA1D0)         0.0552     1.3557 f
  impl/impl/DP_OP_216J1_131_4230_U16/CO (FA1D0)         0.0552     1.4109 f
  impl/impl/DP_OP_216J1_131_4230_U15/CO (FA1D0)         0.0552     1.4662 f
  impl/impl/DP_OP_216J1_131_4230_U14/CO (FA1D0)         0.0552     1.5214 f
  impl/impl/DP_OP_216J1_131_4230_U13/CO (FA1D0)         0.0552     1.5766 f
  impl/impl/DP_OP_216J1_131_4230_U12/CO (FA1D0)         0.0552     1.6319 f
  impl/impl/DP_OP_216J1_131_4230_U11/CO (FA1D0)         0.0552     1.6871 f
  impl/impl/DP_OP_216J1_131_4230_U10/CO (FA1D0)         0.0552     1.7424 f
  impl/impl/DP_OP_216J1_131_4230_U9/CO (FA1D0)          0.0552     1.7976 f
  impl/impl/DP_OP_216J1_131_4230_U8/CO (FA1D0)          0.0552     1.8529 f
  impl/impl/DP_OP_216J1_131_4230_U7/CO (FA1D0)          0.0552     1.9081 f
  impl/impl/DP_OP_216J1_131_4230_U6/CO (FA1D0)          0.0631     1.9712 f
  impl/impl/U605/ZN (INVD0)                             0.0195     1.9907 r
  impl/impl/U607/ZN (CKND2D0)                           0.0316     2.0223 f
  impl/impl/U784/ZN (XNR2D0)                            0.0462     2.0685 f
  impl/impl/cut0/U60/Z (BUFFD0)                         0.0310     2.0995 f
  impl/impl/cut1/U59/Z (BUFFD0)                         0.0286     2.1281 f
  impl/impl/cut2/U60/Z (BUFFD0)                         0.0315     2.1596 f
  impl/impl/csa0/U4/Z (CKAN2D0)                         0.0432     2.2028 f
  impl/impl/csa0/U34/ZN (IAO21D0)                       0.0415     2.2442 r
  impl/impl/csa1/U6/Z (CKAN2D0)                         0.0549     2.2992 r
  impl/impl/csa1/U35/ZN (IAO21D0)                       0.0207     2.3198 f
  impl/impl/csa2/U8/Z (CKAN2D0)                         0.0446     2.3645 f
  impl/impl/csa2/U36/ZN (IAO21D0)                       0.0505     2.4150 r
  impl/impl/intadd_2_U3/CO (FA1D0)                      0.0908     2.5058 r
  impl/impl/intadd_2_U2/CO (FA1D0)                      0.0478     2.5535 r
  impl/impl/U146/Z (XOR3D0)                             0.1239     2.6774 r
  impl/impl/cut3/U9/Z (BUFFD0)                          0.0681     2.7456 r
  impl/impl/mult_x_26_U52/S (CMPE42D1)                  0.1854     2.9309 r
  impl/impl/U598/ZN (INVD0)                             0.0157     2.9466 f
  impl/impl/intadd_0_U7/CO (FA1D0)                      0.0983     3.0449 f
  impl/impl/intadd_0_U6/CO (FA1D0)                      0.0552     3.1001 f
  impl/impl/intadd_0_U5/CO (FA1D0)                      0.0552     3.1554 f
  impl/impl/intadd_0_U4/CO (FA1D0)                      0.0552     3.2106 f
  impl/impl/intadd_0_U3/CO (FA1D0)                      0.0552     3.2659 f
  impl/impl/intadd_0_U2/S (FA1D0)                       0.0660     3.3319 r
  impl/impl/U181/ZN (INVD0)                             0.0133     3.3452 f
  impl/impl/U182/Z (MUX2D0)                             0.0509     3.3962 f
  impl/impl/U183/ZN (INR2D0)                            0.0378     3.4339 r
  impl/impl/U187/ZN (CKND2D0)                           0.0369     3.4708 f
  impl/impl/U192/ZN (NR2D0)                             0.0520     3.5228 r
  impl/impl/U198/ZN (CKND2D0)                           0.0337     3.5565 f
  impl/impl/U199/ZN (CKND2D0)                           0.0454     3.6018 r
  impl/impl/U200/ZN (INVD0)                             0.0173     3.6191 f
  impl/impl/U203/ZN (CKND2D0)                           0.0216     3.6407 r
  impl/impl/U101/ZN (NR2D0)                             0.0226     3.6633 f
  impl/impl/U102/ZN (INVD0)                             0.0530     3.7163 r
  impl/impl/U902/Z (XOR2D0)                             0.0605     3.7769 f
  impl/impl/DP_OP_193J1_162_6510_U13/CO (FA1D0)         0.0551     3.8319 f
  impl/impl/DP_OP_193J1_162_6510_U12/CO (FA1D0)         0.0552     3.8872 f
  impl/impl/DP_OP_193J1_162_6510_U11/CO (FA1D0)         0.0552     3.9424 f
  impl/impl/DP_OP_193J1_162_6510_U10/CO (FA1D0)         0.0552     3.9977 f
  impl/impl/DP_OP_193J1_162_6510_U9/CO (FA1D0)          0.0552     4.0529 f
  impl/impl/DP_OP_193J1_162_6510_U8/CO (FA1D0)          0.0552     4.1082 f
  impl/impl/DP_OP_193J1_162_6510_U7/CO (FA1D0)          0.0552     4.1634 f
  impl/impl/DP_OP_193J1_162_6510_U6/CO (FA1D0)          0.0552     4.2186 f
  impl/impl/DP_OP_193J1_162_6510_U5/CO (FA1D0)          0.0552     4.2739 f
  impl/impl/DP_OP_193J1_162_6510_U4/CO (FA1D0)          0.0552     4.3291 f
  impl/impl/DP_OP_193J1_162_6510_U3/CO (FA1D0)          0.0587     4.3878 f
  impl/impl/U404/Z (XOR2D0)                             0.0393     4.4271 f
  impl/impl/U405/ZN (CKND2D0)                           0.0213     4.4485 r
  impl/impl/U406/ZN (OAI211D0)                          0.0484     4.4969 f
  impl/impl/U97/ZN (NR2D0)                              0.0582     4.5550 r
  impl/impl/U98/ZN (INVD0)                              0.0302     4.5852 f
  impl/impl/U415/Z (OR2D0)                              0.0566     4.6419 f
  impl/impl/U416/ZN (INVD0)                             0.0238     4.6656 r
  impl/impl/U418/ZN (CKND2D0)                           0.0383     4.7039 f
  impl/impl/U506/ZN (INVD0)                             0.0365     4.7405 r
  impl/impl/U86/ZN (INVD0)                              0.0249     4.7653 f
  impl/impl/U87/ZN (INVD0)                              0.0335     4.7988 r
  impl/impl/U43/ZN (INVD0)                              0.0211     4.8199 f
  impl/impl/U44/ZN (INVD0)                              0.0273     4.8472 r
  impl/impl/U534/ZN (AOI22D0)                           0.0322     4.8795 f
  impl/impl/U535/ZN (OAI211D0)                          0.0347     4.9142 r
  impl/impl/cut6/U22/Z (BUFFD0)                         0.0516     4.9658 r
  result[21] (out)                                      0.0000     4.9658 r
  data arrival time                                                4.9658

  clock clk (rise edge)                                 7.0000     7.0000
  clock network delay (ideal)                           0.0000     7.0000
  clock reconvergence pessimism                         0.0000     7.0000
  output external delay                                -0.0200     6.9800
  data required time                                               6.9800
  ------------------------------------------------------------------------------
  data required time                                               6.9800
  data arrival time                                               -4.9658
  ------------------------------------------------------------------------------
  slack (MET)                                                      2.0142


  Startpoint: divide_mode
               (input port clocked by clk)
  Endpoint: result[21] (output port clocked by clk)
  Path Group: clk
  Path Type: max

  Point                                                   Incr       Path
  ------------------------------------------------------------------------------
  clock clk (rise edge)                                 0.0000     0.0000
  clock network delay (ideal)                           0.0000     0.0000
  input external delay                                  0.0200     0.0200 r
  divide_mode (in)                                      0.0059     0.0259 r
  U62/Z (BUFFD0)                                        0.0546     0.0805 r
  impl/impl/U129/ZN (INVD0)                             0.0307     0.1112 f
  impl/impl/U134/Z (BUFFD0)                             0.0455     0.1567 f
  impl/impl/U135/Z (BUFFD0)                             0.0438     0.2004 f
  impl/impl/U136/Z (BUFFD0)                             0.0448     0.2453 f
  impl/impl/U137/Z (BUFFD0)                             0.0423     0.2875 f
  impl/impl/U138/ZN (INVD0)                             0.0548     0.3424 r
  impl/impl/U139/Z (BUFFD0)                             0.0434     0.3857 r
  impl/impl/U140/Z (BUFFD0)                             0.0633     0.4490 r
  impl/impl/U790/Z (BUFFD0)                             0.0784     0.5275 r
  impl/impl/DP_OP_216J1_131_4230_U30/CO (FA1D0)         0.0965     0.6239 r
  impl/impl/DP_OP_216J1_131_4230_U29/CO (FA1D0)         0.0919     0.7158 r
  impl/impl/DP_OP_216J1_131_4230_U28/CO (FA1D0)         0.0507     0.7665 r
  impl/impl/DP_OP_216J1_131_4230_U27/CO (FA1D0)         0.0507     0.8172 r
  impl/impl/DP_OP_216J1_131_4230_U26/CO (FA1D0)         0.0507     0.8679 r
  impl/impl/DP_OP_216J1_131_4230_U25/S (FA1D0)          0.0677     0.9356 r
  impl/impl/cut0/U41/Z (BUFFD0)                         0.0294     0.9650 r
  impl/impl/cut1/U41/Z (BUFFD0)                         0.0283     0.9934 r
  impl/impl/cut2/U42/Z (BUFFD0)                         0.0326     1.0260 r
  impl/impl/csa0/U24/Z (CKAN2D0)                        0.0503     1.0763 r
  impl/impl/csa0/U54/ZN (IAO21D0)                       0.0206     1.0968 f
  impl/impl/csa1/U25/Z (CKAN2D0)                        0.0454     1.1422 f
  impl/impl/csa1/U53/ZN (IAO21D0)                       0.0415     1.1837 r
  impl/impl/csa2/U26/Z (CKAN2D0)                        0.0538     1.2375 r
  impl/impl/csa2/U54/ZN (IAO21D0)                       0.0235     1.2610 f
  impl/impl/intadd_2_U24/CO (FA1D0)                     0.0803     1.3414 f
  impl/impl/intadd_2_U23/CO (FA1D0)                     0.0552     1.3966 f
  impl/impl/intadd_2_U22/CO (FA1D0)                     0.0552     1.4519 f
  impl/impl/intadd_2_U21/CO (FA1D0)                     0.0552     1.5071 f
  impl/impl/intadd_2_U20/CO (FA1D0)                     0.0552     1.5623 f
  impl/impl/intadd_2_U19/CO (FA1D0)                     0.0552     1.6176 f
  impl/impl/intadd_2_U18/CO (FA1D0)                     0.0552     1.6728 f
  impl/impl/intadd_2_U17/CO (FA1D0)                     0.0552     1.7281 f
  impl/impl/intadd_2_U16/CO (FA1D0)                     0.0552     1.7833 f
  impl/impl/intadd_2_U15/CO (FA1D0)                     0.0552     1.8386 f
  impl/impl/intadd_2_U14/CO (FA1D0)                     0.0552     1.8938 f
  impl/impl/intadd_2_U13/CO (FA1D0)                     0.0552     1.9491 f
  impl/impl/intadd_2_U12/CO (FA1D0)                     0.0552     2.0043 f
  impl/impl/intadd_2_U11/CO (FA1D0)                     0.0552     2.0595 f
  impl/impl/intadd_2_U10/CO (FA1D0)                     0.0552     2.1148 f
  impl/impl/intadd_2_U9/CO (FA1D0)                      0.0552     2.1700 f
  impl/impl/intadd_2_U8/CO (FA1D0)                      0.0552     2.2253 f
  impl/impl/intadd_2_U7/CO (FA1D0)                      0.0552     2.2805 f
  impl/impl/intadd_2_U6/CO (FA1D0)                      0.0552     2.3358 f
  impl/impl/intadd_2_U5/CO (FA1D0)                      0.0552     2.3910 f
  impl/impl/intadd_2_U4/CO (FA1D0)                      0.0552     2.4463 f
  impl/impl/intadd_2_U3/CO (FA1D0)                      0.0552     2.5015 f
  impl/impl/intadd_2_U2/CO (FA1D0)                      0.0525     2.5540 f
  impl/impl/U146/Z (XOR3D0)                             0.1240     2.6780 r
  impl/impl/cut3/U9/Z (BUFFD0)                          0.0681     2.7461 r
  impl/impl/mult_x_26_U52/S (CMPE42D1)                  0.1854     2.9315 r
  impl/impl/U598/ZN (INVD0)                             0.0157     2.9472 f
  impl/impl/intadd_0_U7/CO (FA1D0)                      0.0983     3.0454 f
  impl/impl/intadd_0_U6/CO (FA1D0)                      0.0552     3.1007 f
  impl/impl/intadd_0_U5/CO (FA1D0)                      0.0552     3.1559 f
  impl/impl/intadd_0_U4/CO (FA1D0)                      0.0552     3.2112 f
  impl/impl/intadd_0_U3/CO (FA1D0)                      0.0552     3.2664 f
  impl/impl/intadd_0_U2/S (FA1D0)                       0.0660     3.3324 r
  impl/impl/U181/ZN (INVD0)                             0.0133     3.3458 f
  impl/impl/U182/Z (MUX2D0)                             0.0509     3.3967 f
  impl/impl/U183/ZN (INR2D0)                            0.0378     3.4345 r
  impl/impl/U187/ZN (CKND2D0)                           0.0369     3.4713 f
  impl/impl/U192/ZN (NR2D0)                             0.0520     3.5233 r
  impl/impl/U198/ZN (CKND2D0)                           0.0337     3.5570 f
  impl/impl/U199/ZN (CKND2D0)                           0.0454     3.6024 r
  impl/impl/U200/ZN (INVD0)                             0.0173     3.6196 f
  impl/impl/U203/ZN (CKND2D0)                           0.0216     3.6412 r
  impl/impl/U101/ZN (NR2D0)                             0.0226     3.6639 f
  impl/impl/U102/ZN (INVD0)                             0.0530     3.7169 r
  impl/impl/U902/Z (XOR2D0)                             0.0605     3.7774 f
  impl/impl/DP_OP_193J1_162_6510_U13/CO (FA1D0)         0.0551     3.8325 f
  impl/impl/DP_OP_193J1_162_6510_U12/CO (FA1D0)         0.0552     3.8877 f
  impl/impl/DP_OP_193J1_162_6510_U11/CO (FA1D0)         0.0552     3.9430 f
  impl/impl/DP_OP_193J1_162_6510_U10/CO (FA1D0)         0.0552     3.9982 f
  impl/impl/DP_OP_193J1_162_6510_U9/CO (FA1D0)          0.0552     4.0535 f
  impl/impl/DP_OP_193J1_162_6510_U8/CO (FA1D0)          0.0552     4.1087 f
  impl/impl/DP_OP_193J1_162_6510_U7/CO (FA1D0)          0.0552     4.1639 f
  impl/impl/DP_OP_193J1_162_6510_U6/CO (FA1D0)          0.0552     4.2192 f
  impl/impl/DP_OP_193J1_162_6510_U5/CO (FA1D0)          0.0552     4.2744 f
  impl/impl/DP_OP_193J1_162_6510_U4/CO (FA1D0)          0.0552     4.3297 f
  impl/impl/DP_OP_193J1_162_6510_U3/S (FA1D0)           0.0665     4.3962 r
  impl/impl/U313/ZN (IAO21D0)                           0.0520     4.4482 r
  impl/impl/U406/ZN (OAI211D0)                          0.0469     4.4952 f
  impl/impl/U97/ZN (NR2D0)                              0.0582     4.5533 r
  impl/impl/U98/ZN (INVD0)                              0.0302     4.5835 f
  impl/impl/U415/Z (OR2D0)                              0.0566     4.6402 f
  impl/impl/U416/ZN (INVD0)                             0.0238     4.6639 r
  impl/impl/U418/ZN (CKND2D0)                           0.0383     4.7022 f
  impl/impl/U506/ZN (INVD0)                             0.0365     4.7387 r
  impl/impl/U86/ZN (INVD0)                              0.0249     4.7636 f
  impl/impl/U87/ZN (INVD0)                              0.0335     4.7971 r
  impl/impl/U43/ZN (INVD0)                              0.0211     4.8182 f
  impl/impl/U44/ZN (INVD0)                              0.0273     4.8455 r
  impl/impl/U534/ZN (AOI22D0)                           0.0322     4.8778 f
  impl/impl/U535/ZN (OAI211D0)                          0.0347     4.9125 r
  impl/impl/cut6/U22/Z (BUFFD0)                         0.0516     4.9641 r
  result[21] (out)                                      0.0000     4.9641 r
  data arrival time                                                4.9641

  clock clk (rise edge)                                 7.0000     7.0000
  clock network delay (ideal)                           0.0000     7.0000
  clock reconvergence pessimism                         0.0000     7.0000
  output external delay                                -0.0200     6.9800
  data required time                                               6.9800
  ------------------------------------------------------------------------------
  data required time                                               6.9800
  data arrival time                                               -4.9641
  ------------------------------------------------------------------------------
  slack (MET)                                                      2.0159


  Startpoint: divide_mode
               (input port clocked by clk)
  Endpoint: result[21] (output port clocked by clk)
  Path Group: clk
  Path Type: max

  Point                                                   Incr       Path
  ------------------------------------------------------------------------------
  clock clk (rise edge)                                 0.0000     0.0000
  clock network delay (ideal)                           0.0000     0.0000
  input external delay                                  0.0200     0.0200 r
  divide_mode (in)                                      0.0059     0.0259 r
  U62/Z (BUFFD0)                                        0.0546     0.0805 r
  impl/impl/U129/ZN (INVD0)                             0.0307     0.1112 f
  impl/impl/U134/Z (BUFFD0)                             0.0455     0.1567 f
  impl/impl/U135/Z (BUFFD0)                             0.0438     0.2004 f
  impl/impl/U136/Z (BUFFD0)                             0.0448     0.2453 f
  impl/impl/U137/Z (BUFFD0)                             0.0423     0.2875 f
  impl/impl/U138/ZN (INVD0)                             0.0548     0.3424 r
  impl/impl/U139/Z (BUFFD0)                             0.0434     0.3857 r
  impl/impl/U140/Z (BUFFD0)                             0.0633     0.4490 r
  impl/impl/U790/Z (BUFFD0)                             0.0784     0.5275 r
  impl/impl/DP_OP_216J1_131_4230_U30/CO (FA1D0)         0.0965     0.6239 r
  impl/impl/DP_OP_216J1_131_4230_U29/CO (FA1D0)         0.0919     0.7158 r
  impl/impl/DP_OP_216J1_131_4230_U28/CO (FA1D0)         0.0507     0.7665 r
  impl/impl/DP_OP_216J1_131_4230_U27/CO (FA1D0)         0.0507     0.8172 r
  impl/impl/DP_OP_216J1_131_4230_U26/S (FA1D0)          0.0623     0.8795 f
  impl/impl/cut0/U40/Z (BUFFD0)                         0.0308     0.9103 f
  impl/impl/cut1/U7/Z (BUFFD0)                          0.0286     0.9389 f
  impl/impl/cut2/U5/Z (BUFFD0)                          0.0315     0.9704 f
  impl/impl/csa0/U25/Z (CKAN2D0)                        0.0432     1.0136 f
  impl/impl/csa0/U55/ZN (IAO21D0)                       0.0415     1.0551 r
  impl/impl/csa1/U26/Z (CKAN2D0)                        0.0549     1.1100 r
  impl/impl/csa1/U54/ZN (IAO21D0)                       0.0207     1.1307 f
  impl/impl/csa2/U27/Z (CKAN2D0)                        0.0446     1.1753 f
  impl/impl/csa2/U53/ZN (IAO21D0)                       0.0505     1.2258 r
  impl/impl/intadd_2_U25/CO (FA1D0)                     0.0908     1.3166 r
  impl/impl/intadd_2_U24/S (FA1D0)                      0.0700     1.3866 f
  impl/impl/U500/ZN (INVD0)                             0.0383     1.4249 r
  impl/impl/U873/ZN (NR3D0)                             0.0376     1.4625 f
  impl/impl/U883/ZN (AOI221D0)                          0.1013     1.5638 r
  impl/impl/U886/Z (OA211D0)                            0.0814     1.6452 r
  impl/impl/U887/ZN (NR2D0)                             0.0173     1.6625 f
  impl/impl/U888/Z (XOR2D0)                             0.0616     1.7241 r
  impl/impl/U889/ZN (MAOI222D0)                         0.0402     1.7643 f
  impl/impl/intadd_0_U29/CO (FA1D0)                     0.0653     1.8296 f
  impl/impl/intadd_0_U28/CO (FA1D0)                     0.0556     1.8852 f
  impl/impl/intadd_0_U27/CO (FA1D0)                     0.0553     1.9405 f
  impl/impl/intadd_0_U26/CO (FA1D0)                     0.0552     1.9957 f
  impl/impl/intadd_0_U25/CO (FA1D0)                     0.0552     2.0510 f
  impl/impl/intadd_0_U24/CO (FA1D0)                     0.0552     2.1062 f
  impl/impl/intadd_0_U23/CO (FA1D0)                     0.0552     2.1614 f
  impl/impl/intadd_0_U22/CO (FA1D0)                     0.0552     2.2167 f
  impl/impl/intadd_0_U21/CO (FA1D0)                     0.0552     2.2719 f
  impl/impl/intadd_0_U20/CO (FA1D0)                     0.0552     2.3272 f
  impl/impl/intadd_0_U19/CO (FA1D0)                     0.0552     2.3824 f
  impl/impl/intadd_0_U18/CO (FA1D0)                     0.0552     2.4377 f
  impl/impl/intadd_0_U17/CO (FA1D0)                     0.0552     2.4929 f
  impl/impl/intadd_0_U16/CO (FA1D0)                     0.0552     2.5482 f
  impl/impl/intadd_0_U15/CO (FA1D0)                     0.0552     2.6034 f
  impl/impl/intadd_0_U14/CO (FA1D0)                     0.0552     2.6586 f
  impl/impl/intadd_0_U13/CO (FA1D0)                     0.0552     2.7139 f
  impl/impl/intadd_0_U12/CO (FA1D0)                     0.0552     2.7691 f
  impl/impl/intadd_0_U11/CO (FA1D0)                     0.0552     2.8244 f
  impl/impl/intadd_0_U10/CO (FA1D0)                     0.0552     2.8796 f
  impl/impl/intadd_0_U9/CO (FA1D0)                      0.0552     2.9349 f
  impl/impl/intadd_0_U8/CO (FA1D0)                      0.0552     2.9901 f
  impl/impl/intadd_0_U7/CO (FA1D0)                      0.0552     3.0454 f
  impl/impl/intadd_0_U6/CO (FA1D0)                      0.0552     3.1006 f
  impl/impl/intadd_0_U5/CO (FA1D0)                      0.0552     3.1558 f
  impl/impl/intadd_0_U4/CO (FA1D0)                      0.0552     3.2111 f
  impl/impl/intadd_0_U3/CO (FA1D0)                      0.0552     3.2663 f
  impl/impl/intadd_0_U2/S (FA1D0)                       0.0660     3.3324 r
  impl/impl/U181/ZN (INVD0)                             0.0133     3.3457 f
  impl/impl/U182/Z (MUX2D0)                             0.0509     3.3966 f
  impl/impl/U183/ZN (INR2D0)                            0.0378     3.4344 r
  impl/impl/U187/ZN (CKND2D0)                           0.0369     3.4713 f
  impl/impl/U192/ZN (NR2D0)                             0.0520     3.5232 r
  impl/impl/U198/ZN (CKND2D0)                           0.0337     3.5569 f
  impl/impl/U199/ZN (CKND2D0)                           0.0454     3.6023 r
  impl/impl/U200/ZN (INVD0)                             0.0173     3.6196 f
  impl/impl/U203/ZN (CKND2D0)                           0.0216     3.6411 r
  impl/impl/U101/ZN (NR2D0)                             0.0226     3.6638 f
  impl/impl/U102/ZN (INVD0)                             0.0530     3.7168 r
  impl/impl/U902/Z (XOR2D0)                             0.0605     3.7773 f
  impl/impl/DP_OP_193J1_162_6510_U13/CO (FA1D0)         0.0551     3.8324 f
  impl/impl/DP_OP_193J1_162_6510_U12/CO (FA1D0)         0.0552     3.8876 f
  impl/impl/DP_OP_193J1_162_6510_U11/CO (FA1D0)         0.0552     3.9429 f
  impl/impl/DP_OP_193J1_162_6510_U10/CO (FA1D0)         0.0552     3.9981 f
  impl/impl/DP_OP_193J1_162_6510_U9/CO (FA1D0)          0.0552     4.0534 f
  impl/impl/DP_OP_193J1_162_6510_U8/CO (FA1D0)          0.0552     4.1086 f
  impl/impl/DP_OP_193J1_162_6510_U7/CO (FA1D0)          0.0552     4.1639 f
  impl/impl/DP_OP_193J1_162_6510_U6/CO (FA1D0)          0.0552     4.2191 f
  impl/impl/DP_OP_193J1_162_6510_U5/CO (FA1D0)          0.0552     4.2743 f
  impl/impl/DP_OP_193J1_162_6510_U4/CO (FA1D0)          0.0552     4.3296 f
  impl/impl/DP_OP_193J1_162_6510_U3/S (FA1D0)           0.0665     4.3961 r
  impl/impl/U313/ZN (IAO21D0)                           0.0520     4.4481 r
  impl/impl/U406/ZN (OAI211D0)                          0.0469     4.4951 f
  impl/impl/U97/ZN (NR2D0)                              0.0582     4.5532 r
  impl/impl/U98/ZN (INVD0)                              0.0302     4.5834 f
  impl/impl/U415/Z (OR2D0)                              0.0566     4.6401 f
  impl/impl/U416/ZN (INVD0)                             0.0238     4.6638 r
  impl/impl/U418/ZN (CKND2D0)                           0.0383     4.7021 f
  impl/impl/U506/ZN (INVD0)                             0.0365     4.7387 r
  impl/impl/U86/ZN (INVD0)                              0.0249     4.7635 f
  impl/impl/U87/ZN (INVD0)                              0.0335     4.7970 r
  impl/impl/U43/ZN (INVD0)                              0.0211     4.8181 f
  impl/impl/U44/ZN (INVD0)                              0.0273     4.8454 r
  impl/impl/U534/ZN (AOI22D0)                           0.0322     4.8777 f
  impl/impl/U535/ZN (OAI211D0)                          0.0347     4.9124 r
  impl/impl/cut6/U22/Z (BUFFD0)                         0.0516     4.9640 r
  result[21] (out)                                      0.0000     4.9640 r
  data arrival time                                                4.9640

  clock clk (rise edge)                                 7.0000     7.0000
  clock network delay (ideal)                           0.0000     7.0000
  clock reconvergence pessimism                         0.0000     7.0000
  output external delay                                -0.0200     6.9800
  data required time                                               6.9800
  ------------------------------------------------------------------------------
  data required time                                               6.9800
  data arrival time                                               -4.9640
  ------------------------------------------------------------------------------
  slack (MET)                                                      2.0160


  Startpoint: divide_mode
               (input port clocked by clk)
  Endpoint: result[21] (output port clocked by clk)
  Path Group: clk
  Path Type: max

  Point                                                   Incr       Path
  ------------------------------------------------------------------------------
  clock clk (rise edge)                                 0.0000     0.0000
  clock network delay (ideal)                           0.0000     0.0000
  input external delay                                  0.0200     0.0200 f
  divide_mode (in)                                      0.0035     0.0235 f
  U62/Z (BUFFD0)                                        0.0448     0.0683 f
  impl/impl/U129/ZN (INVD0)                             0.0359     0.1042 r
  impl/impl/U134/Z (BUFFD0)                             0.0497     0.1539 r
  impl/impl/U135/Z (BUFFD0)                             0.0494     0.2033 r
  impl/impl/U136/Z (BUFFD0)                             0.0515     0.2549 r
  impl/impl/U137/Z (BUFFD0)                             0.0479     0.3027 r
  impl/impl/U138/ZN (INVD0)                             0.0422     0.3450 f
  impl/impl/U139/Z (BUFFD0)                             0.0421     0.3870 f
  impl/impl/U140/Z (BUFFD0)                             0.0519     0.4389 f
  impl/impl/U790/Z (BUFFD0)                             0.0639     0.5028 f
  impl/impl/DP_OP_216J1_131_4230_U30/CO (FA1D0)         0.0886     0.5913 f
  impl/impl/DP_OP_216J1_131_4230_U29/CO (FA1D0)         0.1014     0.6927 f
  impl/impl/DP_OP_216J1_131_4230_U28/CO (FA1D0)         0.0552     0.7480 f
  impl/impl/DP_OP_216J1_131_4230_U27/CO (FA1D0)         0.0552     0.8032 f
  impl/impl/DP_OP_216J1_131_4230_U26/CO (FA1D0)         0.0552     0.8585 f
  impl/impl/DP_OP_216J1_131_4230_U25/CO (FA1D0)         0.0552     0.9137 f
  impl/impl/DP_OP_216J1_131_4230_U24/CO (FA1D0)         0.0552     0.9690 f
  impl/impl/DP_OP_216J1_131_4230_U23/CO (FA1D0)         0.0552     1.0242 f
  impl/impl/DP_OP_216J1_131_4230_U22/CO (FA1D0)         0.0552     1.0794 f
  impl/impl/DP_OP_216J1_131_4230_U21/CO (FA1D0)         0.0552     1.1347 f
  impl/impl/DP_OP_216J1_131_4230_U20/CO (FA1D0)         0.0552     1.1899 f
  impl/impl/DP_OP_216J1_131_4230_U19/CO (FA1D0)         0.0552     1.2452 f
  impl/impl/DP_OP_216J1_131_4230_U18/CO (FA1D0)         0.0552     1.3004 f
  impl/impl/DP_OP_216J1_131_4230_U17/CO (FA1D0)         0.0552     1.3557 f
  impl/impl/DP_OP_216J1_131_4230_U16/CO (FA1D0)         0.0552     1.4109 f
  impl/impl/DP_OP_216J1_131_4230_U15/CO (FA1D0)         0.0552     1.4662 f
  impl/impl/DP_OP_216J1_131_4230_U14/CO (FA1D0)         0.0552     1.5214 f
  impl/impl/DP_OP_216J1_131_4230_U13/CO (FA1D0)         0.0552     1.5766 f
  impl/impl/DP_OP_216J1_131_4230_U12/CO (FA1D0)         0.0552     1.6319 f
  impl/impl/DP_OP_216J1_131_4230_U11/CO (FA1D0)         0.0552     1.6871 f
  impl/impl/DP_OP_216J1_131_4230_U10/CO (FA1D0)         0.0552     1.7424 f
  impl/impl/DP_OP_216J1_131_4230_U9/CO (FA1D0)          0.0552     1.7976 f
  impl/impl/DP_OP_216J1_131_4230_U8/CO (FA1D0)          0.0552     1.8529 f
  impl/impl/DP_OP_216J1_131_4230_U7/CO (FA1D0)          0.0552     1.9081 f
  impl/impl/DP_OP_216J1_131_4230_U6/CO (FA1D0)          0.0631     1.9712 f
  impl/impl/U605/ZN (INVD0)                             0.0195     1.9907 r
  impl/impl/U607/ZN (CKND2D0)                           0.0316     2.0223 f
  impl/impl/U784/ZN (XNR2D0)                            0.0462     2.0685 f
  impl/impl/cut0/U60/Z (BUFFD0)                         0.0310     2.0995 f
  impl/impl/cut1/U59/Z (BUFFD0)                         0.0286     2.1281 f
  impl/impl/cut2/U60/Z (BUFFD0)                         0.0315     2.1596 f
  impl/impl/csa0/U4/Z (CKAN2D0)                         0.0432     2.2028 f
  impl/impl/csa0/U34/ZN (IAO21D0)                       0.0415     2.2442 r
  impl/impl/csa1/U6/Z (CKAN2D0)                         0.0549     2.2992 r
  impl/impl/csa1/U35/ZN (IAO21D0)                       0.0207     2.3198 f
  impl/impl/csa2/U8/Z (CKAN2D0)                         0.0446     2.3645 f
  impl/impl/csa2/U36/ZN (IAO21D0)                       0.0505     2.4150 r
  impl/impl/intadd_2_U3/CO (FA1D0)                      0.0908     2.5058 r
  impl/impl/intadd_2_U2/CO (FA1D0)                      0.0478     2.5535 r
  impl/impl/U146/Z (XOR3D0)                             0.1239     2.6774 r
  impl/impl/cut3/U9/Z (BUFFD0)                          0.0681     2.7456 r
  impl/impl/mult_x_26_U52/S (CMPE42D1)                  0.1854     2.9309 r
  impl/impl/U598/ZN (INVD0)                             0.0157     2.9466 f
  impl/impl/intadd_0_U7/CO (FA1D0)                      0.0983     3.0449 f
  impl/impl/intadd_0_U6/CO (FA1D0)                      0.0552     3.1001 f
  impl/impl/intadd_0_U5/CO (FA1D0)                      0.0552     3.1554 f
  impl/impl/intadd_0_U4/CO (FA1D0)                      0.0552     3.2106 f
  impl/impl/intadd_0_U3/CO (FA1D0)                      0.0552     3.2659 f
  impl/impl/intadd_0_U2/S (FA1D0)                       0.0660     3.3319 r
  impl/impl/U181/ZN (INVD0)                             0.0133     3.3452 f
  impl/impl/U182/Z (MUX2D0)                             0.0509     3.3962 f
  impl/impl/U183/ZN (INR2D0)                            0.0378     3.4339 r
  impl/impl/U187/ZN (CKND2D0)                           0.0369     3.4708 f
  impl/impl/U192/ZN (NR2D0)                             0.0520     3.5228 r
  impl/impl/U198/ZN (CKND2D0)                           0.0337     3.5565 f
  impl/impl/U199/ZN (CKND2D0)                           0.0454     3.6018 r
  impl/impl/U200/ZN (INVD0)                             0.0173     3.6191 f
  impl/impl/U203/ZN (CKND2D0)                           0.0216     3.6407 r
  impl/impl/U101/ZN (NR2D0)                             0.0226     3.6633 f
  impl/impl/U102/ZN (INVD0)                             0.0530     3.7163 r
  impl/impl/U902/Z (XOR2D0)                             0.0605     3.7769 f
  impl/impl/DP_OP_193J1_162_6510_U13/CO (FA1D0)         0.0551     3.8319 f
  impl/impl/DP_OP_193J1_162_6510_U12/CO (FA1D0)         0.0552     3.8872 f
  impl/impl/DP_OP_193J1_162_6510_U11/CO (FA1D0)         0.0552     3.9424 f
  impl/impl/DP_OP_193J1_162_6510_U10/CO (FA1D0)         0.0552     3.9977 f
  impl/impl/DP_OP_193J1_162_6510_U9/CO (FA1D0)          0.0552     4.0529 f
  impl/impl/DP_OP_193J1_162_6510_U8/CO (FA1D0)          0.0552     4.1082 f
  impl/impl/DP_OP_193J1_162_6510_U7/CO (FA1D0)          0.0552     4.1634 f
  impl/impl/DP_OP_193J1_162_6510_U6/CO (FA1D0)          0.0552     4.2186 f
  impl/impl/DP_OP_193J1_162_6510_U5/CO (FA1D0)          0.0552     4.2739 f
  impl/impl/DP_OP_193J1_162_6510_U4/CO (FA1D0)          0.0552     4.3291 f
  impl/impl/DP_OP_193J1_162_6510_U3/S (FA1D0)           0.0665     4.3957 r
  impl/impl/U313/ZN (IAO21D0)                           0.0520     4.4477 r
  impl/impl/U406/ZN (OAI211D0)                          0.0469     4.4946 f
  impl/impl/U97/ZN (NR2D0)                              0.0582     4.5528 r
  impl/impl/U98/ZN (INVD0)                              0.0302     4.5830 f
  impl/impl/U415/Z (OR2D0)                              0.0566     4.6396 f
  impl/impl/U416/ZN (INVD0)                             0.0238     4.6634 r
  impl/impl/U418/ZN (CKND2D0)                           0.0383     4.7017 f
  impl/impl/U506/ZN (INVD0)                             0.0365     4.7382 r
  impl/impl/U86/ZN (INVD0)                              0.0249     4.7631 f
  impl/impl/U87/ZN (INVD0)                              0.0335     4.7966 r
  impl/impl/U43/ZN (INVD0)                              0.0211     4.8177 f
  impl/impl/U44/ZN (INVD0)                              0.0273     4.8450 r
  impl/impl/U534/ZN (AOI22D0)                           0.0322     4.8772 f
  impl/impl/U535/ZN (OAI211D0)                          0.0347     4.9119 r
  impl/impl/cut6/U22/Z (BUFFD0)                         0.0516     4.9635 r
  result[21] (out)                                      0.0000     4.9635 r
  data arrival time                                                4.9635

  clock clk (rise edge)                                 7.0000     7.0000
  clock network delay (ideal)                           0.0000     7.0000
  clock reconvergence pessimism                         0.0000     7.0000
  output external delay                                -0.0200     6.9800
  data required time                                               6.9800
  ------------------------------------------------------------------------------
  data required time                                               6.9800
  data arrival time                                               -4.9635
  ------------------------------------------------------------------------------
  slack (MET)                                                      2.0165

Warning: report_timing has satisfied the max_paths criteria. There are 31 further endpoints which have paths of interest with slack less than 1000.0000 that were not considered when generating this report. (UITE-502)

1
