****************************************
Report : qor
Design : oadm_fixed_l1_np
Version: U-2022.12-SP5
Date   : Tue Aug 18 15:24:04 2026
****************************************

  Timing Path Group 'clk' (max_delay/setup)
  ---------------------------------------------
  Levels of Logic:                           97
  Critical Path Length:                    4.97
  Critical Path Slack:                     2.01
  Total Negative Slack:                    0.00
  No. of Violating Paths:                     0
  ---------------------------------------------

  Timing Path Group 'clk' (min_delay/hold)
  ---------------------------------------------
  Levels of Logic:                            3
  Critical Path Length:                    0.14
  Critical Path Slack:                     0.16
  Total Negative Slack:                    0.00
  No. of Violating Paths:                     0
  ---------------------------------------------

  Area
  ---------------------------------------------
  Net Interconnect area:                   0.00
  Total cell area:                      4917.97
  Design Area:                          4917.97
  ---------------------------------------------


  Cell & Pin Count
  ---------------------------------------------
  Pin Count:                               5503
  Hierarchical Cell Count:                   12
  Hierarchical Port Count:                 2239
  Leaf Cell Count:                         1753
  ---------------------------------------------


  Design Rule Violations
  ---------------------------------------------
  Total No. of Pins in Design:             5503
  Total DRC Cost:                          0.00
  ---------------------------------------------

1
