****************************************
Report : timing
	-path_type full
	-delay_type max
	-nworst 10
	-slack_lesser_than 1000.00000
	-max_paths 10
	-sort_by slack
Design : unified_mul_drop_l0_shared
Version: U-2022.12-SP5
Date   : Wed Sep 16 00:37:02 2026
****************************************


  Startpoint: divide_mode
               (input port clocked by vclk)
  Endpoint: result[30] (output port clocked by vclk)
  Path Group: vclk
  Path Type: max

  Point                                                   Incr       Path
  ------------------------------------------------------------------------------
  clock vclk (rise edge)                               0.00000    0.00000
  clock network delay (ideal)                          0.00000    0.00000
  input external delay                                 0.02000    0.02000 r
  divide_mode (in)                                     0.00773    0.02773 r
  U128/Z (CKBD1)                                       0.14605    0.17378 r
  shared_core/U9/ZN (INVD1)                            0.14472    0.31850 f
  shared_core/mult_14_S2/U89/ZN (NR2D0)                0.17928    0.49778 r
  shared_core/U11/ZN (CKND0)                           0.04010    0.53788 f
  shared_core/U79/Z (CKXOR2D1)                         0.04836    0.58624 f
  shared_core/U74/Z (AO22D0)                           0.06260    0.64884 f
  shared_core/add_0_root_add_17_2/U1_1/CO (FA1D0)      0.10265    0.75149 f
  shared_core/add_0_root_add_17_2/U1_2/CO (FA1D0)      0.05517    0.80666 f
  shared_core/add_0_root_add_17_2/U1_3/CO (FA1D0)      0.05524    0.86190 f
  shared_core/add_0_root_add_17_2/U1_4/CO (FA1D0)      0.05524    0.91715 f
  shared_core/add_0_root_add_17_2/U1_5/CO (FA1D0)      0.05524    0.97239 f
  shared_core/add_0_root_add_17_2/U1_6/CO (FA1D0)      0.05524    1.02764 f
  shared_core/add_0_root_add_17_2/U1_7/CO (FA1D0)      0.05524    1.08288 f
  shared_core/add_0_root_add_17_2/U1_8/CO (FA1D0)      0.05524    1.13812 f
  shared_core/add_0_root_add_17_2/U1_9/CO (FA1D0)      0.05524    1.19337 f
  shared_core/add_0_root_add_17_2/U1_10/CO (FA1D0)     0.05524    1.24861 f
  shared_core/add_0_root_add_17_2/U1_11/CO (FA1D0)     0.05524    1.30386 f
  shared_core/add_0_root_add_17_2/U1_12/CO (FA1D0)     0.05524    1.35910 f
  shared_core/add_0_root_add_17_2/U1_13/CO (FA1D0)     0.05524    1.41435 f
  shared_core/add_0_root_add_17_2/U1_14/CO (FA1D0)     0.05598    1.47033 f
  shared_core/add_0_root_add_17_2/U1_15/Z (XOR3D1)     0.04910    1.51943 f
  U83/ZN (NR3D0)                                       0.18187    1.70130 r
  U79/ZN (INVD1)                                       0.02660    1.72790 f
  U78/ZN (IND2D1)                                      0.13355    1.86145 r
  wrapper/U50/CO (FA1D0)                               0.11170    1.97315 r
  wrapper/U51/CO (FA1D0)                               0.05151    2.02466 r
  wrapper/U52/CO (FA1D0)                               0.05151    2.07617 r
  wrapper/U53/CO (FA1D0)                               0.05151    2.12769 r
  wrapper/U54/CO (FA1D0)                               0.05151    2.17920 r
  wrapper/U55/CO (FA1D0)                               0.05240    2.23160 r
  wrapper/U65/Z (XOR3D1)                               0.06688    2.29848 f
  wrapper/U63/Z (AO22D0)                               0.07701    2.37550 f
  result[30] (out)                                     0.00000    2.37550 f
  data arrival time                                               2.37550

  clock vclk (rise edge)                              10.00000   10.00000
  clock network delay (ideal)                          0.00000   10.00000
  clock reconvergence pessimism                        0.00000   10.00000
  output external delay                               -0.02000    9.98000
  data required time                                              9.98000
  ------------------------------------------------------------------------------
  data required time                                              9.98000
  data arrival time                                              -2.37550
  ------------------------------------------------------------------------------
  slack (MET)                                                     7.60450


  Startpoint: divide_mode
               (input port clocked by vclk)
  Endpoint: result[30] (output port clocked by vclk)
  Path Group: vclk
  Path Type: max

  Point                                                   Incr       Path
  ------------------------------------------------------------------------------
  clock vclk (rise edge)                               0.00000    0.00000
  clock network delay (ideal)                          0.00000    0.00000
  input external delay                                 0.02000    0.02000 r
  divide_mode (in)                                     0.00773    0.02773 r
  U128/Z (CKBD1)                                       0.14605    0.17378 r
  shared_core/U9/ZN (INVD1)                            0.14472    0.31850 f
  shared_core/mult_14_S2/U89/ZN (NR2D0)                0.17928    0.49778 r
  shared_core/mult_14_S2/U13/CO (HA1D0)                0.06319    0.56097 r
  shared_core/mult_14_S2/U12/CO (FA1D0)                0.09321    0.65418 r
  shared_core/mult_14_S2/U11/S (FA1D0)                 0.06842    0.72260 f
  shared_core/U25/ZN (INVD1)                           0.02204    0.74464 r
  shared_core/U83/Z (CKXOR2D1)                         0.05880    0.80344 f
  shared_core/U64/Z (AO22D0)                           0.06260    0.86604 f
  shared_core/add_0_root_add_17_2/U1_5/CO (FA1D0)      0.10265    0.96869 f
  shared_core/add_0_root_add_17_2/U1_6/CO (FA1D0)      0.05524    1.02394 f
  shared_core/add_0_root_add_17_2/U1_7/CO (FA1D0)      0.05524    1.07918 f
  shared_core/add_0_root_add_17_2/U1_8/CO (FA1D0)      0.05524    1.13442 f
  shared_core/add_0_root_add_17_2/U1_9/CO (FA1D0)      0.05524    1.18967 f
  shared_core/add_0_root_add_17_2/U1_10/CO (FA1D0)     0.05524    1.24491 f
  shared_core/add_0_root_add_17_2/U1_11/CO (FA1D0)     0.05524    1.30016 f
  shared_core/add_0_root_add_17_2/U1_12/CO (FA1D0)     0.05524    1.35540 f
  shared_core/add_0_root_add_17_2/U1_13/CO (FA1D0)     0.05524    1.41065 f
  shared_core/add_0_root_add_17_2/U1_14/CO (FA1D0)     0.05598    1.46663 f
  shared_core/add_0_root_add_17_2/U1_15/Z (XOR3D1)     0.04910    1.51573 f
  U83/ZN (NR3D0)                                       0.18187    1.69760 r
  U79/ZN (INVD1)                                       0.02660    1.72420 f
  U78/ZN (IND2D1)                                      0.13355    1.85775 r
  wrapper/U50/CO (FA1D0)                               0.11170    1.96945 r
  wrapper/U51/CO (FA1D0)                               0.05151    2.02096 r
  wrapper/U52/CO (FA1D0)                               0.05151    2.07247 r
  wrapper/U53/CO (FA1D0)                               0.05151    2.12399 r
  wrapper/U54/CO (FA1D0)                               0.05151    2.17550 r
  wrapper/U55/CO (FA1D0)                               0.05240    2.22790 r
  wrapper/U65/Z (XOR3D1)                               0.06688    2.29478 f
  wrapper/U63/Z (AO22D0)                               0.07701    2.37180 f
  result[30] (out)                                     0.00000    2.37180 f
  data arrival time                                               2.37180

  clock vclk (rise edge)                              10.00000   10.00000
  clock network delay (ideal)                          0.00000   10.00000
  clock reconvergence pessimism                        0.00000   10.00000
  output external delay                               -0.02000    9.98000
  data required time                                              9.98000
  ------------------------------------------------------------------------------
  data required time                                              9.98000
  data arrival time                                              -2.37180
  ------------------------------------------------------------------------------
  slack (MET)                                                     7.60820


  Startpoint: divide_mode
               (input port clocked by vclk)
  Endpoint: result[30] (output port clocked by vclk)
  Path Group: vclk
  Path Type: max

  Point                                                   Incr       Path
  ------------------------------------------------------------------------------
  clock vclk (rise edge)                               0.00000    0.00000
  clock network delay (ideal)                          0.00000    0.00000
  input external delay                                 0.02000    0.02000 r
  divide_mode (in)                                     0.00773    0.02773 r
  U128/Z (CKBD1)                                       0.14605    0.17378 r
  shared_core/U9/ZN (INVD1)                            0.14472    0.31850 f
  shared_core/mult_14_S2/U89/ZN (NR2D0)                0.17928    0.49778 r
  shared_core/mult_14_S2/U13/CO (HA1D0)                0.06319    0.56097 r
  shared_core/mult_14_S2/U12/S (FA1D0)                 0.10451    0.66548 f
  shared_core/U27/ZN (INVD1)                           0.02221    0.68769 r
  shared_core/U82/Z (CKXOR2D1)                         0.05883    0.74651 f
  shared_core/U65/Z (AO22D0)                           0.06260    0.80911 f
  shared_core/add_0_root_add_17_2/U1_4/CO (FA1D0)      0.10265    0.91176 f
  shared_core/add_0_root_add_17_2/U1_5/CO (FA1D0)      0.05524    0.96701 f
  shared_core/add_0_root_add_17_2/U1_6/CO (FA1D0)      0.05524    1.02225 f
  shared_core/add_0_root_add_17_2/U1_7/CO (FA1D0)      0.05524    1.07750 f
  shared_core/add_0_root_add_17_2/U1_8/CO (FA1D0)      0.05524    1.13274 f
  shared_core/add_0_root_add_17_2/U1_9/CO (FA1D0)      0.05524    1.18799 f
  shared_core/add_0_root_add_17_2/U1_10/CO (FA1D0)     0.05524    1.24323 f
  shared_core/add_0_root_add_17_2/U1_11/CO (FA1D0)     0.05524    1.29848 f
  shared_core/add_0_root_add_17_2/U1_12/CO (FA1D0)     0.05524    1.35372 f
  shared_core/add_0_root_add_17_2/U1_13/CO (FA1D0)     0.05524    1.40896 f
  shared_core/add_0_root_add_17_2/U1_14/CO (FA1D0)     0.05598    1.46495 f
  shared_core/add_0_root_add_17_2/U1_15/Z (XOR3D1)     0.04910    1.51405 f
  U83/ZN (NR3D0)                                       0.18187    1.69592 r
  U79/ZN (INVD1)                                       0.02660    1.72252 f
  U78/ZN (IND2D1)                                      0.13355    1.85606 r
  wrapper/U50/CO (FA1D0)                               0.11170    1.96776 r
  wrapper/U51/CO (FA1D0)                               0.05151    2.01928 r
  wrapper/U52/CO (FA1D0)                               0.05151    2.07079 r
  wrapper/U53/CO (FA1D0)                               0.05151    2.12231 r
  wrapper/U54/CO (FA1D0)                               0.05151    2.17382 r
  wrapper/U55/CO (FA1D0)                               0.05240    2.22622 r
  wrapper/U65/Z (XOR3D1)                               0.06688    2.29310 f
  wrapper/U63/Z (AO22D0)                               0.07701    2.37012 f
  result[30] (out)                                     0.00000    2.37012 f
  data arrival time                                               2.37012

  clock vclk (rise edge)                              10.00000   10.00000
  clock network delay (ideal)                          0.00000   10.00000
  clock reconvergence pessimism                        0.00000   10.00000
  output external delay                               -0.02000    9.98000
  data required time                                              9.98000
  ------------------------------------------------------------------------------
  data required time                                              9.98000
  data arrival time                                              -2.37012
  ------------------------------------------------------------------------------
  slack (MET)                                                     7.60988


  Startpoint: divide_mode
               (input port clocked by vclk)
  Endpoint: result[30] (output port clocked by vclk)
  Path Group: vclk
  Path Type: max

  Point                                                   Incr       Path
  ------------------------------------------------------------------------------
  clock vclk (rise edge)                               0.00000    0.00000
  clock network delay (ideal)                          0.00000    0.00000
  input external delay                                 0.02000    0.02000 r
  divide_mode (in)                                     0.00773    0.02773 r
  U128/Z (CKBD1)                                       0.14605    0.17378 r
  shared_core/U9/ZN (INVD1)                            0.14472    0.31850 f
  shared_core/mult_14_S2/U89/ZN (NR2D0)                0.17928    0.49778 r
  shared_core/mult_14_S2/U13/CO (HA1D0)                0.06319    0.56097 r
  shared_core/mult_14_S2/U12/CO (FA1D0)                0.09321    0.65418 r
  shared_core/mult_14_S2/U11/CO (FA1D0)                0.05127    0.70545 r
  shared_core/mult_14_S2/U10/S (FA1D0)                 0.06784    0.77329 f
  shared_core/U42/ZN (INVD1)                           0.02203    0.79532 r
  shared_core/U84/Z (CKXOR2D1)                         0.05880    0.85412 f
  shared_core/U63/Z (AO22D0)                           0.06260    0.91672 f
  shared_core/add_0_root_add_17_2/U1_6/CO (FA1D0)      0.10265    1.01937 f
  shared_core/add_0_root_add_17_2/U1_7/CO (FA1D0)      0.05524    1.07462 f
  shared_core/add_0_root_add_17_2/U1_8/CO (FA1D0)      0.05524    1.12986 f
  shared_core/add_0_root_add_17_2/U1_9/CO (FA1D0)      0.05524    1.18511 f
  shared_core/add_0_root_add_17_2/U1_10/CO (FA1D0)     0.05524    1.24035 f
  shared_core/add_0_root_add_17_2/U1_11/CO (FA1D0)     0.05524    1.29560 f
  shared_core/add_0_root_add_17_2/U1_12/CO (FA1D0)     0.05524    1.35084 f
  shared_core/add_0_root_add_17_2/U1_13/CO (FA1D0)     0.05524    1.40608 f
  shared_core/add_0_root_add_17_2/U1_14/CO (FA1D0)     0.05598    1.46207 f
  shared_core/add_0_root_add_17_2/U1_15/Z (XOR3D1)     0.04910    1.51117 f
  U83/ZN (NR3D0)                                       0.18187    1.69304 r
  U79/ZN (INVD1)                                       0.02660    1.71964 f
  U78/ZN (IND2D1)                                      0.13355    1.85318 r
  wrapper/U50/CO (FA1D0)                               0.11170    1.96488 r
  wrapper/U51/CO (FA1D0)                               0.05151    2.01640 r
  wrapper/U52/CO (FA1D0)                               0.05151    2.06791 r
  wrapper/U53/CO (FA1D0)                               0.05151    2.11943 r
  wrapper/U54/CO (FA1D0)                               0.05151    2.17094 r
  wrapper/U55/CO (FA1D0)                               0.05240    2.22334 r
  wrapper/U65/Z (XOR3D1)                               0.06688    2.29022 f
  wrapper/U63/Z (AO22D0)                               0.07701    2.36724 f
  result[30] (out)                                     0.00000    2.36724 f
  data arrival time                                               2.36724

  clock vclk (rise edge)                              10.00000   10.00000
  clock network delay (ideal)                          0.00000   10.00000
  clock reconvergence pessimism                        0.00000   10.00000
  output external delay                               -0.02000    9.98000
  data required time                                              9.98000
  ------------------------------------------------------------------------------
  data required time                                              9.98000
  data arrival time                                              -2.36724
  ------------------------------------------------------------------------------
  slack (MET)                                                     7.61276


  Startpoint: divide_mode
               (input port clocked by vclk)
  Endpoint: result[30] (output port clocked by vclk)
  Path Group: vclk
  Path Type: max

  Point                                                   Incr       Path
  ------------------------------------------------------------------------------
  clock vclk (rise edge)                               0.00000    0.00000
  clock network delay (ideal)                          0.00000    0.00000
  input external delay                                 0.02000    0.02000 r
  divide_mode (in)                                     0.00773    0.02773 r
  U128/Z (CKBD1)                                       0.14605    0.17378 r
  shared_core/U9/ZN (INVD1)                            0.14472    0.31850 f
  shared_core/mult_14_S2/U89/ZN (NR2D0)                0.17928    0.49778 r
  shared_core/U11/ZN (CKND0)                           0.04010    0.53788 f
  shared_core/U79/Z (CKXOR2D1)                         0.04836    0.58624 f
  shared_core/U74/Z (AO22D0)                           0.06260    0.64884 f
  shared_core/add_0_root_add_17_2/U1_1/CO (FA1D0)      0.10265    0.75149 f
  shared_core/add_0_root_add_17_2/U1_2/CO (FA1D0)      0.05517    0.80666 f
  shared_core/add_0_root_add_17_2/U1_3/CO (FA1D0)      0.05524    0.86190 f
  shared_core/add_0_root_add_17_2/U1_4/CO (FA1D0)      0.05524    0.91715 f
  shared_core/add_0_root_add_17_2/U1_5/CO (FA1D0)      0.05524    0.97239 f
  shared_core/add_0_root_add_17_2/U1_6/CO (FA1D0)      0.05524    1.02764 f
  shared_core/add_0_root_add_17_2/U1_7/CO (FA1D0)      0.05524    1.08288 f
  shared_core/add_0_root_add_17_2/U1_8/CO (FA1D0)      0.05524    1.13812 f
  shared_core/add_0_root_add_17_2/U1_9/CO (FA1D0)      0.05524    1.19337 f
  shared_core/add_0_root_add_17_2/U1_10/CO (FA1D0)     0.05524    1.24861 f
  shared_core/add_0_root_add_17_2/U1_11/CO (FA1D0)     0.05524    1.30386 f
  shared_core/add_0_root_add_17_2/U1_12/CO (FA1D0)     0.05524    1.35910 f
  shared_core/add_0_root_add_17_2/U1_13/CO (FA1D0)     0.05524    1.41435 f
  shared_core/add_0_root_add_17_2/U1_14/CO (FA1D0)     0.05598    1.47033 f
  shared_core/add_0_root_add_17_2/U1_15/Z (XOR3D1)     0.04910    1.51943 f
  U83/ZN (NR3D0)                                       0.18187    1.70130 r
  U79/ZN (INVD1)                                       0.02660    1.72790 f
  U78/ZN (IND2D1)                                      0.13355    1.86145 r
  wrapper/U56/CO (FA1D0)                               0.11170    1.97315 r
  wrapper/U57/CO (FA1D0)                               0.05151    2.02466 r
  wrapper/U58/CO (FA1D0)                               0.05151    2.07617 r
  wrapper/U59/CO (FA1D0)                               0.05151    2.12769 r
  wrapper/U60/CO (FA1D0)                               0.05151    2.17920 r
  wrapper/U61/CO (FA1D0)                               0.05240    2.23160 r
  wrapper/U64/Z (XOR3D1)                               0.06716    2.29876 f
  wrapper/U63/Z (AO22D0)                               0.06645    2.36522 f
  result[30] (out)                                     0.00000    2.36522 f
  data arrival time                                               2.36522

  clock vclk (rise edge)                              10.00000   10.00000
  clock network delay (ideal)                          0.00000   10.00000
  clock reconvergence pessimism                        0.00000   10.00000
  output external delay                               -0.02000    9.98000
  data required time                                              9.98000
  ------------------------------------------------------------------------------
  data required time                                              9.98000
  data arrival time                                              -2.36522
  ------------------------------------------------------------------------------
  slack (MET)                                                     7.61478


  Startpoint: divide_mode
               (input port clocked by vclk)
  Endpoint: result[30] (output port clocked by vclk)
  Path Group: vclk
  Path Type: max

  Point                                                   Incr       Path
  ------------------------------------------------------------------------------
  clock vclk (rise edge)                               0.00000    0.00000
  clock network delay (ideal)                          0.00000    0.00000
  input external delay                                 0.02000    0.02000 r
  divide_mode (in)                                     0.00773    0.02773 r
  U128/Z (CKBD1)                                       0.14605    0.17378 r
  shared_core/U9/ZN (INVD1)                            0.14472    0.31850 f
  shared_core/mult_14_S2/U89/ZN (NR2D0)                0.17928    0.49778 r
  shared_core/mult_14_S2/U29/S (HA1D0)                 0.09358    0.59136 r
  shared_core/mult_14_S2/U12/S (FA1D0)                 0.06910    0.66045 f
  shared_core/U27/ZN (INVD1)                           0.02221    0.68266 r
  shared_core/U82/Z (CKXOR2D1)                         0.05883    0.74149 f
  shared_core/U65/Z (AO22D0)                           0.06260    0.80409 f
  shared_core/add_0_root_add_17_2/U1_4/CO (FA1D0)      0.10265    0.90674 f
  shared_core/add_0_root_add_17_2/U1_5/CO (FA1D0)      0.05524    0.96198 f
  shared_core/add_0_root_add_17_2/U1_6/CO (FA1D0)      0.05524    1.01723 f
  shared_core/add_0_root_add_17_2/U1_7/CO (FA1D0)      0.05524    1.07247 f
  shared_core/add_0_root_add_17_2/U1_8/CO (FA1D0)      0.05524    1.12772 f
  shared_core/add_0_root_add_17_2/U1_9/CO (FA1D0)      0.05524    1.18296 f
  shared_core/add_0_root_add_17_2/U1_10/CO (FA1D0)     0.05524    1.23821 f
  shared_core/add_0_root_add_17_2/U1_11/CO (FA1D0)     0.05524    1.29345 f
  shared_core/add_0_root_add_17_2/U1_12/CO (FA1D0)     0.05524    1.34869 f
  shared_core/add_0_root_add_17_2/U1_13/CO (FA1D0)     0.05524    1.40394 f
  shared_core/add_0_root_add_17_2/U1_14/CO (FA1D0)     0.05598    1.45992 f
  shared_core/add_0_root_add_17_2/U1_15/Z (XOR3D1)     0.04910    1.50903 f
  U83/ZN (NR3D0)                                       0.18187    1.69089 r
  U79/ZN (INVD1)                                       0.02660    1.71749 f
  U78/ZN (IND2D1)                                      0.13355    1.85104 r
  wrapper/U50/CO (FA1D0)                               0.11170    1.96274 r
  wrapper/U51/CO (FA1D0)                               0.05151    2.01425 r
  wrapper/U52/CO (FA1D0)                               0.05151    2.06577 r
  wrapper/U53/CO (FA1D0)                               0.05151    2.11728 r
  wrapper/U54/CO (FA1D0)                               0.05151    2.16879 r
  wrapper/U55/CO (FA1D0)                               0.05240    2.22119 r
  wrapper/U65/Z (XOR3D1)                               0.06688    2.28808 f
  wrapper/U63/Z (AO22D0)                               0.07701    2.36509 f
  result[30] (out)                                     0.00000    2.36509 f
  data arrival time                                               2.36509

  clock vclk (rise edge)                              10.00000   10.00000
  clock network delay (ideal)                          0.00000   10.00000
  clock reconvergence pessimism                        0.00000   10.00000
  output external delay                               -0.02000    9.98000
  data required time                                              9.98000
  ------------------------------------------------------------------------------
  data required time                                              9.98000
  data arrival time                                              -2.36509
  ------------------------------------------------------------------------------
  slack (MET)                                                     7.61491


  Startpoint: divide_mode
               (input port clocked by vclk)
  Endpoint: result[30] (output port clocked by vclk)
  Path Group: vclk
  Path Type: max

  Point                                                   Incr       Path
  ------------------------------------------------------------------------------
  clock vclk (rise edge)                               0.00000    0.00000
  clock network delay (ideal)                          0.00000    0.00000
  input external delay                                 0.02000    0.02000 r
  divide_mode (in)                                     0.00773    0.02773 r
  U128/Z (CKBD1)                                       0.14605    0.17378 r
  shared_core/U9/ZN (INVD1)                            0.14472    0.31850 f
  shared_core/mult_14_S2/U89/ZN (NR2D0)                0.17928    0.49778 r
  shared_core/mult_14_S2/U13/CO (HA1D0)                0.06319    0.56097 r
  shared_core/mult_14_S2/U12/CO (FA1D0)                0.09321    0.65418 r
  shared_core/mult_14_S2/U11/CO (FA1D0)                0.05127    0.70545 r
  shared_core/mult_14_S2/U10/CO (FA1D0)                0.05069    0.75615 r
  shared_core/mult_14_S2/U9/S (FA1D0)                  0.06783    0.82397 f
  shared_core/U41/ZN (INVD1)                           0.02203    0.84601 r
  shared_core/U85/Z (CKXOR2D1)                         0.05880    0.90481 f
  shared_core/U62/Z (AO22D0)                           0.06260    0.96740 f
  shared_core/add_0_root_add_17_2/U1_7/CO (FA1D0)      0.10265    1.07006 f
  shared_core/add_0_root_add_17_2/U1_8/CO (FA1D0)      0.05524    1.12530 f
  shared_core/add_0_root_add_17_2/U1_9/CO (FA1D0)      0.05524    1.18055 f
  shared_core/add_0_root_add_17_2/U1_10/CO (FA1D0)     0.05524    1.23579 f
  shared_core/add_0_root_add_17_2/U1_11/CO (FA1D0)     0.05524    1.29104 f
  shared_core/add_0_root_add_17_2/U1_12/CO (FA1D0)     0.05524    1.34628 f
  shared_core/add_0_root_add_17_2/U1_13/CO (FA1D0)     0.05524    1.40152 f
  shared_core/add_0_root_add_17_2/U1_14/CO (FA1D0)     0.05598    1.45751 f
  shared_core/add_0_root_add_17_2/U1_15/Z (XOR3D1)     0.04910    1.50661 f
  U83/ZN (NR3D0)                                       0.18187    1.68848 r
  U79/ZN (INVD1)                                       0.02660    1.71508 f
  U78/ZN (IND2D1)                                      0.13355    1.84862 r
  wrapper/U50/CO (FA1D0)                               0.11170    1.96033 r
  wrapper/U51/CO (FA1D0)                               0.05151    2.01184 r
  wrapper/U52/CO (FA1D0)                               0.05151    2.06335 r
  wrapper/U53/CO (FA1D0)                               0.05151    2.11487 r
  wrapper/U54/CO (FA1D0)                               0.05151    2.16638 r
  wrapper/U55/CO (FA1D0)                               0.05240    2.21878 r
  wrapper/U65/Z (XOR3D1)                               0.06688    2.28566 f
  wrapper/U63/Z (AO22D0)                               0.07701    2.36268 f
  result[30] (out)                                     0.00000    2.36268 f
  data arrival time                                               2.36268

  clock vclk (rise edge)                              10.00000   10.00000
  clock network delay (ideal)                          0.00000   10.00000
  clock reconvergence pessimism                        0.00000   10.00000
  output external delay                               -0.02000    9.98000
  data required time                                              9.98000
  ------------------------------------------------------------------------------
  data required time                                              9.98000
  data arrival time                                              -2.36268
  ------------------------------------------------------------------------------
  slack (MET)                                                     7.61732


  Startpoint: divide_mode
               (input port clocked by vclk)
  Endpoint: result[30] (output port clocked by vclk)
  Path Group: vclk
  Path Type: max

  Point                                                   Incr       Path
  ------------------------------------------------------------------------------
  clock vclk (rise edge)                               0.00000    0.00000
  clock network delay (ideal)                          0.00000    0.00000
  input external delay                                 0.02000    0.02000 r
  divide_mode (in)                                     0.00773    0.02773 r
  U128/Z (CKBD1)                                       0.14605    0.17378 r
  shared_core/U9/ZN (INVD1)                            0.14472    0.31850 f
  shared_core/mult_14_S2/U89/ZN (NR2D0)                0.17928    0.49778 r
  shared_core/mult_14_S2/U13/CO (HA1D0)                0.06319    0.56097 r
  shared_core/mult_14_S2/U12/CO (FA1D0)                0.09321    0.65418 r
  shared_core/mult_14_S2/U11/S (FA1D0)                 0.06842    0.72260 f
  shared_core/U25/ZN (INVD1)                           0.02204    0.74464 r
  shared_core/U83/Z (CKXOR2D1)                         0.05880    0.80344 f
  shared_core/U64/Z (AO22D0)                           0.06260    0.86604 f
  shared_core/add_0_root_add_17_2/U1_5/CO (FA1D0)      0.10265    0.96869 f
  shared_core/add_0_root_add_17_2/U1_6/CO (FA1D0)      0.05524    1.02394 f
  shared_core/add_0_root_add_17_2/U1_7/CO (FA1D0)      0.05524    1.07918 f
  shared_core/add_0_root_add_17_2/U1_8/CO (FA1D0)      0.05524    1.13442 f
  shared_core/add_0_root_add_17_2/U1_9/CO (FA1D0)      0.05524    1.18967 f
  shared_core/add_0_root_add_17_2/U1_10/CO (FA1D0)     0.05524    1.24491 f
  shared_core/add_0_root_add_17_2/U1_11/CO (FA1D0)     0.05524    1.30016 f
  shared_core/add_0_root_add_17_2/U1_12/CO (FA1D0)     0.05524    1.35540 f
  shared_core/add_0_root_add_17_2/U1_13/CO (FA1D0)     0.05524    1.41065 f
  shared_core/add_0_root_add_17_2/U1_14/CO (FA1D0)     0.05598    1.46663 f
  shared_core/add_0_root_add_17_2/U1_15/Z (XOR3D1)     0.04910    1.51573 f
  U83/ZN (NR3D0)                                       0.18187    1.69760 r
  U79/ZN (INVD1)                                       0.02660    1.72420 f
  U78/ZN (IND2D1)                                      0.13355    1.85775 r
  wrapper/U56/CO (FA1D0)                               0.11170    1.96945 r
  wrapper/U57/CO (FA1D0)                               0.05151    2.02096 r
  wrapper/U58/CO (FA1D0)                               0.05151    2.07247 r
  wrapper/U59/CO (FA1D0)                               0.05151    2.12399 r
  wrapper/U60/CO (FA1D0)                               0.05151    2.17550 r
  wrapper/U61/CO (FA1D0)                               0.05240    2.22790 r
  wrapper/U64/Z (XOR3D1)                               0.06716    2.29506 f
  wrapper/U63/Z (AO22D0)                               0.06645    2.36152 f
  result[30] (out)                                     0.00000    2.36152 f
  data arrival time                                               2.36152

  clock vclk (rise edge)                              10.00000   10.00000
  clock network delay (ideal)                          0.00000   10.00000
  clock reconvergence pessimism                        0.00000   10.00000
  output external delay                               -0.02000    9.98000
  data required time                                              9.98000
  ------------------------------------------------------------------------------
  data required time                                              9.98000
  data arrival time                                              -2.36152
  ------------------------------------------------------------------------------
  slack (MET)                                                     7.61848


  Startpoint: divide_mode
               (input port clocked by vclk)
  Endpoint: result[30] (output port clocked by vclk)
  Path Group: vclk
  Path Type: max

  Point                                                   Incr       Path
  ------------------------------------------------------------------------------
  clock vclk (rise edge)                               0.00000    0.00000
  clock network delay (ideal)                          0.00000    0.00000
  input external delay                                 0.02000    0.02000 r
  divide_mode (in)                                     0.00773    0.02773 r
  U128/Z (CKBD1)                                       0.14605    0.17378 r
  shared_core/U9/ZN (INVD1)                            0.14472    0.31850 f
  shared_core/mult_14_S2/U89/ZN (NR2D0)                0.17928    0.49778 r
  shared_core/mult_14_S2/U29/S (HA1D0)                 0.09358    0.59136 r
  shared_core/mult_14_S2/U12/CO (FA1D0)                0.05193    0.64329 r
  shared_core/mult_14_S2/U11/S (FA1D0)                 0.06842    0.71171 f
  shared_core/U25/ZN (INVD1)                           0.02204    0.73375 r
  shared_core/U83/Z (CKXOR2D1)                         0.05880    0.79255 f
  shared_core/U64/Z (AO22D0)                           0.06260    0.85515 f
  shared_core/add_0_root_add_17_2/U1_5/CO (FA1D0)      0.10265    0.95780 f
  shared_core/add_0_root_add_17_2/U1_6/CO (FA1D0)      0.05524    1.01304 f
  shared_core/add_0_root_add_17_2/U1_7/CO (FA1D0)      0.05524    1.06829 f
  shared_core/add_0_root_add_17_2/U1_8/CO (FA1D0)      0.05524    1.12353 f
  shared_core/add_0_root_add_17_2/U1_9/CO (FA1D0)      0.05524    1.17878 f
  shared_core/add_0_root_add_17_2/U1_10/CO (FA1D0)     0.05524    1.23402 f
  shared_core/add_0_root_add_17_2/U1_11/CO (FA1D0)     0.05524    1.28927 f
  shared_core/add_0_root_add_17_2/U1_12/CO (FA1D0)     0.05524    1.34451 f
  shared_core/add_0_root_add_17_2/U1_13/CO (FA1D0)     0.05524    1.39976 f
  shared_core/add_0_root_add_17_2/U1_14/CO (FA1D0)     0.05598    1.45574 f
  shared_core/add_0_root_add_17_2/U1_15/Z (XOR3D1)     0.04910    1.50484 f
  U83/ZN (NR3D0)                                       0.18187    1.68671 r
  U79/ZN (INVD1)                                       0.02660    1.71331 f
  U78/ZN (IND2D1)                                      0.13355    1.84685 r
  wrapper/U50/CO (FA1D0)                               0.11170    1.95856 r
  wrapper/U51/CO (FA1D0)                               0.05151    2.01007 r
  wrapper/U52/CO (FA1D0)                               0.05151    2.06158 r
  wrapper/U53/CO (FA1D0)                               0.05151    2.11310 r
  wrapper/U54/CO (FA1D0)                               0.05151    2.16461 r
  wrapper/U55/CO (FA1D0)                               0.05240    2.21701 r
  wrapper/U65/Z (XOR3D1)                               0.06688    2.28389 f
  wrapper/U63/Z (AO22D0)                               0.07701    2.36091 f
  result[30] (out)                                     0.00000    2.36091 f
  data arrival time                                               2.36091

  clock vclk (rise edge)                              10.00000   10.00000
  clock network delay (ideal)                          0.00000   10.00000
  clock reconvergence pessimism                        0.00000   10.00000
  output external delay                               -0.02000    9.98000
  data required time                                              9.98000
  ------------------------------------------------------------------------------
  data required time                                              9.98000
  data arrival time                                              -2.36091
  ------------------------------------------------------------------------------
  slack (MET)                                                     7.61909


  Startpoint: divide_mode
               (input port clocked by vclk)
  Endpoint: result[30] (output port clocked by vclk)
  Path Group: vclk
  Path Type: max

  Point                                                   Incr       Path
  ------------------------------------------------------------------------------
  clock vclk (rise edge)                               0.00000    0.00000
  clock network delay (ideal)                          0.00000    0.00000
  input external delay                                 0.02000    0.02000 r
  divide_mode (in)                                     0.00773    0.02773 r
  U128/Z (CKBD1)                                       0.14605    0.17378 r
  shared_core/U9/ZN (INVD1)                            0.14472    0.31850 f
  shared_core/mult_14_S2/U89/ZN (NR2D0)                0.17928    0.49778 r
  shared_core/mult_14_S2/U13/CO (HA1D0)                0.06319    0.56097 r
  shared_core/mult_14_S2/U12/CO (FA1D0)                0.09321    0.65418 r
  shared_core/mult_14_S2/U11/S (FA1D0)                 0.07531    0.72950 r
  shared_core/U25/ZN (INVD1)                           0.01729    0.74679 f
  shared_core/U83/Z (CKXOR2D1)                         0.04469    0.79148 f
  shared_core/U64/Z (AO22D0)                           0.06260    0.85408 f
  shared_core/add_0_root_add_17_2/U1_5/CO (FA1D0)      0.10265    0.95673 f
  shared_core/add_0_root_add_17_2/U1_6/CO (FA1D0)      0.05524    1.01197 f
  shared_core/add_0_root_add_17_2/U1_7/CO (FA1D0)      0.05524    1.06722 f
  shared_core/add_0_root_add_17_2/U1_8/CO (FA1D0)      0.05524    1.12246 f
  shared_core/add_0_root_add_17_2/U1_9/CO (FA1D0)      0.05524    1.17771 f
  shared_core/add_0_root_add_17_2/U1_10/CO (FA1D0)     0.05524    1.23295 f
  shared_core/add_0_root_add_17_2/U1_11/CO (FA1D0)     0.05524    1.28820 f
  shared_core/add_0_root_add_17_2/U1_12/CO (FA1D0)     0.05524    1.34344 f
  shared_core/add_0_root_add_17_2/U1_13/CO (FA1D0)     0.05524    1.39869 f
  shared_core/add_0_root_add_17_2/U1_14/CO (FA1D0)     0.05598    1.45467 f
  shared_core/add_0_root_add_17_2/U1_15/Z (XOR3D1)     0.04910    1.50377 f
  U83/ZN (NR3D0)                                       0.18187    1.68564 r
  U79/ZN (INVD1)                                       0.02660    1.71224 f
  U78/ZN (IND2D1)                                      0.13355    1.84578 r
  wrapper/U50/CO (FA1D0)                               0.11170    1.95749 r
  wrapper/U51/CO (FA1D0)                               0.05151    2.00900 r
  wrapper/U52/CO (FA1D0)                               0.05151    2.06051 r
  wrapper/U53/CO (FA1D0)                               0.05151    2.11203 r
  wrapper/U54/CO (FA1D0)                               0.05151    2.16354 r
  wrapper/U55/CO (FA1D0)                               0.05240    2.21594 r
  wrapper/U65/Z (XOR3D1)                               0.06688    2.28282 f
  wrapper/U63/Z (AO22D0)                               0.07701    2.35984 f
  result[30] (out)                                     0.00000    2.35984 f
  data arrival time                                               2.35984

  clock vclk (rise edge)                              10.00000   10.00000
  clock network delay (ideal)                          0.00000   10.00000
  clock reconvergence pessimism                        0.00000   10.00000
  output external delay                               -0.02000    9.98000
  data required time                                              9.98000
  ------------------------------------------------------------------------------
  data required time                                              9.98000
  data arrival time                                              -2.35984
  ------------------------------------------------------------------------------
  slack (MET)                                                     7.62016

Warning: report_timing has satisfied the max_paths criteria. There are 23 further endpoints which have paths of interest with slack less than 1000.00000 that were not considered when generating this report. (UITE-502)

1
