****************************************
Report : Averaged Power
	-significant_digits
Design : fig8_pace_l3_d14
Version: U-2022.12-SP5
Date   : Sat Sep  5 13:07:33 2026
****************************************



  Attributes
  ----------
      i  -  Including register clock pin internal power
      u  -  User defined power group

                        Internal             Switching            Leakage              Total
Power Group             Power                Power                Power                Power               (     %)   Attrs
----------------------------------------------------------------------------------------------------------------------------
clock_network           0.00000e+00          0.00000e+00          0.00000e+00          0.00000e+00         ( 0.00%)   i
register                0.00000e+00          0.00000e+00          0.00000e+00          0.00000e+00         ( 0.00%)   
combinational           3.08991e-05          1.32801e-05          5.71758e-06          4.98968e-05         (100.00%)  
sequential              0.00000e+00          0.00000e+00          0.00000e+00          0.00000e+00         ( 0.00%)   
memory                  0.00000e+00          0.00000e+00          0.00000e+00          0.00000e+00         ( 0.00%)   
io_pad                  0.00000e+00          0.00000e+00          0.00000e+00          0.00000e+00         ( 0.00%)   
black_box               0.00000e+00          0.00000e+00          0.00000e+00          0.00000e+00         ( 0.00%)   

  Net Switching Power  = 1.32801e-05           (26.62%)
  Cell Internal Power  = 3.08991e-05           (61.93%)
  Cell Leakage Power   = 5.71758e-06           (11.46%)
                         -------------------------
Total Power            = 4.98968e-05          (100.00%)

1
