****************************************
Report : Averaged Power
	-significant_digits
Design : simdive_fp32_recon
Version: U-2022.12-SP5
Date   : Sun Aug 23 01:53:04 2026
****************************************



  Attributes
  ----------
      i  -  Including register clock pin internal power
      u  -  User defined power group

                        Internal             Switching            Leakage              Total
Power Group             Power                Power                Power                Power               (     %)   Attrs
----------------------------------------------------------------------------------------------------------------------------
clock_network           0.00000e+00          0.00000e+00          0.00000e+00          0.00000e+00         ( 0.00%)   i
register                0.00000e+00          0.00000e+00          0.00000e+00          0.00000e+00         ( 0.00%)   
combinational           8.44344e-05          2.94426e-05          5.20248e-06          1.19080e-04         (100.00%)  
sequential              0.00000e+00          0.00000e+00          0.00000e+00          0.00000e+00         ( 0.00%)   
memory                  0.00000e+00          0.00000e+00          0.00000e+00          0.00000e+00         ( 0.00%)   
io_pad                  0.00000e+00          0.00000e+00          0.00000e+00          0.00000e+00         ( 0.00%)   
black_box               0.00000e+00          0.00000e+00          0.00000e+00          0.00000e+00         ( 0.00%)   

  Net Switching Power  = 2.94426e-05           (24.73%)
  Cell Internal Power  = 8.44344e-05           (70.91%)
  Cell Leakage Power   = 5.20248e-06           ( 4.37%)
                         -------------------------
Total Power            = 1.19080e-04          (100.00%)

1
