 
****************************************
check_design summary:
Version:     U-2022.12-SP7
Date:        Thu Sep  3 21:18:36 2026
****************************************

                   Name                                            Total
--------------------------------------------------------------------------------
Inputs/Outputs                                                    411
    Unloaded inputs (LINT-8)                                       12
    Unconnected ports (LINT-28)                                   399

Cells                                                              39
    Connected to power or ground (LINT-32)                          1
    Nets connected to multiple pins on same cell (LINT-33)         38

Nets                                                               12
    Unloaded nets (LINT-2)                                         12
--------------------------------------------------------------------------------

Warning: In design 'oadm_fixed_l3_divmul_correction_chain', net 'impl/sub_75/B[25]' driven by pin 'impl/sub_75/B[25]' has no loads. (LINT-2)
Warning: In design 'oadm_fixed_l3_divmul_correction_chain', net 'impl/sub_75/B[26]' driven by pin 'impl/sub_75/B[26]' has no loads. (LINT-2)
Warning: In design 'oadm_fixed_l3_divmul_correction_chain', net 'impl/sub_75/B[27]' driven by pin 'impl/sub_75/B[27]' has no loads. (LINT-2)
Warning: In design 'oadm_fixed_l3_divmul_correction_chain', net 'impl/sub_74/B[27]' driven by pin 'impl/sub_74/B[27]' has no loads. (LINT-2)
Warning: In design 'oadm_fixed_l3_divmul_correction_chain', net 'impl/sub_74/B[26]' driven by pin 'impl/sub_74/B[26]' has no loads. (LINT-2)
Warning: In design 'oadm_fixed_l3_divmul_correction_chain', net 'impl/sub_74/B[25]' driven by pin 'impl/sub_74/B[25]' has no loads. (LINT-2)
Warning: In design 'oadm_fixed_l3_divmul_correction_chain', net 'impl/sub_54/B[25]' driven by pin 'impl/sub_54/B[25]' has no loads. (LINT-2)
Warning: In design 'oadm_fixed_l3_divmul_correction_chain', net 'impl/sub_54/B[26]' driven by pin 'impl/sub_54/B[26]' has no loads. (LINT-2)
Warning: In design 'oadm_fixed_l3_divmul_correction_chain', net 'impl/sub_54/B[27]' driven by pin 'impl/sub_54/B[27]' has no loads. (LINT-2)
Warning: In design 'oadm_fixed_l3_divmul_correction_chain', net 'impl/sub_53/B[27]' driven by pin 'impl/sub_53/B[27]' has no loads. (LINT-2)
Warning: In design 'oadm_fixed_l3_divmul_correction_chain', net 'impl/sub_53/B[26]' driven by pin 'impl/sub_53/B[26]' has no loads. (LINT-2)
Warning: In design 'oadm_fixed_l3_divmul_correction_chain', net 'impl/sub_53/B[25]' driven by pin 'impl/sub_53/B[25]' has no loads. (LINT-2)
Warning: In design 'oadm_fixed_divmul_correction_chain_LEVEL3_DW01_sub_7', input port 'B[27]' is unloaded. (LINT-8)
Warning: In design 'oadm_fixed_divmul_correction_chain_LEVEL3_DW01_sub_7', input port 'B[26]' is unloaded. (LINT-8)
Warning: In design 'oadm_fixed_divmul_correction_chain_LEVEL3_DW01_sub_7', input port 'B[25]' is unloaded. (LINT-8)
Warning: In design 'oadm_fixed_divmul_correction_chain_LEVEL3_DW01_sub_8', input port 'B[27]' is unloaded. (LINT-8)
Warning: In design 'oadm_fixed_divmul_correction_chain_LEVEL3_DW01_sub_8', input port 'B[26]' is unloaded. (LINT-8)
Warning: In design 'oadm_fixed_divmul_correction_chain_LEVEL3_DW01_sub_8', input port 'B[25]' is unloaded. (LINT-8)
Warning: In design 'oadm_fixed_divmul_correction_chain_LEVEL3_DW01_sub_12', input port 'B[27]' is unloaded. (LINT-8)
Warning: In design 'oadm_fixed_divmul_correction_chain_LEVEL3_DW01_sub_12', input port 'B[26]' is unloaded. (LINT-8)
Warning: In design 'oadm_fixed_divmul_correction_chain_LEVEL3_DW01_sub_12', input port 'B[25]' is unloaded. (LINT-8)
Warning: In design 'oadm_fixed_divmul_correction_chain_LEVEL3_DW01_sub_13', input port 'B[27]' is unloaded. (LINT-8)
Warning: In design 'oadm_fixed_divmul_correction_chain_LEVEL3_DW01_sub_13', input port 'B[26]' is unloaded. (LINT-8)
Warning: In design 'oadm_fixed_divmul_correction_chain_LEVEL3_DW01_sub_13', input port 'B[25]' is unloaded. (LINT-8)
Warning: In design 'csa3_WIDTH29_0', port 'carry[0]' is not connected to any nets. (LINT-28)
Warning: In design 'csa3_WIDTH29_1', port 'input_b[0]' is not connected to any nets. (LINT-28)
Warning: In design 'csa3_WIDTH29_1', port 'carry[0]' is not connected to any nets. (LINT-28)
Warning: In design 'oadm_fixed_divmul_correction_chain_LEVEL3_DW01_add_0', port 'B[0]' is not connected to any nets. (LINT-28)
Warning: In design 'oadm_fixed_divmul_correction_chain_LEVEL3_DW01_add_0', port 'CI' is not connected to any nets. (LINT-28)
Warning: In design 'oadm_fixed_divmul_correction_chain_LEVEL3_DW01_add_0', port 'CO' is not connected to any nets. (LINT-28)
Warning: In design 'oadm_fixed_divmul_correction_chain_LEVEL3_DW01_sub_0', port 'A[28]' is not connected to any nets. (LINT-28)
Warning: In design 'oadm_fixed_divmul_correction_chain_LEVEL3_DW01_sub_0', port 'A[27]' is not connected to any nets. (LINT-28)
Warning: In design 'oadm_fixed_divmul_correction_chain_LEVEL3_DW01_sub_0', port 'A[26]' is not connected to any nets. (LINT-28)
Warning: In design 'oadm_fixed_divmul_correction_chain_LEVEL3_DW01_sub_0', port 'A[25]' is not connected to any nets. (LINT-28)
Warning: In design 'oadm_fixed_divmul_correction_chain_LEVEL3_DW01_sub_0', port 'A[24]' is not connected to any nets. (LINT-28)
Warning: In design 'oadm_fixed_divmul_correction_chain_LEVEL3_DW01_sub_0', port 'A[23]' is not connected to any nets. (LINT-28)
Warning: In design 'oadm_fixed_divmul_correction_chain_LEVEL3_DW01_sub_0', port 'A[22]' is not connected to any nets. (LINT-28)
Warning: In design 'oadm_fixed_divmul_correction_chain_LEVEL3_DW01_sub_0', port 'A[21]' is not connected to any nets. (LINT-28)
Warning: In design 'oadm_fixed_divmul_correction_chain_LEVEL3_DW01_sub_0', port 'A[20]' is not connected to any nets. (LINT-28)
Warning: In design 'oadm_fixed_divmul_correction_chain_LEVEL3_DW01_sub_0', port 'A[19]' is not connected to any nets. (LINT-28)
Warning: In design 'oadm_fixed_divmul_correction_chain_LEVEL3_DW01_sub_0', port 'A[18]' is not connected to any nets. (LINT-28)
Warning: In design 'oadm_fixed_divmul_correction_chain_LEVEL3_DW01_sub_0', port 'A[17]' is not connected to any nets. (LINT-28)
Warning: In design 'oadm_fixed_divmul_correction_chain_LEVEL3_DW01_sub_0', port 'A[16]' is not connected to any nets. (LINT-28)
Warning: In design 'oadm_fixed_divmul_correction_chain_LEVEL3_DW01_sub_0', port 'A[15]' is not connected to any nets. (LINT-28)
Warning: In design 'oadm_fixed_divmul_correction_chain_LEVEL3_DW01_sub_0', port 'A[14]' is not connected to any nets. (LINT-28)
Warning: In design 'oadm_fixed_divmul_correction_chain_LEVEL3_DW01_sub_0', port 'A[13]' is not connected to any nets. (LINT-28)
Warning: In design 'oadm_fixed_divmul_correction_chain_LEVEL3_DW01_sub_0', port 'A[12]' is not connected to any nets. (LINT-28)
Warning: In design 'oadm_fixed_divmul_correction_chain_LEVEL3_DW01_sub_0', port 'A[11]' is not connected to any nets. (LINT-28)
Warning: In design 'oadm_fixed_divmul_correction_chain_LEVEL3_DW01_sub_0', port 'A[10]' is not connected to any nets. (LINT-28)
Warning: In design 'oadm_fixed_divmul_correction_chain_LEVEL3_DW01_sub_0', port 'A[9]' is not connected to any nets. (LINT-28)
Warning: In design 'oadm_fixed_divmul_correction_chain_LEVEL3_DW01_sub_0', port 'A[8]' is not connected to any nets. (LINT-28)
Warning: In design 'oadm_fixed_divmul_correction_chain_LEVEL3_DW01_sub_0', port 'A[7]' is not connected to any nets. (LINT-28)
Warning: In design 'oadm_fixed_divmul_correction_chain_LEVEL3_DW01_sub_0', port 'A[6]' is not connected to any nets. (LINT-28)
Warning: In design 'oadm_fixed_divmul_correction_chain_LEVEL3_DW01_sub_0', port 'A[5]' is not connected to any nets. (LINT-28)
Warning: In design 'oadm_fixed_divmul_correction_chain_LEVEL3_DW01_sub_0', port 'A[4]' is not connected to any nets. (LINT-28)
Warning: In design 'oadm_fixed_divmul_correction_chain_LEVEL3_DW01_sub_0', port 'A[3]' is not connected to any nets. (LINT-28)
Warning: In design 'oadm_fixed_divmul_correction_chain_LEVEL3_DW01_sub_0', port 'A[2]' is not connected to any nets. (LINT-28)
Warning: In design 'oadm_fixed_divmul_correction_chain_LEVEL3_DW01_sub_0', port 'A[1]' is not connected to any nets. (LINT-28)
Warning: In design 'oadm_fixed_divmul_correction_chain_LEVEL3_DW01_sub_0', port 'A[0]' is not connected to any nets. (LINT-28)
Warning: In design 'oadm_fixed_divmul_correction_chain_LEVEL3_DW01_sub_0', port 'CI' is not connected to any nets. (LINT-28)
Warning: In design 'oadm_fixed_divmul_correction_chain_LEVEL3_DW01_sub_0', port 'DIFF[3]' is not connected to any nets. (LINT-28)
Warning: In design 'oadm_fixed_divmul_correction_chain_LEVEL3_DW01_sub_0', port 'DIFF[2]' is not connected to any nets. (LINT-28)
Warning: In design 'oadm_fixed_divmul_correction_chain_LEVEL3_DW01_sub_0', port 'DIFF[1]' is not connected to any nets. (LINT-28)
Warning: In design 'oadm_fixed_divmul_correction_chain_LEVEL3_DW01_sub_0', port 'DIFF[0]' is not connected to any nets. (LINT-28)
Warning: In design 'oadm_fixed_divmul_correction_chain_LEVEL3_DW01_sub_0', port 'CO' is not connected to any nets. (LINT-28)
Warning: In design 'oadm_fixed_divmul_correction_chain_LEVEL3_DW01_sub_1', port 'A[28]' is not connected to any nets. (LINT-28)
Warning: In design 'oadm_fixed_divmul_correction_chain_LEVEL3_DW01_sub_1', port 'A[27]' is not connected to any nets. (LINT-28)
Warning: In design 'oadm_fixed_divmul_correction_chain_LEVEL3_DW01_sub_1', port 'A[26]' is not connected to any nets. (LINT-28)
Warning: In design 'oadm_fixed_divmul_correction_chain_LEVEL3_DW01_sub_1', port 'A[25]' is not connected to any nets. (LINT-28)
Warning: In design 'oadm_fixed_divmul_correction_chain_LEVEL3_DW01_sub_1', port 'A[24]' is not connected to any nets. (LINT-28)
Warning: In design 'oadm_fixed_divmul_correction_chain_LEVEL3_DW01_sub_1', port 'A[23]' is not connected to any nets. (LINT-28)
Warning: In design 'oadm_fixed_divmul_correction_chain_LEVEL3_DW01_sub_1', port 'A[22]' is not connected to any nets. (LINT-28)
Warning: In design 'oadm_fixed_divmul_correction_chain_LEVEL3_DW01_sub_1', port 'A[21]' is not connected to any nets. (LINT-28)
Warning: In design 'oadm_fixed_divmul_correction_chain_LEVEL3_DW01_sub_1', port 'A[20]' is not connected to any nets. (LINT-28)
Warning: In design 'oadm_fixed_divmul_correction_chain_LEVEL3_DW01_sub_1', port 'A[19]' is not connected to any nets. (LINT-28)
Warning: In design 'oadm_fixed_divmul_correction_chain_LEVEL3_DW01_sub_1', port 'A[18]' is not connected to any nets. (LINT-28)
Warning: In design 'oadm_fixed_divmul_correction_chain_LEVEL3_DW01_sub_1', port 'A[17]' is not connected to any nets. (LINT-28)
Warning: In design 'oadm_fixed_divmul_correction_chain_LEVEL3_DW01_sub_1', port 'A[16]' is not connected to any nets. (LINT-28)
Warning: In design 'oadm_fixed_divmul_correction_chain_LEVEL3_DW01_sub_1', port 'A[15]' is not connected to any nets. (LINT-28)
Warning: In design 'oadm_fixed_divmul_correction_chain_LEVEL3_DW01_sub_1', port 'A[14]' is not connected to any nets. (LINT-28)
Warning: In design 'oadm_fixed_divmul_correction_chain_LEVEL3_DW01_sub_1', port 'A[13]' is not connected to any nets. (LINT-28)
Warning: In design 'oadm_fixed_divmul_correction_chain_LEVEL3_DW01_sub_1', port 'A[12]' is not connected to any nets. (LINT-28)
Warning: In design 'oadm_fixed_divmul_correction_chain_LEVEL3_DW01_sub_1', port 'A[11]' is not connected to any nets. (LINT-28)
Warning: In design 'oadm_fixed_divmul_correction_chain_LEVEL3_DW01_sub_1', port 'A[10]' is not connected to any nets. (LINT-28)
Warning: In design 'oadm_fixed_divmul_correction_chain_LEVEL3_DW01_sub_1', port 'A[9]' is not connected to any nets. (LINT-28)
Warning: In design 'oadm_fixed_divmul_correction_chain_LEVEL3_DW01_sub_1', port 'A[8]' is not connected to any nets. (LINT-28)
Warning: In design 'oadm_fixed_divmul_correction_chain_LEVEL3_DW01_sub_1', port 'A[7]' is not connected to any nets. (LINT-28)
Warning: In design 'oadm_fixed_divmul_correction_chain_LEVEL3_DW01_sub_1', port 'A[6]' is not connected to any nets. (LINT-28)
Warning: In design 'oadm_fixed_divmul_correction_chain_LEVEL3_DW01_sub_1', port 'A[5]' is not connected to any nets. (LINT-28)
Warning: In design 'oadm_fixed_divmul_correction_chain_LEVEL3_DW01_sub_1', port 'A[4]' is not connected to any nets. (LINT-28)
Warning: In design 'oadm_fixed_divmul_correction_chain_LEVEL3_DW01_sub_1', port 'A[3]' is not connected to any nets. (LINT-28)
Warning: In design 'oadm_fixed_divmul_correction_chain_LEVEL3_DW01_sub_1', port 'A[2]' is not connected to any nets. (LINT-28)
Warning: In design 'oadm_fixed_divmul_correction_chain_LEVEL3_DW01_sub_1', port 'A[1]' is not connected to any nets. (LINT-28)
Warning: In design 'oadm_fixed_divmul_correction_chain_LEVEL3_DW01_sub_1', port 'A[0]' is not connected to any nets. (LINT-28)
Warning: In design 'oadm_fixed_divmul_correction_chain_LEVEL3_DW01_sub_1', port 'CI' is not connected to any nets. (LINT-28)
Warning: In design 'oadm_fixed_divmul_correction_chain_LEVEL3_DW01_sub_1', port 'DIFF[3]' is not connected to any nets. (LINT-28)
Warning: In design 'oadm_fixed_divmul_correction_chain_LEVEL3_DW01_sub_1', port 'DIFF[2]' is not connected to any nets. (LINT-28)
Warning: In design 'oadm_fixed_divmul_correction_chain_LEVEL3_DW01_sub_1', port 'DIFF[1]' is not connected to any nets. (LINT-28)
Warning: In design 'oadm_fixed_divmul_correction_chain_LEVEL3_DW01_sub_1', port 'DIFF[0]' is not connected to any nets. (LINT-28)
Warning: In design 'oadm_fixed_divmul_correction_chain_LEVEL3_DW01_sub_1', port 'CO' is not connected to any nets. (LINT-28)
Warning: In design 'oadm_fixed_divmul_correction_chain_LEVEL3_DW01_sub_4', port 'A[28]' is not connected to any nets. (LINT-28)
Warning: In design 'oadm_fixed_divmul_correction_chain_LEVEL3_DW01_sub_4', port 'A[27]' is not connected to any nets. (LINT-28)
Warning: In design 'oadm_fixed_divmul_correction_chain_LEVEL3_DW01_sub_4', port 'A[26]' is not connected to any nets. (LINT-28)
Warning: In design 'oadm_fixed_divmul_correction_chain_LEVEL3_DW01_sub_4', port 'A[25]' is not connected to any nets. (LINT-28)
Warning: In design 'oadm_fixed_divmul_correction_chain_LEVEL3_DW01_sub_4', port 'A[24]' is not connected to any nets. (LINT-28)
Warning: In design 'oadm_fixed_divmul_correction_chain_LEVEL3_DW01_sub_4', port 'A[23]' is not connected to any nets. (LINT-28)
Warning: In design 'oadm_fixed_divmul_correction_chain_LEVEL3_DW01_sub_4', port 'A[20]' is not connected to any nets. (LINT-28)
Warning: In design 'oadm_fixed_divmul_correction_chain_LEVEL3_DW01_sub_4', port 'A[19]' is not connected to any nets. (LINT-28)
Warning: In design 'oadm_fixed_divmul_correction_chain_LEVEL3_DW01_sub_4', port 'A[18]' is not connected to any nets. (LINT-28)
Warning: In design 'oadm_fixed_divmul_correction_chain_LEVEL3_DW01_sub_4', port 'A[17]' is not connected to any nets. (LINT-28)
Warning: In design 'oadm_fixed_divmul_correction_chain_LEVEL3_DW01_sub_4', port 'A[16]' is not connected to any nets. (LINT-28)
Warning: In design 'oadm_fixed_divmul_correction_chain_LEVEL3_DW01_sub_4', port 'A[15]' is not connected to any nets. (LINT-28)
Warning: In design 'oadm_fixed_divmul_correction_chain_LEVEL3_DW01_sub_4', port 'A[14]' is not connected to any nets. (LINT-28)
Warning: In design 'oadm_fixed_divmul_correction_chain_LEVEL3_DW01_sub_4', port 'A[13]' is not connected to any nets. (LINT-28)
Warning: In design 'oadm_fixed_divmul_correction_chain_LEVEL3_DW01_sub_4', port 'A[12]' is not connected to any nets. (LINT-28)
Warning: In design 'oadm_fixed_divmul_correction_chain_LEVEL3_DW01_sub_4', port 'A[11]' is not connected to any nets. (LINT-28)
Warning: In design 'oadm_fixed_divmul_correction_chain_LEVEL3_DW01_sub_4', port 'A[10]' is not connected to any nets. (LINT-28)
Warning: In design 'oadm_fixed_divmul_correction_chain_LEVEL3_DW01_sub_4', port 'A[9]' is not connected to any nets. (LINT-28)
Warning: In design 'oadm_fixed_divmul_correction_chain_LEVEL3_DW01_sub_4', port 'A[8]' is not connected to any nets. (LINT-28)
Warning: In design 'oadm_fixed_divmul_correction_chain_LEVEL3_DW01_sub_4', port 'A[7]' is not connected to any nets. (LINT-28)
Warning: In design 'oadm_fixed_divmul_correction_chain_LEVEL3_DW01_sub_4', port 'A[6]' is not connected to any nets. (LINT-28)
Warning: In design 'oadm_fixed_divmul_correction_chain_LEVEL3_DW01_sub_4', port 'A[5]' is not connected to any nets. (LINT-28)
Warning: In design 'oadm_fixed_divmul_correction_chain_LEVEL3_DW01_sub_4', port 'A[4]' is not connected to any nets. (LINT-28)
Warning: In design 'oadm_fixed_divmul_correction_chain_LEVEL3_DW01_sub_4', port 'A[3]' is not connected to any nets. (LINT-28)
Warning: In design 'oadm_fixed_divmul_correction_chain_LEVEL3_DW01_sub_4', port 'A[2]' is not connected to any nets. (LINT-28)
Warning: In design 'oadm_fixed_divmul_correction_chain_LEVEL3_DW01_sub_4', port 'A[1]' is not connected to any nets. (LINT-28)
Warning: In design 'oadm_fixed_divmul_correction_chain_LEVEL3_DW01_sub_4', port 'A[0]' is not connected to any nets. (LINT-28)
Warning: In design 'oadm_fixed_divmul_correction_chain_LEVEL3_DW01_sub_4', port 'B[28]' is not connected to any nets. (LINT-28)
Warning: In design 'oadm_fixed_divmul_correction_chain_LEVEL3_DW01_sub_4', port 'B[27]' is not connected to any nets. (LINT-28)
Warning: In design 'oadm_fixed_divmul_correction_chain_LEVEL3_DW01_sub_4', port 'B[26]' is not connected to any nets. (LINT-28)
Warning: In design 'oadm_fixed_divmul_correction_chain_LEVEL3_DW01_sub_4', port 'B[25]' is not connected to any nets. (LINT-28)
Warning: In design 'oadm_fixed_divmul_correction_chain_LEVEL3_DW01_sub_4', port 'B[24]' is not connected to any nets. (LINT-28)
Warning: In design 'oadm_fixed_divmul_correction_chain_LEVEL3_DW01_sub_4', port 'B[23]' is not connected to any nets. (LINT-28)
Warning: In design 'oadm_fixed_divmul_correction_chain_LEVEL3_DW01_sub_4', port 'CI' is not connected to any nets. (LINT-28)
Warning: In design 'oadm_fixed_divmul_correction_chain_LEVEL3_DW01_sub_4', port 'CO' is not connected to any nets. (LINT-28)
Warning: In design 'oadm_fixed_divmul_correction_chain_LEVEL3_DW01_sub_7', port 'A[28]' is not connected to any nets. (LINT-28)
Warning: In design 'oadm_fixed_divmul_correction_chain_LEVEL3_DW01_sub_7', port 'A[27]' is not connected to any nets. (LINT-28)
Warning: In design 'oadm_fixed_divmul_correction_chain_LEVEL3_DW01_sub_7', port 'A[26]' is not connected to any nets. (LINT-28)
Warning: In design 'oadm_fixed_divmul_correction_chain_LEVEL3_DW01_sub_7', port 'A[25]' is not connected to any nets. (LINT-28)
Warning: In design 'oadm_fixed_divmul_correction_chain_LEVEL3_DW01_sub_7', port 'A[24]' is not connected to any nets. (LINT-28)
Warning: In design 'oadm_fixed_divmul_correction_chain_LEVEL3_DW01_sub_7', port 'A[23]' is not connected to any nets. (LINT-28)
Warning: In design 'oadm_fixed_divmul_correction_chain_LEVEL3_DW01_sub_7', port 'A[22]' is not connected to any nets. (LINT-28)
Warning: In design 'oadm_fixed_divmul_correction_chain_LEVEL3_DW01_sub_7', port 'A[21]' is not connected to any nets. (LINT-28)
Warning: In design 'oadm_fixed_divmul_correction_chain_LEVEL3_DW01_sub_7', port 'A[20]' is not connected to any nets. (LINT-28)
Warning: In design 'oadm_fixed_divmul_correction_chain_LEVEL3_DW01_sub_7', port 'A[19]' is not connected to any nets. (LINT-28)
Warning: In design 'oadm_fixed_divmul_correction_chain_LEVEL3_DW01_sub_7', port 'A[18]' is not connected to any nets. (LINT-28)
Warning: In design 'oadm_fixed_divmul_correction_chain_LEVEL3_DW01_sub_7', port 'A[17]' is not connected to any nets. (LINT-28)
Warning: In design 'oadm_fixed_divmul_correction_chain_LEVEL3_DW01_sub_7', port 'A[16]' is not connected to any nets. (LINT-28)
Warning: In design 'oadm_fixed_divmul_correction_chain_LEVEL3_DW01_sub_7', port 'A[15]' is not connected to any nets. (LINT-28)
Warning: In design 'oadm_fixed_divmul_correction_chain_LEVEL3_DW01_sub_7', port 'A[14]' is not connected to any nets. (LINT-28)
Warning: In design 'oadm_fixed_divmul_correction_chain_LEVEL3_DW01_sub_7', port 'A[13]' is not connected to any nets. (LINT-28)
Warning: In design 'oadm_fixed_divmul_correction_chain_LEVEL3_DW01_sub_7', port 'A[12]' is not connected to any nets. (LINT-28)
Warning: In design 'oadm_fixed_divmul_correction_chain_LEVEL3_DW01_sub_7', port 'A[11]' is not connected to any nets. (LINT-28)
Warning: In design 'oadm_fixed_divmul_correction_chain_LEVEL3_DW01_sub_7', port 'A[10]' is not connected to any nets. (LINT-28)
Warning: In design 'oadm_fixed_divmul_correction_chain_LEVEL3_DW01_sub_7', port 'A[9]' is not connected to any nets. (LINT-28)
Warning: In design 'oadm_fixed_divmul_correction_chain_LEVEL3_DW01_sub_7', port 'A[8]' is not connected to any nets. (LINT-28)
Warning: In design 'oadm_fixed_divmul_correction_chain_LEVEL3_DW01_sub_7', port 'A[7]' is not connected to any nets. (LINT-28)
Warning: In design 'oadm_fixed_divmul_correction_chain_LEVEL3_DW01_sub_7', port 'A[6]' is not connected to any nets. (LINT-28)
Warning: In design 'oadm_fixed_divmul_correction_chain_LEVEL3_DW01_sub_7', port 'A[5]' is not connected to any nets. (LINT-28)
Warning: In design 'oadm_fixed_divmul_correction_chain_LEVEL3_DW01_sub_7', port 'A[4]' is not connected to any nets. (LINT-28)
Warning: In design 'oadm_fixed_divmul_correction_chain_LEVEL3_DW01_sub_7', port 'A[3]' is not connected to any nets. (LINT-28)
Warning: In design 'oadm_fixed_divmul_correction_chain_LEVEL3_DW01_sub_7', port 'A[2]' is not connected to any nets. (LINT-28)
Warning: In design 'oadm_fixed_divmul_correction_chain_LEVEL3_DW01_sub_7', port 'A[1]' is not connected to any nets. (LINT-28)
Warning: In design 'oadm_fixed_divmul_correction_chain_LEVEL3_DW01_sub_7', port 'A[0]' is not connected to any nets. (LINT-28)
Warning: In design 'oadm_fixed_divmul_correction_chain_LEVEL3_DW01_sub_7', port 'CI' is not connected to any nets. (LINT-28)
Warning: In design 'oadm_fixed_divmul_correction_chain_LEVEL3_DW01_sub_7', port 'DIFF[2]' is not connected to any nets. (LINT-28)
Warning: In design 'oadm_fixed_divmul_correction_chain_LEVEL3_DW01_sub_7', port 'DIFF[1]' is not connected to any nets. (LINT-28)
Warning: In design 'oadm_fixed_divmul_correction_chain_LEVEL3_DW01_sub_7', port 'DIFF[0]' is not connected to any nets. (LINT-28)
Warning: In design 'oadm_fixed_divmul_correction_chain_LEVEL3_DW01_sub_7', port 'CO' is not connected to any nets. (LINT-28)
Warning: In design 'oadm_fixed_divmul_correction_chain_LEVEL3_DW01_sub_8', port 'A[28]' is not connected to any nets. (LINT-28)
Warning: In design 'oadm_fixed_divmul_correction_chain_LEVEL3_DW01_sub_8', port 'A[27]' is not connected to any nets. (LINT-28)
Warning: In design 'oadm_fixed_divmul_correction_chain_LEVEL3_DW01_sub_8', port 'A[26]' is not connected to any nets. (LINT-28)
Warning: In design 'oadm_fixed_divmul_correction_chain_LEVEL3_DW01_sub_8', port 'A[25]' is not connected to any nets. (LINT-28)
Warning: In design 'oadm_fixed_divmul_correction_chain_LEVEL3_DW01_sub_8', port 'A[24]' is not connected to any nets. (LINT-28)
Warning: In design 'oadm_fixed_divmul_correction_chain_LEVEL3_DW01_sub_8', port 'A[23]' is not connected to any nets. (LINT-28)
Warning: In design 'oadm_fixed_divmul_correction_chain_LEVEL3_DW01_sub_8', port 'A[22]' is not connected to any nets. (LINT-28)
Warning: In design 'oadm_fixed_divmul_correction_chain_LEVEL3_DW01_sub_8', port 'A[21]' is not connected to any nets. (LINT-28)
Warning: In design 'oadm_fixed_divmul_correction_chain_LEVEL3_DW01_sub_8', port 'A[20]' is not connected to any nets. (LINT-28)
Warning: In design 'oadm_fixed_divmul_correction_chain_LEVEL3_DW01_sub_8', port 'A[19]' is not connected to any nets. (LINT-28)
Warning: In design 'oadm_fixed_divmul_correction_chain_LEVEL3_DW01_sub_8', port 'A[18]' is not connected to any nets. (LINT-28)
Warning: In design 'oadm_fixed_divmul_correction_chain_LEVEL3_DW01_sub_8', port 'A[17]' is not connected to any nets. (LINT-28)
Warning: In design 'oadm_fixed_divmul_correction_chain_LEVEL3_DW01_sub_8', port 'A[16]' is not connected to any nets. (LINT-28)
Warning: In design 'oadm_fixed_divmul_correction_chain_LEVEL3_DW01_sub_8', port 'A[15]' is not connected to any nets. (LINT-28)
Warning: In design 'oadm_fixed_divmul_correction_chain_LEVEL3_DW01_sub_8', port 'A[14]' is not connected to any nets. (LINT-28)
Warning: In design 'oadm_fixed_divmul_correction_chain_LEVEL3_DW01_sub_8', port 'A[13]' is not connected to any nets. (LINT-28)
Warning: In design 'oadm_fixed_divmul_correction_chain_LEVEL3_DW01_sub_8', port 'A[12]' is not connected to any nets. (LINT-28)
Warning: In design 'oadm_fixed_divmul_correction_chain_LEVEL3_DW01_sub_8', port 'A[11]' is not connected to any nets. (LINT-28)
Warning: In design 'oadm_fixed_divmul_correction_chain_LEVEL3_DW01_sub_8', port 'A[10]' is not connected to any nets. (LINT-28)
Warning: In design 'oadm_fixed_divmul_correction_chain_LEVEL3_DW01_sub_8', port 'A[9]' is not connected to any nets. (LINT-28)
Warning: In design 'oadm_fixed_divmul_correction_chain_LEVEL3_DW01_sub_8', port 'A[8]' is not connected to any nets. (LINT-28)
Warning: In design 'oadm_fixed_divmul_correction_chain_LEVEL3_DW01_sub_8', port 'A[7]' is not connected to any nets. (LINT-28)
Warning: In design 'oadm_fixed_divmul_correction_chain_LEVEL3_DW01_sub_8', port 'A[6]' is not connected to any nets. (LINT-28)
Warning: In design 'oadm_fixed_divmul_correction_chain_LEVEL3_DW01_sub_8', port 'A[5]' is not connected to any nets. (LINT-28)
Warning: In design 'oadm_fixed_divmul_correction_chain_LEVEL3_DW01_sub_8', port 'A[4]' is not connected to any nets. (LINT-28)
Warning: In design 'oadm_fixed_divmul_correction_chain_LEVEL3_DW01_sub_8', port 'A[3]' is not connected to any nets. (LINT-28)
Warning: In design 'oadm_fixed_divmul_correction_chain_LEVEL3_DW01_sub_8', port 'A[2]' is not connected to any nets. (LINT-28)
Warning: In design 'oadm_fixed_divmul_correction_chain_LEVEL3_DW01_sub_8', port 'A[1]' is not connected to any nets. (LINT-28)
Warning: In design 'oadm_fixed_divmul_correction_chain_LEVEL3_DW01_sub_8', port 'A[0]' is not connected to any nets. (LINT-28)
Warning: In design 'oadm_fixed_divmul_correction_chain_LEVEL3_DW01_sub_8', port 'CI' is not connected to any nets. (LINT-28)
Warning: In design 'oadm_fixed_divmul_correction_chain_LEVEL3_DW01_sub_8', port 'DIFF[2]' is not connected to any nets. (LINT-28)
Warning: In design 'oadm_fixed_divmul_correction_chain_LEVEL3_DW01_sub_8', port 'DIFF[1]' is not connected to any nets. (LINT-28)
Warning: In design 'oadm_fixed_divmul_correction_chain_LEVEL3_DW01_sub_8', port 'DIFF[0]' is not connected to any nets. (LINT-28)
Warning: In design 'oadm_fixed_divmul_correction_chain_LEVEL3_DW01_sub_8', port 'CO' is not connected to any nets. (LINT-28)
Warning: In design 'oadm_fixed_divmul_correction_chain_LEVEL3_DW01_sub_11', port 'A[25]' is not connected to any nets. (LINT-28)
Warning: In design 'oadm_fixed_divmul_correction_chain_LEVEL3_DW01_sub_11', port 'A[24]' is not connected to any nets. (LINT-28)
Warning: In design 'oadm_fixed_divmul_correction_chain_LEVEL3_DW01_sub_11', port 'A[23]' is not connected to any nets. (LINT-28)
Warning: In design 'oadm_fixed_divmul_correction_chain_LEVEL3_DW01_sub_11', port 'A[21]' is not connected to any nets. (LINT-28)
Warning: In design 'oadm_fixed_divmul_correction_chain_LEVEL3_DW01_sub_11', port 'A[20]' is not connected to any nets. (LINT-28)
Warning: In design 'oadm_fixed_divmul_correction_chain_LEVEL3_DW01_sub_11', port 'A[19]' is not connected to any nets. (LINT-28)
Warning: In design 'oadm_fixed_divmul_correction_chain_LEVEL3_DW01_sub_11', port 'A[18]' is not connected to any nets. (LINT-28)
Warning: In design 'oadm_fixed_divmul_correction_chain_LEVEL3_DW01_sub_11', port 'A[17]' is not connected to any nets. (LINT-28)
Warning: In design 'oadm_fixed_divmul_correction_chain_LEVEL3_DW01_sub_11', port 'A[16]' is not connected to any nets. (LINT-28)
Warning: In design 'oadm_fixed_divmul_correction_chain_LEVEL3_DW01_sub_11', port 'A[15]' is not connected to any nets. (LINT-28)
Warning: In design 'oadm_fixed_divmul_correction_chain_LEVEL3_DW01_sub_11', port 'A[14]' is not connected to any nets. (LINT-28)
Warning: In design 'oadm_fixed_divmul_correction_chain_LEVEL3_DW01_sub_11', port 'A[13]' is not connected to any nets. (LINT-28)
Warning: In design 'oadm_fixed_divmul_correction_chain_LEVEL3_DW01_sub_11', port 'A[12]' is not connected to any nets. (LINT-28)
Warning: In design 'oadm_fixed_divmul_correction_chain_LEVEL3_DW01_sub_11', port 'A[11]' is not connected to any nets. (LINT-28)
Warning: In design 'oadm_fixed_divmul_correction_chain_LEVEL3_DW01_sub_11', port 'A[10]' is not connected to any nets. (LINT-28)
Warning: In design 'oadm_fixed_divmul_correction_chain_LEVEL3_DW01_sub_11', port 'A[9]' is not connected to any nets. (LINT-28)
Warning: In design 'oadm_fixed_divmul_correction_chain_LEVEL3_DW01_sub_11', port 'A[8]' is not connected to any nets. (LINT-28)
Warning: In design 'oadm_fixed_divmul_correction_chain_LEVEL3_DW01_sub_11', port 'A[7]' is not connected to any nets. (LINT-28)
Warning: In design 'oadm_fixed_divmul_correction_chain_LEVEL3_DW01_sub_11', port 'A[6]' is not connected to any nets. (LINT-28)
Warning: In design 'oadm_fixed_divmul_correction_chain_LEVEL3_DW01_sub_11', port 'A[5]' is not connected to any nets. (LINT-28)
Warning: In design 'oadm_fixed_divmul_correction_chain_LEVEL3_DW01_sub_11', port 'A[4]' is not connected to any nets. (LINT-28)
Warning: In design 'oadm_fixed_divmul_correction_chain_LEVEL3_DW01_sub_11', port 'A[3]' is not connected to any nets. (LINT-28)
Warning: In design 'oadm_fixed_divmul_correction_chain_LEVEL3_DW01_sub_11', port 'A[2]' is not connected to any nets. (LINT-28)
Warning: In design 'oadm_fixed_divmul_correction_chain_LEVEL3_DW01_sub_11', port 'A[1]' is not connected to any nets. (LINT-28)
Warning: In design 'oadm_fixed_divmul_correction_chain_LEVEL3_DW01_sub_11', port 'A[0]' is not connected to any nets. (LINT-28)
Warning: In design 'oadm_fixed_divmul_correction_chain_LEVEL3_DW01_sub_11', port 'B[25]' is not connected to any nets. (LINT-28)
Warning: In design 'oadm_fixed_divmul_correction_chain_LEVEL3_DW01_sub_11', port 'B[24]' is not connected to any nets. (LINT-28)
Warning: In design 'oadm_fixed_divmul_correction_chain_LEVEL3_DW01_sub_11', port 'B[23]' is not connected to any nets. (LINT-28)
Warning: In design 'oadm_fixed_divmul_correction_chain_LEVEL3_DW01_sub_11', port 'CI' is not connected to any nets. (LINT-28)
Warning: In design 'oadm_fixed_divmul_correction_chain_LEVEL3_DW01_sub_11', port 'CO' is not connected to any nets. (LINT-28)
Warning: In design 'oadm_fixed_divmul_correction_chain_LEVEL3_DW01_sub_12', port 'A[28]' is not connected to any nets. (LINT-28)
Warning: In design 'oadm_fixed_divmul_correction_chain_LEVEL3_DW01_sub_12', port 'A[27]' is not connected to any nets. (LINT-28)
Warning: In design 'oadm_fixed_divmul_correction_chain_LEVEL3_DW01_sub_12', port 'A[26]' is not connected to any nets. (LINT-28)
Warning: In design 'oadm_fixed_divmul_correction_chain_LEVEL3_DW01_sub_12', port 'A[25]' is not connected to any nets. (LINT-28)
Warning: In design 'oadm_fixed_divmul_correction_chain_LEVEL3_DW01_sub_12', port 'A[24]' is not connected to any nets. (LINT-28)
Warning: In design 'oadm_fixed_divmul_correction_chain_LEVEL3_DW01_sub_12', port 'A[23]' is not connected to any nets. (LINT-28)
Warning: In design 'oadm_fixed_divmul_correction_chain_LEVEL3_DW01_sub_12', port 'A[22]' is not connected to any nets. (LINT-28)
Warning: In design 'oadm_fixed_divmul_correction_chain_LEVEL3_DW01_sub_12', port 'A[21]' is not connected to any nets. (LINT-28)
Warning: In design 'oadm_fixed_divmul_correction_chain_LEVEL3_DW01_sub_12', port 'A[20]' is not connected to any nets. (LINT-28)
Warning: In design 'oadm_fixed_divmul_correction_chain_LEVEL3_DW01_sub_12', port 'A[19]' is not connected to any nets. (LINT-28)
Warning: In design 'oadm_fixed_divmul_correction_chain_LEVEL3_DW01_sub_12', port 'A[18]' is not connected to any nets. (LINT-28)
Warning: In design 'oadm_fixed_divmul_correction_chain_LEVEL3_DW01_sub_12', port 'A[17]' is not connected to any nets. (LINT-28)
Warning: In design 'oadm_fixed_divmul_correction_chain_LEVEL3_DW01_sub_12', port 'A[16]' is not connected to any nets. (LINT-28)
Warning: In design 'oadm_fixed_divmul_correction_chain_LEVEL3_DW01_sub_12', port 'A[15]' is not connected to any nets. (LINT-28)
Warning: In design 'oadm_fixed_divmul_correction_chain_LEVEL3_DW01_sub_12', port 'A[14]' is not connected to any nets. (LINT-28)
Warning: In design 'oadm_fixed_divmul_correction_chain_LEVEL3_DW01_sub_12', port 'A[13]' is not connected to any nets. (LINT-28)
Warning: In design 'oadm_fixed_divmul_correction_chain_LEVEL3_DW01_sub_12', port 'A[12]' is not connected to any nets. (LINT-28)
Warning: In design 'oadm_fixed_divmul_correction_chain_LEVEL3_DW01_sub_12', port 'A[11]' is not connected to any nets. (LINT-28)
Warning: In design 'oadm_fixed_divmul_correction_chain_LEVEL3_DW01_sub_12', port 'A[10]' is not connected to any nets. (LINT-28)
Warning: In design 'oadm_fixed_divmul_correction_chain_LEVEL3_DW01_sub_12', port 'A[9]' is not connected to any nets. (LINT-28)
Warning: In design 'oadm_fixed_divmul_correction_chain_LEVEL3_DW01_sub_12', port 'A[8]' is not connected to any nets. (LINT-28)
Warning: In design 'oadm_fixed_divmul_correction_chain_LEVEL3_DW01_sub_12', port 'A[7]' is not connected to any nets. (LINT-28)
Warning: In design 'oadm_fixed_divmul_correction_chain_LEVEL3_DW01_sub_12', port 'A[6]' is not connected to any nets. (LINT-28)
Warning: In design 'oadm_fixed_divmul_correction_chain_LEVEL3_DW01_sub_12', port 'A[5]' is not connected to any nets. (LINT-28)
Warning: In design 'oadm_fixed_divmul_correction_chain_LEVEL3_DW01_sub_12', port 'A[4]' is not connected to any nets. (LINT-28)
Warning: In design 'oadm_fixed_divmul_correction_chain_LEVEL3_DW01_sub_12', port 'A[3]' is not connected to any nets. (LINT-28)
Warning: In design 'oadm_fixed_divmul_correction_chain_LEVEL3_DW01_sub_12', port 'A[2]' is not connected to any nets. (LINT-28)
Warning: In design 'oadm_fixed_divmul_correction_chain_LEVEL3_DW01_sub_12', port 'A[1]' is not connected to any nets. (LINT-28)
Warning: In design 'oadm_fixed_divmul_correction_chain_LEVEL3_DW01_sub_12', port 'A[0]' is not connected to any nets. (LINT-28)
Warning: In design 'oadm_fixed_divmul_correction_chain_LEVEL3_DW01_sub_12', port 'CI' is not connected to any nets. (LINT-28)
Warning: In design 'oadm_fixed_divmul_correction_chain_LEVEL3_DW01_sub_12', port 'DIFF[1]' is not connected to any nets. (LINT-28)
Warning: In design 'oadm_fixed_divmul_correction_chain_LEVEL3_DW01_sub_12', port 'DIFF[0]' is not connected to any nets. (LINT-28)
Warning: In design 'oadm_fixed_divmul_correction_chain_LEVEL3_DW01_sub_12', port 'CO' is not connected to any nets. (LINT-28)
Warning: In design 'oadm_fixed_divmul_correction_chain_LEVEL3_DW01_sub_13', port 'A[28]' is not connected to any nets. (LINT-28)
Warning: In design 'oadm_fixed_divmul_correction_chain_LEVEL3_DW01_sub_13', port 'A[27]' is not connected to any nets. (LINT-28)
Warning: In design 'oadm_fixed_divmul_correction_chain_LEVEL3_DW01_sub_13', port 'A[26]' is not connected to any nets. (LINT-28)
Warning: In design 'oadm_fixed_divmul_correction_chain_LEVEL3_DW01_sub_13', port 'A[25]' is not connected to any nets. (LINT-28)
Warning: In design 'oadm_fixed_divmul_correction_chain_LEVEL3_DW01_sub_13', port 'A[24]' is not connected to any nets. (LINT-28)
Warning: In design 'oadm_fixed_divmul_correction_chain_LEVEL3_DW01_sub_13', port 'A[23]' is not connected to any nets. (LINT-28)
Warning: In design 'oadm_fixed_divmul_correction_chain_LEVEL3_DW01_sub_13', port 'A[22]' is not connected to any nets. (LINT-28)
Warning: In design 'oadm_fixed_divmul_correction_chain_LEVEL3_DW01_sub_13', port 'A[21]' is not connected to any nets. (LINT-28)
Warning: In design 'oadm_fixed_divmul_correction_chain_LEVEL3_DW01_sub_13', port 'A[20]' is not connected to any nets. (LINT-28)
Warning: In design 'oadm_fixed_divmul_correction_chain_LEVEL3_DW01_sub_13', port 'A[19]' is not connected to any nets. (LINT-28)
Warning: In design 'oadm_fixed_divmul_correction_chain_LEVEL3_DW01_sub_13', port 'A[18]' is not connected to any nets. (LINT-28)
Warning: In design 'oadm_fixed_divmul_correction_chain_LEVEL3_DW01_sub_13', port 'A[17]' is not connected to any nets. (LINT-28)
Warning: In design 'oadm_fixed_divmul_correction_chain_LEVEL3_DW01_sub_13', port 'A[16]' is not connected to any nets. (LINT-28)
Warning: In design 'oadm_fixed_divmul_correction_chain_LEVEL3_DW01_sub_13', port 'A[15]' is not connected to any nets. (LINT-28)
Warning: In design 'oadm_fixed_divmul_correction_chain_LEVEL3_DW01_sub_13', port 'A[14]' is not connected to any nets. (LINT-28)
Warning: In design 'oadm_fixed_divmul_correction_chain_LEVEL3_DW01_sub_13', port 'A[13]' is not connected to any nets. (LINT-28)
Warning: In design 'oadm_fixed_divmul_correction_chain_LEVEL3_DW01_sub_13', port 'A[12]' is not connected to any nets. (LINT-28)
Warning: In design 'oadm_fixed_divmul_correction_chain_LEVEL3_DW01_sub_13', port 'A[11]' is not connected to any nets. (LINT-28)
Warning: In design 'oadm_fixed_divmul_correction_chain_LEVEL3_DW01_sub_13', port 'A[10]' is not connected to any nets. (LINT-28)
Warning: In design 'oadm_fixed_divmul_correction_chain_LEVEL3_DW01_sub_13', port 'A[9]' is not connected to any nets. (LINT-28)
Warning: In design 'oadm_fixed_divmul_correction_chain_LEVEL3_DW01_sub_13', port 'A[8]' is not connected to any nets. (LINT-28)
Warning: In design 'oadm_fixed_divmul_correction_chain_LEVEL3_DW01_sub_13', port 'A[7]' is not connected to any nets. (LINT-28)
Warning: In design 'oadm_fixed_divmul_correction_chain_LEVEL3_DW01_sub_13', port 'A[6]' is not connected to any nets. (LINT-28)
Warning: In design 'oadm_fixed_divmul_correction_chain_LEVEL3_DW01_sub_13', port 'A[5]' is not connected to any nets. (LINT-28)
Warning: In design 'oadm_fixed_divmul_correction_chain_LEVEL3_DW01_sub_13', port 'A[4]' is not connected to any nets. (LINT-28)
Warning: In design 'oadm_fixed_divmul_correction_chain_LEVEL3_DW01_sub_13', port 'A[3]' is not connected to any nets. (LINT-28)
Warning: In design 'oadm_fixed_divmul_correction_chain_LEVEL3_DW01_sub_13', port 'A[2]' is not connected to any nets. (LINT-28)
Warning: In design 'oadm_fixed_divmul_correction_chain_LEVEL3_DW01_sub_13', port 'A[1]' is not connected to any nets. (LINT-28)
Warning: In design 'oadm_fixed_divmul_correction_chain_LEVEL3_DW01_sub_13', port 'A[0]' is not connected to any nets. (LINT-28)
Warning: In design 'oadm_fixed_divmul_correction_chain_LEVEL3_DW01_sub_13', port 'CI' is not connected to any nets. (LINT-28)
Warning: In design 'oadm_fixed_divmul_correction_chain_LEVEL3_DW01_sub_13', port 'DIFF[1]' is not connected to any nets. (LINT-28)
Warning: In design 'oadm_fixed_divmul_correction_chain_LEVEL3_DW01_sub_13', port 'DIFF[0]' is not connected to any nets. (LINT-28)
Warning: In design 'oadm_fixed_divmul_correction_chain_LEVEL3_DW01_sub_13', port 'CO' is not connected to any nets. (LINT-28)
Warning: In design 'oadm_fixed_divmul_correction_chain_LEVEL3_DW01_sub_16', port 'A[25]' is not connected to any nets. (LINT-28)
Warning: In design 'oadm_fixed_divmul_correction_chain_LEVEL3_DW01_sub_16', port 'A[24]' is not connected to any nets. (LINT-28)
Warning: In design 'oadm_fixed_divmul_correction_chain_LEVEL3_DW01_sub_16', port 'A[23]' is not connected to any nets. (LINT-28)
Warning: In design 'oadm_fixed_divmul_correction_chain_LEVEL3_DW01_sub_16', port 'A[22]' is not connected to any nets. (LINT-28)
Warning: In design 'oadm_fixed_divmul_correction_chain_LEVEL3_DW01_sub_16', port 'A[21]' is not connected to any nets. (LINT-28)
Warning: In design 'oadm_fixed_divmul_correction_chain_LEVEL3_DW01_sub_16', port 'A[20]' is not connected to any nets. (LINT-28)
Warning: In design 'oadm_fixed_divmul_correction_chain_LEVEL3_DW01_sub_16', port 'A[19]' is not connected to any nets. (LINT-28)
Warning: In design 'oadm_fixed_divmul_correction_chain_LEVEL3_DW01_sub_16', port 'A[18]' is not connected to any nets. (LINT-28)
Warning: In design 'oadm_fixed_divmul_correction_chain_LEVEL3_DW01_sub_16', port 'A[17]' is not connected to any nets. (LINT-28)
Warning: In design 'oadm_fixed_divmul_correction_chain_LEVEL3_DW01_sub_16', port 'A[16]' is not connected to any nets. (LINT-28)
Warning: In design 'oadm_fixed_divmul_correction_chain_LEVEL3_DW01_sub_16', port 'A[15]' is not connected to any nets. (LINT-28)
Warning: In design 'oadm_fixed_divmul_correction_chain_LEVEL3_DW01_sub_16', port 'A[14]' is not connected to any nets. (LINT-28)
Warning: In design 'oadm_fixed_divmul_correction_chain_LEVEL3_DW01_sub_16', port 'A[13]' is not connected to any nets. (LINT-28)
Warning: In design 'oadm_fixed_divmul_correction_chain_LEVEL3_DW01_sub_16', port 'A[12]' is not connected to any nets. (LINT-28)
Warning: In design 'oadm_fixed_divmul_correction_chain_LEVEL3_DW01_sub_16', port 'A[11]' is not connected to any nets. (LINT-28)
Warning: In design 'oadm_fixed_divmul_correction_chain_LEVEL3_DW01_sub_16', port 'A[10]' is not connected to any nets. (LINT-28)
Warning: In design 'oadm_fixed_divmul_correction_chain_LEVEL3_DW01_sub_16', port 'A[9]' is not connected to any nets. (LINT-28)
Warning: In design 'oadm_fixed_divmul_correction_chain_LEVEL3_DW01_sub_16', port 'A[8]' is not connected to any nets. (LINT-28)
Warning: In design 'oadm_fixed_divmul_correction_chain_LEVEL3_DW01_sub_16', port 'A[7]' is not connected to any nets. (LINT-28)
Warning: In design 'oadm_fixed_divmul_correction_chain_LEVEL3_DW01_sub_16', port 'A[6]' is not connected to any nets. (LINT-28)
Warning: In design 'oadm_fixed_divmul_correction_chain_LEVEL3_DW01_sub_16', port 'A[5]' is not connected to any nets. (LINT-28)
Warning: In design 'oadm_fixed_divmul_correction_chain_LEVEL3_DW01_sub_16', port 'A[4]' is not connected to any nets. (LINT-28)
Warning: In design 'oadm_fixed_divmul_correction_chain_LEVEL3_DW01_sub_16', port 'A[3]' is not connected to any nets. (LINT-28)
Warning: In design 'oadm_fixed_divmul_correction_chain_LEVEL3_DW01_sub_16', port 'A[2]' is not connected to any nets. (LINT-28)
Warning: In design 'oadm_fixed_divmul_correction_chain_LEVEL3_DW01_sub_16', port 'A[1]' is not connected to any nets. (LINT-28)
Warning: In design 'oadm_fixed_divmul_correction_chain_LEVEL3_DW01_sub_16', port 'A[0]' is not connected to any nets. (LINT-28)
Warning: In design 'oadm_fixed_divmul_correction_chain_LEVEL3_DW01_sub_16', port 'B[25]' is not connected to any nets. (LINT-28)
Warning: In design 'oadm_fixed_divmul_correction_chain_LEVEL3_DW01_sub_16', port 'B[24]' is not connected to any nets. (LINT-28)
Warning: In design 'oadm_fixed_divmul_correction_chain_LEVEL3_DW01_sub_16', port 'B[23]' is not connected to any nets. (LINT-28)
Warning: In design 'oadm_fixed_divmul_correction_chain_LEVEL3_DW01_sub_16', port 'CI' is not connected to any nets. (LINT-28)
Warning: In design 'oadm_fixed_divmul_correction_chain_LEVEL3_DW01_sub_16', port 'CO' is not connected to any nets. (LINT-28)
Warning: In design 'oadm_fixed_divmul_correction_chain_LEVEL3_DW01_add_6', port 'A[28]' is not connected to any nets. (LINT-28)
Warning: In design 'oadm_fixed_divmul_correction_chain_LEVEL3_DW01_add_6', port 'A[27]' is not connected to any nets. (LINT-28)
Warning: In design 'oadm_fixed_divmul_correction_chain_LEVEL3_DW01_add_6', port 'A[26]' is not connected to any nets. (LINT-28)
Warning: In design 'oadm_fixed_divmul_correction_chain_LEVEL3_DW01_add_6', port 'A[25]' is not connected to any nets. (LINT-28)
Warning: In design 'oadm_fixed_divmul_correction_chain_LEVEL3_DW01_add_6', port 'A[24]' is not connected to any nets. (LINT-28)
Warning: In design 'oadm_fixed_divmul_correction_chain_LEVEL3_DW01_add_6', port 'CI' is not connected to any nets. (LINT-28)
Warning: In design 'oadm_fixed_divmul_correction_chain_LEVEL3_DW01_add_6', port 'CO' is not connected to any nets. (LINT-28)
Warning: In design 'oadm_fixed_divmul_correction_chain_LEVEL3_DW01_sub_17', port 'A[28]' is not connected to any nets. (LINT-28)
Warning: In design 'oadm_fixed_divmul_correction_chain_LEVEL3_DW01_sub_17', port 'A[27]' is not connected to any nets. (LINT-28)
Warning: In design 'oadm_fixed_divmul_correction_chain_LEVEL3_DW01_sub_17', port 'A[26]' is not connected to any nets. (LINT-28)
Warning: In design 'oadm_fixed_divmul_correction_chain_LEVEL3_DW01_sub_17', port 'B[28]' is not connected to any nets. (LINT-28)
Warning: In design 'oadm_fixed_divmul_correction_chain_LEVEL3_DW01_sub_17', port 'B[27]' is not connected to any nets. (LINT-28)
Warning: In design 'oadm_fixed_divmul_correction_chain_LEVEL3_DW01_sub_17', port 'B[26]' is not connected to any nets. (LINT-28)
Warning: In design 'oadm_fixed_divmul_correction_chain_LEVEL3_DW01_sub_17', port 'B[25]' is not connected to any nets. (LINT-28)
Warning: In design 'oadm_fixed_divmul_correction_chain_LEVEL3_DW01_sub_17', port 'B[24]' is not connected to any nets. (LINT-28)
Warning: In design 'oadm_fixed_divmul_correction_chain_LEVEL3_DW01_sub_17', port 'B[23]' is not connected to any nets. (LINT-28)
Warning: In design 'oadm_fixed_divmul_correction_chain_LEVEL3_DW01_sub_17', port 'B[22]' is not connected to any nets. (LINT-28)
Warning: In design 'oadm_fixed_divmul_correction_chain_LEVEL3_DW01_sub_17', port 'CI' is not connected to any nets. (LINT-28)
Warning: In design 'oadm_fixed_divmul_correction_chain_LEVEL3_DW01_sub_17', port 'CO' is not connected to any nets. (LINT-28)
Warning: In design 'oadm_fixed_divmul_correction_chain_LEVEL3_DW01_sub_18', port 'A[27]' is not connected to any nets. (LINT-28)
Warning: In design 'oadm_fixed_divmul_correction_chain_LEVEL3_DW01_sub_18', port 'A[26]' is not connected to any nets. (LINT-28)
Warning: In design 'oadm_fixed_divmul_correction_chain_LEVEL3_DW01_sub_18', port 'A[25]' is not connected to any nets. (LINT-28)
Warning: In design 'oadm_fixed_divmul_correction_chain_LEVEL3_DW01_sub_18', port 'A[24]' is not connected to any nets. (LINT-28)
Warning: In design 'oadm_fixed_divmul_correction_chain_LEVEL3_DW01_sub_18', port 'A[23]' is not connected to any nets. (LINT-28)
Warning: In design 'oadm_fixed_divmul_correction_chain_LEVEL3_DW01_sub_18', port 'A[22]' is not connected to any nets. (LINT-28)
Warning: In design 'oadm_fixed_divmul_correction_chain_LEVEL3_DW01_sub_18', port 'B[27]' is not connected to any nets. (LINT-28)
Warning: In design 'oadm_fixed_divmul_correction_chain_LEVEL3_DW01_sub_18', port 'B[26]' is not connected to any nets. (LINT-28)
Warning: In design 'oadm_fixed_divmul_correction_chain_LEVEL3_DW01_sub_18', port 'B[25]' is not connected to any nets. (LINT-28)
Warning: In design 'oadm_fixed_divmul_correction_chain_LEVEL3_DW01_sub_18', port 'B[24]' is not connected to any nets. (LINT-28)
Warning: In design 'oadm_fixed_divmul_correction_chain_LEVEL3_DW01_sub_18', port 'B[23]' is not connected to any nets. (LINT-28)
Warning: In design 'oadm_fixed_divmul_correction_chain_LEVEL3_DW01_sub_18', port 'CI' is not connected to any nets. (LINT-28)
Warning: In design 'oadm_fixed_divmul_correction_chain_LEVEL3_DW01_sub_18', port 'DIFF[27]' is not connected to any nets. (LINT-28)
Warning: In design 'oadm_fixed_divmul_correction_chain_LEVEL3_DW01_sub_18', port 'DIFF[26]' is not connected to any nets. (LINT-28)
Warning: In design 'oadm_fixed_divmul_correction_chain_LEVEL3_DW01_sub_18', port 'DIFF[25]' is not connected to any nets. (LINT-28)
Warning: In design 'oadm_fixed_divmul_correction_chain_LEVEL3_DW01_sub_18', port 'DIFF[24]' is not connected to any nets. (LINT-28)
Warning: In design 'oadm_fixed_divmul_correction_chain_LEVEL3_DW01_sub_18', port 'CO' is not connected to any nets. (LINT-28)
Warning: In design 'oadm_fixed_divmul_correction_chain_LEVEL3_DW01_add_8', port 'A[28]' is not connected to any nets. (LINT-28)
Warning: In design 'oadm_fixed_divmul_correction_chain_LEVEL3_DW01_add_8', port 'A[27]' is not connected to any nets. (LINT-28)
Warning: In design 'oadm_fixed_divmul_correction_chain_LEVEL3_DW01_add_8', port 'A[26]' is not connected to any nets. (LINT-28)
Warning: In design 'oadm_fixed_divmul_correction_chain_LEVEL3_DW01_add_8', port 'A[25]' is not connected to any nets. (LINT-28)
Warning: In design 'oadm_fixed_divmul_correction_chain_LEVEL3_DW01_add_8', port 'CI' is not connected to any nets. (LINT-28)
Warning: In design 'oadm_fixed_divmul_correction_chain_LEVEL3_DW01_add_8', port 'CO' is not connected to any nets. (LINT-28)
Warning: In design 'oadm_fixed_divmul_correction_chain_LEVEL3_DW01_add_9', port 'A[28]' is not connected to any nets. (LINT-28)
Warning: In design 'oadm_fixed_divmul_correction_chain_LEVEL3_DW01_add_9', port 'A[27]' is not connected to any nets. (LINT-28)
Warning: In design 'oadm_fixed_divmul_correction_chain_LEVEL3_DW01_add_9', port 'A[26]' is not connected to any nets. (LINT-28)
Warning: In design 'oadm_fixed_divmul_correction_chain_LEVEL3_DW01_add_9', port 'A[25]' is not connected to any nets. (LINT-28)
Warning: In design 'oadm_fixed_divmul_correction_chain_LEVEL3_DW01_add_9', port 'A[24]' is not connected to any nets. (LINT-28)
Warning: In design 'oadm_fixed_divmul_correction_chain_LEVEL3_DW01_add_9', port 'A[23]' is not connected to any nets. (LINT-28)
Warning: In design 'oadm_fixed_divmul_correction_chain_LEVEL3_DW01_add_9', port 'A[22]' is not connected to any nets. (LINT-28)
Warning: In design 'oadm_fixed_divmul_correction_chain_LEVEL3_DW01_add_9', port 'B[28]' is not connected to any nets. (LINT-28)
Warning: In design 'oadm_fixed_divmul_correction_chain_LEVEL3_DW01_add_9', port 'B[27]' is not connected to any nets. (LINT-28)
Warning: In design 'oadm_fixed_divmul_correction_chain_LEVEL3_DW01_add_9', port 'B[26]' is not connected to any nets. (LINT-28)
Warning: In design 'oadm_fixed_divmul_correction_chain_LEVEL3_DW01_add_9', port 'B[25]' is not connected to any nets. (LINT-28)
Warning: In design 'oadm_fixed_divmul_correction_chain_LEVEL3_DW01_add_9', port 'B[24]' is not connected to any nets. (LINT-28)
Warning: In design 'oadm_fixed_divmul_correction_chain_LEVEL3_DW01_add_9', port 'CI' is not connected to any nets. (LINT-28)
Warning: In design 'oadm_fixed_divmul_correction_chain_LEVEL3_DW01_add_9', port 'CO' is not connected to any nets. (LINT-28)
Warning: In design 'oadm_fixed_divmul_correction_chain_LEVEL3_DW01_add_10', port 'A[27]' is not connected to any nets. (LINT-28)
Warning: In design 'oadm_fixed_divmul_correction_chain_LEVEL3_DW01_add_10', port 'A[26]' is not connected to any nets. (LINT-28)
Warning: In design 'oadm_fixed_divmul_correction_chain_LEVEL3_DW01_add_10', port 'A[25]' is not connected to any nets. (LINT-28)
Warning: In design 'oadm_fixed_divmul_correction_chain_LEVEL3_DW01_add_10', port 'A[24]' is not connected to any nets. (LINT-28)
Warning: In design 'oadm_fixed_divmul_correction_chain_LEVEL3_DW01_add_10', port 'A[23]' is not connected to any nets. (LINT-28)
Warning: In design 'oadm_fixed_divmul_correction_chain_LEVEL3_DW01_add_10', port 'A[22]' is not connected to any nets. (LINT-28)
Warning: In design 'oadm_fixed_divmul_correction_chain_LEVEL3_DW01_add_10', port 'B[27]' is not connected to any nets. (LINT-28)
Warning: In design 'oadm_fixed_divmul_correction_chain_LEVEL3_DW01_add_10', port 'B[26]' is not connected to any nets. (LINT-28)
Warning: In design 'oadm_fixed_divmul_correction_chain_LEVEL3_DW01_add_10', port 'B[25]' is not connected to any nets. (LINT-28)
Warning: In design 'oadm_fixed_divmul_correction_chain_LEVEL3_DW01_add_10', port 'B[24]' is not connected to any nets. (LINT-28)
Warning: In design 'oadm_fixed_divmul_correction_chain_LEVEL3_DW01_add_10', port 'B[23]' is not connected to any nets. (LINT-28)
Warning: In design 'oadm_fixed_divmul_correction_chain_LEVEL3_DW01_add_10', port 'CI' is not connected to any nets. (LINT-28)
Warning: In design 'oadm_fixed_divmul_correction_chain_LEVEL3_DW01_add_10', port 'SUM[27]' is not connected to any nets. (LINT-28)
Warning: In design 'oadm_fixed_divmul_correction_chain_LEVEL3_DW01_add_10', port 'SUM[26]' is not connected to any nets. (LINT-28)
Warning: In design 'oadm_fixed_divmul_correction_chain_LEVEL3_DW01_add_10', port 'SUM[25]' is not connected to any nets. (LINT-28)
Warning: In design 'oadm_fixed_divmul_correction_chain_LEVEL3_DW01_add_10', port 'CO' is not connected to any nets. (LINT-28)
Warning: In design 'oadm_fixed_divmul_correction_chain_LEVEL3_DW01_add_13', port 'CI' is not connected to any nets. (LINT-28)
Warning: In design 'oadm_fixed_divmul_correction_chain_LEVEL3_DW01_add_13', port 'CO' is not connected to any nets. (LINT-28)
Warning: In design 'oadm_fixed_divmul_correction_chain_LEVEL3_DW01_add_15', port 'CI' is not connected to any nets. (LINT-28)
Warning: In design 'oadm_fixed_divmul_correction_chain_LEVEL3_DW01_add_15', port 'CO' is not connected to any nets. (LINT-28)
Warning: In design 'oadm_fixed_divmul_correction_chain_LEVEL3_DW01_add_17', port 'CI' is not connected to any nets. (LINT-28)
Warning: In design 'oadm_fixed_divmul_correction_chain_LEVEL3_DW01_add_17', port 'CO' is not connected to any nets. (LINT-28)
Warning: In design 'oadm_fixed_divmul_correction_chain_LEVEL3_DW_mult_uns_0', port 'product[35]' is not connected to any nets. (LINT-28)
Warning: In design 'oadm_fixed_divmul_correction_chain_LEVEL3_DW_mult_uns_0', port 'product[34]' is not connected to any nets. (LINT-28)
Warning: In design 'oadm_fixed_divmul_correction_chain_LEVEL3_DW_mult_uns_0', port 'product[33]' is not connected to any nets. (LINT-28)
Warning: In design 'oadm_fixed_divmul_correction_chain_LEVEL3_DW_mult_uns_0', port 'product[32]' is not connected to any nets. (LINT-28)
Warning: In design 'oadm_fixed_divmul_correction_chain_LEVEL3_DW_mult_uns_0', port 'product[6]' is not connected to any nets. (LINT-28)
Warning: In design 'oadm_fixed_divmul_correction_chain_LEVEL3_DW_mult_uns_0', port 'product[5]' is not connected to any nets. (LINT-28)
Warning: In design 'oadm_fixed_divmul_correction_chain_LEVEL3_DW_mult_uns_0', port 'product[4]' is not connected to any nets. (LINT-28)
Warning: In design 'oadm_fixed_divmul_correction_chain_LEVEL3_DW_mult_uns_0', port 'product[3]' is not connected to any nets. (LINT-28)
Warning: In design 'oadm_fixed_divmul_correction_chain_LEVEL3_DW_mult_uns_0', port 'product[2]' is not connected to any nets. (LINT-28)
Warning: In design 'oadm_fixed_divmul_correction_chain_LEVEL3_DW_mult_uns_0', port 'product[1]' is not connected to any nets. (LINT-28)
Warning: In design 'oadm_fixed_divmul_correction_chain_LEVEL3_DW_mult_uns_0', port 'product[0]' is not connected to any nets. (LINT-28)
Warning: In design 'fp32_normal_finite_wrapper_DW01_add_1_DW01_add_19', port 'CI' is not connected to any nets. (LINT-28)
Warning: In design 'fp32_normal_finite_wrapper_DW01_add_1_DW01_add_19', port 'CO' is not connected to any nets. (LINT-28)
Warning: In design 'fp32_normal_finite_wrapper_DW01_add_3_DW01_add_21', port 'CI' is not connected to any nets. (LINT-28)
Warning: In design 'fp32_normal_finite_wrapper_DW01_add_3_DW01_add_21', port 'CO' is not connected to any nets. (LINT-28)
Warning: In design 'oadm_fixed_divmul_correction_chain_LEVEL3', a pin on submodule 'level_3_accumulator_correction_csa_1' is connected to logic 1 or logic 0. (LINT-32)
   Pin 'input_b[0]' is connected to logic 0. 
Warning: In design 'oadm_fixed_divmul_correction_chain_LEVEL3', the same net is connected to more than one pin on submodule 'fp_wrapper'. (LINT-33)
   Net 'exponent_adjust[2]' is connected to pins 'exponent_adjust[2]', 'exponent_adjust[1]''.
Warning: In design 'oadm_fixed_divmul_correction_chain_LEVEL3', the same net is connected to more than one pin on submodule 'add_127'. (LINT-33)
   Net 'net9927' is connected to pins 'B[0]', 'CI''.
Warning: In design 'oadm_fixed_divmul_correction_chain_LEVEL3', the same net is connected to more than one pin on submodule 'sub_96'. (LINT-33)
   Net 'net9927' is connected to pins 'A[28]', 'A[27]'', 'A[26]', 'A[25]', 'A[24]', 'A[23]', 'A[22]', 'A[21]', 'A[20]', 'A[19]', 'A[18]', 'A[17]', 'A[16]', 'A[15]', 'A[14]', 'A[13]', 'A[12]', 'A[11]', 'A[10]', 'A[9]', 'A[8]', 'A[7]', 'A[6]', 'A[5]', 'A[4]', 'A[3]', 'A[2]', 'A[1]', 'A[0]', 'CI'.
Warning: In design 'oadm_fixed_divmul_correction_chain_LEVEL3', the same net is connected to more than one pin on submodule 'sub_95'. (LINT-33)
   Net 'net9927' is connected to pins 'A[28]', 'A[27]'', 'A[26]', 'A[25]', 'A[24]', 'A[23]', 'A[22]', 'A[21]', 'A[20]', 'A[19]', 'A[18]', 'A[17]', 'A[16]', 'A[15]', 'A[14]', 'A[13]', 'A[12]', 'A[11]', 'A[10]', 'A[9]', 'A[8]', 'A[7]', 'A[6]', 'A[5]', 'A[4]', 'A[3]', 'A[2]', 'A[1]', 'A[0]', 'CI'.
Warning: In design 'oadm_fixed_divmul_correction_chain_LEVEL3', the same net is connected to more than one pin on submodule 'sub_95'. (LINT-33)
   Net 'n1' is connected to pins 'B[28]', 'B[27]'', 'B[26]', 'B[25]'.
Warning: In design 'oadm_fixed_divmul_correction_chain_LEVEL3', the same net is connected to more than one pin on submodule 'sub_86'. (LINT-33)
   Net 'net9927' is connected to pins 'A[28]', 'A[27]'', 'A[26]', 'A[25]', 'A[24]', 'A[19]', 'A[18]', 'A[17]', 'A[16]', 'A[15]', 'A[14]', 'A[13]', 'A[12]', 'A[11]', 'A[10]', 'A[9]', 'A[8]', 'A[7]', 'A[6]', 'A[5]', 'A[4]', 'A[3]', 'A[2]', 'A[1]', 'A[0]', 'B[28]', 'B[27]', 'B[26]', 'B[25]', 'B[24]', 'CI'.
Warning: In design 'oadm_fixed_divmul_correction_chain_LEVEL3', the same net is connected to more than one pin on submodule 'sub_86'. (LINT-33)
   Net 'net9929' is connected to pins 'A[23]', 'A[20]'', 'B[23]'.
Warning: In design 'oadm_fixed_divmul_correction_chain_LEVEL3', the same net is connected to more than one pin on submodule 'sub_86'. (LINT-33)
   Net 'N953' is connected to pins 'A[22]', 'B[22]''.
Warning: In design 'oadm_fixed_divmul_correction_chain_LEVEL3', the same net is connected to more than one pin on submodule 'sub_86'. (LINT-33)
   Net 'N355' is connected to pins 'A[21]', 'B[21]''.
Warning: In design 'oadm_fixed_divmul_correction_chain_LEVEL3', the same net is connected to more than one pin on submodule 'sub_75'. (LINT-33)
   Net 'net9927' is connected to pins 'A[28]', 'A[27]'', 'A[26]', 'A[25]', 'A[24]', 'A[23]', 'A[22]', 'A[21]', 'A[20]', 'A[19]', 'A[18]', 'A[17]', 'A[16]', 'A[15]', 'A[14]', 'A[13]', 'A[12]', 'A[11]', 'A[10]', 'A[9]', 'A[8]', 'A[7]', 'A[6]', 'A[5]', 'A[4]', 'A[3]', 'A[2]', 'A[1]', 'A[0]', 'CI'.
Warning: In design 'oadm_fixed_divmul_correction_chain_LEVEL3', the same net is connected to more than one pin on submodule 'sub_75'. (LINT-33)
   Net 'N734' is connected to pins 'B[28]', 'B[27]'', 'B[26]', 'B[25]'.
Warning: In design 'oadm_fixed_divmul_correction_chain_LEVEL3', the same net is connected to more than one pin on submodule 'sub_74'. (LINT-33)
   Net 'net9927' is connected to pins 'A[28]', 'A[27]'', 'A[26]', 'A[25]', 'A[24]', 'A[23]', 'A[22]', 'A[21]', 'A[20]', 'A[19]', 'A[18]', 'A[17]', 'A[16]', 'A[15]', 'A[14]', 'A[13]', 'A[12]', 'A[11]', 'A[10]', 'A[9]', 'A[8]', 'A[7]', 'A[6]', 'A[5]', 'A[4]', 'A[3]', 'A[2]', 'A[1]', 'A[0]', 'CI'.
Warning: In design 'oadm_fixed_divmul_correction_chain_LEVEL3', the same net is connected to more than one pin on submodule 'sub_74'. (LINT-33)
   Net 'N705' is connected to pins 'B[28]', 'B[27]'', 'B[26]', 'B[25]'.
Warning: In design 'oadm_fixed_divmul_correction_chain_LEVEL3', the same net is connected to more than one pin on submodule 'sub_65'. (LINT-33)
   Net 'net9927' is connected to pins 'A[25]', 'A[24]'', 'A[20]', 'A[19]', 'A[18]', 'A[17]', 'A[16]', 'A[15]', 'A[14]', 'A[13]', 'A[12]', 'A[11]', 'A[10]', 'A[9]', 'A[8]', 'A[7]', 'A[6]', 'A[5]', 'A[4]', 'A[3]', 'A[2]', 'A[1]', 'A[0]', 'B[25]', 'B[24]', 'CI'.
Warning: In design 'oadm_fixed_divmul_correction_chain_LEVEL3', the same net is connected to more than one pin on submodule 'sub_65'. (LINT-33)
   Net 'net9929' is connected to pins 'A[23]', 'A[21]'', 'B[23]'.
Warning: In design 'oadm_fixed_divmul_correction_chain_LEVEL3', the same net is connected to more than one pin on submodule 'sub_65'. (LINT-33)
   Net 'N953' is connected to pins 'A[22]', 'B[22]''.
Warning: In design 'oadm_fixed_divmul_correction_chain_LEVEL3', the same net is connected to more than one pin on submodule 'sub_54'. (LINT-33)
   Net 'net9927' is connected to pins 'A[28]', 'A[27]'', 'A[26]', 'A[25]', 'A[24]', 'A[23]', 'A[22]', 'A[21]', 'A[20]', 'A[19]', 'A[18]', 'A[17]', 'A[16]', 'A[15]', 'A[14]', 'A[13]', 'A[12]', 'A[11]', 'A[10]', 'A[9]', 'A[8]', 'A[7]', 'A[6]', 'A[5]', 'A[4]', 'A[3]', 'A[2]', 'A[1]', 'A[0]', 'CI'.
Warning: In design 'oadm_fixed_divmul_correction_chain_LEVEL3', the same net is connected to more than one pin on submodule 'sub_54'. (LINT-33)
   Net 'N419' is connected to pins 'B[28]', 'B[27]'', 'B[26]', 'B[25]'.
Warning: In design 'oadm_fixed_divmul_correction_chain_LEVEL3', the same net is connected to more than one pin on submodule 'sub_53'. (LINT-33)
   Net 'net9927' is connected to pins 'A[28]', 'A[27]'', 'A[26]', 'A[25]', 'A[24]', 'A[23]', 'A[22]', 'A[21]', 'A[20]', 'A[19]', 'A[18]', 'A[17]', 'A[16]', 'A[15]', 'A[14]', 'A[13]', 'A[12]', 'A[11]', 'A[10]', 'A[9]', 'A[8]', 'A[7]', 'A[6]', 'A[5]', 'A[4]', 'A[3]', 'A[2]', 'A[1]', 'A[0]', 'CI'.
Warning: In design 'oadm_fixed_divmul_correction_chain_LEVEL3', the same net is connected to more than one pin on submodule 'sub_53'. (LINT-33)
   Net 'N390' is connected to pins 'B[28]', 'B[27]'', 'B[26]', 'B[25]'.
Warning: In design 'oadm_fixed_divmul_correction_chain_LEVEL3', the same net is connected to more than one pin on submodule 'sub_42'. (LINT-33)
   Net 'net9927' is connected to pins 'A[25]', 'A[24]'', 'A[21]', 'A[20]', 'A[19]', 'A[18]', 'A[17]', 'A[16]', 'A[15]', 'A[14]', 'A[13]', 'A[12]', 'A[11]', 'A[10]', 'A[9]', 'A[8]', 'A[7]', 'A[6]', 'A[5]', 'A[4]', 'A[3]', 'A[2]', 'A[1]', 'A[0]', 'B[25]', 'B[24]', 'CI'.
Warning: In design 'oadm_fixed_divmul_correction_chain_LEVEL3', the same net is connected to more than one pin on submodule 'sub_42'. (LINT-33)
   Net 'net9929' is connected to pins 'A[23]', 'A[22]'', 'B[23]'.
Warning: In design 'oadm_fixed_divmul_correction_chain_LEVEL3', the same net is connected to more than one pin on submodule 'add_1_root_add_97_2'. (LINT-33)
   Net 'term_1_28' is connected to pins 'A[25]', 'A[24]''.
Warning: In design 'oadm_fixed_divmul_correction_chain_LEVEL3', the same net is connected to more than one pin on submodule 'add_1_root_add_97_2'. (LINT-33)
   Net 'term_2_28' is connected to pins 'B[25]', 'B[24]''.
Warning: In design 'oadm_fixed_divmul_correction_chain_LEVEL3', the same net is connected to more than one pin on submodule 'add_1_root_add_55_2'. (LINT-33)
   Net 'N483' is connected to pins 'A[27]', 'A[26]''.
Warning: In design 'oadm_fixed_divmul_correction_chain_LEVEL3', the same net is connected to more than one pin on submodule 'add_1_root_add_55_2'. (LINT-33)
   Net 'N538' is connected to pins 'B[27]', 'B[26]''.
Warning: In design 'oadm_fixed_divmul_correction_chain_LEVEL3', the same net is connected to more than one pin on submodule 'add_1_root_add_76_2'. (LINT-33)
   Net 'N798' is connected to pins 'A[26]', 'A[25]''.
Warning: In design 'oadm_fixed_divmul_correction_chain_LEVEL3', the same net is connected to more than one pin on submodule 'add_1_root_add_76_2'. (LINT-33)
   Net 'N851' is connected to pins 'B[26]', 'B[25]''.
Warning: In design 'oadm_fixed_divmul_correction_chain_LEVEL3', the same net is connected to more than one pin on submodule 'add_2_root_add_46_4'. (LINT-33)
   Net 'net9927' is connected to pins 'A[27]', 'A[26]'', 'A[25]', 'A[24]', 'A[23]', 'B[27]', 'B[26]', 'B[25]', 'B[24]', 'CI'.
Warning: In design 'oadm_fixed_divmul_correction_chain_LEVEL3', the same net is connected to more than one pin on submodule 'add_2_root_add_46_4'. (LINT-33)
   Net 'net9929' is connected to pins 'A[22]', 'B[23]''.
Warning: In design 'oadm_fixed_divmul_correction_chain_LEVEL3', the same net is connected to more than one pin on submodule 'add_1_root_add_0_root_add_46_4'. (LINT-33)
   Net 'net9927' is connected to pins 'A[28]', 'A[27]'', 'A[26]', 'A[25]', 'A[24]', 'A[23]', 'CI'.
Warning: In design 'oadm_fixed_divmul_correction_chain_LEVEL3', the same net is connected to more than one pin on submodule 'add_1_root_add_0_root_add_46_4'. (LINT-33)
   Net 'net9929' is connected to pins 'A[22]', 'B[28]'', 'B[27]', 'B[26]', 'B[25]', 'B[24]'.
Warning: In design 'oadm_fixed_divmul_correction_chain_LEVEL3', the same net is connected to more than one pin on submodule 'add_0_root_add_0_root_add_46_4'. (LINT-33)
   Net 'net9927' is connected to pins 'A[28]', 'A[27]'', 'A[26]', 'A[25]', 'CI'.
Warning: In design 'oadm_fixed_divmul_correction_chain_LEVEL3', the same net is connected to more than one pin on submodule 'sub_2_root_sub_39_2'. (LINT-33)
   Net 'net9927' is connected to pins 'A[27]', 'A[26]'', 'A[25]', 'A[24]', 'A[23]', 'B[27]', 'B[26]', 'B[25]', 'B[24]', 'CI'.
Warning: In design 'oadm_fixed_divmul_correction_chain_LEVEL3', the same net is connected to more than one pin on submodule 'sub_2_root_sub_39_2'. (LINT-33)
   Net 'net9929' is connected to pins 'A[22]', 'B[23]''.
Warning: In design 'oadm_fixed_divmul_correction_chain_LEVEL3', the same net is connected to more than one pin on submodule 'sub_1_root_sub_0_root_sub_39_2'. (LINT-33)
   Net 'net9927' is connected to pins 'A[28]', 'A[27]'', 'A[26]', 'B[28]', 'B[27]', 'B[26]', 'B[25]', 'B[24]', 'B[23]', 'CI'.
Warning: In design 'oadm_fixed_divmul_correction_chain_LEVEL3', the same net is connected to more than one pin on submodule 'sub_1_root_sub_0_root_sub_39_2'. (LINT-33)
   Net 'N52' is connected to pins 'A[24]', 'A[23]''.
Warning: In design 'oadm_fixed_divmul_correction_chain_LEVEL3', the same net is connected to more than one pin on submodule 'add_0_root_sub_0_root_sub_39_2'. (LINT-33)
   Net 'net9929' is connected to pins 'A[28]', 'A[27]'', 'A[26]', 'A[25]', 'A[24]'.
1
 
****************************************
Report : area
Design : oadm_fixed_l3_divmul_correction_chain
Version: U-2022.12-SP7
Date   : Thu Sep  3 21:18:36 2026
****************************************

Library(s) Used:

    tcbn65gplustc_ccs (File: /courses/ee6350/pdk2025/tcbn65gplus/TSMCHOME/digital/Front_End/timing_power_noise/CCS/tcbn65gplus_200a/tcbn65gplustc_ccs.db)

Number of ports:                         2426
Number of nets:                          4459
Number of cells:                         2134
Number of combinational cells:           2107
Number of sequential cells:                 0
Number of macros/black boxes:               0
Number of buf/inv:                        424
Number of references:                       2

Combinational area:               7728.120028
Buf/Inv area:                      489.600019
Noncombinational area:               0.000000
Macro/Black Box area:                0.000000
Net Interconnect area:      undefined  (Wire load has zero net area)

Total cell area:                  7728.120028
Total area:                 undefined
1
 
****************************************
Report : area
Design : oadm_fixed_l3_divmul_correction_chain
Version: U-2022.12-SP7
Date   : Thu Sep  3 21:18:36 2026
****************************************

Library(s) Used:

    tcbn65gplustc_ccs (File: /courses/ee6350/pdk2025/tcbn65gplus/TSMCHOME/digital/Front_End/timing_power_noise/CCS/tcbn65gplus_200a/tcbn65gplustc_ccs.db)

Number of ports:                         2426
Number of nets:                          4459
Number of cells:                         2134
Number of combinational cells:           2107
Number of sequential cells:                 0
Number of macros/black boxes:               0
Number of buf/inv:                        424
Number of references:                       2

Combinational area:               7728.120028
Buf/Inv area:                      489.600019
Noncombinational area:               0.000000
Macro/Black Box area:                0.000000
Net Interconnect area:      undefined  (Wire load has zero net area)

Total cell area:                  7728.120028
Total area:                 undefined

Hierarchical area distribution
------------------------------

                                  Global cell area          Local cell area
                                  ------------------  ---------------------------- 
Hierarchical cell                 Absolute   Percent  Combi-     Noncombi-  Black-
                                  Total      Total    national   national   boxes   Design
--------------------------------  ---------  -------  ---------  ---------  ------  -------------------------------------------------------
oadm_fixed_l3_divmul_correction_chain
                                  7728.1200    100.0     1.4400     0.0000  0.0000  oadm_fixed_l3_divmul_correction_chain
impl                              7726.6800    100.0  1543.6800     0.0000  0.0000  oadm_fixed_divmul_correction_chain_LEVEL3
impl/add_0_root_add_0_root_add_46_4
                                   241.9200      3.1   241.9200     0.0000  0.0000  oadm_fixed_divmul_correction_chain_LEVEL3_DW01_add_8
impl/add_0_root_sub_0_root_sub_39_2
                                   240.4800      3.1   240.4800     0.0000  0.0000  oadm_fixed_divmul_correction_chain_LEVEL3_DW01_add_6
impl/add_127                       247.3200      3.2   247.3200     0.0000  0.0000  oadm_fixed_divmul_correction_chain_LEVEL3_DW01_add_0
impl/add_1_root_add_0_root_add_46_4
                                   211.6800      2.7   211.6800     0.0000  0.0000  oadm_fixed_divmul_correction_chain_LEVEL3_DW01_add_9
impl/add_1_root_add_55_2           245.8800      3.2   245.8800     0.0000  0.0000  oadm_fixed_divmul_correction_chain_LEVEL3_DW01_add_13
impl/add_1_root_add_76_2           236.8800      3.1   236.8800     0.0000  0.0000  oadm_fixed_divmul_correction_chain_LEVEL3_DW01_add_15
impl/add_1_root_add_97_2           227.8800      2.9   227.8800     0.0000  0.0000  oadm_fixed_divmul_correction_chain_LEVEL3_DW01_add_17
impl/add_2_root_add_46_4           201.6000      2.6   201.6000     0.0000  0.0000  oadm_fixed_divmul_correction_chain_LEVEL3_DW01_add_10
impl/fp_wrapper                    438.1200      5.7   306.3600     0.0000  0.0000  fp32_normal_finite_wrapper
impl/fp_wrapper/add_1_root_add_0_root_add_22_2
                                    65.8800      0.9    65.8800     0.0000  0.0000  fp32_normal_finite_wrapper_DW01_add_1_DW01_add_19
impl/fp_wrapper/add_1_root_add_0_root_add_25_2
                                    65.8800      0.9    65.8800     0.0000  0.0000  fp32_normal_finite_wrapper_DW01_add_3_DW01_add_21
impl/level_3_accumulator_correction_csa_0
                                   288.3600      3.7   288.3600     0.0000  0.0000  csa3_WIDTH29_0
impl/level_3_accumulator_correction_csa_1
                                   284.4000      3.7   284.4000     0.0000  0.0000  csa3_WIDTH29_1
impl/mult_158                     1347.4800     17.4  1347.4800     0.0000  0.0000  oadm_fixed_divmul_correction_chain_LEVEL3_DW_mult_uns_0
impl/sub_1_root_sub_0_root_sub_39_2
                                   242.6400      3.1   242.6400     0.0000  0.0000  oadm_fixed_divmul_correction_chain_LEVEL3_DW01_sub_17
impl/sub_2_root_sub_39_2           223.2000      2.9   223.2000     0.0000  0.0000  oadm_fixed_divmul_correction_chain_LEVEL3_DW01_sub_18
impl/sub_42                        152.2800      2.0   152.2800     0.0000  0.0000  oadm_fixed_divmul_correction_chain_LEVEL3_DW01_sub_16
impl/sub_53                        176.4000      2.3   176.4000     0.0000  0.0000  oadm_fixed_divmul_correction_chain_LEVEL3_DW01_sub_13
impl/sub_54                        176.4000      2.3   176.4000     0.0000  0.0000  oadm_fixed_divmul_correction_chain_LEVEL3_DW01_sub_12
impl/sub_65                        157.3200      2.0   157.3200     0.0000  0.0000  oadm_fixed_divmul_correction_chain_LEVEL3_DW01_sub_11
impl/sub_74                        170.2800      2.2   170.2800     0.0000  0.0000  oadm_fixed_divmul_correction_chain_LEVEL3_DW01_sub_8
impl/sub_75                        170.2800      2.2   170.2800     0.0000  0.0000  oadm_fixed_divmul_correction_chain_LEVEL3_DW01_sub_7
impl/sub_86                        163.0800      2.1   163.0800     0.0000  0.0000  oadm_fixed_divmul_correction_chain_LEVEL3_DW01_sub_4
impl/sub_95                        169.5600      2.2   169.5600     0.0000  0.0000  oadm_fixed_divmul_correction_chain_LEVEL3_DW01_sub_1
impl/sub_96                        169.5600      2.2   169.5600     0.0000  0.0000  oadm_fixed_divmul_correction_chain_LEVEL3_DW01_sub_0
--------------------------------  ---------  -------  ---------  ---------  ------  -------------------------------------------------------
Total                                                 7728.1200     0.0000  0.0000

1
Information: Propagating switching activity (medium effort zero delay simulation). (PWR-6)
Warning: Design has unannotated primary inputs. (PWR-414)
 
****************************************
Report : power
        -hier
        -analysis_effort medium
        -verbose
Design : oadm_fixed_l3_divmul_correction_chain
Version: U-2022.12-SP7
Date   : Thu Sep  3 21:18:36 2026
****************************************


Library(s) Used:

    tcbn65gplustc_ccs (File: /courses/ee6350/pdk2025/tcbn65gplus/TSMCHOME/digital/Front_End/timing_power_noise/CCS/tcbn65gplus_200a/tcbn65gplustc_ccs.db)


Operating Conditions: NCCOM   Library: tcbn65gplustc_ccs
Wire Load Model Mode: segmented

Design        Wire Load Model            Library
------------------------------------------------
oadm_fixed_l3_divmul_correction_chain
                       ZeroWireload      tcbn65gplustc_ccs
oadm_fixed_divmul_correction_chain_LEVEL3
                       ZeroWireload      tcbn65gplustc_ccs
csa3_WIDTH29_0         ZeroWireload      tcbn65gplustc_ccs
fp32_normal_finite_wrapper
                       ZeroWireload      tcbn65gplustc_ccs
csa3_WIDTH29_1         ZeroWireload      tcbn65gplustc_ccs
oadm_fixed_divmul_correction_chain_LEVEL3_DW01_add_0
                       ZeroWireload      tcbn65gplustc_ccs
oadm_fixed_divmul_correction_chain_LEVEL3_DW01_sub_0
                       ZeroWireload      tcbn65gplustc_ccs
oadm_fixed_divmul_correction_chain_LEVEL3_DW01_sub_1
                       ZeroWireload      tcbn65gplustc_ccs
oadm_fixed_divmul_correction_chain_LEVEL3_DW01_sub_4
                       ZeroWireload      tcbn65gplustc_ccs
oadm_fixed_divmul_correction_chain_LEVEL3_DW01_sub_7
                       ZeroWireload      tcbn65gplustc_ccs
oadm_fixed_divmul_correction_chain_LEVEL3_DW01_sub_8
                       ZeroWireload      tcbn65gplustc_ccs
oadm_fixed_divmul_correction_chain_LEVEL3_DW01_sub_11
                       ZeroWireload      tcbn65gplustc_ccs
oadm_fixed_divmul_correction_chain_LEVEL3_DW01_sub_12
                       ZeroWireload      tcbn65gplustc_ccs
oadm_fixed_divmul_correction_chain_LEVEL3_DW01_sub_13
                       ZeroWireload      tcbn65gplustc_ccs
oadm_fixed_divmul_correction_chain_LEVEL3_DW01_sub_16
                       ZeroWireload      tcbn65gplustc_ccs
oadm_fixed_divmul_correction_chain_LEVEL3_DW01_add_6
                       ZeroWireload      tcbn65gplustc_ccs
oadm_fixed_divmul_correction_chain_LEVEL3_DW01_sub_17
                       ZeroWireload      tcbn65gplustc_ccs
oadm_fixed_divmul_correction_chain_LEVEL3_DW01_sub_18
                       ZeroWireload      tcbn65gplustc_ccs
oadm_fixed_divmul_correction_chain_LEVEL3_DW01_add_8
                       ZeroWireload      tcbn65gplustc_ccs
oadm_fixed_divmul_correction_chain_LEVEL3_DW01_add_9
                       ZeroWireload      tcbn65gplustc_ccs
oadm_fixed_divmul_correction_chain_LEVEL3_DW01_add_10
                       ZeroWireload      tcbn65gplustc_ccs
oadm_fixed_divmul_correction_chain_LEVEL3_DW01_add_13
                       ZeroWireload      tcbn65gplustc_ccs
oadm_fixed_divmul_correction_chain_LEVEL3_DW01_add_15
                       ZeroWireload      tcbn65gplustc_ccs
oadm_fixed_divmul_correction_chain_LEVEL3_DW01_add_17
                       ZeroWireload      tcbn65gplustc_ccs
oadm_fixed_divmul_correction_chain_LEVEL3_DW_mult_uns_0
                       ZeroWireload      tcbn65gplustc_ccs
fp32_normal_finite_wrapper_DW01_add_1_DW01_add_19
                       ZeroWireload      tcbn65gplustc_ccs
fp32_normal_finite_wrapper_DW01_add_3_DW01_add_21
                       ZeroWireload      tcbn65gplustc_ccs


Global Operating Voltage = 1    
Power-specific unit information :
    Voltage Units = 1V
    Capacitance Units = 1.000000pf
    Time Units = 1ns
    Dynamic Power Units = 1mW    (derived from V,C,T units)
    Leakage Power Units = 1nW


--------------------------------------------------------------------------------
                                       Switch   Int      Leak     Total
Hierarchy                              Power    Power    Power    Power    %
--------------------------------------------------------------------------------
oadm_fixed_l3_divmul_correction_chain  8.39e-02    0.246 4.64e+04    0.377 100.0
  impl (oadm_fixed_divmul_correction_chain_LEVEL3)
                                       8.36e-02    0.246 4.64e+04    0.376  99.9
    add_0_root_sub_0_root_sub_39_2 (oadm_fixed_divmul_correction_chain_LEVEL3_DW01_add_6)
                                       1.16e-03 9.48e-03 1.65e+03 1.23e-02   3.3
    sub_1_root_sub_0_root_sub_39_2 (oadm_fixed_divmul_correction_chain_LEVEL3_DW01_sub_17)
                                       1.58e-03 5.79e-03 1.63e+03 9.01e-03   2.4
    sub_2_root_sub_39_2 (oadm_fixed_divmul_correction_chain_LEVEL3_DW01_sub_18)
                                       1.10e-03 5.64e-03 1.49e+03 8.23e-03   2.2
    add_0_root_add_0_root_add_46_4 (oadm_fixed_divmul_correction_chain_LEVEL3_DW01_add_8)
                                       1.12e-03 9.66e-03 1.68e+03 1.25e-02   3.3
    add_1_root_add_0_root_add_46_4 (oadm_fixed_divmul_correction_chain_LEVEL3_DW01_add_9)
                                       1.42e-03 5.71e-03 1.47e+03 8.60e-03   2.3
    add_2_root_add_46_4 (oadm_fixed_divmul_correction_chain_LEVEL3_DW01_add_10)
                                       8.40e-04 5.56e-03 1.40e+03 7.80e-03   2.1
    add_1_root_add_76_2 (oadm_fixed_divmul_correction_chain_LEVEL3_DW01_add_15)
                                       1.85e-03 8.47e-03 1.66e+03 1.20e-02   3.2
    add_1_root_add_55_2 (oadm_fixed_divmul_correction_chain_LEVEL3_DW01_add_13)
                                       1.98e-03 9.00e-03 1.72e+03 1.27e-02   3.4
    add_1_root_add_97_2 (oadm_fixed_divmul_correction_chain_LEVEL3_DW01_add_17)
                                       1.77e-03 8.02e-03 1.59e+03 1.14e-02   3.0
    mult_158 (oadm_fixed_divmul_correction_chain_LEVEL3_DW_mult_uns_0)
                                       2.28e-02 7.60e-02 7.70e+03    0.106  28.3
    sub_42 (oadm_fixed_divmul_correction_chain_LEVEL3_DW01_sub_16)
                                       5.22e-04 1.26e-03  950.323 2.73e-03   0.7
    sub_53 (oadm_fixed_divmul_correction_chain_LEVEL3_DW01_sub_13)
                                       5.60e-04 1.37e-03 1.10e+03 3.03e-03   0.8
    sub_54 (oadm_fixed_divmul_correction_chain_LEVEL3_DW01_sub_12)
                                       9.86e-04 2.35e-03 1.10e+03 4.43e-03   1.2
    sub_65 (oadm_fixed_divmul_correction_chain_LEVEL3_DW01_sub_11)
                                       5.22e-04 1.32e-03  969.321 2.81e-03   0.7
    sub_74 (oadm_fixed_divmul_correction_chain_LEVEL3_DW01_sub_8)
                                       5.31e-04 1.31e-03 1.06e+03 2.90e-03   0.8
    sub_75 (oadm_fixed_divmul_correction_chain_LEVEL3_DW01_sub_7)
                                       9.30e-04 2.24e-03 1.06e+03 4.23e-03   1.1
    sub_86 (oadm_fixed_divmul_correction_chain_LEVEL3_DW01_sub_4)
                                       5.67e-04 1.40e-03 1.01e+03 2.97e-03   0.8
    sub_95 (oadm_fixed_divmul_correction_chain_LEVEL3_DW01_sub_1)
                                       5.10e-04 1.29e-03 1.04e+03 2.84e-03   0.8
    sub_96 (oadm_fixed_divmul_correction_chain_LEVEL3_DW01_sub_0)
                                       8.99e-04 2.23e-03 1.05e+03 4.19e-03   1.1
    add_127 (oadm_fixed_divmul_correction_chain_LEVEL3_DW01_add_0)
                                       2.97e-03 1.46e-02 1.73e+03 1.93e-02   5.1
    fp_wrapper (fp32_normal_finite_wrapper)
                                       9.09e-03 1.30e-02 2.96e+03 2.50e-02   6.6
      add_1_root_add_0_root_add_22_2 (fp32_normal_finite_wrapper_DW01_add_1_DW01_add_19)
                                       2.64e-04 1.70e-03  451.245 2.42e-03   0.6
      add_1_root_add_0_root_add_25_2 (fp32_normal_finite_wrapper_DW01_add_3_DW01_add_21)
                                       2.71e-04 1.77e-03  456.251 2.49e-03   0.7
    level_3_accumulator_correction_csa_1 (csa3_WIDTH29_1)
                                       4.89e-03 1.42e-02 1.67e+03 2.07e-02   5.5
    level_3_accumulator_correction_csa_0 (csa3_WIDTH29_0)
                                       5.31e-03 1.32e-02 1.69e+03 2.02e-02   5.4
1
 
****************************************
Report : constraint
        -all_violators
        -verbose
Design : oadm_fixed_l3_divmul_correction_chain
Version: U-2022.12-SP7
Date   : Thu Sep  3 21:18:36 2026
****************************************


    Design: oadm_fixed_l3_divmul_correction_chain

    max_area               0.00
  - Current Area        7728.12
  ------------------------------
    Slack              -7728.12  (VIOLATED)


1
