 
****************************************
Report : timing
        -path full
        -delay min
        -max_paths 20
Design : oadm_fixed_l3_p2
Version: U-2022.12-SP7
Date   : Tue Aug 18 15:15:20 2026
****************************************

Operating Conditions: NCCOM   Library: tcbn65gplustc_ccs
Wire Load Model Mode: segmented

  Startpoint: y[31] (input port clocked by clk)
  Endpoint: impl/impl/cut2/gen_register_data_reg_reg_3_
            (rising edge-triggered flip-flop clocked by clk)
  Path Group: clk
  Path Type: min

  Des/Clust/Port     Wire Load Model       Library
  ------------------------------------------------
  oadm_dm_pipe_44    ZeroWireload          tcbn65gplustc_ccs
  oadm_fixed_l3_p2   ZeroWireload          tcbn65gplustc_ccs
  oadm_dm_fixed_pipe_3_44 ZeroWireload     tcbn65gplustc_ccs
  oadm_pipe_cut_198_0 ZeroWireload         tcbn65gplustc_ccs
  oadm_pipe_cut_227_0 ZeroWireload         tcbn65gplustc_ccs
  oadm_pipe_cut_169_1 ZeroWireload         tcbn65gplustc_ccs

  Point                                                      Incr       Path
  -----------------------------------------------------------------------------
  clock clk (rise edge)                                      0.00       0.00
  clock network delay (ideal)                                0.00       0.00
  input external delay                                       0.02       0.02 f
  y[31] (in)                                                 0.01       0.03 f
  impl/y[31] (oadm_dm_fixed_pipe_3_44)                       0.00       0.03 f
  impl/impl/y[31] (oadm_dm_pipe_44)                          0.00       0.03 f
  impl/impl/U1741/Z (XOR2D0)                                 0.04       0.06 f
  impl/impl/cut0/data_in[3] (oadm_pipe_cut_198_0)            0.00       0.06 f
  impl/impl/cut0/U49/Z (BUFFD0)                              0.03       0.09 f
  impl/impl/cut0/data_out[3] (oadm_pipe_cut_198_0)           0.00       0.09 f
  impl/impl/cut1/data_in[3] (oadm_pipe_cut_227_0)            0.00       0.09 f
  impl/impl/cut1/U58/Z (BUFFD0)                              0.03       0.12 f
  impl/impl/cut1/data_out[3] (oadm_pipe_cut_227_0)           0.00       0.12 f
  impl/impl/cut2/data_in[3] (oadm_pipe_cut_169_1)            0.00       0.12 f
  impl/impl/cut2/gen_register_data_reg_reg_3_/D (DFQD1)      0.00       0.12 f
  data arrival time                                                     0.12

  clock clk (rise edge)                                      0.00       0.00
  clock network delay (ideal)                                0.00       0.00
  impl/impl/cut2/gen_register_data_reg_reg_3_/CP (DFQD1)     0.00       0.00 r
  library hold time                                          0.02       0.02
  data required time                                                    0.02
  -----------------------------------------------------------------------------
  data required time                                                    0.02
  data arrival time                                                    -0.12
  -----------------------------------------------------------------------------
  slack (MET)                                                           0.10


  Startpoint: impl/impl/cut6/gen_register_data_reg_reg_18_
              (rising edge-triggered flip-flop clocked by clk)
  Endpoint: result[18] (output port clocked by clk)
  Path Group: clk
  Path Type: min

  Des/Clust/Port     Wire Load Model       Library
  ------------------------------------------------
  oadm_pipe_cut_32_1 ZeroWireload          tcbn65gplustc_ccs
  oadm_pipe_cut_45_0 ZeroWireload          tcbn65gplustc_ccs
  oadm_pipe_cut_75_0 ZeroWireload          tcbn65gplustc_ccs
  oadm_pipe_cut_53_0 ZeroWireload          tcbn65gplustc_ccs
  oadm_pipe_cut_169_1 ZeroWireload         tcbn65gplustc_ccs
  oadm_pipe_cut_227_0 ZeroWireload         tcbn65gplustc_ccs
  oadm_pipe_cut_198_0 ZeroWireload         tcbn65gplustc_ccs
  oadm_dm_pipe_44    ZeroWireload          tcbn65gplustc_ccs
  oadm_fixed_l3_p2   ZeroWireload          tcbn65gplustc_ccs
  oadm_dm_fixed_pipe_3_44 ZeroWireload     tcbn65gplustc_ccs

  Point                                                        Incr       Path
  -------------------------------------------------------------------------------
  clock clk (rise edge)                                        0.00       0.00
  clock network delay (ideal)                                  0.00       0.00
  impl/impl/cut6/gen_register_data_reg_reg_18_/CP (DFQD1)      0.00       0.00 r
  impl/impl/cut6/gen_register_data_reg_reg_18_/Q (DFQD1)       0.09       0.09 r
  impl/impl/cut6/data_out[18] (oadm_pipe_cut_32_1)             0.00       0.09 r
  impl/impl/result[18] (oadm_dm_pipe_44)                       0.00       0.09 r
  impl/result[18] (oadm_dm_fixed_pipe_3_44)                    0.00       0.09 r
  result[18] (out)                                             0.00       0.09 r
  data arrival time                                                       0.09

  clock clk (rise edge)                                        0.00       0.00
  clock network delay (ideal)                                  0.00       0.00
  output external delay                                       -0.02      -0.02
  data required time                                                     -0.02
  -------------------------------------------------------------------------------
  data required time                                                     -0.02
  data arrival time                                                      -0.09
  -------------------------------------------------------------------------------
  slack (MET)                                                             0.11


  Startpoint: impl/impl/cut6/gen_register_data_reg_reg_17_
              (rising edge-triggered flip-flop clocked by clk)
  Endpoint: result[17] (output port clocked by clk)
  Path Group: clk
  Path Type: min

  Des/Clust/Port     Wire Load Model       Library
  ------------------------------------------------
  oadm_pipe_cut_32_1 ZeroWireload          tcbn65gplustc_ccs
  oadm_pipe_cut_45_0 ZeroWireload          tcbn65gplustc_ccs
  oadm_pipe_cut_75_0 ZeroWireload          tcbn65gplustc_ccs
  oadm_pipe_cut_53_0 ZeroWireload          tcbn65gplustc_ccs
  oadm_pipe_cut_169_1 ZeroWireload         tcbn65gplustc_ccs
  oadm_pipe_cut_227_0 ZeroWireload         tcbn65gplustc_ccs
  oadm_pipe_cut_198_0 ZeroWireload         tcbn65gplustc_ccs
  oadm_dm_pipe_44    ZeroWireload          tcbn65gplustc_ccs
  oadm_fixed_l3_p2   ZeroWireload          tcbn65gplustc_ccs
  oadm_dm_fixed_pipe_3_44 ZeroWireload     tcbn65gplustc_ccs

  Point                                                        Incr       Path
  -------------------------------------------------------------------------------
  clock clk (rise edge)                                        0.00       0.00
  clock network delay (ideal)                                  0.00       0.00
  impl/impl/cut6/gen_register_data_reg_reg_17_/CP (DFQD1)      0.00       0.00 r
  impl/impl/cut6/gen_register_data_reg_reg_17_/Q (DFQD1)       0.09       0.09 r
  impl/impl/cut6/data_out[17] (oadm_pipe_cut_32_1)             0.00       0.09 r
  impl/impl/result[17] (oadm_dm_pipe_44)                       0.00       0.09 r
  impl/result[17] (oadm_dm_fixed_pipe_3_44)                    0.00       0.09 r
  result[17] (out)                                             0.00       0.09 r
  data arrival time                                                       0.09

  clock clk (rise edge)                                        0.00       0.00
  clock network delay (ideal)                                  0.00       0.00
  output external delay                                       -0.02      -0.02
  data required time                                                     -0.02
  -------------------------------------------------------------------------------
  data required time                                                     -0.02
  data arrival time                                                      -0.09
  -------------------------------------------------------------------------------
  slack (MET)                                                             0.11


  Startpoint: impl/impl/cut6/gen_register_data_reg_reg_16_
              (rising edge-triggered flip-flop clocked by clk)
  Endpoint: result[16] (output port clocked by clk)
  Path Group: clk
  Path Type: min

  Des/Clust/Port     Wire Load Model       Library
  ------------------------------------------------
  oadm_pipe_cut_32_1 ZeroWireload          tcbn65gplustc_ccs
  oadm_pipe_cut_45_0 ZeroWireload          tcbn65gplustc_ccs
  oadm_pipe_cut_75_0 ZeroWireload          tcbn65gplustc_ccs
  oadm_pipe_cut_53_0 ZeroWireload          tcbn65gplustc_ccs
  oadm_pipe_cut_169_1 ZeroWireload         tcbn65gplustc_ccs
  oadm_pipe_cut_227_0 ZeroWireload         tcbn65gplustc_ccs
  oadm_pipe_cut_198_0 ZeroWireload         tcbn65gplustc_ccs
  oadm_dm_pipe_44    ZeroWireload          tcbn65gplustc_ccs
  oadm_fixed_l3_p2   ZeroWireload          tcbn65gplustc_ccs
  oadm_dm_fixed_pipe_3_44 ZeroWireload     tcbn65gplustc_ccs

  Point                                                        Incr       Path
  -------------------------------------------------------------------------------
  clock clk (rise edge)                                        0.00       0.00
  clock network delay (ideal)                                  0.00       0.00
  impl/impl/cut6/gen_register_data_reg_reg_16_/CP (DFQD1)      0.00       0.00 r
  impl/impl/cut6/gen_register_data_reg_reg_16_/Q (DFQD1)       0.09       0.09 r
  impl/impl/cut6/data_out[16] (oadm_pipe_cut_32_1)             0.00       0.09 r
  impl/impl/result[16] (oadm_dm_pipe_44)                       0.00       0.09 r
  impl/result[16] (oadm_dm_fixed_pipe_3_44)                    0.00       0.09 r
  result[16] (out)                                             0.00       0.09 r
  data arrival time                                                       0.09

  clock clk (rise edge)                                        0.00       0.00
  clock network delay (ideal)                                  0.00       0.00
  output external delay                                       -0.02      -0.02
  data required time                                                     -0.02
  -------------------------------------------------------------------------------
  data required time                                                     -0.02
  data arrival time                                                      -0.09
  -------------------------------------------------------------------------------
  slack (MET)                                                             0.11


  Startpoint: impl/impl/cut6/gen_register_data_reg_reg_15_
              (rising edge-triggered flip-flop clocked by clk)
  Endpoint: result[15] (output port clocked by clk)
  Path Group: clk
  Path Type: min

  Des/Clust/Port     Wire Load Model       Library
  ------------------------------------------------
  oadm_pipe_cut_32_1 ZeroWireload          tcbn65gplustc_ccs
  oadm_pipe_cut_45_0 ZeroWireload          tcbn65gplustc_ccs
  oadm_pipe_cut_75_0 ZeroWireload          tcbn65gplustc_ccs
  oadm_pipe_cut_53_0 ZeroWireload          tcbn65gplustc_ccs
  oadm_pipe_cut_169_1 ZeroWireload         tcbn65gplustc_ccs
  oadm_pipe_cut_227_0 ZeroWireload         tcbn65gplustc_ccs
  oadm_pipe_cut_198_0 ZeroWireload         tcbn65gplustc_ccs
  oadm_dm_pipe_44    ZeroWireload          tcbn65gplustc_ccs
  oadm_fixed_l3_p2   ZeroWireload          tcbn65gplustc_ccs
  oadm_dm_fixed_pipe_3_44 ZeroWireload     tcbn65gplustc_ccs

  Point                                                        Incr       Path
  -------------------------------------------------------------------------------
  clock clk (rise edge)                                        0.00       0.00
  clock network delay (ideal)                                  0.00       0.00
  impl/impl/cut6/gen_register_data_reg_reg_15_/CP (DFQD1)      0.00       0.00 r
  impl/impl/cut6/gen_register_data_reg_reg_15_/Q (DFQD1)       0.09       0.09 r
  impl/impl/cut6/data_out[15] (oadm_pipe_cut_32_1)             0.00       0.09 r
  impl/impl/result[15] (oadm_dm_pipe_44)                       0.00       0.09 r
  impl/result[15] (oadm_dm_fixed_pipe_3_44)                    0.00       0.09 r
  result[15] (out)                                             0.00       0.09 r
  data arrival time                                                       0.09

  clock clk (rise edge)                                        0.00       0.00
  clock network delay (ideal)                                  0.00       0.00
  output external delay                                       -0.02      -0.02
  data required time                                                     -0.02
  -------------------------------------------------------------------------------
  data required time                                                     -0.02
  data arrival time                                                      -0.09
  -------------------------------------------------------------------------------
  slack (MET)                                                             0.11


  Startpoint: impl/impl/cut6/gen_register_data_reg_reg_14_
              (rising edge-triggered flip-flop clocked by clk)
  Endpoint: result[14] (output port clocked by clk)
  Path Group: clk
  Path Type: min

  Des/Clust/Port     Wire Load Model       Library
  ------------------------------------------------
  oadm_pipe_cut_32_1 ZeroWireload          tcbn65gplustc_ccs
  oadm_pipe_cut_45_0 ZeroWireload          tcbn65gplustc_ccs
  oadm_pipe_cut_75_0 ZeroWireload          tcbn65gplustc_ccs
  oadm_pipe_cut_53_0 ZeroWireload          tcbn65gplustc_ccs
  oadm_pipe_cut_169_1 ZeroWireload         tcbn65gplustc_ccs
  oadm_pipe_cut_227_0 ZeroWireload         tcbn65gplustc_ccs
  oadm_pipe_cut_198_0 ZeroWireload         tcbn65gplustc_ccs
  oadm_dm_pipe_44    ZeroWireload          tcbn65gplustc_ccs
  oadm_fixed_l3_p2   ZeroWireload          tcbn65gplustc_ccs
  oadm_dm_fixed_pipe_3_44 ZeroWireload     tcbn65gplustc_ccs

  Point                                                        Incr       Path
  -------------------------------------------------------------------------------
  clock clk (rise edge)                                        0.00       0.00
  clock network delay (ideal)                                  0.00       0.00
  impl/impl/cut6/gen_register_data_reg_reg_14_/CP (DFQD1)      0.00       0.00 r
  impl/impl/cut6/gen_register_data_reg_reg_14_/Q (DFQD1)       0.09       0.09 r
  impl/impl/cut6/data_out[14] (oadm_pipe_cut_32_1)             0.00       0.09 r
  impl/impl/result[14] (oadm_dm_pipe_44)                       0.00       0.09 r
  impl/result[14] (oadm_dm_fixed_pipe_3_44)                    0.00       0.09 r
  result[14] (out)                                             0.00       0.09 r
  data arrival time                                                       0.09

  clock clk (rise edge)                                        0.00       0.00
  clock network delay (ideal)                                  0.00       0.00
  output external delay                                       -0.02      -0.02
  data required time                                                     -0.02
  -------------------------------------------------------------------------------
  data required time                                                     -0.02
  data arrival time                                                      -0.09
  -------------------------------------------------------------------------------
  slack (MET)                                                             0.11


  Startpoint: impl/impl/cut6/gen_register_data_reg_reg_13_
              (rising edge-triggered flip-flop clocked by clk)
  Endpoint: result[13] (output port clocked by clk)
  Path Group: clk
  Path Type: min

  Des/Clust/Port     Wire Load Model       Library
  ------------------------------------------------
  oadm_pipe_cut_32_1 ZeroWireload          tcbn65gplustc_ccs
  oadm_pipe_cut_45_0 ZeroWireload          tcbn65gplustc_ccs
  oadm_pipe_cut_75_0 ZeroWireload          tcbn65gplustc_ccs
  oadm_pipe_cut_53_0 ZeroWireload          tcbn65gplustc_ccs
  oadm_pipe_cut_169_1 ZeroWireload         tcbn65gplustc_ccs
  oadm_pipe_cut_227_0 ZeroWireload         tcbn65gplustc_ccs
  oadm_pipe_cut_198_0 ZeroWireload         tcbn65gplustc_ccs
  oadm_dm_pipe_44    ZeroWireload          tcbn65gplustc_ccs
  oadm_fixed_l3_p2   ZeroWireload          tcbn65gplustc_ccs
  oadm_dm_fixed_pipe_3_44 ZeroWireload     tcbn65gplustc_ccs

  Point                                                        Incr       Path
  -------------------------------------------------------------------------------
  clock clk (rise edge)                                        0.00       0.00
  clock network delay (ideal)                                  0.00       0.00
  impl/impl/cut6/gen_register_data_reg_reg_13_/CP (DFQD1)      0.00       0.00 r
  impl/impl/cut6/gen_register_data_reg_reg_13_/Q (DFQD1)       0.09       0.09 r
  impl/impl/cut6/data_out[13] (oadm_pipe_cut_32_1)             0.00       0.09 r
  impl/impl/result[13] (oadm_dm_pipe_44)                       0.00       0.09 r
  impl/result[13] (oadm_dm_fixed_pipe_3_44)                    0.00       0.09 r
  result[13] (out)                                             0.00       0.09 r
  data arrival time                                                       0.09

  clock clk (rise edge)                                        0.00       0.00
  clock network delay (ideal)                                  0.00       0.00
  output external delay                                       -0.02      -0.02
  data required time                                                     -0.02
  -------------------------------------------------------------------------------
  data required time                                                     -0.02
  data arrival time                                                      -0.09
  -------------------------------------------------------------------------------
  slack (MET)                                                             0.11


  Startpoint: impl/impl/cut6/gen_register_data_reg_reg_12_
              (rising edge-triggered flip-flop clocked by clk)
  Endpoint: result[12] (output port clocked by clk)
  Path Group: clk
  Path Type: min

  Des/Clust/Port     Wire Load Model       Library
  ------------------------------------------------
  oadm_pipe_cut_32_1 ZeroWireload          tcbn65gplustc_ccs
  oadm_pipe_cut_45_0 ZeroWireload          tcbn65gplustc_ccs
  oadm_pipe_cut_75_0 ZeroWireload          tcbn65gplustc_ccs
  oadm_pipe_cut_53_0 ZeroWireload          tcbn65gplustc_ccs
  oadm_pipe_cut_169_1 ZeroWireload         tcbn65gplustc_ccs
  oadm_pipe_cut_227_0 ZeroWireload         tcbn65gplustc_ccs
  oadm_pipe_cut_198_0 ZeroWireload         tcbn65gplustc_ccs
  oadm_dm_pipe_44    ZeroWireload          tcbn65gplustc_ccs
  oadm_fixed_l3_p2   ZeroWireload          tcbn65gplustc_ccs
  oadm_dm_fixed_pipe_3_44 ZeroWireload     tcbn65gplustc_ccs

  Point                                                        Incr       Path
  -------------------------------------------------------------------------------
  clock clk (rise edge)                                        0.00       0.00
  clock network delay (ideal)                                  0.00       0.00
  impl/impl/cut6/gen_register_data_reg_reg_12_/CP (DFQD1)      0.00       0.00 r
  impl/impl/cut6/gen_register_data_reg_reg_12_/Q (DFQD1)       0.09       0.09 r
  impl/impl/cut6/data_out[12] (oadm_pipe_cut_32_1)             0.00       0.09 r
  impl/impl/result[12] (oadm_dm_pipe_44)                       0.00       0.09 r
  impl/result[12] (oadm_dm_fixed_pipe_3_44)                    0.00       0.09 r
  result[12] (out)                                             0.00       0.09 r
  data arrival time                                                       0.09

  clock clk (rise edge)                                        0.00       0.00
  clock network delay (ideal)                                  0.00       0.00
  output external delay                                       -0.02      -0.02
  data required time                                                     -0.02
  -------------------------------------------------------------------------------
  data required time                                                     -0.02
  data arrival time                                                      -0.09
  -------------------------------------------------------------------------------
  slack (MET)                                                             0.11


  Startpoint: impl/impl/cut6/gen_register_data_reg_reg_11_
              (rising edge-triggered flip-flop clocked by clk)
  Endpoint: result[11] (output port clocked by clk)
  Path Group: clk
  Path Type: min

  Des/Clust/Port     Wire Load Model       Library
  ------------------------------------------------
  oadm_pipe_cut_32_1 ZeroWireload          tcbn65gplustc_ccs
  oadm_pipe_cut_45_0 ZeroWireload          tcbn65gplustc_ccs
  oadm_pipe_cut_75_0 ZeroWireload          tcbn65gplustc_ccs
  oadm_pipe_cut_53_0 ZeroWireload          tcbn65gplustc_ccs
  oadm_pipe_cut_169_1 ZeroWireload         tcbn65gplustc_ccs
  oadm_pipe_cut_227_0 ZeroWireload         tcbn65gplustc_ccs
  oadm_pipe_cut_198_0 ZeroWireload         tcbn65gplustc_ccs
  oadm_dm_pipe_44    ZeroWireload          tcbn65gplustc_ccs
  oadm_fixed_l3_p2   ZeroWireload          tcbn65gplustc_ccs
  oadm_dm_fixed_pipe_3_44 ZeroWireload     tcbn65gplustc_ccs

  Point                                                        Incr       Path
  -------------------------------------------------------------------------------
  clock clk (rise edge)                                        0.00       0.00
  clock network delay (ideal)                                  0.00       0.00
  impl/impl/cut6/gen_register_data_reg_reg_11_/CP (DFQD1)      0.00       0.00 r
  impl/impl/cut6/gen_register_data_reg_reg_11_/Q (DFQD1)       0.09       0.09 r
  impl/impl/cut6/data_out[11] (oadm_pipe_cut_32_1)             0.00       0.09 r
  impl/impl/result[11] (oadm_dm_pipe_44)                       0.00       0.09 r
  impl/result[11] (oadm_dm_fixed_pipe_3_44)                    0.00       0.09 r
  result[11] (out)                                             0.00       0.09 r
  data arrival time                                                       0.09

  clock clk (rise edge)                                        0.00       0.00
  clock network delay (ideal)                                  0.00       0.00
  output external delay                                       -0.02      -0.02
  data required time                                                     -0.02
  -------------------------------------------------------------------------------
  data required time                                                     -0.02
  data arrival time                                                      -0.09
  -------------------------------------------------------------------------------
  slack (MET)                                                             0.11


  Startpoint: impl/impl/cut6/gen_register_data_reg_reg_10_
              (rising edge-triggered flip-flop clocked by clk)
  Endpoint: result[10] (output port clocked by clk)
  Path Group: clk
  Path Type: min

  Des/Clust/Port     Wire Load Model       Library
  ------------------------------------------------
  oadm_pipe_cut_32_1 ZeroWireload          tcbn65gplustc_ccs
  oadm_pipe_cut_45_0 ZeroWireload          tcbn65gplustc_ccs
  oadm_pipe_cut_75_0 ZeroWireload          tcbn65gplustc_ccs
  oadm_pipe_cut_53_0 ZeroWireload          tcbn65gplustc_ccs
  oadm_pipe_cut_169_1 ZeroWireload         tcbn65gplustc_ccs
  oadm_pipe_cut_227_0 ZeroWireload         tcbn65gplustc_ccs
  oadm_pipe_cut_198_0 ZeroWireload         tcbn65gplustc_ccs
  oadm_dm_pipe_44    ZeroWireload          tcbn65gplustc_ccs
  oadm_fixed_l3_p2   ZeroWireload          tcbn65gplustc_ccs
  oadm_dm_fixed_pipe_3_44 ZeroWireload     tcbn65gplustc_ccs

  Point                                                        Incr       Path
  -------------------------------------------------------------------------------
  clock clk (rise edge)                                        0.00       0.00
  clock network delay (ideal)                                  0.00       0.00
  impl/impl/cut6/gen_register_data_reg_reg_10_/CP (DFQD1)      0.00       0.00 r
  impl/impl/cut6/gen_register_data_reg_reg_10_/Q (DFQD1)       0.09       0.09 r
  impl/impl/cut6/data_out[10] (oadm_pipe_cut_32_1)             0.00       0.09 r
  impl/impl/result[10] (oadm_dm_pipe_44)                       0.00       0.09 r
  impl/result[10] (oadm_dm_fixed_pipe_3_44)                    0.00       0.09 r
  result[10] (out)                                             0.00       0.09 r
  data arrival time                                                       0.09

  clock clk (rise edge)                                        0.00       0.00
  clock network delay (ideal)                                  0.00       0.00
  output external delay                                       -0.02      -0.02
  data required time                                                     -0.02
  -------------------------------------------------------------------------------
  data required time                                                     -0.02
  data arrival time                                                      -0.09
  -------------------------------------------------------------------------------
  slack (MET)                                                             0.11


  Startpoint: impl/impl/cut6/gen_register_data_reg_reg_9_
              (rising edge-triggered flip-flop clocked by clk)
  Endpoint: result[9] (output port clocked by clk)
  Path Group: clk
  Path Type: min

  Des/Clust/Port     Wire Load Model       Library
  ------------------------------------------------
  oadm_pipe_cut_32_1 ZeroWireload          tcbn65gplustc_ccs
  oadm_pipe_cut_45_0 ZeroWireload          tcbn65gplustc_ccs
  oadm_pipe_cut_75_0 ZeroWireload          tcbn65gplustc_ccs
  oadm_pipe_cut_53_0 ZeroWireload          tcbn65gplustc_ccs
  oadm_pipe_cut_169_1 ZeroWireload         tcbn65gplustc_ccs
  oadm_pipe_cut_227_0 ZeroWireload         tcbn65gplustc_ccs
  oadm_pipe_cut_198_0 ZeroWireload         tcbn65gplustc_ccs
  oadm_dm_pipe_44    ZeroWireload          tcbn65gplustc_ccs
  oadm_fixed_l3_p2   ZeroWireload          tcbn65gplustc_ccs
  oadm_dm_fixed_pipe_3_44 ZeroWireload     tcbn65gplustc_ccs

  Point                                                       Incr       Path
  ------------------------------------------------------------------------------
  clock clk (rise edge)                                       0.00       0.00
  clock network delay (ideal)                                 0.00       0.00
  impl/impl/cut6/gen_register_data_reg_reg_9_/CP (DFQD1)      0.00       0.00 r
  impl/impl/cut6/gen_register_data_reg_reg_9_/Q (DFQD1)       0.09       0.09 r
  impl/impl/cut6/data_out[9] (oadm_pipe_cut_32_1)             0.00       0.09 r
  impl/impl/result[9] (oadm_dm_pipe_44)                       0.00       0.09 r
  impl/result[9] (oadm_dm_fixed_pipe_3_44)                    0.00       0.09 r
  result[9] (out)                                             0.00       0.09 r
  data arrival time                                                      0.09

  clock clk (rise edge)                                       0.00       0.00
  clock network delay (ideal)                                 0.00       0.00
  output external delay                                      -0.02      -0.02
  data required time                                                    -0.02
  ------------------------------------------------------------------------------
  data required time                                                    -0.02
  data arrival time                                                     -0.09
  ------------------------------------------------------------------------------
  slack (MET)                                                            0.11


  Startpoint: impl/impl/cut6/gen_register_data_reg_reg_8_
              (rising edge-triggered flip-flop clocked by clk)
  Endpoint: result[8] (output port clocked by clk)
  Path Group: clk
  Path Type: min

  Des/Clust/Port     Wire Load Model       Library
  ------------------------------------------------
  oadm_pipe_cut_32_1 ZeroWireload          tcbn65gplustc_ccs
  oadm_pipe_cut_45_0 ZeroWireload          tcbn65gplustc_ccs
  oadm_pipe_cut_75_0 ZeroWireload          tcbn65gplustc_ccs
  oadm_pipe_cut_53_0 ZeroWireload          tcbn65gplustc_ccs
  oadm_pipe_cut_169_1 ZeroWireload         tcbn65gplustc_ccs
  oadm_pipe_cut_227_0 ZeroWireload         tcbn65gplustc_ccs
  oadm_pipe_cut_198_0 ZeroWireload         tcbn65gplustc_ccs
  oadm_dm_pipe_44    ZeroWireload          tcbn65gplustc_ccs
  oadm_fixed_l3_p2   ZeroWireload          tcbn65gplustc_ccs
  oadm_dm_fixed_pipe_3_44 ZeroWireload     tcbn65gplustc_ccs

  Point                                                       Incr       Path
  ------------------------------------------------------------------------------
  clock clk (rise edge)                                       0.00       0.00
  clock network delay (ideal)                                 0.00       0.00
  impl/impl/cut6/gen_register_data_reg_reg_8_/CP (DFQD1)      0.00       0.00 r
  impl/impl/cut6/gen_register_data_reg_reg_8_/Q (DFQD1)       0.09       0.09 r
  impl/impl/cut6/data_out[8] (oadm_pipe_cut_32_1)             0.00       0.09 r
  impl/impl/result[8] (oadm_dm_pipe_44)                       0.00       0.09 r
  impl/result[8] (oadm_dm_fixed_pipe_3_44)                    0.00       0.09 r
  result[8] (out)                                             0.00       0.09 r
  data arrival time                                                      0.09

  clock clk (rise edge)                                       0.00       0.00
  clock network delay (ideal)                                 0.00       0.00
  output external delay                                      -0.02      -0.02
  data required time                                                    -0.02
  ------------------------------------------------------------------------------
  data required time                                                    -0.02
  data arrival time                                                     -0.09
  ------------------------------------------------------------------------------
  slack (MET)                                                            0.11


  Startpoint: impl/impl/cut6/gen_register_data_reg_reg_7_
              (rising edge-triggered flip-flop clocked by clk)
  Endpoint: result[7] (output port clocked by clk)
  Path Group: clk
  Path Type: min

  Des/Clust/Port     Wire Load Model       Library
  ------------------------------------------------
  oadm_pipe_cut_32_1 ZeroWireload          tcbn65gplustc_ccs
  oadm_pipe_cut_45_0 ZeroWireload          tcbn65gplustc_ccs
  oadm_pipe_cut_75_0 ZeroWireload          tcbn65gplustc_ccs
  oadm_pipe_cut_53_0 ZeroWireload          tcbn65gplustc_ccs
  oadm_pipe_cut_169_1 ZeroWireload         tcbn65gplustc_ccs
  oadm_pipe_cut_227_0 ZeroWireload         tcbn65gplustc_ccs
  oadm_pipe_cut_198_0 ZeroWireload         tcbn65gplustc_ccs
  oadm_dm_pipe_44    ZeroWireload          tcbn65gplustc_ccs
  oadm_fixed_l3_p2   ZeroWireload          tcbn65gplustc_ccs
  oadm_dm_fixed_pipe_3_44 ZeroWireload     tcbn65gplustc_ccs

  Point                                                       Incr       Path
  ------------------------------------------------------------------------------
  clock clk (rise edge)                                       0.00       0.00
  clock network delay (ideal)                                 0.00       0.00
  impl/impl/cut6/gen_register_data_reg_reg_7_/CP (DFQD1)      0.00       0.00 r
  impl/impl/cut6/gen_register_data_reg_reg_7_/Q (DFQD1)       0.09       0.09 r
  impl/impl/cut6/data_out[7] (oadm_pipe_cut_32_1)             0.00       0.09 r
  impl/impl/result[7] (oadm_dm_pipe_44)                       0.00       0.09 r
  impl/result[7] (oadm_dm_fixed_pipe_3_44)                    0.00       0.09 r
  result[7] (out)                                             0.00       0.09 r
  data arrival time                                                      0.09

  clock clk (rise edge)                                       0.00       0.00
  clock network delay (ideal)                                 0.00       0.00
  output external delay                                      -0.02      -0.02
  data required time                                                    -0.02
  ------------------------------------------------------------------------------
  data required time                                                    -0.02
  data arrival time                                                     -0.09
  ------------------------------------------------------------------------------
  slack (MET)                                                            0.11


  Startpoint: impl/impl/cut6/gen_register_data_reg_reg_6_
              (rising edge-triggered flip-flop clocked by clk)
  Endpoint: result[6] (output port clocked by clk)
  Path Group: clk
  Path Type: min

  Des/Clust/Port     Wire Load Model       Library
  ------------------------------------------------
  oadm_pipe_cut_32_1 ZeroWireload          tcbn65gplustc_ccs
  oadm_pipe_cut_45_0 ZeroWireload          tcbn65gplustc_ccs
  oadm_pipe_cut_75_0 ZeroWireload          tcbn65gplustc_ccs
  oadm_pipe_cut_53_0 ZeroWireload          tcbn65gplustc_ccs
  oadm_pipe_cut_169_1 ZeroWireload         tcbn65gplustc_ccs
  oadm_pipe_cut_227_0 ZeroWireload         tcbn65gplustc_ccs
  oadm_pipe_cut_198_0 ZeroWireload         tcbn65gplustc_ccs
  oadm_dm_pipe_44    ZeroWireload          tcbn65gplustc_ccs
  oadm_fixed_l3_p2   ZeroWireload          tcbn65gplustc_ccs
  oadm_dm_fixed_pipe_3_44 ZeroWireload     tcbn65gplustc_ccs

  Point                                                       Incr       Path
  ------------------------------------------------------------------------------
  clock clk (rise edge)                                       0.00       0.00
  clock network delay (ideal)                                 0.00       0.00
  impl/impl/cut6/gen_register_data_reg_reg_6_/CP (DFQD1)      0.00       0.00 r
  impl/impl/cut6/gen_register_data_reg_reg_6_/Q (DFQD1)       0.09       0.09 r
  impl/impl/cut6/data_out[6] (oadm_pipe_cut_32_1)             0.00       0.09 r
  impl/impl/result[6] (oadm_dm_pipe_44)                       0.00       0.09 r
  impl/result[6] (oadm_dm_fixed_pipe_3_44)                    0.00       0.09 r
  result[6] (out)                                             0.00       0.09 r
  data arrival time                                                      0.09

  clock clk (rise edge)                                       0.00       0.00
  clock network delay (ideal)                                 0.00       0.00
  output external delay                                      -0.02      -0.02
  data required time                                                    -0.02
  ------------------------------------------------------------------------------
  data required time                                                    -0.02
  data arrival time                                                     -0.09
  ------------------------------------------------------------------------------
  slack (MET)                                                            0.11


  Startpoint: impl/impl/cut6/gen_register_data_reg_reg_5_
              (rising edge-triggered flip-flop clocked by clk)
  Endpoint: result[5] (output port clocked by clk)
  Path Group: clk
  Path Type: min

  Des/Clust/Port     Wire Load Model       Library
  ------------------------------------------------
  oadm_pipe_cut_32_1 ZeroWireload          tcbn65gplustc_ccs
  oadm_pipe_cut_45_0 ZeroWireload          tcbn65gplustc_ccs
  oadm_pipe_cut_75_0 ZeroWireload          tcbn65gplustc_ccs
  oadm_pipe_cut_53_0 ZeroWireload          tcbn65gplustc_ccs
  oadm_pipe_cut_169_1 ZeroWireload         tcbn65gplustc_ccs
  oadm_pipe_cut_227_0 ZeroWireload         tcbn65gplustc_ccs
  oadm_pipe_cut_198_0 ZeroWireload         tcbn65gplustc_ccs
  oadm_dm_pipe_44    ZeroWireload          tcbn65gplustc_ccs
  oadm_fixed_l3_p2   ZeroWireload          tcbn65gplustc_ccs
  oadm_dm_fixed_pipe_3_44 ZeroWireload     tcbn65gplustc_ccs

  Point                                                       Incr       Path
  ------------------------------------------------------------------------------
  clock clk (rise edge)                                       0.00       0.00
  clock network delay (ideal)                                 0.00       0.00
  impl/impl/cut6/gen_register_data_reg_reg_5_/CP (DFQD1)      0.00       0.00 r
  impl/impl/cut6/gen_register_data_reg_reg_5_/Q (DFQD1)       0.09       0.09 r
  impl/impl/cut6/data_out[5] (oadm_pipe_cut_32_1)             0.00       0.09 r
  impl/impl/result[5] (oadm_dm_pipe_44)                       0.00       0.09 r
  impl/result[5] (oadm_dm_fixed_pipe_3_44)                    0.00       0.09 r
  result[5] (out)                                             0.00       0.09 r
  data arrival time                                                      0.09

  clock clk (rise edge)                                       0.00       0.00
  clock network delay (ideal)                                 0.00       0.00
  output external delay                                      -0.02      -0.02
  data required time                                                    -0.02
  ------------------------------------------------------------------------------
  data required time                                                    -0.02
  data arrival time                                                     -0.09
  ------------------------------------------------------------------------------
  slack (MET)                                                            0.11


  Startpoint: impl/impl/cut6/gen_register_data_reg_reg_4_
              (rising edge-triggered flip-flop clocked by clk)
  Endpoint: result[4] (output port clocked by clk)
  Path Group: clk
  Path Type: min

  Des/Clust/Port     Wire Load Model       Library
  ------------------------------------------------
  oadm_pipe_cut_32_1 ZeroWireload          tcbn65gplustc_ccs
  oadm_pipe_cut_45_0 ZeroWireload          tcbn65gplustc_ccs
  oadm_pipe_cut_75_0 ZeroWireload          tcbn65gplustc_ccs
  oadm_pipe_cut_53_0 ZeroWireload          tcbn65gplustc_ccs
  oadm_pipe_cut_169_1 ZeroWireload         tcbn65gplustc_ccs
  oadm_pipe_cut_227_0 ZeroWireload         tcbn65gplustc_ccs
  oadm_pipe_cut_198_0 ZeroWireload         tcbn65gplustc_ccs
  oadm_dm_pipe_44    ZeroWireload          tcbn65gplustc_ccs
  oadm_fixed_l3_p2   ZeroWireload          tcbn65gplustc_ccs
  oadm_dm_fixed_pipe_3_44 ZeroWireload     tcbn65gplustc_ccs

  Point                                                       Incr       Path
  ------------------------------------------------------------------------------
  clock clk (rise edge)                                       0.00       0.00
  clock network delay (ideal)                                 0.00       0.00
  impl/impl/cut6/gen_register_data_reg_reg_4_/CP (DFQD1)      0.00       0.00 r
  impl/impl/cut6/gen_register_data_reg_reg_4_/Q (DFQD1)       0.09       0.09 r
  impl/impl/cut6/data_out[4] (oadm_pipe_cut_32_1)             0.00       0.09 r
  impl/impl/result[4] (oadm_dm_pipe_44)                       0.00       0.09 r
  impl/result[4] (oadm_dm_fixed_pipe_3_44)                    0.00       0.09 r
  result[4] (out)                                             0.00       0.09 r
  data arrival time                                                      0.09

  clock clk (rise edge)                                       0.00       0.00
  clock network delay (ideal)                                 0.00       0.00
  output external delay                                      -0.02      -0.02
  data required time                                                    -0.02
  ------------------------------------------------------------------------------
  data required time                                                    -0.02
  data arrival time                                                     -0.09
  ------------------------------------------------------------------------------
  slack (MET)                                                            0.11


  Startpoint: impl/impl/cut6/gen_register_data_reg_reg_3_
              (rising edge-triggered flip-flop clocked by clk)
  Endpoint: result[3] (output port clocked by clk)
  Path Group: clk
  Path Type: min

  Des/Clust/Port     Wire Load Model       Library
  ------------------------------------------------
  oadm_pipe_cut_32_1 ZeroWireload          tcbn65gplustc_ccs
  oadm_pipe_cut_45_0 ZeroWireload          tcbn65gplustc_ccs
  oadm_pipe_cut_75_0 ZeroWireload          tcbn65gplustc_ccs
  oadm_pipe_cut_53_0 ZeroWireload          tcbn65gplustc_ccs
  oadm_pipe_cut_169_1 ZeroWireload         tcbn65gplustc_ccs
  oadm_pipe_cut_227_0 ZeroWireload         tcbn65gplustc_ccs
  oadm_pipe_cut_198_0 ZeroWireload         tcbn65gplustc_ccs
  oadm_dm_pipe_44    ZeroWireload          tcbn65gplustc_ccs
  oadm_fixed_l3_p2   ZeroWireload          tcbn65gplustc_ccs
  oadm_dm_fixed_pipe_3_44 ZeroWireload     tcbn65gplustc_ccs

  Point                                                       Incr       Path
  ------------------------------------------------------------------------------
  clock clk (rise edge)                                       0.00       0.00
  clock network delay (ideal)                                 0.00       0.00
  impl/impl/cut6/gen_register_data_reg_reg_3_/CP (DFQD1)      0.00       0.00 r
  impl/impl/cut6/gen_register_data_reg_reg_3_/Q (DFQD1)       0.09       0.09 r
  impl/impl/cut6/data_out[3] (oadm_pipe_cut_32_1)             0.00       0.09 r
  impl/impl/result[3] (oadm_dm_pipe_44)                       0.00       0.09 r
  impl/result[3] (oadm_dm_fixed_pipe_3_44)                    0.00       0.09 r
  result[3] (out)                                             0.00       0.09 r
  data arrival time                                                      0.09

  clock clk (rise edge)                                       0.00       0.00
  clock network delay (ideal)                                 0.00       0.00
  output external delay                                      -0.02      -0.02
  data required time                                                    -0.02
  ------------------------------------------------------------------------------
  data required time                                                    -0.02
  data arrival time                                                     -0.09
  ------------------------------------------------------------------------------
  slack (MET)                                                            0.11


  Startpoint: impl/impl/cut6/gen_register_data_reg_reg_2_
              (rising edge-triggered flip-flop clocked by clk)
  Endpoint: result[2] (output port clocked by clk)
  Path Group: clk
  Path Type: min

  Des/Clust/Port     Wire Load Model       Library
  ------------------------------------------------
  oadm_pipe_cut_32_1 ZeroWireload          tcbn65gplustc_ccs
  oadm_pipe_cut_45_0 ZeroWireload          tcbn65gplustc_ccs
  oadm_pipe_cut_75_0 ZeroWireload          tcbn65gplustc_ccs
  oadm_pipe_cut_53_0 ZeroWireload          tcbn65gplustc_ccs
  oadm_pipe_cut_169_1 ZeroWireload         tcbn65gplustc_ccs
  oadm_pipe_cut_227_0 ZeroWireload         tcbn65gplustc_ccs
  oadm_pipe_cut_198_0 ZeroWireload         tcbn65gplustc_ccs
  oadm_dm_pipe_44    ZeroWireload          tcbn65gplustc_ccs
  oadm_fixed_l3_p2   ZeroWireload          tcbn65gplustc_ccs
  oadm_dm_fixed_pipe_3_44 ZeroWireload     tcbn65gplustc_ccs

  Point                                                       Incr       Path
  ------------------------------------------------------------------------------
  clock clk (rise edge)                                       0.00       0.00
  clock network delay (ideal)                                 0.00       0.00
  impl/impl/cut6/gen_register_data_reg_reg_2_/CP (DFQD1)      0.00       0.00 r
  impl/impl/cut6/gen_register_data_reg_reg_2_/Q (DFQD1)       0.09       0.09 r
  impl/impl/cut6/data_out[2] (oadm_pipe_cut_32_1)             0.00       0.09 r
  impl/impl/result[2] (oadm_dm_pipe_44)                       0.00       0.09 r
  impl/result[2] (oadm_dm_fixed_pipe_3_44)                    0.00       0.09 r
  result[2] (out)                                             0.00       0.09 r
  data arrival time                                                      0.09

  clock clk (rise edge)                                       0.00       0.00
  clock network delay (ideal)                                 0.00       0.00
  output external delay                                      -0.02      -0.02
  data required time                                                    -0.02
  ------------------------------------------------------------------------------
  data required time                                                    -0.02
  data arrival time                                                     -0.09
  ------------------------------------------------------------------------------
  slack (MET)                                                            0.11


  Startpoint: impl/impl/cut6/gen_register_data_reg_reg_1_
              (rising edge-triggered flip-flop clocked by clk)
  Endpoint: result[1] (output port clocked by clk)
  Path Group: clk
  Path Type: min

  Des/Clust/Port     Wire Load Model       Library
  ------------------------------------------------
  oadm_pipe_cut_32_1 ZeroWireload          tcbn65gplustc_ccs
  oadm_pipe_cut_45_0 ZeroWireload          tcbn65gplustc_ccs
  oadm_pipe_cut_75_0 ZeroWireload          tcbn65gplustc_ccs
  oadm_pipe_cut_53_0 ZeroWireload          tcbn65gplustc_ccs
  oadm_pipe_cut_169_1 ZeroWireload         tcbn65gplustc_ccs
  oadm_pipe_cut_227_0 ZeroWireload         tcbn65gplustc_ccs
  oadm_pipe_cut_198_0 ZeroWireload         tcbn65gplustc_ccs
  oadm_dm_pipe_44    ZeroWireload          tcbn65gplustc_ccs
  oadm_fixed_l3_p2   ZeroWireload          tcbn65gplustc_ccs
  oadm_dm_fixed_pipe_3_44 ZeroWireload     tcbn65gplustc_ccs

  Point                                                       Incr       Path
  ------------------------------------------------------------------------------
  clock clk (rise edge)                                       0.00       0.00
  clock network delay (ideal)                                 0.00       0.00
  impl/impl/cut6/gen_register_data_reg_reg_1_/CP (DFQD1)      0.00       0.00 r
  impl/impl/cut6/gen_register_data_reg_reg_1_/Q (DFQD1)       0.09       0.09 r
  impl/impl/cut6/data_out[1] (oadm_pipe_cut_32_1)             0.00       0.09 r
  impl/impl/result[1] (oadm_dm_pipe_44)                       0.00       0.09 r
  impl/result[1] (oadm_dm_fixed_pipe_3_44)                    0.00       0.09 r
  result[1] (out)                                             0.00       0.09 r
  data arrival time                                                      0.09

  clock clk (rise edge)                                       0.00       0.00
  clock network delay (ideal)                                 0.00       0.00
  output external delay                                      -0.02      -0.02
  data required time                                                    -0.02
  ------------------------------------------------------------------------------
  data required time                                                    -0.02
  data arrival time                                                     -0.09
  ------------------------------------------------------------------------------
  slack (MET)                                                            0.11


  Startpoint: impl/impl/cut6/gen_register_data_reg_reg_0_
              (rising edge-triggered flip-flop clocked by clk)
  Endpoint: result[0] (output port clocked by clk)
  Path Group: clk
  Path Type: min

  Des/Clust/Port     Wire Load Model       Library
  ------------------------------------------------
  oadm_pipe_cut_32_1 ZeroWireload          tcbn65gplustc_ccs
  oadm_pipe_cut_45_0 ZeroWireload          tcbn65gplustc_ccs
  oadm_pipe_cut_75_0 ZeroWireload          tcbn65gplustc_ccs
  oadm_pipe_cut_53_0 ZeroWireload          tcbn65gplustc_ccs
  oadm_pipe_cut_169_1 ZeroWireload         tcbn65gplustc_ccs
  oadm_pipe_cut_227_0 ZeroWireload         tcbn65gplustc_ccs
  oadm_pipe_cut_198_0 ZeroWireload         tcbn65gplustc_ccs
  oadm_dm_pipe_44    ZeroWireload          tcbn65gplustc_ccs
  oadm_fixed_l3_p2   ZeroWireload          tcbn65gplustc_ccs
  oadm_dm_fixed_pipe_3_44 ZeroWireload     tcbn65gplustc_ccs

  Point                                                       Incr       Path
  ------------------------------------------------------------------------------
  clock clk (rise edge)                                       0.00       0.00
  clock network delay (ideal)                                 0.00       0.00
  impl/impl/cut6/gen_register_data_reg_reg_0_/CP (DFQD1)      0.00       0.00 r
  impl/impl/cut6/gen_register_data_reg_reg_0_/Q (DFQD1)       0.09       0.09 r
  impl/impl/cut6/data_out[0] (oadm_pipe_cut_32_1)             0.00       0.09 r
  impl/impl/result[0] (oadm_dm_pipe_44)                       0.00       0.09 r
  impl/result[0] (oadm_dm_fixed_pipe_3_44)                    0.00       0.09 r
  result[0] (out)                                             0.00       0.09 r
  data arrival time                                                      0.09

  clock clk (rise edge)                                       0.00       0.00
  clock network delay (ideal)                                 0.00       0.00
  output external delay                                      -0.02      -0.02
  data required time                                                    -0.02
  ------------------------------------------------------------------------------
  data required time                                                    -0.02
  data arrival time                                                     -0.09
  ------------------------------------------------------------------------------
  slack (MET)                                                            0.11


1
