****************************************
Report : Averaged Power
	-significant_digits
Design : pace_fp32_l3
Version: U-2022.12-SP5
Date   : Thu Sep  3 12:42:31 2026
****************************************



  Attributes
  ----------
      i  -  Including register clock pin internal power
      u  -  User defined power group

                        Internal             Switching            Leakage              Total
Power Group             Power                Power                Power                Power               (     %)   Attrs
----------------------------------------------------------------------------------------------------------------------------
clock_network           0.00000e+00          0.00000e+00          0.00000e+00          0.00000e+00         ( 0.00%)   i
register                0.00000e+00          0.00000e+00          0.00000e+00          0.00000e+00         ( 0.00%)   
combinational           8.24520e-05          3.57203e-05          1.30219e-05          1.31194e-04         (100.00%)  
sequential              0.00000e+00          0.00000e+00          0.00000e+00          0.00000e+00         ( 0.00%)   
memory                  0.00000e+00          0.00000e+00          0.00000e+00          0.00000e+00         ( 0.00%)   
io_pad                  0.00000e+00          0.00000e+00          0.00000e+00          0.00000e+00         ( 0.00%)   
black_box               0.00000e+00          0.00000e+00          0.00000e+00          0.00000e+00         ( 0.00%)   

  Net Switching Power  = 3.57203e-05           (27.23%)
  Cell Internal Power  = 8.24520e-05           (62.85%)
  Cell Leakage Power   = 1.30219e-05           ( 9.93%)
                         -------------------------
Total Power            = 1.31194e-04          (100.00%)

1
