****************************************
Report : qor
Design : fig8_pace_l1_d4
Version: U-2022.12-SP5
Date   : Sat Sep  5 12:48:28 2026
****************************************

  Timing Path Group 'vclk' (max_delay/setup)
  ---------------------------------------------
  Levels of Logic:                           34
  Critical Path Length:                    1.99
  Critical Path Slack:                     7.99
  Total Negative Slack:                    0.00
  No. of Violating Paths:                     0
  ---------------------------------------------

  Timing Path Group 'vclk' (min_delay/hold)
  ---------------------------------------------
  Levels of Logic:                            1
  Critical Path Length:                    0.07
  Critical Path Slack:                     0.09
  Total Negative Slack:                    0.00
  No. of Violating Paths:                     0
  ---------------------------------------------

  Area
  ---------------------------------------------
  Net Interconnect area:                   0.00
  Total cell area:                       843.12
  Design Area:                           843.12
  Area Cost:                            -843.12
  ---------------------------------------------


  Cell & Pin Count
  ---------------------------------------------
  Pin Count:                                846
  Hierarchical Cell Count:                    7
  Hierarchical Port Count:                  639
  Leaf Cell Count:                          268
  ---------------------------------------------


  Design Rule Violations
  ---------------------------------------------
  Total No. of Pins in Design:              846
  Total DRC Cost:                          0.00
  ---------------------------------------------

1
