 
****************************************
check_design summary:
Version:     U-2022.12-SP7
Date:        Fri Sep  4 12:07:44 2026
****************************************

                   Name                                            Total
--------------------------------------------------------------------------------
Inputs/Outputs                                                    250
    Unconnected ports (LINT-28)                                   233
    Shorted outputs (LINT-31)                                       8
    Constant outputs (LINT-52)                                      9

Cells                                                             119
    Connected to power or ground (LINT-32)                        111
    Nets connected to multiple pins on same cell (LINT-33)          8
--------------------------------------------------------------------------------

Warning: In design 'oadm_fixed_l1_div_dx16_dy17', port 'x[15]' is not connected to any nets. (LINT-28)
Warning: In design 'oadm_fixed_l1_div_dx16_dy17', port 'x[14]' is not connected to any nets. (LINT-28)
Warning: In design 'oadm_fixed_l1_div_dx16_dy17', port 'x[13]' is not connected to any nets. (LINT-28)
Warning: In design 'oadm_fixed_l1_div_dx16_dy17', port 'x[12]' is not connected to any nets. (LINT-28)
Warning: In design 'oadm_fixed_l1_div_dx16_dy17', port 'x[11]' is not connected to any nets. (LINT-28)
Warning: In design 'oadm_fixed_l1_div_dx16_dy17', port 'x[10]' is not connected to any nets. (LINT-28)
Warning: In design 'oadm_fixed_l1_div_dx16_dy17', port 'x[9]' is not connected to any nets. (LINT-28)
Warning: In design 'oadm_fixed_l1_div_dx16_dy17', port 'x[8]' is not connected to any nets. (LINT-28)
Warning: In design 'oadm_fixed_l1_div_dx16_dy17', port 'x[7]' is not connected to any nets. (LINT-28)
Warning: In design 'oadm_fixed_l1_div_dx16_dy17', port 'x[6]' is not connected to any nets. (LINT-28)
Warning: In design 'oadm_fixed_l1_div_dx16_dy17', port 'x[5]' is not connected to any nets. (LINT-28)
Warning: In design 'oadm_fixed_l1_div_dx16_dy17', port 'x[4]' is not connected to any nets. (LINT-28)
Warning: In design 'oadm_fixed_l1_div_dx16_dy17', port 'x[3]' is not connected to any nets. (LINT-28)
Warning: In design 'oadm_fixed_l1_div_dx16_dy17', port 'x[2]' is not connected to any nets. (LINT-28)
Warning: In design 'oadm_fixed_l1_div_dx16_dy17', port 'x[1]' is not connected to any nets. (LINT-28)
Warning: In design 'oadm_fixed_l1_div_dx16_dy17', port 'x[0]' is not connected to any nets. (LINT-28)
Warning: In design 'oadm_fixed_l1_div_dx16_dy17', port 'y[16]' is not connected to any nets. (LINT-28)
Warning: In design 'oadm_fixed_l1_div_dx16_dy17', port 'y[15]' is not connected to any nets. (LINT-28)
Warning: In design 'oadm_fixed_l1_div_dx16_dy17', port 'y[14]' is not connected to any nets. (LINT-28)
Warning: In design 'oadm_fixed_l1_div_dx16_dy17', port 'y[13]' is not connected to any nets. (LINT-28)
Warning: In design 'oadm_fixed_l1_div_dx16_dy17', port 'y[12]' is not connected to any nets. (LINT-28)
Warning: In design 'oadm_fixed_l1_div_dx16_dy17', port 'y[11]' is not connected to any nets. (LINT-28)
Warning: In design 'oadm_fixed_l1_div_dx16_dy17', port 'y[10]' is not connected to any nets. (LINT-28)
Warning: In design 'oadm_fixed_l1_div_dx16_dy17', port 'y[9]' is not connected to any nets. (LINT-28)
Warning: In design 'oadm_fixed_l1_div_dx16_dy17', port 'y[8]' is not connected to any nets. (LINT-28)
Warning: In design 'oadm_fixed_l1_div_dx16_dy17', port 'y[7]' is not connected to any nets. (LINT-28)
Warning: In design 'oadm_fixed_l1_div_dx16_dy17', port 'y[6]' is not connected to any nets. (LINT-28)
Warning: In design 'oadm_fixed_l1_div_dx16_dy17', port 'y[5]' is not connected to any nets. (LINT-28)
Warning: In design 'oadm_fixed_l1_div_dx16_dy17', port 'y[4]' is not connected to any nets. (LINT-28)
Warning: In design 'oadm_fixed_l1_div_dx16_dy17', port 'y[3]' is not connected to any nets. (LINT-28)
Warning: In design 'oadm_fixed_l1_div_dx16_dy17', port 'y[2]' is not connected to any nets. (LINT-28)
Warning: In design 'oadm_fixed_l1_div_dx16_dy17', port 'y[1]' is not connected to any nets. (LINT-28)
Warning: In design 'oadm_fixed_l1_div_dx16_dy17', port 'y[0]' is not connected to any nets. (LINT-28)
Warning: In design 'oadm_fixed_div_asymmetric_1_16_17_16_7_53_2a', port 'x[15]' is not connected to any nets. (LINT-28)
Warning: In design 'oadm_fixed_div_asymmetric_1_16_17_16_7_53_2a', port 'x[14]' is not connected to any nets. (LINT-28)
Warning: In design 'oadm_fixed_div_asymmetric_1_16_17_16_7_53_2a', port 'x[13]' is not connected to any nets. (LINT-28)
Warning: In design 'oadm_fixed_div_asymmetric_1_16_17_16_7_53_2a', port 'x[12]' is not connected to any nets. (LINT-28)
Warning: In design 'oadm_fixed_div_asymmetric_1_16_17_16_7_53_2a', port 'x[11]' is not connected to any nets. (LINT-28)
Warning: In design 'oadm_fixed_div_asymmetric_1_16_17_16_7_53_2a', port 'x[10]' is not connected to any nets. (LINT-28)
Warning: In design 'oadm_fixed_div_asymmetric_1_16_17_16_7_53_2a', port 'x[9]' is not connected to any nets. (LINT-28)
Warning: In design 'oadm_fixed_div_asymmetric_1_16_17_16_7_53_2a', port 'x[8]' is not connected to any nets. (LINT-28)
Warning: In design 'oadm_fixed_div_asymmetric_1_16_17_16_7_53_2a', port 'x[7]' is not connected to any nets. (LINT-28)
Warning: In design 'oadm_fixed_div_asymmetric_1_16_17_16_7_53_2a', port 'x[6]' is not connected to any nets. (LINT-28)
Warning: In design 'oadm_fixed_div_asymmetric_1_16_17_16_7_53_2a', port 'x[5]' is not connected to any nets. (LINT-28)
Warning: In design 'oadm_fixed_div_asymmetric_1_16_17_16_7_53_2a', port 'x[4]' is not connected to any nets. (LINT-28)
Warning: In design 'oadm_fixed_div_asymmetric_1_16_17_16_7_53_2a', port 'x[3]' is not connected to any nets. (LINT-28)
Warning: In design 'oadm_fixed_div_asymmetric_1_16_17_16_7_53_2a', port 'x[2]' is not connected to any nets. (LINT-28)
Warning: In design 'oadm_fixed_div_asymmetric_1_16_17_16_7_53_2a', port 'x[1]' is not connected to any nets. (LINT-28)
Warning: In design 'oadm_fixed_div_asymmetric_1_16_17_16_7_53_2a', port 'x[0]' is not connected to any nets. (LINT-28)
Warning: In design 'oadm_fixed_div_asymmetric_1_16_17_16_7_53_2a', port 'y[16]' is not connected to any nets. (LINT-28)
Warning: In design 'oadm_fixed_div_asymmetric_1_16_17_16_7_53_2a', port 'y[15]' is not connected to any nets. (LINT-28)
Warning: In design 'oadm_fixed_div_asymmetric_1_16_17_16_7_53_2a', port 'y[14]' is not connected to any nets. (LINT-28)
Warning: In design 'oadm_fixed_div_asymmetric_1_16_17_16_7_53_2a', port 'y[13]' is not connected to any nets. (LINT-28)
Warning: In design 'oadm_fixed_div_asymmetric_1_16_17_16_7_53_2a', port 'y[12]' is not connected to any nets. (LINT-28)
Warning: In design 'oadm_fixed_div_asymmetric_1_16_17_16_7_53_2a', port 'y[11]' is not connected to any nets. (LINT-28)
Warning: In design 'oadm_fixed_div_asymmetric_1_16_17_16_7_53_2a', port 'y[10]' is not connected to any nets. (LINT-28)
Warning: In design 'oadm_fixed_div_asymmetric_1_16_17_16_7_53_2a', port 'y[9]' is not connected to any nets. (LINT-28)
Warning: In design 'oadm_fixed_div_asymmetric_1_16_17_16_7_53_2a', port 'y[8]' is not connected to any nets. (LINT-28)
Warning: In design 'oadm_fixed_div_asymmetric_1_16_17_16_7_53_2a', port 'y[7]' is not connected to any nets. (LINT-28)
Warning: In design 'oadm_fixed_div_asymmetric_1_16_17_16_7_53_2a', port 'y[6]' is not connected to any nets. (LINT-28)
Warning: In design 'oadm_fixed_div_asymmetric_1_16_17_16_7_53_2a', port 'y[5]' is not connected to any nets. (LINT-28)
Warning: In design 'oadm_fixed_div_asymmetric_1_16_17_16_7_53_2a', port 'y[4]' is not connected to any nets. (LINT-28)
Warning: In design 'oadm_fixed_div_asymmetric_1_16_17_16_7_53_2a', port 'y[3]' is not connected to any nets. (LINT-28)
Warning: In design 'oadm_fixed_div_asymmetric_1_16_17_16_7_53_2a', port 'y[2]' is not connected to any nets. (LINT-28)
Warning: In design 'oadm_fixed_div_asymmetric_1_16_17_16_7_53_2a', port 'y[1]' is not connected to any nets. (LINT-28)
Warning: In design 'oadm_fixed_div_asymmetric_1_16_17_16_7_53_2a', port 'y[0]' is not connected to any nets. (LINT-28)
Warning: In design 'oadm_fixed_div_asymmetric_1_16_17_16_7_53_2a', port 'result[8]' is not connected to any nets. (LINT-28)
Warning: In design 'oadm_fixed_div_asymmetric_1_16_17_16_7_53_2a', port 'result[7]' is not connected to any nets. (LINT-28)
Warning: In design 'oadm_fixed_div_asymmetric_1_16_17_16_7_53_2a', port 'result[6]' is not connected to any nets. (LINT-28)
Warning: In design 'oadm_fixed_div_asymmetric_1_16_17_16_7_53_2a', port 'result[5]' is not connected to any nets. (LINT-28)
Warning: In design 'oadm_fixed_div_asymmetric_1_16_17_16_7_53_2a', port 'result[4]' is not connected to any nets. (LINT-28)
Warning: In design 'oadm_fixed_div_asymmetric_1_16_17_16_7_53_2a', port 'result[3]' is not connected to any nets. (LINT-28)
Warning: In design 'oadm_fixed_div_asymmetric_1_16_17_16_7_53_2a', port 'result[2]' is not connected to any nets. (LINT-28)
Warning: In design 'oadm_fixed_div_asymmetric_1_16_17_16_7_53_2a', port 'result[1]' is not connected to any nets. (LINT-28)
Warning: In design 'oadm_fixed_div_asymmetric_1_16_17_16_7_53_2a', port 'result[0]' is not connected to any nets. (LINT-28)
Warning: In design 'oadm_fixed_div_asymmetric_plane_LEVEL1_X_RESIDUAL_DROP16_Y_RESIDUAL_DROP17', port 'x_mantissa[23]' is not connected to any nets. (LINT-28)
Warning: In design 'oadm_fixed_div_asymmetric_plane_LEVEL1_X_RESIDUAL_DROP16_Y_RESIDUAL_DROP17', port 'x_mantissa[15]' is not connected to any nets. (LINT-28)
Warning: In design 'oadm_fixed_div_asymmetric_plane_LEVEL1_X_RESIDUAL_DROP16_Y_RESIDUAL_DROP17', port 'x_mantissa[14]' is not connected to any nets. (LINT-28)
Warning: In design 'oadm_fixed_div_asymmetric_plane_LEVEL1_X_RESIDUAL_DROP16_Y_RESIDUAL_DROP17', port 'x_mantissa[13]' is not connected to any nets. (LINT-28)
Warning: In design 'oadm_fixed_div_asymmetric_plane_LEVEL1_X_RESIDUAL_DROP16_Y_RESIDUAL_DROP17', port 'x_mantissa[12]' is not connected to any nets. (LINT-28)
Warning: In design 'oadm_fixed_div_asymmetric_plane_LEVEL1_X_RESIDUAL_DROP16_Y_RESIDUAL_DROP17', port 'x_mantissa[11]' is not connected to any nets. (LINT-28)
Warning: In design 'oadm_fixed_div_asymmetric_plane_LEVEL1_X_RESIDUAL_DROP16_Y_RESIDUAL_DROP17', port 'x_mantissa[10]' is not connected to any nets. (LINT-28)
Warning: In design 'oadm_fixed_div_asymmetric_plane_LEVEL1_X_RESIDUAL_DROP16_Y_RESIDUAL_DROP17', port 'x_mantissa[9]' is not connected to any nets. (LINT-28)
Warning: In design 'oadm_fixed_div_asymmetric_plane_LEVEL1_X_RESIDUAL_DROP16_Y_RESIDUAL_DROP17', port 'x_mantissa[8]' is not connected to any nets. (LINT-28)
Warning: In design 'oadm_fixed_div_asymmetric_plane_LEVEL1_X_RESIDUAL_DROP16_Y_RESIDUAL_DROP17', port 'x_mantissa[7]' is not connected to any nets. (LINT-28)
Warning: In design 'oadm_fixed_div_asymmetric_plane_LEVEL1_X_RESIDUAL_DROP16_Y_RESIDUAL_DROP17', port 'x_mantissa[6]' is not connected to any nets. (LINT-28)
Warning: In design 'oadm_fixed_div_asymmetric_plane_LEVEL1_X_RESIDUAL_DROP16_Y_RESIDUAL_DROP17', port 'x_mantissa[5]' is not connected to any nets. (LINT-28)
Warning: In design 'oadm_fixed_div_asymmetric_plane_LEVEL1_X_RESIDUAL_DROP16_Y_RESIDUAL_DROP17', port 'x_mantissa[4]' is not connected to any nets. (LINT-28)
Warning: In design 'oadm_fixed_div_asymmetric_plane_LEVEL1_X_RESIDUAL_DROP16_Y_RESIDUAL_DROP17', port 'x_mantissa[3]' is not connected to any nets. (LINT-28)
Warning: In design 'oadm_fixed_div_asymmetric_plane_LEVEL1_X_RESIDUAL_DROP16_Y_RESIDUAL_DROP17', port 'x_mantissa[2]' is not connected to any nets. (LINT-28)
Warning: In design 'oadm_fixed_div_asymmetric_plane_LEVEL1_X_RESIDUAL_DROP16_Y_RESIDUAL_DROP17', port 'x_mantissa[1]' is not connected to any nets. (LINT-28)
Warning: In design 'oadm_fixed_div_asymmetric_plane_LEVEL1_X_RESIDUAL_DROP16_Y_RESIDUAL_DROP17', port 'x_mantissa[0]' is not connected to any nets. (LINT-28)
Warning: In design 'oadm_fixed_div_asymmetric_plane_LEVEL1_X_RESIDUAL_DROP16_Y_RESIDUAL_DROP17', port 'y_mantissa[23]' is not connected to any nets. (LINT-28)
Warning: In design 'oadm_fixed_div_asymmetric_plane_LEVEL1_X_RESIDUAL_DROP16_Y_RESIDUAL_DROP17', port 'y_mantissa[16]' is not connected to any nets. (LINT-28)
Warning: In design 'oadm_fixed_div_asymmetric_plane_LEVEL1_X_RESIDUAL_DROP16_Y_RESIDUAL_DROP17', port 'y_mantissa[15]' is not connected to any nets. (LINT-28)
Warning: In design 'oadm_fixed_div_asymmetric_plane_LEVEL1_X_RESIDUAL_DROP16_Y_RESIDUAL_DROP17', port 'y_mantissa[14]' is not connected to any nets. (LINT-28)
Warning: In design 'oadm_fixed_div_asymmetric_plane_LEVEL1_X_RESIDUAL_DROP16_Y_RESIDUAL_DROP17', port 'y_mantissa[13]' is not connected to any nets. (LINT-28)
Warning: In design 'oadm_fixed_div_asymmetric_plane_LEVEL1_X_RESIDUAL_DROP16_Y_RESIDUAL_DROP17', port 'y_mantissa[12]' is not connected to any nets. (LINT-28)
Warning: In design 'oadm_fixed_div_asymmetric_plane_LEVEL1_X_RESIDUAL_DROP16_Y_RESIDUAL_DROP17', port 'y_mantissa[11]' is not connected to any nets. (LINT-28)
Warning: In design 'oadm_fixed_div_asymmetric_plane_LEVEL1_X_RESIDUAL_DROP16_Y_RESIDUAL_DROP17', port 'y_mantissa[10]' is not connected to any nets. (LINT-28)
Warning: In design 'oadm_fixed_div_asymmetric_plane_LEVEL1_X_RESIDUAL_DROP16_Y_RESIDUAL_DROP17', port 'y_mantissa[9]' is not connected to any nets. (LINT-28)
Warning: In design 'oadm_fixed_div_asymmetric_plane_LEVEL1_X_RESIDUAL_DROP16_Y_RESIDUAL_DROP17', port 'y_mantissa[8]' is not connected to any nets. (LINT-28)
Warning: In design 'oadm_fixed_div_asymmetric_plane_LEVEL1_X_RESIDUAL_DROP16_Y_RESIDUAL_DROP17', port 'y_mantissa[7]' is not connected to any nets. (LINT-28)
Warning: In design 'oadm_fixed_div_asymmetric_plane_LEVEL1_X_RESIDUAL_DROP16_Y_RESIDUAL_DROP17', port 'y_mantissa[6]' is not connected to any nets. (LINT-28)
Warning: In design 'oadm_fixed_div_asymmetric_plane_LEVEL1_X_RESIDUAL_DROP16_Y_RESIDUAL_DROP17', port 'y_mantissa[5]' is not connected to any nets. (LINT-28)
Warning: In design 'oadm_fixed_div_asymmetric_plane_LEVEL1_X_RESIDUAL_DROP16_Y_RESIDUAL_DROP17', port 'y_mantissa[4]' is not connected to any nets. (LINT-28)
Warning: In design 'oadm_fixed_div_asymmetric_plane_LEVEL1_X_RESIDUAL_DROP16_Y_RESIDUAL_DROP17', port 'y_mantissa[3]' is not connected to any nets. (LINT-28)
Warning: In design 'oadm_fixed_div_asymmetric_plane_LEVEL1_X_RESIDUAL_DROP16_Y_RESIDUAL_DROP17', port 'y_mantissa[2]' is not connected to any nets. (LINT-28)
Warning: In design 'oadm_fixed_div_asymmetric_plane_LEVEL1_X_RESIDUAL_DROP16_Y_RESIDUAL_DROP17', port 'y_mantissa[1]' is not connected to any nets. (LINT-28)
Warning: In design 'oadm_fixed_div_asymmetric_plane_LEVEL1_X_RESIDUAL_DROP16_Y_RESIDUAL_DROP17', port 'y_mantissa[0]' is not connected to any nets. (LINT-28)
Warning: In design 'oadm_fixed_div_asymmetric_plane_LEVEL1_X_RESIDUAL_DROP16_Y_RESIDUAL_DROP17', port 'plane_exact[28]' is not connected to any nets. (LINT-28)
Warning: In design 'oadm_fixed_div_asymmetric_plane_LEVEL1_X_RESIDUAL_DROP16_Y_RESIDUAL_DROP17', port 'plane_exact[27]' is not connected to any nets. (LINT-28)
Warning: In design 'oadm_fixed_div_asymmetric_plane_LEVEL1_X_RESIDUAL_DROP16_Y_RESIDUAL_DROP17', port 'plane_exact[26]' is not connected to any nets. (LINT-28)
Warning: In design 'oadm_fixed_div_asymmetric_plane_LEVEL1_X_RESIDUAL_DROP16_Y_RESIDUAL_DROP17', port 'plane_exact[25]' is not connected to any nets. (LINT-28)
Warning: In design 'oadm_fixed_div_asymmetric_plane_LEVEL1_X_RESIDUAL_DROP16_Y_RESIDUAL_DROP17', port 'plane_exact[15]' is not connected to any nets. (LINT-28)
Warning: In design 'oadm_fixed_div_asymmetric_plane_LEVEL1_X_RESIDUAL_DROP16_Y_RESIDUAL_DROP17', port 'plane_exact[14]' is not connected to any nets. (LINT-28)
Warning: In design 'oadm_fixed_div_asymmetric_plane_LEVEL1_X_RESIDUAL_DROP16_Y_RESIDUAL_DROP17', port 'plane_exact[13]' is not connected to any nets. (LINT-28)
Warning: In design 'oadm_fixed_div_asymmetric_plane_LEVEL1_X_RESIDUAL_DROP16_Y_RESIDUAL_DROP17', port 'plane_exact[12]' is not connected to any nets. (LINT-28)
Warning: In design 'oadm_fixed_div_asymmetric_plane_LEVEL1_X_RESIDUAL_DROP16_Y_RESIDUAL_DROP17', port 'plane_exact[11]' is not connected to any nets. (LINT-28)
Warning: In design 'oadm_fixed_div_asymmetric_plane_LEVEL1_X_RESIDUAL_DROP16_Y_RESIDUAL_DROP17', port 'plane_exact[10]' is not connected to any nets. (LINT-28)
Warning: In design 'oadm_fixed_div_asymmetric_plane_LEVEL1_X_RESIDUAL_DROP16_Y_RESIDUAL_DROP17', port 'plane_exact[9]' is not connected to any nets. (LINT-28)
Warning: In design 'oadm_fixed_div_asymmetric_plane_LEVEL1_X_RESIDUAL_DROP16_Y_RESIDUAL_DROP17', port 'plane_exact[8]' is not connected to any nets. (LINT-28)
Warning: In design 'oadm_fixed_div_asymmetric_plane_LEVEL1_X_RESIDUAL_DROP16_Y_RESIDUAL_DROP17', port 'plane_exact[7]' is not connected to any nets. (LINT-28)
Warning: In design 'oadm_fixed_div_asymmetric_plane_LEVEL1_X_RESIDUAL_DROP16_Y_RESIDUAL_DROP17', port 'plane_exact[6]' is not connected to any nets. (LINT-28)
Warning: In design 'oadm_fixed_div_asymmetric_plane_LEVEL1_X_RESIDUAL_DROP16_Y_RESIDUAL_DROP17', port 'plane_exact[5]' is not connected to any nets. (LINT-28)
Warning: In design 'oadm_fixed_div_asymmetric_plane_LEVEL1_X_RESIDUAL_DROP16_Y_RESIDUAL_DROP17', port 'plane_exact[4]' is not connected to any nets. (LINT-28)
Warning: In design 'oadm_fixed_div_asymmetric_plane_LEVEL1_X_RESIDUAL_DROP16_Y_RESIDUAL_DROP17', port 'plane_exact[3]' is not connected to any nets. (LINT-28)
Warning: In design 'oadm_fixed_div_asymmetric_plane_LEVEL1_X_RESIDUAL_DROP16_Y_RESIDUAL_DROP17', port 'plane_exact[2]' is not connected to any nets. (LINT-28)
Warning: In design 'oadm_fixed_div_asymmetric_plane_LEVEL1_X_RESIDUAL_DROP16_Y_RESIDUAL_DROP17', port 'plane_exact[1]' is not connected to any nets. (LINT-28)
Warning: In design 'oadm_fixed_div_asymmetric_plane_LEVEL1_X_RESIDUAL_DROP16_Y_RESIDUAL_DROP17', port 'plane_exact[0]' is not connected to any nets. (LINT-28)
Warning: In design 'fp32_normal_finite_wrapper', port 'x[15]' is not connected to any nets. (LINT-28)
Warning: In design 'fp32_normal_finite_wrapper', port 'x[14]' is not connected to any nets. (LINT-28)
Warning: In design 'fp32_normal_finite_wrapper', port 'x[13]' is not connected to any nets. (LINT-28)
Warning: In design 'fp32_normal_finite_wrapper', port 'x[12]' is not connected to any nets. (LINT-28)
Warning: In design 'fp32_normal_finite_wrapper', port 'x[11]' is not connected to any nets. (LINT-28)
Warning: In design 'fp32_normal_finite_wrapper', port 'x[10]' is not connected to any nets. (LINT-28)
Warning: In design 'fp32_normal_finite_wrapper', port 'x[9]' is not connected to any nets. (LINT-28)
Warning: In design 'fp32_normal_finite_wrapper', port 'x[8]' is not connected to any nets. (LINT-28)
Warning: In design 'fp32_normal_finite_wrapper', port 'x[7]' is not connected to any nets. (LINT-28)
Warning: In design 'fp32_normal_finite_wrapper', port 'x[6]' is not connected to any nets. (LINT-28)
Warning: In design 'fp32_normal_finite_wrapper', port 'x[5]' is not connected to any nets. (LINT-28)
Warning: In design 'fp32_normal_finite_wrapper', port 'x[4]' is not connected to any nets. (LINT-28)
Warning: In design 'fp32_normal_finite_wrapper', port 'x[3]' is not connected to any nets. (LINT-28)
Warning: In design 'fp32_normal_finite_wrapper', port 'x[2]' is not connected to any nets. (LINT-28)
Warning: In design 'fp32_normal_finite_wrapper', port 'x[1]' is not connected to any nets. (LINT-28)
Warning: In design 'fp32_normal_finite_wrapper', port 'x[0]' is not connected to any nets. (LINT-28)
Warning: In design 'fp32_normal_finite_wrapper', port 'y[16]' is not connected to any nets. (LINT-28)
Warning: In design 'fp32_normal_finite_wrapper', port 'y[15]' is not connected to any nets. (LINT-28)
Warning: In design 'fp32_normal_finite_wrapper', port 'y[14]' is not connected to any nets. (LINT-28)
Warning: In design 'fp32_normal_finite_wrapper', port 'y[13]' is not connected to any nets. (LINT-28)
Warning: In design 'fp32_normal_finite_wrapper', port 'y[12]' is not connected to any nets. (LINT-28)
Warning: In design 'fp32_normal_finite_wrapper', port 'y[11]' is not connected to any nets. (LINT-28)
Warning: In design 'fp32_normal_finite_wrapper', port 'y[10]' is not connected to any nets. (LINT-28)
Warning: In design 'fp32_normal_finite_wrapper', port 'y[9]' is not connected to any nets. (LINT-28)
Warning: In design 'fp32_normal_finite_wrapper', port 'y[8]' is not connected to any nets. (LINT-28)
Warning: In design 'fp32_normal_finite_wrapper', port 'y[7]' is not connected to any nets. (LINT-28)
Warning: In design 'fp32_normal_finite_wrapper', port 'y[6]' is not connected to any nets. (LINT-28)
Warning: In design 'fp32_normal_finite_wrapper', port 'y[5]' is not connected to any nets. (LINT-28)
Warning: In design 'fp32_normal_finite_wrapper', port 'y[4]' is not connected to any nets. (LINT-28)
Warning: In design 'fp32_normal_finite_wrapper', port 'y[3]' is not connected to any nets. (LINT-28)
Warning: In design 'fp32_normal_finite_wrapper', port 'y[2]' is not connected to any nets. (LINT-28)
Warning: In design 'fp32_normal_finite_wrapper', port 'y[1]' is not connected to any nets. (LINT-28)
Warning: In design 'fp32_normal_finite_wrapper', port 'y[0]' is not connected to any nets. (LINT-28)
Warning: In design 'fp32_normal_finite_wrapper', port 'divide_mode' is not connected to any nets. (LINT-28)
Warning: In design 'fp32_normal_finite_wrapper', port 'fraction_x[15]' is not connected to any nets. (LINT-28)
Warning: In design 'fp32_normal_finite_wrapper', port 'fraction_x[14]' is not connected to any nets. (LINT-28)
Warning: In design 'fp32_normal_finite_wrapper', port 'fraction_x[13]' is not connected to any nets. (LINT-28)
Warning: In design 'fp32_normal_finite_wrapper', port 'fraction_x[12]' is not connected to any nets. (LINT-28)
Warning: In design 'fp32_normal_finite_wrapper', port 'fraction_x[11]' is not connected to any nets. (LINT-28)
Warning: In design 'fp32_normal_finite_wrapper', port 'fraction_x[10]' is not connected to any nets. (LINT-28)
Warning: In design 'fp32_normal_finite_wrapper', port 'fraction_x[9]' is not connected to any nets. (LINT-28)
Warning: In design 'fp32_normal_finite_wrapper', port 'fraction_x[8]' is not connected to any nets. (LINT-28)
Warning: In design 'fp32_normal_finite_wrapper', port 'fraction_x[7]' is not connected to any nets. (LINT-28)
Warning: In design 'fp32_normal_finite_wrapper', port 'fraction_x[6]' is not connected to any nets. (LINT-28)
Warning: In design 'fp32_normal_finite_wrapper', port 'fraction_x[5]' is not connected to any nets. (LINT-28)
Warning: In design 'fp32_normal_finite_wrapper', port 'fraction_x[4]' is not connected to any nets. (LINT-28)
Warning: In design 'fp32_normal_finite_wrapper', port 'fraction_x[3]' is not connected to any nets. (LINT-28)
Warning: In design 'fp32_normal_finite_wrapper', port 'fraction_x[2]' is not connected to any nets. (LINT-28)
Warning: In design 'fp32_normal_finite_wrapper', port 'fraction_x[1]' is not connected to any nets. (LINT-28)
Warning: In design 'fp32_normal_finite_wrapper', port 'fraction_x[0]' is not connected to any nets. (LINT-28)
Warning: In design 'fp32_normal_finite_wrapper', port 'fraction_y[16]' is not connected to any nets. (LINT-28)
Warning: In design 'fp32_normal_finite_wrapper', port 'fraction_y[15]' is not connected to any nets. (LINT-28)
Warning: In design 'fp32_normal_finite_wrapper', port 'fraction_y[14]' is not connected to any nets. (LINT-28)
Warning: In design 'fp32_normal_finite_wrapper', port 'fraction_y[13]' is not connected to any nets. (LINT-28)
Warning: In design 'fp32_normal_finite_wrapper', port 'fraction_y[12]' is not connected to any nets. (LINT-28)
Warning: In design 'fp32_normal_finite_wrapper', port 'fraction_y[11]' is not connected to any nets. (LINT-28)
Warning: In design 'fp32_normal_finite_wrapper', port 'fraction_y[10]' is not connected to any nets. (LINT-28)
Warning: In design 'fp32_normal_finite_wrapper', port 'fraction_y[9]' is not connected to any nets. (LINT-28)
Warning: In design 'fp32_normal_finite_wrapper', port 'fraction_y[8]' is not connected to any nets. (LINT-28)
Warning: In design 'fp32_normal_finite_wrapper', port 'fraction_y[7]' is not connected to any nets. (LINT-28)
Warning: In design 'fp32_normal_finite_wrapper', port 'fraction_y[6]' is not connected to any nets. (LINT-28)
Warning: In design 'fp32_normal_finite_wrapper', port 'fraction_y[5]' is not connected to any nets. (LINT-28)
Warning: In design 'fp32_normal_finite_wrapper', port 'fraction_y[4]' is not connected to any nets. (LINT-28)
Warning: In design 'fp32_normal_finite_wrapper', port 'fraction_y[3]' is not connected to any nets. (LINT-28)
Warning: In design 'fp32_normal_finite_wrapper', port 'fraction_y[2]' is not connected to any nets. (LINT-28)
Warning: In design 'fp32_normal_finite_wrapper', port 'fraction_y[1]' is not connected to any nets. (LINT-28)
Warning: In design 'fp32_normal_finite_wrapper', port 'fraction_y[0]' is not connected to any nets. (LINT-28)
Warning: In design 'fp32_normal_finite_wrapper', port 'result_fraction[8]' is not connected to any nets. (LINT-28)
Warning: In design 'fp32_normal_finite_wrapper', port 'result_fraction[7]' is not connected to any nets. (LINT-28)
Warning: In design 'fp32_normal_finite_wrapper', port 'result_fraction[6]' is not connected to any nets. (LINT-28)
Warning: In design 'fp32_normal_finite_wrapper', port 'result_fraction[5]' is not connected to any nets. (LINT-28)
Warning: In design 'fp32_normal_finite_wrapper', port 'result_fraction[4]' is not connected to any nets. (LINT-28)
Warning: In design 'fp32_normal_finite_wrapper', port 'result_fraction[3]' is not connected to any nets. (LINT-28)
Warning: In design 'fp32_normal_finite_wrapper', port 'result_fraction[2]' is not connected to any nets. (LINT-28)
Warning: In design 'fp32_normal_finite_wrapper', port 'result_fraction[1]' is not connected to any nets. (LINT-28)
Warning: In design 'fp32_normal_finite_wrapper', port 'result_fraction[0]' is not connected to any nets. (LINT-28)
Warning: In design 'fp32_normal_finite_wrapper', port 'result[8]' is not connected to any nets. (LINT-28)
Warning: In design 'fp32_normal_finite_wrapper', port 'result[7]' is not connected to any nets. (LINT-28)
Warning: In design 'fp32_normal_finite_wrapper', port 'result[6]' is not connected to any nets. (LINT-28)
Warning: In design 'fp32_normal_finite_wrapper', port 'result[5]' is not connected to any nets. (LINT-28)
Warning: In design 'fp32_normal_finite_wrapper', port 'result[4]' is not connected to any nets. (LINT-28)
Warning: In design 'fp32_normal_finite_wrapper', port 'result[3]' is not connected to any nets. (LINT-28)
Warning: In design 'fp32_normal_finite_wrapper', port 'result[2]' is not connected to any nets. (LINT-28)
Warning: In design 'fp32_normal_finite_wrapper', port 'result[1]' is not connected to any nets. (LINT-28)
Warning: In design 'fp32_normal_finite_wrapper', port 'result[0]' is not connected to any nets. (LINT-28)
Warning: In design 'oadm_fixed_div_asymmetric_plane_LEVEL1_X_RESIDUAL_DROP16_Y_RESIDUAL_DROP17_DW_mult_tc_0', port 'b[5]' is not connected to any nets. (LINT-28)
Warning: In design 'oadm_fixed_div_asymmetric_plane_LEVEL1_X_RESIDUAL_DROP16_Y_RESIDUAL_DROP17_DW_mult_tc_0', port 'b[4]' is not connected to any nets. (LINT-28)
Warning: In design 'oadm_fixed_div_asymmetric_plane_LEVEL1_X_RESIDUAL_DROP16_Y_RESIDUAL_DROP17_DW_mult_tc_0', port 'b[2]' is not connected to any nets. (LINT-28)
Warning: In design 'oadm_fixed_div_asymmetric_plane_LEVEL1_X_RESIDUAL_DROP16_Y_RESIDUAL_DROP17_DW_mult_tc_0', port 'b[1]' is not connected to any nets. (LINT-28)
Warning: In design 'oadm_fixed_div_asymmetric_plane_LEVEL1_X_RESIDUAL_DROP16_Y_RESIDUAL_DROP17_DW_mult_tc_0', port 'b[0]' is not connected to any nets. (LINT-28)
Warning: In design 'oadm_fixed_div_asymmetric_plane_LEVEL1_X_RESIDUAL_DROP16_Y_RESIDUAL_DROP17_DW_mult_tc_0', port 'product[1]' is not connected to any nets. (LINT-28)
Warning: In design 'oadm_fixed_div_asymmetric_plane_LEVEL1_X_RESIDUAL_DROP16_Y_RESIDUAL_DROP17_DW_mult_tc_0', port 'product[0]' is not connected to any nets. (LINT-28)
Warning: In design 'oadm_fixed_div_asymmetric_plane_LEVEL1_X_RESIDUAL_DROP16_Y_RESIDUAL_DROP17_DW_mult_tc_1', port 'b[5]' is not connected to any nets. (LINT-28)
Warning: In design 'oadm_fixed_div_asymmetric_plane_LEVEL1_X_RESIDUAL_DROP16_Y_RESIDUAL_DROP17_DW_mult_tc_1', port 'b[4]' is not connected to any nets. (LINT-28)
Warning: In design 'oadm_fixed_div_asymmetric_plane_LEVEL1_X_RESIDUAL_DROP16_Y_RESIDUAL_DROP17_DW_mult_tc_1', port 'b[2]' is not connected to any nets. (LINT-28)
Warning: In design 'oadm_fixed_div_asymmetric_plane_LEVEL1_X_RESIDUAL_DROP16_Y_RESIDUAL_DROP17_DW_mult_tc_1', port 'b[1]' is not connected to any nets. (LINT-28)
Warning: In design 'oadm_fixed_div_asymmetric_plane_LEVEL1_X_RESIDUAL_DROP16_Y_RESIDUAL_DROP17_DW_mult_tc_1', port 'b[0]' is not connected to any nets. (LINT-28)
Warning: In design 'oadm_fixed_div_asymmetric_plane_LEVEL1_X_RESIDUAL_DROP16_Y_RESIDUAL_DROP17_DW_mult_tc_1', port 'product[0]' is not connected to any nets. (LINT-28)
Warning: In design 'oadm_fixed_div_asymmetric_1_16_17_16_7_53_2a_DW_mult_uns_0_DW_mult_uns_1', port 'b[2]' is not connected to any nets. (LINT-28)
Warning: In design 'oadm_fixed_div_asymmetric_1_16_17_16_7_53_2a_DW_mult_uns_0_DW_mult_uns_1', port 'b[1]' is not connected to any nets. (LINT-28)
Warning: In design 'oadm_fixed_div_asymmetric_1_16_17_16_7_53_2a_DW_mult_uns_0_DW_mult_uns_1', port 'product[15]' is not connected to any nets. (LINT-28)
Warning: In design 'fp32_normal_finite_wrapper_DW01_add_1_DW01_add_4', port 'CI' is not connected to any nets. (LINT-28)
Warning: In design 'fp32_normal_finite_wrapper_DW01_add_1_DW01_add_4', port 'CO' is not connected to any nets. (LINT-28)
Warning: In design 'oadm_fixed_l1_div_dx16_dy17', output port 'result[8]' is connected directly to output port 'result[0]'. (LINT-31)
Warning: In design 'oadm_fixed_l1_div_dx16_dy17', output port 'result[8]' is connected directly to output port 'result[1]'. (LINT-31)
Warning: In design 'oadm_fixed_l1_div_dx16_dy17', output port 'result[8]' is connected directly to output port 'result[2]'. (LINT-31)
Warning: In design 'oadm_fixed_l1_div_dx16_dy17', output port 'result[8]' is connected directly to output port 'result[3]'. (LINT-31)
Warning: In design 'oadm_fixed_l1_div_dx16_dy17', output port 'result[8]' is connected directly to output port 'result[4]'. (LINT-31)
Warning: In design 'oadm_fixed_l1_div_dx16_dy17', output port 'result[8]' is connected directly to output port 'result[5]'. (LINT-31)
Warning: In design 'oadm_fixed_l1_div_dx16_dy17', output port 'result[8]' is connected directly to output port 'result[6]'. (LINT-31)
Warning: In design 'oadm_fixed_l1_div_dx16_dy17', output port 'result[8]' is connected directly to output port 'result[7]'. (LINT-31)
Warning: In design 'oadm_fixed_l1_div_dx16_dy17', a pin on submodule 'implementation' is connected to logic 1 or logic 0. (LINT-32)
   Pin 'x[15]' is connected to logic 0. 
Warning: In design 'oadm_fixed_l1_div_dx16_dy17', a pin on submodule 'implementation' is connected to logic 1 or logic 0. (LINT-32)
   Pin 'x[14]' is connected to logic 0. 
Warning: In design 'oadm_fixed_l1_div_dx16_dy17', a pin on submodule 'implementation' is connected to logic 1 or logic 0. (LINT-32)
   Pin 'x[13]' is connected to logic 0. 
Warning: In design 'oadm_fixed_l1_div_dx16_dy17', a pin on submodule 'implementation' is connected to logic 1 or logic 0. (LINT-32)
   Pin 'x[12]' is connected to logic 0. 
Warning: In design 'oadm_fixed_l1_div_dx16_dy17', a pin on submodule 'implementation' is connected to logic 1 or logic 0. (LINT-32)
   Pin 'x[11]' is connected to logic 0. 
Warning: In design 'oadm_fixed_l1_div_dx16_dy17', a pin on submodule 'implementation' is connected to logic 1 or logic 0. (LINT-32)
   Pin 'x[10]' is connected to logic 0. 
Warning: In design 'oadm_fixed_l1_div_dx16_dy17', a pin on submodule 'implementation' is connected to logic 1 or logic 0. (LINT-32)
   Pin 'x[9]' is connected to logic 0. 
Warning: In design 'oadm_fixed_l1_div_dx16_dy17', a pin on submodule 'implementation' is connected to logic 1 or logic 0. (LINT-32)
   Pin 'x[8]' is connected to logic 0. 
Warning: In design 'oadm_fixed_l1_div_dx16_dy17', a pin on submodule 'implementation' is connected to logic 1 or logic 0. (LINT-32)
   Pin 'x[7]' is connected to logic 0. 
Warning: In design 'oadm_fixed_l1_div_dx16_dy17', a pin on submodule 'implementation' is connected to logic 1 or logic 0. (LINT-32)
   Pin 'x[6]' is connected to logic 0. 
Warning: In design 'oadm_fixed_l1_div_dx16_dy17', a pin on submodule 'implementation' is connected to logic 1 or logic 0. (LINT-32)
   Pin 'x[5]' is connected to logic 0. 
Warning: In design 'oadm_fixed_l1_div_dx16_dy17', a pin on submodule 'implementation' is connected to logic 1 or logic 0. (LINT-32)
   Pin 'x[4]' is connected to logic 0. 
Warning: In design 'oadm_fixed_l1_div_dx16_dy17', a pin on submodule 'implementation' is connected to logic 1 or logic 0. (LINT-32)
   Pin 'x[3]' is connected to logic 0. 
Warning: In design 'oadm_fixed_l1_div_dx16_dy17', a pin on submodule 'implementation' is connected to logic 1 or logic 0. (LINT-32)
   Pin 'x[2]' is connected to logic 0. 
Warning: In design 'oadm_fixed_l1_div_dx16_dy17', a pin on submodule 'implementation' is connected to logic 1 or logic 0. (LINT-32)
   Pin 'x[1]' is connected to logic 0. 
Warning: In design 'oadm_fixed_l1_div_dx16_dy17', a pin on submodule 'implementation' is connected to logic 1 or logic 0. (LINT-32)
   Pin 'x[0]' is connected to logic 0. 
Warning: In design 'oadm_fixed_l1_div_dx16_dy17', a pin on submodule 'implementation' is connected to logic 1 or logic 0. (LINT-32)
   Pin 'y[16]' is connected to logic 0. 
Warning: In design 'oadm_fixed_l1_div_dx16_dy17', a pin on submodule 'implementation' is connected to logic 1 or logic 0. (LINT-32)
   Pin 'y[15]' is connected to logic 0. 
Warning: In design 'oadm_fixed_l1_div_dx16_dy17', a pin on submodule 'implementation' is connected to logic 1 or logic 0. (LINT-32)
   Pin 'y[14]' is connected to logic 0. 
Warning: In design 'oadm_fixed_l1_div_dx16_dy17', a pin on submodule 'implementation' is connected to logic 1 or logic 0. (LINT-32)
   Pin 'y[13]' is connected to logic 0. 
Warning: In design 'oadm_fixed_l1_div_dx16_dy17', a pin on submodule 'implementation' is connected to logic 1 or logic 0. (LINT-32)
   Pin 'y[12]' is connected to logic 0. 
Warning: In design 'oadm_fixed_l1_div_dx16_dy17', a pin on submodule 'implementation' is connected to logic 1 or logic 0. (LINT-32)
   Pin 'y[11]' is connected to logic 0. 
Warning: In design 'oadm_fixed_l1_div_dx16_dy17', a pin on submodule 'implementation' is connected to logic 1 or logic 0. (LINT-32)
   Pin 'y[10]' is connected to logic 0. 
Warning: In design 'oadm_fixed_l1_div_dx16_dy17', a pin on submodule 'implementation' is connected to logic 1 or logic 0. (LINT-32)
   Pin 'y[9]' is connected to logic 0. 
Warning: In design 'oadm_fixed_l1_div_dx16_dy17', a pin on submodule 'implementation' is connected to logic 1 or logic 0. (LINT-32)
   Pin 'y[8]' is connected to logic 0. 
Warning: In design 'oadm_fixed_l1_div_dx16_dy17', a pin on submodule 'implementation' is connected to logic 1 or logic 0. (LINT-32)
   Pin 'y[7]' is connected to logic 0. 
Warning: In design 'oadm_fixed_l1_div_dx16_dy17', a pin on submodule 'implementation' is connected to logic 1 or logic 0. (LINT-32)
   Pin 'y[6]' is connected to logic 0. 
Warning: In design 'oadm_fixed_l1_div_dx16_dy17', a pin on submodule 'implementation' is connected to logic 1 or logic 0. (LINT-32)
   Pin 'y[5]' is connected to logic 0. 
Warning: In design 'oadm_fixed_l1_div_dx16_dy17', a pin on submodule 'implementation' is connected to logic 1 or logic 0. (LINT-32)
   Pin 'y[4]' is connected to logic 0. 
Warning: In design 'oadm_fixed_l1_div_dx16_dy17', a pin on submodule 'implementation' is connected to logic 1 or logic 0. (LINT-32)
   Pin 'y[3]' is connected to logic 0. 
Warning: In design 'oadm_fixed_l1_div_dx16_dy17', a pin on submodule 'implementation' is connected to logic 1 or logic 0. (LINT-32)
   Pin 'y[2]' is connected to logic 0. 
Warning: In design 'oadm_fixed_l1_div_dx16_dy17', a pin on submodule 'implementation' is connected to logic 1 or logic 0. (LINT-32)
   Pin 'y[1]' is connected to logic 0. 
Warning: In design 'oadm_fixed_l1_div_dx16_dy17', a pin on submodule 'implementation' is connected to logic 1 or logic 0. (LINT-32)
   Pin 'y[0]' is connected to logic 0. 
Warning: In design 'oadm_fixed_div_asymmetric_1_16_17_16_7_53_2a', a pin on submodule 'plane' is connected to logic 1 or logic 0. (LINT-32)
   Pin 'x_mantissa[23]' is connected to logic 0. 
Warning: In design 'oadm_fixed_div_asymmetric_1_16_17_16_7_53_2a', a pin on submodule 'plane' is connected to logic 1 or logic 0. (LINT-32)
   Pin 'x_mantissa[15]' is connected to logic 0. 
Warning: In design 'oadm_fixed_div_asymmetric_1_16_17_16_7_53_2a', a pin on submodule 'plane' is connected to logic 1 or logic 0. (LINT-32)
   Pin 'x_mantissa[14]' is connected to logic 0. 
Warning: In design 'oadm_fixed_div_asymmetric_1_16_17_16_7_53_2a', a pin on submodule 'plane' is connected to logic 1 or logic 0. (LINT-32)
   Pin 'x_mantissa[13]' is connected to logic 0. 
Warning: In design 'oadm_fixed_div_asymmetric_1_16_17_16_7_53_2a', a pin on submodule 'plane' is connected to logic 1 or logic 0. (LINT-32)
   Pin 'x_mantissa[12]' is connected to logic 0. 
Warning: In design 'oadm_fixed_div_asymmetric_1_16_17_16_7_53_2a', a pin on submodule 'plane' is connected to logic 1 or logic 0. (LINT-32)
   Pin 'x_mantissa[11]' is connected to logic 0. 
Warning: In design 'oadm_fixed_div_asymmetric_1_16_17_16_7_53_2a', a pin on submodule 'plane' is connected to logic 1 or logic 0. (LINT-32)
   Pin 'x_mantissa[10]' is connected to logic 0. 
Warning: In design 'oadm_fixed_div_asymmetric_1_16_17_16_7_53_2a', a pin on submodule 'plane' is connected to logic 1 or logic 0. (LINT-32)
   Pin 'x_mantissa[9]' is connected to logic 0. 
Warning: In design 'oadm_fixed_div_asymmetric_1_16_17_16_7_53_2a', a pin on submodule 'plane' is connected to logic 1 or logic 0. (LINT-32)
   Pin 'x_mantissa[8]' is connected to logic 0. 
Warning: In design 'oadm_fixed_div_asymmetric_1_16_17_16_7_53_2a', a pin on submodule 'plane' is connected to logic 1 or logic 0. (LINT-32)
   Pin 'x_mantissa[7]' is connected to logic 0. 
Warning: In design 'oadm_fixed_div_asymmetric_1_16_17_16_7_53_2a', a pin on submodule 'plane' is connected to logic 1 or logic 0. (LINT-32)
   Pin 'x_mantissa[6]' is connected to logic 0. 
Warning: In design 'oadm_fixed_div_asymmetric_1_16_17_16_7_53_2a', a pin on submodule 'plane' is connected to logic 1 or logic 0. (LINT-32)
   Pin 'x_mantissa[5]' is connected to logic 0. 
Warning: In design 'oadm_fixed_div_asymmetric_1_16_17_16_7_53_2a', a pin on submodule 'plane' is connected to logic 1 or logic 0. (LINT-32)
   Pin 'x_mantissa[4]' is connected to logic 0. 
Warning: In design 'oadm_fixed_div_asymmetric_1_16_17_16_7_53_2a', a pin on submodule 'plane' is connected to logic 1 or logic 0. (LINT-32)
   Pin 'x_mantissa[3]' is connected to logic 0. 
Warning: In design 'oadm_fixed_div_asymmetric_1_16_17_16_7_53_2a', a pin on submodule 'plane' is connected to logic 1 or logic 0. (LINT-32)
   Pin 'x_mantissa[2]' is connected to logic 0. 
Warning: In design 'oadm_fixed_div_asymmetric_1_16_17_16_7_53_2a', a pin on submodule 'plane' is connected to logic 1 or logic 0. (LINT-32)
   Pin 'x_mantissa[1]' is connected to logic 0. 
Warning: In design 'oadm_fixed_div_asymmetric_1_16_17_16_7_53_2a', a pin on submodule 'plane' is connected to logic 1 or logic 0. (LINT-32)
   Pin 'x_mantissa[0]' is connected to logic 0. 
Warning: In design 'oadm_fixed_div_asymmetric_1_16_17_16_7_53_2a', a pin on submodule 'plane' is connected to logic 1 or logic 0. (LINT-32)
   Pin 'y_mantissa[23]' is connected to logic 0. 
Warning: In design 'oadm_fixed_div_asymmetric_1_16_17_16_7_53_2a', a pin on submodule 'plane' is connected to logic 1 or logic 0. (LINT-32)
   Pin 'y_mantissa[16]' is connected to logic 0. 
Warning: In design 'oadm_fixed_div_asymmetric_1_16_17_16_7_53_2a', a pin on submodule 'plane' is connected to logic 1 or logic 0. (LINT-32)
   Pin 'y_mantissa[15]' is connected to logic 0. 
Warning: In design 'oadm_fixed_div_asymmetric_1_16_17_16_7_53_2a', a pin on submodule 'plane' is connected to logic 1 or logic 0. (LINT-32)
   Pin 'y_mantissa[14]' is connected to logic 0. 
Warning: In design 'oadm_fixed_div_asymmetric_1_16_17_16_7_53_2a', a pin on submodule 'plane' is connected to logic 1 or logic 0. (LINT-32)
   Pin 'y_mantissa[13]' is connected to logic 0. 
Warning: In design 'oadm_fixed_div_asymmetric_1_16_17_16_7_53_2a', a pin on submodule 'plane' is connected to logic 1 or logic 0. (LINT-32)
   Pin 'y_mantissa[12]' is connected to logic 0. 
Warning: In design 'oadm_fixed_div_asymmetric_1_16_17_16_7_53_2a', a pin on submodule 'plane' is connected to logic 1 or logic 0. (LINT-32)
   Pin 'y_mantissa[11]' is connected to logic 0. 
Warning: In design 'oadm_fixed_div_asymmetric_1_16_17_16_7_53_2a', a pin on submodule 'plane' is connected to logic 1 or logic 0. (LINT-32)
   Pin 'y_mantissa[10]' is connected to logic 0. 
Warning: In design 'oadm_fixed_div_asymmetric_1_16_17_16_7_53_2a', a pin on submodule 'plane' is connected to logic 1 or logic 0. (LINT-32)
   Pin 'y_mantissa[9]' is connected to logic 0. 
Warning: In design 'oadm_fixed_div_asymmetric_1_16_17_16_7_53_2a', a pin on submodule 'plane' is connected to logic 1 or logic 0. (LINT-32)
   Pin 'y_mantissa[8]' is connected to logic 0. 
Warning: In design 'oadm_fixed_div_asymmetric_1_16_17_16_7_53_2a', a pin on submodule 'plane' is connected to logic 1 or logic 0. (LINT-32)
   Pin 'y_mantissa[7]' is connected to logic 0. 
Warning: In design 'oadm_fixed_div_asymmetric_1_16_17_16_7_53_2a', a pin on submodule 'plane' is connected to logic 1 or logic 0. (LINT-32)
   Pin 'y_mantissa[6]' is connected to logic 0. 
Warning: In design 'oadm_fixed_div_asymmetric_1_16_17_16_7_53_2a', a pin on submodule 'plane' is connected to logic 1 or logic 0. (LINT-32)
   Pin 'y_mantissa[5]' is connected to logic 0. 
Warning: In design 'oadm_fixed_div_asymmetric_1_16_17_16_7_53_2a', a pin on submodule 'plane' is connected to logic 1 or logic 0. (LINT-32)
   Pin 'y_mantissa[4]' is connected to logic 0. 
Warning: In design 'oadm_fixed_div_asymmetric_1_16_17_16_7_53_2a', a pin on submodule 'plane' is connected to logic 1 or logic 0. (LINT-32)
   Pin 'y_mantissa[3]' is connected to logic 0. 
Warning: In design 'oadm_fixed_div_asymmetric_1_16_17_16_7_53_2a', a pin on submodule 'plane' is connected to logic 1 or logic 0. (LINT-32)
   Pin 'y_mantissa[2]' is connected to logic 0. 
Warning: In design 'oadm_fixed_div_asymmetric_1_16_17_16_7_53_2a', a pin on submodule 'plane' is connected to logic 1 or logic 0. (LINT-32)
   Pin 'y_mantissa[1]' is connected to logic 0. 
Warning: In design 'oadm_fixed_div_asymmetric_1_16_17_16_7_53_2a', a pin on submodule 'plane' is connected to logic 1 or logic 0. (LINT-32)
   Pin 'y_mantissa[0]' is connected to logic 0. 
Warning: In design 'oadm_fixed_div_asymmetric_1_16_17_16_7_53_2a', a pin on submodule 'fp_wrapper' is connected to logic 1 or logic 0. (LINT-32)
   Pin 'x[15]' is connected to logic 0. 
Warning: In design 'oadm_fixed_div_asymmetric_1_16_17_16_7_53_2a', a pin on submodule 'fp_wrapper' is connected to logic 1 or logic 0. (LINT-32)
   Pin 'x[14]' is connected to logic 0. 
Warning: In design 'oadm_fixed_div_asymmetric_1_16_17_16_7_53_2a', a pin on submodule 'fp_wrapper' is connected to logic 1 or logic 0. (LINT-32)
   Pin 'x[13]' is connected to logic 0. 
Warning: In design 'oadm_fixed_div_asymmetric_1_16_17_16_7_53_2a', a pin on submodule 'fp_wrapper' is connected to logic 1 or logic 0. (LINT-32)
   Pin 'x[12]' is connected to logic 0. 
Warning: In design 'oadm_fixed_div_asymmetric_1_16_17_16_7_53_2a', a pin on submodule 'fp_wrapper' is connected to logic 1 or logic 0. (LINT-32)
   Pin 'x[11]' is connected to logic 0. 
Warning: In design 'oadm_fixed_div_asymmetric_1_16_17_16_7_53_2a', a pin on submodule 'fp_wrapper' is connected to logic 1 or logic 0. (LINT-32)
   Pin 'x[10]' is connected to logic 0. 
Warning: In design 'oadm_fixed_div_asymmetric_1_16_17_16_7_53_2a', a pin on submodule 'fp_wrapper' is connected to logic 1 or logic 0. (LINT-32)
   Pin 'x[9]' is connected to logic 0. 
Warning: In design 'oadm_fixed_div_asymmetric_1_16_17_16_7_53_2a', a pin on submodule 'fp_wrapper' is connected to logic 1 or logic 0. (LINT-32)
   Pin 'x[8]' is connected to logic 0. 
Warning: In design 'oadm_fixed_div_asymmetric_1_16_17_16_7_53_2a', a pin on submodule 'fp_wrapper' is connected to logic 1 or logic 0. (LINT-32)
   Pin 'x[7]' is connected to logic 0. 
Warning: In design 'oadm_fixed_div_asymmetric_1_16_17_16_7_53_2a', a pin on submodule 'fp_wrapper' is connected to logic 1 or logic 0. (LINT-32)
   Pin 'x[6]' is connected to logic 0. 
Warning: In design 'oadm_fixed_div_asymmetric_1_16_17_16_7_53_2a', a pin on submodule 'fp_wrapper' is connected to logic 1 or logic 0. (LINT-32)
   Pin 'x[5]' is connected to logic 0. 
Warning: In design 'oadm_fixed_div_asymmetric_1_16_17_16_7_53_2a', a pin on submodule 'fp_wrapper' is connected to logic 1 or logic 0. (LINT-32)
   Pin 'x[4]' is connected to logic 0. 
Warning: In design 'oadm_fixed_div_asymmetric_1_16_17_16_7_53_2a', a pin on submodule 'fp_wrapper' is connected to logic 1 or logic 0. (LINT-32)
   Pin 'x[3]' is connected to logic 0. 
Warning: In design 'oadm_fixed_div_asymmetric_1_16_17_16_7_53_2a', a pin on submodule 'fp_wrapper' is connected to logic 1 or logic 0. (LINT-32)
   Pin 'x[2]' is connected to logic 0. 
Warning: In design 'oadm_fixed_div_asymmetric_1_16_17_16_7_53_2a', a pin on submodule 'fp_wrapper' is connected to logic 1 or logic 0. (LINT-32)
   Pin 'x[1]' is connected to logic 0. 
Warning: In design 'oadm_fixed_div_asymmetric_1_16_17_16_7_53_2a', a pin on submodule 'fp_wrapper' is connected to logic 1 or logic 0. (LINT-32)
   Pin 'x[0]' is connected to logic 0. 
Warning: In design 'oadm_fixed_div_asymmetric_1_16_17_16_7_53_2a', a pin on submodule 'fp_wrapper' is connected to logic 1 or logic 0. (LINT-32)
   Pin 'y[16]' is connected to logic 0. 
Warning: In design 'oadm_fixed_div_asymmetric_1_16_17_16_7_53_2a', a pin on submodule 'fp_wrapper' is connected to logic 1 or logic 0. (LINT-32)
   Pin 'y[15]' is connected to logic 0. 
Warning: In design 'oadm_fixed_div_asymmetric_1_16_17_16_7_53_2a', a pin on submodule 'fp_wrapper' is connected to logic 1 or logic 0. (LINT-32)
   Pin 'y[14]' is connected to logic 0. 
Warning: In design 'oadm_fixed_div_asymmetric_1_16_17_16_7_53_2a', a pin on submodule 'fp_wrapper' is connected to logic 1 or logic 0. (LINT-32)
   Pin 'y[13]' is connected to logic 0. 
Warning: In design 'oadm_fixed_div_asymmetric_1_16_17_16_7_53_2a', a pin on submodule 'fp_wrapper' is connected to logic 1 or logic 0. (LINT-32)
   Pin 'y[12]' is connected to logic 0. 
Warning: In design 'oadm_fixed_div_asymmetric_1_16_17_16_7_53_2a', a pin on submodule 'fp_wrapper' is connected to logic 1 or logic 0. (LINT-32)
   Pin 'y[11]' is connected to logic 0. 
Warning: In design 'oadm_fixed_div_asymmetric_1_16_17_16_7_53_2a', a pin on submodule 'fp_wrapper' is connected to logic 1 or logic 0. (LINT-32)
   Pin 'y[10]' is connected to logic 0. 
Warning: In design 'oadm_fixed_div_asymmetric_1_16_17_16_7_53_2a', a pin on submodule 'fp_wrapper' is connected to logic 1 or logic 0. (LINT-32)
   Pin 'y[9]' is connected to logic 0. 
Warning: In design 'oadm_fixed_div_asymmetric_1_16_17_16_7_53_2a', a pin on submodule 'fp_wrapper' is connected to logic 1 or logic 0. (LINT-32)
   Pin 'y[8]' is connected to logic 0. 
Warning: In design 'oadm_fixed_div_asymmetric_1_16_17_16_7_53_2a', a pin on submodule 'fp_wrapper' is connected to logic 1 or logic 0. (LINT-32)
   Pin 'y[7]' is connected to logic 0. 
Warning: In design 'oadm_fixed_div_asymmetric_1_16_17_16_7_53_2a', a pin on submodule 'fp_wrapper' is connected to logic 1 or logic 0. (LINT-32)
   Pin 'y[6]' is connected to logic 0. 
Warning: In design 'oadm_fixed_div_asymmetric_1_16_17_16_7_53_2a', a pin on submodule 'fp_wrapper' is connected to logic 1 or logic 0. (LINT-32)
   Pin 'y[5]' is connected to logic 0. 
Warning: In design 'oadm_fixed_div_asymmetric_1_16_17_16_7_53_2a', a pin on submodule 'fp_wrapper' is connected to logic 1 or logic 0. (LINT-32)
   Pin 'y[4]' is connected to logic 0. 
Warning: In design 'oadm_fixed_div_asymmetric_1_16_17_16_7_53_2a', a pin on submodule 'fp_wrapper' is connected to logic 1 or logic 0. (LINT-32)
   Pin 'y[3]' is connected to logic 0. 
Warning: In design 'oadm_fixed_div_asymmetric_1_16_17_16_7_53_2a', a pin on submodule 'fp_wrapper' is connected to logic 1 or logic 0. (LINT-32)
   Pin 'y[2]' is connected to logic 0. 
Warning: In design 'oadm_fixed_div_asymmetric_1_16_17_16_7_53_2a', a pin on submodule 'fp_wrapper' is connected to logic 1 or logic 0. (LINT-32)
   Pin 'y[1]' is connected to logic 0. 
Warning: In design 'oadm_fixed_div_asymmetric_1_16_17_16_7_53_2a', a pin on submodule 'fp_wrapper' is connected to logic 1 or logic 0. (LINT-32)
   Pin 'y[0]' is connected to logic 0. 
Warning: In design 'oadm_fixed_div_asymmetric_1_16_17_16_7_53_2a', a pin on submodule 'fp_wrapper' is connected to logic 1 or logic 0. (LINT-32)
   Pin 'divide_mode' is connected to logic 0. 
Warning: In design 'oadm_fixed_div_asymmetric_1_16_17_16_7_53_2a', a pin on submodule 'fp_wrapper' is connected to logic 1 or logic 0. (LINT-32)
   Pin 'result_fraction[8]' is connected to logic 0. 
Warning: In design 'oadm_fixed_div_asymmetric_1_16_17_16_7_53_2a', a pin on submodule 'fp_wrapper' is connected to logic 1 or logic 0. (LINT-32)
   Pin 'result_fraction[7]' is connected to logic 0. 
Warning: In design 'oadm_fixed_div_asymmetric_1_16_17_16_7_53_2a', a pin on submodule 'fp_wrapper' is connected to logic 1 or logic 0. (LINT-32)
   Pin 'result_fraction[6]' is connected to logic 0. 
Warning: In design 'oadm_fixed_div_asymmetric_1_16_17_16_7_53_2a', a pin on submodule 'fp_wrapper' is connected to logic 1 or logic 0. (LINT-32)
   Pin 'result_fraction[5]' is connected to logic 0. 
Warning: In design 'oadm_fixed_div_asymmetric_1_16_17_16_7_53_2a', a pin on submodule 'fp_wrapper' is connected to logic 1 or logic 0. (LINT-32)
   Pin 'result_fraction[4]' is connected to logic 0. 
Warning: In design 'oadm_fixed_div_asymmetric_1_16_17_16_7_53_2a', a pin on submodule 'fp_wrapper' is connected to logic 1 or logic 0. (LINT-32)
   Pin 'result_fraction[3]' is connected to logic 0. 
Warning: In design 'oadm_fixed_div_asymmetric_1_16_17_16_7_53_2a', a pin on submodule 'fp_wrapper' is connected to logic 1 or logic 0. (LINT-32)
   Pin 'result_fraction[2]' is connected to logic 0. 
Warning: In design 'oadm_fixed_div_asymmetric_1_16_17_16_7_53_2a', a pin on submodule 'fp_wrapper' is connected to logic 1 or logic 0. (LINT-32)
   Pin 'result_fraction[1]' is connected to logic 0. 
Warning: In design 'oadm_fixed_div_asymmetric_1_16_17_16_7_53_2a', a pin on submodule 'fp_wrapper' is connected to logic 1 or logic 0. (LINT-32)
   Pin 'result_fraction[0]' is connected to logic 0. 
Warning: In design 'oadm_fixed_div_asymmetric_1_16_17_16_7_53_2a', the same net is connected to more than one pin on submodule 'fp_wrapper'. (LINT-33)
   Net 'exponent_adjust_2_' is connected to pins 'exponent_adjust[2]', 'exponent_adjust[1]''.
Warning: In design 'oadm_fixed_div_asymmetric_1_16_17_16_7_53_2a', the same net is connected to more than one pin on submodule 'mult_166'. (LINT-33)
   Net 'coefficient_5_' is connected to pins 'b[5]', 'b[3]''.
Warning: In design 'oadm_fixed_div_asymmetric_plane_LEVEL1_X_RESIDUAL_DROP16_Y_RESIDUAL_DROP17', the same net is connected to more than one pin on submodule 'mult_45'. (LINT-33)
   Net 'y_residual_22_' is connected to pins 'a[5]', 'a[4]''.
Warning: In design 'oadm_fixed_div_asymmetric_plane_LEVEL1_X_RESIDUAL_DROP16_Y_RESIDUAL_DROP17', the same net is connected to more than one pin on submodule 'mult_45'. (LINT-33)
   Net 'n1' is connected to pins 'b[5]', 'b[1]'', 'b[0]'.
Warning: In design 'oadm_fixed_div_asymmetric_plane_LEVEL1_X_RESIDUAL_DROP16_Y_RESIDUAL_DROP17', the same net is connected to more than one pin on submodule 'mult_45'. (LINT-33)
   Net 'n3' is connected to pins 'b[4]', 'b[2]''.
Warning: In design 'oadm_fixed_div_asymmetric_plane_LEVEL1_X_RESIDUAL_DROP16_Y_RESIDUAL_DROP17', the same net is connected to more than one pin on submodule 'mult_43'. (LINT-33)
   Net 'x_residual_22_' is connected to pins 'a[6]', 'a[5]''.
Warning: In design 'oadm_fixed_div_asymmetric_plane_LEVEL1_X_RESIDUAL_DROP16_Y_RESIDUAL_DROP17', the same net is connected to more than one pin on submodule 'mult_43'. (LINT-33)
   Net 'n1' is connected to pins 'b[5]', 'b[1]'', 'b[0]'.
Warning: In design 'oadm_fixed_div_asymmetric_plane_LEVEL1_X_RESIDUAL_DROP16_Y_RESIDUAL_DROP17', the same net is connected to more than one pin on submodule 'mult_43'. (LINT-33)
   Net 'n3' is connected to pins 'b[4]', 'b[2]''.
Warning: In design 'oadm_fixed_l1_div_dx16_dy17', output port 'result[8]' is connected directly to 'logic 0'. (LINT-52)
Warning: In design 'oadm_fixed_l1_div_dx16_dy17', output port 'result[7]' is connected directly to 'logic 0'. (LINT-52)
Warning: In design 'oadm_fixed_l1_div_dx16_dy17', output port 'result[6]' is connected directly to 'logic 0'. (LINT-52)
Warning: In design 'oadm_fixed_l1_div_dx16_dy17', output port 'result[5]' is connected directly to 'logic 0'. (LINT-52)
Warning: In design 'oadm_fixed_l1_div_dx16_dy17', output port 'result[4]' is connected directly to 'logic 0'. (LINT-52)
Warning: In design 'oadm_fixed_l1_div_dx16_dy17', output port 'result[3]' is connected directly to 'logic 0'. (LINT-52)
Warning: In design 'oadm_fixed_l1_div_dx16_dy17', output port 'result[2]' is connected directly to 'logic 0'. (LINT-52)
Warning: In design 'oadm_fixed_l1_div_dx16_dy17', output port 'result[1]' is connected directly to 'logic 0'. (LINT-52)
Warning: In design 'oadm_fixed_l1_div_dx16_dy17', output port 'result[0]' is connected directly to 'logic 0'. (LINT-52)
1
 
****************************************
Report : area
Design : oadm_fixed_l1_div_dx16_dy17
Version: U-2022.12-SP7
Date   : Fri Sep  4 12:07:44 2026
****************************************

Library(s) Used:

    tcbn65gplustc_ccs (File: /courses/ee6350/pdk2025/tcbn65gplus/TSMCHOME/digital/Front_End/timing_power_noise/CCS/tcbn65gplus_200a/tcbn65gplustc_ccs.db)

Number of ports:                          546
Number of nets:                           783
Number of cells:                          431
Number of combinational cells:            312
Number of sequential cells:                 0
Number of macros/black boxes:               0
Number of buf/inv:                         95
Number of references:                       1

Combinational area:               1192.320004
Buf/Inv area:                      112.320004
Noncombinational area:               0.000000
Macro/Black Box area:                0.000000
Net Interconnect area:      undefined  (Wire load has zero net area)

Total cell area:                  1192.320004
Total area:                 undefined
1
 
****************************************
Report : area
Design : oadm_fixed_l1_div_dx16_dy17
Version: U-2022.12-SP7
Date   : Fri Sep  4 12:07:44 2026
****************************************

Library(s) Used:

    tcbn65gplustc_ccs (File: /courses/ee6350/pdk2025/tcbn65gplus/TSMCHOME/digital/Front_End/timing_power_noise/CCS/tcbn65gplus_200a/tcbn65gplustc_ccs.db)

Number of ports:                          546
Number of nets:                           783
Number of cells:                          431
Number of combinational cells:            312
Number of sequential cells:                 0
Number of macros/black boxes:               0
Number of buf/inv:                         95
Number of references:                       1

Combinational area:               1192.320004
Buf/Inv area:                      112.320004
Noncombinational area:               0.000000
Macro/Black Box area:                0.000000
Net Interconnect area:      undefined  (Wire load has zero net area)

Total cell area:                  1192.320004
Total area:                 undefined

Hierarchical area distribution
------------------------------

                                  Global cell area          Local cell area
                                  ------------------  ---------------------------- 
Hierarchical cell                 Absolute   Percent  Combi-     Noncombi-  Black-
                                  Total      Total    national   national   boxes   Design
--------------------------------  ---------  -------  ---------  ---------  ------  ---------------------------------------------------------------------------------------
oadm_fixed_l1_div_dx16_dy17       1192.3200    100.0     0.0000     0.0000  0.0000  oadm_fixed_l1_div_dx16_dy17
implementation                    1192.3200    100.0    69.8400     0.0000  0.0000  oadm_fixed_div_asymmetric_1_16_17_16_7_53_2a
implementation/fp_wrapper          182.8800     15.3   117.0000     0.0000  0.0000  fp32_normal_finite_wrapper
implementation/fp_wrapper/add_1_root_add_0_root_add_22_2
                                    65.8800      5.5    65.8800     0.0000  0.0000  fp32_normal_finite_wrapper_DW01_add_1_DW01_add_4
implementation/mult_166            363.9600     30.5   363.9600     0.0000  0.0000  oadm_fixed_div_asymmetric_1_16_17_16_7_53_2a_DW_mult_uns_0_DW_mult_uns_1
implementation/plane               575.6400     48.3   199.0800     0.0000  0.0000  oadm_fixed_div_asymmetric_plane_LEVEL1_X_RESIDUAL_DROP16_Y_RESIDUAL_DROP17
implementation/plane/mult_43       156.2400     13.1   156.2400     0.0000  0.0000  oadm_fixed_div_asymmetric_plane_LEVEL1_X_RESIDUAL_DROP16_Y_RESIDUAL_DROP17_DW_mult_tc_0
implementation/plane/mult_45       220.3200     18.5   220.3200     0.0000  0.0000  oadm_fixed_div_asymmetric_plane_LEVEL1_X_RESIDUAL_DROP16_Y_RESIDUAL_DROP17_DW_mult_tc_1
--------------------------------  ---------  -------  ---------  ---------  ------  ---------------------------------------------------------------------------------------
Total                                                 1192.3200     0.0000  0.0000

1
Information: Propagating switching activity (medium effort zero delay simulation). (PWR-6)
Warning: Design has unannotated primary inputs. (PWR-414)
 
****************************************
Report : power
        -hier
        -analysis_effort medium
        -verbose
Design : oadm_fixed_l1_div_dx16_dy17
Version: U-2022.12-SP7
Date   : Fri Sep  4 12:07:44 2026
****************************************


Library(s) Used:

    tcbn65gplustc_ccs (File: /courses/ee6350/pdk2025/tcbn65gplus/TSMCHOME/digital/Front_End/timing_power_noise/CCS/tcbn65gplus_200a/tcbn65gplustc_ccs.db)


Operating Conditions: NCCOM   Library: tcbn65gplustc_ccs
Wire Load Model Mode: segmented

Design        Wire Load Model            Library
------------------------------------------------
oadm_fixed_l1_div_dx16_dy17
                       ZeroWireload      tcbn65gplustc_ccs
oadm_fixed_div_asymmetric_1_16_17_16_7_53_2a
                       ZeroWireload      tcbn65gplustc_ccs
oadm_fixed_div_asymmetric_plane_LEVEL1_X_RESIDUAL_DROP16_Y_RESIDUAL_DROP17
                       ZeroWireload      tcbn65gplustc_ccs
fp32_normal_finite_wrapper
                       ZeroWireload      tcbn65gplustc_ccs
oadm_fixed_div_asymmetric_plane_LEVEL1_X_RESIDUAL_DROP16_Y_RESIDUAL_DROP17_DW_mult_tc_0
                       ZeroWireload      tcbn65gplustc_ccs
oadm_fixed_div_asymmetric_plane_LEVEL1_X_RESIDUAL_DROP16_Y_RESIDUAL_DROP17_DW_mult_tc_1
                       ZeroWireload      tcbn65gplustc_ccs
oadm_fixed_div_asymmetric_1_16_17_16_7_53_2a_DW_mult_uns_0_DW_mult_uns_1
                       ZeroWireload      tcbn65gplustc_ccs
fp32_normal_finite_wrapper_DW01_add_1_DW01_add_4
                       ZeroWireload      tcbn65gplustc_ccs


Global Operating Voltage = 1    
Power-specific unit information :
    Voltage Units = 1V
    Capacitance Units = 1.000000pf
    Time Units = 1ns
    Dynamic Power Units = 1mW    (derived from V,C,T units)
    Leakage Power Units = 1nW


--------------------------------------------------------------------------------
                                       Switch   Int      Leak     Total
Hierarchy                              Power    Power    Power    Power    %
--------------------------------------------------------------------------------
oadm_fixed_l1_div_dx16_dy17            1.18e-02 3.29e-02 7.14e+03 5.18e-02 100.0
  implementation (oadm_fixed_div_asymmetric_1_16_17_16_7_53_2a)
                                       1.18e-02 3.29e-02 7.14e+03 5.18e-02 100.0
    mult_166 (oadm_fixed_div_asymmetric_1_16_17_16_7_53_2a_DW_mult_uns_0_DW_mult_uns_1)
                                       3.32e-03 1.51e-02 2.34e+03 2.07e-02  40.1
    fp_wrapper (fp32_normal_finite_wrapper)
                                       2.68e-03 5.38e-03 1.27e+03 9.33e-03  18.0
      add_1_root_add_0_root_add_22_2 (fp32_normal_finite_wrapper_DW01_add_1_DW01_add_4)
                                       2.66e-04 1.71e-03  452.445 2.43e-03   4.7
    plane (oadm_fixed_div_asymmetric_plane_LEVEL1_X_RESIDUAL_DROP16_Y_RESIDUAL_DROP17)
                                       3.97e-03 1.07e-02 3.27e+03 1.79e-02  34.6
      mult_43 (oadm_fixed_div_asymmetric_plane_LEVEL1_X_RESIDUAL_DROP16_Y_RESIDUAL_DROP17_DW_mult_tc_0)
                                       8.66e-04 2.68e-03  884.903 4.43e-03   8.6
      mult_45 (oadm_fixed_div_asymmetric_plane_LEVEL1_X_RESIDUAL_DROP16_Y_RESIDUAL_DROP17_DW_mult_tc_1)
                                       1.18e-03 3.40e-03 1.22e+03 5.80e-03  11.2
1
 
****************************************
Report : constraint
        -all_violators
        -verbose
Design : oadm_fixed_l1_div_dx16_dy17
Version: U-2022.12-SP7
Date   : Fri Sep  4 12:07:44 2026
****************************************


    Design: oadm_fixed_l1_div_dx16_dy17

    max_area               0.00
  - Current Area        1192.32
  ------------------------------
    Slack              -1192.32  (VIOLATED)


1
