****************************************
Report : Averaged Power
	-significant_digits
Design : oadm_runtime_p6
Version: U-2022.12-SP5
Date   : Tue Aug 18 18:28:44 2026
****************************************



  Attributes
  ----------
      i  -  Including register clock pin internal power
      u  -  User defined power group

                        Internal             Switching            Leakage              Total
Power Group             Power                Power                Power                Power               (     %)   Attrs
----------------------------------------------------------------------------------------------------------------------------
clock_network           3.575394e-03         0.000000e+00         0.000000e+00         3.575394e-03        (34.25%)   i
register                1.414357e-03         1.662194e-04         2.029985e-05         1.600876e-03        (15.34%)
combinational           3.401858e-03         1.808716e-03         5.134497e-05         5.261919e-03        (50.41%)
sequential              0.000000e+00         0.000000e+00         0.000000e+00         0.000000e+00        ( 0.00%)
memory                  0.000000e+00         0.000000e+00         0.000000e+00         0.000000e+00        ( 0.00%)
io_pad                  0.000000e+00         0.000000e+00         0.000000e+00         0.000000e+00        ( 0.00%)
black_box               0.000000e+00         0.000000e+00         0.000000e+00         0.000000e+00        ( 0.00%)

  Net Switching Power  = 1.974935e-03          (18.92%)
  Cell Internal Power  = 8.391609e-03          (80.39%)
  Cell Leakage Power   = 7.164483e-05          ( 0.69%)
                         -------------------------
Total Power            = 1.043819e-02         (100.00%)

1
