****************************************
Report : Averaged Power
	-hierarchy
	-significant_digits
Design : absdm_l0_separate
Version: U-2022.12-SP5
Date   : Tue Sep 15 22:57:48 2026
****************************************



                                      Int      Switch   Leak     Total
Hierarchy                             Power    Power    Power    Power    %
----------------------------------------------------------------------------------
absdm_l0_separate                     2.89e-05 8.94e-06 7.14e-06 4.50e-05 100.0
  div_core (absdm_l0_separate_div)    1.11e-05 2.52e-06 2.60e-06 1.62e-05  36.1
    sub_0_root_sub_8 (absdm_l0_separate_div_DW01_sub_0)
                                      4.75e-06 9.66e-07 8.82e-07 6.60e-06  14.7
  mul_core (absdm_l0_separate_mul)    5.80e-06 1.20e-06 1.58e-06 8.58e-06  19.1
    add_0_root_add_20_2 (absdm_l0_separate_mul_DW01_add_0)
                                      2.82e-06 3.53e-07 5.83e-07 3.75e-06   8.3
  wrapper (fp32_normal_finite_wrapper)
                                      1.02e-05 3.36e-06 2.50e-06 1.60e-05  35.7
    add_1_root_add_0_root_add_25_2 (fp32_normal_finite_wrapper_DW01_add_3_DW01_add_6)
                                      1.86e-06 2.84e-07 4.56e-07 2.60e-06   5.8
    add_1_root_add_0_root_add_22_2 (fp32_normal_finite_wrapper_DW01_add_1_DW01_add_4)
                                      1.68e-06 2.61e-07 4.51e-07 2.39e-06   5.3
1
