****************************************
Report : qor
Design : absdm_l0_separate
Version: U-2022.12-SP5
Date   : Tue Sep 15 22:57:46 2026
****************************************

  Timing Path Group 'vclk' (max_delay/setup)
  ---------------------------------------------
  Levels of Logic:                           25
  Critical Path Length:                    1.87
  Critical Path Slack:                     8.11
  Total Negative Slack:                    0.00
  No. of Violating Paths:                     0
  ---------------------------------------------

  Timing Path Group 'vclk' (min_delay/hold)
  ---------------------------------------------
  Levels of Logic:                            1
  Critical Path Length:                    0.07
  Critical Path Slack:                     0.09
  Total Negative Slack:                    0.00
  No. of Violating Paths:                     0
  ---------------------------------------------

  Area
  ---------------------------------------------
  Net Interconnect area:                   0.00
  Total cell area:                      1122.84
  Design Area:                          1122.84
  Area Cost:                           -1122.84
  ---------------------------------------------


  Cell & Pin Count
  ---------------------------------------------
  Pin Count:                                987
  Hierarchical Cell Count:                    7
  Hierarchical Port Count:                  471
  Leaf Cell Count:                          269
  ---------------------------------------------


  Design Rule Violations
  ---------------------------------------------
  Total No. of Pins in Design:              987
  max_capacitance Count:                      1
  max_capacitance Cost:                    0.00
  Total DRC Cost:                          0.00
  ---------------------------------------------

1
