****************************************
Report : Averaged Power
	-significant_digits
Design : input_l2_mask_b4
Version: U-2022.12-SP5
Date   : Sat Sep  5 15:03:14 2026
****************************************



  Attributes
  ----------
      i  -  Including register clock pin internal power
      u  -  User defined power group

                        Internal             Switching            Leakage              Total
Power Group             Power                Power                Power                Power               (     %)   Attrs
----------------------------------------------------------------------------------------------------------------------------
clock_network           0.00000e+00          0.00000e+00          0.00000e+00          0.00000e+00         ( 0.00%)   i
register                0.00000e+00          0.00000e+00          0.00000e+00          0.00000e+00         ( 0.00%)   
combinational           4.43417e-05          1.57723e-05          8.09701e-06          6.82110e-05         (100.00%)  
sequential              0.00000e+00          0.00000e+00          0.00000e+00          0.00000e+00         ( 0.00%)   
memory                  0.00000e+00          0.00000e+00          0.00000e+00          0.00000e+00         ( 0.00%)   
io_pad                  0.00000e+00          0.00000e+00          0.00000e+00          0.00000e+00         ( 0.00%)   
black_box               0.00000e+00          0.00000e+00          0.00000e+00          0.00000e+00         ( 0.00%)   

  Net Switching Power  = 1.57723e-05           (23.12%)
  Cell Internal Power  = 4.43417e-05           (65.01%)
  Cell Leakage Power   = 8.09701e-06           (11.87%)
                         -------------------------
Total Power            = 6.82110e-05          (100.00%)

1
