****************************************
Report : Averaged Power
	-significant_digits
Design : oadm_fixed_l0_mul_root_opt_aggressive
Version: U-2022.12-SP5
Date   : Thu Sep  3 02:44:01 2026
****************************************



  Attributes
  ----------
      i  -  Including register clock pin internal power
      u  -  User defined power group

                        Internal             Switching            Leakage              Total
Power Group             Power                Power                Power                Power               (     %)   Attrs
----------------------------------------------------------------------------------------------------------------------------
clock_network           0.00000e+00          0.00000e+00          0.00000e+00          0.00000e+00         ( 0.00%)   i
register                0.00000e+00          0.00000e+00          0.00000e+00          0.00000e+00         ( 0.00%)   
combinational           7.32708e-06          2.72066e-06          1.82160e-06          1.18693e-05         (100.00%)  
sequential              0.00000e+00          0.00000e+00          0.00000e+00          0.00000e+00         ( 0.00%)   
memory                  0.00000e+00          0.00000e+00          0.00000e+00          0.00000e+00         ( 0.00%)   
io_pad                  0.00000e+00          0.00000e+00          0.00000e+00          0.00000e+00         ( 0.00%)   
black_box               0.00000e+00          0.00000e+00          0.00000e+00          0.00000e+00         ( 0.00%)   

  Net Switching Power  = 2.72066e-06           (22.92%)
  Cell Internal Power  = 7.32708e-06           (61.73%)
  Cell Leakage Power   = 1.82160e-06           (15.35%)
                         -------------------------
Total Power            = 1.18693e-05          (100.00%)

1
