****************************************
Report : qor
Design : oadm_runtime_p6
Version: U-2022.12-SP5
Date   : Tue Aug 18 03:24:26 2026
****************************************

  Timing Path Group 'clk' (max_delay/setup)
  ---------------------------------------------
  Levels of Logic:                           36
  Critical Path Length:                    1.49
  Critical Path Slack:                     0.01
  Total Negative Slack:                    0.00
  No. of Violating Paths:                     0
  ---------------------------------------------

  Timing Path Group 'clk' (min_delay/hold)
  ---------------------------------------------
  Levels of Logic:                            1
  Critical Path Length:                    0.05
  Critical Path Slack:                     0.03
  Total Negative Slack:                    0.00
  No. of Violating Paths:                     0
  ---------------------------------------------

  Area
  ---------------------------------------------
  Net Interconnect area:                   0.00
  Total cell area:                     15053.93
  Design Area:                         15053.93
  ---------------------------------------------


  Cell & Pin Count
  ---------------------------------------------
  Pin Count:                              16190
  Hierarchical Cell Count:                   11
  Hierarchical Port Count:                 2141
  Leaf Cell Count:                         5223
  ---------------------------------------------


  Design Rule Violations
  ---------------------------------------------
  Total No. of Pins in Design:            16190
  Total DRC Cost:                          0.00
  ---------------------------------------------

1
