****************************************
Report : Averaged Power
	-significant_digits
Design : amlib_oam_l2_fp32_common
Version: U-2022.12-SP5
Date   : Thu Sep  3 21:48:37 2026
****************************************



  Attributes
  ----------
      i  -  Including register clock pin internal power
      u  -  User defined power group

                        Internal             Switching            Leakage              Total
Power Group             Power                Power                Power                Power               (     %)   Attrs
----------------------------------------------------------------------------------------------------------------------------
clock_network           0.00000e+00          0.00000e+00          0.00000e+00          0.00000e+00         ( 0.00%)   i
register                0.00000e+00          0.00000e+00          0.00000e+00          0.00000e+00         ( 0.00%)   
combinational           9.25443e-05          3.78646e-05          1.58809e-05          1.46290e-04         (100.00%)  
sequential              0.00000e+00          0.00000e+00          0.00000e+00          0.00000e+00         ( 0.00%)   
memory                  0.00000e+00          0.00000e+00          0.00000e+00          0.00000e+00         ( 0.00%)   
io_pad                  0.00000e+00          0.00000e+00          0.00000e+00          0.00000e+00         ( 0.00%)   
black_box               0.00000e+00          0.00000e+00          0.00000e+00          0.00000e+00         ( 0.00%)   

  Net Switching Power  = 3.78646e-05           (25.88%)
  Cell Internal Power  = 9.25443e-05           (63.26%)
  Cell Leakage Power   = 1.58809e-05           (10.86%)
                         -------------------------
Total Power            = 1.46290e-04          (100.00%)

1
