****************************************
Report : Averaged Power
	-significant_digits
Design : input_l2_narrow_b5
Version: U-2022.12-SP5
Date   : Sat Sep  5 15:05:59 2026
****************************************



  Attributes
  ----------
      i  -  Including register clock pin internal power
      u  -  User defined power group

                        Internal             Switching            Leakage              Total
Power Group             Power                Power                Power                Power               (     %)   Attrs
----------------------------------------------------------------------------------------------------------------------------
clock_network           0.00000e+00          0.00000e+00          0.00000e+00          0.00000e+00         ( 0.00%)   i
register                0.00000e+00          0.00000e+00          0.00000e+00          0.00000e+00         ( 0.00%)   
combinational           3.65183e-05          1.26682e-05          6.93157e-06          5.61181e-05         (100.00%)  
sequential              0.00000e+00          0.00000e+00          0.00000e+00          0.00000e+00         ( 0.00%)   
memory                  0.00000e+00          0.00000e+00          0.00000e+00          0.00000e+00         ( 0.00%)   
io_pad                  0.00000e+00          0.00000e+00          0.00000e+00          0.00000e+00         ( 0.00%)   
black_box               0.00000e+00          0.00000e+00          0.00000e+00          0.00000e+00         ( 0.00%)   

  Net Switching Power  = 1.26682e-05           (22.57%)
  Cell Internal Power  = 3.65183e-05           (65.07%)
  Cell Leakage Power   = 6.93157e-06           (12.35%)
                         -------------------------
Total Power            = 5.61181e-05          (100.00%)

1
