 
****************************************
Report : timing
        -path full
        -delay max
        -nworst 10
        -max_paths 10
Design : oadm_fixed_l0_div_dx18_dy19
Version: U-2022.12-SP7
Date   : Fri Sep  4 12:05:55 2026
****************************************

Operating Conditions: NCCOM   Library: tcbn65gplustc_ccs
Wire Load Model Mode: segmented

  Startpoint: x[20] (input port clocked by vclk)
  Endpoint: result[30] (output port clocked by vclk)
  Path Group: vclk
  Path Type: max

  Des/Clust/Port     Wire Load Model       Library
  ------------------------------------------------
  fp32_normal_finite_wrapper ZeroWireload  tcbn65gplustc_ccs
  oadm_fixed_l0_div_dx18_dy19 ZeroWireload tcbn65gplustc_ccs
  oadm_fixed_div_asymmetric_0_18_19_18_7_3b ZeroWireload tcbn65gplustc_ccs
  oadm_fixed_div_asymmetric_plane_LEVEL0_X_RESIDUAL_DROP18_Y_RESIDUAL_DROP19 ZeroWireload tcbn65gplustc_ccs
  oadm_fixed_div_asymmetric_0_18_19_18_7_3b_DW_mult_uns_0 ZeroWireload tcbn65gplustc_ccs

  Point                                                                                                                  Incr       Path
  -----------------------------------------------------------------------------------------------------------------------------------------
  clock vclk (rise edge)                                                                                                 0.00       0.00
  clock network delay (ideal)                                                                                            0.00       0.00
  input external delay                                                                                                   0.02       0.02 f
  x[20] (in)                                                                                                             0.00       0.02 f
  implementation/x[20] (oadm_fixed_div_asymmetric_0_18_19_18_7_3b)                                                       0.00       0.02 f
  implementation/fp_wrapper/x[20] (fp32_normal_finite_wrapper)                                                           0.00       0.02 f
  implementation/fp_wrapper/U89/Z (CKBD1)                                                                                0.03       0.05 f
  implementation/fp_wrapper/fraction_x[20] (fp32_normal_finite_wrapper)                                                  0.00       0.05 f
  implementation/plane/x_mantissa[20] (oadm_fixed_div_asymmetric_plane_LEVEL0_X_RESIDUAL_DROP18_Y_RESIDUAL_DROP19)       0.00       0.05 f
  implementation/plane/mult_43_U6/CO (FA1D0)                                                                             0.10       0.15 f
  implementation/plane/mult_43_U5/CO (FA1D0)                                                                             0.06       0.21 f
  implementation/plane/mult_43_U4/S (FA1D0)                                                                              0.09       0.30 r
  implementation/plane/U10/ZN (INVD1)                                                                                    0.02       0.31 f
  implementation/plane/U8/CO (FA1D0)                                                                                     0.10       0.41 f
  implementation/plane/U6/CO (FA1D0)                                                                                     0.06       0.47 f
  implementation/plane/U18/CO (FA1D0)                                                                                    0.06       0.52 f
  implementation/plane/U17/Z (XOR3D1)                                                                                    0.06       0.59 r
  implementation/plane/plane_exact[24] (oadm_fixed_div_asymmetric_plane_LEVEL0_X_RESIDUAL_DROP18_Y_RESIDUAL_DROP19)      0.00       0.59 r
  implementation/mult_166/a[6] (oadm_fixed_div_asymmetric_0_18_19_18_7_3b_DW_mult_uns_0)                                 0.00       0.59 r
  implementation/mult_166/U39/ZN (INVD1)                                                                                 0.02       0.61 f
  implementation/mult_166/U20/S (FA1D0)                                                                                  0.09       0.70 f
  implementation/mult_166/U9/CO (FA1D0)                                                                                  0.10       0.80 f
  implementation/mult_166/U8/CO (FA1D0)                                                                                  0.06       0.86 f
  implementation/mult_166/U7/CO (FA1D0)                                                                                  0.06       0.92 f
  implementation/mult_166/U6/CO (FA1D0)                                                                                  0.06       0.98 f
  implementation/mult_166/U45/ZN (NR2D0)                                                                                 0.05       1.03 r
  implementation/mult_166/U43/ZN (CKND2D0)                                                                               0.04       1.07 f
  implementation/mult_166/U42/ZN (XNR2D0)                                                                                0.05       1.12 f
  implementation/mult_166/product[12] (oadm_fixed_div_asymmetric_0_18_19_18_7_3b_DW_mult_uns_0)                          0.00       1.12 f
  implementation/U30/ZN (INVD1)                                                                                          0.05       1.17 r
  implementation/U14/ZN (ND2D1)                                                                                          0.07       1.24 f
  implementation/U6/ZN (ND2D1)                                                                                           0.09       1.33 r
  implementation/fp_wrapper/exponent_adjust[1] (fp32_normal_finite_wrapper)                                              0.00       1.33 r
  implementation/fp_wrapper/U42/CO (FA1D0)                                                                               0.10       1.43 r
  implementation/fp_wrapper/U43/CO (FA1D0)                                                                               0.05       1.48 r
  implementation/fp_wrapper/U44/CO (FA1D0)                                                                               0.05       1.53 r
  implementation/fp_wrapper/U45/CO (FA1D0)                                                                               0.05       1.58 r
  implementation/fp_wrapper/U46/CO (FA1D0)                                                                               0.05       1.63 r
  implementation/fp_wrapper/U47/CO (FA1D0)                                                                               0.05       1.68 r
  implementation/fp_wrapper/U56/Z (XOR3D1)                                                                               0.08       1.76 f
  implementation/fp_wrapper/result[30] (fp32_normal_finite_wrapper)                                                      0.00       1.76 f
  implementation/result[30] (oadm_fixed_div_asymmetric_0_18_19_18_7_3b)                                                  0.00       1.76 f
  result[30] (out)                                                                                                       0.00       1.76 f
  data arrival time                                                                                                                 1.76

  clock vclk (rise edge)                                                                                                10.00      10.00
  clock network delay (ideal)                                                                                            0.00      10.00
  output external delay                                                                                                 -0.02       9.98
  data required time                                                                                                                9.98
  -----------------------------------------------------------------------------------------------------------------------------------------
  data required time                                                                                                                9.98
  data arrival time                                                                                                                -1.76
  -----------------------------------------------------------------------------------------------------------------------------------------
  slack (MET)                                                                                                                       8.22


  Startpoint: x[20] (input port clocked by vclk)
  Endpoint: result[30] (output port clocked by vclk)
  Path Group: vclk
  Path Type: max

  Des/Clust/Port     Wire Load Model       Library
  ------------------------------------------------
  fp32_normal_finite_wrapper ZeroWireload  tcbn65gplustc_ccs
  oadm_fixed_l0_div_dx18_dy19 ZeroWireload tcbn65gplustc_ccs
  oadm_fixed_div_asymmetric_0_18_19_18_7_3b ZeroWireload tcbn65gplustc_ccs
  oadm_fixed_div_asymmetric_plane_LEVEL0_X_RESIDUAL_DROP18_Y_RESIDUAL_DROP19 ZeroWireload tcbn65gplustc_ccs
  oadm_fixed_div_asymmetric_0_18_19_18_7_3b_DW_mult_uns_0 ZeroWireload tcbn65gplustc_ccs

  Point                                                                                                                  Incr       Path
  -----------------------------------------------------------------------------------------------------------------------------------------
  clock vclk (rise edge)                                                                                                 0.00       0.00
  clock network delay (ideal)                                                                                            0.00       0.00
  input external delay                                                                                                   0.02       0.02 f
  x[20] (in)                                                                                                             0.00       0.02 f
  implementation/x[20] (oadm_fixed_div_asymmetric_0_18_19_18_7_3b)                                                       0.00       0.02 f
  implementation/fp_wrapper/x[20] (fp32_normal_finite_wrapper)                                                           0.00       0.02 f
  implementation/fp_wrapper/U89/Z (CKBD1)                                                                                0.03       0.05 f
  implementation/fp_wrapper/fraction_x[20] (fp32_normal_finite_wrapper)                                                  0.00       0.05 f
  implementation/plane/x_mantissa[20] (oadm_fixed_div_asymmetric_plane_LEVEL0_X_RESIDUAL_DROP18_Y_RESIDUAL_DROP19)       0.00       0.05 f
  implementation/plane/mult_43_U6/CO (FA1D0)                                                                             0.10       0.15 f
  implementation/plane/mult_43_U5/CO (FA1D0)                                                                             0.06       0.21 f
  implementation/plane/mult_43_U4/S (FA1D0)                                                                              0.09       0.30 r
  implementation/plane/U10/ZN (INVD1)                                                                                    0.02       0.31 f
  implementation/plane/U8/CO (FA1D0)                                                                                     0.10       0.41 f
  implementation/plane/U6/CO (FA1D0)                                                                                     0.06       0.47 f
  implementation/plane/U18/CO (FA1D0)                                                                                    0.06       0.52 f
  implementation/plane/U17/Z (XOR3D1)                                                                                    0.06       0.59 r
  implementation/plane/plane_exact[24] (oadm_fixed_div_asymmetric_plane_LEVEL0_X_RESIDUAL_DROP18_Y_RESIDUAL_DROP19)      0.00       0.59 r
  implementation/mult_166/a[6] (oadm_fixed_div_asymmetric_0_18_19_18_7_3b_DW_mult_uns_0)                                 0.00       0.59 r
  implementation/mult_166/U39/ZN (INVD1)                                                                                 0.02       0.61 f
  implementation/mult_166/U20/S (FA1D0)                                                                                  0.09       0.70 f
  implementation/mult_166/U9/CO (FA1D0)                                                                                  0.10       0.80 f
  implementation/mult_166/U8/CO (FA1D0)                                                                                  0.06       0.86 f
  implementation/mult_166/U7/CO (FA1D0)                                                                                  0.06       0.92 f
  implementation/mult_166/U6/CO (FA1D0)                                                                                  0.06       0.98 f
  implementation/mult_166/U45/ZN (NR2D0)                                                                                 0.05       1.03 r
  implementation/mult_166/U43/ZN (CKND2D0)                                                                               0.04       1.07 f
  implementation/mult_166/U42/ZN (XNR2D0)                                                                                0.05       1.12 f
  implementation/mult_166/product[12] (oadm_fixed_div_asymmetric_0_18_19_18_7_3b_DW_mult_uns_0)                          0.00       1.12 f
  implementation/U30/ZN (INVD1)                                                                                          0.05       1.17 r
  implementation/U14/ZN (ND2D1)                                                                                          0.07       1.24 f
  implementation/U6/ZN (ND2D1)                                                                                           0.09       1.33 r
  implementation/fp_wrapper/exponent_adjust[1] (fp32_normal_finite_wrapper)                                              0.00       1.33 r
  implementation/fp_wrapper/U42/CO (FA1D0)                                                                               0.10       1.43 r
  implementation/fp_wrapper/U43/CO (FA1D0)                                                                               0.05       1.48 r
  implementation/fp_wrapper/U44/CO (FA1D0)                                                                               0.05       1.53 r
  implementation/fp_wrapper/U45/CO (FA1D0)                                                                               0.05       1.58 r
  implementation/fp_wrapper/U46/CO (FA1D0)                                                                               0.05       1.63 r
  implementation/fp_wrapper/U47/CO (FA1D0)                                                                               0.05       1.68 r
  implementation/fp_wrapper/U56/Z (XOR3D1)                                                                               0.08       1.76 f
  implementation/fp_wrapper/result[30] (fp32_normal_finite_wrapper)                                                      0.00       1.76 f
  implementation/result[30] (oadm_fixed_div_asymmetric_0_18_19_18_7_3b)                                                  0.00       1.76 f
  result[30] (out)                                                                                                       0.00       1.76 f
  data arrival time                                                                                                                 1.76

  clock vclk (rise edge)                                                                                                10.00      10.00
  clock network delay (ideal)                                                                                            0.00      10.00
  output external delay                                                                                                 -0.02       9.98
  data required time                                                                                                                9.98
  -----------------------------------------------------------------------------------------------------------------------------------------
  data required time                                                                                                                9.98
  data arrival time                                                                                                                -1.76
  -----------------------------------------------------------------------------------------------------------------------------------------
  slack (MET)                                                                                                                       8.22


  Startpoint: x[20] (input port clocked by vclk)
  Endpoint: result[30] (output port clocked by vclk)
  Path Group: vclk
  Path Type: max

  Des/Clust/Port     Wire Load Model       Library
  ------------------------------------------------
  fp32_normal_finite_wrapper ZeroWireload  tcbn65gplustc_ccs
  oadm_fixed_l0_div_dx18_dy19 ZeroWireload tcbn65gplustc_ccs
  oadm_fixed_div_asymmetric_0_18_19_18_7_3b ZeroWireload tcbn65gplustc_ccs
  oadm_fixed_div_asymmetric_plane_LEVEL0_X_RESIDUAL_DROP18_Y_RESIDUAL_DROP19 ZeroWireload tcbn65gplustc_ccs
  oadm_fixed_div_asymmetric_0_18_19_18_7_3b_DW_mult_uns_0 ZeroWireload tcbn65gplustc_ccs

  Point                                                                                                                  Incr       Path
  -----------------------------------------------------------------------------------------------------------------------------------------
  clock vclk (rise edge)                                                                                                 0.00       0.00
  clock network delay (ideal)                                                                                            0.00       0.00
  input external delay                                                                                                   0.02       0.02 f
  x[20] (in)                                                                                                             0.00       0.02 f
  implementation/x[20] (oadm_fixed_div_asymmetric_0_18_19_18_7_3b)                                                       0.00       0.02 f
  implementation/fp_wrapper/x[20] (fp32_normal_finite_wrapper)                                                           0.00       0.02 f
  implementation/fp_wrapper/U89/Z (CKBD1)                                                                                0.03       0.05 f
  implementation/fp_wrapper/fraction_x[20] (fp32_normal_finite_wrapper)                                                  0.00       0.05 f
  implementation/plane/x_mantissa[20] (oadm_fixed_div_asymmetric_plane_LEVEL0_X_RESIDUAL_DROP18_Y_RESIDUAL_DROP19)       0.00       0.05 f
  implementation/plane/mult_43_U6/CO (FA1D0)                                                                             0.10       0.15 f
  implementation/plane/mult_43_U5/CO (FA1D0)                                                                             0.06       0.21 f
  implementation/plane/mult_43_U4/S (FA1D0)                                                                              0.09       0.30 r
  implementation/plane/U10/ZN (INVD1)                                                                                    0.02       0.31 f
  implementation/plane/U8/CO (FA1D0)                                                                                     0.10       0.41 f
  implementation/plane/U6/CO (FA1D0)                                                                                     0.06       0.47 f
  implementation/plane/U18/CO (FA1D0)                                                                                    0.06       0.52 f
  implementation/plane/U17/Z (XOR3D1)                                                                                    0.06       0.59 r
  implementation/plane/plane_exact[24] (oadm_fixed_div_asymmetric_plane_LEVEL0_X_RESIDUAL_DROP18_Y_RESIDUAL_DROP19)      0.00       0.59 r
  implementation/mult_166/a[6] (oadm_fixed_div_asymmetric_0_18_19_18_7_3b_DW_mult_uns_0)                                 0.00       0.59 r
  implementation/mult_166/U39/ZN (INVD1)                                                                                 0.02       0.61 f
  implementation/mult_166/U20/S (FA1D0)                                                                                  0.09       0.70 f
  implementation/mult_166/U9/CO (FA1D0)                                                                                  0.10       0.80 f
  implementation/mult_166/U8/CO (FA1D0)                                                                                  0.06       0.86 f
  implementation/mult_166/U7/CO (FA1D0)                                                                                  0.06       0.92 f
  implementation/mult_166/U6/CO (FA1D0)                                                                                  0.06       0.98 f
  implementation/mult_166/U45/ZN (NR2D0)                                                                                 0.05       1.03 r
  implementation/mult_166/U43/ZN (CKND2D0)                                                                               0.04       1.07 f
  implementation/mult_166/U42/ZN (XNR2D0)                                                                                0.05       1.12 f
  implementation/mult_166/product[12] (oadm_fixed_div_asymmetric_0_18_19_18_7_3b_DW_mult_uns_0)                          0.00       1.12 f
  implementation/U30/ZN (INVD1)                                                                                          0.05       1.17 r
  implementation/U14/ZN (ND2D1)                                                                                          0.07       1.24 f
  implementation/U6/ZN (ND2D1)                                                                                           0.09       1.33 r
  implementation/fp_wrapper/exponent_adjust[1] (fp32_normal_finite_wrapper)                                              0.00       1.33 r
  implementation/fp_wrapper/U42/CO (FA1D0)                                                                               0.10       1.43 r
  implementation/fp_wrapper/U43/CO (FA1D0)                                                                               0.05       1.48 r
  implementation/fp_wrapper/U44/CO (FA1D0)                                                                               0.05       1.53 r
  implementation/fp_wrapper/U45/CO (FA1D0)                                                                               0.05       1.58 r
  implementation/fp_wrapper/U46/CO (FA1D0)                                                                               0.05       1.63 r
  implementation/fp_wrapper/U47/CO (FA1D0)                                                                               0.05       1.68 r
  implementation/fp_wrapper/U56/Z (XOR3D1)                                                                               0.08       1.76 f
  implementation/fp_wrapper/result[30] (fp32_normal_finite_wrapper)                                                      0.00       1.76 f
  implementation/result[30] (oadm_fixed_div_asymmetric_0_18_19_18_7_3b)                                                  0.00       1.76 f
  result[30] (out)                                                                                                       0.00       1.76 f
  data arrival time                                                                                                                 1.76

  clock vclk (rise edge)                                                                                                10.00      10.00
  clock network delay (ideal)                                                                                            0.00      10.00
  output external delay                                                                                                 -0.02       9.98
  data required time                                                                                                                9.98
  -----------------------------------------------------------------------------------------------------------------------------------------
  data required time                                                                                                                9.98
  data arrival time                                                                                                                -1.76
  -----------------------------------------------------------------------------------------------------------------------------------------
  slack (MET)                                                                                                                       8.22


  Startpoint: x[20] (input port clocked by vclk)
  Endpoint: result[30] (output port clocked by vclk)
  Path Group: vclk
  Path Type: max

  Des/Clust/Port     Wire Load Model       Library
  ------------------------------------------------
  fp32_normal_finite_wrapper ZeroWireload  tcbn65gplustc_ccs
  oadm_fixed_l0_div_dx18_dy19 ZeroWireload tcbn65gplustc_ccs
  oadm_fixed_div_asymmetric_0_18_19_18_7_3b ZeroWireload tcbn65gplustc_ccs
  oadm_fixed_div_asymmetric_plane_LEVEL0_X_RESIDUAL_DROP18_Y_RESIDUAL_DROP19 ZeroWireload tcbn65gplustc_ccs
  oadm_fixed_div_asymmetric_0_18_19_18_7_3b_DW_mult_uns_0 ZeroWireload tcbn65gplustc_ccs

  Point                                                                                                                  Incr       Path
  -----------------------------------------------------------------------------------------------------------------------------------------
  clock vclk (rise edge)                                                                                                 0.00       0.00
  clock network delay (ideal)                                                                                            0.00       0.00
  input external delay                                                                                                   0.02       0.02 f
  x[20] (in)                                                                                                             0.00       0.02 f
  implementation/x[20] (oadm_fixed_div_asymmetric_0_18_19_18_7_3b)                                                       0.00       0.02 f
  implementation/fp_wrapper/x[20] (fp32_normal_finite_wrapper)                                                           0.00       0.02 f
  implementation/fp_wrapper/U89/Z (CKBD1)                                                                                0.03       0.05 f
  implementation/fp_wrapper/fraction_x[20] (fp32_normal_finite_wrapper)                                                  0.00       0.05 f
  implementation/plane/x_mantissa[20] (oadm_fixed_div_asymmetric_plane_LEVEL0_X_RESIDUAL_DROP18_Y_RESIDUAL_DROP19)       0.00       0.05 f
  implementation/plane/mult_43_U6/CO (FA1D0)                                                                             0.10       0.15 f
  implementation/plane/mult_43_U5/CO (FA1D0)                                                                             0.06       0.21 f
  implementation/plane/mult_43_U4/S (FA1D0)                                                                              0.09       0.30 r
  implementation/plane/U10/ZN (INVD1)                                                                                    0.02       0.31 f
  implementation/plane/U8/CO (FA1D0)                                                                                     0.10       0.41 f
  implementation/plane/U6/CO (FA1D0)                                                                                     0.06       0.47 f
  implementation/plane/U18/CO (FA1D0)                                                                                    0.06       0.52 f
  implementation/plane/U17/Z (XOR3D1)                                                                                    0.06       0.59 r
  implementation/plane/plane_exact[24] (oadm_fixed_div_asymmetric_plane_LEVEL0_X_RESIDUAL_DROP18_Y_RESIDUAL_DROP19)      0.00       0.59 r
  implementation/mult_166/a[6] (oadm_fixed_div_asymmetric_0_18_19_18_7_3b_DW_mult_uns_0)                                 0.00       0.59 r
  implementation/mult_166/U39/ZN (INVD1)                                                                                 0.02       0.61 f
  implementation/mult_166/U20/S (FA1D0)                                                                                  0.09       0.70 f
  implementation/mult_166/U9/CO (FA1D0)                                                                                  0.10       0.80 f
  implementation/mult_166/U8/CO (FA1D0)                                                                                  0.06       0.86 f
  implementation/mult_166/U7/CO (FA1D0)                                                                                  0.06       0.92 f
  implementation/mult_166/U6/CO (FA1D0)                                                                                  0.06       0.98 f
  implementation/mult_166/U45/ZN (NR2D0)                                                                                 0.05       1.03 r
  implementation/mult_166/U43/ZN (CKND2D0)                                                                               0.04       1.07 f
  implementation/mult_166/U42/ZN (XNR2D0)                                                                                0.05       1.12 f
  implementation/mult_166/product[12] (oadm_fixed_div_asymmetric_0_18_19_18_7_3b_DW_mult_uns_0)                          0.00       1.12 f
  implementation/U30/ZN (INVD1)                                                                                          0.05       1.17 r
  implementation/U14/ZN (ND2D1)                                                                                          0.07       1.24 f
  implementation/U6/ZN (ND2D1)                                                                                           0.09       1.33 r
  implementation/fp_wrapper/exponent_adjust[1] (fp32_normal_finite_wrapper)                                              0.00       1.33 r
  implementation/fp_wrapper/U42/CO (FA1D0)                                                                               0.10       1.43 r
  implementation/fp_wrapper/U43/CO (FA1D0)                                                                               0.05       1.48 r
  implementation/fp_wrapper/U44/CO (FA1D0)                                                                               0.05       1.53 r
  implementation/fp_wrapper/U45/CO (FA1D0)                                                                               0.05       1.58 r
  implementation/fp_wrapper/U46/CO (FA1D0)                                                                               0.05       1.63 r
  implementation/fp_wrapper/U47/CO (FA1D0)                                                                               0.05       1.68 r
  implementation/fp_wrapper/U56/Z (XOR3D1)                                                                               0.08       1.76 f
  implementation/fp_wrapper/result[30] (fp32_normal_finite_wrapper)                                                      0.00       1.76 f
  implementation/result[30] (oadm_fixed_div_asymmetric_0_18_19_18_7_3b)                                                  0.00       1.76 f
  result[30] (out)                                                                                                       0.00       1.76 f
  data arrival time                                                                                                                 1.76

  clock vclk (rise edge)                                                                                                10.00      10.00
  clock network delay (ideal)                                                                                            0.00      10.00
  output external delay                                                                                                 -0.02       9.98
  data required time                                                                                                                9.98
  -----------------------------------------------------------------------------------------------------------------------------------------
  data required time                                                                                                                9.98
  data arrival time                                                                                                                -1.76
  -----------------------------------------------------------------------------------------------------------------------------------------
  slack (MET)                                                                                                                       8.22


  Startpoint: x[20] (input port clocked by vclk)
  Endpoint: result[30] (output port clocked by vclk)
  Path Group: vclk
  Path Type: max

  Des/Clust/Port     Wire Load Model       Library
  ------------------------------------------------
  fp32_normal_finite_wrapper ZeroWireload  tcbn65gplustc_ccs
  oadm_fixed_l0_div_dx18_dy19 ZeroWireload tcbn65gplustc_ccs
  oadm_fixed_div_asymmetric_0_18_19_18_7_3b ZeroWireload tcbn65gplustc_ccs
  oadm_fixed_div_asymmetric_plane_LEVEL0_X_RESIDUAL_DROP18_Y_RESIDUAL_DROP19 ZeroWireload tcbn65gplustc_ccs
  oadm_fixed_div_asymmetric_0_18_19_18_7_3b_DW_mult_uns_0 ZeroWireload tcbn65gplustc_ccs

  Point                                                                                                                  Incr       Path
  -----------------------------------------------------------------------------------------------------------------------------------------
  clock vclk (rise edge)                                                                                                 0.00       0.00
  clock network delay (ideal)                                                                                            0.00       0.00
  input external delay                                                                                                   0.02       0.02 f
  x[20] (in)                                                                                                             0.00       0.02 f
  implementation/x[20] (oadm_fixed_div_asymmetric_0_18_19_18_7_3b)                                                       0.00       0.02 f
  implementation/fp_wrapper/x[20] (fp32_normal_finite_wrapper)                                                           0.00       0.02 f
  implementation/fp_wrapper/U89/Z (CKBD1)                                                                                0.03       0.05 f
  implementation/fp_wrapper/fraction_x[20] (fp32_normal_finite_wrapper)                                                  0.00       0.05 f
  implementation/plane/x_mantissa[20] (oadm_fixed_div_asymmetric_plane_LEVEL0_X_RESIDUAL_DROP18_Y_RESIDUAL_DROP19)       0.00       0.05 f
  implementation/plane/mult_43_U6/CO (FA1D0)                                                                             0.10       0.15 f
  implementation/plane/mult_43_U5/CO (FA1D0)                                                                             0.06       0.21 f
  implementation/plane/mult_43_U4/S (FA1D0)                                                                              0.09       0.30 r
  implementation/plane/U10/ZN (INVD1)                                                                                    0.02       0.31 f
  implementation/plane/U8/CO (FA1D0)                                                                                     0.10       0.41 f
  implementation/plane/U6/CO (FA1D0)                                                                                     0.06       0.47 f
  implementation/plane/U18/CO (FA1D0)                                                                                    0.06       0.52 f
  implementation/plane/U17/Z (XOR3D1)                                                                                    0.06       0.59 r
  implementation/plane/plane_exact[24] (oadm_fixed_div_asymmetric_plane_LEVEL0_X_RESIDUAL_DROP18_Y_RESIDUAL_DROP19)      0.00       0.59 r
  implementation/mult_166/a[6] (oadm_fixed_div_asymmetric_0_18_19_18_7_3b_DW_mult_uns_0)                                 0.00       0.59 r
  implementation/mult_166/U39/ZN (INVD1)                                                                                 0.02       0.61 f
  implementation/mult_166/U20/S (FA1D0)                                                                                  0.09       0.70 f
  implementation/mult_166/U9/CO (FA1D0)                                                                                  0.10       0.80 f
  implementation/mult_166/U8/CO (FA1D0)                                                                                  0.06       0.86 f
  implementation/mult_166/U7/CO (FA1D0)                                                                                  0.06       0.92 f
  implementation/mult_166/U6/CO (FA1D0)                                                                                  0.06       0.98 f
  implementation/mult_166/U45/ZN (NR2D0)                                                                                 0.05       1.03 r
  implementation/mult_166/U43/ZN (CKND2D0)                                                                               0.04       1.07 f
  implementation/mult_166/U42/ZN (XNR2D0)                                                                                0.05       1.12 f
  implementation/mult_166/product[12] (oadm_fixed_div_asymmetric_0_18_19_18_7_3b_DW_mult_uns_0)                          0.00       1.12 f
  implementation/U30/ZN (INVD1)                                                                                          0.05       1.17 r
  implementation/U14/ZN (ND2D1)                                                                                          0.07       1.24 f
  implementation/U6/ZN (ND2D1)                                                                                           0.09       1.33 r
  implementation/fp_wrapper/exponent_adjust[1] (fp32_normal_finite_wrapper)                                              0.00       1.33 r
  implementation/fp_wrapper/U42/CO (FA1D0)                                                                               0.10       1.43 r
  implementation/fp_wrapper/U43/CO (FA1D0)                                                                               0.05       1.48 r
  implementation/fp_wrapper/U44/CO (FA1D0)                                                                               0.05       1.53 r
  implementation/fp_wrapper/U45/CO (FA1D0)                                                                               0.05       1.58 r
  implementation/fp_wrapper/U46/CO (FA1D0)                                                                               0.05       1.63 r
  implementation/fp_wrapper/U47/CO (FA1D0)                                                                               0.05       1.68 r
  implementation/fp_wrapper/U56/Z (XOR3D1)                                                                               0.08       1.76 f
  implementation/fp_wrapper/result[30] (fp32_normal_finite_wrapper)                                                      0.00       1.76 f
  implementation/result[30] (oadm_fixed_div_asymmetric_0_18_19_18_7_3b)                                                  0.00       1.76 f
  result[30] (out)                                                                                                       0.00       1.76 f
  data arrival time                                                                                                                 1.76

  clock vclk (rise edge)                                                                                                10.00      10.00
  clock network delay (ideal)                                                                                            0.00      10.00
  output external delay                                                                                                 -0.02       9.98
  data required time                                                                                                                9.98
  -----------------------------------------------------------------------------------------------------------------------------------------
  data required time                                                                                                                9.98
  data arrival time                                                                                                                -1.76
  -----------------------------------------------------------------------------------------------------------------------------------------
  slack (MET)                                                                                                                       8.22


  Startpoint: x[20] (input port clocked by vclk)
  Endpoint: result[30] (output port clocked by vclk)
  Path Group: vclk
  Path Type: max

  Des/Clust/Port     Wire Load Model       Library
  ------------------------------------------------
  fp32_normal_finite_wrapper ZeroWireload  tcbn65gplustc_ccs
  oadm_fixed_l0_div_dx18_dy19 ZeroWireload tcbn65gplustc_ccs
  oadm_fixed_div_asymmetric_0_18_19_18_7_3b ZeroWireload tcbn65gplustc_ccs
  oadm_fixed_div_asymmetric_plane_LEVEL0_X_RESIDUAL_DROP18_Y_RESIDUAL_DROP19 ZeroWireload tcbn65gplustc_ccs
  oadm_fixed_div_asymmetric_0_18_19_18_7_3b_DW_mult_uns_0 ZeroWireload tcbn65gplustc_ccs

  Point                                                                                                                  Incr       Path
  -----------------------------------------------------------------------------------------------------------------------------------------
  clock vclk (rise edge)                                                                                                 0.00       0.00
  clock network delay (ideal)                                                                                            0.00       0.00
  input external delay                                                                                                   0.02       0.02 f
  x[20] (in)                                                                                                             0.00       0.02 f
  implementation/x[20] (oadm_fixed_div_asymmetric_0_18_19_18_7_3b)                                                       0.00       0.02 f
  implementation/fp_wrapper/x[20] (fp32_normal_finite_wrapper)                                                           0.00       0.02 f
  implementation/fp_wrapper/U89/Z (CKBD1)                                                                                0.03       0.05 f
  implementation/fp_wrapper/fraction_x[20] (fp32_normal_finite_wrapper)                                                  0.00       0.05 f
  implementation/plane/x_mantissa[20] (oadm_fixed_div_asymmetric_plane_LEVEL0_X_RESIDUAL_DROP18_Y_RESIDUAL_DROP19)       0.00       0.05 f
  implementation/plane/mult_43_U6/CO (FA1D0)                                                                             0.10       0.15 f
  implementation/plane/mult_43_U5/CO (FA1D0)                                                                             0.06       0.21 f
  implementation/plane/mult_43_U4/S (FA1D0)                                                                              0.09       0.30 r
  implementation/plane/U10/ZN (INVD1)                                                                                    0.02       0.31 f
  implementation/plane/U8/CO (FA1D0)                                                                                     0.10       0.41 f
  implementation/plane/U6/CO (FA1D0)                                                                                     0.06       0.47 f
  implementation/plane/U18/CO (FA1D0)                                                                                    0.06       0.52 f
  implementation/plane/U17/Z (XOR3D1)                                                                                    0.06       0.59 r
  implementation/plane/plane_exact[24] (oadm_fixed_div_asymmetric_plane_LEVEL0_X_RESIDUAL_DROP18_Y_RESIDUAL_DROP19)      0.00       0.59 r
  implementation/mult_166/a[6] (oadm_fixed_div_asymmetric_0_18_19_18_7_3b_DW_mult_uns_0)                                 0.00       0.59 r
  implementation/mult_166/U39/ZN (INVD1)                                                                                 0.02       0.61 f
  implementation/mult_166/U20/S (FA1D0)                                                                                  0.09       0.70 f
  implementation/mult_166/U9/CO (FA1D0)                                                                                  0.10       0.80 f
  implementation/mult_166/U8/CO (FA1D0)                                                                                  0.06       0.86 f
  implementation/mult_166/U7/CO (FA1D0)                                                                                  0.06       0.92 f
  implementation/mult_166/U6/CO (FA1D0)                                                                                  0.06       0.98 f
  implementation/mult_166/U45/ZN (NR2D0)                                                                                 0.05       1.03 r
  implementation/mult_166/U43/ZN (CKND2D0)                                                                               0.04       1.07 f
  implementation/mult_166/U42/ZN (XNR2D0)                                                                                0.05       1.12 f
  implementation/mult_166/product[12] (oadm_fixed_div_asymmetric_0_18_19_18_7_3b_DW_mult_uns_0)                          0.00       1.12 f
  implementation/U30/ZN (INVD1)                                                                                          0.05       1.17 r
  implementation/U14/ZN (ND2D1)                                                                                          0.07       1.24 f
  implementation/U6/ZN (ND2D1)                                                                                           0.09       1.33 r
  implementation/fp_wrapper/exponent_adjust[1] (fp32_normal_finite_wrapper)                                              0.00       1.33 r
  implementation/fp_wrapper/U42/CO (FA1D0)                                                                               0.10       1.43 r
  implementation/fp_wrapper/U43/CO (FA1D0)                                                                               0.05       1.48 r
  implementation/fp_wrapper/U44/CO (FA1D0)                                                                               0.05       1.53 r
  implementation/fp_wrapper/U45/CO (FA1D0)                                                                               0.05       1.58 r
  implementation/fp_wrapper/U46/CO (FA1D0)                                                                               0.05       1.63 r
  implementation/fp_wrapper/U47/CO (FA1D0)                                                                               0.05       1.68 r
  implementation/fp_wrapper/U56/Z (XOR3D1)                                                                               0.08       1.76 f
  implementation/fp_wrapper/result[30] (fp32_normal_finite_wrapper)                                                      0.00       1.76 f
  implementation/result[30] (oadm_fixed_div_asymmetric_0_18_19_18_7_3b)                                                  0.00       1.76 f
  result[30] (out)                                                                                                       0.00       1.76 f
  data arrival time                                                                                                                 1.76

  clock vclk (rise edge)                                                                                                10.00      10.00
  clock network delay (ideal)                                                                                            0.00      10.00
  output external delay                                                                                                 -0.02       9.98
  data required time                                                                                                                9.98
  -----------------------------------------------------------------------------------------------------------------------------------------
  data required time                                                                                                                9.98
  data arrival time                                                                                                                -1.76
  -----------------------------------------------------------------------------------------------------------------------------------------
  slack (MET)                                                                                                                       8.22


  Startpoint: x[20] (input port clocked by vclk)
  Endpoint: result[30] (output port clocked by vclk)
  Path Group: vclk
  Path Type: max

  Des/Clust/Port     Wire Load Model       Library
  ------------------------------------------------
  fp32_normal_finite_wrapper ZeroWireload  tcbn65gplustc_ccs
  oadm_fixed_l0_div_dx18_dy19 ZeroWireload tcbn65gplustc_ccs
  oadm_fixed_div_asymmetric_0_18_19_18_7_3b ZeroWireload tcbn65gplustc_ccs
  oadm_fixed_div_asymmetric_plane_LEVEL0_X_RESIDUAL_DROP18_Y_RESIDUAL_DROP19 ZeroWireload tcbn65gplustc_ccs
  oadm_fixed_div_asymmetric_0_18_19_18_7_3b_DW_mult_uns_0 ZeroWireload tcbn65gplustc_ccs

  Point                                                                                                                  Incr       Path
  -----------------------------------------------------------------------------------------------------------------------------------------
  clock vclk (rise edge)                                                                                                 0.00       0.00
  clock network delay (ideal)                                                                                            0.00       0.00
  input external delay                                                                                                   0.02       0.02 f
  x[20] (in)                                                                                                             0.00       0.02 f
  implementation/x[20] (oadm_fixed_div_asymmetric_0_18_19_18_7_3b)                                                       0.00       0.02 f
  implementation/fp_wrapper/x[20] (fp32_normal_finite_wrapper)                                                           0.00       0.02 f
  implementation/fp_wrapper/U89/Z (CKBD1)                                                                                0.03       0.05 f
  implementation/fp_wrapper/fraction_x[20] (fp32_normal_finite_wrapper)                                                  0.00       0.05 f
  implementation/plane/x_mantissa[20] (oadm_fixed_div_asymmetric_plane_LEVEL0_X_RESIDUAL_DROP18_Y_RESIDUAL_DROP19)       0.00       0.05 f
  implementation/plane/mult_43_U6/CO (FA1D0)                                                                             0.10       0.15 f
  implementation/plane/mult_43_U5/CO (FA1D0)                                                                             0.06       0.21 f
  implementation/plane/mult_43_U4/S (FA1D0)                                                                              0.09       0.30 r
  implementation/plane/U10/ZN (INVD1)                                                                                    0.02       0.31 f
  implementation/plane/U8/CO (FA1D0)                                                                                     0.10       0.41 f
  implementation/plane/U6/CO (FA1D0)                                                                                     0.06       0.47 f
  implementation/plane/U18/CO (FA1D0)                                                                                    0.06       0.52 f
  implementation/plane/U17/Z (XOR3D1)                                                                                    0.06       0.59 r
  implementation/plane/plane_exact[24] (oadm_fixed_div_asymmetric_plane_LEVEL0_X_RESIDUAL_DROP18_Y_RESIDUAL_DROP19)      0.00       0.59 r
  implementation/mult_166/a[6] (oadm_fixed_div_asymmetric_0_18_19_18_7_3b_DW_mult_uns_0)                                 0.00       0.59 r
  implementation/mult_166/U39/ZN (INVD1)                                                                                 0.02       0.61 f
  implementation/mult_166/U20/S (FA1D0)                                                                                  0.09       0.70 f
  implementation/mult_166/U9/CO (FA1D0)                                                                                  0.10       0.80 f
  implementation/mult_166/U8/CO (FA1D0)                                                                                  0.06       0.86 f
  implementation/mult_166/U7/CO (FA1D0)                                                                                  0.06       0.92 f
  implementation/mult_166/U6/CO (FA1D0)                                                                                  0.06       0.98 f
  implementation/mult_166/U45/ZN (NR2D0)                                                                                 0.05       1.03 r
  implementation/mult_166/U43/ZN (CKND2D0)                                                                               0.04       1.07 f
  implementation/mult_166/U42/ZN (XNR2D0)                                                                                0.05       1.12 f
  implementation/mult_166/product[12] (oadm_fixed_div_asymmetric_0_18_19_18_7_3b_DW_mult_uns_0)                          0.00       1.12 f
  implementation/U30/ZN (INVD1)                                                                                          0.05       1.17 r
  implementation/U14/ZN (ND2D1)                                                                                          0.07       1.24 f
  implementation/U6/ZN (ND2D1)                                                                                           0.09       1.33 r
  implementation/fp_wrapper/exponent_adjust[1] (fp32_normal_finite_wrapper)                                              0.00       1.33 r
  implementation/fp_wrapper/U42/CO (FA1D0)                                                                               0.10       1.43 r
  implementation/fp_wrapper/U43/CO (FA1D0)                                                                               0.05       1.48 r
  implementation/fp_wrapper/U44/CO (FA1D0)                                                                               0.05       1.53 r
  implementation/fp_wrapper/U45/CO (FA1D0)                                                                               0.05       1.58 r
  implementation/fp_wrapper/U46/CO (FA1D0)                                                                               0.05       1.63 r
  implementation/fp_wrapper/U47/CO (FA1D0)                                                                               0.05       1.68 r
  implementation/fp_wrapper/U56/Z (XOR3D1)                                                                               0.08       1.76 f
  implementation/fp_wrapper/result[30] (fp32_normal_finite_wrapper)                                                      0.00       1.76 f
  implementation/result[30] (oadm_fixed_div_asymmetric_0_18_19_18_7_3b)                                                  0.00       1.76 f
  result[30] (out)                                                                                                       0.00       1.76 f
  data arrival time                                                                                                                 1.76

  clock vclk (rise edge)                                                                                                10.00      10.00
  clock network delay (ideal)                                                                                            0.00      10.00
  output external delay                                                                                                 -0.02       9.98
  data required time                                                                                                                9.98
  -----------------------------------------------------------------------------------------------------------------------------------------
  data required time                                                                                                                9.98
  data arrival time                                                                                                                -1.76
  -----------------------------------------------------------------------------------------------------------------------------------------
  slack (MET)                                                                                                                       8.22


  Startpoint: x[20] (input port clocked by vclk)
  Endpoint: result[30] (output port clocked by vclk)
  Path Group: vclk
  Path Type: max

  Des/Clust/Port     Wire Load Model       Library
  ------------------------------------------------
  fp32_normal_finite_wrapper ZeroWireload  tcbn65gplustc_ccs
  oadm_fixed_l0_div_dx18_dy19 ZeroWireload tcbn65gplustc_ccs
  oadm_fixed_div_asymmetric_0_18_19_18_7_3b ZeroWireload tcbn65gplustc_ccs
  oadm_fixed_div_asymmetric_plane_LEVEL0_X_RESIDUAL_DROP18_Y_RESIDUAL_DROP19 ZeroWireload tcbn65gplustc_ccs
  oadm_fixed_div_asymmetric_0_18_19_18_7_3b_DW_mult_uns_0 ZeroWireload tcbn65gplustc_ccs

  Point                                                                                                                  Incr       Path
  -----------------------------------------------------------------------------------------------------------------------------------------
  clock vclk (rise edge)                                                                                                 0.00       0.00
  clock network delay (ideal)                                                                                            0.00       0.00
  input external delay                                                                                                   0.02       0.02 f
  x[20] (in)                                                                                                             0.00       0.02 f
  implementation/x[20] (oadm_fixed_div_asymmetric_0_18_19_18_7_3b)                                                       0.00       0.02 f
  implementation/fp_wrapper/x[20] (fp32_normal_finite_wrapper)                                                           0.00       0.02 f
  implementation/fp_wrapper/U89/Z (CKBD1)                                                                                0.03       0.05 f
  implementation/fp_wrapper/fraction_x[20] (fp32_normal_finite_wrapper)                                                  0.00       0.05 f
  implementation/plane/x_mantissa[20] (oadm_fixed_div_asymmetric_plane_LEVEL0_X_RESIDUAL_DROP18_Y_RESIDUAL_DROP19)       0.00       0.05 f
  implementation/plane/mult_43_U6/CO (FA1D0)                                                                             0.10       0.15 f
  implementation/plane/mult_43_U5/CO (FA1D0)                                                                             0.06       0.21 f
  implementation/plane/mult_43_U4/S (FA1D0)                                                                              0.09       0.30 r
  implementation/plane/U10/ZN (INVD1)                                                                                    0.02       0.31 f
  implementation/plane/U8/CO (FA1D0)                                                                                     0.10       0.41 f
  implementation/plane/U6/CO (FA1D0)                                                                                     0.06       0.47 f
  implementation/plane/U18/CO (FA1D0)                                                                                    0.06       0.52 f
  implementation/plane/U17/Z (XOR3D1)                                                                                    0.06       0.59 r
  implementation/plane/plane_exact[24] (oadm_fixed_div_asymmetric_plane_LEVEL0_X_RESIDUAL_DROP18_Y_RESIDUAL_DROP19)      0.00       0.59 r
  implementation/mult_166/a[6] (oadm_fixed_div_asymmetric_0_18_19_18_7_3b_DW_mult_uns_0)                                 0.00       0.59 r
  implementation/mult_166/U39/ZN (INVD1)                                                                                 0.02       0.61 f
  implementation/mult_166/U20/S (FA1D0)                                                                                  0.09       0.70 f
  implementation/mult_166/U9/CO (FA1D0)                                                                                  0.10       0.80 f
  implementation/mult_166/U8/CO (FA1D0)                                                                                  0.06       0.86 f
  implementation/mult_166/U7/CO (FA1D0)                                                                                  0.06       0.92 f
  implementation/mult_166/U6/CO (FA1D0)                                                                                  0.06       0.98 f
  implementation/mult_166/U45/ZN (NR2D0)                                                                                 0.05       1.03 r
  implementation/mult_166/U43/ZN (CKND2D0)                                                                               0.04       1.07 f
  implementation/mult_166/U42/ZN (XNR2D0)                                                                                0.05       1.12 f
  implementation/mult_166/product[12] (oadm_fixed_div_asymmetric_0_18_19_18_7_3b_DW_mult_uns_0)                          0.00       1.12 f
  implementation/U30/ZN (INVD1)                                                                                          0.05       1.17 r
  implementation/U14/ZN (ND2D1)                                                                                          0.07       1.24 f
  implementation/U6/ZN (ND2D1)                                                                                           0.09       1.33 r
  implementation/fp_wrapper/exponent_adjust[1] (fp32_normal_finite_wrapper)                                              0.00       1.33 r
  implementation/fp_wrapper/U42/CO (FA1D0)                                                                               0.10       1.43 r
  implementation/fp_wrapper/U43/CO (FA1D0)                                                                               0.05       1.48 r
  implementation/fp_wrapper/U44/CO (FA1D0)                                                                               0.05       1.53 r
  implementation/fp_wrapper/U45/CO (FA1D0)                                                                               0.05       1.58 r
  implementation/fp_wrapper/U46/CO (FA1D0)                                                                               0.05       1.63 r
  implementation/fp_wrapper/U47/CO (FA1D0)                                                                               0.05       1.68 r
  implementation/fp_wrapper/U56/Z (XOR3D1)                                                                               0.08       1.76 f
  implementation/fp_wrapper/result[30] (fp32_normal_finite_wrapper)                                                      0.00       1.76 f
  implementation/result[30] (oadm_fixed_div_asymmetric_0_18_19_18_7_3b)                                                  0.00       1.76 f
  result[30] (out)                                                                                                       0.00       1.76 f
  data arrival time                                                                                                                 1.76

  clock vclk (rise edge)                                                                                                10.00      10.00
  clock network delay (ideal)                                                                                            0.00      10.00
  output external delay                                                                                                 -0.02       9.98
  data required time                                                                                                                9.98
  -----------------------------------------------------------------------------------------------------------------------------------------
  data required time                                                                                                                9.98
  data arrival time                                                                                                                -1.76
  -----------------------------------------------------------------------------------------------------------------------------------------
  slack (MET)                                                                                                                       8.22


  Startpoint: x[20] (input port clocked by vclk)
  Endpoint: result[30] (output port clocked by vclk)
  Path Group: vclk
  Path Type: max

  Des/Clust/Port     Wire Load Model       Library
  ------------------------------------------------
  fp32_normal_finite_wrapper ZeroWireload  tcbn65gplustc_ccs
  oadm_fixed_l0_div_dx18_dy19 ZeroWireload tcbn65gplustc_ccs
  oadm_fixed_div_asymmetric_0_18_19_18_7_3b ZeroWireload tcbn65gplustc_ccs
  oadm_fixed_div_asymmetric_plane_LEVEL0_X_RESIDUAL_DROP18_Y_RESIDUAL_DROP19 ZeroWireload tcbn65gplustc_ccs
  oadm_fixed_div_asymmetric_0_18_19_18_7_3b_DW_mult_uns_0 ZeroWireload tcbn65gplustc_ccs

  Point                                                                                                                  Incr       Path
  -----------------------------------------------------------------------------------------------------------------------------------------
  clock vclk (rise edge)                                                                                                 0.00       0.00
  clock network delay (ideal)                                                                                            0.00       0.00
  input external delay                                                                                                   0.02       0.02 f
  x[20] (in)                                                                                                             0.00       0.02 f
  implementation/x[20] (oadm_fixed_div_asymmetric_0_18_19_18_7_3b)                                                       0.00       0.02 f
  implementation/fp_wrapper/x[20] (fp32_normal_finite_wrapper)                                                           0.00       0.02 f
  implementation/fp_wrapper/U89/Z (CKBD1)                                                                                0.03       0.05 f
  implementation/fp_wrapper/fraction_x[20] (fp32_normal_finite_wrapper)                                                  0.00       0.05 f
  implementation/plane/x_mantissa[20] (oadm_fixed_div_asymmetric_plane_LEVEL0_X_RESIDUAL_DROP18_Y_RESIDUAL_DROP19)       0.00       0.05 f
  implementation/plane/mult_43_U6/CO (FA1D0)                                                                             0.10       0.15 f
  implementation/plane/mult_43_U5/CO (FA1D0)                                                                             0.06       0.21 f
  implementation/plane/mult_43_U4/S (FA1D0)                                                                              0.09       0.30 r
  implementation/plane/U10/ZN (INVD1)                                                                                    0.02       0.31 f
  implementation/plane/U8/CO (FA1D0)                                                                                     0.10       0.41 f
  implementation/plane/U6/CO (FA1D0)                                                                                     0.06       0.47 f
  implementation/plane/U18/CO (FA1D0)                                                                                    0.06       0.52 f
  implementation/plane/U17/Z (XOR3D1)                                                                                    0.06       0.59 r
  implementation/plane/plane_exact[24] (oadm_fixed_div_asymmetric_plane_LEVEL0_X_RESIDUAL_DROP18_Y_RESIDUAL_DROP19)      0.00       0.59 r
  implementation/mult_166/a[6] (oadm_fixed_div_asymmetric_0_18_19_18_7_3b_DW_mult_uns_0)                                 0.00       0.59 r
  implementation/mult_166/U39/ZN (INVD1)                                                                                 0.02       0.61 f
  implementation/mult_166/U20/S (FA1D0)                                                                                  0.09       0.70 f
  implementation/mult_166/U9/CO (FA1D0)                                                                                  0.10       0.80 f
  implementation/mult_166/U8/CO (FA1D0)                                                                                  0.06       0.86 f
  implementation/mult_166/U7/CO (FA1D0)                                                                                  0.06       0.92 f
  implementation/mult_166/U6/CO (FA1D0)                                                                                  0.06       0.98 f
  implementation/mult_166/U45/ZN (NR2D0)                                                                                 0.05       1.03 r
  implementation/mult_166/U43/ZN (CKND2D0)                                                                               0.04       1.07 f
  implementation/mult_166/U42/ZN (XNR2D0)                                                                                0.05       1.12 f
  implementation/mult_166/product[12] (oadm_fixed_div_asymmetric_0_18_19_18_7_3b_DW_mult_uns_0)                          0.00       1.12 f
  implementation/U30/ZN (INVD1)                                                                                          0.05       1.17 r
  implementation/U14/ZN (ND2D1)                                                                                          0.07       1.24 f
  implementation/U6/ZN (ND2D1)                                                                                           0.09       1.33 r
  implementation/fp_wrapper/exponent_adjust[1] (fp32_normal_finite_wrapper)                                              0.00       1.33 r
  implementation/fp_wrapper/U42/CO (FA1D0)                                                                               0.10       1.43 r
  implementation/fp_wrapper/U43/CO (FA1D0)                                                                               0.05       1.48 r
  implementation/fp_wrapper/U44/CO (FA1D0)                                                                               0.05       1.53 r
  implementation/fp_wrapper/U45/CO (FA1D0)                                                                               0.05       1.58 r
  implementation/fp_wrapper/U46/CO (FA1D0)                                                                               0.05       1.63 r
  implementation/fp_wrapper/U47/CO (FA1D0)                                                                               0.05       1.68 r
  implementation/fp_wrapper/U56/Z (XOR3D1)                                                                               0.08       1.76 f
  implementation/fp_wrapper/result[30] (fp32_normal_finite_wrapper)                                                      0.00       1.76 f
  implementation/result[30] (oadm_fixed_div_asymmetric_0_18_19_18_7_3b)                                                  0.00       1.76 f
  result[30] (out)                                                                                                       0.00       1.76 f
  data arrival time                                                                                                                 1.76

  clock vclk (rise edge)                                                                                                10.00      10.00
  clock network delay (ideal)                                                                                            0.00      10.00
  output external delay                                                                                                 -0.02       9.98
  data required time                                                                                                                9.98
  -----------------------------------------------------------------------------------------------------------------------------------------
  data required time                                                                                                                9.98
  data arrival time                                                                                                                -1.76
  -----------------------------------------------------------------------------------------------------------------------------------------
  slack (MET)                                                                                                                       8.22


  Startpoint: x[20] (input port clocked by vclk)
  Endpoint: result[30] (output port clocked by vclk)
  Path Group: vclk
  Path Type: max

  Des/Clust/Port     Wire Load Model       Library
  ------------------------------------------------
  fp32_normal_finite_wrapper ZeroWireload  tcbn65gplustc_ccs
  oadm_fixed_l0_div_dx18_dy19 ZeroWireload tcbn65gplustc_ccs
  oadm_fixed_div_asymmetric_0_18_19_18_7_3b ZeroWireload tcbn65gplustc_ccs
  oadm_fixed_div_asymmetric_plane_LEVEL0_X_RESIDUAL_DROP18_Y_RESIDUAL_DROP19 ZeroWireload tcbn65gplustc_ccs
  oadm_fixed_div_asymmetric_0_18_19_18_7_3b_DW_mult_uns_0 ZeroWireload tcbn65gplustc_ccs

  Point                                                                                                                  Incr       Path
  -----------------------------------------------------------------------------------------------------------------------------------------
  clock vclk (rise edge)                                                                                                 0.00       0.00
  clock network delay (ideal)                                                                                            0.00       0.00
  input external delay                                                                                                   0.02       0.02 f
  x[20] (in)                                                                                                             0.00       0.02 f
  implementation/x[20] (oadm_fixed_div_asymmetric_0_18_19_18_7_3b)                                                       0.00       0.02 f
  implementation/fp_wrapper/x[20] (fp32_normal_finite_wrapper)                                                           0.00       0.02 f
  implementation/fp_wrapper/U89/Z (CKBD1)                                                                                0.03       0.05 f
  implementation/fp_wrapper/fraction_x[20] (fp32_normal_finite_wrapper)                                                  0.00       0.05 f
  implementation/plane/x_mantissa[20] (oadm_fixed_div_asymmetric_plane_LEVEL0_X_RESIDUAL_DROP18_Y_RESIDUAL_DROP19)       0.00       0.05 f
  implementation/plane/mult_43_U6/CO (FA1D0)                                                                             0.10       0.15 f
  implementation/plane/mult_43_U5/CO (FA1D0)                                                                             0.06       0.21 f
  implementation/plane/mult_43_U4/S (FA1D0)                                                                              0.09       0.30 r
  implementation/plane/U10/ZN (INVD1)                                                                                    0.02       0.31 f
  implementation/plane/U8/CO (FA1D0)                                                                                     0.10       0.41 f
  implementation/plane/U6/CO (FA1D0)                                                                                     0.06       0.47 f
  implementation/plane/U18/CO (FA1D0)                                                                                    0.06       0.52 f
  implementation/plane/U17/Z (XOR3D1)                                                                                    0.06       0.59 r
  implementation/plane/plane_exact[24] (oadm_fixed_div_asymmetric_plane_LEVEL0_X_RESIDUAL_DROP18_Y_RESIDUAL_DROP19)      0.00       0.59 r
  implementation/mult_166/a[6] (oadm_fixed_div_asymmetric_0_18_19_18_7_3b_DW_mult_uns_0)                                 0.00       0.59 r
  implementation/mult_166/U39/ZN (INVD1)                                                                                 0.02       0.61 f
  implementation/mult_166/U20/S (FA1D0)                                                                                  0.09       0.70 f
  implementation/mult_166/U9/CO (FA1D0)                                                                                  0.10       0.80 f
  implementation/mult_166/U8/CO (FA1D0)                                                                                  0.06       0.86 f
  implementation/mult_166/U7/CO (FA1D0)                                                                                  0.06       0.92 f
  implementation/mult_166/U6/CO (FA1D0)                                                                                  0.06       0.98 f
  implementation/mult_166/U45/ZN (NR2D0)                                                                                 0.05       1.03 r
  implementation/mult_166/U43/ZN (CKND2D0)                                                                               0.04       1.07 f
  implementation/mult_166/U42/ZN (XNR2D0)                                                                                0.05       1.12 f
  implementation/mult_166/product[12] (oadm_fixed_div_asymmetric_0_18_19_18_7_3b_DW_mult_uns_0)                          0.00       1.12 f
  implementation/U30/ZN (INVD1)                                                                                          0.05       1.17 r
  implementation/U14/ZN (ND2D1)                                                                                          0.07       1.24 f
  implementation/U6/ZN (ND2D1)                                                                                           0.09       1.33 r
  implementation/fp_wrapper/exponent_adjust[1] (fp32_normal_finite_wrapper)                                              0.00       1.33 r
  implementation/fp_wrapper/U42/CO (FA1D0)                                                                               0.10       1.43 r
  implementation/fp_wrapper/U43/CO (FA1D0)                                                                               0.05       1.48 r
  implementation/fp_wrapper/U44/CO (FA1D0)                                                                               0.05       1.53 r
  implementation/fp_wrapper/U45/CO (FA1D0)                                                                               0.05       1.58 r
  implementation/fp_wrapper/U46/CO (FA1D0)                                                                               0.05       1.63 r
  implementation/fp_wrapper/U47/CO (FA1D0)                                                                               0.05       1.68 r
  implementation/fp_wrapper/U56/Z (XOR3D1)                                                                               0.08       1.76 f
  implementation/fp_wrapper/result[30] (fp32_normal_finite_wrapper)                                                      0.00       1.76 f
  implementation/result[30] (oadm_fixed_div_asymmetric_0_18_19_18_7_3b)                                                  0.00       1.76 f
  result[30] (out)                                                                                                       0.00       1.76 f
  data arrival time                                                                                                                 1.76

  clock vclk (rise edge)                                                                                                10.00      10.00
  clock network delay (ideal)                                                                                            0.00      10.00
  output external delay                                                                                                 -0.02       9.98
  data required time                                                                                                                9.98
  -----------------------------------------------------------------------------------------------------------------------------------------
  data required time                                                                                                                9.98
  data arrival time                                                                                                                -1.76
  -----------------------------------------------------------------------------------------------------------------------------------------
  slack (MET)                                                                                                                       8.22


1
