****************************************
Report : Averaged Power
	-significant_digits
Design : oadm_fixed_l3_p2
Version: U-2022.12-SP5
Date   : Tue Aug 18 15:28:29 2026
****************************************



  Attributes
  ----------
      i  -  Including register clock pin internal power
      u  -  User defined power group

                        Internal             Switching            Leakage              Total
Power Group             Power                Power                Power                Power               (     %)   Attrs
----------------------------------------------------------------------------------------------------------------------------
clock_network           3.7347e-04           0.0000e+00           0.0000e+00           3.7347e-04          (28.20%)   i
register                9.0448e-05           1.4310e-05           5.6569e-06           1.1042e-04          ( 8.34%)   
combinational           5.9734e-04           2.0012e-04           4.3240e-05           8.4070e-04          (63.47%)   
sequential              0.0000e+00           0.0000e+00           0.0000e+00           0.0000e+00          ( 0.00%)   
memory                  0.0000e+00           0.0000e+00           0.0000e+00           0.0000e+00          ( 0.00%)   
io_pad                  0.0000e+00           0.0000e+00           0.0000e+00           0.0000e+00          ( 0.00%)   
black_box               0.0000e+00           0.0000e+00           0.0000e+00           0.0000e+00          ( 0.00%)   

  Net Switching Power  = 2.1443e-04            (16.19%)
  Cell Internal Power  = 1.0613e-03            (80.12%)
  Cell Leakage Power   = 4.8897e-05            ( 3.69%)
                         -------------------------
Total Power            = 1.3246e-03           (100.00%)

1
