****************************************
Report : Averaged Power
	-hierarchy
	-significant_digits
Design : oadm_runtime_p6
Version: U-2022.12-SP5
Date   : Thu Aug 20 16:29:10 2026
****************************************



                                      Int      Switch   Leak     Total
Hierarchy                             Power    Power    Power    Power    %
----------------------------------------------------------------------------------
oadm_runtime_p6                       5.23e-03 5.63e-04 6.48e-05 5.86e-03 100.0
  impl (oadm_dm_pipe_5f)              5.23e-03 5.54e-04 6.44e-05 5.85e-03  99.8
    cut0 (oadm_pipe_cut_173_1)        8.36e-04 1.46e-05 4.07e-06 8.55e-04  14.6
    cut1 (oadm_pipe_cut_200_1)        1.02e-03 1.59e-05 5.01e-06 1.04e-03  17.8
    cut2 (oadm_pipe_cut_131_1)        9.36e-04 1.78e-05 4.43e-06 9.59e-04  16.4
    cut3 (oadm_pipe_cut_50_1)         3.52e-04 1.33e-05 1.66e-06 3.67e-04   6.3
    cut4 (oadm_pipe_cut_71_1)         5.46e-04 7.36e-06 2.49e-06 5.56e-04   9.5
    cut5 (oadm_pipe_cut_43_0)         3.16e-06 2.16e-06 1.43e-07 5.46e-06   0.1
    cut6 (oadm_pipe_cut_32_1)         2.37e-04 1.24e-05 1.13e-06 2.51e-04   4.3
    csa0 (csa3_WIDTH29_1)             5.93e-05 1.51e-05 1.43e-06 7.59e-05   1.3
    csa1 (csa3_WIDTH29_0)             6.04e-05 1.20e-05 1.47e-06 7.39e-05   1.3
1
