 
****************************************
Report : timing
        -path full
        -delay max
        -max_paths 1
Design : top
Version: U-2022.12-SP7
Date   : Sun Aug  9 14:00:10 2026
****************************************

Operating Conditions: NCCOM   Library: tcbn65gplustc_ccs
Wire Load Model Mode: segmented

  Startpoint: mantissa_y[21]
              (input port clocked by vclk)
  Endpoint: mantissa_out[7]
            (output port clocked by vclk)
  Path Group: vclk
  Path Type: max

  Des/Clust/Port     Wire Load Model       Library
  ------------------------------------------------
  top                ZeroWireload          tcbn65gplustc_ccs
  CSA3_2_Array_WIDTH25 ZeroWireload        tcbn65gplustc_ccs
  Mantissa_OAUM_MANTISSA_WIDTH23_ACC_34 ZeroWireload tcbn65gplustc_ccs
  CSA3_2_Array_WIDTH24_1 ZeroWireload      tcbn65gplustc_ccs
  Partial_Product_Generator_BASELINE23_MANTISSA_WIDTH23_MAX_LEVEL4 ZeroWireload tcbn65gplustc_ccs
  connector_WIDTH22_0 ZeroWireload         tcbn65gplustc_ccs
  CSA3_2_Array_WIDTH24_0 ZeroWireload      tcbn65gplustc_ccs
  CSA3_2_Array_WIDTH27_1 ZeroWireload      tcbn65gplustc_ccs
  CSA3_2_Array_WIDTH29_1 ZeroWireload      tcbn65gplustc_ccs
  CSA3_2_Array_WIDTH29_0 ZeroWireload      tcbn65gplustc_ccs
  CSA3_2_Array_WIDTH30 ZeroWireload        tcbn65gplustc_ccs

  Point                                                                                                    Incr       Path
  ---------------------------------------------------------------------------------------------------------------------------
  clock vclk (rise edge)                                                                                   0.00       0.00
  clock network delay (ideal)                                                                              0.00       0.00
  input external delay                                                                                     0.02       0.02 r
  mantissa_y[21] (in)                                                                                      0.01       0.03 r
  U179/Z (CKBD1)                                                                                           0.03       0.06 r
  OAUM/Mantissa_Y[21] (Mantissa_OAUM_MANTISSA_WIDTH23_ACC_34)                                              0.00       0.06 r
  OAUM/U4/Z (BUFFD1)                                                                                       0.04       0.10 r
  OAUM/PGEN/Mantissa_Y[21] (Partial_Product_Generator_BASELINE23_MANTISSA_WIDTH23_MAX_LEVEL4)              0.00       0.10 r
  OAUM/PGEN/U151/Z (BUFFD1)                                                                                0.04       0.14 r
  OAUM/PGEN/U5/Z (BUFFD0)                                                                                  0.05       0.18 r
  OAUM/PGEN/U47/ZN (XNR2D0)                                                                                0.07       0.25 r
  OAUM/PGEN/PP_GEN[2].ConnectPPY/In[5] (connector_WIDTH22_0)                                               0.00       0.25 r
  OAUM/PGEN/PP_GEN[2].ConnectPPY/U19/Z (BUFFD0)                                                            0.04       0.29 r
  OAUM/PGEN/PP_GEN[2].ConnectPPY/Out[5] (connector_WIDTH22_0)                                              0.00       0.29 r
  OAUM/PGEN/Partial_Product_Y[-16] (Partial_Product_Generator_BASELINE23_MANTISSA_WIDTH23_MAX_LEVEL4)      0.00       0.29 r
  OAUM/Stage_0_2/In_3[5] (CSA3_2_Array_WIDTH24_0)                                                          0.00       0.29 r
  OAUM/Stage_0_2/U55/ZN (MAOI222D1)                                                                        0.04       0.33 f
  OAUM/Stage_0_2/U1/ZN (INVD0)                                                                             0.04       0.38 r
  OAUM/Stage_0_2/C[5] (CSA3_2_Array_WIDTH24_0)                                                             0.00       0.38 r
  OAUM/Stage_1_1/In_3[6] (CSA3_2_Array_WIDTH27_1)                                                          0.00       0.38 r
  OAUM/Stage_1_1/U44/Z (XOR3D0)                                                                            0.12       0.49 f
  OAUM/Stage_1_1/S[6] (CSA3_2_Array_WIDTH27_1)                                                             0.00       0.49 f
  OAUM/Stage_2_1/In_1[8] (CSA3_2_Array_WIDTH29_1)                                                          0.00       0.49 f
  OAUM/Stage_2_1/U14/ZN (MAOI222D0)                                                                        0.06       0.55 r
  OAUM/Stage_2_1/U30/ZN (INVD0)                                                                            0.03       0.58 f
  OAUM/Stage_2_1/C[8] (CSA3_2_Array_WIDTH29_1)                                                             0.00       0.58 f
  OAUM/Stage_3_0/In_3[8] (CSA3_2_Array_WIDTH29_0)                                                          0.00       0.58 f
  OAUM/Stage_3_0/U39/ZN (MAOI222D1)                                                                        0.05       0.64 r
  OAUM/Stage_3_0/U40/ZN (INVD1)                                                                            0.02       0.66 f
  OAUM/Stage_3_0/C[8] (CSA3_2_Array_WIDTH29_0)                                                             0.00       0.66 f
  OAUM/Stage_4_0/In_2[10] (CSA3_2_Array_WIDTH30)                                                           0.00       0.66 f
  OAUM/Stage_4_0/U66/Z (XOR3D1)                                                                            0.11       0.77 r
  OAUM/Stage_4_0/S[10] (CSA3_2_Array_WIDTH30)                                                              0.00       0.77 r
  OAUM/U67/ZN (NR2XD0)                                                                                     0.02       0.79 f
  OAUM/U51/ZN (NR2XD0)                                                                                     0.03       0.82 r
  OAUM/U21/ZN (CKND2D0)                                                                                    0.02       0.85 f
  OAUM/U8/ZN (OAI21D0)                                                                                     0.05       0.89 r
  OAUM/U288/ZN (AOI21D1)                                                                                   0.03       0.93 f
  OAUM/U308/ZN (OAI21D1)                                                                                   0.03       0.96 r
  OAUM/U3/ZN (XNR2D1)                                                                                      0.06       1.02 f
  OAUM/U2/ZN (INVD1)                                                                                       0.02       1.04 r
  OAUM/U12/ZN (INVD0)                                                                                      0.02       1.06 f
  OAUM/Shift[1] (Mantissa_OAUM_MANTISSA_WIDTH23_ACC_34)                                                    0.00       1.06 f
  U178/ZN (INR2D1)                                                                                         0.04       1.10 r
  U183/ZN (INVD1)                                                                                          0.02       1.12 f
  U176/ZN (OAI21D1)                                                                                        0.05       1.16 r
  U208/ZN (AOI21D1)                                                                                        0.03       1.19 f
  U209/Z (CKXOR2D1)                                                                                        0.05       1.24 r
  U61/ZN (ND4D0)                                                                                           0.04       1.28 f
  U51/ZN (NR2D0)                                                                                           0.04       1.32 r
  U49/ZN (OAI21D1)                                                                                         0.03       1.35 f
  U47/Z (BUFFD1)                                                                                           0.04       1.40 f
  U42/Z (BUFFD1)                                                                                           0.04       1.44 f
  U226/ZN (IOA21D1)                                                                                        0.03       1.46 r
  mantissa_out[7] (out)                                                                                    0.00       1.46 r
  data arrival time                                                                                                   1.46

  clock vclk (rise edge)                                                                                   1.50       1.50
  clock network delay (ideal)                                                                              0.00       1.50
  output external delay                                                                                   -0.02       1.48
  data required time                                                                                                  1.48
  ---------------------------------------------------------------------------------------------------------------------------
  data required time                                                                                                  1.48
  data arrival time                                                                                                  -1.46
  ---------------------------------------------------------------------------------------------------------------------------
  slack (MET)                                                                                                         0.02


1
