 
****************************************
Report : timing
        -path full
        -delay max
        -nworst 10
        -max_paths 10
Design : oadm_fixed_l0_div_r19_w18
Version: U-2022.12-SP7
Date   : Fri Sep  4 01:43:48 2026
****************************************

Operating Conditions: NCCOM   Library: tcbn65gplustc_ccs
Wire Load Model Mode: segmented

  Startpoint: x[20] (input port clocked by vclk)
  Endpoint: result[30] (output port clocked by vclk)
  Path Group: vclk
  Path Type: max

  Des/Clust/Port     Wire Load Model       Library
  ------------------------------------------------
  fp32_normal_finite_wrapper ZeroWireload  tcbn65gplustc_ccs
  oadm_fixed_l0_div_r19_w18 ZeroWireload   tcbn65gplustc_ccs
  oadm_fixed_div_root_opt_0_19_18_7_3b ZeroWireload tcbn65gplustc_ccs
  oadm_runtime_plane_pruned_RESIDUAL_DROP19_DW_mult_tc_0 ZeroWireload tcbn65gplustc_ccs
  oadm_runtime_plane_pruned_RESIDUAL_DROP19 ZeroWireload tcbn65gplustc_ccs
  oadm_fixed_div_root_opt_0_19_18_7_3b_DW_mult_uns_0_DW_mult_uns_1 ZeroWireload tcbn65gplustc_ccs

  Point                                                                                                       Incr       Path
  ------------------------------------------------------------------------------------------------------------------------------
  clock vclk (rise edge)                                                                                      0.00       0.00
  clock network delay (ideal)                                                                                 0.00       0.00
  input external delay                                                                                        0.02       0.02 r
  x[20] (in)                                                                                                  0.01       0.03 r
  implementation/x[20] (oadm_fixed_div_root_opt_0_19_18_7_3b)                                                 0.00       0.03 r
  implementation/fp_wrapper/x[20] (fp32_normal_finite_wrapper)                                                0.00       0.03 r
  implementation/fp_wrapper/U89/Z (CKBD1)                                                                     0.05       0.07 r
  implementation/fp_wrapper/fraction_x[20] (fp32_normal_finite_wrapper)                                       0.00       0.07 r
  implementation/plane/x_mantissa[20] (oadm_runtime_plane_pruned_RESIDUAL_DROP19)                             0.00       0.07 r
  implementation/plane/mult_58/a[1] (oadm_runtime_plane_pruned_RESIDUAL_DROP19_DW_mult_tc_0)                  0.00       0.07 r
  implementation/plane/mult_58/U67/ZN (XNR2D0)                                                                0.10       0.18 r
  implementation/plane/mult_58/U66/ZN (OAI211D0)                                                              0.09       0.27 f
  implementation/plane/mult_58/U81/ZN (OAI22D0)                                                               0.07       0.35 r
  implementation/plane/mult_58/U15/S (HA1D0)                                                                  0.07       0.42 f
  implementation/plane/mult_58/U7/CO (FA1D0)                                                                  0.10       0.52 f
  implementation/plane/mult_58/U6/CO (FA1D0)                                                                  0.06       0.58 f
  implementation/plane/mult_58/U5/CO (FA1D0)                                                                  0.06       0.63 f
  implementation/plane/mult_58/U4/CO (FA1D0)                                                                  0.06       0.69 f
  implementation/plane/mult_58/U3/CO (FA1D0)                                                                  0.06       0.74 f
  implementation/plane/mult_58/U2/S (FA1D0)                                                                   0.08       0.82 r
  implementation/plane/mult_58/product[8] (oadm_runtime_plane_pruned_RESIDUAL_DROP19_DW_mult_tc_0)            0.00       0.82 r
  implementation/plane/U35/S (FA1D0)                                                                          0.10       0.92 f
  implementation/plane/U36/CO (FA1D0)                                                                         0.10       1.02 f
  implementation/plane/U26/S (FA1D0)                                                                          0.08       1.10 r
  implementation/plane/plane_exact[24] (oadm_runtime_plane_pruned_RESIDUAL_DROP19)                            0.00       1.10 r
  implementation/mult_219/a[6] (oadm_fixed_div_root_opt_0_19_18_7_3b_DW_mult_uns_0_DW_mult_uns_1)             0.00       1.10 r
  implementation/mult_219/U35/ZN (INVD1)                                                                      0.02       1.12 f
  implementation/mult_219/U20/S (FA1D0)                                                                       0.10       1.22 f
  implementation/mult_219/U9/CO (FA1D0)                                                                       0.10       1.32 f
  implementation/mult_219/U8/CO (FA1D0)                                                                       0.06       1.37 f
  implementation/mult_219/U7/CO (FA1D0)                                                                       0.06       1.43 f
  implementation/mult_219/U6/CO (FA1D0)                                                                       0.06       1.49 f
  implementation/mult_219/U45/ZN (NR2D0)                                                                      0.05       1.55 r
  implementation/mult_219/U43/ZN (CKND2D0)                                                                    0.04       1.58 f
  implementation/mult_219/U42/ZN (XNR2D0)                                                                     0.05       1.63 f
  implementation/mult_219/product[12] (oadm_fixed_div_root_opt_0_19_18_7_3b_DW_mult_uns_0_DW_mult_uns_1)      0.00       1.63 f
  implementation/U29/ZN (INVD1)                                                                               0.05       1.68 r
  implementation/U12/ZN (ND2D1)                                                                               0.07       1.75 f
  implementation/U5/ZN (ND2D1)                                                                                0.09       1.84 r
  implementation/fp_wrapper/exponent_adjust[1] (fp32_normal_finite_wrapper)                                   0.00       1.84 r
  implementation/fp_wrapper/U43/CO (FA1D0)                                                                    0.10       1.94 r
  implementation/fp_wrapper/U44/CO (FA1D0)                                                                    0.05       1.99 r
  implementation/fp_wrapper/U45/CO (FA1D0)                                                                    0.05       2.04 r
  implementation/fp_wrapper/U46/CO (FA1D0)                                                                    0.05       2.09 r
  implementation/fp_wrapper/U47/CO (FA1D0)                                                                    0.05       2.14 r
  implementation/fp_wrapper/U48/CO (FA1D0)                                                                    0.05       2.19 r
  implementation/fp_wrapper/U57/Z (XOR3D1)                                                                    0.08       2.27 f
  implementation/fp_wrapper/result[30] (fp32_normal_finite_wrapper)                                           0.00       2.27 f
  implementation/result[30] (oadm_fixed_div_root_opt_0_19_18_7_3b)                                            0.00       2.27 f
  result[30] (out)                                                                                            0.00       2.27 f
  data arrival time                                                                                                      2.27

  clock vclk (rise edge)                                                                                     10.00      10.00
  clock network delay (ideal)                                                                                 0.00      10.00
  output external delay                                                                                      -0.02       9.98
  data required time                                                                                                     9.98
  ------------------------------------------------------------------------------------------------------------------------------
  data required time                                                                                                     9.98
  data arrival time                                                                                                     -2.27
  ------------------------------------------------------------------------------------------------------------------------------
  slack (MET)                                                                                                            7.71


  Startpoint: x[20] (input port clocked by vclk)
  Endpoint: result[30] (output port clocked by vclk)
  Path Group: vclk
  Path Type: max

  Des/Clust/Port     Wire Load Model       Library
  ------------------------------------------------
  fp32_normal_finite_wrapper ZeroWireload  tcbn65gplustc_ccs
  oadm_fixed_l0_div_r19_w18 ZeroWireload   tcbn65gplustc_ccs
  oadm_fixed_div_root_opt_0_19_18_7_3b ZeroWireload tcbn65gplustc_ccs
  oadm_runtime_plane_pruned_RESIDUAL_DROP19_DW_mult_tc_0 ZeroWireload tcbn65gplustc_ccs
  oadm_runtime_plane_pruned_RESIDUAL_DROP19 ZeroWireload tcbn65gplustc_ccs
  oadm_fixed_div_root_opt_0_19_18_7_3b_DW_mult_uns_0_DW_mult_uns_1 ZeroWireload tcbn65gplustc_ccs

  Point                                                                                                       Incr       Path
  ------------------------------------------------------------------------------------------------------------------------------
  clock vclk (rise edge)                                                                                      0.00       0.00
  clock network delay (ideal)                                                                                 0.00       0.00
  input external delay                                                                                        0.02       0.02 r
  x[20] (in)                                                                                                  0.01       0.03 r
  implementation/x[20] (oadm_fixed_div_root_opt_0_19_18_7_3b)                                                 0.00       0.03 r
  implementation/fp_wrapper/x[20] (fp32_normal_finite_wrapper)                                                0.00       0.03 r
  implementation/fp_wrapper/U89/Z (CKBD1)                                                                     0.05       0.07 r
  implementation/fp_wrapper/fraction_x[20] (fp32_normal_finite_wrapper)                                       0.00       0.07 r
  implementation/plane/x_mantissa[20] (oadm_runtime_plane_pruned_RESIDUAL_DROP19)                             0.00       0.07 r
  implementation/plane/mult_58/a[1] (oadm_runtime_plane_pruned_RESIDUAL_DROP19_DW_mult_tc_0)                  0.00       0.07 r
  implementation/plane/mult_58/U67/ZN (XNR2D0)                                                                0.10       0.18 r
  implementation/plane/mult_58/U66/ZN (OAI211D0)                                                              0.09       0.27 f
  implementation/plane/mult_58/U81/ZN (OAI22D0)                                                               0.07       0.35 r
  implementation/plane/mult_58/U15/S (HA1D0)                                                                  0.07       0.42 f
  implementation/plane/mult_58/U7/CO (FA1D0)                                                                  0.10       0.52 f
  implementation/plane/mult_58/U6/CO (FA1D0)                                                                  0.06       0.58 f
  implementation/plane/mult_58/U5/CO (FA1D0)                                                                  0.06       0.63 f
  implementation/plane/mult_58/U4/CO (FA1D0)                                                                  0.06       0.69 f
  implementation/plane/mult_58/U3/S (FA1D0)                                                                   0.08       0.76 r
  implementation/plane/mult_58/product[7] (oadm_runtime_plane_pruned_RESIDUAL_DROP19_DW_mult_tc_0)            0.00       0.76 r
  implementation/plane/U38/S (FA1D0)                                                                          0.10       0.86 f
  implementation/plane/U40/CO (FA1D0)                                                                         0.10       0.96 f
  implementation/plane/U36/CO (FA1D0)                                                                         0.06       1.02 f
  implementation/plane/U26/S (FA1D0)                                                                          0.08       1.10 r
  implementation/plane/plane_exact[24] (oadm_runtime_plane_pruned_RESIDUAL_DROP19)                            0.00       1.10 r
  implementation/mult_219/a[6] (oadm_fixed_div_root_opt_0_19_18_7_3b_DW_mult_uns_0_DW_mult_uns_1)             0.00       1.10 r
  implementation/mult_219/U35/ZN (INVD1)                                                                      0.02       1.12 f
  implementation/mult_219/U20/S (FA1D0)                                                                       0.10       1.22 f
  implementation/mult_219/U9/CO (FA1D0)                                                                       0.10       1.32 f
  implementation/mult_219/U8/CO (FA1D0)                                                                       0.06       1.37 f
  implementation/mult_219/U7/CO (FA1D0)                                                                       0.06       1.43 f
  implementation/mult_219/U6/CO (FA1D0)                                                                       0.06       1.49 f
  implementation/mult_219/U45/ZN (NR2D0)                                                                      0.05       1.55 r
  implementation/mult_219/U43/ZN (CKND2D0)                                                                    0.04       1.58 f
  implementation/mult_219/U42/ZN (XNR2D0)                                                                     0.05       1.63 f
  implementation/mult_219/product[12] (oadm_fixed_div_root_opt_0_19_18_7_3b_DW_mult_uns_0_DW_mult_uns_1)      0.00       1.63 f
  implementation/U29/ZN (INVD1)                                                                               0.05       1.68 r
  implementation/U12/ZN (ND2D1)                                                                               0.07       1.75 f
  implementation/U5/ZN (ND2D1)                                                                                0.09       1.84 r
  implementation/fp_wrapper/exponent_adjust[1] (fp32_normal_finite_wrapper)                                   0.00       1.84 r
  implementation/fp_wrapper/U43/CO (FA1D0)                                                                    0.10       1.94 r
  implementation/fp_wrapper/U44/CO (FA1D0)                                                                    0.05       1.99 r
  implementation/fp_wrapper/U45/CO (FA1D0)                                                                    0.05       2.04 r
  implementation/fp_wrapper/U46/CO (FA1D0)                                                                    0.05       2.09 r
  implementation/fp_wrapper/U47/CO (FA1D0)                                                                    0.05       2.14 r
  implementation/fp_wrapper/U48/CO (FA1D0)                                                                    0.05       2.19 r
  implementation/fp_wrapper/U57/Z (XOR3D1)                                                                    0.08       2.27 f
  implementation/fp_wrapper/result[30] (fp32_normal_finite_wrapper)                                           0.00       2.27 f
  implementation/result[30] (oadm_fixed_div_root_opt_0_19_18_7_3b)                                            0.00       2.27 f
  result[30] (out)                                                                                            0.00       2.27 f
  data arrival time                                                                                                      2.27

  clock vclk (rise edge)                                                                                     10.00      10.00
  clock network delay (ideal)                                                                                 0.00      10.00
  output external delay                                                                                      -0.02       9.98
  data required time                                                                                                     9.98
  ------------------------------------------------------------------------------------------------------------------------------
  data required time                                                                                                     9.98
  data arrival time                                                                                                     -2.27
  ------------------------------------------------------------------------------------------------------------------------------
  slack (MET)                                                                                                            7.71


  Startpoint: x[20] (input port clocked by vclk)
  Endpoint: result[30] (output port clocked by vclk)
  Path Group: vclk
  Path Type: max

  Des/Clust/Port     Wire Load Model       Library
  ------------------------------------------------
  fp32_normal_finite_wrapper ZeroWireload  tcbn65gplustc_ccs
  oadm_fixed_l0_div_r19_w18 ZeroWireload   tcbn65gplustc_ccs
  oadm_fixed_div_root_opt_0_19_18_7_3b ZeroWireload tcbn65gplustc_ccs
  oadm_runtime_plane_pruned_RESIDUAL_DROP19_DW_mult_tc_0 ZeroWireload tcbn65gplustc_ccs
  oadm_runtime_plane_pruned_RESIDUAL_DROP19 ZeroWireload tcbn65gplustc_ccs
  oadm_fixed_div_root_opt_0_19_18_7_3b_DW_mult_uns_0_DW_mult_uns_1 ZeroWireload tcbn65gplustc_ccs

  Point                                                                                                       Incr       Path
  ------------------------------------------------------------------------------------------------------------------------------
  clock vclk (rise edge)                                                                                      0.00       0.00
  clock network delay (ideal)                                                                                 0.00       0.00
  input external delay                                                                                        0.02       0.02 r
  x[20] (in)                                                                                                  0.01       0.03 r
  implementation/x[20] (oadm_fixed_div_root_opt_0_19_18_7_3b)                                                 0.00       0.03 r
  implementation/fp_wrapper/x[20] (fp32_normal_finite_wrapper)                                                0.00       0.03 r
  implementation/fp_wrapper/U89/Z (CKBD1)                                                                     0.05       0.07 r
  implementation/fp_wrapper/fraction_x[20] (fp32_normal_finite_wrapper)                                       0.00       0.07 r
  implementation/plane/x_mantissa[20] (oadm_runtime_plane_pruned_RESIDUAL_DROP19)                             0.00       0.07 r
  implementation/plane/mult_58/a[1] (oadm_runtime_plane_pruned_RESIDUAL_DROP19_DW_mult_tc_0)                  0.00       0.07 r
  implementation/plane/mult_58/U67/ZN (XNR2D0)                                                                0.10       0.18 r
  implementation/plane/mult_58/U66/ZN (OAI211D0)                                                              0.09       0.27 f
  implementation/plane/mult_58/U81/ZN (OAI22D0)                                                               0.07       0.35 r
  implementation/plane/mult_58/U15/S (HA1D0)                                                                  0.07       0.42 f
  implementation/plane/mult_58/U7/CO (FA1D0)                                                                  0.10       0.52 f
  implementation/plane/mult_58/U6/CO (FA1D0)                                                                  0.06       0.58 f
  implementation/plane/mult_58/U5/CO (FA1D0)                                                                  0.06       0.63 f
  implementation/plane/mult_58/U4/CO (FA1D0)                                                                  0.06       0.69 f
  implementation/plane/mult_58/U3/CO (FA1D0)                                                                  0.06       0.74 f
  implementation/plane/mult_58/U2/S (FA1D0)                                                                   0.08       0.82 r
  implementation/plane/mult_58/product[8] (oadm_runtime_plane_pruned_RESIDUAL_DROP19_DW_mult_tc_0)            0.00       0.82 r
  implementation/plane/U35/S (FA1D0)                                                                          0.10       0.92 f
  implementation/plane/U36/CO (FA1D0)                                                                         0.10       1.02 f
  implementation/plane/U26/S (FA1D0)                                                                          0.08       1.10 r
  implementation/plane/plane_exact[24] (oadm_runtime_plane_pruned_RESIDUAL_DROP19)                            0.00       1.10 r
  implementation/mult_219/a[6] (oadm_fixed_div_root_opt_0_19_18_7_3b_DW_mult_uns_0_DW_mult_uns_1)             0.00       1.10 r
  implementation/mult_219/U35/ZN (INVD1)                                                                      0.02       1.12 f
  implementation/mult_219/U20/S (FA1D0)                                                                       0.10       1.22 f
  implementation/mult_219/U9/CO (FA1D0)                                                                       0.10       1.32 f
  implementation/mult_219/U8/CO (FA1D0)                                                                       0.06       1.37 f
  implementation/mult_219/U7/CO (FA1D0)                                                                       0.06       1.43 f
  implementation/mult_219/U6/CO (FA1D0)                                                                       0.06       1.49 f
  implementation/mult_219/U45/ZN (NR2D0)                                                                      0.05       1.55 r
  implementation/mult_219/U43/ZN (CKND2D0)                                                                    0.04       1.58 f
  implementation/mult_219/U42/ZN (XNR2D0)                                                                     0.05       1.63 f
  implementation/mult_219/product[12] (oadm_fixed_div_root_opt_0_19_18_7_3b_DW_mult_uns_0_DW_mult_uns_1)      0.00       1.63 f
  implementation/U29/ZN (INVD1)                                                                               0.05       1.68 r
  implementation/U12/ZN (ND2D1)                                                                               0.07       1.75 f
  implementation/U5/ZN (ND2D1)                                                                                0.09       1.84 r
  implementation/fp_wrapper/exponent_adjust[1] (fp32_normal_finite_wrapper)                                   0.00       1.84 r
  implementation/fp_wrapper/U43/CO (FA1D0)                                                                    0.10       1.94 r
  implementation/fp_wrapper/U44/CO (FA1D0)                                                                    0.05       1.99 r
  implementation/fp_wrapper/U45/CO (FA1D0)                                                                    0.05       2.04 r
  implementation/fp_wrapper/U46/CO (FA1D0)                                                                    0.05       2.09 r
  implementation/fp_wrapper/U47/CO (FA1D0)                                                                    0.05       2.14 r
  implementation/fp_wrapper/U48/CO (FA1D0)                                                                    0.05       2.19 r
  implementation/fp_wrapper/U57/Z (XOR3D1)                                                                    0.08       2.27 f
  implementation/fp_wrapper/result[30] (fp32_normal_finite_wrapper)                                           0.00       2.27 f
  implementation/result[30] (oadm_fixed_div_root_opt_0_19_18_7_3b)                                            0.00       2.27 f
  result[30] (out)                                                                                            0.00       2.27 f
  data arrival time                                                                                                      2.27

  clock vclk (rise edge)                                                                                     10.00      10.00
  clock network delay (ideal)                                                                                 0.00      10.00
  output external delay                                                                                      -0.02       9.98
  data required time                                                                                                     9.98
  ------------------------------------------------------------------------------------------------------------------------------
  data required time                                                                                                     9.98
  data arrival time                                                                                                     -2.27
  ------------------------------------------------------------------------------------------------------------------------------
  slack (MET)                                                                                                            7.71


  Startpoint: x[20] (input port clocked by vclk)
  Endpoint: result[30] (output port clocked by vclk)
  Path Group: vclk
  Path Type: max

  Des/Clust/Port     Wire Load Model       Library
  ------------------------------------------------
  fp32_normal_finite_wrapper ZeroWireload  tcbn65gplustc_ccs
  oadm_fixed_l0_div_r19_w18 ZeroWireload   tcbn65gplustc_ccs
  oadm_fixed_div_root_opt_0_19_18_7_3b ZeroWireload tcbn65gplustc_ccs
  oadm_runtime_plane_pruned_RESIDUAL_DROP19_DW_mult_tc_0 ZeroWireload tcbn65gplustc_ccs
  oadm_runtime_plane_pruned_RESIDUAL_DROP19 ZeroWireload tcbn65gplustc_ccs
  oadm_fixed_div_root_opt_0_19_18_7_3b_DW_mult_uns_0_DW_mult_uns_1 ZeroWireload tcbn65gplustc_ccs

  Point                                                                                                       Incr       Path
  ------------------------------------------------------------------------------------------------------------------------------
  clock vclk (rise edge)                                                                                      0.00       0.00
  clock network delay (ideal)                                                                                 0.00       0.00
  input external delay                                                                                        0.02       0.02 r
  x[20] (in)                                                                                                  0.01       0.03 r
  implementation/x[20] (oadm_fixed_div_root_opt_0_19_18_7_3b)                                                 0.00       0.03 r
  implementation/fp_wrapper/x[20] (fp32_normal_finite_wrapper)                                                0.00       0.03 r
  implementation/fp_wrapper/U89/Z (CKBD1)                                                                     0.05       0.07 r
  implementation/fp_wrapper/fraction_x[20] (fp32_normal_finite_wrapper)                                       0.00       0.07 r
  implementation/plane/x_mantissa[20] (oadm_runtime_plane_pruned_RESIDUAL_DROP19)                             0.00       0.07 r
  implementation/plane/mult_58/a[1] (oadm_runtime_plane_pruned_RESIDUAL_DROP19_DW_mult_tc_0)                  0.00       0.07 r
  implementation/plane/mult_58/U67/ZN (XNR2D0)                                                                0.10       0.18 r
  implementation/plane/mult_58/U66/ZN (OAI211D0)                                                              0.09       0.27 f
  implementation/plane/mult_58/U81/ZN (OAI22D0)                                                               0.07       0.35 r
  implementation/plane/mult_58/U15/S (HA1D0)                                                                  0.07       0.42 f
  implementation/plane/mult_58/U7/CO (FA1D0)                                                                  0.10       0.52 f
  implementation/plane/mult_58/U6/CO (FA1D0)                                                                  0.06       0.58 f
  implementation/plane/mult_58/U5/CO (FA1D0)                                                                  0.06       0.63 f
  implementation/plane/mult_58/U4/CO (FA1D0)                                                                  0.06       0.69 f
  implementation/plane/mult_58/U3/CO (FA1D0)                                                                  0.06       0.74 f
  implementation/plane/mult_58/U2/S (FA1D0)                                                                   0.08       0.82 r
  implementation/plane/mult_58/product[8] (oadm_runtime_plane_pruned_RESIDUAL_DROP19_DW_mult_tc_0)            0.00       0.82 r
  implementation/plane/U35/S (FA1D0)                                                                          0.10       0.92 f
  implementation/plane/U36/CO (FA1D0)                                                                         0.10       1.02 f
  implementation/plane/U26/S (FA1D0)                                                                          0.08       1.10 r
  implementation/plane/plane_exact[24] (oadm_runtime_plane_pruned_RESIDUAL_DROP19)                            0.00       1.10 r
  implementation/mult_219/a[6] (oadm_fixed_div_root_opt_0_19_18_7_3b_DW_mult_uns_0_DW_mult_uns_1)             0.00       1.10 r
  implementation/mult_219/U35/ZN (INVD1)                                                                      0.02       1.12 f
  implementation/mult_219/U20/S (FA1D0)                                                                       0.10       1.22 f
  implementation/mult_219/U9/CO (FA1D0)                                                                       0.10       1.32 f
  implementation/mult_219/U8/CO (FA1D0)                                                                       0.06       1.37 f
  implementation/mult_219/U7/CO (FA1D0)                                                                       0.06       1.43 f
  implementation/mult_219/U6/CO (FA1D0)                                                                       0.06       1.49 f
  implementation/mult_219/U45/ZN (NR2D0)                                                                      0.05       1.55 r
  implementation/mult_219/U43/ZN (CKND2D0)                                                                    0.04       1.58 f
  implementation/mult_219/U42/ZN (XNR2D0)                                                                     0.05       1.63 f
  implementation/mult_219/product[12] (oadm_fixed_div_root_opt_0_19_18_7_3b_DW_mult_uns_0_DW_mult_uns_1)      0.00       1.63 f
  implementation/U29/ZN (INVD1)                                                                               0.05       1.68 r
  implementation/U12/ZN (ND2D1)                                                                               0.07       1.75 f
  implementation/U5/ZN (ND2D1)                                                                                0.09       1.84 r
  implementation/fp_wrapper/exponent_adjust[1] (fp32_normal_finite_wrapper)                                   0.00       1.84 r
  implementation/fp_wrapper/U43/CO (FA1D0)                                                                    0.10       1.94 r
  implementation/fp_wrapper/U44/CO (FA1D0)                                                                    0.05       1.99 r
  implementation/fp_wrapper/U45/CO (FA1D0)                                                                    0.05       2.04 r
  implementation/fp_wrapper/U46/CO (FA1D0)                                                                    0.05       2.09 r
  implementation/fp_wrapper/U47/CO (FA1D0)                                                                    0.05       2.14 r
  implementation/fp_wrapper/U48/CO (FA1D0)                                                                    0.05       2.19 r
  implementation/fp_wrapper/U57/Z (XOR3D1)                                                                    0.08       2.27 f
  implementation/fp_wrapper/result[30] (fp32_normal_finite_wrapper)                                           0.00       2.27 f
  implementation/result[30] (oadm_fixed_div_root_opt_0_19_18_7_3b)                                            0.00       2.27 f
  result[30] (out)                                                                                            0.00       2.27 f
  data arrival time                                                                                                      2.27

  clock vclk (rise edge)                                                                                     10.00      10.00
  clock network delay (ideal)                                                                                 0.00      10.00
  output external delay                                                                                      -0.02       9.98
  data required time                                                                                                     9.98
  ------------------------------------------------------------------------------------------------------------------------------
  data required time                                                                                                     9.98
  data arrival time                                                                                                     -2.27
  ------------------------------------------------------------------------------------------------------------------------------
  slack (MET)                                                                                                            7.71


  Startpoint: x[20] (input port clocked by vclk)
  Endpoint: result[30] (output port clocked by vclk)
  Path Group: vclk
  Path Type: max

  Des/Clust/Port     Wire Load Model       Library
  ------------------------------------------------
  fp32_normal_finite_wrapper ZeroWireload  tcbn65gplustc_ccs
  oadm_fixed_l0_div_r19_w18 ZeroWireload   tcbn65gplustc_ccs
  oadm_fixed_div_root_opt_0_19_18_7_3b ZeroWireload tcbn65gplustc_ccs
  oadm_runtime_plane_pruned_RESIDUAL_DROP19_DW_mult_tc_0 ZeroWireload tcbn65gplustc_ccs
  oadm_runtime_plane_pruned_RESIDUAL_DROP19 ZeroWireload tcbn65gplustc_ccs
  oadm_fixed_div_root_opt_0_19_18_7_3b_DW_mult_uns_0_DW_mult_uns_1 ZeroWireload tcbn65gplustc_ccs

  Point                                                                                                       Incr       Path
  ------------------------------------------------------------------------------------------------------------------------------
  clock vclk (rise edge)                                                                                      0.00       0.00
  clock network delay (ideal)                                                                                 0.00       0.00
  input external delay                                                                                        0.02       0.02 r
  x[20] (in)                                                                                                  0.01       0.03 r
  implementation/x[20] (oadm_fixed_div_root_opt_0_19_18_7_3b)                                                 0.00       0.03 r
  implementation/fp_wrapper/x[20] (fp32_normal_finite_wrapper)                                                0.00       0.03 r
  implementation/fp_wrapper/U89/Z (CKBD1)                                                                     0.05       0.07 r
  implementation/fp_wrapper/fraction_x[20] (fp32_normal_finite_wrapper)                                       0.00       0.07 r
  implementation/plane/x_mantissa[20] (oadm_runtime_plane_pruned_RESIDUAL_DROP19)                             0.00       0.07 r
  implementation/plane/mult_58/a[1] (oadm_runtime_plane_pruned_RESIDUAL_DROP19_DW_mult_tc_0)                  0.00       0.07 r
  implementation/plane/mult_58/U67/ZN (XNR2D0)                                                                0.10       0.18 r
  implementation/plane/mult_58/U66/ZN (OAI211D0)                                                              0.09       0.27 f
  implementation/plane/mult_58/U81/ZN (OAI22D0)                                                               0.07       0.35 r
  implementation/plane/mult_58/U15/S (HA1D0)                                                                  0.07       0.42 f
  implementation/plane/mult_58/U7/CO (FA1D0)                                                                  0.10       0.52 f
  implementation/plane/mult_58/U6/CO (FA1D0)                                                                  0.06       0.58 f
  implementation/plane/mult_58/U5/CO (FA1D0)                                                                  0.06       0.63 f
  implementation/plane/mult_58/U4/CO (FA1D0)                                                                  0.06       0.69 f
  implementation/plane/mult_58/U3/CO (FA1D0)                                                                  0.06       0.74 f
  implementation/plane/mult_58/U2/S (FA1D0)                                                                   0.08       0.82 r
  implementation/plane/mult_58/product[8] (oadm_runtime_plane_pruned_RESIDUAL_DROP19_DW_mult_tc_0)            0.00       0.82 r
  implementation/plane/U35/S (FA1D0)                                                                          0.10       0.92 f
  implementation/plane/U36/CO (FA1D0)                                                                         0.10       1.02 f
  implementation/plane/U26/S (FA1D0)                                                                          0.08       1.10 r
  implementation/plane/plane_exact[24] (oadm_runtime_plane_pruned_RESIDUAL_DROP19)                            0.00       1.10 r
  implementation/mult_219/a[6] (oadm_fixed_div_root_opt_0_19_18_7_3b_DW_mult_uns_0_DW_mult_uns_1)             0.00       1.10 r
  implementation/mult_219/U35/ZN (INVD1)                                                                      0.02       1.12 f
  implementation/mult_219/U20/S (FA1D0)                                                                       0.10       1.22 f
  implementation/mult_219/U9/CO (FA1D0)                                                                       0.10       1.32 f
  implementation/mult_219/U8/CO (FA1D0)                                                                       0.06       1.37 f
  implementation/mult_219/U7/CO (FA1D0)                                                                       0.06       1.43 f
  implementation/mult_219/U6/CO (FA1D0)                                                                       0.06       1.49 f
  implementation/mult_219/U45/ZN (NR2D0)                                                                      0.05       1.55 r
  implementation/mult_219/U43/ZN (CKND2D0)                                                                    0.04       1.58 f
  implementation/mult_219/U42/ZN (XNR2D0)                                                                     0.05       1.63 f
  implementation/mult_219/product[12] (oadm_fixed_div_root_opt_0_19_18_7_3b_DW_mult_uns_0_DW_mult_uns_1)      0.00       1.63 f
  implementation/U29/ZN (INVD1)                                                                               0.05       1.68 r
  implementation/U12/ZN (ND2D1)                                                                               0.07       1.75 f
  implementation/U5/ZN (ND2D1)                                                                                0.09       1.84 r
  implementation/fp_wrapper/exponent_adjust[1] (fp32_normal_finite_wrapper)                                   0.00       1.84 r
  implementation/fp_wrapper/U43/CO (FA1D0)                                                                    0.10       1.94 r
  implementation/fp_wrapper/U44/CO (FA1D0)                                                                    0.05       1.99 r
  implementation/fp_wrapper/U45/CO (FA1D0)                                                                    0.05       2.04 r
  implementation/fp_wrapper/U46/CO (FA1D0)                                                                    0.05       2.09 r
  implementation/fp_wrapper/U47/CO (FA1D0)                                                                    0.05       2.14 r
  implementation/fp_wrapper/U48/CO (FA1D0)                                                                    0.05       2.19 r
  implementation/fp_wrapper/U57/Z (XOR3D1)                                                                    0.08       2.27 f
  implementation/fp_wrapper/result[30] (fp32_normal_finite_wrapper)                                           0.00       2.27 f
  implementation/result[30] (oadm_fixed_div_root_opt_0_19_18_7_3b)                                            0.00       2.27 f
  result[30] (out)                                                                                            0.00       2.27 f
  data arrival time                                                                                                      2.27

  clock vclk (rise edge)                                                                                     10.00      10.00
  clock network delay (ideal)                                                                                 0.00      10.00
  output external delay                                                                                      -0.02       9.98
  data required time                                                                                                     9.98
  ------------------------------------------------------------------------------------------------------------------------------
  data required time                                                                                                     9.98
  data arrival time                                                                                                     -2.27
  ------------------------------------------------------------------------------------------------------------------------------
  slack (MET)                                                                                                            7.71


  Startpoint: x[20] (input port clocked by vclk)
  Endpoint: result[30] (output port clocked by vclk)
  Path Group: vclk
  Path Type: max

  Des/Clust/Port     Wire Load Model       Library
  ------------------------------------------------
  fp32_normal_finite_wrapper ZeroWireload  tcbn65gplustc_ccs
  oadm_fixed_l0_div_r19_w18 ZeroWireload   tcbn65gplustc_ccs
  oadm_fixed_div_root_opt_0_19_18_7_3b ZeroWireload tcbn65gplustc_ccs
  oadm_runtime_plane_pruned_RESIDUAL_DROP19_DW_mult_tc_0 ZeroWireload tcbn65gplustc_ccs
  oadm_runtime_plane_pruned_RESIDUAL_DROP19 ZeroWireload tcbn65gplustc_ccs
  oadm_fixed_div_root_opt_0_19_18_7_3b_DW_mult_uns_0_DW_mult_uns_1 ZeroWireload tcbn65gplustc_ccs

  Point                                                                                                       Incr       Path
  ------------------------------------------------------------------------------------------------------------------------------
  clock vclk (rise edge)                                                                                      0.00       0.00
  clock network delay (ideal)                                                                                 0.00       0.00
  input external delay                                                                                        0.02       0.02 r
  x[20] (in)                                                                                                  0.01       0.03 r
  implementation/x[20] (oadm_fixed_div_root_opt_0_19_18_7_3b)                                                 0.00       0.03 r
  implementation/fp_wrapper/x[20] (fp32_normal_finite_wrapper)                                                0.00       0.03 r
  implementation/fp_wrapper/U89/Z (CKBD1)                                                                     0.05       0.07 r
  implementation/fp_wrapper/fraction_x[20] (fp32_normal_finite_wrapper)                                       0.00       0.07 r
  implementation/plane/x_mantissa[20] (oadm_runtime_plane_pruned_RESIDUAL_DROP19)                             0.00       0.07 r
  implementation/plane/mult_58/a[1] (oadm_runtime_plane_pruned_RESIDUAL_DROP19_DW_mult_tc_0)                  0.00       0.07 r
  implementation/plane/mult_58/U67/ZN (XNR2D0)                                                                0.10       0.18 r
  implementation/plane/mult_58/U66/ZN (OAI211D0)                                                              0.09       0.27 f
  implementation/plane/mult_58/U81/ZN (OAI22D0)                                                               0.07       0.35 r
  implementation/plane/mult_58/U15/S (HA1D0)                                                                  0.07       0.42 f
  implementation/plane/mult_58/U7/CO (FA1D0)                                                                  0.10       0.52 f
  implementation/plane/mult_58/U6/CO (FA1D0)                                                                  0.06       0.58 f
  implementation/plane/mult_58/U5/CO (FA1D0)                                                                  0.06       0.63 f
  implementation/plane/mult_58/U4/CO (FA1D0)                                                                  0.06       0.69 f
  implementation/plane/mult_58/U3/CO (FA1D0)                                                                  0.06       0.74 f
  implementation/plane/mult_58/U2/S (FA1D0)                                                                   0.08       0.82 r
  implementation/plane/mult_58/product[8] (oadm_runtime_plane_pruned_RESIDUAL_DROP19_DW_mult_tc_0)            0.00       0.82 r
  implementation/plane/U35/S (FA1D0)                                                                          0.10       0.92 f
  implementation/plane/U36/CO (FA1D0)                                                                         0.10       1.02 f
  implementation/plane/U26/S (FA1D0)                                                                          0.08       1.10 r
  implementation/plane/plane_exact[24] (oadm_runtime_plane_pruned_RESIDUAL_DROP19)                            0.00       1.10 r
  implementation/mult_219/a[6] (oadm_fixed_div_root_opt_0_19_18_7_3b_DW_mult_uns_0_DW_mult_uns_1)             0.00       1.10 r
  implementation/mult_219/U35/ZN (INVD1)                                                                      0.02       1.12 f
  implementation/mult_219/U20/S (FA1D0)                                                                       0.10       1.22 f
  implementation/mult_219/U9/CO (FA1D0)                                                                       0.10       1.32 f
  implementation/mult_219/U8/CO (FA1D0)                                                                       0.06       1.37 f
  implementation/mult_219/U7/CO (FA1D0)                                                                       0.06       1.43 f
  implementation/mult_219/U6/CO (FA1D0)                                                                       0.06       1.49 f
  implementation/mult_219/U45/ZN (NR2D0)                                                                      0.05       1.55 r
  implementation/mult_219/U43/ZN (CKND2D0)                                                                    0.04       1.58 f
  implementation/mult_219/U42/ZN (XNR2D0)                                                                     0.05       1.63 f
  implementation/mult_219/product[12] (oadm_fixed_div_root_opt_0_19_18_7_3b_DW_mult_uns_0_DW_mult_uns_1)      0.00       1.63 f
  implementation/U29/ZN (INVD1)                                                                               0.05       1.68 r
  implementation/U12/ZN (ND2D1)                                                                               0.07       1.75 f
  implementation/U5/ZN (ND2D1)                                                                                0.09       1.84 r
  implementation/fp_wrapper/exponent_adjust[1] (fp32_normal_finite_wrapper)                                   0.00       1.84 r
  implementation/fp_wrapper/U43/CO (FA1D0)                                                                    0.10       1.94 r
  implementation/fp_wrapper/U44/CO (FA1D0)                                                                    0.05       1.99 r
  implementation/fp_wrapper/U45/CO (FA1D0)                                                                    0.05       2.04 r
  implementation/fp_wrapper/U46/CO (FA1D0)                                                                    0.05       2.09 r
  implementation/fp_wrapper/U47/CO (FA1D0)                                                                    0.05       2.14 r
  implementation/fp_wrapper/U48/CO (FA1D0)                                                                    0.05       2.19 r
  implementation/fp_wrapper/U57/Z (XOR3D1)                                                                    0.08       2.27 f
  implementation/fp_wrapper/result[30] (fp32_normal_finite_wrapper)                                           0.00       2.27 f
  implementation/result[30] (oadm_fixed_div_root_opt_0_19_18_7_3b)                                            0.00       2.27 f
  result[30] (out)                                                                                            0.00       2.27 f
  data arrival time                                                                                                      2.27

  clock vclk (rise edge)                                                                                     10.00      10.00
  clock network delay (ideal)                                                                                 0.00      10.00
  output external delay                                                                                      -0.02       9.98
  data required time                                                                                                     9.98
  ------------------------------------------------------------------------------------------------------------------------------
  data required time                                                                                                     9.98
  data arrival time                                                                                                     -2.27
  ------------------------------------------------------------------------------------------------------------------------------
  slack (MET)                                                                                                            7.71


  Startpoint: x[20] (input port clocked by vclk)
  Endpoint: result[30] (output port clocked by vclk)
  Path Group: vclk
  Path Type: max

  Des/Clust/Port     Wire Load Model       Library
  ------------------------------------------------
  fp32_normal_finite_wrapper ZeroWireload  tcbn65gplustc_ccs
  oadm_fixed_l0_div_r19_w18 ZeroWireload   tcbn65gplustc_ccs
  oadm_fixed_div_root_opt_0_19_18_7_3b ZeroWireload tcbn65gplustc_ccs
  oadm_runtime_plane_pruned_RESIDUAL_DROP19_DW_mult_tc_0 ZeroWireload tcbn65gplustc_ccs
  oadm_runtime_plane_pruned_RESIDUAL_DROP19 ZeroWireload tcbn65gplustc_ccs
  oadm_fixed_div_root_opt_0_19_18_7_3b_DW_mult_uns_0_DW_mult_uns_1 ZeroWireload tcbn65gplustc_ccs

  Point                                                                                                       Incr       Path
  ------------------------------------------------------------------------------------------------------------------------------
  clock vclk (rise edge)                                                                                      0.00       0.00
  clock network delay (ideal)                                                                                 0.00       0.00
  input external delay                                                                                        0.02       0.02 r
  x[20] (in)                                                                                                  0.01       0.03 r
  implementation/x[20] (oadm_fixed_div_root_opt_0_19_18_7_3b)                                                 0.00       0.03 r
  implementation/fp_wrapper/x[20] (fp32_normal_finite_wrapper)                                                0.00       0.03 r
  implementation/fp_wrapper/U89/Z (CKBD1)                                                                     0.05       0.07 r
  implementation/fp_wrapper/fraction_x[20] (fp32_normal_finite_wrapper)                                       0.00       0.07 r
  implementation/plane/x_mantissa[20] (oadm_runtime_plane_pruned_RESIDUAL_DROP19)                             0.00       0.07 r
  implementation/plane/mult_58/a[1] (oadm_runtime_plane_pruned_RESIDUAL_DROP19_DW_mult_tc_0)                  0.00       0.07 r
  implementation/plane/mult_58/U67/ZN (XNR2D0)                                                                0.10       0.18 r
  implementation/plane/mult_58/U66/ZN (OAI211D0)                                                              0.09       0.27 f
  implementation/plane/mult_58/U81/ZN (OAI22D0)                                                               0.07       0.35 r
  implementation/plane/mult_58/U15/S (HA1D0)                                                                  0.07       0.42 f
  implementation/plane/mult_58/U7/CO (FA1D0)                                                                  0.10       0.52 f
  implementation/plane/mult_58/U6/CO (FA1D0)                                                                  0.06       0.58 f
  implementation/plane/mult_58/U5/CO (FA1D0)                                                                  0.06       0.63 f
  implementation/plane/mult_58/U4/CO (FA1D0)                                                                  0.06       0.69 f
  implementation/plane/mult_58/U3/CO (FA1D0)                                                                  0.06       0.74 f
  implementation/plane/mult_58/U2/S (FA1D0)                                                                   0.08       0.82 r
  implementation/plane/mult_58/product[8] (oadm_runtime_plane_pruned_RESIDUAL_DROP19_DW_mult_tc_0)            0.00       0.82 r
  implementation/plane/U35/S (FA1D0)                                                                          0.10       0.92 f
  implementation/plane/U36/CO (FA1D0)                                                                         0.10       1.02 f
  implementation/plane/U26/S (FA1D0)                                                                          0.08       1.10 r
  implementation/plane/plane_exact[24] (oadm_runtime_plane_pruned_RESIDUAL_DROP19)                            0.00       1.10 r
  implementation/mult_219/a[6] (oadm_fixed_div_root_opt_0_19_18_7_3b_DW_mult_uns_0_DW_mult_uns_1)             0.00       1.10 r
  implementation/mult_219/U35/ZN (INVD1)                                                                      0.02       1.12 f
  implementation/mult_219/U20/S (FA1D0)                                                                       0.10       1.22 f
  implementation/mult_219/U9/CO (FA1D0)                                                                       0.10       1.32 f
  implementation/mult_219/U8/CO (FA1D0)                                                                       0.06       1.37 f
  implementation/mult_219/U7/CO (FA1D0)                                                                       0.06       1.43 f
  implementation/mult_219/U6/CO (FA1D0)                                                                       0.06       1.49 f
  implementation/mult_219/U45/ZN (NR2D0)                                                                      0.05       1.55 r
  implementation/mult_219/U43/ZN (CKND2D0)                                                                    0.04       1.58 f
  implementation/mult_219/U42/ZN (XNR2D0)                                                                     0.05       1.63 f
  implementation/mult_219/product[12] (oadm_fixed_div_root_opt_0_19_18_7_3b_DW_mult_uns_0_DW_mult_uns_1)      0.00       1.63 f
  implementation/U29/ZN (INVD1)                                                                               0.05       1.68 r
  implementation/U12/ZN (ND2D1)                                                                               0.07       1.75 f
  implementation/U5/ZN (ND2D1)                                                                                0.09       1.84 r
  implementation/fp_wrapper/exponent_adjust[1] (fp32_normal_finite_wrapper)                                   0.00       1.84 r
  implementation/fp_wrapper/U43/CO (FA1D0)                                                                    0.10       1.94 r
  implementation/fp_wrapper/U44/CO (FA1D0)                                                                    0.05       1.99 r
  implementation/fp_wrapper/U45/CO (FA1D0)                                                                    0.05       2.04 r
  implementation/fp_wrapper/U46/CO (FA1D0)                                                                    0.05       2.09 r
  implementation/fp_wrapper/U47/CO (FA1D0)                                                                    0.05       2.14 r
  implementation/fp_wrapper/U48/CO (FA1D0)                                                                    0.05       2.19 r
  implementation/fp_wrapper/U57/Z (XOR3D1)                                                                    0.08       2.27 f
  implementation/fp_wrapper/result[30] (fp32_normal_finite_wrapper)                                           0.00       2.27 f
  implementation/result[30] (oadm_fixed_div_root_opt_0_19_18_7_3b)                                            0.00       2.27 f
  result[30] (out)                                                                                            0.00       2.27 f
  data arrival time                                                                                                      2.27

  clock vclk (rise edge)                                                                                     10.00      10.00
  clock network delay (ideal)                                                                                 0.00      10.00
  output external delay                                                                                      -0.02       9.98
  data required time                                                                                                     9.98
  ------------------------------------------------------------------------------------------------------------------------------
  data required time                                                                                                     9.98
  data arrival time                                                                                                     -2.27
  ------------------------------------------------------------------------------------------------------------------------------
  slack (MET)                                                                                                            7.71


  Startpoint: x[20] (input port clocked by vclk)
  Endpoint: result[30] (output port clocked by vclk)
  Path Group: vclk
  Path Type: max

  Des/Clust/Port     Wire Load Model       Library
  ------------------------------------------------
  fp32_normal_finite_wrapper ZeroWireload  tcbn65gplustc_ccs
  oadm_fixed_l0_div_r19_w18 ZeroWireload   tcbn65gplustc_ccs
  oadm_fixed_div_root_opt_0_19_18_7_3b ZeroWireload tcbn65gplustc_ccs
  oadm_runtime_plane_pruned_RESIDUAL_DROP19_DW_mult_tc_0 ZeroWireload tcbn65gplustc_ccs
  oadm_runtime_plane_pruned_RESIDUAL_DROP19 ZeroWireload tcbn65gplustc_ccs
  oadm_fixed_div_root_opt_0_19_18_7_3b_DW_mult_uns_0_DW_mult_uns_1 ZeroWireload tcbn65gplustc_ccs

  Point                                                                                                       Incr       Path
  ------------------------------------------------------------------------------------------------------------------------------
  clock vclk (rise edge)                                                                                      0.00       0.00
  clock network delay (ideal)                                                                                 0.00       0.00
  input external delay                                                                                        0.02       0.02 r
  x[20] (in)                                                                                                  0.01       0.03 r
  implementation/x[20] (oadm_fixed_div_root_opt_0_19_18_7_3b)                                                 0.00       0.03 r
  implementation/fp_wrapper/x[20] (fp32_normal_finite_wrapper)                                                0.00       0.03 r
  implementation/fp_wrapper/U89/Z (CKBD1)                                                                     0.05       0.07 r
  implementation/fp_wrapper/fraction_x[20] (fp32_normal_finite_wrapper)                                       0.00       0.07 r
  implementation/plane/x_mantissa[20] (oadm_runtime_plane_pruned_RESIDUAL_DROP19)                             0.00       0.07 r
  implementation/plane/mult_58/a[1] (oadm_runtime_plane_pruned_RESIDUAL_DROP19_DW_mult_tc_0)                  0.00       0.07 r
  implementation/plane/mult_58/U67/ZN (XNR2D0)                                                                0.10       0.18 r
  implementation/plane/mult_58/U66/ZN (OAI211D0)                                                              0.09       0.27 f
  implementation/plane/mult_58/U81/ZN (OAI22D0)                                                               0.07       0.35 r
  implementation/plane/mult_58/U15/S (HA1D0)                                                                  0.07       0.42 f
  implementation/plane/mult_58/U7/CO (FA1D0)                                                                  0.10       0.52 f
  implementation/plane/mult_58/U6/CO (FA1D0)                                                                  0.06       0.58 f
  implementation/plane/mult_58/U5/CO (FA1D0)                                                                  0.06       0.63 f
  implementation/plane/mult_58/U4/CO (FA1D0)                                                                  0.06       0.69 f
  implementation/plane/mult_58/U3/CO (FA1D0)                                                                  0.06       0.74 f
  implementation/plane/mult_58/U2/S (FA1D0)                                                                   0.08       0.82 r
  implementation/plane/mult_58/product[8] (oadm_runtime_plane_pruned_RESIDUAL_DROP19_DW_mult_tc_0)            0.00       0.82 r
  implementation/plane/U35/S (FA1D0)                                                                          0.10       0.92 f
  implementation/plane/U36/CO (FA1D0)                                                                         0.10       1.02 f
  implementation/plane/U26/S (FA1D0)                                                                          0.08       1.10 r
  implementation/plane/plane_exact[24] (oadm_runtime_plane_pruned_RESIDUAL_DROP19)                            0.00       1.10 r
  implementation/mult_219/a[6] (oadm_fixed_div_root_opt_0_19_18_7_3b_DW_mult_uns_0_DW_mult_uns_1)             0.00       1.10 r
  implementation/mult_219/U35/ZN (INVD1)                                                                      0.02       1.12 f
  implementation/mult_219/U20/S (FA1D0)                                                                       0.10       1.22 f
  implementation/mult_219/U9/CO (FA1D0)                                                                       0.10       1.32 f
  implementation/mult_219/U8/CO (FA1D0)                                                                       0.06       1.37 f
  implementation/mult_219/U7/CO (FA1D0)                                                                       0.06       1.43 f
  implementation/mult_219/U6/CO (FA1D0)                                                                       0.06       1.49 f
  implementation/mult_219/U45/ZN (NR2D0)                                                                      0.05       1.55 r
  implementation/mult_219/U43/ZN (CKND2D0)                                                                    0.04       1.58 f
  implementation/mult_219/U42/ZN (XNR2D0)                                                                     0.05       1.63 f
  implementation/mult_219/product[12] (oadm_fixed_div_root_opt_0_19_18_7_3b_DW_mult_uns_0_DW_mult_uns_1)      0.00       1.63 f
  implementation/U29/ZN (INVD1)                                                                               0.05       1.68 r
  implementation/U12/ZN (ND2D1)                                                                               0.07       1.75 f
  implementation/U5/ZN (ND2D1)                                                                                0.09       1.84 r
  implementation/fp_wrapper/exponent_adjust[1] (fp32_normal_finite_wrapper)                                   0.00       1.84 r
  implementation/fp_wrapper/U43/CO (FA1D0)                                                                    0.10       1.94 r
  implementation/fp_wrapper/U44/CO (FA1D0)                                                                    0.05       1.99 r
  implementation/fp_wrapper/U45/CO (FA1D0)                                                                    0.05       2.04 r
  implementation/fp_wrapper/U46/CO (FA1D0)                                                                    0.05       2.09 r
  implementation/fp_wrapper/U47/CO (FA1D0)                                                                    0.05       2.14 r
  implementation/fp_wrapper/U48/CO (FA1D0)                                                                    0.05       2.19 r
  implementation/fp_wrapper/U57/Z (XOR3D1)                                                                    0.08       2.27 f
  implementation/fp_wrapper/result[30] (fp32_normal_finite_wrapper)                                           0.00       2.27 f
  implementation/result[30] (oadm_fixed_div_root_opt_0_19_18_7_3b)                                            0.00       2.27 f
  result[30] (out)                                                                                            0.00       2.27 f
  data arrival time                                                                                                      2.27

  clock vclk (rise edge)                                                                                     10.00      10.00
  clock network delay (ideal)                                                                                 0.00      10.00
  output external delay                                                                                      -0.02       9.98
  data required time                                                                                                     9.98
  ------------------------------------------------------------------------------------------------------------------------------
  data required time                                                                                                     9.98
  data arrival time                                                                                                     -2.27
  ------------------------------------------------------------------------------------------------------------------------------
  slack (MET)                                                                                                            7.71


  Startpoint: x[20] (input port clocked by vclk)
  Endpoint: result[30] (output port clocked by vclk)
  Path Group: vclk
  Path Type: max

  Des/Clust/Port     Wire Load Model       Library
  ------------------------------------------------
  fp32_normal_finite_wrapper ZeroWireload  tcbn65gplustc_ccs
  oadm_fixed_l0_div_r19_w18 ZeroWireload   tcbn65gplustc_ccs
  oadm_fixed_div_root_opt_0_19_18_7_3b ZeroWireload tcbn65gplustc_ccs
  oadm_runtime_plane_pruned_RESIDUAL_DROP19_DW_mult_tc_0 ZeroWireload tcbn65gplustc_ccs
  oadm_runtime_plane_pruned_RESIDUAL_DROP19 ZeroWireload tcbn65gplustc_ccs
  oadm_fixed_div_root_opt_0_19_18_7_3b_DW_mult_uns_0_DW_mult_uns_1 ZeroWireload tcbn65gplustc_ccs

  Point                                                                                                       Incr       Path
  ------------------------------------------------------------------------------------------------------------------------------
  clock vclk (rise edge)                                                                                      0.00       0.00
  clock network delay (ideal)                                                                                 0.00       0.00
  input external delay                                                                                        0.02       0.02 r
  x[20] (in)                                                                                                  0.01       0.03 r
  implementation/x[20] (oadm_fixed_div_root_opt_0_19_18_7_3b)                                                 0.00       0.03 r
  implementation/fp_wrapper/x[20] (fp32_normal_finite_wrapper)                                                0.00       0.03 r
  implementation/fp_wrapper/U89/Z (CKBD1)                                                                     0.05       0.07 r
  implementation/fp_wrapper/fraction_x[20] (fp32_normal_finite_wrapper)                                       0.00       0.07 r
  implementation/plane/x_mantissa[20] (oadm_runtime_plane_pruned_RESIDUAL_DROP19)                             0.00       0.07 r
  implementation/plane/mult_58/a[1] (oadm_runtime_plane_pruned_RESIDUAL_DROP19_DW_mult_tc_0)                  0.00       0.07 r
  implementation/plane/mult_58/U67/ZN (XNR2D0)                                                                0.10       0.18 r
  implementation/plane/mult_58/U66/ZN (OAI211D0)                                                              0.09       0.27 f
  implementation/plane/mult_58/U81/ZN (OAI22D0)                                                               0.07       0.35 r
  implementation/plane/mult_58/U15/S (HA1D0)                                                                  0.07       0.42 f
  implementation/plane/mult_58/U7/CO (FA1D0)                                                                  0.10       0.52 f
  implementation/plane/mult_58/U6/CO (FA1D0)                                                                  0.06       0.58 f
  implementation/plane/mult_58/U5/CO (FA1D0)                                                                  0.06       0.63 f
  implementation/plane/mult_58/U4/CO (FA1D0)                                                                  0.06       0.69 f
  implementation/plane/mult_58/U3/CO (FA1D0)                                                                  0.06       0.74 f
  implementation/plane/mult_58/U2/S (FA1D0)                                                                   0.08       0.82 r
  implementation/plane/mult_58/product[8] (oadm_runtime_plane_pruned_RESIDUAL_DROP19_DW_mult_tc_0)            0.00       0.82 r
  implementation/plane/U35/S (FA1D0)                                                                          0.10       0.92 f
  implementation/plane/U36/CO (FA1D0)                                                                         0.10       1.02 f
  implementation/plane/U26/S (FA1D0)                                                                          0.08       1.10 r
  implementation/plane/plane_exact[24] (oadm_runtime_plane_pruned_RESIDUAL_DROP19)                            0.00       1.10 r
  implementation/mult_219/a[6] (oadm_fixed_div_root_opt_0_19_18_7_3b_DW_mult_uns_0_DW_mult_uns_1)             0.00       1.10 r
  implementation/mult_219/U35/ZN (INVD1)                                                                      0.02       1.12 f
  implementation/mult_219/U20/S (FA1D0)                                                                       0.10       1.22 f
  implementation/mult_219/U9/CO (FA1D0)                                                                       0.10       1.32 f
  implementation/mult_219/U8/CO (FA1D0)                                                                       0.06       1.37 f
  implementation/mult_219/U7/CO (FA1D0)                                                                       0.06       1.43 f
  implementation/mult_219/U6/CO (FA1D0)                                                                       0.06       1.49 f
  implementation/mult_219/U45/ZN (NR2D0)                                                                      0.05       1.55 r
  implementation/mult_219/U43/ZN (CKND2D0)                                                                    0.04       1.58 f
  implementation/mult_219/U42/ZN (XNR2D0)                                                                     0.05       1.63 f
  implementation/mult_219/product[12] (oadm_fixed_div_root_opt_0_19_18_7_3b_DW_mult_uns_0_DW_mult_uns_1)      0.00       1.63 f
  implementation/U29/ZN (INVD1)                                                                               0.05       1.68 r
  implementation/U12/ZN (ND2D1)                                                                               0.07       1.75 f
  implementation/U5/ZN (ND2D1)                                                                                0.09       1.84 r
  implementation/fp_wrapper/exponent_adjust[1] (fp32_normal_finite_wrapper)                                   0.00       1.84 r
  implementation/fp_wrapper/U43/CO (FA1D0)                                                                    0.10       1.94 r
  implementation/fp_wrapper/U44/CO (FA1D0)                                                                    0.05       1.99 r
  implementation/fp_wrapper/U45/CO (FA1D0)                                                                    0.05       2.04 r
  implementation/fp_wrapper/U46/CO (FA1D0)                                                                    0.05       2.09 r
  implementation/fp_wrapper/U47/CO (FA1D0)                                                                    0.05       2.14 r
  implementation/fp_wrapper/U48/CO (FA1D0)                                                                    0.05       2.19 r
  implementation/fp_wrapper/U57/Z (XOR3D1)                                                                    0.08       2.27 f
  implementation/fp_wrapper/result[30] (fp32_normal_finite_wrapper)                                           0.00       2.27 f
  implementation/result[30] (oadm_fixed_div_root_opt_0_19_18_7_3b)                                            0.00       2.27 f
  result[30] (out)                                                                                            0.00       2.27 f
  data arrival time                                                                                                      2.27

  clock vclk (rise edge)                                                                                     10.00      10.00
  clock network delay (ideal)                                                                                 0.00      10.00
  output external delay                                                                                      -0.02       9.98
  data required time                                                                                                     9.98
  ------------------------------------------------------------------------------------------------------------------------------
  data required time                                                                                                     9.98
  data arrival time                                                                                                     -2.27
  ------------------------------------------------------------------------------------------------------------------------------
  slack (MET)                                                                                                            7.71


  Startpoint: x[20] (input port clocked by vclk)
  Endpoint: result[30] (output port clocked by vclk)
  Path Group: vclk
  Path Type: max

  Des/Clust/Port     Wire Load Model       Library
  ------------------------------------------------
  fp32_normal_finite_wrapper ZeroWireload  tcbn65gplustc_ccs
  oadm_fixed_l0_div_r19_w18 ZeroWireload   tcbn65gplustc_ccs
  oadm_fixed_div_root_opt_0_19_18_7_3b ZeroWireload tcbn65gplustc_ccs
  oadm_runtime_plane_pruned_RESIDUAL_DROP19_DW_mult_tc_0 ZeroWireload tcbn65gplustc_ccs
  oadm_runtime_plane_pruned_RESIDUAL_DROP19 ZeroWireload tcbn65gplustc_ccs
  oadm_fixed_div_root_opt_0_19_18_7_3b_DW_mult_uns_0_DW_mult_uns_1 ZeroWireload tcbn65gplustc_ccs

  Point                                                                                                       Incr       Path
  ------------------------------------------------------------------------------------------------------------------------------
  clock vclk (rise edge)                                                                                      0.00       0.00
  clock network delay (ideal)                                                                                 0.00       0.00
  input external delay                                                                                        0.02       0.02 r
  x[20] (in)                                                                                                  0.01       0.03 r
  implementation/x[20] (oadm_fixed_div_root_opt_0_19_18_7_3b)                                                 0.00       0.03 r
  implementation/fp_wrapper/x[20] (fp32_normal_finite_wrapper)                                                0.00       0.03 r
  implementation/fp_wrapper/U89/Z (CKBD1)                                                                     0.05       0.07 r
  implementation/fp_wrapper/fraction_x[20] (fp32_normal_finite_wrapper)                                       0.00       0.07 r
  implementation/plane/x_mantissa[20] (oadm_runtime_plane_pruned_RESIDUAL_DROP19)                             0.00       0.07 r
  implementation/plane/mult_58/a[1] (oadm_runtime_plane_pruned_RESIDUAL_DROP19_DW_mult_tc_0)                  0.00       0.07 r
  implementation/plane/mult_58/U67/ZN (XNR2D0)                                                                0.10       0.18 r
  implementation/plane/mult_58/U66/ZN (OAI211D0)                                                              0.09       0.27 f
  implementation/plane/mult_58/U81/ZN (OAI22D0)                                                               0.07       0.35 r
  implementation/plane/mult_58/U15/S (HA1D0)                                                                  0.07       0.42 f
  implementation/plane/mult_58/U7/CO (FA1D0)                                                                  0.10       0.52 f
  implementation/plane/mult_58/U6/CO (FA1D0)                                                                  0.06       0.58 f
  implementation/plane/mult_58/U5/CO (FA1D0)                                                                  0.06       0.63 f
  implementation/plane/mult_58/U4/CO (FA1D0)                                                                  0.06       0.69 f
  implementation/plane/mult_58/U3/S (FA1D0)                                                                   0.08       0.76 r
  implementation/plane/mult_58/product[7] (oadm_runtime_plane_pruned_RESIDUAL_DROP19_DW_mult_tc_0)            0.00       0.76 r
  implementation/plane/U38/S (FA1D0)                                                                          0.10       0.86 f
  implementation/plane/U40/CO (FA1D0)                                                                         0.10       0.96 f
  implementation/plane/U36/CO (FA1D0)                                                                         0.06       1.02 f
  implementation/plane/U26/S (FA1D0)                                                                          0.08       1.10 r
  implementation/plane/plane_exact[24] (oadm_runtime_plane_pruned_RESIDUAL_DROP19)                            0.00       1.10 r
  implementation/mult_219/a[6] (oadm_fixed_div_root_opt_0_19_18_7_3b_DW_mult_uns_0_DW_mult_uns_1)             0.00       1.10 r
  implementation/mult_219/U35/ZN (INVD1)                                                                      0.02       1.12 f
  implementation/mult_219/U20/S (FA1D0)                                                                       0.10       1.22 f
  implementation/mult_219/U9/CO (FA1D0)                                                                       0.10       1.32 f
  implementation/mult_219/U8/CO (FA1D0)                                                                       0.06       1.37 f
  implementation/mult_219/U7/CO (FA1D0)                                                                       0.06       1.43 f
  implementation/mult_219/U6/CO (FA1D0)                                                                       0.06       1.49 f
  implementation/mult_219/U45/ZN (NR2D0)                                                                      0.05       1.55 r
  implementation/mult_219/U43/ZN (CKND2D0)                                                                    0.04       1.58 f
  implementation/mult_219/U42/ZN (XNR2D0)                                                                     0.05       1.63 f
  implementation/mult_219/product[12] (oadm_fixed_div_root_opt_0_19_18_7_3b_DW_mult_uns_0_DW_mult_uns_1)      0.00       1.63 f
  implementation/U29/ZN (INVD1)                                                                               0.05       1.68 r
  implementation/U12/ZN (ND2D1)                                                                               0.07       1.75 f
  implementation/U5/ZN (ND2D1)                                                                                0.09       1.84 r
  implementation/fp_wrapper/exponent_adjust[1] (fp32_normal_finite_wrapper)                                   0.00       1.84 r
  implementation/fp_wrapper/U43/CO (FA1D0)                                                                    0.10       1.94 r
  implementation/fp_wrapper/U44/CO (FA1D0)                                                                    0.05       1.99 r
  implementation/fp_wrapper/U45/CO (FA1D0)                                                                    0.05       2.04 r
  implementation/fp_wrapper/U46/CO (FA1D0)                                                                    0.05       2.09 r
  implementation/fp_wrapper/U47/CO (FA1D0)                                                                    0.05       2.14 r
  implementation/fp_wrapper/U48/CO (FA1D0)                                                                    0.05       2.19 r
  implementation/fp_wrapper/U57/Z (XOR3D1)                                                                    0.08       2.27 f
  implementation/fp_wrapper/result[30] (fp32_normal_finite_wrapper)                                           0.00       2.27 f
  implementation/result[30] (oadm_fixed_div_root_opt_0_19_18_7_3b)                                            0.00       2.27 f
  result[30] (out)                                                                                            0.00       2.27 f
  data arrival time                                                                                                      2.27

  clock vclk (rise edge)                                                                                     10.00      10.00
  clock network delay (ideal)                                                                                 0.00      10.00
  output external delay                                                                                      -0.02       9.98
  data required time                                                                                                     9.98
  ------------------------------------------------------------------------------------------------------------------------------
  data required time                                                                                                     9.98
  data arrival time                                                                                                     -2.27
  ------------------------------------------------------------------------------------------------------------------------------
  slack (MET)                                                                                                            7.71


1
