****************************************
Report : timing
	-path_type full
	-delay_type max
	-input_pins
	-nets
	-slack_lesser_than 1000.00000
	-max_paths 3
	-sort_by slack
Design : oadm_fixed_l3_divmul_unshared
Version: U-2022.12-SP5
Date   : Sat Sep  5 23:03:12 2026
****************************************


  Startpoint: y[20] (input port clocked by vclk)
  Endpoint: result[30] (output port clocked by vclk)
  Path Group: vclk
  Path Type: max

  Point                                      Fanout       Incr       Path
  ------------------------------------------------------------------------------
  clock vclk (rise edge)                               0.00000    0.00000
  clock network delay (ideal)                          0.00000    0.00000
  input external delay                                 0.02000    0.02000 r
  y[20] (in)                                           0.00773    0.02773 r
  y[20] (net)                                   1 
  implementation/fp_wrapper/U63/I (CKBD1)              0.00000    0.02773 r
  implementation/fp_wrapper/U63/Z (CKBD1)              0.17636    0.20409 r
  implementation/fp_wrapper/fraction_y[20] (net)
                                               32 
  implementation/mul_plane/mult_33/U130/A2 (XNR2D0)    0.00000    0.20409 r
  implementation/mul_plane/mult_33/U130/ZN (XNR2D0)    0.16034    0.36443 r
  implementation/mul_plane/mult_33/n182 (net)
                                               13 
  implementation/mul_plane/mult_33/U129/C (OAI211D0)   0.00000    0.36443 r
  implementation/mul_plane/mult_33/U129/ZN (OAI211D0)  0.13171    0.49614 f
  implementation/mul_plane/mult_33/n184 (net)
                                               11 
  implementation/mul_plane/mult_33/U147/A2 (OAI22D0)   0.00000    0.49614 f
  implementation/mul_plane/mult_33/U147/ZN (OAI22D0)   0.08645    0.58259 r
  implementation/mul_plane/mult_33/n60 (net)    1 
  implementation/mul_plane/mult_33/U28/A (HA1D0)       0.00000    0.58259 r
  implementation/mul_plane/mult_33/U28/S (HA1D0)       0.07369    0.65629 f
  implementation/mul_plane/mult_33/n39 (net)    1 
  implementation/mul_plane/mult_33/U13/A (FA1D0)       0.00000    0.65629 f
  implementation/mul_plane/mult_33/U13/CO (FA1D0)      0.10103    0.75732 f
  implementation/mul_plane/mult_33/n12 (net)    1 
  implementation/mul_plane/mult_33/U12/CI (FA1D0)      0.00000    0.75732 f
  implementation/mul_plane/mult_33/U12/CO (FA1D0)      0.05524    0.81256 f
  implementation/mul_plane/mult_33/n11 (net)    1 
  implementation/mul_plane/mult_33/U11/CI (FA1D0)      0.00000    0.81256 f
  implementation/mul_plane/mult_33/U11/CO (FA1D0)      0.05524    0.86781 f
  implementation/mul_plane/mult_33/n10 (net)    1 
  implementation/mul_plane/mult_33/U10/CI (FA1D0)      0.00000    0.86781 f
  implementation/mul_plane/mult_33/U10/CO (FA1D0)      0.05524    0.92305 f
  implementation/mul_plane/mult_33/n9 (net)     1 
  implementation/mul_plane/mult_33/U9/CI (FA1D0)       0.00000    0.92305 f
  implementation/mul_plane/mult_33/U9/CO (FA1D0)       0.05524    0.97830 f
  implementation/mul_plane/mult_33/n8 (net)     1 
  implementation/mul_plane/mult_33/U8/CI (FA1D0)       0.00000    0.97830 f
  implementation/mul_plane/mult_33/U8/CO (FA1D0)       0.05524    1.03354 f
  implementation/mul_plane/mult_33/n7 (net)     1 
  implementation/mul_plane/mult_33/U7/CI (FA1D0)       0.00000    1.03354 f
  implementation/mul_plane/mult_33/U7/CO (FA1D0)       0.05524    1.08878 f
  implementation/mul_plane/mult_33/n6 (net)     1 
  implementation/mul_plane/mult_33/U6/CI (FA1D0)       0.00000    1.08878 f
  implementation/mul_plane/mult_33/U6/CO (FA1D0)       0.05524    1.14403 f
  implementation/mul_plane/mult_33/n5 (net)     1 
  implementation/mul_plane/mult_33/U5/CI (FA1D0)       0.00000    1.14403 f
  implementation/mul_plane/mult_33/U5/CO (FA1D0)       0.05524    1.19927 f
  implementation/mul_plane/mult_33/n4 (net)     1 
  implementation/mul_plane/mult_33/U4/CI (FA1D0)       0.00000    1.19927 f
  implementation/mul_plane/mult_33/U4/CO (FA1D0)       0.05524    1.25452 f
  implementation/mul_plane/mult_33/n3 (net)     1 
  implementation/mul_plane/mult_33/U3/CI (FA1D0)       0.00000    1.25452 f
  implementation/mul_plane/mult_33/U3/CO (FA1D0)       0.05524    1.30976 f
  implementation/mul_plane/mult_33/n2 (net)     1 
  implementation/mul_plane/mult_33/U2/CI (FA1D0)       0.00000    1.30976 f
  implementation/mul_plane/mult_33/U2/CO (FA1D0)       0.05155    1.36131 f
  implementation/mul_plane/mult_33/n1 (net)     1 
  implementation/mul_plane/mult_33/U144/I (CKND0)      0.00000    1.36131 f
  implementation/mul_plane/mult_33/U144/ZN (CKND0)     0.06870    1.43001 r
  implementation/mul_plane/mult_33/product[15] (net)
                                                4 
  implementation/mul_plane/U22/B (FA1D0)               0.00000    1.43001 r
  implementation/mul_plane/U22/CO (FA1D0)              0.09796    1.52797 r
  implementation/mul_plane/add_2_root_add_56_3_carry[22] (net)
                                                1 
  implementation/mul_plane/U23/CI (FA1D0)              0.00000    1.52797 r
  implementation/mul_plane/U23/CO (FA1D0)              0.05081    1.57878 r
  implementation/mul_plane/add_2_root_add_56_3_carry[23] (net)
                                                1 
  implementation/mul_plane/U21/CI (FA1D0)              0.00000    1.57878 r
  implementation/mul_plane/U21/S (FA1D0)               0.07043    1.64920 r
  implementation/mul_plane/N23 (net)            1 
  implementation/mul_plane/add_0_root_add_56_3/U1_23/A (FA1D0)
                                                       0.00000    1.64920 r
  implementation/mul_plane/add_0_root_add_56_3/U1_23/CO (FA1D0)
                                                       0.09295    1.74216 r
  implementation/mul_plane/add_0_root_add_56_3/carry[24] (net)
                                                1 
  implementation/mul_plane/add_0_root_add_56_3/U1_24/A3 (XOR3D1)
                                                       0.00000    1.74216 r
  implementation/mul_plane/add_0_root_add_56_3/U1_24/Z (XOR3D1)
                                                       0.06799    1.81014 f
  implementation/mul_plane/add_0_root_add_56_3/SUM[24] (net)
                                                1 
  implementation/U48/B1 (AOI22D1)                      0.00000    1.81014 f
  implementation/U48/ZN (AOI22D1)                      0.15637    1.96652 r
  implementation/n11 (net)                     20 
  implementation/U9/B2 (IND3D1)                        0.00000    1.96652 r
  implementation/U9/ZN (IND3D1)                        0.15818    2.12470 f
  implementation/n33 (net)                     16 
  implementation/U4/A1 (ND2D1)                         0.00000    2.12470 f
  implementation/U4/ZN (ND2D1)                         0.17801    2.30271 r
  implementation/exponent_adjust[2] (net)      14 
  implementation/fp_wrapper/U53/B (FA1D0)              0.00000    2.30271 r
  implementation/fp_wrapper/U53/CO (FA1D0)             0.11353    2.41624 r
  implementation/fp_wrapper/add_0_root_add_0_root_add_25_2_carry[2] (net)
                                                1 
  implementation/fp_wrapper/U54/CI (FA1D0)             0.00000    2.41624 r
  implementation/fp_wrapper/U54/CO (FA1D0)             0.05166    2.46790 r
  implementation/fp_wrapper/add_0_root_add_0_root_add_25_2_carry[3] (net)
                                                1 
  implementation/fp_wrapper/U55/CI (FA1D0)             0.00000    2.46790 r
  implementation/fp_wrapper/U55/CO (FA1D0)             0.05166    2.51957 r
  implementation/fp_wrapper/add_0_root_add_0_root_add_25_2_carry[4] (net)
                                                1 
  implementation/fp_wrapper/U56/CI (FA1D0)             0.00000    2.51957 r
  implementation/fp_wrapper/U56/CO (FA1D0)             0.05166    2.57123 r
  implementation/fp_wrapper/add_0_root_add_0_root_add_25_2_carry[5] (net)
                                                1 
  implementation/fp_wrapper/U57/CI (FA1D0)             0.00000    2.57123 r
  implementation/fp_wrapper/U57/CO (FA1D0)             0.05166    2.62289 r
  implementation/fp_wrapper/add_0_root_add_0_root_add_25_2_carry[6] (net)
                                                1 
  implementation/fp_wrapper/U58/CI (FA1D0)             0.00000    2.62289 r
  implementation/fp_wrapper/U58/CO (FA1D0)             0.05255    2.67544 r
  implementation/fp_wrapper/add_0_root_add_0_root_add_25_2_carry[7] (net)
                                                1 
  implementation/fp_wrapper/U61/A3 (XOR3D1)            0.00000    2.67544 r
  implementation/fp_wrapper/U61/Z (XOR3D1)             0.06725    2.74269 f
  implementation/fp_wrapper/N50 (net)           1 
  implementation/fp_wrapper/U60/A1 (AO22D0)            0.00000    2.74269 f
  implementation/fp_wrapper/U60/Z (AO22D0)             0.06649    2.80918 f
  implementation/fp_wrapper/result[30] (net)    1 
  result[30] (out)                                     0.00000    2.80918 f
  result[30] (net)                              1 
  data arrival time                                               2.80918

  clock vclk (rise edge)                              10.00000   10.00000
  clock network delay (ideal)                          0.00000   10.00000
  clock reconvergence pessimism                        0.00000   10.00000
  output external delay                               -0.02000    9.98000
  data required time                                              9.98000
  ------------------------------------------------------------------------------
  data required time                                              9.98000
  data arrival time                                              -2.80918
  ------------------------------------------------------------------------------
  slack (MET)                                                     7.17082


  Startpoint: y[20] (input port clocked by vclk)
  Endpoint: result[29] (output port clocked by vclk)
  Path Group: vclk
  Path Type: max

  Point                                      Fanout       Incr       Path
  ------------------------------------------------------------------------------
  clock vclk (rise edge)                               0.00000    0.00000
  clock network delay (ideal)                          0.00000    0.00000
  input external delay                                 0.02000    0.02000 r
  y[20] (in)                                           0.00773    0.02773 r
  y[20] (net)                                   1 
  implementation/fp_wrapper/U63/I (CKBD1)              0.00000    0.02773 r
  implementation/fp_wrapper/U63/Z (CKBD1)              0.17636    0.20409 r
  implementation/fp_wrapper/fraction_y[20] (net)
                                               32 
  implementation/mul_plane/mult_33/U130/A2 (XNR2D0)    0.00000    0.20409 r
  implementation/mul_plane/mult_33/U130/ZN (XNR2D0)    0.16034    0.36443 r
  implementation/mul_plane/mult_33/n182 (net)
                                               13 
  implementation/mul_plane/mult_33/U129/C (OAI211D0)   0.00000    0.36443 r
  implementation/mul_plane/mult_33/U129/ZN (OAI211D0)  0.13171    0.49614 f
  implementation/mul_plane/mult_33/n184 (net)
                                               11 
  implementation/mul_plane/mult_33/U147/A2 (OAI22D0)   0.00000    0.49614 f
  implementation/mul_plane/mult_33/U147/ZN (OAI22D0)   0.08645    0.58259 r
  implementation/mul_plane/mult_33/n60 (net)    1 
  implementation/mul_plane/mult_33/U28/A (HA1D0)       0.00000    0.58259 r
  implementation/mul_plane/mult_33/U28/S (HA1D0)       0.07369    0.65629 f
  implementation/mul_plane/mult_33/n39 (net)    1 
  implementation/mul_plane/mult_33/U13/A (FA1D0)       0.00000    0.65629 f
  implementation/mul_plane/mult_33/U13/CO (FA1D0)      0.10103    0.75732 f
  implementation/mul_plane/mult_33/n12 (net)    1 
  implementation/mul_plane/mult_33/U12/CI (FA1D0)      0.00000    0.75732 f
  implementation/mul_plane/mult_33/U12/CO (FA1D0)      0.05524    0.81256 f
  implementation/mul_plane/mult_33/n11 (net)    1 
  implementation/mul_plane/mult_33/U11/CI (FA1D0)      0.00000    0.81256 f
  implementation/mul_plane/mult_33/U11/CO (FA1D0)      0.05524    0.86781 f
  implementation/mul_plane/mult_33/n10 (net)    1 
  implementation/mul_plane/mult_33/U10/CI (FA1D0)      0.00000    0.86781 f
  implementation/mul_plane/mult_33/U10/CO (FA1D0)      0.05524    0.92305 f
  implementation/mul_plane/mult_33/n9 (net)     1 
  implementation/mul_plane/mult_33/U9/CI (FA1D0)       0.00000    0.92305 f
  implementation/mul_plane/mult_33/U9/CO (FA1D0)       0.05524    0.97830 f
  implementation/mul_plane/mult_33/n8 (net)     1 
  implementation/mul_plane/mult_33/U8/CI (FA1D0)       0.00000    0.97830 f
  implementation/mul_plane/mult_33/U8/CO (FA1D0)       0.05524    1.03354 f
  implementation/mul_plane/mult_33/n7 (net)     1 
  implementation/mul_plane/mult_33/U7/CI (FA1D0)       0.00000    1.03354 f
  implementation/mul_plane/mult_33/U7/CO (FA1D0)       0.05524    1.08878 f
  implementation/mul_plane/mult_33/n6 (net)     1 
  implementation/mul_plane/mult_33/U6/CI (FA1D0)       0.00000    1.08878 f
  implementation/mul_plane/mult_33/U6/CO (FA1D0)       0.05524    1.14403 f
  implementation/mul_plane/mult_33/n5 (net)     1 
  implementation/mul_plane/mult_33/U5/CI (FA1D0)       0.00000    1.14403 f
  implementation/mul_plane/mult_33/U5/CO (FA1D0)       0.05524    1.19927 f
  implementation/mul_plane/mult_33/n4 (net)     1 
  implementation/mul_plane/mult_33/U4/CI (FA1D0)       0.00000    1.19927 f
  implementation/mul_plane/mult_33/U4/CO (FA1D0)       0.05524    1.25452 f
  implementation/mul_plane/mult_33/n3 (net)     1 
  implementation/mul_plane/mult_33/U3/CI (FA1D0)       0.00000    1.25452 f
  implementation/mul_plane/mult_33/U3/CO (FA1D0)       0.05524    1.30976 f
  implementation/mul_plane/mult_33/n2 (net)     1 
  implementation/mul_plane/mult_33/U2/CI (FA1D0)       0.00000    1.30976 f
  implementation/mul_plane/mult_33/U2/CO (FA1D0)       0.05155    1.36131 f
  implementation/mul_plane/mult_33/n1 (net)     1 
  implementation/mul_plane/mult_33/U144/I (CKND0)      0.00000    1.36131 f
  implementation/mul_plane/mult_33/U144/ZN (CKND0)     0.06870    1.43001 r
  implementation/mul_plane/mult_33/product[15] (net)
                                                4 
  implementation/mul_plane/U22/B (FA1D0)               0.00000    1.43001 r
  implementation/mul_plane/U22/CO (FA1D0)              0.09796    1.52797 r
  implementation/mul_plane/add_2_root_add_56_3_carry[22] (net)
                                                1 
  implementation/mul_plane/U23/CI (FA1D0)              0.00000    1.52797 r
  implementation/mul_plane/U23/CO (FA1D0)              0.05081    1.57878 r
  implementation/mul_plane/add_2_root_add_56_3_carry[23] (net)
                                                1 
  implementation/mul_plane/U21/CI (FA1D0)              0.00000    1.57878 r
  implementation/mul_plane/U21/S (FA1D0)               0.07043    1.64920 r
  implementation/mul_plane/N23 (net)            1 
  implementation/mul_plane/add_0_root_add_56_3/U1_23/A (FA1D0)
                                                       0.00000    1.64920 r
  implementation/mul_plane/add_0_root_add_56_3/U1_23/CO (FA1D0)
                                                       0.09295    1.74216 r
  implementation/mul_plane/add_0_root_add_56_3/carry[24] (net)
                                                1 
  implementation/mul_plane/add_0_root_add_56_3/U1_24/A3 (XOR3D1)
                                                       0.00000    1.74216 r
  implementation/mul_plane/add_0_root_add_56_3/U1_24/Z (XOR3D1)
                                                       0.06799    1.81014 f
  implementation/mul_plane/add_0_root_add_56_3/SUM[24] (net)
                                                1 
  implementation/U48/B1 (AOI22D1)                      0.00000    1.81014 f
  implementation/U48/ZN (AOI22D1)                      0.15637    1.96652 r
  implementation/n11 (net)                     20 
  implementation/U9/B2 (IND3D1)                        0.00000    1.96652 r
  implementation/U9/ZN (IND3D1)                        0.15818    2.12470 f
  implementation/n33 (net)                     16 
  implementation/U4/A1 (ND2D1)                         0.00000    2.12470 f
  implementation/U4/ZN (ND2D1)                         0.17801    2.30271 r
  implementation/exponent_adjust[2] (net)      14 
  implementation/fp_wrapper/U53/B (FA1D0)              0.00000    2.30271 r
  implementation/fp_wrapper/U53/CO (FA1D0)             0.11353    2.41624 r
  implementation/fp_wrapper/add_0_root_add_0_root_add_25_2_carry[2] (net)
                                                1 
  implementation/fp_wrapper/U54/CI (FA1D0)             0.00000    2.41624 r
  implementation/fp_wrapper/U54/CO (FA1D0)             0.05166    2.46790 r
  implementation/fp_wrapper/add_0_root_add_0_root_add_25_2_carry[3] (net)
                                                1 
  implementation/fp_wrapper/U55/CI (FA1D0)             0.00000    2.46790 r
  implementation/fp_wrapper/U55/CO (FA1D0)             0.05166    2.51957 r
  implementation/fp_wrapper/add_0_root_add_0_root_add_25_2_carry[4] (net)
                                                1 
  implementation/fp_wrapper/U56/CI (FA1D0)             0.00000    2.51957 r
  implementation/fp_wrapper/U56/CO (FA1D0)             0.05166    2.57123 r
  implementation/fp_wrapper/add_0_root_add_0_root_add_25_2_carry[5] (net)
                                                1 
  implementation/fp_wrapper/U57/CI (FA1D0)             0.00000    2.57123 r
  implementation/fp_wrapper/U57/CO (FA1D0)             0.05166    2.62289 r
  implementation/fp_wrapper/add_0_root_add_0_root_add_25_2_carry[6] (net)
                                                1 
  implementation/fp_wrapper/U58/CI (FA1D0)             0.00000    2.62289 r
  implementation/fp_wrapper/U58/S (FA1D0)              0.06266    2.68555 f
  implementation/fp_wrapper/N49 (net)           1 
  implementation/fp_wrapper/U40/A1 (AO22D0)            0.00000    2.68555 f
  implementation/fp_wrapper/U40/Z (AO22D0)             0.06680    2.75234 f
  implementation/fp_wrapper/result[29] (net)    1 
  result[29] (out)                                     0.00000    2.75234 f
  result[29] (net)                              1 
  data arrival time                                               2.75234

  clock vclk (rise edge)                              10.00000   10.00000
  clock network delay (ideal)                          0.00000   10.00000
  clock reconvergence pessimism                        0.00000   10.00000
  output external delay                               -0.02000    9.98000
  data required time                                              9.98000
  ------------------------------------------------------------------------------
  data required time                                              9.98000
  data arrival time                                              -2.75234
  ------------------------------------------------------------------------------
  slack (MET)                                                     7.22766


  Startpoint: y[20] (input port clocked by vclk)
  Endpoint: result[28] (output port clocked by vclk)
  Path Group: vclk
  Path Type: max

  Point                                      Fanout       Incr       Path
  ------------------------------------------------------------------------------
  clock vclk (rise edge)                               0.00000    0.00000
  clock network delay (ideal)                          0.00000    0.00000
  input external delay                                 0.02000    0.02000 r
  y[20] (in)                                           0.00773    0.02773 r
  y[20] (net)                                   1 
  implementation/fp_wrapper/U63/I (CKBD1)              0.00000    0.02773 r
  implementation/fp_wrapper/U63/Z (CKBD1)              0.17636    0.20409 r
  implementation/fp_wrapper/fraction_y[20] (net)
                                               32 
  implementation/mul_plane/mult_33/U130/A2 (XNR2D0)    0.00000    0.20409 r
  implementation/mul_plane/mult_33/U130/ZN (XNR2D0)    0.16034    0.36443 r
  implementation/mul_plane/mult_33/n182 (net)
                                               13 
  implementation/mul_plane/mult_33/U129/C (OAI211D0)   0.00000    0.36443 r
  implementation/mul_plane/mult_33/U129/ZN (OAI211D0)  0.13171    0.49614 f
  implementation/mul_plane/mult_33/n184 (net)
                                               11 
  implementation/mul_plane/mult_33/U147/A2 (OAI22D0)   0.00000    0.49614 f
  implementation/mul_plane/mult_33/U147/ZN (OAI22D0)   0.08645    0.58259 r
  implementation/mul_plane/mult_33/n60 (net)    1 
  implementation/mul_plane/mult_33/U28/A (HA1D0)       0.00000    0.58259 r
  implementation/mul_plane/mult_33/U28/S (HA1D0)       0.07369    0.65629 f
  implementation/mul_plane/mult_33/n39 (net)    1 
  implementation/mul_plane/mult_33/U13/A (FA1D0)       0.00000    0.65629 f
  implementation/mul_plane/mult_33/U13/CO (FA1D0)      0.10103    0.75732 f
  implementation/mul_plane/mult_33/n12 (net)    1 
  implementation/mul_plane/mult_33/U12/CI (FA1D0)      0.00000    0.75732 f
  implementation/mul_plane/mult_33/U12/CO (FA1D0)      0.05524    0.81256 f
  implementation/mul_plane/mult_33/n11 (net)    1 
  implementation/mul_plane/mult_33/U11/CI (FA1D0)      0.00000    0.81256 f
  implementation/mul_plane/mult_33/U11/CO (FA1D0)      0.05524    0.86781 f
  implementation/mul_plane/mult_33/n10 (net)    1 
  implementation/mul_plane/mult_33/U10/CI (FA1D0)      0.00000    0.86781 f
  implementation/mul_plane/mult_33/U10/CO (FA1D0)      0.05524    0.92305 f
  implementation/mul_plane/mult_33/n9 (net)     1 
  implementation/mul_plane/mult_33/U9/CI (FA1D0)       0.00000    0.92305 f
  implementation/mul_plane/mult_33/U9/CO (FA1D0)       0.05524    0.97830 f
  implementation/mul_plane/mult_33/n8 (net)     1 
  implementation/mul_plane/mult_33/U8/CI (FA1D0)       0.00000    0.97830 f
  implementation/mul_plane/mult_33/U8/CO (FA1D0)       0.05524    1.03354 f
  implementation/mul_plane/mult_33/n7 (net)     1 
  implementation/mul_plane/mult_33/U7/CI (FA1D0)       0.00000    1.03354 f
  implementation/mul_plane/mult_33/U7/CO (FA1D0)       0.05524    1.08878 f
  implementation/mul_plane/mult_33/n6 (net)     1 
  implementation/mul_plane/mult_33/U6/CI (FA1D0)       0.00000    1.08878 f
  implementation/mul_plane/mult_33/U6/CO (FA1D0)       0.05524    1.14403 f
  implementation/mul_plane/mult_33/n5 (net)     1 
  implementation/mul_plane/mult_33/U5/CI (FA1D0)       0.00000    1.14403 f
  implementation/mul_plane/mult_33/U5/CO (FA1D0)       0.05524    1.19927 f
  implementation/mul_plane/mult_33/n4 (net)     1 
  implementation/mul_plane/mult_33/U4/CI (FA1D0)       0.00000    1.19927 f
  implementation/mul_plane/mult_33/U4/CO (FA1D0)       0.05524    1.25452 f
  implementation/mul_plane/mult_33/n3 (net)     1 
  implementation/mul_plane/mult_33/U3/CI (FA1D0)       0.00000    1.25452 f
  implementation/mul_plane/mult_33/U3/CO (FA1D0)       0.05524    1.30976 f
  implementation/mul_plane/mult_33/n2 (net)     1 
  implementation/mul_plane/mult_33/U2/CI (FA1D0)       0.00000    1.30976 f
  implementation/mul_plane/mult_33/U2/CO (FA1D0)       0.05155    1.36131 f
  implementation/mul_plane/mult_33/n1 (net)     1 
  implementation/mul_plane/mult_33/U144/I (CKND0)      0.00000    1.36131 f
  implementation/mul_plane/mult_33/U144/ZN (CKND0)     0.06870    1.43001 r
  implementation/mul_plane/mult_33/product[15] (net)
                                                4 
  implementation/mul_plane/U22/B (FA1D0)               0.00000    1.43001 r
  implementation/mul_plane/U22/CO (FA1D0)              0.09796    1.52797 r
  implementation/mul_plane/add_2_root_add_56_3_carry[22] (net)
                                                1 
  implementation/mul_plane/U23/CI (FA1D0)              0.00000    1.52797 r
  implementation/mul_plane/U23/CO (FA1D0)              0.05081    1.57878 r
  implementation/mul_plane/add_2_root_add_56_3_carry[23] (net)
                                                1 
  implementation/mul_plane/U21/CI (FA1D0)              0.00000    1.57878 r
  implementation/mul_plane/U21/S (FA1D0)               0.07043    1.64920 r
  implementation/mul_plane/N23 (net)            1 
  implementation/mul_plane/add_0_root_add_56_3/U1_23/A (FA1D0)
                                                       0.00000    1.64920 r
  implementation/mul_plane/add_0_root_add_56_3/U1_23/CO (FA1D0)
                                                       0.09295    1.74216 r
  implementation/mul_plane/add_0_root_add_56_3/carry[24] (net)
                                                1 
  implementation/mul_plane/add_0_root_add_56_3/U1_24/A3 (XOR3D1)
                                                       0.00000    1.74216 r
  implementation/mul_plane/add_0_root_add_56_3/U1_24/Z (XOR3D1)
                                                       0.06799    1.81014 f
  implementation/mul_plane/add_0_root_add_56_3/SUM[24] (net)
                                                1 
  implementation/U48/B1 (AOI22D1)                      0.00000    1.81014 f
  implementation/U48/ZN (AOI22D1)                      0.15637    1.96652 r
  implementation/n11 (net)                     20 
  implementation/U9/B2 (IND3D1)                        0.00000    1.96652 r
  implementation/U9/ZN (IND3D1)                        0.15818    2.12470 f
  implementation/n33 (net)                     16 
  implementation/U4/A1 (ND2D1)                         0.00000    2.12470 f
  implementation/U4/ZN (ND2D1)                         0.17801    2.30271 r
  implementation/exponent_adjust[2] (net)      14 
  implementation/fp_wrapper/U53/B (FA1D0)              0.00000    2.30271 r
  implementation/fp_wrapper/U53/CO (FA1D0)             0.11353    2.41624 r
  implementation/fp_wrapper/add_0_root_add_0_root_add_25_2_carry[2] (net)
                                                1 
  implementation/fp_wrapper/U54/CI (FA1D0)             0.00000    2.41624 r
  implementation/fp_wrapper/U54/CO (FA1D0)             0.05166    2.46790 r
  implementation/fp_wrapper/add_0_root_add_0_root_add_25_2_carry[3] (net)
                                                1 
  implementation/fp_wrapper/U55/CI (FA1D0)             0.00000    2.46790 r
  implementation/fp_wrapper/U55/CO (FA1D0)             0.05166    2.51957 r
  implementation/fp_wrapper/add_0_root_add_0_root_add_25_2_carry[4] (net)
                                                1 
  implementation/fp_wrapper/U56/CI (FA1D0)             0.00000    2.51957 r
  implementation/fp_wrapper/U56/CO (FA1D0)             0.05166    2.57123 r
  implementation/fp_wrapper/add_0_root_add_0_root_add_25_2_carry[5] (net)
                                                1 
  implementation/fp_wrapper/U57/CI (FA1D0)             0.00000    2.57123 r
  implementation/fp_wrapper/U57/S (FA1D0)              0.06266    2.63389 f
  implementation/fp_wrapper/N48 (net)           1 
  implementation/fp_wrapper/U41/A1 (AO22D0)            0.00000    2.63389 f
  implementation/fp_wrapper/U41/Z (AO22D0)             0.06680    2.70068 f
  implementation/fp_wrapper/result[28] (net)    1 
  result[28] (out)                                     0.00000    2.70068 f
  result[28] (net)                              1 
  data arrival time                                               2.70068

  clock vclk (rise edge)                              10.00000   10.00000
  clock network delay (ideal)                          0.00000   10.00000
  clock reconvergence pessimism                        0.00000   10.00000
  output external delay                               -0.02000    9.98000
  data required time                                              9.98000
  ------------------------------------------------------------------------------
  data required time                                              9.98000
  data arrival time                                              -2.70068
  ------------------------------------------------------------------------------
  slack (MET)                                                     7.27932

Warning: report_timing has satisfied the max_paths criteria. There are 24 further endpoints which have paths of interest with slack less than 1000.00000 that were not considered when generating this report. (UITE-502)

1
