 
****************************************
check_design summary:
Version:     U-2022.12-SP7
Date:        Sat Sep  5 14:57:25 2026
****************************************

                   Name                                            Total
--------------------------------------------------------------------------------
Inputs/Outputs                                                    227
    Unloaded inputs (LINT-8)                                        1
    Unconnected ports (LINT-28)                                   209
    Shorted outputs (LINT-31)                                       8
    Constant outputs (LINT-52)                                      9

Cells                                                              87
    Connected to power or ground (LINT-32)                         78
    Nets connected to multiple pins on same cell (LINT-33)          9

Nets                                                                1
    Unloaded nets (LINT-2)                                          1
--------------------------------------------------------------------------------

Warning: In design 'input_l1_narrow_b6', net 'dut/mult_69/b[6]' driven by pin 'dut/mult_69/b[6]' has no loads. (LINT-2)
Warning: In design 'oadm_input_trial_6_1_1_16_16_7_53_2a_DW_mult_uns_0_DW_mult_uns_1', input port 'b[6]' is unloaded. (LINT-8)
Warning: In design 'input_l1_narrow_b6', port 'x[16]' is not connected to any nets. (LINT-28)
Warning: In design 'input_l1_narrow_b6', port 'x[15]' is not connected to any nets. (LINT-28)
Warning: In design 'input_l1_narrow_b6', port 'x[14]' is not connected to any nets. (LINT-28)
Warning: In design 'input_l1_narrow_b6', port 'x[13]' is not connected to any nets. (LINT-28)
Warning: In design 'input_l1_narrow_b6', port 'x[12]' is not connected to any nets. (LINT-28)
Warning: In design 'input_l1_narrow_b6', port 'x[11]' is not connected to any nets. (LINT-28)
Warning: In design 'input_l1_narrow_b6', port 'x[10]' is not connected to any nets. (LINT-28)
Warning: In design 'input_l1_narrow_b6', port 'x[9]' is not connected to any nets. (LINT-28)
Warning: In design 'input_l1_narrow_b6', port 'x[8]' is not connected to any nets. (LINT-28)
Warning: In design 'input_l1_narrow_b6', port 'x[7]' is not connected to any nets. (LINT-28)
Warning: In design 'input_l1_narrow_b6', port 'x[6]' is not connected to any nets. (LINT-28)
Warning: In design 'input_l1_narrow_b6', port 'x[5]' is not connected to any nets. (LINT-28)
Warning: In design 'input_l1_narrow_b6', port 'x[4]' is not connected to any nets. (LINT-28)
Warning: In design 'input_l1_narrow_b6', port 'x[3]' is not connected to any nets. (LINT-28)
Warning: In design 'input_l1_narrow_b6', port 'x[2]' is not connected to any nets. (LINT-28)
Warning: In design 'input_l1_narrow_b6', port 'x[1]' is not connected to any nets. (LINT-28)
Warning: In design 'input_l1_narrow_b6', port 'x[0]' is not connected to any nets. (LINT-28)
Warning: In design 'input_l1_narrow_b6', port 'y[16]' is not connected to any nets. (LINT-28)
Warning: In design 'input_l1_narrow_b6', port 'y[15]' is not connected to any nets. (LINT-28)
Warning: In design 'input_l1_narrow_b6', port 'y[14]' is not connected to any nets. (LINT-28)
Warning: In design 'input_l1_narrow_b6', port 'y[13]' is not connected to any nets. (LINT-28)
Warning: In design 'input_l1_narrow_b6', port 'y[12]' is not connected to any nets. (LINT-28)
Warning: In design 'input_l1_narrow_b6', port 'y[11]' is not connected to any nets. (LINT-28)
Warning: In design 'input_l1_narrow_b6', port 'y[10]' is not connected to any nets. (LINT-28)
Warning: In design 'input_l1_narrow_b6', port 'y[9]' is not connected to any nets. (LINT-28)
Warning: In design 'input_l1_narrow_b6', port 'y[8]' is not connected to any nets. (LINT-28)
Warning: In design 'input_l1_narrow_b6', port 'y[7]' is not connected to any nets. (LINT-28)
Warning: In design 'input_l1_narrow_b6', port 'y[6]' is not connected to any nets. (LINT-28)
Warning: In design 'input_l1_narrow_b6', port 'y[5]' is not connected to any nets. (LINT-28)
Warning: In design 'input_l1_narrow_b6', port 'y[4]' is not connected to any nets. (LINT-28)
Warning: In design 'input_l1_narrow_b6', port 'y[3]' is not connected to any nets. (LINT-28)
Warning: In design 'input_l1_narrow_b6', port 'y[2]' is not connected to any nets. (LINT-28)
Warning: In design 'input_l1_narrow_b6', port 'y[1]' is not connected to any nets. (LINT-28)
Warning: In design 'input_l1_narrow_b6', port 'y[0]' is not connected to any nets. (LINT-28)
Warning: In design 'oadm_input_trial_6_1_1_16_16_7_53_2a', port 'x[16]' is not connected to any nets. (LINT-28)
Warning: In design 'oadm_input_trial_6_1_1_16_16_7_53_2a', port 'x[15]' is not connected to any nets. (LINT-28)
Warning: In design 'oadm_input_trial_6_1_1_16_16_7_53_2a', port 'x[14]' is not connected to any nets. (LINT-28)
Warning: In design 'oadm_input_trial_6_1_1_16_16_7_53_2a', port 'x[13]' is not connected to any nets. (LINT-28)
Warning: In design 'oadm_input_trial_6_1_1_16_16_7_53_2a', port 'x[12]' is not connected to any nets. (LINT-28)
Warning: In design 'oadm_input_trial_6_1_1_16_16_7_53_2a', port 'x[11]' is not connected to any nets. (LINT-28)
Warning: In design 'oadm_input_trial_6_1_1_16_16_7_53_2a', port 'x[10]' is not connected to any nets. (LINT-28)
Warning: In design 'oadm_input_trial_6_1_1_16_16_7_53_2a', port 'x[9]' is not connected to any nets. (LINT-28)
Warning: In design 'oadm_input_trial_6_1_1_16_16_7_53_2a', port 'x[8]' is not connected to any nets. (LINT-28)
Warning: In design 'oadm_input_trial_6_1_1_16_16_7_53_2a', port 'x[7]' is not connected to any nets. (LINT-28)
Warning: In design 'oadm_input_trial_6_1_1_16_16_7_53_2a', port 'x[6]' is not connected to any nets. (LINT-28)
Warning: In design 'oadm_input_trial_6_1_1_16_16_7_53_2a', port 'x[5]' is not connected to any nets. (LINT-28)
Warning: In design 'oadm_input_trial_6_1_1_16_16_7_53_2a', port 'x[4]' is not connected to any nets. (LINT-28)
Warning: In design 'oadm_input_trial_6_1_1_16_16_7_53_2a', port 'x[3]' is not connected to any nets. (LINT-28)
Warning: In design 'oadm_input_trial_6_1_1_16_16_7_53_2a', port 'x[2]' is not connected to any nets. (LINT-28)
Warning: In design 'oadm_input_trial_6_1_1_16_16_7_53_2a', port 'x[1]' is not connected to any nets. (LINT-28)
Warning: In design 'oadm_input_trial_6_1_1_16_16_7_53_2a', port 'x[0]' is not connected to any nets. (LINT-28)
Warning: In design 'oadm_input_trial_6_1_1_16_16_7_53_2a', port 'y[16]' is not connected to any nets. (LINT-28)
Warning: In design 'oadm_input_trial_6_1_1_16_16_7_53_2a', port 'y[15]' is not connected to any nets. (LINT-28)
Warning: In design 'oadm_input_trial_6_1_1_16_16_7_53_2a', port 'y[14]' is not connected to any nets. (LINT-28)
Warning: In design 'oadm_input_trial_6_1_1_16_16_7_53_2a', port 'y[13]' is not connected to any nets. (LINT-28)
Warning: In design 'oadm_input_trial_6_1_1_16_16_7_53_2a', port 'y[12]' is not connected to any nets. (LINT-28)
Warning: In design 'oadm_input_trial_6_1_1_16_16_7_53_2a', port 'y[11]' is not connected to any nets. (LINT-28)
Warning: In design 'oadm_input_trial_6_1_1_16_16_7_53_2a', port 'y[10]' is not connected to any nets. (LINT-28)
Warning: In design 'oadm_input_trial_6_1_1_16_16_7_53_2a', port 'y[9]' is not connected to any nets. (LINT-28)
Warning: In design 'oadm_input_trial_6_1_1_16_16_7_53_2a', port 'y[8]' is not connected to any nets. (LINT-28)
Warning: In design 'oadm_input_trial_6_1_1_16_16_7_53_2a', port 'y[7]' is not connected to any nets. (LINT-28)
Warning: In design 'oadm_input_trial_6_1_1_16_16_7_53_2a', port 'y[6]' is not connected to any nets. (LINT-28)
Warning: In design 'oadm_input_trial_6_1_1_16_16_7_53_2a', port 'y[5]' is not connected to any nets. (LINT-28)
Warning: In design 'oadm_input_trial_6_1_1_16_16_7_53_2a', port 'y[4]' is not connected to any nets. (LINT-28)
Warning: In design 'oadm_input_trial_6_1_1_16_16_7_53_2a', port 'y[3]' is not connected to any nets. (LINT-28)
Warning: In design 'oadm_input_trial_6_1_1_16_16_7_53_2a', port 'y[2]' is not connected to any nets. (LINT-28)
Warning: In design 'oadm_input_trial_6_1_1_16_16_7_53_2a', port 'y[1]' is not connected to any nets. (LINT-28)
Warning: In design 'oadm_input_trial_6_1_1_16_16_7_53_2a', port 'y[0]' is not connected to any nets. (LINT-28)
Warning: In design 'oadm_input_trial_6_1_1_16_16_7_53_2a', port 'result[8]' is not connected to any nets. (LINT-28)
Warning: In design 'oadm_input_trial_6_1_1_16_16_7_53_2a', port 'result[7]' is not connected to any nets. (LINT-28)
Warning: In design 'oadm_input_trial_6_1_1_16_16_7_53_2a', port 'result[6]' is not connected to any nets. (LINT-28)
Warning: In design 'oadm_input_trial_6_1_1_16_16_7_53_2a', port 'result[5]' is not connected to any nets. (LINT-28)
Warning: In design 'oadm_input_trial_6_1_1_16_16_7_53_2a', port 'result[4]' is not connected to any nets. (LINT-28)
Warning: In design 'oadm_input_trial_6_1_1_16_16_7_53_2a', port 'result[3]' is not connected to any nets. (LINT-28)
Warning: In design 'oadm_input_trial_6_1_1_16_16_7_53_2a', port 'result[2]' is not connected to any nets. (LINT-28)
Warning: In design 'oadm_input_trial_6_1_1_16_16_7_53_2a', port 'result[1]' is not connected to any nets. (LINT-28)
Warning: In design 'oadm_input_trial_6_1_1_16_16_7_53_2a', port 'result[0]' is not connected to any nets. (LINT-28)
Warning: In design 'oadm_input_narrow_plane_B6_LEVEL1_R16', port 'plane_bits[15]' is not connected to any nets. (LINT-28)
Warning: In design 'oadm_input_narrow_plane_B6_LEVEL1_R16', port 'plane_bits[14]' is not connected to any nets. (LINT-28)
Warning: In design 'oadm_input_narrow_plane_B6_LEVEL1_R16', port 'plane_bits[13]' is not connected to any nets. (LINT-28)
Warning: In design 'oadm_input_narrow_plane_B6_LEVEL1_R16', port 'plane_bits[12]' is not connected to any nets. (LINT-28)
Warning: In design 'oadm_input_narrow_plane_B6_LEVEL1_R16', port 'plane_bits[11]' is not connected to any nets. (LINT-28)
Warning: In design 'oadm_input_narrow_plane_B6_LEVEL1_R16', port 'plane_bits[10]' is not connected to any nets. (LINT-28)
Warning: In design 'oadm_input_narrow_plane_B6_LEVEL1_R16', port 'plane_bits[9]' is not connected to any nets. (LINT-28)
Warning: In design 'oadm_input_narrow_plane_B6_LEVEL1_R16', port 'plane_bits[8]' is not connected to any nets. (LINT-28)
Warning: In design 'oadm_input_narrow_plane_B6_LEVEL1_R16', port 'plane_bits[7]' is not connected to any nets. (LINT-28)
Warning: In design 'oadm_input_narrow_plane_B6_LEVEL1_R16', port 'plane_bits[6]' is not connected to any nets. (LINT-28)
Warning: In design 'oadm_input_narrow_plane_B6_LEVEL1_R16', port 'plane_bits[5]' is not connected to any nets. (LINT-28)
Warning: In design 'oadm_input_narrow_plane_B6_LEVEL1_R16', port 'plane_bits[4]' is not connected to any nets. (LINT-28)
Warning: In design 'oadm_input_narrow_plane_B6_LEVEL1_R16', port 'plane_bits[3]' is not connected to any nets. (LINT-28)
Warning: In design 'oadm_input_narrow_plane_B6_LEVEL1_R16', port 'plane_bits[2]' is not connected to any nets. (LINT-28)
Warning: In design 'oadm_input_narrow_plane_B6_LEVEL1_R16', port 'plane_bits[1]' is not connected to any nets. (LINT-28)
Warning: In design 'oadm_input_narrow_plane_B6_LEVEL1_R16', port 'plane_bits[0]' is not connected to any nets. (LINT-28)
Warning: In design 'fp32_normal_finite_wrapper', port 'x[16]' is not connected to any nets. (LINT-28)
Warning: In design 'fp32_normal_finite_wrapper', port 'x[15]' is not connected to any nets. (LINT-28)
Warning: In design 'fp32_normal_finite_wrapper', port 'x[14]' is not connected to any nets. (LINT-28)
Warning: In design 'fp32_normal_finite_wrapper', port 'x[13]' is not connected to any nets. (LINT-28)
Warning: In design 'fp32_normal_finite_wrapper', port 'x[12]' is not connected to any nets. (LINT-28)
Warning: In design 'fp32_normal_finite_wrapper', port 'x[11]' is not connected to any nets. (LINT-28)
Warning: In design 'fp32_normal_finite_wrapper', port 'x[10]' is not connected to any nets. (LINT-28)
Warning: In design 'fp32_normal_finite_wrapper', port 'x[9]' is not connected to any nets. (LINT-28)
Warning: In design 'fp32_normal_finite_wrapper', port 'x[8]' is not connected to any nets. (LINT-28)
Warning: In design 'fp32_normal_finite_wrapper', port 'x[7]' is not connected to any nets. (LINT-28)
Warning: In design 'fp32_normal_finite_wrapper', port 'x[6]' is not connected to any nets. (LINT-28)
Warning: In design 'fp32_normal_finite_wrapper', port 'x[5]' is not connected to any nets. (LINT-28)
Warning: In design 'fp32_normal_finite_wrapper', port 'x[4]' is not connected to any nets. (LINT-28)
Warning: In design 'fp32_normal_finite_wrapper', port 'x[3]' is not connected to any nets. (LINT-28)
Warning: In design 'fp32_normal_finite_wrapper', port 'x[2]' is not connected to any nets. (LINT-28)
Warning: In design 'fp32_normal_finite_wrapper', port 'x[1]' is not connected to any nets. (LINT-28)
Warning: In design 'fp32_normal_finite_wrapper', port 'x[0]' is not connected to any nets. (LINT-28)
Warning: In design 'fp32_normal_finite_wrapper', port 'y[16]' is not connected to any nets. (LINT-28)
Warning: In design 'fp32_normal_finite_wrapper', port 'y[15]' is not connected to any nets. (LINT-28)
Warning: In design 'fp32_normal_finite_wrapper', port 'y[14]' is not connected to any nets. (LINT-28)
Warning: In design 'fp32_normal_finite_wrapper', port 'y[13]' is not connected to any nets. (LINT-28)
Warning: In design 'fp32_normal_finite_wrapper', port 'y[12]' is not connected to any nets. (LINT-28)
Warning: In design 'fp32_normal_finite_wrapper', port 'y[11]' is not connected to any nets. (LINT-28)
Warning: In design 'fp32_normal_finite_wrapper', port 'y[10]' is not connected to any nets. (LINT-28)
Warning: In design 'fp32_normal_finite_wrapper', port 'y[9]' is not connected to any nets. (LINT-28)
Warning: In design 'fp32_normal_finite_wrapper', port 'y[8]' is not connected to any nets. (LINT-28)
Warning: In design 'fp32_normal_finite_wrapper', port 'y[7]' is not connected to any nets. (LINT-28)
Warning: In design 'fp32_normal_finite_wrapper', port 'y[6]' is not connected to any nets. (LINT-28)
Warning: In design 'fp32_normal_finite_wrapper', port 'y[5]' is not connected to any nets. (LINT-28)
Warning: In design 'fp32_normal_finite_wrapper', port 'y[4]' is not connected to any nets. (LINT-28)
Warning: In design 'fp32_normal_finite_wrapper', port 'y[3]' is not connected to any nets. (LINT-28)
Warning: In design 'fp32_normal_finite_wrapper', port 'y[2]' is not connected to any nets. (LINT-28)
Warning: In design 'fp32_normal_finite_wrapper', port 'y[1]' is not connected to any nets. (LINT-28)
Warning: In design 'fp32_normal_finite_wrapper', port 'y[0]' is not connected to any nets. (LINT-28)
Warning: In design 'fp32_normal_finite_wrapper', port 'divide_mode' is not connected to any nets. (LINT-28)
Warning: In design 'fp32_normal_finite_wrapper', port 'fraction_x[16]' is not connected to any nets. (LINT-28)
Warning: In design 'fp32_normal_finite_wrapper', port 'fraction_x[15]' is not connected to any nets. (LINT-28)
Warning: In design 'fp32_normal_finite_wrapper', port 'fraction_x[14]' is not connected to any nets. (LINT-28)
Warning: In design 'fp32_normal_finite_wrapper', port 'fraction_x[13]' is not connected to any nets. (LINT-28)
Warning: In design 'fp32_normal_finite_wrapper', port 'fraction_x[12]' is not connected to any nets. (LINT-28)
Warning: In design 'fp32_normal_finite_wrapper', port 'fraction_x[11]' is not connected to any nets. (LINT-28)
Warning: In design 'fp32_normal_finite_wrapper', port 'fraction_x[10]' is not connected to any nets. (LINT-28)
Warning: In design 'fp32_normal_finite_wrapper', port 'fraction_x[9]' is not connected to any nets. (LINT-28)
Warning: In design 'fp32_normal_finite_wrapper', port 'fraction_x[8]' is not connected to any nets. (LINT-28)
Warning: In design 'fp32_normal_finite_wrapper', port 'fraction_x[7]' is not connected to any nets. (LINT-28)
Warning: In design 'fp32_normal_finite_wrapper', port 'fraction_x[6]' is not connected to any nets. (LINT-28)
Warning: In design 'fp32_normal_finite_wrapper', port 'fraction_x[5]' is not connected to any nets. (LINT-28)
Warning: In design 'fp32_normal_finite_wrapper', port 'fraction_x[4]' is not connected to any nets. (LINT-28)
Warning: In design 'fp32_normal_finite_wrapper', port 'fraction_x[3]' is not connected to any nets. (LINT-28)
Warning: In design 'fp32_normal_finite_wrapper', port 'fraction_x[2]' is not connected to any nets. (LINT-28)
Warning: In design 'fp32_normal_finite_wrapper', port 'fraction_x[1]' is not connected to any nets. (LINT-28)
Warning: In design 'fp32_normal_finite_wrapper', port 'fraction_x[0]' is not connected to any nets. (LINT-28)
Warning: In design 'fp32_normal_finite_wrapper', port 'fraction_y[16]' is not connected to any nets. (LINT-28)
Warning: In design 'fp32_normal_finite_wrapper', port 'fraction_y[15]' is not connected to any nets. (LINT-28)
Warning: In design 'fp32_normal_finite_wrapper', port 'fraction_y[14]' is not connected to any nets. (LINT-28)
Warning: In design 'fp32_normal_finite_wrapper', port 'fraction_y[13]' is not connected to any nets. (LINT-28)
Warning: In design 'fp32_normal_finite_wrapper', port 'fraction_y[12]' is not connected to any nets. (LINT-28)
Warning: In design 'fp32_normal_finite_wrapper', port 'fraction_y[11]' is not connected to any nets. (LINT-28)
Warning: In design 'fp32_normal_finite_wrapper', port 'fraction_y[10]' is not connected to any nets. (LINT-28)
Warning: In design 'fp32_normal_finite_wrapper', port 'fraction_y[9]' is not connected to any nets. (LINT-28)
Warning: In design 'fp32_normal_finite_wrapper', port 'fraction_y[8]' is not connected to any nets. (LINT-28)
Warning: In design 'fp32_normal_finite_wrapper', port 'fraction_y[7]' is not connected to any nets. (LINT-28)
Warning: In design 'fp32_normal_finite_wrapper', port 'fraction_y[6]' is not connected to any nets. (LINT-28)
Warning: In design 'fp32_normal_finite_wrapper', port 'fraction_y[5]' is not connected to any nets. (LINT-28)
Warning: In design 'fp32_normal_finite_wrapper', port 'fraction_y[4]' is not connected to any nets. (LINT-28)
Warning: In design 'fp32_normal_finite_wrapper', port 'fraction_y[3]' is not connected to any nets. (LINT-28)
Warning: In design 'fp32_normal_finite_wrapper', port 'fraction_y[2]' is not connected to any nets. (LINT-28)
Warning: In design 'fp32_normal_finite_wrapper', port 'fraction_y[1]' is not connected to any nets. (LINT-28)
Warning: In design 'fp32_normal_finite_wrapper', port 'fraction_y[0]' is not connected to any nets. (LINT-28)
Warning: In design 'fp32_normal_finite_wrapper', port 'result_fraction[8]' is not connected to any nets. (LINT-28)
Warning: In design 'fp32_normal_finite_wrapper', port 'result_fraction[7]' is not connected to any nets. (LINT-28)
Warning: In design 'fp32_normal_finite_wrapper', port 'result_fraction[6]' is not connected to any nets. (LINT-28)
Warning: In design 'fp32_normal_finite_wrapper', port 'result_fraction[5]' is not connected to any nets. (LINT-28)
Warning: In design 'fp32_normal_finite_wrapper', port 'result_fraction[4]' is not connected to any nets. (LINT-28)
Warning: In design 'fp32_normal_finite_wrapper', port 'result_fraction[3]' is not connected to any nets. (LINT-28)
Warning: In design 'fp32_normal_finite_wrapper', port 'result_fraction[2]' is not connected to any nets. (LINT-28)
Warning: In design 'fp32_normal_finite_wrapper', port 'result_fraction[1]' is not connected to any nets. (LINT-28)
Warning: In design 'fp32_normal_finite_wrapper', port 'result_fraction[0]' is not connected to any nets. (LINT-28)
Warning: In design 'fp32_normal_finite_wrapper', port 'result[8]' is not connected to any nets. (LINT-28)
Warning: In design 'fp32_normal_finite_wrapper', port 'result[7]' is not connected to any nets. (LINT-28)
Warning: In design 'fp32_normal_finite_wrapper', port 'result[6]' is not connected to any nets. (LINT-28)
Warning: In design 'fp32_normal_finite_wrapper', port 'result[5]' is not connected to any nets. (LINT-28)
Warning: In design 'fp32_normal_finite_wrapper', port 'result[4]' is not connected to any nets. (LINT-28)
Warning: In design 'fp32_normal_finite_wrapper', port 'result[3]' is not connected to any nets. (LINT-28)
Warning: In design 'fp32_normal_finite_wrapper', port 'result[2]' is not connected to any nets. (LINT-28)
Warning: In design 'fp32_normal_finite_wrapper', port 'result[1]' is not connected to any nets. (LINT-28)
Warning: In design 'fp32_normal_finite_wrapper', port 'result[0]' is not connected to any nets. (LINT-28)
Warning: In design 'oadm_input_narrow_plane_B6_LEVEL1_R16_DW_mult_tc_0', port 'b[5]' is not connected to any nets. (LINT-28)
Warning: In design 'oadm_input_narrow_plane_B6_LEVEL1_R16_DW_mult_tc_0', port 'b[4]' is not connected to any nets. (LINT-28)
Warning: In design 'oadm_input_narrow_plane_B6_LEVEL1_R16_DW_mult_tc_0', port 'b[2]' is not connected to any nets. (LINT-28)
Warning: In design 'oadm_input_narrow_plane_B6_LEVEL1_R16_DW_mult_tc_0', port 'b[1]' is not connected to any nets. (LINT-28)
Warning: In design 'oadm_input_narrow_plane_B6_LEVEL1_R16_DW_mult_tc_0', port 'b[0]' is not connected to any nets. (LINT-28)
Warning: In design 'oadm_input_narrow_plane_B6_LEVEL1_R16_DW_mult_tc_0', port 'product[10]' is not connected to any nets. (LINT-28)
Warning: In design 'oadm_input_narrow_plane_B6_LEVEL1_R16_DW_mult_tc_0', port 'product[1]' is not connected to any nets. (LINT-28)
Warning: In design 'oadm_input_narrow_plane_B6_LEVEL1_R16_DW_mult_tc_0', port 'product[0]' is not connected to any nets. (LINT-28)
Warning: In design 'oadm_input_narrow_plane_B6_LEVEL1_R16_DW_mult_tc_1', port 'b[5]' is not connected to any nets. (LINT-28)
Warning: In design 'oadm_input_narrow_plane_B6_LEVEL1_R16_DW_mult_tc_1', port 'b[4]' is not connected to any nets. (LINT-28)
Warning: In design 'oadm_input_narrow_plane_B6_LEVEL1_R16_DW_mult_tc_1', port 'b[2]' is not connected to any nets. (LINT-28)
Warning: In design 'oadm_input_narrow_plane_B6_LEVEL1_R16_DW_mult_tc_1', port 'b[1]' is not connected to any nets. (LINT-28)
Warning: In design 'oadm_input_narrow_plane_B6_LEVEL1_R16_DW_mult_tc_1', port 'b[0]' is not connected to any nets. (LINT-28)
Warning: In design 'oadm_input_narrow_plane_B6_LEVEL1_R16_DW_mult_tc_1', port 'product[1]' is not connected to any nets. (LINT-28)
Warning: In design 'oadm_input_narrow_plane_B6_LEVEL1_R16_DW_mult_tc_1', port 'product[0]' is not connected to any nets. (LINT-28)
Warning: In design 'oadm_input_narrow_plane_B6_LEVEL1_R16_DW01_add_2', port 'A[1]' is not connected to any nets. (LINT-28)
Warning: In design 'oadm_input_narrow_plane_B6_LEVEL1_R16_DW01_add_2', port 'A[0]' is not connected to any nets. (LINT-28)
Warning: In design 'oadm_input_narrow_plane_B6_LEVEL1_R16_DW01_add_2', port 'B[1]' is not connected to any nets. (LINT-28)
Warning: In design 'oadm_input_narrow_plane_B6_LEVEL1_R16_DW01_add_2', port 'B[0]' is not connected to any nets. (LINT-28)
Warning: In design 'oadm_input_narrow_plane_B6_LEVEL1_R16_DW01_add_2', port 'CI' is not connected to any nets. (LINT-28)
Warning: In design 'oadm_input_narrow_plane_B6_LEVEL1_R16_DW01_add_2', port 'SUM[2]' is not connected to any nets. (LINT-28)
Warning: In design 'oadm_input_narrow_plane_B6_LEVEL1_R16_DW01_add_2', port 'SUM[1]' is not connected to any nets. (LINT-28)
Warning: In design 'oadm_input_narrow_plane_B6_LEVEL1_R16_DW01_add_2', port 'SUM[0]' is not connected to any nets. (LINT-28)
Warning: In design 'oadm_input_narrow_plane_B6_LEVEL1_R16_DW01_add_2', port 'CO' is not connected to any nets. (LINT-28)
Warning: In design 'oadm_input_trial_6_1_1_16_16_7_53_2a_DW_mult_uns_0_DW_mult_uns_1', port 'b[2]' is not connected to any nets. (LINT-28)
Warning: In design 'oadm_input_trial_6_1_1_16_16_7_53_2a_DW_mult_uns_0_DW_mult_uns_1', port 'b[1]' is not connected to any nets. (LINT-28)
Warning: In design 'oadm_input_trial_6_1_1_16_16_7_53_2a_DW_mult_uns_0_DW_mult_uns_1', port 'product[15]' is not connected to any nets. (LINT-28)
Warning: In design 'fp32_normal_finite_wrapper_DW01_add_1_DW01_add_4', port 'CI' is not connected to any nets. (LINT-28)
Warning: In design 'fp32_normal_finite_wrapper_DW01_add_1_DW01_add_4', port 'CO' is not connected to any nets. (LINT-28)
Warning: In design 'input_l1_narrow_b6', output port 'result[8]' is connected directly to output port 'result[0]'. (LINT-31)
Warning: In design 'input_l1_narrow_b6', output port 'result[8]' is connected directly to output port 'result[1]'. (LINT-31)
Warning: In design 'input_l1_narrow_b6', output port 'result[8]' is connected directly to output port 'result[2]'. (LINT-31)
Warning: In design 'input_l1_narrow_b6', output port 'result[8]' is connected directly to output port 'result[3]'. (LINT-31)
Warning: In design 'input_l1_narrow_b6', output port 'result[8]' is connected directly to output port 'result[4]'. (LINT-31)
Warning: In design 'input_l1_narrow_b6', output port 'result[8]' is connected directly to output port 'result[5]'. (LINT-31)
Warning: In design 'input_l1_narrow_b6', output port 'result[8]' is connected directly to output port 'result[6]'. (LINT-31)
Warning: In design 'input_l1_narrow_b6', output port 'result[8]' is connected directly to output port 'result[7]'. (LINT-31)
Warning: In design 'input_l1_narrow_b6', a pin on submodule 'dut' is connected to logic 1 or logic 0. (LINT-32)
   Pin 'x[16]' is connected to logic 0. 
Warning: In design 'input_l1_narrow_b6', a pin on submodule 'dut' is connected to logic 1 or logic 0. (LINT-32)
   Pin 'x[15]' is connected to logic 0. 
Warning: In design 'input_l1_narrow_b6', a pin on submodule 'dut' is connected to logic 1 or logic 0. (LINT-32)
   Pin 'x[14]' is connected to logic 0. 
Warning: In design 'input_l1_narrow_b6', a pin on submodule 'dut' is connected to logic 1 or logic 0. (LINT-32)
   Pin 'x[13]' is connected to logic 0. 
Warning: In design 'input_l1_narrow_b6', a pin on submodule 'dut' is connected to logic 1 or logic 0. (LINT-32)
   Pin 'x[12]' is connected to logic 0. 
Warning: In design 'input_l1_narrow_b6', a pin on submodule 'dut' is connected to logic 1 or logic 0. (LINT-32)
   Pin 'x[11]' is connected to logic 0. 
Warning: In design 'input_l1_narrow_b6', a pin on submodule 'dut' is connected to logic 1 or logic 0. (LINT-32)
   Pin 'x[10]' is connected to logic 0. 
Warning: In design 'input_l1_narrow_b6', a pin on submodule 'dut' is connected to logic 1 or logic 0. (LINT-32)
   Pin 'x[9]' is connected to logic 0. 
Warning: In design 'input_l1_narrow_b6', a pin on submodule 'dut' is connected to logic 1 or logic 0. (LINT-32)
   Pin 'x[8]' is connected to logic 0. 
Warning: In design 'input_l1_narrow_b6', a pin on submodule 'dut' is connected to logic 1 or logic 0. (LINT-32)
   Pin 'x[7]' is connected to logic 0. 
Warning: In design 'input_l1_narrow_b6', a pin on submodule 'dut' is connected to logic 1 or logic 0. (LINT-32)
   Pin 'x[6]' is connected to logic 0. 
Warning: In design 'input_l1_narrow_b6', a pin on submodule 'dut' is connected to logic 1 or logic 0. (LINT-32)
   Pin 'x[5]' is connected to logic 0. 
Warning: In design 'input_l1_narrow_b6', a pin on submodule 'dut' is connected to logic 1 or logic 0. (LINT-32)
   Pin 'x[4]' is connected to logic 0. 
Warning: In design 'input_l1_narrow_b6', a pin on submodule 'dut' is connected to logic 1 or logic 0. (LINT-32)
   Pin 'x[3]' is connected to logic 0. 
Warning: In design 'input_l1_narrow_b6', a pin on submodule 'dut' is connected to logic 1 or logic 0. (LINT-32)
   Pin 'x[2]' is connected to logic 0. 
Warning: In design 'input_l1_narrow_b6', a pin on submodule 'dut' is connected to logic 1 or logic 0. (LINT-32)
   Pin 'x[1]' is connected to logic 0. 
Warning: In design 'input_l1_narrow_b6', a pin on submodule 'dut' is connected to logic 1 or logic 0. (LINT-32)
   Pin 'x[0]' is connected to logic 0. 
Warning: In design 'input_l1_narrow_b6', a pin on submodule 'dut' is connected to logic 1 or logic 0. (LINT-32)
   Pin 'y[16]' is connected to logic 0. 
Warning: In design 'input_l1_narrow_b6', a pin on submodule 'dut' is connected to logic 1 or logic 0. (LINT-32)
   Pin 'y[15]' is connected to logic 0. 
Warning: In design 'input_l1_narrow_b6', a pin on submodule 'dut' is connected to logic 1 or logic 0. (LINT-32)
   Pin 'y[14]' is connected to logic 0. 
Warning: In design 'input_l1_narrow_b6', a pin on submodule 'dut' is connected to logic 1 or logic 0. (LINT-32)
   Pin 'y[13]' is connected to logic 0. 
Warning: In design 'input_l1_narrow_b6', a pin on submodule 'dut' is connected to logic 1 or logic 0. (LINT-32)
   Pin 'y[12]' is connected to logic 0. 
Warning: In design 'input_l1_narrow_b6', a pin on submodule 'dut' is connected to logic 1 or logic 0. (LINT-32)
   Pin 'y[11]' is connected to logic 0. 
Warning: In design 'input_l1_narrow_b6', a pin on submodule 'dut' is connected to logic 1 or logic 0. (LINT-32)
   Pin 'y[10]' is connected to logic 0. 
Warning: In design 'input_l1_narrow_b6', a pin on submodule 'dut' is connected to logic 1 or logic 0. (LINT-32)
   Pin 'y[9]' is connected to logic 0. 
Warning: In design 'input_l1_narrow_b6', a pin on submodule 'dut' is connected to logic 1 or logic 0. (LINT-32)
   Pin 'y[8]' is connected to logic 0. 
Warning: In design 'input_l1_narrow_b6', a pin on submodule 'dut' is connected to logic 1 or logic 0. (LINT-32)
   Pin 'y[7]' is connected to logic 0. 
Warning: In design 'input_l1_narrow_b6', a pin on submodule 'dut' is connected to logic 1 or logic 0. (LINT-32)
   Pin 'y[6]' is connected to logic 0. 
Warning: In design 'input_l1_narrow_b6', a pin on submodule 'dut' is connected to logic 1 or logic 0. (LINT-32)
   Pin 'y[5]' is connected to logic 0. 
Warning: In design 'input_l1_narrow_b6', a pin on submodule 'dut' is connected to logic 1 or logic 0. (LINT-32)
   Pin 'y[4]' is connected to logic 0. 
Warning: In design 'input_l1_narrow_b6', a pin on submodule 'dut' is connected to logic 1 or logic 0. (LINT-32)
   Pin 'y[3]' is connected to logic 0. 
Warning: In design 'input_l1_narrow_b6', a pin on submodule 'dut' is connected to logic 1 or logic 0. (LINT-32)
   Pin 'y[2]' is connected to logic 0. 
Warning: In design 'input_l1_narrow_b6', a pin on submodule 'dut' is connected to logic 1 or logic 0. (LINT-32)
   Pin 'y[1]' is connected to logic 0. 
Warning: In design 'input_l1_narrow_b6', a pin on submodule 'dut' is connected to logic 1 or logic 0. (LINT-32)
   Pin 'y[0]' is connected to logic 0. 
Warning: In design 'oadm_input_trial_6_1_1_16_16_7_53_2a', a pin on submodule 'fp_wrapper' is connected to logic 1 or logic 0. (LINT-32)
   Pin 'x[16]' is connected to logic 0. 
Warning: In design 'oadm_input_trial_6_1_1_16_16_7_53_2a', a pin on submodule 'fp_wrapper' is connected to logic 1 or logic 0. (LINT-32)
   Pin 'x[15]' is connected to logic 0. 
Warning: In design 'oadm_input_trial_6_1_1_16_16_7_53_2a', a pin on submodule 'fp_wrapper' is connected to logic 1 or logic 0. (LINT-32)
   Pin 'x[14]' is connected to logic 0. 
Warning: In design 'oadm_input_trial_6_1_1_16_16_7_53_2a', a pin on submodule 'fp_wrapper' is connected to logic 1 or logic 0. (LINT-32)
   Pin 'x[13]' is connected to logic 0. 
Warning: In design 'oadm_input_trial_6_1_1_16_16_7_53_2a', a pin on submodule 'fp_wrapper' is connected to logic 1 or logic 0. (LINT-32)
   Pin 'x[12]' is connected to logic 0. 
Warning: In design 'oadm_input_trial_6_1_1_16_16_7_53_2a', a pin on submodule 'fp_wrapper' is connected to logic 1 or logic 0. (LINT-32)
   Pin 'x[11]' is connected to logic 0. 
Warning: In design 'oadm_input_trial_6_1_1_16_16_7_53_2a', a pin on submodule 'fp_wrapper' is connected to logic 1 or logic 0. (LINT-32)
   Pin 'x[10]' is connected to logic 0. 
Warning: In design 'oadm_input_trial_6_1_1_16_16_7_53_2a', a pin on submodule 'fp_wrapper' is connected to logic 1 or logic 0. (LINT-32)
   Pin 'x[9]' is connected to logic 0. 
Warning: In design 'oadm_input_trial_6_1_1_16_16_7_53_2a', a pin on submodule 'fp_wrapper' is connected to logic 1 or logic 0. (LINT-32)
   Pin 'x[8]' is connected to logic 0. 
Warning: In design 'oadm_input_trial_6_1_1_16_16_7_53_2a', a pin on submodule 'fp_wrapper' is connected to logic 1 or logic 0. (LINT-32)
   Pin 'x[7]' is connected to logic 0. 
Warning: In design 'oadm_input_trial_6_1_1_16_16_7_53_2a', a pin on submodule 'fp_wrapper' is connected to logic 1 or logic 0. (LINT-32)
   Pin 'x[6]' is connected to logic 0. 
Warning: In design 'oadm_input_trial_6_1_1_16_16_7_53_2a', a pin on submodule 'fp_wrapper' is connected to logic 1 or logic 0. (LINT-32)
   Pin 'x[5]' is connected to logic 0. 
Warning: In design 'oadm_input_trial_6_1_1_16_16_7_53_2a', a pin on submodule 'fp_wrapper' is connected to logic 1 or logic 0. (LINT-32)
   Pin 'x[4]' is connected to logic 0. 
Warning: In design 'oadm_input_trial_6_1_1_16_16_7_53_2a', a pin on submodule 'fp_wrapper' is connected to logic 1 or logic 0. (LINT-32)
   Pin 'x[3]' is connected to logic 0. 
Warning: In design 'oadm_input_trial_6_1_1_16_16_7_53_2a', a pin on submodule 'fp_wrapper' is connected to logic 1 or logic 0. (LINT-32)
   Pin 'x[2]' is connected to logic 0. 
Warning: In design 'oadm_input_trial_6_1_1_16_16_7_53_2a', a pin on submodule 'fp_wrapper' is connected to logic 1 or logic 0. (LINT-32)
   Pin 'x[1]' is connected to logic 0. 
Warning: In design 'oadm_input_trial_6_1_1_16_16_7_53_2a', a pin on submodule 'fp_wrapper' is connected to logic 1 or logic 0. (LINT-32)
   Pin 'x[0]' is connected to logic 0. 
Warning: In design 'oadm_input_trial_6_1_1_16_16_7_53_2a', a pin on submodule 'fp_wrapper' is connected to logic 1 or logic 0. (LINT-32)
   Pin 'y[16]' is connected to logic 0. 
Warning: In design 'oadm_input_trial_6_1_1_16_16_7_53_2a', a pin on submodule 'fp_wrapper' is connected to logic 1 or logic 0. (LINT-32)
   Pin 'y[15]' is connected to logic 0. 
Warning: In design 'oadm_input_trial_6_1_1_16_16_7_53_2a', a pin on submodule 'fp_wrapper' is connected to logic 1 or logic 0. (LINT-32)
   Pin 'y[14]' is connected to logic 0. 
Warning: In design 'oadm_input_trial_6_1_1_16_16_7_53_2a', a pin on submodule 'fp_wrapper' is connected to logic 1 or logic 0. (LINT-32)
   Pin 'y[13]' is connected to logic 0. 
Warning: In design 'oadm_input_trial_6_1_1_16_16_7_53_2a', a pin on submodule 'fp_wrapper' is connected to logic 1 or logic 0. (LINT-32)
   Pin 'y[12]' is connected to logic 0. 
Warning: In design 'oadm_input_trial_6_1_1_16_16_7_53_2a', a pin on submodule 'fp_wrapper' is connected to logic 1 or logic 0. (LINT-32)
   Pin 'y[11]' is connected to logic 0. 
Warning: In design 'oadm_input_trial_6_1_1_16_16_7_53_2a', a pin on submodule 'fp_wrapper' is connected to logic 1 or logic 0. (LINT-32)
   Pin 'y[10]' is connected to logic 0. 
Warning: In design 'oadm_input_trial_6_1_1_16_16_7_53_2a', a pin on submodule 'fp_wrapper' is connected to logic 1 or logic 0. (LINT-32)
   Pin 'y[9]' is connected to logic 0. 
Warning: In design 'oadm_input_trial_6_1_1_16_16_7_53_2a', a pin on submodule 'fp_wrapper' is connected to logic 1 or logic 0. (LINT-32)
   Pin 'y[8]' is connected to logic 0. 
Warning: In design 'oadm_input_trial_6_1_1_16_16_7_53_2a', a pin on submodule 'fp_wrapper' is connected to logic 1 or logic 0. (LINT-32)
   Pin 'y[7]' is connected to logic 0. 
Warning: In design 'oadm_input_trial_6_1_1_16_16_7_53_2a', a pin on submodule 'fp_wrapper' is connected to logic 1 or logic 0. (LINT-32)
   Pin 'y[6]' is connected to logic 0. 
Warning: In design 'oadm_input_trial_6_1_1_16_16_7_53_2a', a pin on submodule 'fp_wrapper' is connected to logic 1 or logic 0. (LINT-32)
   Pin 'y[5]' is connected to logic 0. 
Warning: In design 'oadm_input_trial_6_1_1_16_16_7_53_2a', a pin on submodule 'fp_wrapper' is connected to logic 1 or logic 0. (LINT-32)
   Pin 'y[4]' is connected to logic 0. 
Warning: In design 'oadm_input_trial_6_1_1_16_16_7_53_2a', a pin on submodule 'fp_wrapper' is connected to logic 1 or logic 0. (LINT-32)
   Pin 'y[3]' is connected to logic 0. 
Warning: In design 'oadm_input_trial_6_1_1_16_16_7_53_2a', a pin on submodule 'fp_wrapper' is connected to logic 1 or logic 0. (LINT-32)
   Pin 'y[2]' is connected to logic 0. 
Warning: In design 'oadm_input_trial_6_1_1_16_16_7_53_2a', a pin on submodule 'fp_wrapper' is connected to logic 1 or logic 0. (LINT-32)
   Pin 'y[1]' is connected to logic 0. 
Warning: In design 'oadm_input_trial_6_1_1_16_16_7_53_2a', a pin on submodule 'fp_wrapper' is connected to logic 1 or logic 0. (LINT-32)
   Pin 'y[0]' is connected to logic 0. 
Warning: In design 'oadm_input_trial_6_1_1_16_16_7_53_2a', a pin on submodule 'fp_wrapper' is connected to logic 1 or logic 0. (LINT-32)
   Pin 'divide_mode' is connected to logic 0. 
Warning: In design 'oadm_input_trial_6_1_1_16_16_7_53_2a', a pin on submodule 'fp_wrapper' is connected to logic 1 or logic 0. (LINT-32)
   Pin 'result_fraction[8]' is connected to logic 0. 
Warning: In design 'oadm_input_trial_6_1_1_16_16_7_53_2a', a pin on submodule 'fp_wrapper' is connected to logic 1 or logic 0. (LINT-32)
   Pin 'result_fraction[7]' is connected to logic 0. 
Warning: In design 'oadm_input_trial_6_1_1_16_16_7_53_2a', a pin on submodule 'fp_wrapper' is connected to logic 1 or logic 0. (LINT-32)
   Pin 'result_fraction[6]' is connected to logic 0. 
Warning: In design 'oadm_input_trial_6_1_1_16_16_7_53_2a', a pin on submodule 'fp_wrapper' is connected to logic 1 or logic 0. (LINT-32)
   Pin 'result_fraction[5]' is connected to logic 0. 
Warning: In design 'oadm_input_trial_6_1_1_16_16_7_53_2a', a pin on submodule 'fp_wrapper' is connected to logic 1 or logic 0. (LINT-32)
   Pin 'result_fraction[4]' is connected to logic 0. 
Warning: In design 'oadm_input_trial_6_1_1_16_16_7_53_2a', a pin on submodule 'fp_wrapper' is connected to logic 1 or logic 0. (LINT-32)
   Pin 'result_fraction[3]' is connected to logic 0. 
Warning: In design 'oadm_input_trial_6_1_1_16_16_7_53_2a', a pin on submodule 'fp_wrapper' is connected to logic 1 or logic 0. (LINT-32)
   Pin 'result_fraction[2]' is connected to logic 0. 
Warning: In design 'oadm_input_trial_6_1_1_16_16_7_53_2a', a pin on submodule 'fp_wrapper' is connected to logic 1 or logic 0. (LINT-32)
   Pin 'result_fraction[1]' is connected to logic 0. 
Warning: In design 'oadm_input_trial_6_1_1_16_16_7_53_2a', a pin on submodule 'fp_wrapper' is connected to logic 1 or logic 0. (LINT-32)
   Pin 'result_fraction[0]' is connected to logic 0. 
Warning: In design 'oadm_input_trial_6_1_1_16_16_7_53_2a', the same net is connected to more than one pin on submodule 'fp_wrapper'. (LINT-33)
   Net 'exponent_adjust_2_' is connected to pins 'exponent_adjust[2]', 'exponent_adjust[1]''.
Warning: In design 'oadm_input_trial_6_1_1_16_16_7_53_2a', the same net is connected to more than one pin on submodule 'mult_69'. (LINT-33)
   Net 'coefficient_0' is connected to pins 'b[6]', 'b[4]'', 'b[0]'.
Warning: In design 'oadm_input_trial_6_1_1_16_16_7_53_2a', the same net is connected to more than one pin on submodule 'mult_69'. (LINT-33)
   Net 'coefficient_5_' is connected to pins 'b[5]', 'b[3]''.
Warning: In design 'oadm_input_narrow_plane_B6_LEVEL1_R16', the same net is connected to more than one pin on submodule 'mult_17'. (LINT-33)
   Net 'net2154' is connected to pins 'b[5]', 'b[1]'', 'b[0]'.
Warning: In design 'oadm_input_narrow_plane_B6_LEVEL1_R16', the same net is connected to more than one pin on submodule 'mult_17'. (LINT-33)
   Net 'n14' is connected to pins 'b[4]', 'b[2]''.
Warning: In design 'oadm_input_narrow_plane_B6_LEVEL1_R16', the same net is connected to more than one pin on submodule 'mult_18'. (LINT-33)
   Net 'net2154' is connected to pins 'b[5]', 'b[1]'', 'b[0]'.
Warning: In design 'oadm_input_narrow_plane_B6_LEVEL1_R16', the same net is connected to more than one pin on submodule 'mult_18'. (LINT-33)
   Net 'n14' is connected to pins 'b[4]', 'b[2]''.
Warning: In design 'oadm_input_narrow_plane_B6_LEVEL1_R16', the same net is connected to more than one pin on submodule 'add_0_root_sub_0_root_sub_25'. (LINT-33)
   Net 'px[10]' is connected to pins 'A[11]', 'A[10]''.
Warning: In design 'oadm_input_narrow_plane_B6_LEVEL1_R16', the same net is connected to more than one pin on submodule 'add_0_root_sub_0_root_sub_25'. (LINT-33)
   Net 'net2154' is connected to pins 'A[1]', 'A[0]'', 'B[1]', 'B[0]', 'CI'.
Warning: In design 'input_l1_narrow_b6', output port 'result[8]' is connected directly to 'logic 0'. (LINT-52)
Warning: In design 'input_l1_narrow_b6', output port 'result[7]' is connected directly to 'logic 0'. (LINT-52)
Warning: In design 'input_l1_narrow_b6', output port 'result[6]' is connected directly to 'logic 0'. (LINT-52)
Warning: In design 'input_l1_narrow_b6', output port 'result[5]' is connected directly to 'logic 0'. (LINT-52)
Warning: In design 'input_l1_narrow_b6', output port 'result[4]' is connected directly to 'logic 0'. (LINT-52)
Warning: In design 'input_l1_narrow_b6', output port 'result[3]' is connected directly to 'logic 0'. (LINT-52)
Warning: In design 'input_l1_narrow_b6', output port 'result[2]' is connected directly to 'logic 0'. (LINT-52)
Warning: In design 'input_l1_narrow_b6', output port 'result[1]' is connected directly to 'logic 0'. (LINT-52)
Warning: In design 'input_l1_narrow_b6', output port 'result[0]' is connected directly to 'logic 0'. (LINT-52)
1
 
****************************************
Report : area
Design : input_l1_narrow_b6
Version: U-2022.12-SP7
Date   : Sat Sep  5 14:57:25 2026
****************************************

Library(s) Used:

    tcbn65gplustc_ccs (File: /courses/ee6350/pdk2025/tcbn65gplus/TSMCHOME/digital/Front_End/timing_power_noise/CCS/tcbn65gplus_200a/tcbn65gplustc_ccs.db)

Number of ports:                          538
Number of nets:                           726
Number of cells:                          368
Number of combinational cells:            281
Number of sequential cells:                 0
Number of macros/black boxes:               0
Number of buf/inv:                         88
Number of references:                       1

Combinational area:               1067.400003
Buf/Inv area:                      104.760004
Noncombinational area:               0.000000
Macro/Black Box area:                0.000000
Net Interconnect area:      undefined  (Wire load has zero net area)

Total cell area:                  1067.400003
Total area:                 undefined
1
 
****************************************
Report : area
Design : input_l1_narrow_b6
Version: U-2022.12-SP7
Date   : Sat Sep  5 14:57:25 2026
****************************************

Library(s) Used:

    tcbn65gplustc_ccs (File: /courses/ee6350/pdk2025/tcbn65gplus/TSMCHOME/digital/Front_End/timing_power_noise/CCS/tcbn65gplus_200a/tcbn65gplustc_ccs.db)

Number of ports:                          538
Number of nets:                           726
Number of cells:                          368
Number of combinational cells:            281
Number of sequential cells:                 0
Number of macros/black boxes:               0
Number of buf/inv:                         88
Number of references:                       1

Combinational area:               1067.400003
Buf/Inv area:                      104.760004
Noncombinational area:               0.000000
Macro/Black Box area:                0.000000
Net Interconnect area:      undefined  (Wire load has zero net area)

Total cell area:                  1067.400003
Total area:                 undefined

Hierarchical area distribution
------------------------------

                                  Global cell area          Local cell area
                                  ------------------  ---------------------------- 
Hierarchical cell                 Absolute   Percent  Combi-     Noncombi-  Black-
                                  Total      Total    national   national   boxes   Design
--------------------------------  ---------  -------  ---------  ---------  ------  ----------------------------------------------------------------
input_l1_narrow_b6                1067.4000    100.0     0.0000     0.0000  0.0000  input_l1_narrow_b6
dut                               1067.4000    100.0    67.6800     0.0000  0.0000  oadm_input_trial_6_1_1_16_16_7_53_2a
dut/fp_wrapper                     181.4400     17.0   115.5600     0.0000  0.0000  fp32_normal_finite_wrapper
dut/fp_wrapper/add_1_root_add_0_root_add_22_2
                                    65.8800      6.2    65.8800     0.0000  0.0000  fp32_normal_finite_wrapper_DW01_add_1_DW01_add_4
dut/mult_69                        363.9600     34.1   363.9600     0.0000  0.0000  oadm_input_trial_6_1_1_16_16_7_53_2a_DW_mult_uns_0_DW_mult_uns_1
dut/narrow_plane                   454.3200     42.6   106.9200     0.0000  0.0000  oadm_input_narrow_plane_B6_LEVEL1_R16
dut/narrow_plane/add_0_root_sub_0_root_sub_25
                                    80.2800      7.5    80.2800     0.0000  0.0000  oadm_input_narrow_plane_B6_LEVEL1_R16_DW01_add_2
dut/narrow_plane/mult_17           134.2800     12.6   134.2800     0.0000  0.0000  oadm_input_narrow_plane_B6_LEVEL1_R16_DW_mult_tc_1
dut/narrow_plane/mult_18           132.8400     12.4   132.8400     0.0000  0.0000  oadm_input_narrow_plane_B6_LEVEL1_R16_DW_mult_tc_0
--------------------------------  ---------  -------  ---------  ---------  ------  ----------------------------------------------------------------
Total                                                 1067.4000     0.0000  0.0000

1
Information: Propagating switching activity (medium effort zero delay simulation). (PWR-6)
Warning: Design has unannotated primary inputs. (PWR-414)
 
****************************************
Report : power
        -hier
        -analysis_effort medium
        -verbose
Design : input_l1_narrow_b6
Version: U-2022.12-SP7
Date   : Sat Sep  5 14:57:25 2026
****************************************


Library(s) Used:

    tcbn65gplustc_ccs (File: /courses/ee6350/pdk2025/tcbn65gplus/TSMCHOME/digital/Front_End/timing_power_noise/CCS/tcbn65gplus_200a/tcbn65gplustc_ccs.db)


Operating Conditions: NCCOM   Library: tcbn65gplustc_ccs
Wire Load Model Mode: segmented

Design        Wire Load Model            Library
------------------------------------------------
input_l1_narrow_b6     ZeroWireload      tcbn65gplustc_ccs
oadm_input_trial_6_1_1_16_16_7_53_2a
                       ZeroWireload      tcbn65gplustc_ccs
oadm_input_narrow_plane_B6_LEVEL1_R16
                       ZeroWireload      tcbn65gplustc_ccs
fp32_normal_finite_wrapper
                       ZeroWireload      tcbn65gplustc_ccs
oadm_input_narrow_plane_B6_LEVEL1_R16_DW_mult_tc_0
                       ZeroWireload      tcbn65gplustc_ccs
oadm_input_narrow_plane_B6_LEVEL1_R16_DW_mult_tc_1
                       ZeroWireload      tcbn65gplustc_ccs
oadm_input_narrow_plane_B6_LEVEL1_R16_DW01_add_2
                       ZeroWireload      tcbn65gplustc_ccs
oadm_input_trial_6_1_1_16_16_7_53_2a_DW_mult_uns_0_DW_mult_uns_1
                       ZeroWireload      tcbn65gplustc_ccs
fp32_normal_finite_wrapper_DW01_add_1_DW01_add_4
                       ZeroWireload      tcbn65gplustc_ccs


Global Operating Voltage = 1    
Power-specific unit information :
    Voltage Units = 1V
    Capacitance Units = 1.000000pf
    Time Units = 1ns
    Dynamic Power Units = 1mW    (derived from V,C,T units)
    Leakage Power Units = 1nW


--------------------------------------------------------------------------------
                                       Switch   Int      Leak     Total
Hierarchy                              Power    Power    Power    Power    %
--------------------------------------------------------------------------------
input_l1_narrow_b6                     1.08e-02 3.05e-02 6.50e+03 4.78e-02 100.0
  dut (oadm_input_trial_6_1_1_16_16_7_53_2a)
                                       1.08e-02 3.05e-02 6.50e+03 4.78e-02 100.0
    mult_69 (oadm_input_trial_6_1_1_16_16_7_53_2a_DW_mult_uns_0_DW_mult_uns_1)
                                       3.20e-03 1.45e-02 2.34e+03 2.00e-02  41.9
    fp_wrapper (fp32_normal_finite_wrapper)
                                       2.56e-03 5.26e-03 1.26e+03 9.08e-03  19.0
      add_1_root_add_0_root_add_22_2 (fp32_normal_finite_wrapper_DW01_add_1_DW01_add_4)
                                       2.63e-04 1.69e-03  452.433 2.41e-03   5.0
    narrow_plane (oadm_input_narrow_plane_B6_LEVEL1_R16)
                                       3.27e-03 9.15e-03 2.64e+03 1.51e-02  31.5
      add_0_root_sub_0_root_sub_25 (oadm_input_narrow_plane_B6_LEVEL1_R16_DW01_add_2)
                                       1.15e-03 2.85e-03  558.576 4.56e-03   9.6
      mult_18 (oadm_input_narrow_plane_B6_LEVEL1_R16_DW_mult_tc_0)
                                       7.09e-04 2.27e-03  731.862 3.71e-03   7.8
      mult_17 (oadm_input_narrow_plane_B6_LEVEL1_R16_DW_mult_tc_1)
                                       7.03e-04 2.30e-03  742.750 3.74e-03   7.8
1
 
****************************************
Report : constraint
        -all_violators
        -verbose
Design : input_l1_narrow_b6
Version: U-2022.12-SP7
Date   : Sat Sep  5 14:57:25 2026
****************************************


    Design: input_l1_narrow_b6

    max_area               0.00
  - Current Area        1067.40
  ------------------------------
    Slack              -1067.40  (VIOLATED)


1
