****************************************
Report : qor
Design : unified_div_drop_l2_shared
Version: U-2022.12-SP5
Date   : Wed Sep 16 00:51:26 2026
****************************************

  Timing Path Group 'vclk' (max_delay/setup)
  ---------------------------------------------
  Levels of Logic:                           38
  Critical Path Length:                    2.45
  Critical Path Slack:                     7.53
  Total Negative Slack:                    0.00
  No. of Violating Paths:                     0
  ---------------------------------------------

  Timing Path Group 'vclk' (min_delay/hold)
  ---------------------------------------------
  Levels of Logic:                            1
  Critical Path Length:                    0.07
  Critical Path Slack:                     0.09
  Total Negative Slack:                    0.00
  No. of Violating Paths:                     0
  ---------------------------------------------

  Area
  ---------------------------------------------
  Net Interconnect area:                   0.00
  Total cell area:                      1562.04
  Design Area:                          1562.04
  Area Cost:                           -1562.04
  ---------------------------------------------


  Cell & Pin Count
  ---------------------------------------------
  Pin Count:                               1675
  Hierarchical Cell Count:                    8
  Hierarchical Port Count:                  448
  Leaf Cell Count:                          469
  ---------------------------------------------


  Design Rule Violations
  ---------------------------------------------
  Total No. of Pins in Design:             1675
  max_capacitance Count:                      1
  max_capacitance Cost:                    0.00
  Total DRC Cost:                          0.00
  ---------------------------------------------

1
