****************************************
Report : timing
	-path_type full
	-delay_type max
	-nworst 10
	-slack_lesser_than 1000.00000
	-max_paths 10
	-sort_by slack
Design : unified_div_drop_l2_separate
Version: U-2022.12-SP5
Date   : Wed Sep 16 00:50:17 2026
****************************************


  Startpoint: y[21] (input port clocked by vclk)
  Endpoint: result[30] (output port clocked by vclk)
  Path Group: vclk
  Path Type: max

  Point                                                   Incr       Path
  ------------------------------------------------------------------------------
  clock vclk (rise edge)                               0.00000    0.00000
  clock network delay (ideal)                          0.00000    0.00000
  input external delay                                 0.02000    0.02000 f
  y[21] (in)                                           0.00470    0.02470 f
  wrapper/U61/Z (CKBD1)                                0.04960    0.07430 f
  div_core/U78/ZN (INVD1)                              0.02615    0.10046 r
  div_core/U62/ZN (NR2D1)                              0.02358    0.12403 f
  div_core/U63/ZN (ND2D1)                              0.03395    0.15799 r
  div_core/U38/Z (AN2XD1)                              0.04600    0.20399 r
  div_core/U36/Z (AN2XD1)                              0.03914    0.24312 r
  div_core/U27/ZN (ND3D1)                              0.03328    0.27640 f
  div_core/U26/ZN (IINR4D0)                            0.05690    0.33330 r
  div_core/U25/ZN (ND4D1)                              0.04755    0.38085 f
  div_core/mult_28/U60/ZN (INVD1)                      0.02900    0.40985 r
  div_core/mult_28/U80/ZN (NR2D0)                      0.02114    0.43098 f
  div_core/mult_28/U16/S (CMPE42D1)                    0.17579    0.60677 f
  div_core/mult_28/U8/CO (FA1D0)                       0.10007    0.70684 f
  div_core/mult_28/U7/CO (FA1D0)                       0.05524    0.76209 f
  div_core/mult_28/U6/CO (FA1D0)                       0.05524    0.81733 f
  div_core/mult_28/U5/CO (FA1D0)                       0.05524    0.87258 f
  div_core/mult_28/U4/S (FA1D0)                        0.07667    0.94924 r
  div_core/add_1_root_sub_30/U1_8/CO (FA1D0)           0.08338    1.03262 r
  div_core/add_1_root_sub_30/U1_9/CO (FA1D0)           0.05068    1.08331 r
  div_core/add_1_root_sub_30/U1_10/S (FA1D0)           0.07029    1.15359 r
  div_core/sub_0_root_sub_30/U2_10/CO (FA1D0)          0.09207    1.24567 r
  div_core/sub_0_root_sub_30/U2_11/CO (FA1D0)          0.05068    1.29635 r
  div_core/sub_0_root_sub_30/U2_12/CO (FA1D0)          0.05157    1.34792 r
  div_core/sub_0_root_sub_30/U2_13/Z (XOR3D1)          0.06799    1.41591 f
  U104/ZN (AOI22D1)                                    0.14052    1.55643 r
  U80/ZN (IND3D1)                                      0.13379    1.69022 f
  U78/ZN (ND2D1)                                       0.16854    1.85876 r
  wrapper/U44/CO (FA1D0)                               0.11301    1.97177 r
  wrapper/U45/CO (FA1D0)                               0.05162    2.02339 r
  wrapper/U46/CO (FA1D0)                               0.05162    2.07500 r
  wrapper/U47/CO (FA1D0)                               0.05162    2.12662 r
  wrapper/U48/CO (FA1D0)                               0.05162    2.17824 r
  wrapper/U49/CO (FA1D0)                               0.05250    2.23074 r
  wrapper/U60/Z (XOR3D1)                               0.06694    2.29768 f
  wrapper/U58/Z (AO22D0)                               0.07705    2.37473 f
  result[30] (out)                                     0.00000    2.37473 f
  data arrival time                                               2.37473

  clock vclk (rise edge)                              10.00000   10.00000
  clock network delay (ideal)                          0.00000   10.00000
  clock reconvergence pessimism                        0.00000   10.00000
  output external delay                               -0.02000    9.98000
  data required time                                              9.98000
  ------------------------------------------------------------------------------
  data required time                                              9.98000
  data arrival time                                              -2.37473
  ------------------------------------------------------------------------------
  slack (MET)                                                     7.60527


  Startpoint: y[21] (input port clocked by vclk)
  Endpoint: result[30] (output port clocked by vclk)
  Path Group: vclk
  Path Type: max

  Point                                                   Incr       Path
  ------------------------------------------------------------------------------
  clock vclk (rise edge)                               0.00000    0.00000
  clock network delay (ideal)                          0.00000    0.00000
  input external delay                                 0.02000    0.02000 f
  y[21] (in)                                           0.00470    0.02470 f
  wrapper/U61/Z (CKBD1)                                0.04960    0.07430 f
  div_core/U78/ZN (INVD1)                              0.02615    0.10046 r
  div_core/U62/ZN (NR2D1)                              0.02358    0.12403 f
  div_core/U63/ZN (ND2D1)                              0.03395    0.15799 r
  div_core/U38/Z (AN2XD1)                              0.04600    0.20399 r
  div_core/U36/Z (AN2XD1)                              0.03914    0.24312 r
  div_core/U27/ZN (ND3D1)                              0.03328    0.27640 f
  div_core/U26/ZN (IINR4D0)                            0.05690    0.33330 r
  div_core/U25/ZN (ND4D1)                              0.04755    0.38085 f
  div_core/mult_28/U60/ZN (INVD1)                      0.02900    0.40985 r
  div_core/mult_28/U80/ZN (NR2D0)                      0.02114    0.43098 f
  div_core/mult_28/U16/S (CMPE42D1)                    0.17579    0.60677 f
  div_core/mult_28/U8/CO (FA1D0)                       0.10007    0.70684 f
  div_core/mult_28/U7/CO (FA1D0)                       0.05524    0.76209 f
  div_core/mult_28/U6/CO (FA1D0)                       0.05524    0.81733 f
  div_core/mult_28/U5/CO (FA1D0)                       0.05524    0.87258 f
  div_core/mult_28/U4/S (FA1D0)                        0.07667    0.94924 r
  div_core/add_1_root_sub_30/U1_8/CO (FA1D0)           0.08338    1.03262 r
  div_core/add_1_root_sub_30/U1_9/S (FA1D0)            0.07029    1.10291 r
  div_core/sub_0_root_sub_30/U2_9/CO (FA1D0)           0.09207    1.19498 r
  div_core/sub_0_root_sub_30/U2_10/CO (FA1D0)          0.05068    1.24567 r
  div_core/sub_0_root_sub_30/U2_11/CO (FA1D0)          0.05068    1.29635 r
  div_core/sub_0_root_sub_30/U2_12/CO (FA1D0)          0.05157    1.34792 r
  div_core/sub_0_root_sub_30/U2_13/Z (XOR3D1)          0.06799    1.41591 f
  U104/ZN (AOI22D1)                                    0.14052    1.55643 r
  U80/ZN (IND3D1)                                      0.13379    1.69022 f
  U78/ZN (ND2D1)                                       0.16854    1.85876 r
  wrapper/U44/CO (FA1D0)                               0.11301    1.97177 r
  wrapper/U45/CO (FA1D0)                               0.05162    2.02339 r
  wrapper/U46/CO (FA1D0)                               0.05162    2.07500 r
  wrapper/U47/CO (FA1D0)                               0.05162    2.12662 r
  wrapper/U48/CO (FA1D0)                               0.05162    2.17824 r
  wrapper/U49/CO (FA1D0)                               0.05250    2.23074 r
  wrapper/U60/Z (XOR3D1)                               0.06694    2.29768 f
  wrapper/U58/Z (AO22D0)                               0.07705    2.37473 f
  result[30] (out)                                     0.00000    2.37473 f
  data arrival time                                               2.37473

  clock vclk (rise edge)                              10.00000   10.00000
  clock network delay (ideal)                          0.00000   10.00000
  clock reconvergence pessimism                        0.00000   10.00000
  output external delay                               -0.02000    9.98000
  data required time                                              9.98000
  ------------------------------------------------------------------------------
  data required time                                              9.98000
  data arrival time                                              -2.37473
  ------------------------------------------------------------------------------
  slack (MET)                                                     7.60527


  Startpoint: y[21] (input port clocked by vclk)
  Endpoint: result[30] (output port clocked by vclk)
  Path Group: vclk
  Path Type: max

  Point                                                   Incr       Path
  ------------------------------------------------------------------------------
  clock vclk (rise edge)                               0.00000    0.00000
  clock network delay (ideal)                          0.00000    0.00000
  input external delay                                 0.02000    0.02000 f
  y[21] (in)                                           0.00470    0.02470 f
  wrapper/U61/Z (CKBD1)                                0.04960    0.07430 f
  div_core/U78/ZN (INVD1)                              0.02615    0.10046 r
  div_core/U62/ZN (NR2D1)                              0.02358    0.12403 f
  div_core/U63/ZN (ND2D1)                              0.03395    0.15799 r
  div_core/U38/Z (AN2XD1)                              0.04600    0.20399 r
  div_core/U36/Z (AN2XD1)                              0.03914    0.24312 r
  div_core/U27/ZN (ND3D1)                              0.03328    0.27640 f
  div_core/U26/ZN (IINR4D0)                            0.05690    0.33330 r
  div_core/U25/ZN (ND4D1)                              0.04755    0.38085 f
  div_core/mult_28/U60/ZN (INVD1)                      0.02900    0.40985 r
  div_core/mult_28/U80/ZN (NR2D0)                      0.02114    0.43098 f
  div_core/mult_28/U16/S (CMPE42D1)                    0.17579    0.60677 f
  div_core/mult_28/U8/CO (FA1D0)                       0.10007    0.70684 f
  div_core/mult_28/U7/CO (FA1D0)                       0.05524    0.76209 f
  div_core/mult_28/U6/CO (FA1D0)                       0.05524    0.81733 f
  div_core/mult_28/U5/CO (FA1D0)                       0.05524    0.87258 f
  div_core/mult_28/U4/S (FA1D0)                        0.07667    0.94924 r
  div_core/add_1_root_sub_30/U1_8/CO (FA1D0)           0.08338    1.03262 r
  div_core/add_1_root_sub_30/U1_9/CO (FA1D0)           0.05068    1.08331 r
  div_core/add_1_root_sub_30/U1_10/CO (FA1D0)          0.05068    1.13399 r
  div_core/add_1_root_sub_30/U1_11/S (FA1D0)           0.07029    1.20428 r
  div_core/sub_0_root_sub_30/U2_11/CO (FA1D0)          0.09207    1.29635 r
  div_core/sub_0_root_sub_30/U2_12/CO (FA1D0)          0.05157    1.34792 r
  div_core/sub_0_root_sub_30/U2_13/Z (XOR3D1)          0.06799    1.41591 f
  U104/ZN (AOI22D1)                                    0.14052    1.55643 r
  U80/ZN (IND3D1)                                      0.13379    1.69022 f
  U78/ZN (ND2D1)                                       0.16854    1.85876 r
  wrapper/U44/CO (FA1D0)                               0.11301    1.97177 r
  wrapper/U45/CO (FA1D0)                               0.05162    2.02339 r
  wrapper/U46/CO (FA1D0)                               0.05162    2.07500 r
  wrapper/U47/CO (FA1D0)                               0.05162    2.12662 r
  wrapper/U48/CO (FA1D0)                               0.05162    2.17824 r
  wrapper/U49/CO (FA1D0)                               0.05250    2.23074 r
  wrapper/U60/Z (XOR3D1)                               0.06694    2.29768 f
  wrapper/U58/Z (AO22D0)                               0.07705    2.37473 f
  result[30] (out)                                     0.00000    2.37473 f
  data arrival time                                               2.37473

  clock vclk (rise edge)                              10.00000   10.00000
  clock network delay (ideal)                          0.00000   10.00000
  clock reconvergence pessimism                        0.00000   10.00000
  output external delay                               -0.02000    9.98000
  data required time                                              9.98000
  ------------------------------------------------------------------------------
  data required time                                              9.98000
  data arrival time                                              -2.37473
  ------------------------------------------------------------------------------
  slack (MET)                                                     7.60527


  Startpoint: y[21] (input port clocked by vclk)
  Endpoint: result[30] (output port clocked by vclk)
  Path Group: vclk
  Path Type: max

  Point                                                   Incr       Path
  ------------------------------------------------------------------------------
  clock vclk (rise edge)                               0.00000    0.00000
  clock network delay (ideal)                          0.00000    0.00000
  input external delay                                 0.02000    0.02000 f
  y[21] (in)                                           0.00470    0.02470 f
  wrapper/U61/Z (CKBD1)                                0.04960    0.07430 f
  div_core/U78/ZN (INVD1)                              0.02615    0.10046 r
  div_core/U62/ZN (NR2D1)                              0.02358    0.12403 f
  div_core/U63/ZN (ND2D1)                              0.03395    0.15799 r
  div_core/U38/Z (AN2XD1)                              0.04600    0.20399 r
  div_core/U36/Z (AN2XD1)                              0.03914    0.24312 r
  div_core/U27/ZN (ND3D1)                              0.03328    0.27640 f
  div_core/U26/ZN (IINR4D0)                            0.05690    0.33330 r
  div_core/U25/ZN (ND4D1)                              0.04755    0.38085 f
  div_core/mult_28/U60/ZN (INVD1)                      0.02900    0.40985 r
  div_core/mult_28/U80/ZN (NR2D0)                      0.02114    0.43098 f
  div_core/mult_28/U16/S (CMPE42D1)                    0.17579    0.60677 f
  div_core/mult_28/U8/CO (FA1D0)                       0.10007    0.70684 f
  div_core/mult_28/U7/CO (FA1D0)                       0.05524    0.76209 f
  div_core/mult_28/U6/CO (FA1D0)                       0.05524    0.81733 f
  div_core/mult_28/U5/CO (FA1D0)                       0.05524    0.87258 f
  div_core/mult_28/U4/S (FA1D0)                        0.07667    0.94924 r
  div_core/add_1_root_sub_30/U1_8/CO (FA1D0)           0.08338    1.03262 r
  div_core/add_1_root_sub_30/U1_9/CO (FA1D0)           0.05068    1.08331 r
  div_core/add_1_root_sub_30/U1_10/CO (FA1D0)          0.05068    1.13399 r
  div_core/add_1_root_sub_30/U1_11/CO (FA1D0)          0.05068    1.18468 r
  div_core/add_1_root_sub_30/U1_12/S (FA1D0)           0.07029    1.25496 r
  div_core/sub_0_root_sub_30/U2_12/CO (FA1D0)          0.09295    1.34791 r
  div_core/sub_0_root_sub_30/U2_13/Z (XOR3D1)          0.06799    1.41590 f
  U104/ZN (AOI22D1)                                    0.14052    1.55642 r
  U80/ZN (IND3D1)                                      0.13379    1.69021 f
  U78/ZN (ND2D1)                                       0.16854    1.85875 r
  wrapper/U44/CO (FA1D0)                               0.11301    1.97176 r
  wrapper/U45/CO (FA1D0)                               0.05162    2.02338 r
  wrapper/U46/CO (FA1D0)                               0.05162    2.07500 r
  wrapper/U47/CO (FA1D0)                               0.05162    2.12661 r
  wrapper/U48/CO (FA1D0)                               0.05162    2.17823 r
  wrapper/U49/CO (FA1D0)                               0.05250    2.23073 r
  wrapper/U60/Z (XOR3D1)                               0.06694    2.29767 f
  wrapper/U58/Z (AO22D0)                               0.07705    2.37472 f
  result[30] (out)                                     0.00000    2.37472 f
  data arrival time                                               2.37472

  clock vclk (rise edge)                              10.00000   10.00000
  clock network delay (ideal)                          0.00000   10.00000
  clock reconvergence pessimism                        0.00000   10.00000
  output external delay                               -0.02000    9.98000
  data required time                                              9.98000
  ------------------------------------------------------------------------------
  data required time                                              9.98000
  data arrival time                                              -2.37472
  ------------------------------------------------------------------------------
  slack (MET)                                                     7.60528


  Startpoint: y[21] (input port clocked by vclk)
  Endpoint: result[30] (output port clocked by vclk)
  Path Group: vclk
  Path Type: max

  Point                                                   Incr       Path
  ------------------------------------------------------------------------------
  clock vclk (rise edge)                               0.00000    0.00000
  clock network delay (ideal)                          0.00000    0.00000
  input external delay                                 0.02000    0.02000 f
  y[21] (in)                                           0.00470    0.02470 f
  wrapper/U61/Z (CKBD1)                                0.04960    0.07430 f
  div_core/U78/ZN (INVD1)                              0.02615    0.10046 r
  div_core/U62/ZN (NR2D1)                              0.02358    0.12403 f
  div_core/U63/ZN (ND2D1)                              0.03395    0.15799 r
  div_core/U38/Z (AN2XD1)                              0.04600    0.20399 r
  div_core/U36/Z (AN2XD1)                              0.03914    0.24312 r
  div_core/U27/ZN (ND3D1)                              0.03328    0.27640 f
  div_core/U26/ZN (IINR4D0)                            0.05690    0.33330 r
  div_core/U25/ZN (ND4D1)                              0.04755    0.38085 f
  div_core/mult_28/U60/ZN (INVD1)                      0.02900    0.40985 r
  div_core/mult_28/U80/ZN (NR2D0)                      0.02114    0.43098 f
  div_core/mult_28/U16/S (CMPE42D1)                    0.17579    0.60677 f
  div_core/mult_28/U8/CO (FA1D0)                       0.10007    0.70684 f
  div_core/mult_28/U7/CO (FA1D0)                       0.05524    0.76209 f
  div_core/mult_28/U6/S (FA1D0)                        0.07667    0.83876 r
  div_core/add_1_root_sub_30/U1_6/S (FA1D0)            0.09979    0.93855 f
  div_core/sub_0_root_sub_30/U2_6/CO (FA1D0)           0.10109    1.03963 f
  div_core/sub_0_root_sub_30/U2_7/CO (FA1D0)           0.05524    1.09488 f
  div_core/sub_0_root_sub_30/U2_8/CO (FA1D0)           0.05524    1.15012 f
  div_core/sub_0_root_sub_30/U2_9/CO (FA1D0)           0.05524    1.20537 f
  div_core/sub_0_root_sub_30/U2_10/CO (FA1D0)          0.05524    1.26061 f
  div_core/sub_0_root_sub_30/U2_11/CO (FA1D0)          0.05524    1.31586 f
  div_core/sub_0_root_sub_30/U2_12/CO (FA1D0)          0.05598    1.37184 f
  div_core/sub_0_root_sub_30/U2_13/Z (XOR3D1)          0.04303    1.41487 f
  U104/ZN (AOI22D1)                                    0.14052    1.55540 r
  U80/ZN (IND3D1)                                      0.13379    1.68918 f
  U78/ZN (ND2D1)                                       0.16854    1.85773 r
  wrapper/U44/CO (FA1D0)                               0.11301    1.97073 r
  wrapper/U45/CO (FA1D0)                               0.05162    2.02235 r
  wrapper/U46/CO (FA1D0)                               0.05162    2.07397 r
  wrapper/U47/CO (FA1D0)                               0.05162    2.12558 r
  wrapper/U48/CO (FA1D0)                               0.05162    2.17720 r
  wrapper/U49/CO (FA1D0)                               0.05250    2.22970 r
  wrapper/U60/Z (XOR3D1)                               0.06694    2.29664 f
  wrapper/U58/Z (AO22D0)                               0.07705    2.37369 f
  result[30] (out)                                     0.00000    2.37369 f
  data arrival time                                               2.37369

  clock vclk (rise edge)                              10.00000   10.00000
  clock network delay (ideal)                          0.00000   10.00000
  clock reconvergence pessimism                        0.00000   10.00000
  output external delay                               -0.02000    9.98000
  data required time                                              9.98000
  ------------------------------------------------------------------------------
  data required time                                              9.98000
  data arrival time                                              -2.37369
  ------------------------------------------------------------------------------
  slack (MET)                                                     7.60631


  Startpoint: y[21] (input port clocked by vclk)
  Endpoint: result[30] (output port clocked by vclk)
  Path Group: vclk
  Path Type: max

  Point                                                   Incr       Path
  ------------------------------------------------------------------------------
  clock vclk (rise edge)                               0.00000    0.00000
  clock network delay (ideal)                          0.00000    0.00000
  input external delay                                 0.02000    0.02000 f
  y[21] (in)                                           0.00470    0.02470 f
  wrapper/U61/Z (CKBD1)                                0.04960    0.07430 f
  div_core/U78/ZN (INVD1)                              0.02615    0.10046 r
  div_core/U62/ZN (NR2D1)                              0.02358    0.12403 f
  div_core/U63/ZN (ND2D1)                              0.03395    0.15799 r
  div_core/U38/Z (AN2XD1)                              0.04600    0.20399 r
  div_core/U36/Z (AN2XD1)                              0.03914    0.24312 r
  div_core/U27/ZN (ND3D1)                              0.03328    0.27640 f
  div_core/U26/ZN (IINR4D0)                            0.05690    0.33330 r
  div_core/U25/ZN (ND4D1)                              0.04755    0.38085 f
  div_core/mult_28/U60/ZN (INVD1)                      0.02900    0.40985 r
  div_core/mult_28/U80/ZN (NR2D0)                      0.02114    0.43098 f
  div_core/mult_28/U16/S (CMPE42D1)                    0.17579    0.60677 f
  div_core/mult_28/U8/CO (FA1D0)                       0.10007    0.70684 f
  div_core/mult_28/U7/CO (FA1D0)                       0.05524    0.76209 f
  div_core/mult_28/U6/CO (FA1D0)                       0.05524    0.81733 f
  div_core/mult_28/U5/CO (FA1D0)                       0.05524    0.87258 f
  div_core/mult_28/U4/S (FA1D0)                        0.07667    0.94924 r
  div_core/add_1_root_sub_30/U1_8/S (FA1D0)            0.09979    1.04904 f
  div_core/sub_0_root_sub_30/U2_8/CO (FA1D0)           0.10109    1.15012 f
  div_core/sub_0_root_sub_30/U2_9/CO (FA1D0)           0.05524    1.20537 f
  div_core/sub_0_root_sub_30/U2_10/CO (FA1D0)          0.05524    1.26061 f
  div_core/sub_0_root_sub_30/U2_11/CO (FA1D0)          0.05524    1.31586 f
  div_core/sub_0_root_sub_30/U2_12/CO (FA1D0)          0.05598    1.37184 f
  div_core/sub_0_root_sub_30/U2_13/Z (XOR3D1)          0.04303    1.41487 f
  U104/ZN (AOI22D1)                                    0.14052    1.55540 r
  U80/ZN (IND3D1)                                      0.13379    1.68918 f
  U78/ZN (ND2D1)                                       0.16854    1.85773 r
  wrapper/U44/CO (FA1D0)                               0.11301    1.97073 r
  wrapper/U45/CO (FA1D0)                               0.05162    2.02235 r
  wrapper/U46/CO (FA1D0)                               0.05162    2.07397 r
  wrapper/U47/CO (FA1D0)                               0.05162    2.12558 r
  wrapper/U48/CO (FA1D0)                               0.05162    2.17720 r
  wrapper/U49/CO (FA1D0)                               0.05250    2.22970 r
  wrapper/U60/Z (XOR3D1)                               0.06694    2.29664 f
  wrapper/U58/Z (AO22D0)                               0.07705    2.37369 f
  result[30] (out)                                     0.00000    2.37369 f
  data arrival time                                               2.37369

  clock vclk (rise edge)                              10.00000   10.00000
  clock network delay (ideal)                          0.00000   10.00000
  clock reconvergence pessimism                        0.00000   10.00000
  output external delay                               -0.02000    9.98000
  data required time                                              9.98000
  ------------------------------------------------------------------------------
  data required time                                              9.98000
  data arrival time                                              -2.37369
  ------------------------------------------------------------------------------
  slack (MET)                                                     7.60631


  Startpoint: y[21] (input port clocked by vclk)
  Endpoint: result[30] (output port clocked by vclk)
  Path Group: vclk
  Path Type: max

  Point                                                   Incr       Path
  ------------------------------------------------------------------------------
  clock vclk (rise edge)                               0.00000    0.00000
  clock network delay (ideal)                          0.00000    0.00000
  input external delay                                 0.02000    0.02000 f
  y[21] (in)                                           0.00470    0.02470 f
  wrapper/U61/Z (CKBD1)                                0.04960    0.07430 f
  div_core/U78/ZN (INVD1)                              0.02615    0.10046 r
  div_core/U62/ZN (NR2D1)                              0.02358    0.12403 f
  div_core/U63/ZN (ND2D1)                              0.03395    0.15799 r
  div_core/U38/Z (AN2XD1)                              0.04600    0.20399 r
  div_core/U36/Z (AN2XD1)                              0.03914    0.24312 r
  div_core/U27/ZN (ND3D1)                              0.03328    0.27640 f
  div_core/U26/ZN (IINR4D0)                            0.05690    0.33330 r
  div_core/U25/ZN (ND4D1)                              0.04755    0.38085 f
  div_core/mult_28/U60/ZN (INVD1)                      0.02900    0.40985 r
  div_core/mult_28/U80/ZN (NR2D0)                      0.02114    0.43098 f
  div_core/mult_28/U16/S (CMPE42D1)                    0.17579    0.60677 f
  div_core/mult_28/U8/CO (FA1D0)                       0.10007    0.70684 f
  div_core/mult_28/U7/CO (FA1D0)                       0.05524    0.76209 f
  div_core/mult_28/U6/CO (FA1D0)                       0.05524    0.81733 f
  div_core/mult_28/U5/S (FA1D0)                        0.07667    0.89400 r
  div_core/add_1_root_sub_30/U1_7/S (FA1D0)            0.09979    0.99379 f
  div_core/sub_0_root_sub_30/U2_7/CO (FA1D0)           0.10109    1.09488 f
  div_core/sub_0_root_sub_30/U2_8/CO (FA1D0)           0.05524    1.15012 f
  div_core/sub_0_root_sub_30/U2_9/CO (FA1D0)           0.05524    1.20537 f
  div_core/sub_0_root_sub_30/U2_10/CO (FA1D0)          0.05524    1.26061 f
  div_core/sub_0_root_sub_30/U2_11/CO (FA1D0)          0.05524    1.31586 f
  div_core/sub_0_root_sub_30/U2_12/CO (FA1D0)          0.05598    1.37184 f
  div_core/sub_0_root_sub_30/U2_13/Z (XOR3D1)          0.04303    1.41487 f
  U104/ZN (AOI22D1)                                    0.14052    1.55540 r
  U80/ZN (IND3D1)                                      0.13379    1.68918 f
  U78/ZN (ND2D1)                                       0.16854    1.85773 r
  wrapper/U44/CO (FA1D0)                               0.11301    1.97073 r
  wrapper/U45/CO (FA1D0)                               0.05162    2.02235 r
  wrapper/U46/CO (FA1D0)                               0.05162    2.07397 r
  wrapper/U47/CO (FA1D0)                               0.05162    2.12558 r
  wrapper/U48/CO (FA1D0)                               0.05162    2.17720 r
  wrapper/U49/CO (FA1D0)                               0.05250    2.22970 r
  wrapper/U60/Z (XOR3D1)                               0.06694    2.29664 f
  wrapper/U58/Z (AO22D0)                               0.07705    2.37369 f
  result[30] (out)                                     0.00000    2.37369 f
  data arrival time                                               2.37369

  clock vclk (rise edge)                              10.00000   10.00000
  clock network delay (ideal)                          0.00000   10.00000
  clock reconvergence pessimism                        0.00000   10.00000
  output external delay                               -0.02000    9.98000
  data required time                                              9.98000
  ------------------------------------------------------------------------------
  data required time                                              9.98000
  data arrival time                                              -2.37369
  ------------------------------------------------------------------------------
  slack (MET)                                                     7.60631


  Startpoint: y[21] (input port clocked by vclk)
  Endpoint: result[30] (output port clocked by vclk)
  Path Group: vclk
  Path Type: max

  Point                                                   Incr       Path
  ------------------------------------------------------------------------------
  clock vclk (rise edge)                               0.00000    0.00000
  clock network delay (ideal)                          0.00000    0.00000
  input external delay                                 0.02000    0.02000 f
  y[21] (in)                                           0.00470    0.02470 f
  wrapper/U61/Z (CKBD1)                                0.04960    0.07430 f
  div_core/U78/ZN (INVD1)                              0.02615    0.10046 r
  div_core/U62/ZN (NR2D1)                              0.02358    0.12403 f
  div_core/U63/ZN (ND2D1)                              0.03395    0.15799 r
  div_core/U38/Z (AN2XD1)                              0.04600    0.20399 r
  div_core/U36/Z (AN2XD1)                              0.03914    0.24312 r
  div_core/U27/ZN (ND3D1)                              0.03328    0.27640 f
  div_core/U26/ZN (IINR4D0)                            0.05690    0.33330 r
  div_core/U25/ZN (ND4D1)                              0.04755    0.38085 f
  div_core/mult_28/U60/ZN (INVD1)                      0.02900    0.40985 r
  div_core/mult_28/U80/ZN (NR2D0)                      0.02114    0.43098 f
  div_core/mult_28/U16/S (CMPE42D1)                    0.17579    0.60677 f
  div_core/mult_28/U8/CO (FA1D0)                       0.10007    0.70684 f
  div_core/mult_28/U7/S (FA1D0)                        0.07667    0.78351 r
  div_core/add_1_root_sub_30/U1_5/S (FA1D0)            0.09979    0.88330 f
  div_core/sub_0_root_sub_30/U2_5/CO (FA1D0)           0.10109    0.98439 f
  div_core/sub_0_root_sub_30/U2_6/CO (FA1D0)           0.05524    1.03963 f
  div_core/sub_0_root_sub_30/U2_7/CO (FA1D0)           0.05524    1.09488 f
  div_core/sub_0_root_sub_30/U2_8/CO (FA1D0)           0.05524    1.15012 f
  div_core/sub_0_root_sub_30/U2_9/CO (FA1D0)           0.05524    1.20537 f
  div_core/sub_0_root_sub_30/U2_10/CO (FA1D0)          0.05524    1.26061 f
  div_core/sub_0_root_sub_30/U2_11/CO (FA1D0)          0.05524    1.31586 f
  div_core/sub_0_root_sub_30/U2_12/CO (FA1D0)          0.05598    1.37184 f
  div_core/sub_0_root_sub_30/U2_13/Z (XOR3D1)          0.04303    1.41487 f
  U104/ZN (AOI22D1)                                    0.14052    1.55540 r
  U80/ZN (IND3D1)                                      0.13379    1.68918 f
  U78/ZN (ND2D1)                                       0.16854    1.85773 r
  wrapper/U44/CO (FA1D0)                               0.11301    1.97073 r
  wrapper/U45/CO (FA1D0)                               0.05162    2.02235 r
  wrapper/U46/CO (FA1D0)                               0.05162    2.07397 r
  wrapper/U47/CO (FA1D0)                               0.05162    2.12558 r
  wrapper/U48/CO (FA1D0)                               0.05162    2.17720 r
  wrapper/U49/CO (FA1D0)                               0.05250    2.22970 r
  wrapper/U60/Z (XOR3D1)                               0.06694    2.29664 f
  wrapper/U58/Z (AO22D0)                               0.07705    2.37369 f
  result[30] (out)                                     0.00000    2.37369 f
  data arrival time                                               2.37369

  clock vclk (rise edge)                              10.00000   10.00000
  clock network delay (ideal)                          0.00000   10.00000
  clock reconvergence pessimism                        0.00000   10.00000
  output external delay                               -0.02000    9.98000
  data required time                                              9.98000
  ------------------------------------------------------------------------------
  data required time                                              9.98000
  data arrival time                                              -2.37369
  ------------------------------------------------------------------------------
  slack (MET)                                                     7.60631


  Startpoint: y[21] (input port clocked by vclk)
  Endpoint: result[30] (output port clocked by vclk)
  Path Group: vclk
  Path Type: max

  Point                                                   Incr       Path
  ------------------------------------------------------------------------------
  clock vclk (rise edge)                               0.00000    0.00000
  clock network delay (ideal)                          0.00000    0.00000
  input external delay                                 0.02000    0.02000 f
  y[21] (in)                                           0.00470    0.02470 f
  wrapper/U61/Z (CKBD1)                                0.04960    0.07430 f
  div_core/U78/ZN (INVD1)                              0.02615    0.10046 r
  div_core/U62/ZN (NR2D1)                              0.02358    0.12403 f
  div_core/U63/ZN (ND2D1)                              0.03395    0.15799 r
  div_core/U38/Z (AN2XD1)                              0.04600    0.20399 r
  div_core/U36/Z (AN2XD1)                              0.03914    0.24312 r
  div_core/U27/ZN (ND3D1)                              0.03328    0.27640 f
  div_core/U26/ZN (IINR4D0)                            0.05690    0.33330 r
  div_core/U25/ZN (ND4D1)                              0.04755    0.38085 f
  div_core/mult_28/U60/ZN (INVD1)                      0.02900    0.40985 r
  div_core/mult_28/U80/ZN (NR2D0)                      0.02114    0.43098 f
  div_core/mult_28/U16/S (CMPE42D1)                    0.17579    0.60677 f
  div_core/mult_28/U8/CO (FA1D0)                       0.10007    0.70684 f
  div_core/mult_28/U7/CO (FA1D0)                       0.05524    0.76209 f
  div_core/mult_28/U6/CO (FA1D0)                       0.05524    0.81733 f
  div_core/mult_28/U5/S (FA1D0)                        0.06336    0.88069 f
  div_core/add_1_root_sub_30/U1_7/CO (FA1D0)           0.08053    0.96122 f
  div_core/add_1_root_sub_30/U1_8/CO (FA1D0)           0.05524    1.01646 f
  div_core/add_1_root_sub_30/U1_9/CO (FA1D0)           0.05524    1.07171 f
  div_core/add_1_root_sub_30/U1_10/CO (FA1D0)          0.05524    1.12695 f
  div_core/add_1_root_sub_30/U1_11/CO (FA1D0)          0.05524    1.18220 f
  div_core/add_1_root_sub_30/U1_12/S (FA1D0)           0.06990    1.25209 r
  div_core/sub_0_root_sub_30/U2_12/CO (FA1D0)          0.09295    1.34504 r
  div_core/sub_0_root_sub_30/U2_13/Z (XOR3D1)          0.06799    1.41303 f
  U104/ZN (AOI22D1)                                    0.14052    1.55356 r
  U80/ZN (IND3D1)                                      0.13379    1.68734 f
  U78/ZN (ND2D1)                                       0.16854    1.85589 r
  wrapper/U44/CO (FA1D0)                               0.11301    1.96890 r
  wrapper/U45/CO (FA1D0)                               0.05162    2.02051 r
  wrapper/U46/CO (FA1D0)                               0.05162    2.07213 r
  wrapper/U47/CO (FA1D0)                               0.05162    2.12374 r
  wrapper/U48/CO (FA1D0)                               0.05162    2.17536 r
  wrapper/U49/CO (FA1D0)                               0.05250    2.22786 r
  wrapper/U60/Z (XOR3D1)                               0.06694    2.29480 f
  wrapper/U58/Z (AO22D0)                               0.07705    2.37185 f
  result[30] (out)                                     0.00000    2.37185 f
  data arrival time                                               2.37185

  clock vclk (rise edge)                              10.00000   10.00000
  clock network delay (ideal)                          0.00000   10.00000
  clock reconvergence pessimism                        0.00000   10.00000
  output external delay                               -0.02000    9.98000
  data required time                                              9.98000
  ------------------------------------------------------------------------------
  data required time                                              9.98000
  data arrival time                                              -2.37185
  ------------------------------------------------------------------------------
  slack (MET)                                                     7.60815


  Startpoint: y[21] (input port clocked by vclk)
  Endpoint: result[30] (output port clocked by vclk)
  Path Group: vclk
  Path Type: max

  Point                                                   Incr       Path
  ------------------------------------------------------------------------------
  clock vclk (rise edge)                               0.00000    0.00000
  clock network delay (ideal)                          0.00000    0.00000
  input external delay                                 0.02000    0.02000 f
  y[21] (in)                                           0.00470    0.02470 f
  wrapper/U61/Z (CKBD1)                                0.04960    0.07430 f
  div_core/U78/ZN (INVD1)                              0.02615    0.10046 r
  div_core/U62/ZN (NR2D1)                              0.02358    0.12403 f
  div_core/U63/ZN (ND2D1)                              0.03395    0.15799 r
  div_core/U38/Z (AN2XD1)                              0.04600    0.20399 r
  div_core/U36/Z (AN2XD1)                              0.03914    0.24312 r
  div_core/U27/ZN (ND3D1)                              0.03328    0.27640 f
  div_core/U26/ZN (IINR4D0)                            0.05690    0.33330 r
  div_core/U25/ZN (ND4D1)                              0.04755    0.38085 f
  div_core/mult_28/U60/ZN (INVD1)                      0.02900    0.40985 r
  div_core/mult_28/U80/ZN (NR2D0)                      0.02114    0.43098 f
  div_core/mult_28/U16/S (CMPE42D1)                    0.17579    0.60677 f
  div_core/mult_28/U8/CO (FA1D0)                       0.10007    0.70684 f
  div_core/mult_28/U7/CO (FA1D0)                       0.05524    0.76209 f
  div_core/mult_28/U6/CO (FA1D0)                       0.05524    0.81733 f
  div_core/mult_28/U5/CO (FA1D0)                       0.05524    0.87258 f
  div_core/mult_28/U4/S (FA1D0)                        0.06336    0.93593 f
  div_core/add_1_root_sub_30/U1_8/CO (FA1D0)           0.08052    1.01645 f
  div_core/add_1_root_sub_30/U1_9/CO (FA1D0)           0.05524    1.07170 f
  div_core/add_1_root_sub_30/U1_10/CO (FA1D0)          0.05524    1.12694 f
  div_core/add_1_root_sub_30/U1_11/CO (FA1D0)          0.05524    1.18219 f
  div_core/add_1_root_sub_30/U1_12/S (FA1D0)           0.06990    1.25208 r
  div_core/sub_0_root_sub_30/U2_12/CO (FA1D0)          0.09295    1.34503 r
  div_core/sub_0_root_sub_30/U2_13/Z (XOR3D1)          0.06799    1.41302 f
  U104/ZN (AOI22D1)                                    0.14052    1.55355 r
  U80/ZN (IND3D1)                                      0.13379    1.68733 f
  U78/ZN (ND2D1)                                       0.16854    1.85588 r
  wrapper/U44/CO (FA1D0)                               0.11301    1.96889 r
  wrapper/U45/CO (FA1D0)                               0.05162    2.02050 r
  wrapper/U46/CO (FA1D0)                               0.05162    2.07212 r
  wrapper/U47/CO (FA1D0)                               0.05162    2.12373 r
  wrapper/U48/CO (FA1D0)                               0.05162    2.17535 r
  wrapper/U49/CO (FA1D0)                               0.05250    2.22785 r
  wrapper/U60/Z (XOR3D1)                               0.06694    2.29479 f
  wrapper/U58/Z (AO22D0)                               0.07705    2.37184 f
  result[30] (out)                                     0.00000    2.37184 f
  data arrival time                                               2.37184

  clock vclk (rise edge)                              10.00000   10.00000
  clock network delay (ideal)                          0.00000   10.00000
  clock reconvergence pessimism                        0.00000   10.00000
  output external delay                               -0.02000    9.98000
  data required time                                              9.98000
  ------------------------------------------------------------------------------
  data required time                                              9.98000
  data arrival time                                              -2.37184
  ------------------------------------------------------------------------------
  slack (MET)                                                     7.60816

Warning: report_timing has satisfied the max_paths criteria. There are 21 further endpoints which have paths of interest with slack less than 1000.00000 that were not considered when generating this report. (UITE-502)

1
