****************************************
Report : Averaged Power
	-significant_digits
Design : exact_fp32_divmul_7stage
Version: U-2022.12-SP5
Date   : Tue Aug 18 23:06:04 2026
****************************************



  Attributes
  ----------
      i  -  Including register clock pin internal power
      u  -  User defined power group

                        Internal             Switching            Leakage              Total
Power Group             Power                Power                Power                Power               (     %)   Attrs
----------------------------------------------------------------------------------------------------------------------------
clock_network           7.7169e-03           0.0000e+00           0.0000e+00           7.7169e-03          (42.29%)   i
register                1.5385e-03           2.8399e-04           4.3941e-05           1.8664e-03          (10.23%)   
combinational           5.3309e-03           3.2011e-03           1.3342e-04           8.6654e-03          (47.49%)   
sequential              0.0000e+00           0.0000e+00           0.0000e+00           0.0000e+00          ( 0.00%)   
memory                  0.0000e+00           0.0000e+00           0.0000e+00           0.0000e+00          ( 0.00%)   
io_pad                  0.0000e+00           0.0000e+00           0.0000e+00           0.0000e+00          ( 0.00%)   
black_box               0.0000e+00           0.0000e+00           0.0000e+00           0.0000e+00          ( 0.00%)   

  Net Switching Power  = 3.4851e-03            (19.10%)
  Cell Internal Power  = 1.4586e-02            (79.93%)
  Cell Leakage Power   = 1.7736e-04            ( 0.97%)
                         -------------------------
Total Power            = 1.8249e-02           (100.00%)

1
