****************************************
Report : qor
Design : pace_fp32_l3
Version: U-2022.12-SP5
Date   : Thu Aug 20 03:08:29 2026
****************************************

  Timing Path Group 'vclk' (max_delay/setup)
  ---------------------------------------------
  Levels of Logic:                           52
  Critical Path Length:                    3.54
  Critical Path Slack:                     6.44
  Total Negative Slack:                    0.00
  No. of Violating Paths:                     0
  ---------------------------------------------

  Timing Path Group 'vclk' (min_delay/hold)
  ---------------------------------------------
  Levels of Logic:                            1
  Critical Path Length:                    0.08
  Critical Path Slack:                     0.10
  Total Negative Slack:                    0.00
  No. of Violating Paths:                     0
  ---------------------------------------------

  Area
  ---------------------------------------------
  Net Interconnect area:                   0.00
  Total cell area:                      2175.12
  Design Area:                          2175.12
  ---------------------------------------------


  Cell & Pin Count
  ---------------------------------------------
  Pin Count:                               2686
  Hierarchical Cell Count:                    6
  Hierarchical Port Count:                  736
  Leaf Cell Count:                          782
  ---------------------------------------------


  Design Rule Violations
  ---------------------------------------------
  Total No. of Pins in Design:             2686
  Total DRC Cost:                          0.00
  ---------------------------------------------

1
