****************************************
Report : timing
	-path_type full
	-delay_type max
	-nworst 10
	-slack_lesser_than 1000.00000
	-max_paths 10
	-sort_by slack
Design : pace_fp32_l3
Version: U-2022.12-SP5
Date   : Thu Aug 20 03:08:29 2026
****************************************


  Startpoint: y[0] (input port clocked by vclk)
  Endpoint: out0[30] (output port clocked by vclk)
  Path Group: vclk
  Path Type: max

  Point                                                   Incr       Path
  ------------------------------------------------------------------------------
  clock vclk (rise edge)                               0.00000    0.00000
  clock network delay (ideal)                          0.00000    0.00000
  input external delay                                 0.02000    0.02000 r
  y[0] (in)                                            0.00588    0.02588 r
  fp_wrapper/U2/Z (BUFFD0)                             0.02680    0.05268 r
  mantissa_div/U174/ZN (INVD0)                         0.01493    0.06760 f
  mantissa_div/U175/ZN (NR2D0)                         0.04551    0.11312 r
  mantissa_div/U291/CO (FA1D0)                         0.06024    0.17336 r
  mantissa_div/U241/CO (FA1D0)                         0.05887    0.23223 r
  mantissa_div/U178/ZN (IAO21D0)                       0.07385    0.30608 r
  mantissa_div/U180/ZN (MAOI222D0)                     0.06488    0.37096 f
  mantissa_div/U181/ZN (MAOI222D0)                     0.09771    0.46866 r
  mantissa_div/U183/ZN (MAOI222D0)                     0.07210    0.54077 f
  mantissa_div/U184/ZN (MAOI222D0)                     0.09931    0.64008 r
  mantissa_div/U186/ZN (MAOI222D0)                     0.07210    0.71218 f
  mantissa_div/U187/ZN (MAOI222D0)                     0.09863    0.81081 r
  mantissa_div/U189/ZN (MAOI222D0)                     0.07191    0.88272 f
  mantissa_div/U190/ZN (MAOI222D0)                     0.09926    0.98198 r
  mantissa_div/U192/ZN (MAOI222D0)                     0.06929    1.05127 f
  mantissa_div/U193/ZN (MAOI222D0)                     0.09844    1.14971 r
  mantissa_div/U195/ZN (MAOI222D0)                     0.07210    1.22182 f
  mantissa_div/U196/ZN (MAOI222D0)                     0.09931    1.32112 r
  mantissa_div/U198/ZN (MAOI222D0)                     0.06929    1.39041 f
  mantissa_div/U199/ZN (MAOI222D0)                     0.09844    1.48885 r
  mantissa_div/U201/ZN (MAOI222D0)                     0.07210    1.56096 f
  mantissa_div/U202/ZN (MAOI222D0)                     0.08897    1.64993 r
  mantissa_div/U204/ZN (OAI21D0)                       0.05098    1.70090 f
  mantissa_div/U205/ZN (MAOI222D0)                     0.09018    1.79108 r
  mantissa_div/U448/Z (XOR2D0)                         0.07128    1.86236 f
  mantissa_div/U83/ZN (INVD0)                          0.02508    1.88745 r
  mantissa_div/U84/ZN (INVD0)                          0.02527    1.91272 f
  mantissa_div/U452/ZN (AOI22D0)                       0.04227    1.95499 r
  mantissa_div/U454/ZN (OAI211D0)                      0.05108    2.00607 f
  mantissa_div/Stage_1_2/U11/S (FA1D0)                 0.10741    2.11348 r
  mantissa_div/Stage_2_1/U11/S (FA1D0)                 0.07782    2.19129 r
  mantissa_div/Stage_3_1/U10/S (FA1D0)                 0.10442    2.29571 f
  mantissa_div/intadd_0_U9/CO (FA1D0)                  0.08053    2.37624 f
  mantissa_div/intadd_0_U8/CO (FA1D0)                  0.05524    2.43149 f
  mantissa_div/intadd_0_U7/CO (FA1D0)                  0.05524    2.48673 f
  mantissa_div/intadd_0_U6/CO (FA1D0)                  0.05524    2.54198 f
  mantissa_div/intadd_0_U5/CO (FA1D0)                  0.05524    2.59722 f
  mantissa_div/intadd_0_U4/CO (FA1D0)                  0.05524    2.65246 f
  mantissa_div/intadd_0_U3/CO (FA1D0)                  0.05524    2.70771 f
  mantissa_div/intadd_0_U2/CO (FA1D0)                  0.05251    2.76022 f
  mantissa_div/U152/Z (XOR3D0)                         0.11601    2.87623 r
  mantissa_div/U153/Z (BUFFD0)                         0.04665    2.92287 r
  mantissa_div/U154/Z (BUFFD0)                         0.04789    2.97076 r
  U2/ZN (INVD0)                                        0.02008    2.99084 f
  fp_wrapper/intadd_1_U8/CO (FA1D0)                    0.10038    3.09122 f
  fp_wrapper/intadd_1_U7/CO (FA1D0)                    0.05516    3.14638 f
  fp_wrapper/intadd_1_U6/CO (FA1D0)                    0.05524    3.20162 f
  fp_wrapper/intadd_1_U5/CO (FA1D0)                    0.05524    3.25687 f
  fp_wrapper/intadd_1_U4/CO (FA1D0)                    0.05524    3.31211 f
  fp_wrapper/intadd_1_U3/CO (FA1D0)                    0.05524    3.36735 f
  fp_wrapper/intadd_1_U2/CO (FA1D0)                    0.05863    3.42599 f
  fp_wrapper/U73/ZN (XNR4D0)                           0.11139    3.53738 r
  out0[30] (out)                                       0.00000    3.53738 r
  data arrival time                                               3.53738

  clock vclk (rise edge)                              10.00000   10.00000
  clock network delay (ideal)                          0.00000   10.00000
  clock reconvergence pessimism                        0.00000   10.00000
  output external delay                               -0.02000    9.98000
  data required time                                              9.98000
  ------------------------------------------------------------------------------
  data required time                                              9.98000
  data arrival time                                              -3.53738
  ------------------------------------------------------------------------------
  slack (MET)                                                     6.44262


  Startpoint: y[0] (input port clocked by vclk)
  Endpoint: out0[30] (output port clocked by vclk)
  Path Group: vclk
  Path Type: max

  Point                                                   Incr       Path
  ------------------------------------------------------------------------------
  clock vclk (rise edge)                               0.00000    0.00000
  clock network delay (ideal)                          0.00000    0.00000
  input external delay                                 0.02000    0.02000 r
  y[0] (in)                                            0.00588    0.02588 r
  fp_wrapper/U2/Z (BUFFD0)                             0.02680    0.05268 r
  mantissa_div/U174/ZN (INVD0)                         0.01493    0.06760 f
  mantissa_div/U175/ZN (NR2D0)                         0.04551    0.11312 r
  mantissa_div/U291/CO (FA1D0)                         0.06024    0.17336 r
  mantissa_div/U241/CO (FA1D0)                         0.05887    0.23223 r
  mantissa_div/U178/ZN (IAO21D0)                       0.07385    0.30608 r
  mantissa_div/U180/ZN (MAOI222D0)                     0.06488    0.37096 f
  mantissa_div/U181/ZN (MAOI222D0)                     0.09771    0.46866 r
  mantissa_div/U183/ZN (MAOI222D0)                     0.07210    0.54077 f
  mantissa_div/U184/ZN (MAOI222D0)                     0.09931    0.64008 r
  mantissa_div/U186/ZN (MAOI222D0)                     0.07210    0.71218 f
  mantissa_div/U187/ZN (MAOI222D0)                     0.09863    0.81081 r
  mantissa_div/U189/ZN (MAOI222D0)                     0.07191    0.88272 f
  mantissa_div/U190/ZN (MAOI222D0)                     0.09926    0.98198 r
  mantissa_div/U192/ZN (MAOI222D0)                     0.06929    1.05127 f
  mantissa_div/U193/ZN (MAOI222D0)                     0.09844    1.14971 r
  mantissa_div/U195/ZN (MAOI222D0)                     0.07210    1.22182 f
  mantissa_div/U196/ZN (MAOI222D0)                     0.09931    1.32112 r
  mantissa_div/U198/ZN (MAOI222D0)                     0.06929    1.39041 f
  mantissa_div/U199/ZN (MAOI222D0)                     0.09844    1.48885 r
  mantissa_div/U201/ZN (MAOI222D0)                     0.07210    1.56096 f
  mantissa_div/U202/ZN (MAOI222D0)                     0.08897    1.64993 r
  mantissa_div/U204/ZN (OAI21D0)                       0.05098    1.70090 f
  mantissa_div/U205/ZN (MAOI222D0)                     0.09018    1.79108 r
  mantissa_div/U448/Z (XOR2D0)                         0.07128    1.86236 f
  mantissa_div/U83/ZN (INVD0)                          0.02508    1.88745 r
  mantissa_div/U84/ZN (INVD0)                          0.02527    1.91272 f
  mantissa_div/U452/ZN (AOI22D0)                       0.04227    1.95499 r
  mantissa_div/U454/ZN (OAI211D0)                      0.05108    2.00607 f
  mantissa_div/Stage_1_2/U11/S (FA1D0)                 0.10745    2.11352 f
  mantissa_div/Stage_2_1/U11/S (FA1D0)                 0.07707    2.19059 r
  mantissa_div/Stage_3_1/U10/S (FA1D0)                 0.10442    2.29500 f
  mantissa_div/intadd_0_U9/CO (FA1D0)                  0.08053    2.37553 f
  mantissa_div/intadd_0_U8/CO (FA1D0)                  0.05524    2.43078 f
  mantissa_div/intadd_0_U7/CO (FA1D0)                  0.05524    2.48602 f
  mantissa_div/intadd_0_U6/CO (FA1D0)                  0.05524    2.54127 f
  mantissa_div/intadd_0_U5/CO (FA1D0)                  0.05524    2.59651 f
  mantissa_div/intadd_0_U4/CO (FA1D0)                  0.05524    2.65176 f
  mantissa_div/intadd_0_U3/CO (FA1D0)                  0.05524    2.70700 f
  mantissa_div/intadd_0_U2/CO (FA1D0)                  0.05251    2.75951 f
  mantissa_div/U152/Z (XOR3D0)                         0.11601    2.87552 r
  mantissa_div/U153/Z (BUFFD0)                         0.04665    2.92217 r
  mantissa_div/U154/Z (BUFFD0)                         0.04789    2.97005 r
  U2/ZN (INVD0)                                        0.02008    2.99013 f
  fp_wrapper/intadd_1_U8/CO (FA1D0)                    0.10038    3.09051 f
  fp_wrapper/intadd_1_U7/CO (FA1D0)                    0.05516    3.14567 f
  fp_wrapper/intadd_1_U6/CO (FA1D0)                    0.05524    3.20091 f
  fp_wrapper/intadd_1_U5/CO (FA1D0)                    0.05524    3.25616 f
  fp_wrapper/intadd_1_U4/CO (FA1D0)                    0.05524    3.31140 f
  fp_wrapper/intadd_1_U3/CO (FA1D0)                    0.05524    3.36665 f
  fp_wrapper/intadd_1_U2/CO (FA1D0)                    0.05863    3.42528 f
  fp_wrapper/U73/ZN (XNR4D0)                           0.11139    3.53667 r
  out0[30] (out)                                       0.00000    3.53667 r
  data arrival time                                               3.53667

  clock vclk (rise edge)                              10.00000   10.00000
  clock network delay (ideal)                          0.00000   10.00000
  clock reconvergence pessimism                        0.00000   10.00000
  output external delay                               -0.02000    9.98000
  data required time                                              9.98000
  ------------------------------------------------------------------------------
  data required time                                              9.98000
  data arrival time                                              -3.53667
  ------------------------------------------------------------------------------
  slack (MET)                                                     6.44333


  Startpoint: x[1] (input port clocked by vclk)
  Endpoint: out0[30] (output port clocked by vclk)
  Path Group: vclk
  Path Type: max

  Point                                                   Incr       Path
  ------------------------------------------------------------------------------
  clock vclk (rise edge)                               0.00000    0.00000
  clock network delay (ideal)                          0.00000    0.00000
  input external delay                                 0.02000    0.02000 f
  x[1] (in)                                            0.00350    0.02350 f
  fp_wrapper/U34/Z (BUFFD0)                            0.02656    0.05006 f
  mantissa_div/U173/ZN (INVD0)                         0.03470    0.08476 r
  mantissa_div/U291/CO (FA1D0)                         0.08645    0.17121 r
  mantissa_div/U241/CO (FA1D0)                         0.05887    0.23008 r
  mantissa_div/U178/ZN (IAO21D0)                       0.07385    0.30393 r
  mantissa_div/U180/ZN (MAOI222D0)                     0.06488    0.36881 f
  mantissa_div/U181/ZN (MAOI222D0)                     0.09771    0.46651 r
  mantissa_div/U183/ZN (MAOI222D0)                     0.07210    0.53862 f
  mantissa_div/U184/ZN (MAOI222D0)                     0.09931    0.63793 r
  mantissa_div/U186/ZN (MAOI222D0)                     0.07210    0.71003 f
  mantissa_div/U187/ZN (MAOI222D0)                     0.09863    0.80866 r
  mantissa_div/U189/ZN (MAOI222D0)                     0.07191    0.88058 f
  mantissa_div/U190/ZN (MAOI222D0)                     0.09926    0.97983 r
  mantissa_div/U192/ZN (MAOI222D0)                     0.06929    1.04912 f
  mantissa_div/U193/ZN (MAOI222D0)                     0.09844    1.14756 r
  mantissa_div/U195/ZN (MAOI222D0)                     0.07210    1.21967 f
  mantissa_div/U196/ZN (MAOI222D0)                     0.09931    1.31898 r
  mantissa_div/U198/ZN (MAOI222D0)                     0.06929    1.38826 f
  mantissa_div/U199/ZN (MAOI222D0)                     0.09844    1.48671 r
  mantissa_div/U201/ZN (MAOI222D0)                     0.07210    1.55881 f
  mantissa_div/U202/ZN (MAOI222D0)                     0.08897    1.64778 r
  mantissa_div/U204/ZN (OAI21D0)                       0.05098    1.69876 f
  mantissa_div/U205/ZN (MAOI222D0)                     0.09018    1.78893 r
  mantissa_div/U448/Z (XOR2D0)                         0.07128    1.86021 f
  mantissa_div/U83/ZN (INVD0)                          0.02508    1.88530 r
  mantissa_div/U84/ZN (INVD0)                          0.02527    1.91057 f
  mantissa_div/U452/ZN (AOI22D0)                       0.04227    1.95284 r
  mantissa_div/U454/ZN (OAI211D0)                      0.05108    2.00392 f
  mantissa_div/Stage_1_2/U11/S (FA1D0)                 0.10741    2.11133 r
  mantissa_div/Stage_2_1/U11/S (FA1D0)                 0.07782    2.18914 r
  mantissa_div/Stage_3_1/U10/S (FA1D0)                 0.10442    2.29356 f
  mantissa_div/intadd_0_U9/CO (FA1D0)                  0.08053    2.37409 f
  mantissa_div/intadd_0_U8/CO (FA1D0)                  0.05524    2.42934 f
  mantissa_div/intadd_0_U7/CO (FA1D0)                  0.05524    2.48458 f
  mantissa_div/intadd_0_U6/CO (FA1D0)                  0.05524    2.53983 f
  mantissa_div/intadd_0_U5/CO (FA1D0)                  0.05524    2.59507 f
  mantissa_div/intadd_0_U4/CO (FA1D0)                  0.05524    2.65032 f
  mantissa_div/intadd_0_U3/CO (FA1D0)                  0.05524    2.70556 f
  mantissa_div/intadd_0_U2/CO (FA1D0)                  0.05251    2.75807 f
  mantissa_div/U152/Z (XOR3D0)                         0.11601    2.87408 r
  mantissa_div/U153/Z (BUFFD0)                         0.04665    2.92073 r
  mantissa_div/U154/Z (BUFFD0)                         0.04789    2.96861 r
  U2/ZN (INVD0)                                        0.02008    2.98869 f
  fp_wrapper/intadd_1_U8/CO (FA1D0)                    0.10038    3.08907 f
  fp_wrapper/intadd_1_U7/CO (FA1D0)                    0.05516    3.14423 f
  fp_wrapper/intadd_1_U6/CO (FA1D0)                    0.05524    3.19947 f
  fp_wrapper/intadd_1_U5/CO (FA1D0)                    0.05524    3.25472 f
  fp_wrapper/intadd_1_U4/CO (FA1D0)                    0.05524    3.30996 f
  fp_wrapper/intadd_1_U3/CO (FA1D0)                    0.05524    3.36521 f
  fp_wrapper/intadd_1_U2/CO (FA1D0)                    0.05863    3.42384 f
  fp_wrapper/U73/ZN (XNR4D0)                           0.11139    3.53523 r
  out0[30] (out)                                       0.00000    3.53523 r
  data arrival time                                               3.53523

  clock vclk (rise edge)                              10.00000   10.00000
  clock network delay (ideal)                          0.00000   10.00000
  clock reconvergence pessimism                        0.00000   10.00000
  output external delay                               -0.02000    9.98000
  data required time                                              9.98000
  ------------------------------------------------------------------------------
  data required time                                              9.98000
  data arrival time                                              -3.53523
  ------------------------------------------------------------------------------
  slack (MET)                                                     6.44477


  Startpoint: x[1] (input port clocked by vclk)
  Endpoint: out0[30] (output port clocked by vclk)
  Path Group: vclk
  Path Type: max

  Point                                                   Incr       Path
  ------------------------------------------------------------------------------
  clock vclk (rise edge)                               0.00000    0.00000
  clock network delay (ideal)                          0.00000    0.00000
  input external delay                                 0.02000    0.02000 f
  x[1] (in)                                            0.00350    0.02350 f
  fp_wrapper/U34/Z (BUFFD0)                            0.02656    0.05006 f
  mantissa_div/U173/ZN (INVD0)                         0.03470    0.08476 r
  mantissa_div/U291/CO (FA1D0)                         0.08645    0.17121 r
  mantissa_div/U241/CO (FA1D0)                         0.05887    0.23008 r
  mantissa_div/U178/ZN (IAO21D0)                       0.07385    0.30393 r
  mantissa_div/U180/ZN (MAOI222D0)                     0.06488    0.36881 f
  mantissa_div/U181/ZN (MAOI222D0)                     0.09771    0.46651 r
  mantissa_div/U183/ZN (MAOI222D0)                     0.07210    0.53862 f
  mantissa_div/U184/ZN (MAOI222D0)                     0.09931    0.63793 r
  mantissa_div/U186/ZN (MAOI222D0)                     0.07210    0.71003 f
  mantissa_div/U187/ZN (MAOI222D0)                     0.09863    0.80866 r
  mantissa_div/U189/ZN (MAOI222D0)                     0.07191    0.88058 f
  mantissa_div/U190/ZN (MAOI222D0)                     0.09926    0.97983 r
  mantissa_div/U192/ZN (MAOI222D0)                     0.06929    1.04912 f
  mantissa_div/U193/ZN (MAOI222D0)                     0.09844    1.14756 r
  mantissa_div/U195/ZN (MAOI222D0)                     0.07210    1.21967 f
  mantissa_div/U196/ZN (MAOI222D0)                     0.09931    1.31898 r
  mantissa_div/U198/ZN (MAOI222D0)                     0.06929    1.38826 f
  mantissa_div/U199/ZN (MAOI222D0)                     0.09844    1.48671 r
  mantissa_div/U201/ZN (MAOI222D0)                     0.07210    1.55881 f
  mantissa_div/U202/ZN (MAOI222D0)                     0.08897    1.64778 r
  mantissa_div/U204/ZN (OAI21D0)                       0.05098    1.69876 f
  mantissa_div/U205/ZN (MAOI222D0)                     0.09018    1.78893 r
  mantissa_div/U448/Z (XOR2D0)                         0.07128    1.86021 f
  mantissa_div/U83/ZN (INVD0)                          0.02508    1.88530 r
  mantissa_div/U84/ZN (INVD0)                          0.02527    1.91057 f
  mantissa_div/U452/ZN (AOI22D0)                       0.04227    1.95284 r
  mantissa_div/U454/ZN (OAI211D0)                      0.05108    2.00392 f
  mantissa_div/Stage_1_2/U11/S (FA1D0)                 0.10745    2.11137 f
  mantissa_div/Stage_2_1/U11/S (FA1D0)                 0.07707    2.18844 r
  mantissa_div/Stage_3_1/U10/S (FA1D0)                 0.10442    2.29286 f
  mantissa_div/intadd_0_U9/CO (FA1D0)                  0.08053    2.37339 f
  mantissa_div/intadd_0_U8/CO (FA1D0)                  0.05524    2.42863 f
  mantissa_div/intadd_0_U7/CO (FA1D0)                  0.05524    2.48387 f
  mantissa_div/intadd_0_U6/CO (FA1D0)                  0.05524    2.53912 f
  mantissa_div/intadd_0_U5/CO (FA1D0)                  0.05524    2.59436 f
  mantissa_div/intadd_0_U4/CO (FA1D0)                  0.05524    2.64961 f
  mantissa_div/intadd_0_U3/CO (FA1D0)                  0.05524    2.70485 f
  mantissa_div/intadd_0_U2/CO (FA1D0)                  0.05251    2.75736 f
  mantissa_div/U152/Z (XOR3D0)                         0.11601    2.87337 r
  mantissa_div/U153/Z (BUFFD0)                         0.04665    2.92002 r
  mantissa_div/U154/Z (BUFFD0)                         0.04789    2.96791 r
  U2/ZN (INVD0)                                        0.02008    2.98798 f
  fp_wrapper/intadd_1_U8/CO (FA1D0)                    0.10038    3.08836 f
  fp_wrapper/intadd_1_U7/CO (FA1D0)                    0.05516    3.14352 f
  fp_wrapper/intadd_1_U6/CO (FA1D0)                    0.05524    3.19876 f
  fp_wrapper/intadd_1_U5/CO (FA1D0)                    0.05524    3.25401 f
  fp_wrapper/intadd_1_U4/CO (FA1D0)                    0.05524    3.30925 f
  fp_wrapper/intadd_1_U3/CO (FA1D0)                    0.05524    3.36450 f
  fp_wrapper/intadd_1_U2/CO (FA1D0)                    0.05863    3.42313 f
  fp_wrapper/U73/ZN (XNR4D0)                           0.11139    3.53452 r
  out0[30] (out)                                       0.00000    3.53452 r
  data arrival time                                               3.53452

  clock vclk (rise edge)                              10.00000   10.00000
  clock network delay (ideal)                          0.00000   10.00000
  clock reconvergence pessimism                        0.00000   10.00000
  output external delay                               -0.02000    9.98000
  data required time                                              9.98000
  ------------------------------------------------------------------------------
  data required time                                              9.98000
  data arrival time                                              -3.53452
  ------------------------------------------------------------------------------
  slack (MET)                                                     6.44548


  Startpoint: y[0] (input port clocked by vclk)
  Endpoint: out0[30] (output port clocked by vclk)
  Path Group: vclk
  Path Type: max

  Point                                                   Incr       Path
  ------------------------------------------------------------------------------
  clock vclk (rise edge)                               0.00000    0.00000
  clock network delay (ideal)                          0.00000    0.00000
  input external delay                                 0.02000    0.02000 r
  y[0] (in)                                            0.00588    0.02588 r
  fp_wrapper/U2/Z (BUFFD0)                             0.02680    0.05268 r
  mantissa_div/U174/ZN (INVD0)                         0.01493    0.06760 f
  mantissa_div/U175/ZN (NR2D0)                         0.04551    0.11312 r
  mantissa_div/U291/CO (FA1D0)                         0.06024    0.17336 r
  mantissa_div/U241/CO (FA1D0)                         0.05887    0.23223 r
  mantissa_div/U178/ZN (IAO21D0)                       0.07385    0.30608 r
  mantissa_div/U180/ZN (MAOI222D0)                     0.06488    0.37096 f
  mantissa_div/U181/ZN (MAOI222D0)                     0.09771    0.46866 r
  mantissa_div/U183/ZN (MAOI222D0)                     0.07210    0.54077 f
  mantissa_div/U184/ZN (MAOI222D0)                     0.09931    0.64008 r
  mantissa_div/U186/ZN (MAOI222D0)                     0.07210    0.71218 f
  mantissa_div/U187/ZN (MAOI222D0)                     0.09863    0.81081 r
  mantissa_div/U189/ZN (MAOI222D0)                     0.07191    0.88272 f
  mantissa_div/U190/ZN (MAOI222D0)                     0.09926    0.98198 r
  mantissa_div/U192/ZN (MAOI222D0)                     0.06929    1.05127 f
  mantissa_div/U193/ZN (MAOI222D0)                     0.09844    1.14971 r
  mantissa_div/U195/ZN (MAOI222D0)                     0.07210    1.22182 f
  mantissa_div/U196/ZN (MAOI222D0)                     0.09931    1.32112 r
  mantissa_div/U198/ZN (MAOI222D0)                     0.06929    1.39041 f
  mantissa_div/U199/ZN (MAOI222D0)                     0.09844    1.48885 r
  mantissa_div/U201/ZN (MAOI222D0)                     0.07210    1.56096 f
  mantissa_div/U202/ZN (MAOI222D0)                     0.08897    1.64993 r
  mantissa_div/U204/ZN (OAI21D0)                       0.05098    1.70090 f
  mantissa_div/U205/ZN (MAOI222D0)                     0.09018    1.79108 r
  mantissa_div/U448/Z (XOR2D0)                         0.07128    1.86236 f
  mantissa_div/U83/ZN (INVD0)                          0.02508    1.88745 r
  mantissa_div/U84/ZN (INVD0)                          0.02527    1.91272 f
  mantissa_div/U452/ZN (AOI22D0)                       0.04227    1.95499 r
  mantissa_div/U454/ZN (OAI211D0)                      0.05108    2.00607 f
  mantissa_div/Stage_1_2/U11/S (FA1D0)                 0.10741    2.11348 r
  mantissa_div/Stage_2_1/U11/S (FA1D0)                 0.07782    2.19129 r
  mantissa_div/Stage_3_1/U10/S (FA1D0)                 0.10442    2.29571 f
  mantissa_div/intadd_0_U9/CO (FA1D0)                  0.08053    2.37624 f
  mantissa_div/intadd_0_U8/CO (FA1D0)                  0.05524    2.43149 f
  mantissa_div/intadd_0_U7/CO (FA1D0)                  0.05524    2.48673 f
  mantissa_div/intadd_0_U6/CO (FA1D0)                  0.05524    2.54198 f
  mantissa_div/intadd_0_U5/CO (FA1D0)                  0.05524    2.59722 f
  mantissa_div/intadd_0_U4/CO (FA1D0)                  0.05524    2.65246 f
  mantissa_div/intadd_0_U3/CO (FA1D0)                  0.05524    2.70771 f
  mantissa_div/intadd_0_U2/CO (FA1D0)                  0.05251    2.76022 f
  mantissa_div/U152/Z (XOR3D0)                         0.11601    2.87623 r
  mantissa_div/U153/Z (BUFFD0)                         0.04665    2.92287 r
  mantissa_div/U154/Z (BUFFD0)                         0.04789    2.97076 r
  U2/ZN (INVD0)                                        0.02008    2.99084 f
  fp_wrapper/intadd_1_U8/CO (FA1D0)                    0.10038    3.09122 f
  fp_wrapper/intadd_1_U7/CO (FA1D0)                    0.05516    3.14638 f
  fp_wrapper/intadd_1_U6/CO (FA1D0)                    0.05524    3.20162 f
  fp_wrapper/intadd_1_U5/CO (FA1D0)                    0.05524    3.25687 f
  fp_wrapper/intadd_1_U4/CO (FA1D0)                    0.05524    3.31211 f
  fp_wrapper/intadd_1_U3/CO (FA1D0)                    0.05524    3.36735 f
  fp_wrapper/intadd_1_U2/CO (FA1D0)                    0.05863    3.42599 f
  fp_wrapper/U73/ZN (XNR4D0)                           0.10175    3.52774 f
  out0[30] (out)                                       0.00000    3.52774 f
  data arrival time                                               3.52774

  clock vclk (rise edge)                              10.00000   10.00000
  clock network delay (ideal)                          0.00000   10.00000
  clock reconvergence pessimism                        0.00000   10.00000
  output external delay                               -0.02000    9.98000
  data required time                                              9.98000
  ------------------------------------------------------------------------------
  data required time                                              9.98000
  data arrival time                                              -3.52774
  ------------------------------------------------------------------------------
  slack (MET)                                                     6.45226


  Startpoint: y[0] (input port clocked by vclk)
  Endpoint: out0[30] (output port clocked by vclk)
  Path Group: vclk
  Path Type: max

  Point                                                   Incr       Path
  ------------------------------------------------------------------------------
  clock vclk (rise edge)                               0.00000    0.00000
  clock network delay (ideal)                          0.00000    0.00000
  input external delay                                 0.02000    0.02000 r
  y[0] (in)                                            0.00588    0.02588 r
  fp_wrapper/U2/Z (BUFFD0)                             0.02680    0.05268 r
  mantissa_div/U174/ZN (INVD0)                         0.01493    0.06760 f
  mantissa_div/U175/ZN (NR2D0)                         0.04551    0.11312 r
  mantissa_div/U291/CO (FA1D0)                         0.06024    0.17336 r
  mantissa_div/U241/CO (FA1D0)                         0.05887    0.23223 r
  mantissa_div/U178/ZN (IAO21D0)                       0.07385    0.30608 r
  mantissa_div/U180/ZN (MAOI222D0)                     0.06488    0.37096 f
  mantissa_div/U181/ZN (MAOI222D0)                     0.09771    0.46866 r
  mantissa_div/U183/ZN (MAOI222D0)                     0.07210    0.54077 f
  mantissa_div/U184/ZN (MAOI222D0)                     0.09931    0.64008 r
  mantissa_div/U186/ZN (MAOI222D0)                     0.07210    0.71218 f
  mantissa_div/U187/ZN (MAOI222D0)                     0.09863    0.81081 r
  mantissa_div/U189/ZN (MAOI222D0)                     0.07191    0.88272 f
  mantissa_div/U190/ZN (MAOI222D0)                     0.09926    0.98198 r
  mantissa_div/U192/ZN (MAOI222D0)                     0.06929    1.05127 f
  mantissa_div/U193/ZN (MAOI222D0)                     0.09844    1.14971 r
  mantissa_div/U195/ZN (MAOI222D0)                     0.07210    1.22182 f
  mantissa_div/U196/ZN (MAOI222D0)                     0.09931    1.32112 r
  mantissa_div/U198/ZN (MAOI222D0)                     0.06929    1.39041 f
  mantissa_div/U199/ZN (MAOI222D0)                     0.09844    1.48885 r
  mantissa_div/U201/ZN (MAOI222D0)                     0.07210    1.56096 f
  mantissa_div/U202/ZN (MAOI222D0)                     0.08897    1.64993 r
  mantissa_div/U204/ZN (OAI21D0)                       0.05098    1.70090 f
  mantissa_div/U205/ZN (MAOI222D0)                     0.09018    1.79108 r
  mantissa_div/U448/Z (XOR2D0)                         0.07128    1.86236 f
  mantissa_div/U83/ZN (INVD0)                          0.02508    1.88745 r
  mantissa_div/U84/ZN (INVD0)                          0.02527    1.91272 f
  mantissa_div/U452/ZN (AOI22D0)                       0.04227    1.95499 r
  mantissa_div/U454/ZN (OAI211D0)                      0.05108    2.00607 f
  mantissa_div/Stage_1_2/U11/S (FA1D0)                 0.10745    2.11352 f
  mantissa_div/Stage_2_1/U11/S (FA1D0)                 0.07707    2.19059 r
  mantissa_div/Stage_3_1/U10/S (FA1D0)                 0.10442    2.29500 f
  mantissa_div/intadd_0_U9/CO (FA1D0)                  0.08053    2.37553 f
  mantissa_div/intadd_0_U8/CO (FA1D0)                  0.05524    2.43078 f
  mantissa_div/intadd_0_U7/CO (FA1D0)                  0.05524    2.48602 f
  mantissa_div/intadd_0_U6/CO (FA1D0)                  0.05524    2.54127 f
  mantissa_div/intadd_0_U5/CO (FA1D0)                  0.05524    2.59651 f
  mantissa_div/intadd_0_U4/CO (FA1D0)                  0.05524    2.65176 f
  mantissa_div/intadd_0_U3/CO (FA1D0)                  0.05524    2.70700 f
  mantissa_div/intadd_0_U2/CO (FA1D0)                  0.05251    2.75951 f
  mantissa_div/U152/Z (XOR3D0)                         0.11601    2.87552 r
  mantissa_div/U153/Z (BUFFD0)                         0.04665    2.92217 r
  mantissa_div/U154/Z (BUFFD0)                         0.04789    2.97005 r
  U2/ZN (INVD0)                                        0.02008    2.99013 f
  fp_wrapper/intadd_1_U8/CO (FA1D0)                    0.10038    3.09051 f
  fp_wrapper/intadd_1_U7/CO (FA1D0)                    0.05516    3.14567 f
  fp_wrapper/intadd_1_U6/CO (FA1D0)                    0.05524    3.20091 f
  fp_wrapper/intadd_1_U5/CO (FA1D0)                    0.05524    3.25616 f
  fp_wrapper/intadd_1_U4/CO (FA1D0)                    0.05524    3.31140 f
  fp_wrapper/intadd_1_U3/CO (FA1D0)                    0.05524    3.36665 f
  fp_wrapper/intadd_1_U2/CO (FA1D0)                    0.05863    3.42528 f
  fp_wrapper/U73/ZN (XNR4D0)                           0.10175    3.52703 f
  out0[30] (out)                                       0.00000    3.52703 f
  data arrival time                                               3.52703

  clock vclk (rise edge)                              10.00000   10.00000
  clock network delay (ideal)                          0.00000   10.00000
  clock reconvergence pessimism                        0.00000   10.00000
  output external delay                               -0.02000    9.98000
  data required time                                              9.98000
  ------------------------------------------------------------------------------
  data required time                                              9.98000
  data arrival time                                              -3.52703
  ------------------------------------------------------------------------------
  slack (MET)                                                     6.45297


  Startpoint: y[0] (input port clocked by vclk)
  Endpoint: out0[30] (output port clocked by vclk)
  Path Group: vclk
  Path Type: max

  Point                                                   Incr       Path
  ------------------------------------------------------------------------------
  clock vclk (rise edge)                               0.00000    0.00000
  clock network delay (ideal)                          0.00000    0.00000
  input external delay                                 0.02000    0.02000 r
  y[0] (in)                                            0.00588    0.02588 r
  fp_wrapper/U2/Z (BUFFD0)                             0.02680    0.05268 r
  mantissa_div/U174/ZN (INVD0)                         0.01493    0.06760 f
  mantissa_div/U175/ZN (NR2D0)                         0.04551    0.11312 r
  mantissa_div/U291/CO (FA1D0)                         0.06024    0.17336 r
  mantissa_div/U241/CO (FA1D0)                         0.05887    0.23223 r
  mantissa_div/U178/ZN (IAO21D0)                       0.07385    0.30608 r
  mantissa_div/U180/ZN (MAOI222D0)                     0.06488    0.37096 f
  mantissa_div/U181/ZN (MAOI222D0)                     0.09771    0.46866 r
  mantissa_div/U183/ZN (MAOI222D0)                     0.07210    0.54077 f
  mantissa_div/U184/ZN (MAOI222D0)                     0.09931    0.64008 r
  mantissa_div/U186/ZN (MAOI222D0)                     0.07210    0.71218 f
  mantissa_div/U187/ZN (MAOI222D0)                     0.09863    0.81081 r
  mantissa_div/U189/ZN (MAOI222D0)                     0.07191    0.88272 f
  mantissa_div/U190/ZN (MAOI222D0)                     0.09926    0.98198 r
  mantissa_div/U192/ZN (MAOI222D0)                     0.06929    1.05127 f
  mantissa_div/U193/ZN (MAOI222D0)                     0.09844    1.14971 r
  mantissa_div/U195/ZN (MAOI222D0)                     0.07210    1.22182 f
  mantissa_div/U196/ZN (MAOI222D0)                     0.09931    1.32112 r
  mantissa_div/U198/ZN (MAOI222D0)                     0.06929    1.39041 f
  mantissa_div/U199/ZN (MAOI222D0)                     0.09844    1.48885 r
  mantissa_div/U201/ZN (MAOI222D0)                     0.07210    1.56096 f
  mantissa_div/U202/ZN (MAOI222D0)                     0.08897    1.64993 r
  mantissa_div/U204/ZN (OAI21D0)                       0.05098    1.70090 f
  mantissa_div/U205/ZN (MAOI222D0)                     0.09018    1.79108 r
  mantissa_div/U448/Z (XOR2D0)                         0.07128    1.86236 f
  mantissa_div/U83/ZN (INVD0)                          0.02508    1.88745 r
  mantissa_div/U84/ZN (INVD0)                          0.02527    1.91272 f
  mantissa_div/U452/ZN (AOI22D0)                       0.04227    1.95499 r
  mantissa_div/U454/ZN (OAI211D0)                      0.05108    2.00607 f
  mantissa_div/Stage_1_2/U11/S (FA1D0)                 0.10741    2.11348 r
  mantissa_div/Stage_2_1/U11/S (FA1D0)                 0.06970    2.18318 f
  mantissa_div/Stage_3_1/U10/S (FA1D0)                 0.10169    2.28486 f
  mantissa_div/intadd_0_U9/CO (FA1D0)                  0.08053    2.36539 f
  mantissa_div/intadd_0_U8/CO (FA1D0)                  0.05524    2.42064 f
  mantissa_div/intadd_0_U7/CO (FA1D0)                  0.05524    2.47588 f
  mantissa_div/intadd_0_U6/CO (FA1D0)                  0.05524    2.53113 f
  mantissa_div/intadd_0_U5/CO (FA1D0)                  0.05524    2.58637 f
  mantissa_div/intadd_0_U4/CO (FA1D0)                  0.05524    2.64162 f
  mantissa_div/intadd_0_U3/CO (FA1D0)                  0.05524    2.69686 f
  mantissa_div/intadd_0_U2/CO (FA1D0)                  0.05251    2.74937 f
  mantissa_div/U152/Z (XOR3D0)                         0.11601    2.86538 r
  mantissa_div/U153/Z (BUFFD0)                         0.04665    2.91203 r
  mantissa_div/U154/Z (BUFFD0)                         0.04789    2.95991 r
  U2/ZN (INVD0)                                        0.02008    2.97999 f
  fp_wrapper/intadd_1_U8/CO (FA1D0)                    0.10038    3.08037 f
  fp_wrapper/intadd_1_U7/CO (FA1D0)                    0.05516    3.13553 f
  fp_wrapper/intadd_1_U6/CO (FA1D0)                    0.05524    3.19077 f
  fp_wrapper/intadd_1_U5/CO (FA1D0)                    0.05524    3.24602 f
  fp_wrapper/intadd_1_U4/CO (FA1D0)                    0.05524    3.30126 f
  fp_wrapper/intadd_1_U3/CO (FA1D0)                    0.05524    3.35651 f
  fp_wrapper/intadd_1_U2/CO (FA1D0)                    0.05863    3.41514 f
  fp_wrapper/U73/ZN (XNR4D0)                           0.11139    3.52653 r
  out0[30] (out)                                       0.00000    3.52653 r
  data arrival time                                               3.52653

  clock vclk (rise edge)                              10.00000   10.00000
  clock network delay (ideal)                          0.00000   10.00000
  clock reconvergence pessimism                        0.00000   10.00000
  output external delay                               -0.02000    9.98000
  data required time                                              9.98000
  ------------------------------------------------------------------------------
  data required time                                              9.98000
  data arrival time                                              -3.52653
  ------------------------------------------------------------------------------
  slack (MET)                                                     6.45347


  Startpoint: x[1] (input port clocked by vclk)
  Endpoint: out0[30] (output port clocked by vclk)
  Path Group: vclk
  Path Type: max

  Point                                                   Incr       Path
  ------------------------------------------------------------------------------
  clock vclk (rise edge)                               0.00000    0.00000
  clock network delay (ideal)                          0.00000    0.00000
  input external delay                                 0.02000    0.02000 f
  x[1] (in)                                            0.00350    0.02350 f
  fp_wrapper/U34/Z (BUFFD0)                            0.02656    0.05006 f
  mantissa_div/U173/ZN (INVD0)                         0.03470    0.08476 r
  mantissa_div/U291/CO (FA1D0)                         0.08645    0.17121 r
  mantissa_div/U241/CO (FA1D0)                         0.05887    0.23008 r
  mantissa_div/U178/ZN (IAO21D0)                       0.07385    0.30393 r
  mantissa_div/U180/ZN (MAOI222D0)                     0.06488    0.36881 f
  mantissa_div/U181/ZN (MAOI222D0)                     0.09771    0.46651 r
  mantissa_div/U183/ZN (MAOI222D0)                     0.07210    0.53862 f
  mantissa_div/U184/ZN (MAOI222D0)                     0.09931    0.63793 r
  mantissa_div/U186/ZN (MAOI222D0)                     0.07210    0.71003 f
  mantissa_div/U187/ZN (MAOI222D0)                     0.09863    0.80866 r
  mantissa_div/U189/ZN (MAOI222D0)                     0.07191    0.88058 f
  mantissa_div/U190/ZN (MAOI222D0)                     0.09926    0.97983 r
  mantissa_div/U192/ZN (MAOI222D0)                     0.06929    1.04912 f
  mantissa_div/U193/ZN (MAOI222D0)                     0.09844    1.14756 r
  mantissa_div/U195/ZN (MAOI222D0)                     0.07210    1.21967 f
  mantissa_div/U196/ZN (MAOI222D0)                     0.09931    1.31898 r
  mantissa_div/U198/ZN (MAOI222D0)                     0.06929    1.38826 f
  mantissa_div/U199/ZN (MAOI222D0)                     0.09844    1.48671 r
  mantissa_div/U201/ZN (MAOI222D0)                     0.07210    1.55881 f
  mantissa_div/U202/ZN (MAOI222D0)                     0.08897    1.64778 r
  mantissa_div/U204/ZN (OAI21D0)                       0.05098    1.69876 f
  mantissa_div/U205/ZN (MAOI222D0)                     0.09018    1.78893 r
  mantissa_div/U448/Z (XOR2D0)                         0.07128    1.86021 f
  mantissa_div/U83/ZN (INVD0)                          0.02508    1.88530 r
  mantissa_div/U84/ZN (INVD0)                          0.02527    1.91057 f
  mantissa_div/U452/ZN (AOI22D0)                       0.04227    1.95284 r
  mantissa_div/U454/ZN (OAI211D0)                      0.05108    2.00392 f
  mantissa_div/Stage_1_2/U11/S (FA1D0)                 0.10741    2.11133 r
  mantissa_div/Stage_2_1/U11/S (FA1D0)                 0.07782    2.18914 r
  mantissa_div/Stage_3_1/U10/S (FA1D0)                 0.10442    2.29356 f
  mantissa_div/intadd_0_U9/CO (FA1D0)                  0.08053    2.37409 f
  mantissa_div/intadd_0_U8/CO (FA1D0)                  0.05524    2.42934 f
  mantissa_div/intadd_0_U7/CO (FA1D0)                  0.05524    2.48458 f
  mantissa_div/intadd_0_U6/CO (FA1D0)                  0.05524    2.53983 f
  mantissa_div/intadd_0_U5/CO (FA1D0)                  0.05524    2.59507 f
  mantissa_div/intadd_0_U4/CO (FA1D0)                  0.05524    2.65032 f
  mantissa_div/intadd_0_U3/CO (FA1D0)                  0.05524    2.70556 f
  mantissa_div/intadd_0_U2/CO (FA1D0)                  0.05251    2.75807 f
  mantissa_div/U152/Z (XOR3D0)                         0.11601    2.87408 r
  mantissa_div/U153/Z (BUFFD0)                         0.04665    2.92073 r
  mantissa_div/U154/Z (BUFFD0)                         0.04789    2.96861 r
  U2/ZN (INVD0)                                        0.02008    2.98869 f
  fp_wrapper/intadd_1_U8/CO (FA1D0)                    0.10038    3.08907 f
  fp_wrapper/intadd_1_U7/CO (FA1D0)                    0.05516    3.14423 f
  fp_wrapper/intadd_1_U6/CO (FA1D0)                    0.05524    3.19947 f
  fp_wrapper/intadd_1_U5/CO (FA1D0)                    0.05524    3.25472 f
  fp_wrapper/intadd_1_U4/CO (FA1D0)                    0.05524    3.30996 f
  fp_wrapper/intadd_1_U3/CO (FA1D0)                    0.05524    3.36521 f
  fp_wrapper/intadd_1_U2/CO (FA1D0)                    0.05863    3.42384 f
  fp_wrapper/U73/ZN (XNR4D0)                           0.10175    3.52559 f
  out0[30] (out)                                       0.00000    3.52559 f
  data arrival time                                               3.52559

  clock vclk (rise edge)                              10.00000   10.00000
  clock network delay (ideal)                          0.00000   10.00000
  clock reconvergence pessimism                        0.00000   10.00000
  output external delay                               -0.02000    9.98000
  data required time                                              9.98000
  ------------------------------------------------------------------------------
  data required time                                              9.98000
  data arrival time                                              -3.52559
  ------------------------------------------------------------------------------
  slack (MET)                                                     6.45441


  Startpoint: x[1] (input port clocked by vclk)
  Endpoint: out0[30] (output port clocked by vclk)
  Path Group: vclk
  Path Type: max

  Point                                                   Incr       Path
  ------------------------------------------------------------------------------
  clock vclk (rise edge)                               0.00000    0.00000
  clock network delay (ideal)                          0.00000    0.00000
  input external delay                                 0.02000    0.02000 f
  x[1] (in)                                            0.00350    0.02350 f
  fp_wrapper/U34/Z (BUFFD0)                            0.02656    0.05006 f
  mantissa_div/U173/ZN (INVD0)                         0.03470    0.08476 r
  mantissa_div/U291/CO (FA1D0)                         0.08645    0.17121 r
  mantissa_div/U241/CO (FA1D0)                         0.05887    0.23008 r
  mantissa_div/U178/ZN (IAO21D0)                       0.07385    0.30393 r
  mantissa_div/U180/ZN (MAOI222D0)                     0.06488    0.36881 f
  mantissa_div/U181/ZN (MAOI222D0)                     0.09771    0.46651 r
  mantissa_div/U183/ZN (MAOI222D0)                     0.07210    0.53862 f
  mantissa_div/U184/ZN (MAOI222D0)                     0.09931    0.63793 r
  mantissa_div/U186/ZN (MAOI222D0)                     0.07210    0.71003 f
  mantissa_div/U187/ZN (MAOI222D0)                     0.09863    0.80866 r
  mantissa_div/U189/ZN (MAOI222D0)                     0.07191    0.88058 f
  mantissa_div/U190/ZN (MAOI222D0)                     0.09926    0.97983 r
  mantissa_div/U192/ZN (MAOI222D0)                     0.06929    1.04912 f
  mantissa_div/U193/ZN (MAOI222D0)                     0.09844    1.14756 r
  mantissa_div/U195/ZN (MAOI222D0)                     0.07210    1.21967 f
  mantissa_div/U196/ZN (MAOI222D0)                     0.09931    1.31898 r
  mantissa_div/U198/ZN (MAOI222D0)                     0.06929    1.38826 f
  mantissa_div/U199/ZN (MAOI222D0)                     0.09844    1.48671 r
  mantissa_div/U201/ZN (MAOI222D0)                     0.07210    1.55881 f
  mantissa_div/U202/ZN (MAOI222D0)                     0.08897    1.64778 r
  mantissa_div/U204/ZN (OAI21D0)                       0.05098    1.69876 f
  mantissa_div/U205/ZN (MAOI222D0)                     0.09018    1.78893 r
  mantissa_div/U448/Z (XOR2D0)                         0.07128    1.86021 f
  mantissa_div/U83/ZN (INVD0)                          0.02508    1.88530 r
  mantissa_div/U84/ZN (INVD0)                          0.02527    1.91057 f
  mantissa_div/U452/ZN (AOI22D0)                       0.04227    1.95284 r
  mantissa_div/U454/ZN (OAI211D0)                      0.05108    2.00392 f
  mantissa_div/Stage_1_2/U11/S (FA1D0)                 0.10745    2.11137 f
  mantissa_div/Stage_2_1/U11/S (FA1D0)                 0.07707    2.18844 r
  mantissa_div/Stage_3_1/U10/S (FA1D0)                 0.10442    2.29286 f
  mantissa_div/intadd_0_U9/CO (FA1D0)                  0.08053    2.37339 f
  mantissa_div/intadd_0_U8/CO (FA1D0)                  0.05524    2.42863 f
  mantissa_div/intadd_0_U7/CO (FA1D0)                  0.05524    2.48387 f
  mantissa_div/intadd_0_U6/CO (FA1D0)                  0.05524    2.53912 f
  mantissa_div/intadd_0_U5/CO (FA1D0)                  0.05524    2.59436 f
  mantissa_div/intadd_0_U4/CO (FA1D0)                  0.05524    2.64961 f
  mantissa_div/intadd_0_U3/CO (FA1D0)                  0.05524    2.70485 f
  mantissa_div/intadd_0_U2/CO (FA1D0)                  0.05251    2.75736 f
  mantissa_div/U152/Z (XOR3D0)                         0.11601    2.87337 r
  mantissa_div/U153/Z (BUFFD0)                         0.04665    2.92002 r
  mantissa_div/U154/Z (BUFFD0)                         0.04789    2.96791 r
  U2/ZN (INVD0)                                        0.02008    2.98798 f
  fp_wrapper/intadd_1_U8/CO (FA1D0)                    0.10038    3.08836 f
  fp_wrapper/intadd_1_U7/CO (FA1D0)                    0.05516    3.14352 f
  fp_wrapper/intadd_1_U6/CO (FA1D0)                    0.05524    3.19876 f
  fp_wrapper/intadd_1_U5/CO (FA1D0)                    0.05524    3.25401 f
  fp_wrapper/intadd_1_U4/CO (FA1D0)                    0.05524    3.30925 f
  fp_wrapper/intadd_1_U3/CO (FA1D0)                    0.05524    3.36450 f
  fp_wrapper/intadd_1_U2/CO (FA1D0)                    0.05863    3.42313 f
  fp_wrapper/U73/ZN (XNR4D0)                           0.10175    3.52488 f
  out0[30] (out)                                       0.00000    3.52488 f
  data arrival time                                               3.52488

  clock vclk (rise edge)                              10.00000   10.00000
  clock network delay (ideal)                          0.00000   10.00000
  clock reconvergence pessimism                        0.00000   10.00000
  output external delay                               -0.02000    9.98000
  data required time                                              9.98000
  ------------------------------------------------------------------------------
  data required time                                              9.98000
  data arrival time                                              -3.52488
  ------------------------------------------------------------------------------
  slack (MET)                                                     6.45512


  Startpoint: x[0] (input port clocked by vclk)
  Endpoint: out0[30] (output port clocked by vclk)
  Path Group: vclk
  Path Type: max

  Point                                                   Incr       Path
  ------------------------------------------------------------------------------
  clock vclk (rise edge)                               0.00000    0.00000
  clock network delay (ideal)                          0.00000    0.00000
  input external delay                                 0.02000    0.02000 f
  x[0] (in)                                            0.00350    0.02350 f
  fp_wrapper/U35/Z (BUFFD0)                            0.02988    0.05337 f
  mantissa_div/U175/ZN (NR2D0)                         0.04693    0.10030 r
  mantissa_div/U291/CO (FA1D0)                         0.06024    0.16054 r
  mantissa_div/U241/CO (FA1D0)                         0.05887    0.21941 r
  mantissa_div/U178/ZN (IAO21D0)                       0.07385    0.29326 r
  mantissa_div/U180/ZN (MAOI222D0)                     0.06488    0.35814 f
  mantissa_div/U181/ZN (MAOI222D0)                     0.09771    0.45585 r
  mantissa_div/U183/ZN (MAOI222D0)                     0.07210    0.52795 f
  mantissa_div/U184/ZN (MAOI222D0)                     0.09931    0.62726 r
  mantissa_div/U186/ZN (MAOI222D0)                     0.07210    0.69936 f
  mantissa_div/U187/ZN (MAOI222D0)                     0.09863    0.79800 r
  mantissa_div/U189/ZN (MAOI222D0)                     0.07191    0.86991 f
  mantissa_div/U190/ZN (MAOI222D0)                     0.09926    0.96917 r
  mantissa_div/U192/ZN (MAOI222D0)                     0.06929    1.03845 f
  mantissa_div/U193/ZN (MAOI222D0)                     0.09844    1.13690 r
  mantissa_div/U195/ZN (MAOI222D0)                     0.07210    1.20900 f
  mantissa_div/U196/ZN (MAOI222D0)                     0.09931    1.30831 r
  mantissa_div/U198/ZN (MAOI222D0)                     0.06929    1.37760 f
  mantissa_div/U199/ZN (MAOI222D0)                     0.09844    1.47604 r
  mantissa_div/U201/ZN (MAOI222D0)                     0.07210    1.54814 f
  mantissa_div/U202/ZN (MAOI222D0)                     0.08897    1.63711 r
  mantissa_div/U204/ZN (OAI21D0)                       0.05098    1.68809 f
  mantissa_div/U205/ZN (MAOI222D0)                     0.09018    1.77827 r
  mantissa_div/U448/Z (XOR2D0)                         0.07128    1.84955 f
  mantissa_div/U83/ZN (INVD0)                          0.02508    1.87463 r
  mantissa_div/U84/ZN (INVD0)                          0.02527    1.89990 f
  mantissa_div/U452/ZN (AOI22D0)                       0.04227    1.94218 r
  mantissa_div/U454/ZN (OAI211D0)                      0.05108    1.99325 f
  mantissa_div/Stage_1_2/U11/S (FA1D0)                 0.10741    2.10066 r
  mantissa_div/Stage_2_1/U11/S (FA1D0)                 0.07782    2.17848 r
  mantissa_div/Stage_3_1/U10/S (FA1D0)                 0.10442    2.28290 f
  mantissa_div/intadd_0_U9/CO (FA1D0)                  0.08053    2.36343 f
  mantissa_div/intadd_0_U8/CO (FA1D0)                  0.05524    2.41867 f
  mantissa_div/intadd_0_U7/CO (FA1D0)                  0.05524    2.47392 f
  mantissa_div/intadd_0_U6/CO (FA1D0)                  0.05524    2.52916 f
  mantissa_div/intadd_0_U5/CO (FA1D0)                  0.05524    2.58440 f
  mantissa_div/intadd_0_U4/CO (FA1D0)                  0.05524    2.63965 f
  mantissa_div/intadd_0_U3/CO (FA1D0)                  0.05524    2.69489 f
  mantissa_div/intadd_0_U2/CO (FA1D0)                  0.05251    2.74740 f
  mantissa_div/U152/Z (XOR3D0)                         0.11601    2.86341 r
  mantissa_div/U153/Z (BUFFD0)                         0.04665    2.91006 r
  mantissa_div/U154/Z (BUFFD0)                         0.04789    2.95795 r
  U2/ZN (INVD0)                                        0.02008    2.97802 f
  fp_wrapper/intadd_1_U8/CO (FA1D0)                    0.10038    3.07841 f
  fp_wrapper/intadd_1_U7/CO (FA1D0)                    0.05516    3.13356 f
  fp_wrapper/intadd_1_U6/CO (FA1D0)                    0.05524    3.18881 f
  fp_wrapper/intadd_1_U5/CO (FA1D0)                    0.05524    3.24405 f
  fp_wrapper/intadd_1_U4/CO (FA1D0)                    0.05524    3.29929 f
  fp_wrapper/intadd_1_U3/CO (FA1D0)                    0.05524    3.35454 f
  fp_wrapper/intadd_1_U2/CO (FA1D0)                    0.05863    3.41317 f
  fp_wrapper/U73/ZN (XNR4D0)                           0.11139    3.52456 r
  out0[30] (out)                                       0.00000    3.52456 r
  data arrival time                                               3.52456

  clock vclk (rise edge)                              10.00000   10.00000
  clock network delay (ideal)                          0.00000   10.00000
  clock reconvergence pessimism                        0.00000   10.00000
  output external delay                               -0.02000    9.98000
  data required time                                              9.98000
  ------------------------------------------------------------------------------
  data required time                                              9.98000
  data arrival time                                              -3.52456
  ------------------------------------------------------------------------------
  slack (MET)                                                     6.45544

Warning: report_timing has satisfied the max_paths criteria. There are 31 further endpoints which have paths of interest with slack less than 1000.00000 that were not considered when generating this report. (UITE-502)

1
