****************************************
Report : Averaged Power
	-hierarchy
	-significant_digits
Design : oadm_fixed_l0_mul_root_opt_aggressive
Version: U-2022.12-SP5
Date   : Thu Sep  3 12:54:42 2026
****************************************



                                      Int      Switch   Leak     Total
Hierarchy                             Power    Power    Power    Power    %
----------------------------------------------------------------------------------
oadm_fixed_l0_mul_root_opt_aggressive 1.04e-05 4.06e-06 2.75e-06 1.72e-05 100.0
  impl (oadm_fixed_mul_root_opt_LEVEL0_RESIDUAL_DROP18)
                                      1.04e-05 4.06e-06 2.75e-06 1.72e-05 100.0
    plane (oadm_fixed_mul_plane_root_opt_LEVEL0_RESIDUAL_DROP18)
                                      4.05e-06 1.20e-06 1.21e-06 6.46e-06  37.5
    fp_wrapper (fp32_normal_finite_wrapper)
                                      5.46e-06 1.95e-06 1.34e-06 8.76e-06  50.8
      add_1_root_add_0_root_add_25_2 (fp32_normal_finite_wrapper_DW01_add_3_DW01_add_6)
                                      1.85e-06 2.83e-07 4.52e-07 2.59e-06  15.0
1
