****************************************
Report : Averaged Power
	-significant_digits
Design : oadm_fixed_l0_mul_root_opt_aggressive
Version: U-2022.12-SP5
Date   : Thu Sep  3 12:54:42 2026
****************************************



  Attributes
  ----------
      i  -  Including register clock pin internal power
      u  -  User defined power group

                        Internal             Switching            Leakage              Total
Power Group             Power                Power                Power                Power               (     %)   Attrs
----------------------------------------------------------------------------------------------------------------------------
clock_network           0.00000e+00          0.00000e+00          0.00000e+00          0.00000e+00         ( 0.00%)   i
register                0.00000e+00          0.00000e+00          0.00000e+00          0.00000e+00         ( 0.00%)   
combinational           1.04204e-05          4.05969e-06          2.75415e-06          1.72342e-05         (100.00%)  
sequential              0.00000e+00          0.00000e+00          0.00000e+00          0.00000e+00         ( 0.00%)   
memory                  0.00000e+00          0.00000e+00          0.00000e+00          0.00000e+00         ( 0.00%)   
io_pad                  0.00000e+00          0.00000e+00          0.00000e+00          0.00000e+00         ( 0.00%)   
black_box               0.00000e+00          0.00000e+00          0.00000e+00          0.00000e+00         ( 0.00%)   

  Net Switching Power  = 4.05969e-06           (23.56%)
  Cell Internal Power  = 1.04204e-05           (60.46%)
  Cell Leakage Power   = 2.75415e-06           (15.98%)
                         -------------------------
Total Power            = 1.72342e-05          (100.00%)

1
