****************************************
Report : Averaged Power
	-hierarchy
	-significant_digits
Design : oadm_dm_l1
Version: U-2022.12-SP5
Date   : Sun Aug  9 13:32:52 2026
****************************************



                                      Int      Switch   Leak     Total
Hierarchy                             Power    Power    Power    Power    %
----------------------------------------------------------------------------------
oadm_dm_l1                            3.62e-03 4.86e-04 4.55e-05 4.15e-03 100.0
  impl (oadm_dm_fixed_APPROX_LEVEL1)  3.61e-03 4.78e-04 4.51e-05 4.14e-03  99.6
    mantissa_core (oadm_core_fixed_APPROX_LEVEL1)
                                      2.85e-03 4.19e-04 3.74e-05 3.31e-03  79.7
      division_scale (sa_scale_VALUE_WIDTH29_COEFF_WIDTH8)
                                      7.58e-04 9.79e-05 1.24e-05 8.68e-04  20.9
      csa0 (csa3_WIDTH29_2)           2.56e-05 1.20e-05 5.79e-07 3.82e-05   0.9
      csa1 (csa3_WIDTH29_1)           2.14e-05 9.70e-06 5.51e-07 3.17e-05   0.8
      csa2 (csa3_WIDTH29_0)           1.84e-05 1.04e-05 5.46e-07 2.93e-05   0.7
      reciprocal_lut (recip_lut_fixed_APPROX_LEVEL1)
                                      1.79e-07 1.25e-07 9.37e-09 3.13e-07   0.0
1
