 
****************************************
Report : area
Design : simdive_fp32_recon
Version: U-2022.12-SP7
Date   : Sun Aug 23 01:51:08 2026
****************************************

Library(s) Used:

    tcbn65gplustc_ccs (File: /courses/ee6350/pdk2025/tcbn65gplus/TSMCHOME/digital/Front_End/timing_power_noise/CCS/tcbn65gplus_200a/tcbn65gplustc_ccs.db)

Number of ports:                           97
Number of nets:                           421
Number of cells:                          295
Number of combinational cells:            295
Number of sequential cells:                 0
Number of macros/black boxes:               0
Number of buf/inv:                         90
Number of references:                      34

Combinational area:                992.520011
Buf/Inv area:                      105.480004
Noncombinational area:               0.000000
Macro/Black Box area:                0.000000
Net Interconnect area:      undefined  (Wire load has zero net area)

Total cell area:                   992.520011
Total area:                 undefined
1
