 
****************************************
check_design summary:
Version:     U-2022.12-SP7
Date:        Thu Sep  3 12:40:22 2026
****************************************

                   Name                                            Total
--------------------------------------------------------------------------------
Inputs/Outputs                                                     38
    Unloaded inputs (LINT-8)                                        1
    Unconnected ports (LINT-28)                                    37

Cells                                                              31
    Connected to power or ground (LINT-32)                         26
    Nets connected to multiple pins on same cell (LINT-33)          5

Nets                                                                1
    Unloaded nets (LINT-2)                                          1
--------------------------------------------------------------------------------

Warning: In design 'pace_fp32_l1', net 'mantissa_div/add_38/A[0]' driven by pin 'mantissa_div/add_38/A[0]' has no loads. (LINT-2)
Warning: In design 'Mantissa_Div_L1_MANTISSA_WIDTH23_DW01_add_0', input port 'A[0]' is unloaded. (LINT-8)
Warning: In design 'CSA3_2_Array_WIDTH25', port 'In_1[24]' is not connected to any nets. (LINT-28)
Warning: In design 'CSA3_2_Array_WIDTH25', port 'In_1[23]' is not connected to any nets. (LINT-28)
Warning: In design 'CSA3_2_Array_WIDTH25', port 'In_1[22]' is not connected to any nets. (LINT-28)
Warning: In design 'CSA3_2_Array_WIDTH25', port 'In_1[21]' is not connected to any nets. (LINT-28)
Warning: In design 'CSA3_2_Array_WIDTH25', port 'In_1[20]' is not connected to any nets. (LINT-28)
Warning: In design 'CSA3_2_Array_WIDTH25', port 'In_1[19]' is not connected to any nets. (LINT-28)
Warning: In design 'CSA3_2_Array_WIDTH25', port 'In_1[18]' is not connected to any nets. (LINT-28)
Warning: In design 'CSA3_2_Array_WIDTH25', port 'In_1[17]' is not connected to any nets. (LINT-28)
Warning: In design 'CSA3_2_Array_WIDTH25', port 'In_1[16]' is not connected to any nets. (LINT-28)
Warning: In design 'CSA3_2_Array_WIDTH25', port 'In_1[15]' is not connected to any nets. (LINT-28)
Warning: In design 'CSA3_2_Array_WIDTH25', port 'In_1[14]' is not connected to any nets. (LINT-28)
Warning: In design 'CSA3_2_Array_WIDTH25', port 'In_1[13]' is not connected to any nets. (LINT-28)
Warning: In design 'CSA3_2_Array_WIDTH25', port 'In_1[12]' is not connected to any nets. (LINT-28)
Warning: In design 'CSA3_2_Array_WIDTH25', port 'In_1[11]' is not connected to any nets. (LINT-28)
Warning: In design 'CSA3_2_Array_WIDTH25', port 'In_1[10]' is not connected to any nets. (LINT-28)
Warning: In design 'CSA3_2_Array_WIDTH25', port 'In_1[9]' is not connected to any nets. (LINT-28)
Warning: In design 'CSA3_2_Array_WIDTH25', port 'In_1[8]' is not connected to any nets. (LINT-28)
Warning: In design 'CSA3_2_Array_WIDTH25', port 'In_1[7]' is not connected to any nets. (LINT-28)
Warning: In design 'CSA3_2_Array_WIDTH25', port 'In_1[6]' is not connected to any nets. (LINT-28)
Warning: In design 'CSA3_2_Array_WIDTH25', port 'In_1[5]' is not connected to any nets. (LINT-28)
Warning: In design 'CSA3_2_Array_WIDTH25', port 'In_1[4]' is not connected to any nets. (LINT-28)
Warning: In design 'CSA3_2_Array_WIDTH25', port 'In_1[3]' is not connected to any nets. (LINT-28)
Warning: In design 'CSA3_2_Array_WIDTH25', port 'In_1[2]' is not connected to any nets. (LINT-28)
Warning: In design 'CSA3_2_Array_WIDTH25', port 'In_1[1]' is not connected to any nets. (LINT-28)
Warning: In design 'CSA3_2_Array_WIDTH25', port 'In_1[0]' is not connected to any nets. (LINT-28)
Warning: In design 'CSA3_2_Array_WIDTH25', port 'C[24]' is not connected to any nets. (LINT-28)
Warning: In design 'fp32_normal_finite_wrapper', port 'divide_mode' is not connected to any nets. (LINT-28)
Warning: In design 'Mantissa_Div_L1_MANTISSA_WIDTH23_DW01_add_0', port 'B[0]' is not connected to any nets. (LINT-28)
Warning: In design 'Mantissa_Div_L1_MANTISSA_WIDTH23_DW01_add_0', port 'CI' is not connected to any nets. (LINT-28)
Warning: In design 'Mantissa_Div_L1_MANTISSA_WIDTH23_DW01_add_0', port 'SUM[0]' is not connected to any nets. (LINT-28)
Warning: In design 'Mantissa_Div_L1_MANTISSA_WIDTH23_DW01_add_0', port 'CO' is not connected to any nets. (LINT-28)
Warning: In design 'Mantissa_Div_L1_MANTISSA_WIDTH23_DW01_sub_0_DW01_sub_1', port 'A[23]' is not connected to any nets. (LINT-28)
Warning: In design 'Mantissa_Div_L1_MANTISSA_WIDTH23_DW01_sub_0_DW01_sub_1', port 'B[23]' is not connected to any nets. (LINT-28)
Warning: In design 'Mantissa_Div_L1_MANTISSA_WIDTH23_DW01_sub_0_DW01_sub_1', port 'CI' is not connected to any nets. (LINT-28)
Warning: In design 'Mantissa_Div_L1_MANTISSA_WIDTH23_DW01_sub_0_DW01_sub_1', port 'CO' is not connected to any nets. (LINT-28)
Warning: In design 'fp32_normal_finite_wrapper_DW01_add_1_DW01_add_2', port 'CI' is not connected to any nets. (LINT-28)
Warning: In design 'fp32_normal_finite_wrapper_DW01_add_1_DW01_add_2', port 'CO' is not connected to any nets. (LINT-28)
Warning: In design 'Mantissa_Div_L1_MANTISSA_WIDTH23', a pin on submodule 'Stage_0_0' is connected to logic 1 or logic 0. (LINT-32)
   Pin 'In_1[24]' is connected to logic 0. 
Warning: In design 'Mantissa_Div_L1_MANTISSA_WIDTH23', a pin on submodule 'Stage_0_0' is connected to logic 1 or logic 0. (LINT-32)
   Pin 'In_1[23]' is connected to logic 0. 
Warning: In design 'Mantissa_Div_L1_MANTISSA_WIDTH23', a pin on submodule 'Stage_0_0' is connected to logic 1 or logic 0. (LINT-32)
   Pin 'In_1[22]' is connected to logic 0. 
Warning: In design 'Mantissa_Div_L1_MANTISSA_WIDTH23', a pin on submodule 'Stage_0_0' is connected to logic 1 or logic 0. (LINT-32)
   Pin 'In_1[21]' is connected to logic 0. 
Warning: In design 'Mantissa_Div_L1_MANTISSA_WIDTH23', a pin on submodule 'Stage_0_0' is connected to logic 1 or logic 0. (LINT-32)
   Pin 'In_1[20]' is connected to logic 0. 
Warning: In design 'Mantissa_Div_L1_MANTISSA_WIDTH23', a pin on submodule 'Stage_0_0' is connected to logic 1 or logic 0. (LINT-32)
   Pin 'In_1[19]' is connected to logic 0. 
Warning: In design 'Mantissa_Div_L1_MANTISSA_WIDTH23', a pin on submodule 'Stage_0_0' is connected to logic 1 or logic 0. (LINT-32)
   Pin 'In_1[18]' is connected to logic 0. 
Warning: In design 'Mantissa_Div_L1_MANTISSA_WIDTH23', a pin on submodule 'Stage_0_0' is connected to logic 1 or logic 0. (LINT-32)
   Pin 'In_1[17]' is connected to logic 0. 
Warning: In design 'Mantissa_Div_L1_MANTISSA_WIDTH23', a pin on submodule 'Stage_0_0' is connected to logic 1 or logic 0. (LINT-32)
   Pin 'In_1[16]' is connected to logic 0. 
Warning: In design 'Mantissa_Div_L1_MANTISSA_WIDTH23', a pin on submodule 'Stage_0_0' is connected to logic 1 or logic 0. (LINT-32)
   Pin 'In_1[15]' is connected to logic 0. 
Warning: In design 'Mantissa_Div_L1_MANTISSA_WIDTH23', a pin on submodule 'Stage_0_0' is connected to logic 1 or logic 0. (LINT-32)
   Pin 'In_1[14]' is connected to logic 0. 
Warning: In design 'Mantissa_Div_L1_MANTISSA_WIDTH23', a pin on submodule 'Stage_0_0' is connected to logic 1 or logic 0. (LINT-32)
   Pin 'In_1[13]' is connected to logic 0. 
Warning: In design 'Mantissa_Div_L1_MANTISSA_WIDTH23', a pin on submodule 'Stage_0_0' is connected to logic 1 or logic 0. (LINT-32)
   Pin 'In_1[12]' is connected to logic 0. 
Warning: In design 'Mantissa_Div_L1_MANTISSA_WIDTH23', a pin on submodule 'Stage_0_0' is connected to logic 1 or logic 0. (LINT-32)
   Pin 'In_1[11]' is connected to logic 0. 
Warning: In design 'Mantissa_Div_L1_MANTISSA_WIDTH23', a pin on submodule 'Stage_0_0' is connected to logic 1 or logic 0. (LINT-32)
   Pin 'In_1[10]' is connected to logic 0. 
Warning: In design 'Mantissa_Div_L1_MANTISSA_WIDTH23', a pin on submodule 'Stage_0_0' is connected to logic 1 or logic 0. (LINT-32)
   Pin 'In_1[9]' is connected to logic 0. 
Warning: In design 'Mantissa_Div_L1_MANTISSA_WIDTH23', a pin on submodule 'Stage_0_0' is connected to logic 1 or logic 0. (LINT-32)
   Pin 'In_1[8]' is connected to logic 0. 
Warning: In design 'Mantissa_Div_L1_MANTISSA_WIDTH23', a pin on submodule 'Stage_0_0' is connected to logic 1 or logic 0. (LINT-32)
   Pin 'In_1[7]' is connected to logic 0. 
Warning: In design 'Mantissa_Div_L1_MANTISSA_WIDTH23', a pin on submodule 'Stage_0_0' is connected to logic 1 or logic 0. (LINT-32)
   Pin 'In_1[6]' is connected to logic 0. 
Warning: In design 'Mantissa_Div_L1_MANTISSA_WIDTH23', a pin on submodule 'Stage_0_0' is connected to logic 1 or logic 0. (LINT-32)
   Pin 'In_1[5]' is connected to logic 0. 
Warning: In design 'Mantissa_Div_L1_MANTISSA_WIDTH23', a pin on submodule 'Stage_0_0' is connected to logic 1 or logic 0. (LINT-32)
   Pin 'In_1[4]' is connected to logic 0. 
Warning: In design 'Mantissa_Div_L1_MANTISSA_WIDTH23', a pin on submodule 'Stage_0_0' is connected to logic 1 or logic 0. (LINT-32)
   Pin 'In_1[3]' is connected to logic 0. 
Warning: In design 'Mantissa_Div_L1_MANTISSA_WIDTH23', a pin on submodule 'Stage_0_0' is connected to logic 1 or logic 0. (LINT-32)
   Pin 'In_1[2]' is connected to logic 0. 
Warning: In design 'Mantissa_Div_L1_MANTISSA_WIDTH23', a pin on submodule 'Stage_0_0' is connected to logic 1 or logic 0. (LINT-32)
   Pin 'In_1[1]' is connected to logic 0. 
Warning: In design 'Mantissa_Div_L1_MANTISSA_WIDTH23', a pin on submodule 'Stage_0_0' is connected to logic 1 or logic 0. (LINT-32)
   Pin 'In_1[0]' is connected to logic 0. 
Warning: In design 'FP_DIV_WRAPPER_32', a pin on submodule 'shared_wrapper' is connected to logic 1 or logic 0. (LINT-32)
   Pin 'divide_mode' is connected to logic 0. 
Warning: In design 'Mantissa_Div_L1_MANTISSA_WIDTH23', the same net is connected to more than one pin on submodule 'Stage_0_0'. (LINT-33)
   Net 'x_sub_y[23]' is connected to pins 'In_2[24]', 'In_2[23]''.
Warning: In design 'Mantissa_Div_L1_MANTISSA_WIDTH23', the same net is connected to more than one pin on submodule 'Stage_0_0'. (LINT-33)
   Net 'L1_p2[24]' is connected to pins 'In_3[24]', 'In_3[23]'', 'In_3[22]'.
Warning: In design 'Mantissa_Div_L1_MANTISSA_WIDTH23', the same net is connected to more than one pin on submodule 'add_38'. (LINT-33)
   Net 'n7' is connected to pins 'B[0]', 'CI''.
Warning: In design 'Mantissa_Div_L1_MANTISSA_WIDTH23', the same net is connected to more than one pin on submodule 'sub_16'. (LINT-33)
   Net 'n7' is connected to pins 'A[23]', 'B[23]'', 'CI'.
Warning: In design 'FP_DIV_WRAPPER_32', the same net is connected to more than one pin on submodule 'shared_wrapper'. (LINT-33)
   Net 'shift[0]' is connected to pins 'exponent_adjust[2]', 'exponent_adjust[1]'', 'exponent_adjust[0]'.
1
 
****************************************
Report : area
Design : pace_fp32_l1
Version: U-2022.12-SP7
Date   : Thu Sep  3 12:40:22 2026
****************************************

Library(s) Used:

    tcbn65gplustc_ccs (File: /courses/ee6350/pdk2025/tcbn65gplus/TSMCHOME/digital/Front_End/timing_power_noise/CCS/tcbn65gplus_200a/tcbn65gplustc_ccs.db)

Number of ports:                          803
Number of nets:                          1133
Number of cells:                          351
Number of combinational cells:            318
Number of sequential cells:                 0
Number of macros/black boxes:               0
Number of buf/inv:                        149
Number of references:                       3

Combinational area:                990.000008
Buf/Inv area:                      185.760007
Noncombinational area:               0.000000
Macro/Black Box area:                0.000000
Net Interconnect area:      undefined  (Wire load has zero net area)

Total cell area:                   990.000008
Total area:                 undefined
1
 
****************************************
Report : area
Design : pace_fp32_l1
Version: U-2022.12-SP7
Date   : Thu Sep  3 12:40:22 2026
****************************************

Library(s) Used:

    tcbn65gplustc_ccs (File: /courses/ee6350/pdk2025/tcbn65gplus/TSMCHOME/digital/Front_End/timing_power_noise/CCS/tcbn65gplus_200a/tcbn65gplustc_ccs.db)

Number of ports:                          803
Number of nets:                          1133
Number of cells:                          351
Number of combinational cells:            318
Number of sequential cells:                 0
Number of macros/black boxes:               0
Number of buf/inv:                        149
Number of references:                       3

Combinational area:                990.000008
Buf/Inv area:                      185.760007
Noncombinational area:               0.000000
Macro/Black Box area:                0.000000
Net Interconnect area:      undefined  (Wire load has zero net area)

Total cell area:                   990.000008
Total area:                 undefined

Hierarchical area distribution
------------------------------

                                  Global cell area          Local cell area
                                  ------------------  --------------------------- 
Hierarchical cell                 Absolute   Percent  Combi-    Noncombi-  Black-
                                  Total      Total    national  national   boxes   Design
--------------------------------  ---------  -------  --------  ---------  ------  ------------------------------------------------------
pace_fp32_l1                       990.0000    100.0    1.0800     0.0000  0.0000  pace_fp32_l1
fp_wrapper                         243.3600     24.6    0.0000     0.0000  0.0000  FP_DIV_WRAPPER_32
fp_wrapper/shared_wrapper          243.3600     24.6  177.4800     0.0000  0.0000  fp32_normal_finite_wrapper
fp_wrapper/shared_wrapper/add_1_root_add_0_root_add_22_2
                                    65.8800      6.7   65.8800     0.0000  0.0000  fp32_normal_finite_wrapper_DW01_add_1_DW01_add_2
mantissa_div                       745.5600     75.3  156.6000     0.0000  0.0000  Mantissa_Div_L1_MANTISSA_WIDTH23
mantissa_div/Stage_0_0             150.4800     15.2  150.4800     0.0000  0.0000  CSA3_2_Array_WIDTH25
mantissa_div/add_38                209.8800     21.2  209.8800     0.0000  0.0000  Mantissa_Div_L1_MANTISSA_WIDTH23_DW01_add_0
mantissa_div/sub_16                228.6000     23.1  228.6000     0.0000  0.0000  Mantissa_Div_L1_MANTISSA_WIDTH23_DW01_sub_0_DW01_sub_1
--------------------------------  ---------  -------  --------  ---------  ------  ------------------------------------------------------
Total                                                 990.0000     0.0000  0.0000

1
Information: Propagating switching activity (medium effort zero delay simulation). (PWR-6)
Warning: Design has unannotated primary inputs. (PWR-414)
 
****************************************
Report : power
        -hier
        -analysis_effort medium
        -verbose
Design : pace_fp32_l1
Version: U-2022.12-SP7
Date   : Thu Sep  3 12:40:22 2026
****************************************


Library(s) Used:

    tcbn65gplustc_ccs (File: /courses/ee6350/pdk2025/tcbn65gplus/TSMCHOME/digital/Front_End/timing_power_noise/CCS/tcbn65gplus_200a/tcbn65gplustc_ccs.db)


Operating Conditions: NCCOM   Library: tcbn65gplustc_ccs
Wire Load Model Mode: segmented

Design        Wire Load Model            Library
------------------------------------------------
pace_fp32_l1           ZeroWireload      tcbn65gplustc_ccs
Mantissa_Div_L1_MANTISSA_WIDTH23
                       ZeroWireload      tcbn65gplustc_ccs
FP_DIV_WRAPPER_32      ZeroWireload      tcbn65gplustc_ccs
CSA3_2_Array_WIDTH25   ZeroWireload      tcbn65gplustc_ccs
fp32_normal_finite_wrapper
                       ZeroWireload      tcbn65gplustc_ccs
Mantissa_Div_L1_MANTISSA_WIDTH23_DW01_add_0
                       ZeroWireload      tcbn65gplustc_ccs
Mantissa_Div_L1_MANTISSA_WIDTH23_DW01_sub_0_DW01_sub_1
                       ZeroWireload      tcbn65gplustc_ccs
fp32_normal_finite_wrapper_DW01_add_1_DW01_add_2
                       ZeroWireload      tcbn65gplustc_ccs


Global Operating Voltage = 1    
Power-specific unit information :
    Voltage Units = 1V
    Capacitance Units = 1.000000pf
    Time Units = 1ns
    Dynamic Power Units = 1mW    (derived from V,C,T units)
    Leakage Power Units = 1nW


--------------------------------------------------------------------------------
                                       Switch   Int      Leak     Total
Hierarchy                              Power    Power    Power    Power    %
--------------------------------------------------------------------------------
pace_fp32_l1                           1.05e-02 2.75e-02 6.06e+03 4.41e-02 100.0
  fp_wrapper (FP_DIV_WRAPPER_32)       3.51e-03 6.80e-03 1.73e+03 1.20e-02  27.3
    shared_wrapper (fp32_normal_finite_wrapper)
                                       3.51e-03 6.80e-03 1.73e+03 1.20e-02  27.3
      add_1_root_add_0_root_add_22_2 (fp32_normal_finite_wrapper_DW01_add_1_DW01_add_2)
                                       2.62e-04 1.69e-03  452.437 2.41e-03   5.5
  mantissa_div (Mantissa_Div_L1_MANTISSA_WIDTH23)
                                       6.80e-03 2.07e-02 4.33e+03 3.18e-02  72.2
    sub_16 (Mantissa_Div_L1_MANTISSA_WIDTH23_DW01_sub_0_DW01_sub_1)
                                       1.76e-03 5.73e-03 1.54e+03 9.03e-03  20.5
    add_38 (Mantissa_Div_L1_MANTISSA_WIDTH23_DW01_add_0)
                                       8.51e-04 7.54e-03 1.40e+03 9.79e-03  22.2
    Stage_0_0 (CSA3_2_Array_WIDTH25)   1.19e-03 3.41e-03  750.120 5.35e-03  12.1
1
 
****************************************
Report : constraint
        -all_violators
        -verbose
Design : pace_fp32_l1
Version: U-2022.12-SP7
Date   : Thu Sep  3 12:40:22 2026
****************************************


    Design: pace_fp32_l1

    max_area               0.00
  - Current Area         990.00
  ------------------------------
    Slack               -990.00  (VIOLATED)


1
