****************************************
Report : qor
Design : pace_fp32_l1
Version: U-2022.12-SP5
Date   : Wed Sep  2 14:14:39 2026
****************************************

  Timing Path Group 'vclk' (max_delay/setup)
  ---------------------------------------------
  Levels of Logic:                           37
  Critical Path Length:                    2.04
  Critical Path Slack:                     7.94
  Total Negative Slack:                    0.00
  No. of Violating Paths:                     0
  ---------------------------------------------

  Timing Path Group 'vclk' (min_delay/hold)
  ---------------------------------------------
  Levels of Logic:                            1
  Critical Path Length:                    0.08
  Critical Path Slack:                     0.10
  Total Negative Slack:                    0.00
  No. of Violating Paths:                     0
  ---------------------------------------------

  Area
  ---------------------------------------------
  Net Interconnect area:                   0.00
  Total cell area:                       668.88
  Design Area:                           668.88
  Area Cost:                            -668.88
  ---------------------------------------------


  Cell & Pin Count
  ---------------------------------------------
  Pin Count:                                811
  Hierarchical Cell Count:                    0
  Hierarchical Port Count:                    0
  Leaf Cell Count:                          227
  ---------------------------------------------


  Design Rule Violations
  ---------------------------------------------
  Total No. of Pins in Design:              811
  Total DRC Cost:                          0.00
  ---------------------------------------------

1
