****************************************
Report : timing
	-path_type full
	-delay_type max
	-nworst 10
	-slack_lesser_than 1000.00000
	-max_paths 10
	-sort_by slack
Design : truncapp_fp32_paceio
Version: U-2022.12-SP5
Date   : Thu Sep  3 12:47:12 2026
****************************************


  Startpoint: x[2] (input port clocked by vclk)
  Endpoint: out0[22] (output port clocked by vclk)
  Path Group: vclk
  Path Type: max

  Point                                                   Incr       Path
  ------------------------------------------------------------------------------
  clock vclk (rise edge)                               0.00000    0.00000
  clock network delay (ideal)                          0.00000    0.00000
  input external delay                                 0.02000    0.02000 r
  x[2] (in)                                            0.00773    0.02773 r
  fp_wrapper/shared_wrapper/U38/Z (CKBD1)              0.02814    0.05586 r
  truncapp_core/u_trunc_a/U45/ZN (INVD0)               0.01848    0.07435 f
  truncapp_core/u_trunc_a/U47/ZN (CKND2)               0.04740    0.12174 r
  truncapp_core/u_mul/mult_13/U1277/Z (CKXOR2D0)       0.07304    0.19478 f
  truncapp_core/u_mul/mult_13/U1275/ZN (CKND2D0)       0.06852    0.26330 r
  truncapp_core/u_mul/mult_13/U1115/ZN (INVD1)         0.07196    0.33527 f
  truncapp_core/u_mul/mult_13/U1205/Z (AO22D0)         0.07321    0.40848 f
  truncapp_core/u_mul/mult_13/U1204/ZN (AOI221D0)      0.09930    0.50778 r
  truncapp_core/u_mul/mult_13/U1203/Z (CKXOR2D0)       0.08224    0.59002 f
  truncapp_core/u_mul/mult_13/U177/CO (HA1D0)          0.04306    0.63308 f
  truncapp_core/u_mul/mult_13/U176/CO (FA1D0)          0.05291    0.68599 f
  truncapp_core/u_mul/mult_13/U175/CO (FA1D0)          0.05518    0.74118 f
  truncapp_core/u_mul/mult_13/U174/CO (FA1D0)          0.05524    0.79642 f
  truncapp_core/u_mul/mult_13/U173/CO (FA1D0)          0.05524    0.85167 f
  truncapp_core/u_mul/mult_13/U172/CO (FA1D0)          0.05524    0.90691 f
  truncapp_core/u_mul/mult_13/U171/CO (FA1D0)          0.05524    0.96215 f
  truncapp_core/u_mul/mult_13/U170/CO (FA1D0)          0.05524    1.01740 f
  truncapp_core/u_mul/mult_13/U169/CO (FA1D0)          0.05524    1.07264 f
  truncapp_core/u_mul/mult_13/U168/CO (FA1D0)          0.05524    1.12789 f
  truncapp_core/u_mul/mult_13/U167/CO (FA1D0)          0.05524    1.18313 f
  truncapp_core/u_mul/mult_13/U166/CO (FA1D0)          0.05524    1.23838 f
  truncapp_core/u_mul/mult_13/U165/CO (FA1D0)          0.05524    1.29362 f
  truncapp_core/u_mul/mult_13/U164/CO (FA1D0)          0.05524    1.34887 f
  truncapp_core/u_mul/mult_13/U163/CO (FA1D0)          0.05524    1.40411 f
  truncapp_core/u_mul/mult_13/U162/CO (FA1D0)          0.05524    1.45935 f
  truncapp_core/u_mul/mult_13/U161/CO (FA1D0)          0.05524    1.51460 f
  truncapp_core/u_mul/mult_13/U160/CO (FA1D0)          0.05524    1.56984 f
  truncapp_core/u_mul/mult_13/U159/CO (FA1D0)          0.05524    1.62509 f
  truncapp_core/u_mul/mult_13/U158/CO (FA1D0)          0.05524    1.68033 f
  truncapp_core/u_mul/mult_13/U157/CO (FA1D0)          0.05524    1.73558 f
  truncapp_core/u_mul/mult_13/U156/CO (FA1D0)          0.05524    1.79082 f
  truncapp_core/u_mul/mult_13/U155/CO (FA1D0)          0.05524    1.84607 f
  truncapp_core/u_mul/mult_13/U154/CO (FA1D0)          0.05524    1.90131 f
  truncapp_core/u_mul/mult_13/U153/CO (FA1D0)          0.05524    1.95655 f
  truncapp_core/u_mul/mult_13/U152/CO (FA1D0)          0.05524    2.01180 f
  truncapp_core/u_mul/mult_13/U151/CO (FA1D0)          0.05524    2.06704 f
  truncapp_core/u_mul/mult_13/U150/CO (FA1D0)          0.05524    2.12229 f
  truncapp_core/u_mul/mult_13/U149/CO (FA1D0)          0.05524    2.17753 f
  truncapp_core/u_mul/mult_13/U148/CO (FA1D0)          0.05524    2.23278 f
  truncapp_core/u_mul/mult_13/U147/CO (FA1D0)          0.05524    2.28802 f
  truncapp_core/u_mul/mult_13/U146/CO (FA1D0)          0.05524    2.34327 f
  truncapp_core/u_mul/mult_13/U145/CO (FA1D0)          0.05524    2.39851 f
  truncapp_core/u_mul/mult_13/U144/CO (FA1D0)          0.05524    2.45375 f
  truncapp_core/u_mul/mult_13/U143/CO (FA1D0)          0.05524    2.50900 f
  truncapp_core/u_mul/mult_13/U142/CO (FA1D0)          0.05524    2.56424 f
  truncapp_core/u_mul/mult_13/U141/CO (FA1D0)          0.05524    2.61949 f
  truncapp_core/u_mul/mult_13/U140/CO (FA1D0)          0.05524    2.67473 f
  truncapp_core/u_mul/mult_13/U139/CO (FA1D0)          0.05524    2.72998 f
  truncapp_core/u_mul/mult_13/U138/CO (FA1D0)          0.05524    2.78522 f
  truncapp_core/u_mul/mult_13/U137/CO (FA1D0)          0.05524    2.84047 f
  truncapp_core/u_mul/mult_13/U136/CO (FA1D0)          0.05524    2.89571 f
  truncapp_core/u_mul/mult_13/U135/CO (FA1D0)          0.05524    2.95095 f
  truncapp_core/u_mul/mult_13/U134/S (FA1D0)           0.06879    3.01975 r
  truncapp_core/u_shift/U247/ZN (INVD1)                0.01027    3.03002 f
  truncapp_core/u_shift/U24/ZN (CKND0)                 0.01575    3.04577 r
  U55/Z (AO22D0)                                       0.05135    3.09712 r
  fp_wrapper/shared_wrapper/U106/Z (CKBD1)             0.03560    3.13271 r
  out0[22] (out)                                       0.00000    3.13271 r
  data arrival time                                               3.13271

  clock vclk (rise edge)                              10.00000   10.00000
  clock network delay (ideal)                          0.00000   10.00000
  clock reconvergence pessimism                        0.00000   10.00000
  output external delay                               -0.02000    9.98000
  data required time                                              9.98000
  ------------------------------------------------------------------------------
  data required time                                              9.98000
  data arrival time                                              -3.13271
  ------------------------------------------------------------------------------
  slack (MET)                                                     6.84729


  Startpoint: x[2] (input port clocked by vclk)
  Endpoint: out0[22] (output port clocked by vclk)
  Path Group: vclk
  Path Type: max

  Point                                                   Incr       Path
  ------------------------------------------------------------------------------
  clock vclk (rise edge)                               0.00000    0.00000
  clock network delay (ideal)                          0.00000    0.00000
  input external delay                                 0.02000    0.02000 r
  x[2] (in)                                            0.00773    0.02773 r
  fp_wrapper/shared_wrapper/U38/Z (CKBD1)              0.02814    0.05586 r
  truncapp_core/u_trunc_a/U45/ZN (INVD0)               0.01848    0.07435 f
  truncapp_core/u_trunc_a/U47/ZN (CKND2)               0.04740    0.12174 r
  truncapp_core/u_mul/mult_13/U1277/Z (CKXOR2D0)       0.07304    0.19478 f
  truncapp_core/u_mul/mult_13/U1275/ZN (CKND2D0)       0.06852    0.26330 r
  truncapp_core/u_mul/mult_13/U1115/ZN (INVD1)         0.07196    0.33527 f
  truncapp_core/u_mul/mult_13/U1205/Z (AO22D0)         0.07321    0.40848 f
  truncapp_core/u_mul/mult_13/U1204/ZN (AOI221D0)      0.09930    0.50778 r
  truncapp_core/u_mul/mult_13/U1203/Z (CKXOR2D0)       0.08224    0.59002 f
  truncapp_core/u_mul/mult_13/U177/CO (HA1D0)          0.04306    0.63308 f
  truncapp_core/u_mul/mult_13/U176/CO (FA1D0)          0.05291    0.68599 f
  truncapp_core/u_mul/mult_13/U175/CO (FA1D0)          0.05518    0.74118 f
  truncapp_core/u_mul/mult_13/U174/CO (FA1D0)          0.05524    0.79642 f
  truncapp_core/u_mul/mult_13/U173/CO (FA1D0)          0.05524    0.85167 f
  truncapp_core/u_mul/mult_13/U172/CO (FA1D0)          0.05524    0.90691 f
  truncapp_core/u_mul/mult_13/U171/CO (FA1D0)          0.05524    0.96215 f
  truncapp_core/u_mul/mult_13/U170/CO (FA1D0)          0.05524    1.01740 f
  truncapp_core/u_mul/mult_13/U169/CO (FA1D0)          0.05524    1.07264 f
  truncapp_core/u_mul/mult_13/U168/CO (FA1D0)          0.05524    1.12789 f
  truncapp_core/u_mul/mult_13/U167/CO (FA1D0)          0.05524    1.18313 f
  truncapp_core/u_mul/mult_13/U166/CO (FA1D0)          0.05524    1.23838 f
  truncapp_core/u_mul/mult_13/U165/CO (FA1D0)          0.05524    1.29362 f
  truncapp_core/u_mul/mult_13/U164/CO (FA1D0)          0.05524    1.34887 f
  truncapp_core/u_mul/mult_13/U163/CO (FA1D0)          0.05524    1.40411 f
  truncapp_core/u_mul/mult_13/U162/CO (FA1D0)          0.05524    1.45935 f
  truncapp_core/u_mul/mult_13/U161/CO (FA1D0)          0.05524    1.51460 f
  truncapp_core/u_mul/mult_13/U160/CO (FA1D0)          0.05524    1.56984 f
  truncapp_core/u_mul/mult_13/U159/CO (FA1D0)          0.05524    1.62509 f
  truncapp_core/u_mul/mult_13/U158/CO (FA1D0)          0.05524    1.68033 f
  truncapp_core/u_mul/mult_13/U157/CO (FA1D0)          0.05524    1.73558 f
  truncapp_core/u_mul/mult_13/U156/CO (FA1D0)          0.05524    1.79082 f
  truncapp_core/u_mul/mult_13/U155/CO (FA1D0)          0.05524    1.84607 f
  truncapp_core/u_mul/mult_13/U154/CO (FA1D0)          0.05524    1.90131 f
  truncapp_core/u_mul/mult_13/U153/CO (FA1D0)          0.05524    1.95655 f
  truncapp_core/u_mul/mult_13/U152/CO (FA1D0)          0.05524    2.01180 f
  truncapp_core/u_mul/mult_13/U151/CO (FA1D0)          0.05524    2.06704 f
  truncapp_core/u_mul/mult_13/U150/CO (FA1D0)          0.05524    2.12229 f
  truncapp_core/u_mul/mult_13/U149/CO (FA1D0)          0.05524    2.17753 f
  truncapp_core/u_mul/mult_13/U148/CO (FA1D0)          0.05524    2.23278 f
  truncapp_core/u_mul/mult_13/U147/CO (FA1D0)          0.05524    2.28802 f
  truncapp_core/u_mul/mult_13/U146/CO (FA1D0)          0.05524    2.34327 f
  truncapp_core/u_mul/mult_13/U145/CO (FA1D0)          0.05524    2.39851 f
  truncapp_core/u_mul/mult_13/U144/CO (FA1D0)          0.05524    2.45375 f
  truncapp_core/u_mul/mult_13/U143/CO (FA1D0)          0.05524    2.50900 f
  truncapp_core/u_mul/mult_13/U142/CO (FA1D0)          0.05524    2.56424 f
  truncapp_core/u_mul/mult_13/U141/CO (FA1D0)          0.05524    2.61949 f
  truncapp_core/u_mul/mult_13/U140/CO (FA1D0)          0.05524    2.67473 f
  truncapp_core/u_mul/mult_13/U139/CO (FA1D0)          0.05524    2.72998 f
  truncapp_core/u_mul/mult_13/U138/CO (FA1D0)          0.05524    2.78522 f
  truncapp_core/u_mul/mult_13/U137/CO (FA1D0)          0.05524    2.84047 f
  truncapp_core/u_mul/mult_13/U136/CO (FA1D0)          0.05524    2.89571 f
  truncapp_core/u_mul/mult_13/U135/CO (FA1D0)          0.05524    2.95095 f
  truncapp_core/u_mul/mult_13/U134/S (FA1D0)           0.05725    3.00821 f
  truncapp_core/u_shift/U247/ZN (INVD1)                0.01332    3.02153 r
  truncapp_core/u_shift/U24/ZN (CKND0)                 0.01398    3.03551 f
  U55/Z (AO22D0)                                       0.06081    3.09632 f
  fp_wrapper/shared_wrapper/U106/Z (CKBD1)             0.03471    3.13102 f
  out0[22] (out)                                       0.00000    3.13102 f
  data arrival time                                               3.13102

  clock vclk (rise edge)                              10.00000   10.00000
  clock network delay (ideal)                          0.00000   10.00000
  clock reconvergence pessimism                        0.00000   10.00000
  output external delay                               -0.02000    9.98000
  data required time                                              9.98000
  ------------------------------------------------------------------------------
  data required time                                              9.98000
  data arrival time                                              -3.13102
  ------------------------------------------------------------------------------
  slack (MET)                                                     6.84898


  Startpoint: x[2] (input port clocked by vclk)
  Endpoint: out0[22] (output port clocked by vclk)
  Path Group: vclk
  Path Type: max

  Point                                                   Incr       Path
  ------------------------------------------------------------------------------
  clock vclk (rise edge)                               0.00000    0.00000
  clock network delay (ideal)                          0.00000    0.00000
  input external delay                                 0.02000    0.02000 r
  x[2] (in)                                            0.00773    0.02773 r
  fp_wrapper/shared_wrapper/U38/Z (CKBD1)              0.02814    0.05586 r
  truncapp_core/u_trunc_a/U45/ZN (INVD0)               0.01848    0.07435 f
  truncapp_core/u_trunc_a/U47/ZN (CKND2)               0.04740    0.12174 r
  truncapp_core/u_mul/mult_13/U1277/Z (CKXOR2D0)       0.07304    0.19478 f
  truncapp_core/u_mul/mult_13/U1275/ZN (CKND2D0)       0.06852    0.26330 r
  truncapp_core/u_mul/mult_13/U1115/ZN (INVD1)         0.07196    0.33527 f
  truncapp_core/u_mul/mult_13/U1208/Z (AO22D0)         0.07321    0.40848 f
  truncapp_core/u_mul/mult_13/U1207/ZN (AOI221D0)      0.09930    0.50778 r
  truncapp_core/u_mul/mult_13/U1206/Z (CKXOR2D0)       0.07056    0.57834 f
  truncapp_core/u_mul/mult_13/U176/CO (FA1D0)          0.10358    0.68192 f
  truncapp_core/u_mul/mult_13/U175/CO (FA1D0)          0.05518    0.73711 f
  truncapp_core/u_mul/mult_13/U174/CO (FA1D0)          0.05524    0.79235 f
  truncapp_core/u_mul/mult_13/U173/CO (FA1D0)          0.05524    0.84759 f
  truncapp_core/u_mul/mult_13/U172/CO (FA1D0)          0.05524    0.90284 f
  truncapp_core/u_mul/mult_13/U171/CO (FA1D0)          0.05524    0.95808 f
  truncapp_core/u_mul/mult_13/U170/CO (FA1D0)          0.05524    1.01333 f
  truncapp_core/u_mul/mult_13/U169/CO (FA1D0)          0.05524    1.06857 f
  truncapp_core/u_mul/mult_13/U168/CO (FA1D0)          0.05524    1.12381 f
  truncapp_core/u_mul/mult_13/U167/CO (FA1D0)          0.05524    1.17906 f
  truncapp_core/u_mul/mult_13/U166/CO (FA1D0)          0.05524    1.23430 f
  truncapp_core/u_mul/mult_13/U165/CO (FA1D0)          0.05524    1.28955 f
  truncapp_core/u_mul/mult_13/U164/CO (FA1D0)          0.05524    1.34479 f
  truncapp_core/u_mul/mult_13/U163/CO (FA1D0)          0.05524    1.40004 f
  truncapp_core/u_mul/mult_13/U162/CO (FA1D0)          0.05524    1.45528 f
  truncapp_core/u_mul/mult_13/U161/CO (FA1D0)          0.05524    1.51053 f
  truncapp_core/u_mul/mult_13/U160/CO (FA1D0)          0.05524    1.56577 f
  truncapp_core/u_mul/mult_13/U159/CO (FA1D0)          0.05524    1.62101 f
  truncapp_core/u_mul/mult_13/U158/CO (FA1D0)          0.05524    1.67626 f
  truncapp_core/u_mul/mult_13/U157/CO (FA1D0)          0.05524    1.73150 f
  truncapp_core/u_mul/mult_13/U156/CO (FA1D0)          0.05524    1.78675 f
  truncapp_core/u_mul/mult_13/U155/CO (FA1D0)          0.05524    1.84199 f
  truncapp_core/u_mul/mult_13/U154/CO (FA1D0)          0.05524    1.89724 f
  truncapp_core/u_mul/mult_13/U153/CO (FA1D0)          0.05524    1.95248 f
  truncapp_core/u_mul/mult_13/U152/CO (FA1D0)          0.05524    2.00773 f
  truncapp_core/u_mul/mult_13/U151/CO (FA1D0)          0.05524    2.06297 f
  truncapp_core/u_mul/mult_13/U150/CO (FA1D0)          0.05524    2.11821 f
  truncapp_core/u_mul/mult_13/U149/CO (FA1D0)          0.05524    2.17346 f
  truncapp_core/u_mul/mult_13/U148/CO (FA1D0)          0.05524    2.22870 f
  truncapp_core/u_mul/mult_13/U147/CO (FA1D0)          0.05524    2.28395 f
  truncapp_core/u_mul/mult_13/U146/CO (FA1D0)          0.05524    2.33919 f
  truncapp_core/u_mul/mult_13/U145/CO (FA1D0)          0.05524    2.39444 f
  truncapp_core/u_mul/mult_13/U144/CO (FA1D0)          0.05524    2.44968 f
  truncapp_core/u_mul/mult_13/U143/CO (FA1D0)          0.05524    2.50493 f
  truncapp_core/u_mul/mult_13/U142/CO (FA1D0)          0.05524    2.56017 f
  truncapp_core/u_mul/mult_13/U141/CO (FA1D0)          0.05524    2.61541 f
  truncapp_core/u_mul/mult_13/U140/CO (FA1D0)          0.05524    2.67066 f
  truncapp_core/u_mul/mult_13/U139/CO (FA1D0)          0.05524    2.72590 f
  truncapp_core/u_mul/mult_13/U138/CO (FA1D0)          0.05524    2.78115 f
  truncapp_core/u_mul/mult_13/U137/CO (FA1D0)          0.05524    2.83639 f
  truncapp_core/u_mul/mult_13/U136/CO (FA1D0)          0.05524    2.89164 f
  truncapp_core/u_mul/mult_13/U135/CO (FA1D0)          0.05524    2.94688 f
  truncapp_core/u_mul/mult_13/U134/S (FA1D0)           0.06879    3.01567 r
  truncapp_core/u_shift/U247/ZN (INVD1)                0.01027    3.02595 f
  truncapp_core/u_shift/U24/ZN (CKND0)                 0.01575    3.04169 r
  U55/Z (AO22D0)                                       0.05135    3.09304 r
  fp_wrapper/shared_wrapper/U106/Z (CKBD1)             0.03560    3.12864 r
  out0[22] (out)                                       0.00000    3.12864 r
  data arrival time                                               3.12864

  clock vclk (rise edge)                              10.00000   10.00000
  clock network delay (ideal)                          0.00000   10.00000
  clock reconvergence pessimism                        0.00000   10.00000
  output external delay                               -0.02000    9.98000
  data required time                                              9.98000
  ------------------------------------------------------------------------------
  data required time                                              9.98000
  data arrival time                                              -3.12864
  ------------------------------------------------------------------------------
  slack (MET)                                                     6.85136


  Startpoint: x[2] (input port clocked by vclk)
  Endpoint: out0[22] (output port clocked by vclk)
  Path Group: vclk
  Path Type: max

  Point                                                   Incr       Path
  ------------------------------------------------------------------------------
  clock vclk (rise edge)                               0.00000    0.00000
  clock network delay (ideal)                          0.00000    0.00000
  input external delay                                 0.02000    0.02000 r
  x[2] (in)                                            0.00773    0.02773 r
  fp_wrapper/shared_wrapper/U38/Z (CKBD1)              0.02814    0.05586 r
  truncapp_core/u_trunc_a/U45/ZN (INVD0)               0.01848    0.07435 f
  truncapp_core/u_trunc_a/U47/ZN (CKND2)               0.04740    0.12174 r
  truncapp_core/u_mul/mult_13/U1277/Z (CKXOR2D0)       0.07304    0.19478 f
  truncapp_core/u_mul/mult_13/U1275/ZN (CKND2D0)       0.06852    0.26330 r
  truncapp_core/u_mul/mult_13/U1115/ZN (INVD1)         0.07196    0.33527 f
  truncapp_core/u_mul/mult_13/U1208/Z (AO22D0)         0.07321    0.40848 f
  truncapp_core/u_mul/mult_13/U1207/ZN (AOI221D0)      0.09930    0.50778 r
  truncapp_core/u_mul/mult_13/U1206/Z (CKXOR2D0)       0.07056    0.57834 f
  truncapp_core/u_mul/mult_13/U176/CO (FA1D0)          0.10358    0.68192 f
  truncapp_core/u_mul/mult_13/U175/CO (FA1D0)          0.05518    0.73711 f
  truncapp_core/u_mul/mult_13/U174/CO (FA1D0)          0.05524    0.79235 f
  truncapp_core/u_mul/mult_13/U173/CO (FA1D0)          0.05524    0.84759 f
  truncapp_core/u_mul/mult_13/U172/CO (FA1D0)          0.05524    0.90284 f
  truncapp_core/u_mul/mult_13/U171/CO (FA1D0)          0.05524    0.95808 f
  truncapp_core/u_mul/mult_13/U170/CO (FA1D0)          0.05524    1.01333 f
  truncapp_core/u_mul/mult_13/U169/CO (FA1D0)          0.05524    1.06857 f
  truncapp_core/u_mul/mult_13/U168/CO (FA1D0)          0.05524    1.12381 f
  truncapp_core/u_mul/mult_13/U167/CO (FA1D0)          0.05524    1.17906 f
  truncapp_core/u_mul/mult_13/U166/CO (FA1D0)          0.05524    1.23430 f
  truncapp_core/u_mul/mult_13/U165/CO (FA1D0)          0.05524    1.28955 f
  truncapp_core/u_mul/mult_13/U164/CO (FA1D0)          0.05524    1.34479 f
  truncapp_core/u_mul/mult_13/U163/CO (FA1D0)          0.05524    1.40004 f
  truncapp_core/u_mul/mult_13/U162/CO (FA1D0)          0.05524    1.45528 f
  truncapp_core/u_mul/mult_13/U161/CO (FA1D0)          0.05524    1.51053 f
  truncapp_core/u_mul/mult_13/U160/CO (FA1D0)          0.05524    1.56577 f
  truncapp_core/u_mul/mult_13/U159/CO (FA1D0)          0.05524    1.62101 f
  truncapp_core/u_mul/mult_13/U158/CO (FA1D0)          0.05524    1.67626 f
  truncapp_core/u_mul/mult_13/U157/CO (FA1D0)          0.05524    1.73150 f
  truncapp_core/u_mul/mult_13/U156/CO (FA1D0)          0.05524    1.78675 f
  truncapp_core/u_mul/mult_13/U155/CO (FA1D0)          0.05524    1.84199 f
  truncapp_core/u_mul/mult_13/U154/CO (FA1D0)          0.05524    1.89724 f
  truncapp_core/u_mul/mult_13/U153/CO (FA1D0)          0.05524    1.95248 f
  truncapp_core/u_mul/mult_13/U152/CO (FA1D0)          0.05524    2.00773 f
  truncapp_core/u_mul/mult_13/U151/CO (FA1D0)          0.05524    2.06297 f
  truncapp_core/u_mul/mult_13/U150/CO (FA1D0)          0.05524    2.11821 f
  truncapp_core/u_mul/mult_13/U149/CO (FA1D0)          0.05524    2.17346 f
  truncapp_core/u_mul/mult_13/U148/CO (FA1D0)          0.05524    2.22870 f
  truncapp_core/u_mul/mult_13/U147/CO (FA1D0)          0.05524    2.28395 f
  truncapp_core/u_mul/mult_13/U146/CO (FA1D0)          0.05524    2.33919 f
  truncapp_core/u_mul/mult_13/U145/CO (FA1D0)          0.05524    2.39444 f
  truncapp_core/u_mul/mult_13/U144/CO (FA1D0)          0.05524    2.44968 f
  truncapp_core/u_mul/mult_13/U143/CO (FA1D0)          0.05524    2.50493 f
  truncapp_core/u_mul/mult_13/U142/CO (FA1D0)          0.05524    2.56017 f
  truncapp_core/u_mul/mult_13/U141/CO (FA1D0)          0.05524    2.61541 f
  truncapp_core/u_mul/mult_13/U140/CO (FA1D0)          0.05524    2.67066 f
  truncapp_core/u_mul/mult_13/U139/CO (FA1D0)          0.05524    2.72590 f
  truncapp_core/u_mul/mult_13/U138/CO (FA1D0)          0.05524    2.78115 f
  truncapp_core/u_mul/mult_13/U137/CO (FA1D0)          0.05524    2.83639 f
  truncapp_core/u_mul/mult_13/U136/CO (FA1D0)          0.05524    2.89164 f
  truncapp_core/u_mul/mult_13/U135/CO (FA1D0)          0.05524    2.94688 f
  truncapp_core/u_mul/mult_13/U134/S (FA1D0)           0.05725    3.00414 f
  truncapp_core/u_shift/U247/ZN (INVD1)                0.01332    3.01745 r
  truncapp_core/u_shift/U24/ZN (CKND0)                 0.01398    3.03143 f
  U55/Z (AO22D0)                                       0.06081    3.09224 f
  fp_wrapper/shared_wrapper/U106/Z (CKBD1)             0.03471    3.12695 f
  out0[22] (out)                                       0.00000    3.12695 f
  data arrival time                                               3.12695

  clock vclk (rise edge)                              10.00000   10.00000
  clock network delay (ideal)                          0.00000   10.00000
  clock reconvergence pessimism                        0.00000   10.00000
  output external delay                               -0.02000    9.98000
  data required time                                              9.98000
  ------------------------------------------------------------------------------
  data required time                                              9.98000
  data arrival time                                              -3.12695
  ------------------------------------------------------------------------------
  slack (MET)                                                     6.85305


  Startpoint: x[2] (input port clocked by vclk)
  Endpoint: out0[22] (output port clocked by vclk)
  Path Group: vclk
  Path Type: max

  Point                                                   Incr       Path
  ------------------------------------------------------------------------------
  clock vclk (rise edge)                               0.00000    0.00000
  clock network delay (ideal)                          0.00000    0.00000
  input external delay                                 0.02000    0.02000 r
  x[2] (in)                                            0.00773    0.02773 r
  fp_wrapper/shared_wrapper/U38/Z (CKBD1)              0.02814    0.05586 r
  truncapp_core/u_trunc_a/U45/ZN (INVD0)               0.01848    0.07435 f
  truncapp_core/u_trunc_a/U47/ZN (CKND2)               0.04740    0.12174 r
  truncapp_core/u_mul/mult_13/U1277/Z (CKXOR2D0)       0.07528    0.19703 r
  truncapp_core/u_mul/mult_13/U1276/ZN (INR3D0)        0.21945    0.41648 r
  truncapp_core/u_mul/mult_13/U1205/Z (AO22D0)         0.06444    0.48092 r
  truncapp_core/u_mul/mult_13/U1204/ZN (AOI221D0)      0.02881    0.50972 f
  truncapp_core/u_mul/mult_13/U1203/Z (CKXOR2D0)       0.07038    0.58010 f
  truncapp_core/u_mul/mult_13/U177/CO (HA1D0)          0.04306    0.62316 f
  truncapp_core/u_mul/mult_13/U176/CO (FA1D0)          0.05291    0.67607 f
  truncapp_core/u_mul/mult_13/U175/CO (FA1D0)          0.05518    0.73125 f
  truncapp_core/u_mul/mult_13/U174/CO (FA1D0)          0.05524    0.78650 f
  truncapp_core/u_mul/mult_13/U173/CO (FA1D0)          0.05524    0.84174 f
  truncapp_core/u_mul/mult_13/U172/CO (FA1D0)          0.05524    0.89699 f
  truncapp_core/u_mul/mult_13/U171/CO (FA1D0)          0.05524    0.95223 f
  truncapp_core/u_mul/mult_13/U170/CO (FA1D0)          0.05524    1.00748 f
  truncapp_core/u_mul/mult_13/U169/CO (FA1D0)          0.05524    1.06272 f
  truncapp_core/u_mul/mult_13/U168/CO (FA1D0)          0.05524    1.11796 f
  truncapp_core/u_mul/mult_13/U167/CO (FA1D0)          0.05524    1.17321 f
  truncapp_core/u_mul/mult_13/U166/CO (FA1D0)          0.05524    1.22845 f
  truncapp_core/u_mul/mult_13/U165/CO (FA1D0)          0.05524    1.28370 f
  truncapp_core/u_mul/mult_13/U164/CO (FA1D0)          0.05524    1.33894 f
  truncapp_core/u_mul/mult_13/U163/CO (FA1D0)          0.05524    1.39419 f
  truncapp_core/u_mul/mult_13/U162/CO (FA1D0)          0.05524    1.44943 f
  truncapp_core/u_mul/mult_13/U161/CO (FA1D0)          0.05524    1.50468 f
  truncapp_core/u_mul/mult_13/U160/CO (FA1D0)          0.05524    1.55992 f
  truncapp_core/u_mul/mult_13/U159/CO (FA1D0)          0.05524    1.61516 f
  truncapp_core/u_mul/mult_13/U158/CO (FA1D0)          0.05524    1.67041 f
  truncapp_core/u_mul/mult_13/U157/CO (FA1D0)          0.05524    1.72565 f
  truncapp_core/u_mul/mult_13/U156/CO (FA1D0)          0.05524    1.78090 f
  truncapp_core/u_mul/mult_13/U155/CO (FA1D0)          0.05524    1.83614 f
  truncapp_core/u_mul/mult_13/U154/CO (FA1D0)          0.05524    1.89139 f
  truncapp_core/u_mul/mult_13/U153/CO (FA1D0)          0.05524    1.94663 f
  truncapp_core/u_mul/mult_13/U152/CO (FA1D0)          0.05524    2.00188 f
  truncapp_core/u_mul/mult_13/U151/CO (FA1D0)          0.05524    2.05712 f
  truncapp_core/u_mul/mult_13/U150/CO (FA1D0)          0.05524    2.11236 f
  truncapp_core/u_mul/mult_13/U149/CO (FA1D0)          0.05524    2.16761 f
  truncapp_core/u_mul/mult_13/U148/CO (FA1D0)          0.05524    2.22285 f
  truncapp_core/u_mul/mult_13/U147/CO (FA1D0)          0.05524    2.27810 f
  truncapp_core/u_mul/mult_13/U146/CO (FA1D0)          0.05524    2.33334 f
  truncapp_core/u_mul/mult_13/U145/CO (FA1D0)          0.05524    2.38859 f
  truncapp_core/u_mul/mult_13/U144/CO (FA1D0)          0.05524    2.44383 f
  truncapp_core/u_mul/mult_13/U143/CO (FA1D0)          0.05524    2.49908 f
  truncapp_core/u_mul/mult_13/U142/CO (FA1D0)          0.05524    2.55432 f
  truncapp_core/u_mul/mult_13/U141/CO (FA1D0)          0.05524    2.60956 f
  truncapp_core/u_mul/mult_13/U140/CO (FA1D0)          0.05524    2.66481 f
  truncapp_core/u_mul/mult_13/U139/CO (FA1D0)          0.05524    2.72005 f
  truncapp_core/u_mul/mult_13/U138/CO (FA1D0)          0.05524    2.77530 f
  truncapp_core/u_mul/mult_13/U137/CO (FA1D0)          0.05524    2.83054 f
  truncapp_core/u_mul/mult_13/U136/CO (FA1D0)          0.05524    2.88579 f
  truncapp_core/u_mul/mult_13/U135/CO (FA1D0)          0.05524    2.94103 f
  truncapp_core/u_mul/mult_13/U134/S (FA1D0)           0.06879    3.00982 r
  truncapp_core/u_shift/U247/ZN (INVD1)                0.01027    3.02010 f
  truncapp_core/u_shift/U24/ZN (CKND0)                 0.01575    3.03584 r
  U55/Z (AO22D0)                                       0.05135    3.08719 r
  fp_wrapper/shared_wrapper/U106/Z (CKBD1)             0.03560    3.12279 r
  out0[22] (out)                                       0.00000    3.12279 r
  data arrival time                                               3.12279

  clock vclk (rise edge)                              10.00000   10.00000
  clock network delay (ideal)                          0.00000   10.00000
  clock reconvergence pessimism                        0.00000   10.00000
  output external delay                               -0.02000    9.98000
  data required time                                              9.98000
  ------------------------------------------------------------------------------
  data required time                                              9.98000
  data arrival time                                              -3.12279
  ------------------------------------------------------------------------------
  slack (MET)                                                     6.85721


  Startpoint: x[2] (input port clocked by vclk)
  Endpoint: out0[22] (output port clocked by vclk)
  Path Group: vclk
  Path Type: max

  Point                                                   Incr       Path
  ------------------------------------------------------------------------------
  clock vclk (rise edge)                               0.00000    0.00000
  clock network delay (ideal)                          0.00000    0.00000
  input external delay                                 0.02000    0.02000 r
  x[2] (in)                                            0.00773    0.02773 r
  fp_wrapper/shared_wrapper/U38/Z (CKBD1)              0.02814    0.05586 r
  truncapp_core/u_trunc_a/U45/ZN (INVD0)               0.01848    0.07435 f
  truncapp_core/u_trunc_a/U47/ZN (CKND2)               0.04740    0.12174 r
  truncapp_core/u_mul/mult_13/U1277/Z (CKXOR2D0)       0.07528    0.19703 r
  truncapp_core/u_mul/mult_13/U1276/ZN (INR3D0)        0.21945    0.41648 r
  truncapp_core/u_mul/mult_13/U1205/Z (AO22D0)         0.06444    0.48092 r
  truncapp_core/u_mul/mult_13/U1204/ZN (AOI221D0)      0.02881    0.50972 f
  truncapp_core/u_mul/mult_13/U1203/Z (CKXOR2D0)       0.07038    0.58010 f
  truncapp_core/u_mul/mult_13/U177/CO (HA1D0)          0.04306    0.62316 f
  truncapp_core/u_mul/mult_13/U176/CO (FA1D0)          0.05291    0.67607 f
  truncapp_core/u_mul/mult_13/U175/CO (FA1D0)          0.05518    0.73125 f
  truncapp_core/u_mul/mult_13/U174/CO (FA1D0)          0.05524    0.78650 f
  truncapp_core/u_mul/mult_13/U173/CO (FA1D0)          0.05524    0.84174 f
  truncapp_core/u_mul/mult_13/U172/CO (FA1D0)          0.05524    0.89699 f
  truncapp_core/u_mul/mult_13/U171/CO (FA1D0)          0.05524    0.95223 f
  truncapp_core/u_mul/mult_13/U170/CO (FA1D0)          0.05524    1.00748 f
  truncapp_core/u_mul/mult_13/U169/CO (FA1D0)          0.05524    1.06272 f
  truncapp_core/u_mul/mult_13/U168/CO (FA1D0)          0.05524    1.11796 f
  truncapp_core/u_mul/mult_13/U167/CO (FA1D0)          0.05524    1.17321 f
  truncapp_core/u_mul/mult_13/U166/CO (FA1D0)          0.05524    1.22845 f
  truncapp_core/u_mul/mult_13/U165/CO (FA1D0)          0.05524    1.28370 f
  truncapp_core/u_mul/mult_13/U164/CO (FA1D0)          0.05524    1.33894 f
  truncapp_core/u_mul/mult_13/U163/CO (FA1D0)          0.05524    1.39419 f
  truncapp_core/u_mul/mult_13/U162/CO (FA1D0)          0.05524    1.44943 f
  truncapp_core/u_mul/mult_13/U161/CO (FA1D0)          0.05524    1.50468 f
  truncapp_core/u_mul/mult_13/U160/CO (FA1D0)          0.05524    1.55992 f
  truncapp_core/u_mul/mult_13/U159/CO (FA1D0)          0.05524    1.61516 f
  truncapp_core/u_mul/mult_13/U158/CO (FA1D0)          0.05524    1.67041 f
  truncapp_core/u_mul/mult_13/U157/CO (FA1D0)          0.05524    1.72565 f
  truncapp_core/u_mul/mult_13/U156/CO (FA1D0)          0.05524    1.78090 f
  truncapp_core/u_mul/mult_13/U155/CO (FA1D0)          0.05524    1.83614 f
  truncapp_core/u_mul/mult_13/U154/CO (FA1D0)          0.05524    1.89139 f
  truncapp_core/u_mul/mult_13/U153/CO (FA1D0)          0.05524    1.94663 f
  truncapp_core/u_mul/mult_13/U152/CO (FA1D0)          0.05524    2.00188 f
  truncapp_core/u_mul/mult_13/U151/CO (FA1D0)          0.05524    2.05712 f
  truncapp_core/u_mul/mult_13/U150/CO (FA1D0)          0.05524    2.11236 f
  truncapp_core/u_mul/mult_13/U149/CO (FA1D0)          0.05524    2.16761 f
  truncapp_core/u_mul/mult_13/U148/CO (FA1D0)          0.05524    2.22285 f
  truncapp_core/u_mul/mult_13/U147/CO (FA1D0)          0.05524    2.27810 f
  truncapp_core/u_mul/mult_13/U146/CO (FA1D0)          0.05524    2.33334 f
  truncapp_core/u_mul/mult_13/U145/CO (FA1D0)          0.05524    2.38859 f
  truncapp_core/u_mul/mult_13/U144/CO (FA1D0)          0.05524    2.44383 f
  truncapp_core/u_mul/mult_13/U143/CO (FA1D0)          0.05524    2.49908 f
  truncapp_core/u_mul/mult_13/U142/CO (FA1D0)          0.05524    2.55432 f
  truncapp_core/u_mul/mult_13/U141/CO (FA1D0)          0.05524    2.60956 f
  truncapp_core/u_mul/mult_13/U140/CO (FA1D0)          0.05524    2.66481 f
  truncapp_core/u_mul/mult_13/U139/CO (FA1D0)          0.05524    2.72005 f
  truncapp_core/u_mul/mult_13/U138/CO (FA1D0)          0.05524    2.77530 f
  truncapp_core/u_mul/mult_13/U137/CO (FA1D0)          0.05524    2.83054 f
  truncapp_core/u_mul/mult_13/U136/CO (FA1D0)          0.05524    2.88579 f
  truncapp_core/u_mul/mult_13/U135/CO (FA1D0)          0.05524    2.94103 f
  truncapp_core/u_mul/mult_13/U134/S (FA1D0)           0.05725    2.99828 f
  truncapp_core/u_shift/U247/ZN (INVD1)                0.01332    3.01160 r
  truncapp_core/u_shift/U24/ZN (CKND0)                 0.01398    3.02558 f
  U55/Z (AO22D0)                                       0.06081    3.08639 f
  fp_wrapper/shared_wrapper/U106/Z (CKBD1)             0.03471    3.12110 f
  out0[22] (out)                                       0.00000    3.12110 f
  data arrival time                                               3.12110

  clock vclk (rise edge)                              10.00000   10.00000
  clock network delay (ideal)                          0.00000   10.00000
  clock reconvergence pessimism                        0.00000   10.00000
  output external delay                               -0.02000    9.98000
  data required time                                              9.98000
  ------------------------------------------------------------------------------
  data required time                                              9.98000
  data arrival time                                              -3.12110
  ------------------------------------------------------------------------------
  slack (MET)                                                     6.85890


  Startpoint: y[2] (input port clocked by vclk)
  Endpoint: out0[22] (output port clocked by vclk)
  Path Group: vclk
  Path Type: max

  Point                                                   Incr       Path
  ------------------------------------------------------------------------------
  clock vclk (rise edge)                               0.00000    0.00000
  clock network delay (ideal)                          0.00000    0.00000
  input external delay                                 0.02000    0.02000 f
  y[2] (in)                                            0.00470    0.02470 f
  fp_wrapper/shared_wrapper/U45/Z (CKBD1)              0.02653    0.05123 f
  truncapp_core/u_trunc_b/U45/ZN (INVD1)               0.01195    0.06318 r
  truncapp_core/u_trunc_b/U43/ZN (INVD0)               0.01278    0.07596 f
  truncapp_core/u_inv/U8/ZN (INVD1)                    0.05788    0.13384 r
  truncapp_core/u_mul/mult_13/U1095/CO (FA1D0)         0.10661    0.24045 r
  truncapp_core/u_mul/mult_13/U1094/S (FA1D0)          0.08912    0.32958 f
  truncapp_core/u_mul/mult_13/U1208/Z (AO22D0)         0.07039    0.39997 f
  truncapp_core/u_mul/mult_13/U1207/ZN (AOI221D0)      0.09930    0.49927 r
  truncapp_core/u_mul/mult_13/U1206/Z (CKXOR2D0)       0.07056    0.56983 f
  truncapp_core/u_mul/mult_13/U176/CO (FA1D0)          0.10358    0.67341 f
  truncapp_core/u_mul/mult_13/U175/CO (FA1D0)          0.05518    0.72860 f
  truncapp_core/u_mul/mult_13/U174/CO (FA1D0)          0.05524    0.78384 f
  truncapp_core/u_mul/mult_13/U173/CO (FA1D0)          0.05524    0.83908 f
  truncapp_core/u_mul/mult_13/U172/CO (FA1D0)          0.05524    0.89433 f
  truncapp_core/u_mul/mult_13/U171/CO (FA1D0)          0.05524    0.94957 f
  truncapp_core/u_mul/mult_13/U170/CO (FA1D0)          0.05524    1.00482 f
  truncapp_core/u_mul/mult_13/U169/CO (FA1D0)          0.05524    1.06006 f
  truncapp_core/u_mul/mult_13/U168/CO (FA1D0)          0.05524    1.11531 f
  truncapp_core/u_mul/mult_13/U167/CO (FA1D0)          0.05524    1.17055 f
  truncapp_core/u_mul/mult_13/U166/CO (FA1D0)          0.05524    1.22580 f
  truncapp_core/u_mul/mult_13/U165/CO (FA1D0)          0.05524    1.28104 f
  truncapp_core/u_mul/mult_13/U164/CO (FA1D0)          0.05524    1.33628 f
  truncapp_core/u_mul/mult_13/U163/CO (FA1D0)          0.05524    1.39153 f
  truncapp_core/u_mul/mult_13/U162/CO (FA1D0)          0.05524    1.44677 f
  truncapp_core/u_mul/mult_13/U161/CO (FA1D0)          0.05524    1.50202 f
  truncapp_core/u_mul/mult_13/U160/CO (FA1D0)          0.05524    1.55726 f
  truncapp_core/u_mul/mult_13/U159/CO (FA1D0)          0.05524    1.61251 f
  truncapp_core/u_mul/mult_13/U158/CO (FA1D0)          0.05524    1.66775 f
  truncapp_core/u_mul/mult_13/U157/CO (FA1D0)          0.05524    1.72300 f
  truncapp_core/u_mul/mult_13/U156/CO (FA1D0)          0.05524    1.77824 f
  truncapp_core/u_mul/mult_13/U155/CO (FA1D0)          0.05524    1.83348 f
  truncapp_core/u_mul/mult_13/U154/CO (FA1D0)          0.05524    1.88873 f
  truncapp_core/u_mul/mult_13/U153/CO (FA1D0)          0.05524    1.94397 f
  truncapp_core/u_mul/mult_13/U152/CO (FA1D0)          0.05524    1.99922 f
  truncapp_core/u_mul/mult_13/U151/CO (FA1D0)          0.05524    2.05446 f
  truncapp_core/u_mul/mult_13/U150/CO (FA1D0)          0.05524    2.10971 f
  truncapp_core/u_mul/mult_13/U149/CO (FA1D0)          0.05524    2.16495 f
  truncapp_core/u_mul/mult_13/U148/CO (FA1D0)          0.05524    2.22020 f
  truncapp_core/u_mul/mult_13/U147/CO (FA1D0)          0.05524    2.27544 f
  truncapp_core/u_mul/mult_13/U146/CO (FA1D0)          0.05524    2.33068 f
  truncapp_core/u_mul/mult_13/U145/CO (FA1D0)          0.05524    2.38593 f
  truncapp_core/u_mul/mult_13/U144/CO (FA1D0)          0.05524    2.44117 f
  truncapp_core/u_mul/mult_13/U143/CO (FA1D0)          0.05524    2.49642 f
  truncapp_core/u_mul/mult_13/U142/CO (FA1D0)          0.05524    2.55166 f
  truncapp_core/u_mul/mult_13/U141/CO (FA1D0)          0.05524    2.60691 f
  truncapp_core/u_mul/mult_13/U140/CO (FA1D0)          0.05524    2.66215 f
  truncapp_core/u_mul/mult_13/U139/CO (FA1D0)          0.05524    2.71740 f
  truncapp_core/u_mul/mult_13/U138/CO (FA1D0)          0.05524    2.77264 f
  truncapp_core/u_mul/mult_13/U137/CO (FA1D0)          0.05524    2.82788 f
  truncapp_core/u_mul/mult_13/U136/CO (FA1D0)          0.05524    2.88313 f
  truncapp_core/u_mul/mult_13/U135/CO (FA1D0)          0.05524    2.93837 f
  truncapp_core/u_mul/mult_13/U134/S (FA1D0)           0.06879    3.00716 r
  truncapp_core/u_shift/U247/ZN (INVD1)                0.01027    3.01744 f
  truncapp_core/u_shift/U24/ZN (CKND0)                 0.01575    3.03318 r
  U55/Z (AO22D0)                                       0.05135    3.08453 r
  fp_wrapper/shared_wrapper/U106/Z (CKBD1)             0.03560    3.12013 r
  out0[22] (out)                                       0.00000    3.12013 r
  data arrival time                                               3.12013

  clock vclk (rise edge)                              10.00000   10.00000
  clock network delay (ideal)                          0.00000   10.00000
  clock reconvergence pessimism                        0.00000   10.00000
  output external delay                               -0.02000    9.98000
  data required time                                              9.98000
  ------------------------------------------------------------------------------
  data required time                                              9.98000
  data arrival time                                              -3.12013
  ------------------------------------------------------------------------------
  slack (MET)                                                     6.85987


  Startpoint: x[2] (input port clocked by vclk)
  Endpoint: out0[22] (output port clocked by vclk)
  Path Group: vclk
  Path Type: max

  Point                                                   Incr       Path
  ------------------------------------------------------------------------------
  clock vclk (rise edge)                               0.00000    0.00000
  clock network delay (ideal)                          0.00000    0.00000
  input external delay                                 0.02000    0.02000 r
  x[2] (in)                                            0.00773    0.02773 r
  fp_wrapper/shared_wrapper/U38/Z (CKBD1)              0.02814    0.05586 r
  truncapp_core/u_trunc_a/U45/ZN (INVD0)               0.01848    0.07435 f
  truncapp_core/u_trunc_a/U47/ZN (CKND2)               0.04740    0.12174 r
  truncapp_core/u_mul/mult_13/U1277/Z (CKXOR2D0)       0.07528    0.19703 r
  truncapp_core/u_mul/mult_13/U1276/ZN (INR3D0)        0.21945    0.41648 r
  truncapp_core/u_mul/mult_13/U1208/Z (AO22D0)         0.06444    0.48092 r
  truncapp_core/u_mul/mult_13/U1207/ZN (AOI221D0)      0.02881    0.50972 f
  truncapp_core/u_mul/mult_13/U1206/Z (CKXOR2D0)       0.05856    0.56829 f
  truncapp_core/u_mul/mult_13/U176/CO (FA1D0)          0.10358    0.67187 f
  truncapp_core/u_mul/mult_13/U175/CO (FA1D0)          0.05518    0.72705 f
  truncapp_core/u_mul/mult_13/U174/CO (FA1D0)          0.05524    0.78229 f
  truncapp_core/u_mul/mult_13/U173/CO (FA1D0)          0.05524    0.83754 f
  truncapp_core/u_mul/mult_13/U172/CO (FA1D0)          0.05524    0.89278 f
  truncapp_core/u_mul/mult_13/U171/CO (FA1D0)          0.05524    0.94803 f
  truncapp_core/u_mul/mult_13/U170/CO (FA1D0)          0.05524    1.00327 f
  truncapp_core/u_mul/mult_13/U169/CO (FA1D0)          0.05524    1.05851 f
  truncapp_core/u_mul/mult_13/U168/CO (FA1D0)          0.05524    1.11376 f
  truncapp_core/u_mul/mult_13/U167/CO (FA1D0)          0.05524    1.16900 f
  truncapp_core/u_mul/mult_13/U166/CO (FA1D0)          0.05524    1.22425 f
  truncapp_core/u_mul/mult_13/U165/CO (FA1D0)          0.05524    1.27949 f
  truncapp_core/u_mul/mult_13/U164/CO (FA1D0)          0.05524    1.33474 f
  truncapp_core/u_mul/mult_13/U163/CO (FA1D0)          0.05524    1.38998 f
  truncapp_core/u_mul/mult_13/U162/CO (FA1D0)          0.05524    1.44523 f
  truncapp_core/u_mul/mult_13/U161/CO (FA1D0)          0.05524    1.50047 f
  truncapp_core/u_mul/mult_13/U160/CO (FA1D0)          0.05524    1.55571 f
  truncapp_core/u_mul/mult_13/U159/CO (FA1D0)          0.05524    1.61096 f
  truncapp_core/u_mul/mult_13/U158/CO (FA1D0)          0.05524    1.66620 f
  truncapp_core/u_mul/mult_13/U157/CO (FA1D0)          0.05524    1.72145 f
  truncapp_core/u_mul/mult_13/U156/CO (FA1D0)          0.05524    1.77669 f
  truncapp_core/u_mul/mult_13/U155/CO (FA1D0)          0.05524    1.83194 f
  truncapp_core/u_mul/mult_13/U154/CO (FA1D0)          0.05524    1.88718 f
  truncapp_core/u_mul/mult_13/U153/CO (FA1D0)          0.05524    1.94243 f
  truncapp_core/u_mul/mult_13/U152/CO (FA1D0)          0.05524    1.99767 f
  truncapp_core/u_mul/mult_13/U151/CO (FA1D0)          0.05524    2.05291 f
  truncapp_core/u_mul/mult_13/U150/CO (FA1D0)          0.05524    2.10816 f
  truncapp_core/u_mul/mult_13/U149/CO (FA1D0)          0.05524    2.16340 f
  truncapp_core/u_mul/mult_13/U148/CO (FA1D0)          0.05524    2.21865 f
  truncapp_core/u_mul/mult_13/U147/CO (FA1D0)          0.05524    2.27389 f
  truncapp_core/u_mul/mult_13/U146/CO (FA1D0)          0.05524    2.32914 f
  truncapp_core/u_mul/mult_13/U145/CO (FA1D0)          0.05524    2.38438 f
  truncapp_core/u_mul/mult_13/U144/CO (FA1D0)          0.05524    2.43963 f
  truncapp_core/u_mul/mult_13/U143/CO (FA1D0)          0.05524    2.49487 f
  truncapp_core/u_mul/mult_13/U142/CO (FA1D0)          0.05524    2.55011 f
  truncapp_core/u_mul/mult_13/U141/CO (FA1D0)          0.05524    2.60536 f
  truncapp_core/u_mul/mult_13/U140/CO (FA1D0)          0.05524    2.66060 f
  truncapp_core/u_mul/mult_13/U139/CO (FA1D0)          0.05524    2.71585 f
  truncapp_core/u_mul/mult_13/U138/CO (FA1D0)          0.05524    2.77109 f
  truncapp_core/u_mul/mult_13/U137/CO (FA1D0)          0.05524    2.82634 f
  truncapp_core/u_mul/mult_13/U136/CO (FA1D0)          0.05524    2.88158 f
  truncapp_core/u_mul/mult_13/U135/CO (FA1D0)          0.05524    2.93683 f
  truncapp_core/u_mul/mult_13/U134/S (FA1D0)           0.06879    3.00562 r
  truncapp_core/u_shift/U247/ZN (INVD1)                0.01027    3.01589 f
  truncapp_core/u_shift/U24/ZN (CKND0)                 0.01575    3.03164 r
  U55/Z (AO22D0)                                       0.05135    3.08299 r
  fp_wrapper/shared_wrapper/U106/Z (CKBD1)             0.03560    3.11859 r
  out0[22] (out)                                       0.00000    3.11859 r
  data arrival time                                               3.11859

  clock vclk (rise edge)                              10.00000   10.00000
  clock network delay (ideal)                          0.00000   10.00000
  clock reconvergence pessimism                        0.00000   10.00000
  output external delay                               -0.02000    9.98000
  data required time                                              9.98000
  ------------------------------------------------------------------------------
  data required time                                              9.98000
  data arrival time                                              -3.11859
  ------------------------------------------------------------------------------
  slack (MET)                                                     6.86141


  Startpoint: y[2] (input port clocked by vclk)
  Endpoint: out0[22] (output port clocked by vclk)
  Path Group: vclk
  Path Type: max

  Point                                                   Incr       Path
  ------------------------------------------------------------------------------
  clock vclk (rise edge)                               0.00000    0.00000
  clock network delay (ideal)                          0.00000    0.00000
  input external delay                                 0.02000    0.02000 f
  y[2] (in)                                            0.00470    0.02470 f
  fp_wrapper/shared_wrapper/U45/Z (CKBD1)              0.02653    0.05123 f
  truncapp_core/u_trunc_b/U45/ZN (INVD1)               0.01195    0.06318 r
  truncapp_core/u_trunc_b/U43/ZN (INVD0)               0.01278    0.07596 f
  truncapp_core/u_inv/U8/ZN (INVD1)                    0.05788    0.13384 r
  truncapp_core/u_mul/mult_13/U1095/CO (FA1D0)         0.10661    0.24045 r
  truncapp_core/u_mul/mult_13/U1094/S (FA1D0)          0.08912    0.32958 f
  truncapp_core/u_mul/mult_13/U1208/Z (AO22D0)         0.07039    0.39997 f
  truncapp_core/u_mul/mult_13/U1207/ZN (AOI221D0)      0.09930    0.49927 r
  truncapp_core/u_mul/mult_13/U1206/Z (CKXOR2D0)       0.07056    0.56983 f
  truncapp_core/u_mul/mult_13/U176/CO (FA1D0)          0.10358    0.67341 f
  truncapp_core/u_mul/mult_13/U175/CO (FA1D0)          0.05518    0.72860 f
  truncapp_core/u_mul/mult_13/U174/CO (FA1D0)          0.05524    0.78384 f
  truncapp_core/u_mul/mult_13/U173/CO (FA1D0)          0.05524    0.83908 f
  truncapp_core/u_mul/mult_13/U172/CO (FA1D0)          0.05524    0.89433 f
  truncapp_core/u_mul/mult_13/U171/CO (FA1D0)          0.05524    0.94957 f
  truncapp_core/u_mul/mult_13/U170/CO (FA1D0)          0.05524    1.00482 f
  truncapp_core/u_mul/mult_13/U169/CO (FA1D0)          0.05524    1.06006 f
  truncapp_core/u_mul/mult_13/U168/CO (FA1D0)          0.05524    1.11531 f
  truncapp_core/u_mul/mult_13/U167/CO (FA1D0)          0.05524    1.17055 f
  truncapp_core/u_mul/mult_13/U166/CO (FA1D0)          0.05524    1.22580 f
  truncapp_core/u_mul/mult_13/U165/CO (FA1D0)          0.05524    1.28104 f
  truncapp_core/u_mul/mult_13/U164/CO (FA1D0)          0.05524    1.33628 f
  truncapp_core/u_mul/mult_13/U163/CO (FA1D0)          0.05524    1.39153 f
  truncapp_core/u_mul/mult_13/U162/CO (FA1D0)          0.05524    1.44677 f
  truncapp_core/u_mul/mult_13/U161/CO (FA1D0)          0.05524    1.50202 f
  truncapp_core/u_mul/mult_13/U160/CO (FA1D0)          0.05524    1.55726 f
  truncapp_core/u_mul/mult_13/U159/CO (FA1D0)          0.05524    1.61251 f
  truncapp_core/u_mul/mult_13/U158/CO (FA1D0)          0.05524    1.66775 f
  truncapp_core/u_mul/mult_13/U157/CO (FA1D0)          0.05524    1.72300 f
  truncapp_core/u_mul/mult_13/U156/CO (FA1D0)          0.05524    1.77824 f
  truncapp_core/u_mul/mult_13/U155/CO (FA1D0)          0.05524    1.83348 f
  truncapp_core/u_mul/mult_13/U154/CO (FA1D0)          0.05524    1.88873 f
  truncapp_core/u_mul/mult_13/U153/CO (FA1D0)          0.05524    1.94397 f
  truncapp_core/u_mul/mult_13/U152/CO (FA1D0)          0.05524    1.99922 f
  truncapp_core/u_mul/mult_13/U151/CO (FA1D0)          0.05524    2.05446 f
  truncapp_core/u_mul/mult_13/U150/CO (FA1D0)          0.05524    2.10971 f
  truncapp_core/u_mul/mult_13/U149/CO (FA1D0)          0.05524    2.16495 f
  truncapp_core/u_mul/mult_13/U148/CO (FA1D0)          0.05524    2.22020 f
  truncapp_core/u_mul/mult_13/U147/CO (FA1D0)          0.05524    2.27544 f
  truncapp_core/u_mul/mult_13/U146/CO (FA1D0)          0.05524    2.33068 f
  truncapp_core/u_mul/mult_13/U145/CO (FA1D0)          0.05524    2.38593 f
  truncapp_core/u_mul/mult_13/U144/CO (FA1D0)          0.05524    2.44117 f
  truncapp_core/u_mul/mult_13/U143/CO (FA1D0)          0.05524    2.49642 f
  truncapp_core/u_mul/mult_13/U142/CO (FA1D0)          0.05524    2.55166 f
  truncapp_core/u_mul/mult_13/U141/CO (FA1D0)          0.05524    2.60691 f
  truncapp_core/u_mul/mult_13/U140/CO (FA1D0)          0.05524    2.66215 f
  truncapp_core/u_mul/mult_13/U139/CO (FA1D0)          0.05524    2.71740 f
  truncapp_core/u_mul/mult_13/U138/CO (FA1D0)          0.05524    2.77264 f
  truncapp_core/u_mul/mult_13/U137/CO (FA1D0)          0.05524    2.82788 f
  truncapp_core/u_mul/mult_13/U136/CO (FA1D0)          0.05524    2.88313 f
  truncapp_core/u_mul/mult_13/U135/CO (FA1D0)          0.05524    2.93837 f
  truncapp_core/u_mul/mult_13/U134/S (FA1D0)           0.05725    2.99563 f
  truncapp_core/u_shift/U247/ZN (INVD1)                0.01332    3.00894 r
  truncapp_core/u_shift/U24/ZN (CKND0)                 0.01398    3.02293 f
  U55/Z (AO22D0)                                       0.06081    3.08373 f
  fp_wrapper/shared_wrapper/U106/Z (CKBD1)             0.03471    3.11844 f
  out0[22] (out)                                       0.00000    3.11844 f
  data arrival time                                               3.11844

  clock vclk (rise edge)                              10.00000   10.00000
  clock network delay (ideal)                          0.00000   10.00000
  clock reconvergence pessimism                        0.00000   10.00000
  output external delay                               -0.02000    9.98000
  data required time                                              9.98000
  ------------------------------------------------------------------------------
  data required time                                              9.98000
  data arrival time                                              -3.11844
  ------------------------------------------------------------------------------
  slack (MET)                                                     6.86156


  Startpoint: y[2] (input port clocked by vclk)
  Endpoint: out0[22] (output port clocked by vclk)
  Path Group: vclk
  Path Type: max

  Point                                                   Incr       Path
  ------------------------------------------------------------------------------
  clock vclk (rise edge)                               0.00000    0.00000
  clock network delay (ideal)                          0.00000    0.00000
  input external delay                                 0.02000    0.02000 f
  y[2] (in)                                            0.00470    0.02470 f
  fp_wrapper/shared_wrapper/U45/Z (CKBD1)              0.02653    0.05123 f
  truncapp_core/u_trunc_b/U45/ZN (INVD1)               0.01195    0.06318 r
  truncapp_core/u_trunc_b/U43/ZN (INVD0)               0.01278    0.07596 f
  truncapp_core/u_inv/U8/ZN (INVD1)                    0.05788    0.13384 r
  truncapp_core/u_mul/mult_13/U1096/CO (HA1D0)         0.05295    0.18680 r
  truncapp_core/u_mul/mult_13/U1095/CO (FA1D0)         0.05090    0.23769 r
  truncapp_core/u_mul/mult_13/U1094/S (FA1D0)          0.08912    0.32682 f
  truncapp_core/u_mul/mult_13/U1208/Z (AO22D0)         0.07039    0.39721 f
  truncapp_core/u_mul/mult_13/U1207/ZN (AOI221D0)      0.09930    0.49652 r
  truncapp_core/u_mul/mult_13/U1206/Z (CKXOR2D0)       0.07056    0.56708 f
  truncapp_core/u_mul/mult_13/U176/CO (FA1D0)          0.10358    0.67066 f
  truncapp_core/u_mul/mult_13/U175/CO (FA1D0)          0.05518    0.72584 f
  truncapp_core/u_mul/mult_13/U174/CO (FA1D0)          0.05524    0.78108 f
  truncapp_core/u_mul/mult_13/U173/CO (FA1D0)          0.05524    0.83633 f
  truncapp_core/u_mul/mult_13/U172/CO (FA1D0)          0.05524    0.89157 f
  truncapp_core/u_mul/mult_13/U171/CO (FA1D0)          0.05524    0.94682 f
  truncapp_core/u_mul/mult_13/U170/CO (FA1D0)          0.05524    1.00206 f
  truncapp_core/u_mul/mult_13/U169/CO (FA1D0)          0.05524    1.05731 f
  truncapp_core/u_mul/mult_13/U168/CO (FA1D0)          0.05524    1.11255 f
  truncapp_core/u_mul/mult_13/U167/CO (FA1D0)          0.05524    1.16779 f
  truncapp_core/u_mul/mult_13/U166/CO (FA1D0)          0.05524    1.22304 f
  truncapp_core/u_mul/mult_13/U165/CO (FA1D0)          0.05524    1.27828 f
  truncapp_core/u_mul/mult_13/U164/CO (FA1D0)          0.05524    1.33353 f
  truncapp_core/u_mul/mult_13/U163/CO (FA1D0)          0.05524    1.38877 f
  truncapp_core/u_mul/mult_13/U162/CO (FA1D0)          0.05524    1.44402 f
  truncapp_core/u_mul/mult_13/U161/CO (FA1D0)          0.05524    1.49926 f
  truncapp_core/u_mul/mult_13/U160/CO (FA1D0)          0.05524    1.55451 f
  truncapp_core/u_mul/mult_13/U159/CO (FA1D0)          0.05524    1.60975 f
  truncapp_core/u_mul/mult_13/U158/CO (FA1D0)          0.05524    1.66499 f
  truncapp_core/u_mul/mult_13/U157/CO (FA1D0)          0.05524    1.72024 f
  truncapp_core/u_mul/mult_13/U156/CO (FA1D0)          0.05524    1.77548 f
  truncapp_core/u_mul/mult_13/U155/CO (FA1D0)          0.05524    1.83073 f
  truncapp_core/u_mul/mult_13/U154/CO (FA1D0)          0.05524    1.88597 f
  truncapp_core/u_mul/mult_13/U153/CO (FA1D0)          0.05524    1.94122 f
  truncapp_core/u_mul/mult_13/U152/CO (FA1D0)          0.05524    1.99646 f
  truncapp_core/u_mul/mult_13/U151/CO (FA1D0)          0.05524    2.05171 f
  truncapp_core/u_mul/mult_13/U150/CO (FA1D0)          0.05524    2.10695 f
  truncapp_core/u_mul/mult_13/U149/CO (FA1D0)          0.05524    2.16219 f
  truncapp_core/u_mul/mult_13/U148/CO (FA1D0)          0.05524    2.21744 f
  truncapp_core/u_mul/mult_13/U147/CO (FA1D0)          0.05524    2.27268 f
  truncapp_core/u_mul/mult_13/U146/CO (FA1D0)          0.05524    2.32793 f
  truncapp_core/u_mul/mult_13/U145/CO (FA1D0)          0.05524    2.38317 f
  truncapp_core/u_mul/mult_13/U144/CO (FA1D0)          0.05524    2.43842 f
  truncapp_core/u_mul/mult_13/U143/CO (FA1D0)          0.05524    2.49366 f
  truncapp_core/u_mul/mult_13/U142/CO (FA1D0)          0.05524    2.54891 f
  truncapp_core/u_mul/mult_13/U141/CO (FA1D0)          0.05524    2.60415 f
  truncapp_core/u_mul/mult_13/U140/CO (FA1D0)          0.05524    2.65939 f
  truncapp_core/u_mul/mult_13/U139/CO (FA1D0)          0.05524    2.71464 f
  truncapp_core/u_mul/mult_13/U138/CO (FA1D0)          0.05524    2.76988 f
  truncapp_core/u_mul/mult_13/U137/CO (FA1D0)          0.05524    2.82513 f
  truncapp_core/u_mul/mult_13/U136/CO (FA1D0)          0.05524    2.88037 f
  truncapp_core/u_mul/mult_13/U135/CO (FA1D0)          0.05524    2.93562 f
  truncapp_core/u_mul/mult_13/U134/S (FA1D0)           0.06879    3.00441 r
  truncapp_core/u_shift/U247/ZN (INVD1)                0.01027    3.01468 f
  truncapp_core/u_shift/U24/ZN (CKND0)                 0.01575    3.03043 r
  U55/Z (AO22D0)                                       0.05135    3.08178 r
  fp_wrapper/shared_wrapper/U106/Z (CKBD1)             0.03560    3.11738 r
  out0[22] (out)                                       0.00000    3.11738 r
  data arrival time                                               3.11738

  clock vclk (rise edge)                              10.00000   10.00000
  clock network delay (ideal)                          0.00000   10.00000
  clock reconvergence pessimism                        0.00000   10.00000
  output external delay                               -0.02000    9.98000
  data required time                                              9.98000
  ------------------------------------------------------------------------------
  data required time                                              9.98000
  data arrival time                                              -3.11738
  ------------------------------------------------------------------------------
  slack (MET)                                                     6.86262

Warning: report_timing has satisfied the max_paths criteria. There are 31 further endpoints which have paths of interest with slack less than 1000.00000 that were not considered when generating this report. (UITE-502)

1
