****************************************
Report : Averaged Power
	-hierarchy
	-significant_digits
Design : plsad_m10_fp32_paceio
Version: U-2022.12-SP5
Date   : Fri Sep  4 11:38:11 2026
****************************************



                                      Int      Switch   Leak     Total
Hierarchy                             Power    Power    Power    Power    %
----------------------------------------------------------------------------------
plsad_m10_fp32_paceio                 1.62e-05 6.33e-06 4.31e-06 2.68e-05 100.0
  impl (plsad_fp32_paceio_EXACT_MSB_BITS10)
                                      1.62e-05 6.33e-06 4.31e-06 2.68e-05 100.0
    wrapper (FP_DIV_WRAPPER_32_width_trunc13_width_mantissa10_width_shift1)
                                      5.08e-06 2.10e-06 1.29e-06 8.47e-06  31.6
      shared_wrapper (fp32_normal_finite_wrapper)
                                      5.08e-06 2.10e-06 1.29e-06 8.47e-06  31.6
        add_1_root_add_0_root_add_22_2 (fp32_normal_finite_wrapper_DW01_add_1_DW01_add_7)
                                      1.70e-06 2.63e-07 4.52e-07 2.41e-06   9.0
    core (plsad_mantissa_div_EXACT_MSB_BITS10)
                                      1.11e-05 4.23e-06 3.02e-06 1.84e-05  68.4
      approximate_sum (plsad_loa4_EXACT_MSB_BITS10)
                                      8.50e-06 1.74e-06 2.09e-06 1.23e-05  46.0
        add_0_root_add_0_root_add_29_4 (plsad_loa4_EXACT_MSB_BITS10_DW01_add_0)
                                      2.89e-06 5.58e-07 5.71e-07 4.02e-06  15.0
        add_1_root_add_0_root_add_29_4 (plsad_loa4_EXACT_MSB_BITS10_DW01_add_1)
                                      2.42e-06 3.61e-07 5.74e-07 3.36e-06  12.5
        add_2_root_add_0_root_add_29_4 (plsad_loa4_EXACT_MSB_BITS10_DW01_add_2)
                                      1.87e-06 3.37e-07 5.31e-07 2.74e-06  10.2
1
