****************************************
Report : timing
	-path_type full
	-delay_type max
	-nworst 10
	-slack_lesser_than 1000.00000
	-max_paths 10
	-sort_by slack
Design : top
Version: U-2022.12-SP5
Date   : Wed Sep  2 17:12:40 2026
****************************************


  Startpoint: mantissa_x[21]
               (input port clocked by vclk)
  Endpoint: mantissa_out[0]
               (output port clocked by vclk)
  Path Group: vclk
  Path Type: max

  Point                                    Incr       Path
  ---------------------------------------------------------------
  clock vclk (rise edge)                0.00000    0.00000
  clock network delay (ideal)           0.00000    0.00000
  input external delay                  0.02000    0.02000 f
  mantissa_x[21] (in)                   0.01121    0.03121 f
  U969/ZN (INVD0)                       0.13984    0.17106 r
  U970/ZN (INVD0)                       0.14104    0.31209 f
  U973/ZN (AOI22D0)                     0.13903    0.45112 r
  U974/ZN (MUX2ND0)                     0.09727    0.54839 r
  U975/Z (BUFFD0)                       0.14570    0.69410 r
  U976/ZN (INVD0)                       0.15330    0.84740 f
  U1186/ZN (MUX2ND0)                    0.14481    0.99221 r
  U1187/ZN (INVD0)                      0.10995    1.10216 f
  U1518/ZN (AOI22D0)                    0.10015    1.20231 r
  U1771/Z (XOR3D0)                      0.13227    1.33458 r
  U1773/S (FA1D0)                       0.09948    1.43406 f
  intadd_0_U23/CO (FA1D0)               0.10109    1.53516 f
  intadd_0_U22/CO (FA1D0)               0.05524    1.59040 f
  intadd_0_U21/CO (FA1D0)               0.05524    1.64565 f
  intadd_0_U20/CO (FA1D0)               0.05524    1.70089 f
  intadd_0_U19/CO (FA1D0)               0.05524    1.75613 f
  intadd_0_U18/CO (FA1D0)               0.05524    1.81138 f
  intadd_0_U17/CO (FA1D0)               0.05524    1.86662 f
  intadd_0_U16/CO (FA1D0)               0.05524    1.92187 f
  intadd_0_U15/CO (FA1D0)               0.05524    1.97711 f
  intadd_0_U14/CO (FA1D0)               0.05524    2.03236 f
  intadd_0_U13/CO (FA1D0)               0.05524    2.08760 f
  intadd_0_U12/CO (FA1D0)               0.05524    2.14285 f
  intadd_0_U11/CO (FA1D0)               0.05524    2.19809 f
  intadd_0_U10/CO (FA1D0)               0.05524    2.25333 f
  intadd_0_U9/CO (FA1D0)                0.05524    2.30858 f
  intadd_0_U8/CO (FA1D0)                0.05524    2.36382 f
  intadd_0_U7/CO (FA1D0)                0.05524    2.41907 f
  intadd_0_U6/CO (FA1D0)                0.05524    2.47431 f
  intadd_0_U5/CO (FA1D0)                0.05524    2.52956 f
  intadd_0_U4/CO (FA1D0)                0.05524    2.58480 f
  intadd_0_U3/CO (FA1D0)                0.05524    2.64005 f
  intadd_0_U2/CO (FA1D0)                0.05676    2.69681 f
  U1020/ZN (NR2D0)                      0.04112    2.73793 r
  U1025/ZN (AOI21D0)                    0.02404    2.76198 f
  U1017/Z (CKXOR2D0)                    0.08204    2.84402 r
  U1028/ZN (NR2D0)                      0.02379    2.86780 f
  intadd_1_U9/CO (FA1D0)                0.06140    2.92921 f
  intadd_1_U8/CO (FA1D0)                0.05542    2.98463 f
  intadd_1_U7/CO (FA1D0)                0.05525    3.03988 f
  intadd_1_U6/CO (FA1D0)                0.05524    3.09512 f
  intadd_1_U5/CO (FA1D0)                0.05524    3.15037 f
  intadd_1_U4/CO (FA1D0)                0.05524    3.20561 f
  intadd_1_U3/CO (FA1D0)                0.05524    3.26086 f
  intadd_1_U2/CO (FA1D0)                0.06258    3.32344 f
  U983/Z (CKXOR2D0)                     0.12007    3.44351 r
  U1036/ZN (IND3D0)                     0.18567    3.62918 f
  U1127/ZN (AOI211D0)                   0.10280    3.73198 r
  U1128/ZN (AOI211D0)                   0.03324    3.76522 f
  U1129/ZN (OAI21D0)                    0.05550    3.82072 r
  mantissa_out[0] (out)                 0.00000    3.82072 r
  data arrival time                                3.82072

  clock vclk (rise edge)               10.00000   10.00000
  clock network delay (ideal)           0.00000   10.00000
  clock reconvergence pessimism         0.00000   10.00000
  output external delay                -0.02000    9.98000
  data required time                               9.98000
  ---------------------------------------------------------------
  data required time                               9.98000
  data arrival time                               -3.82072
  ---------------------------------------------------------------
  slack (MET)                                      6.15928


  Startpoint: mantissa_x[21]
               (input port clocked by vclk)
  Endpoint: mantissa_out[0]
               (output port clocked by vclk)
  Path Group: vclk
  Path Type: max

  Point                                    Incr       Path
  ---------------------------------------------------------------
  clock vclk (rise edge)                0.00000    0.00000
  clock network delay (ideal)           0.00000    0.00000
  input external delay                  0.02000    0.02000 f
  mantissa_x[21] (in)                   0.01121    0.03121 f
  U969/ZN (INVD0)                       0.13984    0.17106 r
  U970/ZN (INVD0)                       0.14104    0.31209 f
  U973/ZN (AOI22D0)                     0.13903    0.45112 r
  U974/ZN (MUX2ND0)                     0.09727    0.54839 r
  U975/Z (BUFFD0)                       0.14570    0.69410 r
  U976/ZN (INVD0)                       0.15330    0.84740 f
  U1186/ZN (MUX2ND0)                    0.14481    0.99221 r
  U1187/ZN (INVD0)                      0.10995    1.10216 f
  U1518/ZN (AOI22D0)                    0.10015    1.20231 r
  U1771/Z (XOR3D0)                      0.12813    1.33044 f
  U1773/S (FA1D0)                       0.09876    1.42920 f
  intadd_0_U23/CO (FA1D0)               0.10109    1.53030 f
  intadd_0_U22/CO (FA1D0)               0.05524    1.58554 f
  intadd_0_U21/CO (FA1D0)               0.05524    1.64079 f
  intadd_0_U20/CO (FA1D0)               0.05524    1.69603 f
  intadd_0_U19/CO (FA1D0)               0.05524    1.75127 f
  intadd_0_U18/CO (FA1D0)               0.05524    1.80652 f
  intadd_0_U17/CO (FA1D0)               0.05524    1.86176 f
  intadd_0_U16/CO (FA1D0)               0.05524    1.91701 f
  intadd_0_U15/CO (FA1D0)               0.05524    1.97225 f
  intadd_0_U14/CO (FA1D0)               0.05524    2.02750 f
  intadd_0_U13/CO (FA1D0)               0.05524    2.08274 f
  intadd_0_U12/CO (FA1D0)               0.05524    2.13799 f
  intadd_0_U11/CO (FA1D0)               0.05524    2.19323 f
  intadd_0_U10/CO (FA1D0)               0.05524    2.24847 f
  intadd_0_U9/CO (FA1D0)                0.05524    2.30372 f
  intadd_0_U8/CO (FA1D0)                0.05524    2.35896 f
  intadd_0_U7/CO (FA1D0)                0.05524    2.41421 f
  intadd_0_U6/CO (FA1D0)                0.05524    2.46945 f
  intadd_0_U5/CO (FA1D0)                0.05524    2.52470 f
  intadd_0_U4/CO (FA1D0)                0.05524    2.57994 f
  intadd_0_U3/CO (FA1D0)                0.05524    2.63519 f
  intadd_0_U2/CO (FA1D0)                0.05676    2.69195 f
  U1020/ZN (NR2D0)                      0.04112    2.73307 r
  U1025/ZN (AOI21D0)                    0.02404    2.75712 f
  U1017/Z (CKXOR2D0)                    0.08204    2.83916 r
  U1028/ZN (NR2D0)                      0.02379    2.86294 f
  intadd_1_U9/CO (FA1D0)                0.06140    2.92435 f
  intadd_1_U8/CO (FA1D0)                0.05542    2.97977 f
  intadd_1_U7/CO (FA1D0)                0.05525    3.03502 f
  intadd_1_U6/CO (FA1D0)                0.05524    3.09026 f
  intadd_1_U5/CO (FA1D0)                0.05524    3.14551 f
  intadd_1_U4/CO (FA1D0)                0.05524    3.20075 f
  intadd_1_U3/CO (FA1D0)                0.05524    3.25600 f
  intadd_1_U2/CO (FA1D0)                0.06258    3.31858 f
  U983/Z (CKXOR2D0)                     0.12007    3.43865 r
  U1036/ZN (IND3D0)                     0.18567    3.62432 f
  U1127/ZN (AOI211D0)                   0.10280    3.72712 r
  U1128/ZN (AOI211D0)                   0.03324    3.76036 f
  U1129/ZN (OAI21D0)                    0.05550    3.81586 r
  mantissa_out[0] (out)                 0.00000    3.81586 r
  data arrival time                                3.81586

  clock vclk (rise edge)               10.00000   10.00000
  clock network delay (ideal)           0.00000   10.00000
  clock reconvergence pessimism         0.00000   10.00000
  output external delay                -0.02000    9.98000
  data required time                               9.98000
  ---------------------------------------------------------------
  data required time                               9.98000
  data arrival time                               -3.81586
  ---------------------------------------------------------------
  slack (MET)                                      6.16414


  Startpoint: mantissa_y[21]
               (input port clocked by vclk)
  Endpoint: mantissa_out[0]
               (output port clocked by vclk)
  Path Group: vclk
  Path Type: max

  Point                                    Incr       Path
  ---------------------------------------------------------------
  clock vclk (rise edge)                0.00000    0.00000
  clock network delay (ideal)           0.00000    0.00000
  input external delay                  0.02000    0.02000 r
  mantissa_y[21] (in)                   0.01043    0.03043 r
  U971/Z (BUFFD0)                       0.12897    0.15940 r
  U972/ZN (INVD0)                       0.14128    0.30068 f
  U973/ZN (AOI22D0)                     0.14435    0.44503 r
  U974/ZN (MUX2ND0)                     0.09727    0.54230 r
  U975/Z (BUFFD0)                       0.14570    0.68801 r
  U976/ZN (INVD0)                       0.15330    0.84131 f
  U1186/ZN (MUX2ND0)                    0.14481    0.98612 r
  U1187/ZN (INVD0)                      0.10995    1.09607 f
  U1518/ZN (AOI22D0)                    0.10015    1.19622 r
  U1771/Z (XOR3D0)                      0.13227    1.32849 r
  U1773/S (FA1D0)                       0.09948    1.42797 f
  intadd_0_U23/CO (FA1D0)               0.10109    1.52907 f
  intadd_0_U22/CO (FA1D0)               0.05524    1.58431 f
  intadd_0_U21/CO (FA1D0)               0.05524    1.63955 f
  intadd_0_U20/CO (FA1D0)               0.05524    1.69480 f
  intadd_0_U19/CO (FA1D0)               0.05524    1.75004 f
  intadd_0_U18/CO (FA1D0)               0.05524    1.80529 f
  intadd_0_U17/CO (FA1D0)               0.05524    1.86053 f
  intadd_0_U16/CO (FA1D0)               0.05524    1.91578 f
  intadd_0_U15/CO (FA1D0)               0.05524    1.97102 f
  intadd_0_U14/CO (FA1D0)               0.05524    2.02627 f
  intadd_0_U13/CO (FA1D0)               0.05524    2.08151 f
  intadd_0_U12/CO (FA1D0)               0.05524    2.13675 f
  intadd_0_U11/CO (FA1D0)               0.05524    2.19200 f
  intadd_0_U10/CO (FA1D0)               0.05524    2.24724 f
  intadd_0_U9/CO (FA1D0)                0.05524    2.30249 f
  intadd_0_U8/CO (FA1D0)                0.05524    2.35773 f
  intadd_0_U7/CO (FA1D0)                0.05524    2.41298 f
  intadd_0_U6/CO (FA1D0)                0.05524    2.46822 f
  intadd_0_U5/CO (FA1D0)                0.05524    2.52347 f
  intadd_0_U4/CO (FA1D0)                0.05524    2.57871 f
  intadd_0_U3/CO (FA1D0)                0.05524    2.63395 f
  intadd_0_U2/CO (FA1D0)                0.05676    2.69072 f
  U1020/ZN (NR2D0)                      0.04112    2.73184 r
  U1025/ZN (AOI21D0)                    0.02404    2.75588 f
  U1017/Z (CKXOR2D0)                    0.08204    2.83793 r
  U1028/ZN (NR2D0)                      0.02379    2.86171 f
  intadd_1_U9/CO (FA1D0)                0.06140    2.92311 f
  intadd_1_U8/CO (FA1D0)                0.05542    2.97854 f
  intadd_1_U7/CO (FA1D0)                0.05525    3.03379 f
  intadd_1_U6/CO (FA1D0)                0.05524    3.08903 f
  intadd_1_U5/CO (FA1D0)                0.05524    3.14428 f
  intadd_1_U4/CO (FA1D0)                0.05524    3.19952 f
  intadd_1_U3/CO (FA1D0)                0.05524    3.25477 f
  intadd_1_U2/CO (FA1D0)                0.06258    3.31735 f
  U983/Z (CKXOR2D0)                     0.12007    3.43742 r
  U1036/ZN (IND3D0)                     0.18567    3.62309 f
  U1127/ZN (AOI211D0)                   0.10280    3.72589 r
  U1128/ZN (AOI211D0)                   0.03324    3.75913 f
  U1129/ZN (OAI21D0)                    0.05550    3.81463 r
  mantissa_out[0] (out)                 0.00000    3.81463 r
  data arrival time                                3.81463

  clock vclk (rise edge)               10.00000   10.00000
  clock network delay (ideal)           0.00000   10.00000
  clock reconvergence pessimism         0.00000   10.00000
  output external delay                -0.02000    9.98000
  data required time                               9.98000
  ---------------------------------------------------------------
  data required time                               9.98000
  data arrival time                               -3.81463
  ---------------------------------------------------------------
  slack (MET)                                      6.16537


  Startpoint: mantissa_x[21]
               (input port clocked by vclk)
  Endpoint: mantissa_out[0]
               (output port clocked by vclk)
  Path Group: vclk
  Path Type: max

  Point                                    Incr       Path
  ---------------------------------------------------------------
  clock vclk (rise edge)                0.00000    0.00000
  clock network delay (ideal)           0.00000    0.00000
  input external delay                  0.02000    0.02000 f
  mantissa_x[21] (in)                   0.01121    0.03121 f
  U969/ZN (INVD0)                       0.13984    0.17106 r
  U970/ZN (INVD0)                       0.14104    0.31209 f
  U973/ZN (AOI22D0)                     0.13903    0.45112 r
  U974/ZN (MUX2ND0)                     0.09727    0.54839 r
  U975/Z (BUFFD0)                       0.14570    0.69410 r
  U976/ZN (INVD0)                       0.15330    0.84740 f
  U1186/ZN (MUX2ND0)                    0.14481    0.99221 r
  U1187/ZN (INVD0)                      0.10995    1.10216 f
  U1518/ZN (AOI22D0)                    0.10015    1.20231 r
  U1771/Z (XOR3D0)                      0.13227    1.33458 r
  U1773/S (FA1D0)                       0.09948    1.43406 f
  intadd_0_U23/CO (FA1D0)               0.10109    1.53516 f
  intadd_0_U22/CO (FA1D0)               0.05524    1.59040 f
  intadd_0_U21/CO (FA1D0)               0.05524    1.64565 f
  intadd_0_U20/CO (FA1D0)               0.05524    1.70089 f
  intadd_0_U19/CO (FA1D0)               0.05524    1.75613 f
  intadd_0_U18/CO (FA1D0)               0.05524    1.81138 f
  intadd_0_U17/CO (FA1D0)               0.05524    1.86662 f
  intadd_0_U16/CO (FA1D0)               0.05524    1.92187 f
  intadd_0_U15/CO (FA1D0)               0.05524    1.97711 f
  intadd_0_U14/CO (FA1D0)               0.05524    2.03236 f
  intadd_0_U13/CO (FA1D0)               0.05524    2.08760 f
  intadd_0_U12/CO (FA1D0)               0.05524    2.14285 f
  intadd_0_U11/CO (FA1D0)               0.05524    2.19809 f
  intadd_0_U10/CO (FA1D0)               0.05524    2.25333 f
  intadd_0_U9/CO (FA1D0)                0.05524    2.30858 f
  intadd_0_U8/CO (FA1D0)                0.05524    2.36382 f
  intadd_0_U7/CO (FA1D0)                0.05524    2.41907 f
  intadd_0_U6/CO (FA1D0)                0.05524    2.47431 f
  intadd_0_U5/CO (FA1D0)                0.05524    2.52956 f
  intadd_0_U4/CO (FA1D0)                0.05524    2.58480 f
  intadd_0_U3/CO (FA1D0)                0.05524    2.64005 f
  intadd_0_U2/CO (FA1D0)                0.05676    2.69681 f
  U1020/ZN (NR2D0)                      0.04112    2.73793 r
  U1025/ZN (AOI21D0)                    0.02404    2.76198 f
  U1017/Z (CKXOR2D0)                    0.07487    2.83684 f
  U1028/ZN (NR2D0)                      0.04870    2.88554 r
  intadd_1_U9/CO (FA1D0)                0.06216    2.94770 r
  intadd_1_U8/CO (FA1D0)                0.05096    2.99866 r
  intadd_1_U7/CO (FA1D0)                0.05069    3.04935 r
  intadd_1_U6/CO (FA1D0)                0.05068    3.10004 r
  intadd_1_U5/CO (FA1D0)                0.05068    3.15072 r
  intadd_1_U4/CO (FA1D0)                0.05068    3.20141 r
  intadd_1_U3/CO (FA1D0)                0.05068    3.25209 r
  intadd_1_U2/CO (FA1D0)                0.05872    3.31082 r
  U983/Z (CKXOR2D0)                     0.12186    3.43267 r
  U1036/ZN (IND3D0)                     0.18567    3.61835 f
  U1127/ZN (AOI211D0)                   0.10280    3.72115 r
  U1128/ZN (AOI211D0)                   0.03324    3.75438 f
  U1129/ZN (OAI21D0)                    0.05550    3.80989 r
  mantissa_out[0] (out)                 0.00000    3.80989 r
  data arrival time                                3.80989

  clock vclk (rise edge)               10.00000   10.00000
  clock network delay (ideal)           0.00000   10.00000
  clock reconvergence pessimism         0.00000   10.00000
  output external delay                -0.02000    9.98000
  data required time                               9.98000
  ---------------------------------------------------------------
  data required time                               9.98000
  data arrival time                               -3.80989
  ---------------------------------------------------------------
  slack (MET)                                      6.17011


  Startpoint: mantissa_y[21]
               (input port clocked by vclk)
  Endpoint: mantissa_out[0]
               (output port clocked by vclk)
  Path Group: vclk
  Path Type: max

  Point                                    Incr       Path
  ---------------------------------------------------------------
  clock vclk (rise edge)                0.00000    0.00000
  clock network delay (ideal)           0.00000    0.00000
  input external delay                  0.02000    0.02000 r
  mantissa_y[21] (in)                   0.01043    0.03043 r
  U971/Z (BUFFD0)                       0.12897    0.15940 r
  U972/ZN (INVD0)                       0.14128    0.30068 f
  U973/ZN (AOI22D0)                     0.14435    0.44503 r
  U974/ZN (MUX2ND0)                     0.09727    0.54230 r
  U975/Z (BUFFD0)                       0.14570    0.68801 r
  U976/ZN (INVD0)                       0.15330    0.84131 f
  U1186/ZN (MUX2ND0)                    0.14481    0.98612 r
  U1187/ZN (INVD0)                      0.10995    1.09607 f
  U1518/ZN (AOI22D0)                    0.10015    1.19622 r
  U1771/Z (XOR3D0)                      0.12813    1.32435 f
  U1773/S (FA1D0)                       0.09876    1.42311 f
  intadd_0_U23/CO (FA1D0)               0.10109    1.52421 f
  intadd_0_U22/CO (FA1D0)               0.05524    1.57945 f
  intadd_0_U21/CO (FA1D0)               0.05524    1.63469 f
  intadd_0_U20/CO (FA1D0)               0.05524    1.68994 f
  intadd_0_U19/CO (FA1D0)               0.05524    1.74518 f
  intadd_0_U18/CO (FA1D0)               0.05524    1.80043 f
  intadd_0_U17/CO (FA1D0)               0.05524    1.85567 f
  intadd_0_U16/CO (FA1D0)               0.05524    1.91092 f
  intadd_0_U15/CO (FA1D0)               0.05524    1.96616 f
  intadd_0_U14/CO (FA1D0)               0.05524    2.02141 f
  intadd_0_U13/CO (FA1D0)               0.05524    2.07665 f
  intadd_0_U12/CO (FA1D0)               0.05524    2.13189 f
  intadd_0_U11/CO (FA1D0)               0.05524    2.18714 f
  intadd_0_U10/CO (FA1D0)               0.05524    2.24238 f
  intadd_0_U9/CO (FA1D0)                0.05524    2.29763 f
  intadd_0_U8/CO (FA1D0)                0.05524    2.35287 f
  intadd_0_U7/CO (FA1D0)                0.05524    2.40812 f
  intadd_0_U6/CO (FA1D0)                0.05524    2.46336 f
  intadd_0_U5/CO (FA1D0)                0.05524    2.51861 f
  intadd_0_U4/CO (FA1D0)                0.05524    2.57385 f
  intadd_0_U3/CO (FA1D0)                0.05524    2.62909 f
  intadd_0_U2/CO (FA1D0)                0.05676    2.68586 f
  U1020/ZN (NR2D0)                      0.04112    2.72698 r
  U1025/ZN (AOI21D0)                    0.02404    2.75102 f
  U1017/Z (CKXOR2D0)                    0.08204    2.83307 r
  U1028/ZN (NR2D0)                      0.02379    2.85685 f
  intadd_1_U9/CO (FA1D0)                0.06140    2.91825 f
  intadd_1_U8/CO (FA1D0)                0.05542    2.97368 f
  intadd_1_U7/CO (FA1D0)                0.05525    3.02893 f
  intadd_1_U6/CO (FA1D0)                0.05524    3.08417 f
  intadd_1_U5/CO (FA1D0)                0.05524    3.13942 f
  intadd_1_U4/CO (FA1D0)                0.05524    3.19466 f
  intadd_1_U3/CO (FA1D0)                0.05524    3.24991 f
  intadd_1_U2/CO (FA1D0)                0.06258    3.31249 f
  U983/Z (CKXOR2D0)                     0.12007    3.43256 r
  U1036/ZN (IND3D0)                     0.18567    3.61823 f
  U1127/ZN (AOI211D0)                   0.10280    3.72103 r
  U1128/ZN (AOI211D0)                   0.03324    3.75427 f
  U1129/ZN (OAI21D0)                    0.05550    3.80977 r
  mantissa_out[0] (out)                 0.00000    3.80977 r
  data arrival time                                3.80977

  clock vclk (rise edge)               10.00000   10.00000
  clock network delay (ideal)           0.00000   10.00000
  clock reconvergence pessimism         0.00000   10.00000
  output external delay                -0.02000    9.98000
  data required time                               9.98000
  ---------------------------------------------------------------
  data required time                               9.98000
  data arrival time                               -3.80977
  ---------------------------------------------------------------
  slack (MET)                                      6.17023


  Startpoint: mantissa_x[21]
               (input port clocked by vclk)
  Endpoint: mantissa_out[0]
               (output port clocked by vclk)
  Path Group: vclk
  Path Type: max

  Point                                    Incr       Path
  ---------------------------------------------------------------
  clock vclk (rise edge)                0.00000    0.00000
  clock network delay (ideal)           0.00000    0.00000
  input external delay                  0.02000    0.02000 f
  mantissa_x[21] (in)                   0.01121    0.03121 f
  U969/ZN (INVD0)                       0.13984    0.17106 r
  U970/ZN (INVD0)                       0.14104    0.31209 f
  U973/ZN (AOI22D0)                     0.13903    0.45112 r
  U974/ZN (MUX2ND0)                     0.09727    0.54839 r
  U975/Z (BUFFD0)                       0.14570    0.69410 r
  U976/ZN (INVD0)                       0.15330    0.84740 f
  U1186/ZN (MUX2ND0)                    0.14481    0.99221 r
  U1187/ZN (INVD0)                      0.10995    1.10216 f
  U1518/ZN (AOI22D0)                    0.10015    1.20231 r
  U1771/Z (XOR3D0)                      0.12813    1.33044 f
  U1773/S (FA1D0)                       0.09876    1.42920 f
  intadd_0_U23/CO (FA1D0)               0.10109    1.53030 f
  intadd_0_U22/CO (FA1D0)               0.05524    1.58554 f
  intadd_0_U21/CO (FA1D0)               0.05524    1.64079 f
  intadd_0_U20/CO (FA1D0)               0.05524    1.69603 f
  intadd_0_U19/CO (FA1D0)               0.05524    1.75127 f
  intadd_0_U18/CO (FA1D0)               0.05524    1.80652 f
  intadd_0_U17/CO (FA1D0)               0.05524    1.86176 f
  intadd_0_U16/CO (FA1D0)               0.05524    1.91701 f
  intadd_0_U15/CO (FA1D0)               0.05524    1.97225 f
  intadd_0_U14/CO (FA1D0)               0.05524    2.02750 f
  intadd_0_U13/CO (FA1D0)               0.05524    2.08274 f
  intadd_0_U12/CO (FA1D0)               0.05524    2.13799 f
  intadd_0_U11/CO (FA1D0)               0.05524    2.19323 f
  intadd_0_U10/CO (FA1D0)               0.05524    2.24847 f
  intadd_0_U9/CO (FA1D0)                0.05524    2.30372 f
  intadd_0_U8/CO (FA1D0)                0.05524    2.35896 f
  intadd_0_U7/CO (FA1D0)                0.05524    2.41421 f
  intadd_0_U6/CO (FA1D0)                0.05524    2.46945 f
  intadd_0_U5/CO (FA1D0)                0.05524    2.52470 f
  intadd_0_U4/CO (FA1D0)                0.05524    2.57994 f
  intadd_0_U3/CO (FA1D0)                0.05524    2.63519 f
  intadd_0_U2/CO (FA1D0)                0.05676    2.69195 f
  U1020/ZN (NR2D0)                      0.04112    2.73307 r
  U1025/ZN (AOI21D0)                    0.02404    2.75712 f
  U1017/Z (CKXOR2D0)                    0.07487    2.83198 f
  U1028/ZN (NR2D0)                      0.04870    2.88068 r
  intadd_1_U9/CO (FA1D0)                0.06216    2.94284 r
  intadd_1_U8/CO (FA1D0)                0.05096    2.99380 r
  intadd_1_U7/CO (FA1D0)                0.05069    3.04449 r
  intadd_1_U6/CO (FA1D0)                0.05068    3.09518 r
  intadd_1_U5/CO (FA1D0)                0.05068    3.14586 r
  intadd_1_U4/CO (FA1D0)                0.05068    3.19655 r
  intadd_1_U3/CO (FA1D0)                0.05068    3.24723 r
  intadd_1_U2/CO (FA1D0)                0.05872    3.30596 r
  U983/Z (CKXOR2D0)                     0.12186    3.42781 r
  U1036/ZN (IND3D0)                     0.18567    3.61349 f
  U1127/ZN (AOI211D0)                   0.10280    3.71629 r
  U1128/ZN (AOI211D0)                   0.03324    3.74952 f
  U1129/ZN (OAI21D0)                    0.05550    3.80503 r
  mantissa_out[0] (out)                 0.00000    3.80503 r
  data arrival time                                3.80503

  clock vclk (rise edge)               10.00000   10.00000
  clock network delay (ideal)           0.00000   10.00000
  clock reconvergence pessimism         0.00000   10.00000
  output external delay                -0.02000    9.98000
  data required time                               9.98000
  ---------------------------------------------------------------
  data required time                               9.98000
  data arrival time                               -3.80503
  ---------------------------------------------------------------
  slack (MET)                                      6.17497


  Startpoint: mantissa_y[21]
               (input port clocked by vclk)
  Endpoint: mantissa_out[0]
               (output port clocked by vclk)
  Path Group: vclk
  Path Type: max

  Point                                    Incr       Path
  ---------------------------------------------------------------
  clock vclk (rise edge)                0.00000    0.00000
  clock network delay (ideal)           0.00000    0.00000
  input external delay                  0.02000    0.02000 r
  mantissa_y[21] (in)                   0.01043    0.03043 r
  U971/Z (BUFFD0)                       0.12897    0.15940 r
  U972/ZN (INVD0)                       0.14128    0.30068 f
  U973/ZN (AOI22D0)                     0.14435    0.44503 r
  U974/ZN (MUX2ND0)                     0.09727    0.54230 r
  U975/Z (BUFFD0)                       0.14570    0.68801 r
  U976/ZN (INVD0)                       0.15330    0.84131 f
  U1186/ZN (MUX2ND0)                    0.14481    0.98612 r
  U1187/ZN (INVD0)                      0.10995    1.09607 f
  U1518/ZN (AOI22D0)                    0.10015    1.19622 r
  U1771/Z (XOR3D0)                      0.13227    1.32849 r
  U1773/S (FA1D0)                       0.09948    1.42797 f
  intadd_0_U23/CO (FA1D0)               0.10109    1.52907 f
  intadd_0_U22/CO (FA1D0)               0.05524    1.58431 f
  intadd_0_U21/CO (FA1D0)               0.05524    1.63955 f
  intadd_0_U20/CO (FA1D0)               0.05524    1.69480 f
  intadd_0_U19/CO (FA1D0)               0.05524    1.75004 f
  intadd_0_U18/CO (FA1D0)               0.05524    1.80529 f
  intadd_0_U17/CO (FA1D0)               0.05524    1.86053 f
  intadd_0_U16/CO (FA1D0)               0.05524    1.91578 f
  intadd_0_U15/CO (FA1D0)               0.05524    1.97102 f
  intadd_0_U14/CO (FA1D0)               0.05524    2.02627 f
  intadd_0_U13/CO (FA1D0)               0.05524    2.08151 f
  intadd_0_U12/CO (FA1D0)               0.05524    2.13675 f
  intadd_0_U11/CO (FA1D0)               0.05524    2.19200 f
  intadd_0_U10/CO (FA1D0)               0.05524    2.24724 f
  intadd_0_U9/CO (FA1D0)                0.05524    2.30249 f
  intadd_0_U8/CO (FA1D0)                0.05524    2.35773 f
  intadd_0_U7/CO (FA1D0)                0.05524    2.41298 f
  intadd_0_U6/CO (FA1D0)                0.05524    2.46822 f
  intadd_0_U5/CO (FA1D0)                0.05524    2.52347 f
  intadd_0_U4/CO (FA1D0)                0.05524    2.57871 f
  intadd_0_U3/CO (FA1D0)                0.05524    2.63395 f
  intadd_0_U2/CO (FA1D0)                0.05676    2.69072 f
  U1020/ZN (NR2D0)                      0.04112    2.73184 r
  U1025/ZN (AOI21D0)                    0.02404    2.75588 f
  U1017/Z (CKXOR2D0)                    0.07487    2.83075 f
  U1028/ZN (NR2D0)                      0.04870    2.87945 r
  intadd_1_U9/CO (FA1D0)                0.06216    2.94161 r
  intadd_1_U8/CO (FA1D0)                0.05096    2.99257 r
  intadd_1_U7/CO (FA1D0)                0.05069    3.04326 r
  intadd_1_U6/CO (FA1D0)                0.05068    3.09395 r
  intadd_1_U5/CO (FA1D0)                0.05068    3.14463 r
  intadd_1_U4/CO (FA1D0)                0.05068    3.19532 r
  intadd_1_U3/CO (FA1D0)                0.05068    3.24600 r
  intadd_1_U2/CO (FA1D0)                0.05872    3.30472 r
  U983/Z (CKXOR2D0)                     0.12186    3.42658 r
  U1036/ZN (IND3D0)                     0.18567    3.61226 f
  U1127/ZN (AOI211D0)                   0.10280    3.71506 r
  U1128/ZN (AOI211D0)                   0.03324    3.74829 f
  U1129/ZN (OAI21D0)                    0.05550    3.80380 r
  mantissa_out[0] (out)                 0.00000    3.80380 r
  data arrival time                                3.80380

  clock vclk (rise edge)               10.00000   10.00000
  clock network delay (ideal)           0.00000   10.00000
  clock reconvergence pessimism         0.00000   10.00000
  output external delay                -0.02000    9.98000
  data required time                               9.98000
  ---------------------------------------------------------------
  data required time                               9.98000
  data arrival time                               -3.80380
  ---------------------------------------------------------------
  slack (MET)                                      6.17620


  Startpoint: mantissa_x[21]
               (input port clocked by vclk)
  Endpoint: mantissa_out[0]
               (output port clocked by vclk)
  Path Group: vclk
  Path Type: max

  Point                                    Incr       Path
  ---------------------------------------------------------------
  clock vclk (rise edge)                0.00000    0.00000
  clock network delay (ideal)           0.00000    0.00000
  input external delay                  0.02000    0.02000 f
  mantissa_x[21] (in)                   0.01121    0.03121 f
  U969/ZN (INVD0)                       0.13984    0.17106 r
  U970/ZN (INVD0)                       0.14104    0.31209 f
  U973/ZN (AOI22D0)                     0.13903    0.45112 r
  U974/ZN (MUX2ND0)                     0.09727    0.54839 r
  U975/Z (BUFFD0)                       0.14570    0.69410 r
  U976/ZN (INVD0)                       0.15330    0.84740 f
  U1186/ZN (MUX2ND0)                    0.14481    0.99221 r
  U1187/ZN (INVD0)                      0.10995    1.10216 f
  U1518/ZN (AOI22D0)                    0.10015    1.20231 r
  U1771/Z (XOR3D0)                      0.13227    1.33458 r
  U1773/S (FA1D0)                       0.09948    1.43406 f
  intadd_0_U23/CO (FA1D0)               0.10109    1.53516 f
  intadd_0_U22/CO (FA1D0)               0.05524    1.59040 f
  intadd_0_U21/CO (FA1D0)               0.05524    1.64565 f
  intadd_0_U20/CO (FA1D0)               0.05524    1.70089 f
  intadd_0_U19/CO (FA1D0)               0.05524    1.75613 f
  intadd_0_U18/CO (FA1D0)               0.05524    1.81138 f
  intadd_0_U17/CO (FA1D0)               0.05524    1.86662 f
  intadd_0_U16/CO (FA1D0)               0.05524    1.92187 f
  intadd_0_U15/CO (FA1D0)               0.05524    1.97711 f
  intadd_0_U14/CO (FA1D0)               0.05524    2.03236 f
  intadd_0_U13/CO (FA1D0)               0.05524    2.08760 f
  intadd_0_U12/CO (FA1D0)               0.05524    2.14285 f
  intadd_0_U11/CO (FA1D0)               0.05524    2.19809 f
  intadd_0_U10/CO (FA1D0)               0.05524    2.25333 f
  intadd_0_U9/CO (FA1D0)                0.05524    2.30858 f
  intadd_0_U8/CO (FA1D0)                0.05524    2.36382 f
  intadd_0_U7/CO (FA1D0)                0.05524    2.41907 f
  intadd_0_U6/CO (FA1D0)                0.05524    2.47431 f
  intadd_0_U5/CO (FA1D0)                0.05524    2.52956 f
  intadd_0_U4/CO (FA1D0)                0.05524    2.58480 f
  intadd_0_U3/CO (FA1D0)                0.05524    2.64005 f
  intadd_0_U2/CO (FA1D0)                0.05676    2.69681 f
  U1020/ZN (NR2D0)                      0.04112    2.73793 r
  U1024/ZN (OAI211D0)                   0.07482    2.81276 f
  U1028/ZN (NR2D0)                      0.06407    2.87682 r
  intadd_1_U9/CO (FA1D0)                0.06216    2.93898 r
  intadd_1_U8/CO (FA1D0)                0.05096    2.98994 r
  intadd_1_U7/CO (FA1D0)                0.05069    3.04063 r
  intadd_1_U6/CO (FA1D0)                0.05068    3.09132 r
  intadd_1_U5/CO (FA1D0)                0.05068    3.14200 r
  intadd_1_U4/CO (FA1D0)                0.05068    3.19269 r
  intadd_1_U3/CO (FA1D0)                0.05068    3.24337 r
  intadd_1_U2/CO (FA1D0)                0.05872    3.30210 r
  U983/Z (CKXOR2D0)                     0.12186    3.42395 r
  U1036/ZN (IND3D0)                     0.18567    3.60963 f
  U1127/ZN (AOI211D0)                   0.10280    3.71243 r
  U1128/ZN (AOI211D0)                   0.03324    3.74566 f
  U1129/ZN (OAI21D0)                    0.05550    3.80117 r
  mantissa_out[0] (out)                 0.00000    3.80117 r
  data arrival time                                3.80117

  clock vclk (rise edge)               10.00000   10.00000
  clock network delay (ideal)           0.00000   10.00000
  clock reconvergence pessimism         0.00000   10.00000
  output external delay                -0.02000    9.98000
  data required time                               9.98000
  ---------------------------------------------------------------
  data required time                               9.98000
  data arrival time                               -3.80117
  ---------------------------------------------------------------
  slack (MET)                                      6.17883


  Startpoint: mantissa_y[21]
               (input port clocked by vclk)
  Endpoint: mantissa_out[0]
               (output port clocked by vclk)
  Path Group: vclk
  Path Type: max

  Point                                    Incr       Path
  ---------------------------------------------------------------
  clock vclk (rise edge)                0.00000    0.00000
  clock network delay (ideal)           0.00000    0.00000
  input external delay                  0.02000    0.02000 r
  mantissa_y[21] (in)                   0.01043    0.03043 r
  U971/Z (BUFFD0)                       0.12897    0.15940 r
  U972/ZN (INVD0)                       0.14128    0.30068 f
  U973/ZN (AOI22D0)                     0.14435    0.44503 r
  U974/ZN (MUX2ND0)                     0.09727    0.54230 r
  U975/Z (BUFFD0)                       0.14570    0.68801 r
  U976/ZN (INVD0)                       0.15330    0.84131 f
  U1186/ZN (MUX2ND0)                    0.14481    0.98612 r
  U1187/ZN (INVD0)                      0.10995    1.09607 f
  U1518/ZN (AOI22D0)                    0.10015    1.19622 r
  U1771/Z (XOR3D0)                      0.12813    1.32435 f
  U1773/S (FA1D0)                       0.09876    1.42311 f
  intadd_0_U23/CO (FA1D0)               0.10109    1.52421 f
  intadd_0_U22/CO (FA1D0)               0.05524    1.57945 f
  intadd_0_U21/CO (FA1D0)               0.05524    1.63469 f
  intadd_0_U20/CO (FA1D0)               0.05524    1.68994 f
  intadd_0_U19/CO (FA1D0)               0.05524    1.74518 f
  intadd_0_U18/CO (FA1D0)               0.05524    1.80043 f
  intadd_0_U17/CO (FA1D0)               0.05524    1.85567 f
  intadd_0_U16/CO (FA1D0)               0.05524    1.91092 f
  intadd_0_U15/CO (FA1D0)               0.05524    1.96616 f
  intadd_0_U14/CO (FA1D0)               0.05524    2.02141 f
  intadd_0_U13/CO (FA1D0)               0.05524    2.07665 f
  intadd_0_U12/CO (FA1D0)               0.05524    2.13189 f
  intadd_0_U11/CO (FA1D0)               0.05524    2.18714 f
  intadd_0_U10/CO (FA1D0)               0.05524    2.24238 f
  intadd_0_U9/CO (FA1D0)                0.05524    2.29763 f
  intadd_0_U8/CO (FA1D0)                0.05524    2.35287 f
  intadd_0_U7/CO (FA1D0)                0.05524    2.40812 f
  intadd_0_U6/CO (FA1D0)                0.05524    2.46336 f
  intadd_0_U5/CO (FA1D0)                0.05524    2.51861 f
  intadd_0_U4/CO (FA1D0)                0.05524    2.57385 f
  intadd_0_U3/CO (FA1D0)                0.05524    2.62909 f
  intadd_0_U2/CO (FA1D0)                0.05676    2.68586 f
  U1020/ZN (NR2D0)                      0.04112    2.72698 r
  U1025/ZN (AOI21D0)                    0.02404    2.75102 f
  U1017/Z (CKXOR2D0)                    0.07487    2.82589 f
  U1028/ZN (NR2D0)                      0.04870    2.87459 r
  intadd_1_U9/CO (FA1D0)                0.06216    2.93675 r
  intadd_1_U8/CO (FA1D0)                0.05096    2.98771 r
  intadd_1_U7/CO (FA1D0)                0.05069    3.03840 r
  intadd_1_U6/CO (FA1D0)                0.05068    3.08909 r
  intadd_1_U5/CO (FA1D0)                0.05068    3.13977 r
  intadd_1_U4/CO (FA1D0)                0.05068    3.19046 r
  intadd_1_U3/CO (FA1D0)                0.05068    3.24114 r
  intadd_1_U2/CO (FA1D0)                0.05872    3.29986 r
  U983/Z (CKXOR2D0)                     0.12186    3.42172 r
  U1036/ZN (IND3D0)                     0.18567    3.60740 f
  U1127/ZN (AOI211D0)                   0.10280    3.71020 r
  U1128/ZN (AOI211D0)                   0.03324    3.74343 f
  U1129/ZN (OAI21D0)                    0.05550    3.79894 r
  mantissa_out[0] (out)                 0.00000    3.79894 r
  data arrival time                                3.79894

  clock vclk (rise edge)               10.00000   10.00000
  clock network delay (ideal)           0.00000   10.00000
  clock reconvergence pessimism         0.00000   10.00000
  output external delay                -0.02000    9.98000
  data required time                               9.98000
  ---------------------------------------------------------------
  data required time                               9.98000
  data arrival time                               -3.79894
  ---------------------------------------------------------------
  slack (MET)                                      6.18106


  Startpoint: mantissa_x[21]
               (input port clocked by vclk)
  Endpoint: mantissa_out[0]
               (output port clocked by vclk)
  Path Group: vclk
  Path Type: max

  Point                                    Incr       Path
  ---------------------------------------------------------------
  clock vclk (rise edge)                0.00000    0.00000
  clock network delay (ideal)           0.00000    0.00000
  input external delay                  0.02000    0.02000 f
  mantissa_x[21] (in)                   0.01121    0.03121 f
  U969/ZN (INVD0)                       0.13984    0.17106 r
  U970/ZN (INVD0)                       0.14104    0.31209 f
  U973/ZN (AOI22D0)                     0.13903    0.45112 r
  U974/ZN (MUX2ND0)                     0.09727    0.54839 r
  U975/Z (BUFFD0)                       0.14570    0.69410 r
  U976/ZN (INVD0)                       0.15330    0.84740 f
  U1186/ZN (MUX2ND0)                    0.14481    0.99221 r
  U1187/ZN (INVD0)                      0.10995    1.10216 f
  U1518/ZN (AOI22D0)                    0.10015    1.20231 r
  U1771/Z (XOR3D0)                      0.13227    1.33458 r
  U1773/S (FA1D0)                       0.09948    1.43406 f
  intadd_0_U23/CO (FA1D0)               0.10109    1.53516 f
  intadd_0_U22/CO (FA1D0)               0.05524    1.59040 f
  intadd_0_U21/CO (FA1D0)               0.05524    1.64565 f
  intadd_0_U20/CO (FA1D0)               0.05524    1.70089 f
  intadd_0_U19/CO (FA1D0)               0.05524    1.75613 f
  intadd_0_U18/CO (FA1D0)               0.05524    1.81138 f
  intadd_0_U17/CO (FA1D0)               0.05524    1.86662 f
  intadd_0_U16/CO (FA1D0)               0.05524    1.92187 f
  intadd_0_U15/CO (FA1D0)               0.05524    1.97711 f
  intadd_0_U14/CO (FA1D0)               0.05524    2.03236 f
  intadd_0_U13/CO (FA1D0)               0.05524    2.08760 f
  intadd_0_U12/CO (FA1D0)               0.05524    2.14285 f
  intadd_0_U11/CO (FA1D0)               0.05524    2.19809 f
  intadd_0_U10/CO (FA1D0)               0.05524    2.25333 f
  intadd_0_U9/CO (FA1D0)                0.05524    2.30858 f
  intadd_0_U8/CO (FA1D0)                0.05524    2.36382 f
  intadd_0_U7/CO (FA1D0)                0.05524    2.41907 f
  intadd_0_U6/CO (FA1D0)                0.05524    2.47431 f
  intadd_0_U5/CO (FA1D0)                0.05524    2.52956 f
  intadd_0_U4/CO (FA1D0)                0.05524    2.58480 f
  intadd_0_U3/CO (FA1D0)                0.05524    2.64005 f
  intadd_0_U2/CO (FA1D0)                0.05676    2.69681 f
  U1025/ZN (AOI21D0)                    0.03749    2.73430 r
  U1017/Z (CKXOR2D0)                    0.08550    2.81980 r
  U1028/ZN (NR2D0)                      0.02379    2.84359 f
  intadd_1_U9/CO (FA1D0)                0.06140    2.90499 f
  intadd_1_U8/CO (FA1D0)                0.05542    2.96041 f
  intadd_1_U7/CO (FA1D0)                0.05525    3.01566 f
  intadd_1_U6/CO (FA1D0)                0.05524    3.07090 f
  intadd_1_U5/CO (FA1D0)                0.05524    3.12615 f
  intadd_1_U4/CO (FA1D0)                0.05524    3.18139 f
  intadd_1_U3/CO (FA1D0)                0.05524    3.23664 f
  intadd_1_U2/CO (FA1D0)                0.06258    3.29922 f
  U983/Z (CKXOR2D0)                     0.12007    3.41929 r
  U1036/ZN (IND3D0)                     0.18567    3.60496 f
  U1127/ZN (AOI211D0)                   0.10280    3.70776 r
  U1128/ZN (AOI211D0)                   0.03324    3.74100 f
  U1129/ZN (OAI21D0)                    0.05550    3.79650 r
  mantissa_out[0] (out)                 0.00000    3.79650 r
  data arrival time                                3.79650

  clock vclk (rise edge)               10.00000   10.00000
  clock network delay (ideal)           0.00000   10.00000
  clock reconvergence pessimism         0.00000   10.00000
  output external delay                -0.02000    9.98000
  data required time                               9.98000
  ---------------------------------------------------------------
  data required time                               9.98000
  data arrival time                               -3.79650
  ---------------------------------------------------------------
  slack (MET)                                      6.18350

Warning: report_timing has satisfied the max_paths criteria. There are 31 further endpoints which have paths of interest with slack less than 1000.00000 that were not considered when generating this report. (UITE-502)

1
