1
 
****************************************
Report : area
Design : exact_fp32_div_nopipe
Version: U-2022.12-SP7
Date   : Wed Sep  2 16:44:56 2026
****************************************

Library(s) Used:

    tcbn65gplustc_ccs (File: /courses/ee6350/pdk2025/tcbn65gplus/TSMCHOME/digital/Front_End/timing_power_noise/CCS/tcbn65gplus_200a/tcbn65gplustc_ccs.db)

Number of ports:                           96
Number of nets:                          4722
Number of cells:                         3814
Number of combinational cells:           3814
Number of sequential cells:                 0
Number of macros/black boxes:               0
Number of buf/inv:                        322
Number of references:                     116

Combinational area:              15016.319918
Buf/Inv area:                      372.240015
Noncombinational area:               0.000000
Macro/Black Box area:                0.000000
Net Interconnect area:      undefined  (Wire load has zero net area)

Total cell area:                 15016.319918
Total area:                 undefined
1
 
****************************************
Report : area
Design : exact_fp32_div_nopipe
Version: U-2022.12-SP7
Date   : Wed Sep  2 16:44:56 2026
****************************************

Library(s) Used:

    tcbn65gplustc_ccs (File: /courses/ee6350/pdk2025/tcbn65gplus/TSMCHOME/digital/Front_End/timing_power_noise/CCS/tcbn65gplus_200a/tcbn65gplustc_ccs.db)

Number of ports:                           96
Number of nets:                          4722
Number of cells:                         3814
Number of combinational cells:           3814
Number of sequential cells:                 0
Number of macros/black boxes:               0
Number of buf/inv:                        322
Number of references:                     116

Combinational area:              15016.319918
Buf/Inv area:                      372.240015
Noncombinational area:               0.000000
Macro/Black Box area:                0.000000
Net Interconnect area:      undefined  (Wire load has zero net area)

Total cell area:                 15016.319918
Total area:                 undefined

Hierarchical area distribution
------------------------------

                                  Global cell area            Local cell area
                                  -------------------  ----------------------------- 
Hierarchical cell                 Absolute    Percent  Combi-      Noncombi-  Black-
                                  Total       Total    national    national   boxes   Design
--------------------------------  ----------  -------  ----------  ---------  ------  ---------
exact_fp32_div_nopipe             15016.3199    100.0  15016.3199     0.0000  0.0000  exact_fp32_div_nopipe
--------------------------------  ----------  -------  ----------  ---------  ------  ---------
Total                                                  15016.3199     0.0000  0.0000

1
Information: Propagating switching activity (medium effort zero delay simulation). (PWR-6)
Warning: Design has unannotated primary inputs. (PWR-414)
 
****************************************
Report : power
        -hier
        -analysis_effort medium
        -verbose
Design : exact_fp32_div_nopipe
Version: U-2022.12-SP7
Date   : Wed Sep  2 16:44:56 2026
****************************************


Library(s) Used:

    tcbn65gplustc_ccs (File: /courses/ee6350/pdk2025/tcbn65gplus/TSMCHOME/digital/Front_End/timing_power_noise/CCS/tcbn65gplus_200a/tcbn65gplustc_ccs.db)


Operating Conditions: NCCOM   Library: tcbn65gplustc_ccs
Wire Load Model Mode: segmented

Design        Wire Load Model            Library
------------------------------------------------
exact_fp32_div_nopipe  ZeroWireload      tcbn65gplustc_ccs


Global Operating Voltage = 1    
Power-specific unit information :
    Voltage Units = 1V
    Capacitance Units = 1.000000pf
    Time Units = 1ns
    Dynamic Power Units = 1mW    (derived from V,C,T units)
    Leakage Power Units = 1nW


--------------------------------------------------------------------------------
                                       Switch   Int      Leak     Total
Hierarchy                              Power    Power    Power    Power    %
--------------------------------------------------------------------------------
exact_fp32_div_nopipe                     0.332    0.929 8.39e+04    1.345 100.0
1
 
****************************************
Report : constraint
        -all_violators
        -verbose
Design : exact_fp32_div_nopipe
Version: U-2022.12-SP7
Date   : Wed Sep  2 16:44:56 2026
****************************************


    Design: exact_fp32_div_nopipe

    max_area               0.00
  - Current Area       15016.32
  ------------------------------
    Slack              -15016.32  (VIOLATED)


1
