 
****************************************
Report : timing
        -path full
        -delay max
        -nworst 10
        -max_paths 10
Design : oadm_fixed_l0_mul_root_opt_aggressive
Version: U-2022.12-SP7
Date   : Thu Sep  3 02:43:45 2026
****************************************

Operating Conditions: NCCOM   Library: tcbn65gplustc_ccs
Wire Load Model Mode: segmented

  Startpoint: y[18] (input port clocked by vclk)
  Endpoint: result[30] (output port clocked by vclk)
  Path Group: vclk
  Path Type: max

  Des/Clust/Port     Wire Load Model       Library
  ------------------------------------------------
  oadm_fixed_l0_mul_root_opt_aggressive ZeroWireload tcbn65gplustc_ccs

  Point                                    Incr       Path
  -----------------------------------------------------------
  clock vclk (rise edge)                   0.00       0.00
  clock network delay (ideal)              0.00       0.00
  input external delay                     0.02       0.02 r
  y[18] (in)                               0.01       0.03 r
  U32/Z (BUFFD1)                           0.04       0.06 r
  U78/ZN (INVD0)                           0.02       0.08 f
  U34/ZN (AOI21D0)                         0.04       0.12 r
  U90/S (FA1D0)                            0.08       0.20 r
  U83/ZN (INVD0)                           0.02       0.21 f
  U84/ZN (NR2D0)                           0.05       0.26 r
  U91/ZN (NR2D0)                           0.04       0.30 f
  U33/ZN (AOI21D0)                         0.05       0.35 r
  intadd_0_U4/CO (FA1D0)                   0.10       0.45 r
  intadd_0_U3/CO (FA1D0)                   0.05       0.50 r
  intadd_0_U2/CO (FA1D0)                   0.05       0.55 r
  U56/ZN (OAI21D0)                         0.04       0.59 f
  U57/ZN (INVD0)                           0.06       0.65 r
  U31/ZN (CKND2D0)                         0.07       0.72 f
  U72/CO (FA1D0)                           0.12       0.84 f
  U73/ZN (INVD0)                           0.02       0.86 r
  intadd_1_U6/CO (FA1D0)                   0.09       0.95 r
  intadd_1_U5/CO (FA1D0)                   0.05       1.00 r
  intadd_1_U4/CO (FA1D0)                   0.05       1.05 r
  intadd_1_U3/CO (FA1D0)                   0.05       1.10 r
  intadd_1_U2/CO (FA1D0)                   0.05       1.16 r
  U106/Z (XOR4D0)                          0.11       1.26 f
  U107/ZN (MUX2ND0)                        0.06       1.33 f
  result[30] (out)                         0.00       1.33 f
  data arrival time                                   1.33

  clock vclk (rise edge)                  10.00      10.00
  clock network delay (ideal)              0.00      10.00
  output external delay                   -0.02       9.98
  data required time                                  9.98
  -----------------------------------------------------------
  data required time                                  9.98
  data arrival time                                  -1.33
  -----------------------------------------------------------
  slack (MET)                                         8.65


  Startpoint: y[18] (input port clocked by vclk)
  Endpoint: result[30] (output port clocked by vclk)
  Path Group: vclk
  Path Type: max

  Des/Clust/Port     Wire Load Model       Library
  ------------------------------------------------
  oadm_fixed_l0_mul_root_opt_aggressive ZeroWireload tcbn65gplustc_ccs

  Point                                    Incr       Path
  -----------------------------------------------------------
  clock vclk (rise edge)                   0.00       0.00
  clock network delay (ideal)              0.00       0.00
  input external delay                     0.02       0.02 r
  y[18] (in)                               0.01       0.03 r
  U32/Z (BUFFD1)                           0.04       0.06 r
  U78/ZN (INVD0)                           0.02       0.08 f
  U34/ZN (AOI21D0)                         0.04       0.12 r
  U90/S (FA1D0)                            0.08       0.20 r
  U83/ZN (INVD0)                           0.02       0.21 f
  U84/ZN (NR2D0)                           0.05       0.26 r
  U91/ZN (NR2D0)                           0.04       0.30 f
  U33/ZN (AOI21D0)                         0.05       0.35 r
  intadd_0_U4/CO (FA1D0)                   0.10       0.45 r
  intadd_0_U3/CO (FA1D0)                   0.05       0.50 r
  intadd_0_U2/CO (FA1D0)                   0.05       0.55 r
  U56/ZN (OAI21D0)                         0.04       0.59 f
  U57/ZN (INVD0)                           0.06       0.65 r
  U31/ZN (CKND2D0)                         0.07       0.72 f
  U72/CO (FA1D0)                           0.12       0.84 f
  U73/ZN (INVD0)                           0.02       0.86 r
  intadd_1_U6/CO (FA1D0)                   0.09       0.95 r
  intadd_1_U5/CO (FA1D0)                   0.05       1.00 r
  intadd_1_U4/CO (FA1D0)                   0.05       1.05 r
  intadd_1_U3/CO (FA1D0)                   0.05       1.10 r
  intadd_1_U2/CO (FA1D0)                   0.05       1.16 r
  U106/Z (XOR4D0)                          0.11       1.26 f
  U107/ZN (MUX2ND0)                        0.06       1.33 f
  result[30] (out)                         0.00       1.33 f
  data arrival time                                   1.33

  clock vclk (rise edge)                  10.00      10.00
  clock network delay (ideal)              0.00      10.00
  output external delay                   -0.02       9.98
  data required time                                  9.98
  -----------------------------------------------------------
  data required time                                  9.98
  data arrival time                                  -1.33
  -----------------------------------------------------------
  slack (MET)                                         8.65


  Startpoint: y[18] (input port clocked by vclk)
  Endpoint: result[30] (output port clocked by vclk)
  Path Group: vclk
  Path Type: max

  Des/Clust/Port     Wire Load Model       Library
  ------------------------------------------------
  oadm_fixed_l0_mul_root_opt_aggressive ZeroWireload tcbn65gplustc_ccs

  Point                                    Incr       Path
  -----------------------------------------------------------
  clock vclk (rise edge)                   0.00       0.00
  clock network delay (ideal)              0.00       0.00
  input external delay                     0.02       0.02 r
  y[18] (in)                               0.01       0.03 r
  U32/Z (BUFFD1)                           0.04       0.06 r
  U78/ZN (INVD0)                           0.02       0.08 f
  U34/ZN (AOI21D0)                         0.04       0.12 r
  U90/S (FA1D0)                            0.08       0.20 r
  U83/ZN (INVD0)                           0.02       0.21 f
  U84/ZN (NR2D0)                           0.05       0.26 r
  U91/ZN (NR2D0)                           0.04       0.30 f
  U33/ZN (AOI21D0)                         0.05       0.35 r
  intadd_0_U4/CO (FA1D0)                   0.10       0.45 r
  intadd_0_U3/CO (FA1D0)                   0.05       0.50 r
  intadd_0_U2/CO (FA1D0)                   0.05       0.55 r
  U56/ZN (OAI21D0)                         0.04       0.59 f
  U57/ZN (INVD0)                           0.06       0.65 r
  U31/ZN (CKND2D0)                         0.07       0.72 f
  U72/CO (FA1D0)                           0.12       0.84 f
  U73/ZN (INVD0)                           0.02       0.86 r
  intadd_1_U6/CO (FA1D0)                   0.09       0.95 r
  intadd_1_U5/CO (FA1D0)                   0.05       1.00 r
  intadd_1_U4/CO (FA1D0)                   0.05       1.05 r
  intadd_1_U3/CO (FA1D0)                   0.05       1.10 r
  intadd_1_U2/CO (FA1D0)                   0.05       1.16 r
  U106/Z (XOR4D0)                          0.11       1.26 f
  U107/ZN (MUX2ND0)                        0.06       1.33 f
  result[30] (out)                         0.00       1.33 f
  data arrival time                                   1.33

  clock vclk (rise edge)                  10.00      10.00
  clock network delay (ideal)              0.00      10.00
  output external delay                   -0.02       9.98
  data required time                                  9.98
  -----------------------------------------------------------
  data required time                                  9.98
  data arrival time                                  -1.33
  -----------------------------------------------------------
  slack (MET)                                         8.65


  Startpoint: y[18] (input port clocked by vclk)
  Endpoint: result[30] (output port clocked by vclk)
  Path Group: vclk
  Path Type: max

  Des/Clust/Port     Wire Load Model       Library
  ------------------------------------------------
  oadm_fixed_l0_mul_root_opt_aggressive ZeroWireload tcbn65gplustc_ccs

  Point                                    Incr       Path
  -----------------------------------------------------------
  clock vclk (rise edge)                   0.00       0.00
  clock network delay (ideal)              0.00       0.00
  input external delay                     0.02       0.02 r
  y[18] (in)                               0.01       0.03 r
  U32/Z (BUFFD1)                           0.04       0.06 r
  U78/ZN (INVD0)                           0.02       0.08 f
  U34/ZN (AOI21D0)                         0.04       0.12 r
  U90/S (FA1D0)                            0.08       0.20 r
  U83/ZN (INVD0)                           0.02       0.21 f
  U84/ZN (NR2D0)                           0.05       0.26 r
  U91/ZN (NR2D0)                           0.04       0.30 f
  U33/ZN (AOI21D0)                         0.05       0.35 r
  intadd_0_U4/CO (FA1D0)                   0.10       0.45 r
  intadd_0_U3/CO (FA1D0)                   0.05       0.50 r
  intadd_0_U2/CO (FA1D0)                   0.05       0.55 r
  U56/ZN (OAI21D0)                         0.04       0.59 f
  U57/ZN (INVD0)                           0.06       0.65 r
  U31/ZN (CKND2D0)                         0.07       0.72 f
  U72/CO (FA1D0)                           0.12       0.84 f
  U73/ZN (INVD0)                           0.02       0.86 r
  intadd_1_U6/CO (FA1D0)                   0.09       0.95 r
  intadd_1_U5/CO (FA1D0)                   0.05       1.00 r
  intadd_1_U4/CO (FA1D0)                   0.05       1.05 r
  intadd_1_U3/CO (FA1D0)                   0.05       1.10 r
  intadd_1_U2/CO (FA1D0)                   0.05       1.16 r
  U106/Z (XOR4D0)                          0.11       1.26 f
  U107/ZN (MUX2ND0)                        0.06       1.33 f
  result[30] (out)                         0.00       1.33 f
  data arrival time                                   1.33

  clock vclk (rise edge)                  10.00      10.00
  clock network delay (ideal)              0.00      10.00
  output external delay                   -0.02       9.98
  data required time                                  9.98
  -----------------------------------------------------------
  data required time                                  9.98
  data arrival time                                  -1.33
  -----------------------------------------------------------
  slack (MET)                                         8.65


  Startpoint: y[18] (input port clocked by vclk)
  Endpoint: result[30] (output port clocked by vclk)
  Path Group: vclk
  Path Type: max

  Des/Clust/Port     Wire Load Model       Library
  ------------------------------------------------
  oadm_fixed_l0_mul_root_opt_aggressive ZeroWireload tcbn65gplustc_ccs

  Point                                    Incr       Path
  -----------------------------------------------------------
  clock vclk (rise edge)                   0.00       0.00
  clock network delay (ideal)              0.00       0.00
  input external delay                     0.02       0.02 r
  y[18] (in)                               0.01       0.03 r
  U32/Z (BUFFD1)                           0.04       0.06 r
  U78/ZN (INVD0)                           0.02       0.08 f
  U34/ZN (AOI21D0)                         0.04       0.12 r
  U90/S (FA1D0)                            0.08       0.20 r
  U83/ZN (INVD0)                           0.02       0.21 f
  U84/ZN (NR2D0)                           0.05       0.26 r
  U91/ZN (NR2D0)                           0.04       0.30 f
  U33/ZN (AOI21D0)                         0.05       0.35 r
  intadd_0_U4/CO (FA1D0)                   0.10       0.45 r
  intadd_0_U3/CO (FA1D0)                   0.05       0.50 r
  intadd_0_U2/CO (FA1D0)                   0.05       0.55 r
  U56/ZN (OAI21D0)                         0.04       0.59 f
  U57/ZN (INVD0)                           0.06       0.65 r
  U31/ZN (CKND2D0)                         0.07       0.72 f
  U72/CO (FA1D0)                           0.12       0.84 f
  U73/ZN (INVD0)                           0.02       0.86 r
  intadd_1_U6/CO (FA1D0)                   0.09       0.95 r
  intadd_1_U5/CO (FA1D0)                   0.05       1.00 r
  intadd_1_U4/CO (FA1D0)                   0.05       1.05 r
  intadd_1_U3/CO (FA1D0)                   0.05       1.10 r
  intadd_1_U2/CO (FA1D0)                   0.05       1.16 r
  U106/Z (XOR4D0)                          0.11       1.26 f
  U107/ZN (MUX2ND0)                        0.06       1.33 f
  result[30] (out)                         0.00       1.33 f
  data arrival time                                   1.33

  clock vclk (rise edge)                  10.00      10.00
  clock network delay (ideal)              0.00      10.00
  output external delay                   -0.02       9.98
  data required time                                  9.98
  -----------------------------------------------------------
  data required time                                  9.98
  data arrival time                                  -1.33
  -----------------------------------------------------------
  slack (MET)                                         8.65


  Startpoint: y[18] (input port clocked by vclk)
  Endpoint: result[30] (output port clocked by vclk)
  Path Group: vclk
  Path Type: max

  Des/Clust/Port     Wire Load Model       Library
  ------------------------------------------------
  oadm_fixed_l0_mul_root_opt_aggressive ZeroWireload tcbn65gplustc_ccs

  Point                                    Incr       Path
  -----------------------------------------------------------
  clock vclk (rise edge)                   0.00       0.00
  clock network delay (ideal)              0.00       0.00
  input external delay                     0.02       0.02 r
  y[18] (in)                               0.01       0.03 r
  U32/Z (BUFFD1)                           0.04       0.06 r
  U78/ZN (INVD0)                           0.02       0.08 f
  U34/ZN (AOI21D0)                         0.04       0.12 r
  U90/S (FA1D0)                            0.08       0.20 r
  U83/ZN (INVD0)                           0.02       0.21 f
  U84/ZN (NR2D0)                           0.05       0.26 r
  U91/ZN (NR2D0)                           0.04       0.30 f
  U33/ZN (AOI21D0)                         0.05       0.35 r
  intadd_0_U4/CO (FA1D0)                   0.10       0.45 r
  intadd_0_U3/CO (FA1D0)                   0.05       0.50 r
  intadd_0_U2/CO (FA1D0)                   0.05       0.55 r
  U56/ZN (OAI21D0)                         0.04       0.59 f
  U57/ZN (INVD0)                           0.06       0.65 r
  U31/ZN (CKND2D0)                         0.07       0.72 f
  U72/CO (FA1D0)                           0.12       0.84 f
  U73/ZN (INVD0)                           0.02       0.86 r
  intadd_1_U6/CO (FA1D0)                   0.09       0.95 r
  intadd_1_U5/CO (FA1D0)                   0.05       1.00 r
  intadd_1_U4/CO (FA1D0)                   0.05       1.05 r
  intadd_1_U3/CO (FA1D0)                   0.05       1.10 r
  intadd_1_U2/CO (FA1D0)                   0.05       1.16 r
  U106/Z (XOR4D0)                          0.11       1.26 f
  U107/ZN (MUX2ND0)                        0.06       1.33 f
  result[30] (out)                         0.00       1.33 f
  data arrival time                                   1.33

  clock vclk (rise edge)                  10.00      10.00
  clock network delay (ideal)              0.00      10.00
  output external delay                   -0.02       9.98
  data required time                                  9.98
  -----------------------------------------------------------
  data required time                                  9.98
  data arrival time                                  -1.33
  -----------------------------------------------------------
  slack (MET)                                         8.65


  Startpoint: y[18] (input port clocked by vclk)
  Endpoint: result[30] (output port clocked by vclk)
  Path Group: vclk
  Path Type: max

  Des/Clust/Port     Wire Load Model       Library
  ------------------------------------------------
  oadm_fixed_l0_mul_root_opt_aggressive ZeroWireload tcbn65gplustc_ccs

  Point                                    Incr       Path
  -----------------------------------------------------------
  clock vclk (rise edge)                   0.00       0.00
  clock network delay (ideal)              0.00       0.00
  input external delay                     0.02       0.02 r
  y[18] (in)                               0.01       0.03 r
  U32/Z (BUFFD1)                           0.04       0.06 r
  U78/ZN (INVD0)                           0.02       0.08 f
  U34/ZN (AOI21D0)                         0.04       0.12 r
  U90/S (FA1D0)                            0.08       0.20 r
  U83/ZN (INVD0)                           0.02       0.21 f
  U84/ZN (NR2D0)                           0.05       0.26 r
  U91/ZN (NR2D0)                           0.04       0.30 f
  U33/ZN (AOI21D0)                         0.05       0.35 r
  intadd_0_U4/CO (FA1D0)                   0.10       0.45 r
  intadd_0_U3/CO (FA1D0)                   0.05       0.50 r
  intadd_0_U2/CO (FA1D0)                   0.05       0.55 r
  U56/ZN (OAI21D0)                         0.04       0.59 f
  U57/ZN (INVD0)                           0.06       0.65 r
  U31/ZN (CKND2D0)                         0.07       0.72 f
  U72/CO (FA1D0)                           0.12       0.84 f
  U73/ZN (INVD0)                           0.02       0.86 r
  intadd_1_U6/CO (FA1D0)                   0.09       0.95 r
  intadd_1_U5/CO (FA1D0)                   0.05       1.00 r
  intadd_1_U4/CO (FA1D0)                   0.05       1.05 r
  intadd_1_U3/CO (FA1D0)                   0.05       1.10 r
  intadd_1_U2/CO (FA1D0)                   0.05       1.16 r
  U106/Z (XOR4D0)                          0.11       1.26 f
  U107/ZN (MUX2ND0)                        0.06       1.33 f
  result[30] (out)                         0.00       1.33 f
  data arrival time                                   1.33

  clock vclk (rise edge)                  10.00      10.00
  clock network delay (ideal)              0.00      10.00
  output external delay                   -0.02       9.98
  data required time                                  9.98
  -----------------------------------------------------------
  data required time                                  9.98
  data arrival time                                  -1.33
  -----------------------------------------------------------
  slack (MET)                                         8.65


  Startpoint: y[18] (input port clocked by vclk)
  Endpoint: result[30] (output port clocked by vclk)
  Path Group: vclk
  Path Type: max

  Des/Clust/Port     Wire Load Model       Library
  ------------------------------------------------
  oadm_fixed_l0_mul_root_opt_aggressive ZeroWireload tcbn65gplustc_ccs

  Point                                    Incr       Path
  -----------------------------------------------------------
  clock vclk (rise edge)                   0.00       0.00
  clock network delay (ideal)              0.00       0.00
  input external delay                     0.02       0.02 r
  y[18] (in)                               0.01       0.03 r
  U32/Z (BUFFD1)                           0.04       0.06 r
  U78/ZN (INVD0)                           0.02       0.08 f
  U34/ZN (AOI21D0)                         0.04       0.12 r
  U90/S (FA1D0)                            0.08       0.20 r
  U83/ZN (INVD0)                           0.02       0.21 f
  U84/ZN (NR2D0)                           0.05       0.26 r
  U91/ZN (NR2D0)                           0.04       0.30 f
  U33/ZN (AOI21D0)                         0.05       0.35 r
  intadd_0_U4/CO (FA1D0)                   0.10       0.45 r
  intadd_0_U3/CO (FA1D0)                   0.05       0.50 r
  intadd_0_U2/CO (FA1D0)                   0.05       0.55 r
  U56/ZN (OAI21D0)                         0.04       0.59 f
  U57/ZN (INVD0)                           0.06       0.65 r
  U31/ZN (CKND2D0)                         0.07       0.72 f
  U72/CO (FA1D0)                           0.12       0.84 f
  U73/ZN (INVD0)                           0.02       0.86 r
  intadd_1_U6/CO (FA1D0)                   0.09       0.95 r
  intadd_1_U5/CO (FA1D0)                   0.05       1.00 r
  intadd_1_U4/CO (FA1D0)                   0.05       1.05 r
  intadd_1_U3/CO (FA1D0)                   0.05       1.10 r
  intadd_1_U2/CO (FA1D0)                   0.05       1.16 r
  U106/Z (XOR4D0)                          0.11       1.26 f
  U107/ZN (MUX2ND0)                        0.06       1.33 f
  result[30] (out)                         0.00       1.33 f
  data arrival time                                   1.33

  clock vclk (rise edge)                  10.00      10.00
  clock network delay (ideal)              0.00      10.00
  output external delay                   -0.02       9.98
  data required time                                  9.98
  -----------------------------------------------------------
  data required time                                  9.98
  data arrival time                                  -1.33
  -----------------------------------------------------------
  slack (MET)                                         8.65


  Startpoint: y[18] (input port clocked by vclk)
  Endpoint: result[30] (output port clocked by vclk)
  Path Group: vclk
  Path Type: max

  Des/Clust/Port     Wire Load Model       Library
  ------------------------------------------------
  oadm_fixed_l0_mul_root_opt_aggressive ZeroWireload tcbn65gplustc_ccs

  Point                                    Incr       Path
  -----------------------------------------------------------
  clock vclk (rise edge)                   0.00       0.00
  clock network delay (ideal)              0.00       0.00
  input external delay                     0.02       0.02 r
  y[18] (in)                               0.01       0.03 r
  U32/Z (BUFFD1)                           0.04       0.06 r
  U78/ZN (INVD0)                           0.02       0.08 f
  U34/ZN (AOI21D0)                         0.04       0.12 r
  U90/S (FA1D0)                            0.08       0.20 r
  U83/ZN (INVD0)                           0.02       0.21 f
  U84/ZN (NR2D0)                           0.05       0.26 r
  U91/ZN (NR2D0)                           0.04       0.30 f
  U33/ZN (AOI21D0)                         0.05       0.35 r
  intadd_0_U4/CO (FA1D0)                   0.10       0.45 r
  intadd_0_U3/CO (FA1D0)                   0.05       0.50 r
  intadd_0_U2/CO (FA1D0)                   0.05       0.55 r
  U56/ZN (OAI21D0)                         0.04       0.59 f
  U57/ZN (INVD0)                           0.06       0.65 r
  U31/ZN (CKND2D0)                         0.07       0.72 f
  U72/CO (FA1D0)                           0.12       0.84 f
  U73/ZN (INVD0)                           0.02       0.86 r
  intadd_1_U6/CO (FA1D0)                   0.09       0.95 r
  intadd_1_U5/CO (FA1D0)                   0.05       1.00 r
  intadd_1_U4/CO (FA1D0)                   0.05       1.05 r
  intadd_1_U3/CO (FA1D0)                   0.05       1.10 r
  intadd_1_U2/CO (FA1D0)                   0.05       1.16 r
  U106/Z (XOR4D0)                          0.11       1.26 f
  U107/ZN (MUX2ND0)                        0.06       1.33 f
  result[30] (out)                         0.00       1.33 f
  data arrival time                                   1.33

  clock vclk (rise edge)                  10.00      10.00
  clock network delay (ideal)              0.00      10.00
  output external delay                   -0.02       9.98
  data required time                                  9.98
  -----------------------------------------------------------
  data required time                                  9.98
  data arrival time                                  -1.33
  -----------------------------------------------------------
  slack (MET)                                         8.65


  Startpoint: y[18] (input port clocked by vclk)
  Endpoint: result[30] (output port clocked by vclk)
  Path Group: vclk
  Path Type: max

  Des/Clust/Port     Wire Load Model       Library
  ------------------------------------------------
  oadm_fixed_l0_mul_root_opt_aggressive ZeroWireload tcbn65gplustc_ccs

  Point                                    Incr       Path
  -----------------------------------------------------------
  clock vclk (rise edge)                   0.00       0.00
  clock network delay (ideal)              0.00       0.00
  input external delay                     0.02       0.02 r
  y[18] (in)                               0.01       0.03 r
  U32/Z (BUFFD1)                           0.04       0.06 r
  U78/ZN (INVD0)                           0.02       0.08 f
  U34/ZN (AOI21D0)                         0.04       0.12 r
  U90/S (FA1D0)                            0.08       0.20 r
  U83/ZN (INVD0)                           0.02       0.21 f
  U84/ZN (NR2D0)                           0.05       0.26 r
  U91/ZN (NR2D0)                           0.04       0.30 f
  U33/ZN (AOI21D0)                         0.05       0.35 r
  intadd_0_U4/CO (FA1D0)                   0.10       0.45 r
  intadd_0_U3/CO (FA1D0)                   0.05       0.50 r
  intadd_0_U2/CO (FA1D0)                   0.05       0.55 r
  U56/ZN (OAI21D0)                         0.04       0.59 f
  U57/ZN (INVD0)                           0.06       0.65 r
  U31/ZN (CKND2D0)                         0.07       0.72 f
  U72/CO (FA1D0)                           0.12       0.84 f
  U73/ZN (INVD0)                           0.02       0.86 r
  intadd_1_U6/CO (FA1D0)                   0.09       0.95 r
  intadd_1_U5/CO (FA1D0)                   0.05       1.00 r
  intadd_1_U4/CO (FA1D0)                   0.05       1.05 r
  intadd_1_U3/CO (FA1D0)                   0.05       1.10 r
  intadd_1_U2/CO (FA1D0)                   0.05       1.16 r
  U106/Z (XOR4D0)                          0.11       1.26 f
  U107/ZN (MUX2ND0)                        0.06       1.33 f
  result[30] (out)                         0.00       1.33 f
  data arrival time                                   1.33

  clock vclk (rise edge)                  10.00      10.00
  clock network delay (ideal)              0.00      10.00
  output external delay                   -0.02       9.98
  data required time                                  9.98
  -----------------------------------------------------------
  data required time                                  9.98
  data arrival time                                  -1.33
  -----------------------------------------------------------
  slack (MET)                                         8.65


1
