****************************************
Report : timing
	-path_type full
	-delay_type max
	-nworst 10
	-slack_lesser_than 1000.00000
	-max_paths 10
	-sort_by slack
Design : oadm_fixed_l0_div_opt
Version: U-2022.12-SP5
Date   : Thu Sep  3 12:25:20 2026
****************************************


  Startpoint: x[2] (input port clocked by vclk)
  Endpoint: result[30] (output port clocked by vclk)
  Path Group: vclk
  Path Type: max

  Point                                                   Incr       Path
  ------------------------------------------------------------------------------
  clock vclk (rise edge)                               0.00000    0.00000
  clock network delay (ideal)                          0.00000    0.00000
  input external delay                                 0.02000    0.02000 f
  x[2] (in)                                            0.00470    0.02470 f
  impl/fp_wrapper/U106/Z (CKBD1)                       0.02982    0.05453 f
  impl/fixed_centered_plane_plane/mult_31/U24/CO (FA1D0)
                                                       0.10026    0.15478 f
  impl/fixed_centered_plane_plane/mult_31/U23/CO (FA1D0)
                                                       0.05518    0.20996 f
  impl/fixed_centered_plane_plane/mult_31/U22/CO (FA1D0)
                                                       0.05524    0.26521 f
  impl/fixed_centered_plane_plane/mult_31/U21/CO (FA1D0)
                                                       0.05524    0.32045 f
  impl/fixed_centered_plane_plane/mult_31/U20/CO (FA1D0)
                                                       0.05524    0.37569 f
  impl/fixed_centered_plane_plane/mult_31/U19/CO (FA1D0)
                                                       0.05524    0.43094 f
  impl/fixed_centered_plane_plane/mult_31/U18/CO (FA1D0)
                                                       0.05524    0.48618 f
  impl/fixed_centered_plane_plane/mult_31/U17/CO (FA1D0)
                                                       0.05524    0.54143 f
  impl/fixed_centered_plane_plane/mult_31/U16/CO (FA1D0)
                                                       0.05524    0.59667 f
  impl/fixed_centered_plane_plane/mult_31/U15/CO (FA1D0)
                                                       0.05524    0.65192 f
  impl/fixed_centered_plane_plane/mult_31/U14/CO (FA1D0)
                                                       0.05524    0.70716 f
  impl/fixed_centered_plane_plane/mult_31/U13/CO (FA1D0)
                                                       0.05524    0.76241 f
  impl/fixed_centered_plane_plane/mult_31/U12/CO (FA1D0)
                                                       0.05524    0.81765 f
  impl/fixed_centered_plane_plane/mult_31/U11/CO (FA1D0)
                                                       0.05524    0.87289 f
  impl/fixed_centered_plane_plane/mult_31/U10/CO (FA1D0)
                                                       0.05524    0.92814 f
  impl/fixed_centered_plane_plane/mult_31/U9/CO (FA1D0)
                                                       0.05524    0.98338 f
  impl/fixed_centered_plane_plane/mult_31/U8/CO (FA1D0)
                                                       0.05524    1.03863 f
  impl/fixed_centered_plane_plane/mult_31/U7/CO (FA1D0)
                                                       0.05524    1.09387 f
  impl/fixed_centered_plane_plane/mult_31/U6/CO (FA1D0)
                                                       0.05524    1.14912 f
  impl/fixed_centered_plane_plane/mult_31/U5/CO (FA1D0)
                                                       0.05524    1.20436 f
  impl/fixed_centered_plane_plane/mult_31/U4/S (FA1D0)
                                                       0.08762    1.29198 r
  impl/fixed_centered_plane_plane/U8/ZN (INVD1)        0.01534    1.30731 f
  impl/fixed_centered_plane_plane/sub_0_root_sub_67/U2_21/S (FA1D0)
                                                       0.19975    1.50706 r
  impl/mult_67/U458/Z (XOR4D0)                         0.15082    1.65788 f
  impl/mult_67/U34/CO (FA1D0)                          0.08664    1.74452 f
  impl/mult_67/U33/CO (FA1D0)                          0.05524    1.79977 f
  impl/mult_67/U32/CO (FA1D0)                          0.05524    1.85501 f
  impl/mult_67/U31/CO (FA1D0)                          0.05524    1.91025 f
  impl/mult_67/U30/CO (FA1D0)                          0.05524    1.96550 f
  impl/mult_67/U29/CO (FA1D0)                          0.05524    2.02074 f
  impl/mult_67/U28/CO (FA1D0)                          0.05524    2.07599 f
  impl/mult_67/U27/CO (FA1D0)                          0.05524    2.13123 f
  impl/mult_67/U26/CO (FA1D0)                          0.05524    2.18648 f
  impl/mult_67/U25/CO (FA1D0)                          0.05824    2.24471 f
  impl/mult_67/U355/Z (CKXOR2D0)                       0.05162    2.29633 r
  impl/mult_67/U596/Z (XOR3D0)                         0.07101    2.36734 f
  impl/U56/ZN (INVD1)                                  0.10631    2.47366 r
  impl/U54/ZN (ND3D1)                                  0.17303    2.64668 f
  impl/U3/ZN (ND2D1)                                   0.12501    2.77170 r
  impl/fp_wrapper/U5/CO (FA1D0)                        0.10395    2.87565 r
  impl/fp_wrapper/U6/CO (FA1D0)                        0.05109    2.92673 r
  impl/fp_wrapper/U7/CO (FA1D0)                        0.05109    2.97782 r
  impl/fp_wrapper/U8/CO (FA1D0)                        0.05109    3.02891 r
  impl/fp_wrapper/U9/CO (FA1D0)                        0.05109    3.08000 r
  impl/fp_wrapper/U10/CO (FA1D0)                       0.05197    3.13197 r
  impl/fp_wrapper/U42/Z (XOR3D1)                       0.07811    3.21008 f
  result[30] (out)                                     0.00000    3.21008 f
  data arrival time                                               3.21008

  clock vclk (rise edge)                              10.00000   10.00000
  clock network delay (ideal)                          0.00000   10.00000
  clock reconvergence pessimism                        0.00000   10.00000
  output external delay                               -0.02000    9.98000
  data required time                                              9.98000
  ------------------------------------------------------------------------------
  data required time                                              9.98000
  data arrival time                                              -3.21008
  ------------------------------------------------------------------------------
  slack (MET)                                                     6.76992


  Startpoint: x[2] (input port clocked by vclk)
  Endpoint: result[30] (output port clocked by vclk)
  Path Group: vclk
  Path Type: max

  Point                                                   Incr       Path
  ------------------------------------------------------------------------------
  clock vclk (rise edge)                               0.00000    0.00000
  clock network delay (ideal)                          0.00000    0.00000
  input external delay                                 0.02000    0.02000 f
  x[2] (in)                                            0.00470    0.02470 f
  impl/fp_wrapper/U106/Z (CKBD1)                       0.02982    0.05453 f
  impl/fixed_centered_plane_plane/mult_31/U24/CO (FA1D0)
                                                       0.10026    0.15478 f
  impl/fixed_centered_plane_plane/mult_31/U23/CO (FA1D0)
                                                       0.05518    0.20996 f
  impl/fixed_centered_plane_plane/mult_31/U22/CO (FA1D0)
                                                       0.05524    0.26521 f
  impl/fixed_centered_plane_plane/mult_31/U21/CO (FA1D0)
                                                       0.05524    0.32045 f
  impl/fixed_centered_plane_plane/mult_31/U20/CO (FA1D0)
                                                       0.05524    0.37569 f
  impl/fixed_centered_plane_plane/mult_31/U19/CO (FA1D0)
                                                       0.05524    0.43094 f
  impl/fixed_centered_plane_plane/mult_31/U18/CO (FA1D0)
                                                       0.05524    0.48618 f
  impl/fixed_centered_plane_plane/mult_31/U17/CO (FA1D0)
                                                       0.05524    0.54143 f
  impl/fixed_centered_plane_plane/mult_31/U16/CO (FA1D0)
                                                       0.05524    0.59667 f
  impl/fixed_centered_plane_plane/mult_31/U15/CO (FA1D0)
                                                       0.05524    0.65192 f
  impl/fixed_centered_plane_plane/mult_31/U14/CO (FA1D0)
                                                       0.05524    0.70716 f
  impl/fixed_centered_plane_plane/mult_31/U13/CO (FA1D0)
                                                       0.05524    0.76241 f
  impl/fixed_centered_plane_plane/mult_31/U12/CO (FA1D0)
                                                       0.05524    0.81765 f
  impl/fixed_centered_plane_plane/mult_31/U11/CO (FA1D0)
                                                       0.05524    0.87289 f
  impl/fixed_centered_plane_plane/mult_31/U10/CO (FA1D0)
                                                       0.05524    0.92814 f
  impl/fixed_centered_plane_plane/mult_31/U9/CO (FA1D0)
                                                       0.05524    0.98338 f
  impl/fixed_centered_plane_plane/mult_31/U8/CO (FA1D0)
                                                       0.05524    1.03863 f
  impl/fixed_centered_plane_plane/mult_31/U7/CO (FA1D0)
                                                       0.05524    1.09387 f
  impl/fixed_centered_plane_plane/mult_31/U6/CO (FA1D0)
                                                       0.05524    1.14912 f
  impl/fixed_centered_plane_plane/mult_31/U5/CO (FA1D0)
                                                       0.05524    1.20436 f
  impl/fixed_centered_plane_plane/mult_31/U4/S (FA1D0)
                                                       0.08762    1.29198 r
  impl/fixed_centered_plane_plane/U8/ZN (INVD1)        0.01534    1.30731 f
  impl/fixed_centered_plane_plane/sub_0_root_sub_67/U2_21/S (FA1D0)
                                                       0.19975    1.50706 r
  impl/mult_67/U457/ZN (INR2D0)                        0.08177    1.58883 r
  impl/mult_67/U449/Z (XOR4D0)                         0.11947    1.70829 f
  impl/mult_67/U33/CO (FA1D0)                          0.08600    1.79429 f
  impl/mult_67/U32/CO (FA1D0)                          0.05524    1.84953 f
  impl/mult_67/U31/CO (FA1D0)                          0.05524    1.90478 f
  impl/mult_67/U30/CO (FA1D0)                          0.05524    1.96002 f
  impl/mult_67/U29/CO (FA1D0)                          0.05524    2.01527 f
  impl/mult_67/U28/CO (FA1D0)                          0.05524    2.07051 f
  impl/mult_67/U27/CO (FA1D0)                          0.05524    2.12575 f
  impl/mult_67/U26/CO (FA1D0)                          0.05524    2.18100 f
  impl/mult_67/U25/CO (FA1D0)                          0.05824    2.23923 f
  impl/mult_67/U355/Z (CKXOR2D0)                       0.05162    2.29085 r
  impl/mult_67/U596/Z (XOR3D0)                         0.07101    2.36187 f
  impl/U56/ZN (INVD1)                                  0.10631    2.46818 r
  impl/U54/ZN (ND3D1)                                  0.17303    2.64121 f
  impl/U3/ZN (ND2D1)                                   0.12501    2.76622 r
  impl/fp_wrapper/U5/CO (FA1D0)                        0.10395    2.87017 r
  impl/fp_wrapper/U6/CO (FA1D0)                        0.05109    2.92126 r
  impl/fp_wrapper/U7/CO (FA1D0)                        0.05109    2.97235 r
  impl/fp_wrapper/U8/CO (FA1D0)                        0.05109    3.02343 r
  impl/fp_wrapper/U9/CO (FA1D0)                        0.05109    3.07452 r
  impl/fp_wrapper/U10/CO (FA1D0)                       0.05197    3.12650 r
  impl/fp_wrapper/U42/Z (XOR3D1)                       0.07811    3.20461 f
  result[30] (out)                                     0.00000    3.20461 f
  data arrival time                                               3.20461

  clock vclk (rise edge)                              10.00000   10.00000
  clock network delay (ideal)                          0.00000   10.00000
  clock reconvergence pessimism                        0.00000   10.00000
  output external delay                               -0.02000    9.98000
  data required time                                              9.98000
  ------------------------------------------------------------------------------
  data required time                                              9.98000
  data arrival time                                              -3.20461
  ------------------------------------------------------------------------------
  slack (MET)                                                     6.77539


  Startpoint: x[2] (input port clocked by vclk)
  Endpoint: result[30] (output port clocked by vclk)
  Path Group: vclk
  Path Type: max

  Point                                                   Incr       Path
  ------------------------------------------------------------------------------
  clock vclk (rise edge)                               0.00000    0.00000
  clock network delay (ideal)                          0.00000    0.00000
  input external delay                                 0.02000    0.02000 f
  x[2] (in)                                            0.00470    0.02470 f
  impl/fp_wrapper/U106/Z (CKBD1)                       0.02982    0.05453 f
  impl/fixed_centered_plane_plane/mult_31/U24/CO (FA1D0)
                                                       0.10026    0.15478 f
  impl/fixed_centered_plane_plane/mult_31/U23/CO (FA1D0)
                                                       0.05518    0.20996 f
  impl/fixed_centered_plane_plane/mult_31/U22/CO (FA1D0)
                                                       0.05524    0.26521 f
  impl/fixed_centered_plane_plane/mult_31/U21/CO (FA1D0)
                                                       0.05524    0.32045 f
  impl/fixed_centered_plane_plane/mult_31/U20/CO (FA1D0)
                                                       0.05524    0.37569 f
  impl/fixed_centered_plane_plane/mult_31/U19/CO (FA1D0)
                                                       0.05524    0.43094 f
  impl/fixed_centered_plane_plane/mult_31/U18/CO (FA1D0)
                                                       0.05524    0.48618 f
  impl/fixed_centered_plane_plane/mult_31/U17/CO (FA1D0)
                                                       0.05524    0.54143 f
  impl/fixed_centered_plane_plane/mult_31/U16/CO (FA1D0)
                                                       0.05524    0.59667 f
  impl/fixed_centered_plane_plane/mult_31/U15/CO (FA1D0)
                                                       0.05524    0.65192 f
  impl/fixed_centered_plane_plane/mult_31/U14/CO (FA1D0)
                                                       0.05524    0.70716 f
  impl/fixed_centered_plane_plane/mult_31/U13/CO (FA1D0)
                                                       0.05524    0.76241 f
  impl/fixed_centered_plane_plane/mult_31/U12/CO (FA1D0)
                                                       0.05524    0.81765 f
  impl/fixed_centered_plane_plane/mult_31/U11/CO (FA1D0)
                                                       0.05524    0.87289 f
  impl/fixed_centered_plane_plane/mult_31/U10/CO (FA1D0)
                                                       0.05524    0.92814 f
  impl/fixed_centered_plane_plane/mult_31/U9/CO (FA1D0)
                                                       0.05524    0.98338 f
  impl/fixed_centered_plane_plane/mult_31/U8/CO (FA1D0)
                                                       0.05524    1.03863 f
  impl/fixed_centered_plane_plane/mult_31/U7/CO (FA1D0)
                                                       0.05524    1.09387 f
  impl/fixed_centered_plane_plane/mult_31/U6/CO (FA1D0)
                                                       0.05524    1.14912 f
  impl/fixed_centered_plane_plane/mult_31/U5/CO (FA1D0)
                                                       0.05524    1.20436 f
  impl/fixed_centered_plane_plane/mult_31/U4/S (FA1D0)
                                                       0.08762    1.29198 r
  impl/fixed_centered_plane_plane/U8/ZN (INVD1)        0.01534    1.30731 f
  impl/fixed_centered_plane_plane/sub_0_root_sub_67/U2_21/S (FA1D0)
                                                       0.19975    1.50706 r
  impl/mult_67/U458/Z (XOR4D0)                         0.15082    1.65788 f
  impl/mult_67/U34/CO (FA1D0)                          0.08664    1.74452 f
  impl/mult_67/U33/CO (FA1D0)                          0.05524    1.79977 f
  impl/mult_67/U32/CO (FA1D0)                          0.05524    1.85501 f
  impl/mult_67/U31/CO (FA1D0)                          0.05524    1.91025 f
  impl/mult_67/U30/CO (FA1D0)                          0.05524    1.96550 f
  impl/mult_67/U29/CO (FA1D0)                          0.05524    2.02074 f
  impl/mult_67/U28/CO (FA1D0)                          0.05524    2.07599 f
  impl/mult_67/U27/CO (FA1D0)                          0.05524    2.13123 f
  impl/mult_67/U26/CO (FA1D0)                          0.05524    2.18648 f
  impl/mult_67/U25/CO (FA1D0)                          0.05824    2.24471 f
  impl/mult_67/U355/Z (CKXOR2D0)                       0.05162    2.29633 r
  impl/mult_67/U596/Z (XOR3D0)                         0.07101    2.36734 f
  impl/U56/ZN (INVD1)                                  0.10631    2.47366 r
  impl/U54/ZN (ND3D1)                                  0.17303    2.64668 f
  impl/U3/ZN (ND2D1)                                   0.12501    2.77170 r
  impl/fp_wrapper/U5/CO (FA1D0)                        0.10395    2.87565 r
  impl/fp_wrapper/U6/CO (FA1D0)                        0.05109    2.92673 r
  impl/fp_wrapper/U7/CO (FA1D0)                        0.05109    2.97782 r
  impl/fp_wrapper/U8/CO (FA1D0)                        0.05109    3.02891 r
  impl/fp_wrapper/U9/CO (FA1D0)                        0.05109    3.08000 r
  impl/fp_wrapper/U10/CO (FA1D0)                       0.05197    3.13197 r
  impl/fp_wrapper/U42/Z (XOR3D1)                       0.06932    3.20129 r
  result[30] (out)                                     0.00000    3.20129 r
  data arrival time                                               3.20129

  clock vclk (rise edge)                              10.00000   10.00000
  clock network delay (ideal)                          0.00000   10.00000
  clock reconvergence pessimism                        0.00000   10.00000
  output external delay                               -0.02000    9.98000
  data required time                                              9.98000
  ------------------------------------------------------------------------------
  data required time                                              9.98000
  data arrival time                                              -3.20129
  ------------------------------------------------------------------------------
  slack (MET)                                                     6.77871


  Startpoint: x[1] (input port clocked by vclk)
  Endpoint: result[30] (output port clocked by vclk)
  Path Group: vclk
  Path Type: max

  Point                                                   Incr       Path
  ------------------------------------------------------------------------------
  clock vclk (rise edge)                               0.00000    0.00000
  clock network delay (ideal)                          0.00000    0.00000
  input external delay                                 0.02000    0.02000 f
  x[1] (in)                                            0.00470    0.02470 f
  impl/fp_wrapper/U107/Z (CKBD1)                       0.03181    0.05651 f
  impl/fixed_centered_plane_plane/mult_31/U25/CO (HA1D0)
                                                       0.03390    0.09041 f
  impl/fixed_centered_plane_plane/mult_31/U24/CO (FA1D0)
                                                       0.05267    0.14308 f
  impl/fixed_centered_plane_plane/mult_31/U23/CO (FA1D0)
                                                       0.05518    0.19826 f
  impl/fixed_centered_plane_plane/mult_31/U22/CO (FA1D0)
                                                       0.05524    0.25350 f
  impl/fixed_centered_plane_plane/mult_31/U21/CO (FA1D0)
                                                       0.05524    0.30875 f
  impl/fixed_centered_plane_plane/mult_31/U20/CO (FA1D0)
                                                       0.05524    0.36399 f
  impl/fixed_centered_plane_plane/mult_31/U19/CO (FA1D0)
                                                       0.05524    0.41924 f
  impl/fixed_centered_plane_plane/mult_31/U18/CO (FA1D0)
                                                       0.05524    0.47448 f
  impl/fixed_centered_plane_plane/mult_31/U17/CO (FA1D0)
                                                       0.05524    0.52972 f
  impl/fixed_centered_plane_plane/mult_31/U16/CO (FA1D0)
                                                       0.05524    0.58497 f
  impl/fixed_centered_plane_plane/mult_31/U15/CO (FA1D0)
                                                       0.05524    0.64021 f
  impl/fixed_centered_plane_plane/mult_31/U14/CO (FA1D0)
                                                       0.05524    0.69546 f
  impl/fixed_centered_plane_plane/mult_31/U13/CO (FA1D0)
                                                       0.05524    0.75070 f
  impl/fixed_centered_plane_plane/mult_31/U12/CO (FA1D0)
                                                       0.05524    0.80595 f
  impl/fixed_centered_plane_plane/mult_31/U11/CO (FA1D0)
                                                       0.05524    0.86119 f
  impl/fixed_centered_plane_plane/mult_31/U10/CO (FA1D0)
                                                       0.05524    0.91644 f
  impl/fixed_centered_plane_plane/mult_31/U9/CO (FA1D0)
                                                       0.05524    0.97168 f
  impl/fixed_centered_plane_plane/mult_31/U8/CO (FA1D0)
                                                       0.05524    1.02692 f
  impl/fixed_centered_plane_plane/mult_31/U7/CO (FA1D0)
                                                       0.05524    1.08217 f
  impl/fixed_centered_plane_plane/mult_31/U6/CO (FA1D0)
                                                       0.05524    1.13741 f
  impl/fixed_centered_plane_plane/mult_31/U5/CO (FA1D0)
                                                       0.05524    1.19266 f
  impl/fixed_centered_plane_plane/mult_31/U4/S (FA1D0)
                                                       0.08762    1.28027 r
  impl/fixed_centered_plane_plane/U8/ZN (INVD1)        0.01534    1.29561 f
  impl/fixed_centered_plane_plane/sub_0_root_sub_67/U2_21/S (FA1D0)
                                                       0.19975    1.49536 r
  impl/mult_67/U458/Z (XOR4D0)                         0.15082    1.64618 f
  impl/mult_67/U34/CO (FA1D0)                          0.08664    1.73282 f
  impl/mult_67/U33/CO (FA1D0)                          0.05524    1.78806 f
  impl/mult_67/U32/CO (FA1D0)                          0.05524    1.84331 f
  impl/mult_67/U31/CO (FA1D0)                          0.05524    1.89855 f
  impl/mult_67/U30/CO (FA1D0)                          0.05524    1.95380 f
  impl/mult_67/U29/CO (FA1D0)                          0.05524    2.00904 f
  impl/mult_67/U28/CO (FA1D0)                          0.05524    2.06429 f
  impl/mult_67/U27/CO (FA1D0)                          0.05524    2.11953 f
  impl/mult_67/U26/CO (FA1D0)                          0.05524    2.17477 f
  impl/mult_67/U25/CO (FA1D0)                          0.05824    2.23301 f
  impl/mult_67/U355/Z (CKXOR2D0)                       0.05162    2.28463 r
  impl/mult_67/U596/Z (XOR3D0)                         0.07101    2.35564 f
  impl/U56/ZN (INVD1)                                  0.10631    2.46196 r
  impl/U54/ZN (ND3D1)                                  0.17303    2.63498 f
  impl/U3/ZN (ND2D1)                                   0.12501    2.75999 r
  impl/fp_wrapper/U5/CO (FA1D0)                        0.10395    2.86394 r
  impl/fp_wrapper/U6/CO (FA1D0)                        0.05109    2.91503 r
  impl/fp_wrapper/U7/CO (FA1D0)                        0.05109    2.96612 r
  impl/fp_wrapper/U8/CO (FA1D0)                        0.05109    3.01721 r
  impl/fp_wrapper/U9/CO (FA1D0)                        0.05109    3.06830 r
  impl/fp_wrapper/U10/CO (FA1D0)                       0.05197    3.12027 r
  impl/fp_wrapper/U42/Z (XOR3D1)                       0.07811    3.19838 f
  result[30] (out)                                     0.00000    3.19838 f
  data arrival time                                               3.19838

  clock vclk (rise edge)                              10.00000   10.00000
  clock network delay (ideal)                          0.00000   10.00000
  clock reconvergence pessimism                        0.00000   10.00000
  output external delay                               -0.02000    9.98000
  data required time                                              9.98000
  ------------------------------------------------------------------------------
  data required time                                              9.98000
  data arrival time                                              -3.19838
  ------------------------------------------------------------------------------
  slack (MET)                                                     6.78162


  Startpoint: x[0] (input port clocked by vclk)
  Endpoint: result[30] (output port clocked by vclk)
  Path Group: vclk
  Path Type: max

  Point                                                   Incr       Path
  ------------------------------------------------------------------------------
  clock vclk (rise edge)                               0.00000    0.00000
  clock network delay (ideal)                          0.00000    0.00000
  input external delay                                 0.02000    0.02000 f
  x[0] (in)                                            0.00470    0.02470 f
  impl/fp_wrapper/U44/Z (CKBD1)                        0.02898    0.05368 f
  impl/fixed_centered_plane_plane/mult_31/U25/CO (HA1D0)
                                                       0.03627    0.08996 f
  impl/fixed_centered_plane_plane/mult_31/U24/CO (FA1D0)
                                                       0.05267    0.14263 f
  impl/fixed_centered_plane_plane/mult_31/U23/CO (FA1D0)
                                                       0.05518    0.19781 f
  impl/fixed_centered_plane_plane/mult_31/U22/CO (FA1D0)
                                                       0.05524    0.25305 f
  impl/fixed_centered_plane_plane/mult_31/U21/CO (FA1D0)
                                                       0.05524    0.30829 f
  impl/fixed_centered_plane_plane/mult_31/U20/CO (FA1D0)
                                                       0.05524    0.36354 f
  impl/fixed_centered_plane_plane/mult_31/U19/CO (FA1D0)
                                                       0.05524    0.41878 f
  impl/fixed_centered_plane_plane/mult_31/U18/CO (FA1D0)
                                                       0.05524    0.47403 f
  impl/fixed_centered_plane_plane/mult_31/U17/CO (FA1D0)
                                                       0.05524    0.52927 f
  impl/fixed_centered_plane_plane/mult_31/U16/CO (FA1D0)
                                                       0.05524    0.58452 f
  impl/fixed_centered_plane_plane/mult_31/U15/CO (FA1D0)
                                                       0.05524    0.63976 f
  impl/fixed_centered_plane_plane/mult_31/U14/CO (FA1D0)
                                                       0.05524    0.69500 f
  impl/fixed_centered_plane_plane/mult_31/U13/CO (FA1D0)
                                                       0.05524    0.75025 f
  impl/fixed_centered_plane_plane/mult_31/U12/CO (FA1D0)
                                                       0.05524    0.80549 f
  impl/fixed_centered_plane_plane/mult_31/U11/CO (FA1D0)
                                                       0.05524    0.86074 f
  impl/fixed_centered_plane_plane/mult_31/U10/CO (FA1D0)
                                                       0.05524    0.91598 f
  impl/fixed_centered_plane_plane/mult_31/U9/CO (FA1D0)
                                                       0.05524    0.97123 f
  impl/fixed_centered_plane_plane/mult_31/U8/CO (FA1D0)
                                                       0.05524    1.02647 f
  impl/fixed_centered_plane_plane/mult_31/U7/CO (FA1D0)
                                                       0.05524    1.08172 f
  impl/fixed_centered_plane_plane/mult_31/U6/CO (FA1D0)
                                                       0.05524    1.13696 f
  impl/fixed_centered_plane_plane/mult_31/U5/CO (FA1D0)
                                                       0.05524    1.19220 f
  impl/fixed_centered_plane_plane/mult_31/U4/S (FA1D0)
                                                       0.08762    1.27982 r
  impl/fixed_centered_plane_plane/U8/ZN (INVD1)        0.01534    1.29516 f
  impl/fixed_centered_plane_plane/sub_0_root_sub_67/U2_21/S (FA1D0)
                                                       0.19975    1.49490 r
  impl/mult_67/U458/Z (XOR4D0)                         0.15082    1.64573 f
  impl/mult_67/U34/CO (FA1D0)                          0.08664    1.73236 f
  impl/mult_67/U33/CO (FA1D0)                          0.05524    1.78761 f
  impl/mult_67/U32/CO (FA1D0)                          0.05524    1.84285 f
  impl/mult_67/U31/CO (FA1D0)                          0.05524    1.89810 f
  impl/mult_67/U30/CO (FA1D0)                          0.05524    1.95334 f
  impl/mult_67/U29/CO (FA1D0)                          0.05524    2.00859 f
  impl/mult_67/U28/CO (FA1D0)                          0.05524    2.06383 f
  impl/mult_67/U27/CO (FA1D0)                          0.05524    2.11908 f
  impl/mult_67/U26/CO (FA1D0)                          0.05524    2.17432 f
  impl/mult_67/U25/CO (FA1D0)                          0.05824    2.23256 f
  impl/mult_67/U355/Z (CKXOR2D0)                       0.05162    2.28418 r
  impl/mult_67/U596/Z (XOR3D0)                         0.07101    2.35519 f
  impl/U56/ZN (INVD1)                                  0.10631    2.46150 r
  impl/U54/ZN (ND3D1)                                  0.17303    2.63453 f
  impl/U3/ZN (ND2D1)                                   0.12501    2.75954 r
  impl/fp_wrapper/U5/CO (FA1D0)                        0.10395    2.86349 r
  impl/fp_wrapper/U6/CO (FA1D0)                        0.05109    2.91458 r
  impl/fp_wrapper/U7/CO (FA1D0)                        0.05109    2.96567 r
  impl/fp_wrapper/U8/CO (FA1D0)                        0.05109    3.01676 r
  impl/fp_wrapper/U9/CO (FA1D0)                        0.05109    3.06784 r
  impl/fp_wrapper/U10/CO (FA1D0)                       0.05197    3.11982 r
  impl/fp_wrapper/U42/Z (XOR3D1)                       0.07811    3.19793 f
  result[30] (out)                                     0.00000    3.19793 f
  data arrival time                                               3.19793

  clock vclk (rise edge)                              10.00000   10.00000
  clock network delay (ideal)                          0.00000   10.00000
  clock reconvergence pessimism                        0.00000   10.00000
  output external delay                               -0.02000    9.98000
  data required time                                              9.98000
  ------------------------------------------------------------------------------
  data required time                                              9.98000
  data arrival time                                              -3.19793
  ------------------------------------------------------------------------------
  slack (MET)                                                     6.78207


  Startpoint: x[1] (input port clocked by vclk)
  Endpoint: result[30] (output port clocked by vclk)
  Path Group: vclk
  Path Type: max

  Point                                                   Incr       Path
  ------------------------------------------------------------------------------
  clock vclk (rise edge)                               0.00000    0.00000
  clock network delay (ideal)                          0.00000    0.00000
  input external delay                                 0.02000    0.02000 r
  x[1] (in)                                            0.00773    0.02773 r
  impl/fp_wrapper/U107/Z (CKBD1)                       0.03518    0.06291 r
  impl/fixed_centered_plane_plane/mult_31/U25/CO (HA1D0)
                                                       0.04215    0.10506 r
  impl/fixed_centered_plane_plane/mult_31/U24/S (FA1D0)
                                                       0.06404    0.16910 f
  impl/fixed_centered_plane_plane/sub_0_root_sub_67/U2_1/CO (FA1D0)
                                                       0.10108    0.27018 f
  impl/fixed_centered_plane_plane/sub_0_root_sub_67/U2_2/CO (FA1D0)
                                                       0.05527    0.32545 f
  impl/fixed_centered_plane_plane/sub_0_root_sub_67/U2_3/CO (FA1D0)
                                                       0.05525    0.38070 f
  impl/fixed_centered_plane_plane/sub_0_root_sub_67/U2_4/S (FA1D0)
                                                       0.10899    0.48968 r
  impl/mult_67/U383/Z (CKXOR2D0)                       0.08703    0.57671 f
  impl/mult_67/U599/Z (AO222D0)                        0.11964    0.69636 f
  impl/mult_67/U598/Z (AO222D0)                        0.10314    0.79950 f
  impl/mult_67/U597/Z (AO222D0)                        0.10088    0.90038 f
  impl/mult_67/U48/CO (FA1D0)                          0.05833    0.95871 f
  impl/mult_67/U47/CO (FA1D0)                          0.05533    1.01404 f
  impl/mult_67/U46/CO (FA1D0)                          0.05525    1.06929 f
  impl/mult_67/U45/CO (FA1D0)                          0.05524    1.12453 f
  impl/mult_67/U44/CO (FA1D0)                          0.05524    1.17978 f
  impl/mult_67/U43/CO (FA1D0)                          0.05524    1.23502 f
  impl/mult_67/U42/CO (FA1D0)                          0.05524    1.29027 f
  impl/mult_67/U41/CO (FA1D0)                          0.05524    1.34551 f
  impl/mult_67/U40/CO (FA1D0)                          0.05524    1.40076 f
  impl/mult_67/U39/CO (FA1D0)                          0.05524    1.45600 f
  impl/mult_67/U38/CO (FA1D0)                          0.05524    1.51124 f
  impl/mult_67/U37/CO (FA1D0)                          0.05524    1.56649 f
  impl/mult_67/U36/CO (FA1D0)                          0.05524    1.62173 f
  impl/mult_67/U35/CO (FA1D0)                          0.05524    1.67698 f
  impl/mult_67/U34/CO (FA1D0)                          0.05524    1.73222 f
  impl/mult_67/U33/CO (FA1D0)                          0.05524    1.78747 f
  impl/mult_67/U32/CO (FA1D0)                          0.05524    1.84271 f
  impl/mult_67/U31/CO (FA1D0)                          0.05524    1.89796 f
  impl/mult_67/U30/CO (FA1D0)                          0.05524    1.95320 f
  impl/mult_67/U29/CO (FA1D0)                          0.05524    2.00845 f
  impl/mult_67/U28/CO (FA1D0)                          0.05524    2.06369 f
  impl/mult_67/U27/CO (FA1D0)                          0.05524    2.11893 f
  impl/mult_67/U26/CO (FA1D0)                          0.05524    2.17418 f
  impl/mult_67/U25/CO (FA1D0)                          0.05824    2.23241 f
  impl/mult_67/U355/Z (CKXOR2D0)                       0.05162    2.28403 r
  impl/mult_67/U596/Z (XOR3D0)                         0.07101    2.35505 f
  impl/U56/ZN (INVD1)                                  0.10631    2.46136 r
  impl/U54/ZN (ND3D1)                                  0.17303    2.63438 f
  impl/U3/ZN (ND2D1)                                   0.12501    2.75940 r
  impl/fp_wrapper/U5/CO (FA1D0)                        0.10395    2.86335 r
  impl/fp_wrapper/U6/CO (FA1D0)                        0.05109    2.91444 r
  impl/fp_wrapper/U7/CO (FA1D0)                        0.05109    2.96552 r
  impl/fp_wrapper/U8/CO (FA1D0)                        0.05109    3.01661 r
  impl/fp_wrapper/U9/CO (FA1D0)                        0.05109    3.06770 r
  impl/fp_wrapper/U10/CO (FA1D0)                       0.05197    3.11968 r
  impl/fp_wrapper/U42/Z (XOR3D1)                       0.07811    3.19778 f
  result[30] (out)                                     0.00000    3.19778 f
  data arrival time                                               3.19778

  clock vclk (rise edge)                              10.00000   10.00000
  clock network delay (ideal)                          0.00000   10.00000
  clock reconvergence pessimism                        0.00000   10.00000
  output external delay                               -0.02000    9.98000
  data required time                                              9.98000
  ------------------------------------------------------------------------------
  data required time                                              9.98000
  data arrival time                                              -3.19778
  ------------------------------------------------------------------------------
  slack (MET)                                                     6.78222


  Startpoint: x[2] (input port clocked by vclk)
  Endpoint: result[30] (output port clocked by vclk)
  Path Group: vclk
  Path Type: max

  Point                                                   Incr       Path
  ------------------------------------------------------------------------------
  clock vclk (rise edge)                               0.00000    0.00000
  clock network delay (ideal)                          0.00000    0.00000
  input external delay                                 0.02000    0.02000 f
  x[2] (in)                                            0.00470    0.02470 f
  impl/fp_wrapper/U106/Z (CKBD1)                       0.02982    0.05453 f
  impl/fixed_centered_plane_plane/mult_31/U24/CO (FA1D0)
                                                       0.10026    0.15478 f
  impl/fixed_centered_plane_plane/mult_31/U23/CO (FA1D0)
                                                       0.05518    0.20996 f
  impl/fixed_centered_plane_plane/mult_31/U22/CO (FA1D0)
                                                       0.05524    0.26521 f
  impl/fixed_centered_plane_plane/mult_31/U21/CO (FA1D0)
                                                       0.05524    0.32045 f
  impl/fixed_centered_plane_plane/mult_31/U20/CO (FA1D0)
                                                       0.05524    0.37569 f
  impl/fixed_centered_plane_plane/mult_31/U19/CO (FA1D0)
                                                       0.05524    0.43094 f
  impl/fixed_centered_plane_plane/mult_31/U18/CO (FA1D0)
                                                       0.05524    0.48618 f
  impl/fixed_centered_plane_plane/mult_31/U17/CO (FA1D0)
                                                       0.05524    0.54143 f
  impl/fixed_centered_plane_plane/mult_31/U16/CO (FA1D0)
                                                       0.05524    0.59667 f
  impl/fixed_centered_plane_plane/mult_31/U15/CO (FA1D0)
                                                       0.05524    0.65192 f
  impl/fixed_centered_plane_plane/mult_31/U14/CO (FA1D0)
                                                       0.05524    0.70716 f
  impl/fixed_centered_plane_plane/mult_31/U13/CO (FA1D0)
                                                       0.05524    0.76241 f
  impl/fixed_centered_plane_plane/mult_31/U12/CO (FA1D0)
                                                       0.05524    0.81765 f
  impl/fixed_centered_plane_plane/mult_31/U11/CO (FA1D0)
                                                       0.05524    0.87289 f
  impl/fixed_centered_plane_plane/mult_31/U10/CO (FA1D0)
                                                       0.05524    0.92814 f
  impl/fixed_centered_plane_plane/mult_31/U9/CO (FA1D0)
                                                       0.05524    0.98338 f
  impl/fixed_centered_plane_plane/mult_31/U8/CO (FA1D0)
                                                       0.05524    1.03863 f
  impl/fixed_centered_plane_plane/mult_31/U7/CO (FA1D0)
                                                       0.05524    1.09387 f
  impl/fixed_centered_plane_plane/mult_31/U6/CO (FA1D0)
                                                       0.05524    1.14912 f
  impl/fixed_centered_plane_plane/mult_31/U5/CO (FA1D0)
                                                       0.05524    1.20436 f
  impl/fixed_centered_plane_plane/mult_31/U4/S (FA1D0)
                                                       0.08762    1.29198 r
  impl/fixed_centered_plane_plane/U8/ZN (INVD1)        0.01534    1.30731 f
  impl/fixed_centered_plane_plane/sub_0_root_sub_67/U2_21/CO (FA1D0)
                                                       0.09962    1.40693 f
  impl/fixed_centered_plane_plane/sub_0_root_sub_67/U2_22/CO (FA1D0)
                                                       0.05524    1.46217 f
  impl/fixed_centered_plane_plane/sub_0_root_sub_67/U2_23/S (FA1D0)
                                                       0.14927    1.61145 r
  impl/mult_67/U439/ZN (INR2D0)                        0.08050    1.69194 r
  impl/mult_67/U431/Z (XOR4D0)                         0.11948    1.81142 f
  impl/mult_67/U31/CO (FA1D0)                          0.08597    1.89739 f
  impl/mult_67/U30/CO (FA1D0)                          0.05524    1.95263 f
  impl/mult_67/U29/CO (FA1D0)                          0.05524    2.00788 f
  impl/mult_67/U28/CO (FA1D0)                          0.05524    2.06312 f
  impl/mult_67/U27/CO (FA1D0)                          0.05524    2.11837 f
  impl/mult_67/U26/CO (FA1D0)                          0.05524    2.17361 f
  impl/mult_67/U25/CO (FA1D0)                          0.05824    2.23185 f
  impl/mult_67/U355/Z (CKXOR2D0)                       0.05162    2.28347 r
  impl/mult_67/U596/Z (XOR3D0)                         0.07101    2.35448 f
  impl/U56/ZN (INVD1)                                  0.10631    2.46079 r
  impl/U54/ZN (ND3D1)                                  0.17303    2.63382 f
  impl/U3/ZN (ND2D1)                                   0.12501    2.75883 r
  impl/fp_wrapper/U5/CO (FA1D0)                        0.10395    2.86278 r
  impl/fp_wrapper/U6/CO (FA1D0)                        0.05109    2.91387 r
  impl/fp_wrapper/U7/CO (FA1D0)                        0.05109    2.96496 r
  impl/fp_wrapper/U8/CO (FA1D0)                        0.05109    3.01605 r
  impl/fp_wrapper/U9/CO (FA1D0)                        0.05109    3.06714 r
  impl/fp_wrapper/U10/CO (FA1D0)                       0.05197    3.11911 r
  impl/fp_wrapper/U42/Z (XOR3D1)                       0.07811    3.19722 f
  result[30] (out)                                     0.00000    3.19722 f
  data arrival time                                               3.19722

  clock vclk (rise edge)                              10.00000   10.00000
  clock network delay (ideal)                          0.00000   10.00000
  clock reconvergence pessimism                        0.00000   10.00000
  output external delay                               -0.02000    9.98000
  data required time                                              9.98000
  ------------------------------------------------------------------------------
  data required time                                              9.98000
  data arrival time                                              -3.19722
  ------------------------------------------------------------------------------
  slack (MET)                                                     6.78278


  Startpoint: x[2] (input port clocked by vclk)
  Endpoint: result[30] (output port clocked by vclk)
  Path Group: vclk
  Path Type: max

  Point                                                   Incr       Path
  ------------------------------------------------------------------------------
  clock vclk (rise edge)                               0.00000    0.00000
  clock network delay (ideal)                          0.00000    0.00000
  input external delay                                 0.02000    0.02000 f
  x[2] (in)                                            0.00470    0.02470 f
  impl/fp_wrapper/U106/Z (CKBD1)                       0.02982    0.05453 f
  impl/fixed_centered_plane_plane/mult_31/U24/CO (FA1D0)
                                                       0.10026    0.15478 f
  impl/fixed_centered_plane_plane/mult_31/U23/CO (FA1D0)
                                                       0.05518    0.20996 f
  impl/fixed_centered_plane_plane/mult_31/U22/CO (FA1D0)
                                                       0.05524    0.26521 f
  impl/fixed_centered_plane_plane/mult_31/U21/CO (FA1D0)
                                                       0.05524    0.32045 f
  impl/fixed_centered_plane_plane/mult_31/U20/CO (FA1D0)
                                                       0.05524    0.37569 f
  impl/fixed_centered_plane_plane/mult_31/U19/CO (FA1D0)
                                                       0.05524    0.43094 f
  impl/fixed_centered_plane_plane/mult_31/U18/CO (FA1D0)
                                                       0.05524    0.48618 f
  impl/fixed_centered_plane_plane/mult_31/U17/CO (FA1D0)
                                                       0.05524    0.54143 f
  impl/fixed_centered_plane_plane/mult_31/U16/CO (FA1D0)
                                                       0.05524    0.59667 f
  impl/fixed_centered_plane_plane/mult_31/U15/CO (FA1D0)
                                                       0.05524    0.65192 f
  impl/fixed_centered_plane_plane/mult_31/U14/CO (FA1D0)
                                                       0.05524    0.70716 f
  impl/fixed_centered_plane_plane/mult_31/U13/CO (FA1D0)
                                                       0.05524    0.76241 f
  impl/fixed_centered_plane_plane/mult_31/U12/CO (FA1D0)
                                                       0.05524    0.81765 f
  impl/fixed_centered_plane_plane/mult_31/U11/CO (FA1D0)
                                                       0.05524    0.87289 f
  impl/fixed_centered_plane_plane/mult_31/U10/CO (FA1D0)
                                                       0.05524    0.92814 f
  impl/fixed_centered_plane_plane/mult_31/U9/CO (FA1D0)
                                                       0.05524    0.98338 f
  impl/fixed_centered_plane_plane/mult_31/U8/CO (FA1D0)
                                                       0.05524    1.03863 f
  impl/fixed_centered_plane_plane/mult_31/U7/CO (FA1D0)
                                                       0.05524    1.09387 f
  impl/fixed_centered_plane_plane/mult_31/U6/CO (FA1D0)
                                                       0.05524    1.14912 f
  impl/fixed_centered_plane_plane/mult_31/U5/CO (FA1D0)
                                                       0.05524    1.20436 f
  impl/fixed_centered_plane_plane/mult_31/U4/S (FA1D0)
                                                       0.08762    1.29198 r
  impl/fixed_centered_plane_plane/U8/ZN (INVD1)        0.01534    1.30731 f
  impl/fixed_centered_plane_plane/sub_0_root_sub_67/U2_21/S (FA1D0)
                                                       0.19975    1.50706 r
  impl/mult_67/U457/ZN (INR2D0)                        0.08177    1.58883 r
  impl/mult_67/U449/Z (XOR4D0)                         0.11947    1.70829 f
  impl/mult_67/U33/CO (FA1D0)                          0.08600    1.79429 f
  impl/mult_67/U32/CO (FA1D0)                          0.05524    1.84953 f
  impl/mult_67/U31/CO (FA1D0)                          0.05524    1.90478 f
  impl/mult_67/U30/CO (FA1D0)                          0.05524    1.96002 f
  impl/mult_67/U29/CO (FA1D0)                          0.05524    2.01527 f
  impl/mult_67/U28/CO (FA1D0)                          0.05524    2.07051 f
  impl/mult_67/U27/CO (FA1D0)                          0.05524    2.12575 f
  impl/mult_67/U26/CO (FA1D0)                          0.05524    2.18100 f
  impl/mult_67/U25/CO (FA1D0)                          0.05824    2.23923 f
  impl/mult_67/U355/Z (CKXOR2D0)                       0.05162    2.29085 r
  impl/mult_67/U596/Z (XOR3D0)                         0.07101    2.36187 f
  impl/U56/ZN (INVD1)                                  0.10631    2.46818 r
  impl/U54/ZN (ND3D1)                                  0.17303    2.64121 f
  impl/U3/ZN (ND2D1)                                   0.12501    2.76622 r
  impl/fp_wrapper/U5/CO (FA1D0)                        0.10395    2.87017 r
  impl/fp_wrapper/U6/CO (FA1D0)                        0.05109    2.92126 r
  impl/fp_wrapper/U7/CO (FA1D0)                        0.05109    2.97235 r
  impl/fp_wrapper/U8/CO (FA1D0)                        0.05109    3.02343 r
  impl/fp_wrapper/U9/CO (FA1D0)                        0.05109    3.07452 r
  impl/fp_wrapper/U10/CO (FA1D0)                       0.05197    3.12650 r
  impl/fp_wrapper/U42/Z (XOR3D1)                       0.06932    3.19582 r
  result[30] (out)                                     0.00000    3.19582 r
  data arrival time                                               3.19582

  clock vclk (rise edge)                              10.00000   10.00000
  clock network delay (ideal)                          0.00000   10.00000
  clock reconvergence pessimism                        0.00000   10.00000
  output external delay                               -0.02000    9.98000
  data required time                                              9.98000
  ------------------------------------------------------------------------------
  data required time                                              9.98000
  data arrival time                                              -3.19582
  ------------------------------------------------------------------------------
  slack (MET)                                                     6.78418


  Startpoint: x[2] (input port clocked by vclk)
  Endpoint: result[30] (output port clocked by vclk)
  Path Group: vclk
  Path Type: max

  Point                                                   Incr       Path
  ------------------------------------------------------------------------------
  clock vclk (rise edge)                               0.00000    0.00000
  clock network delay (ideal)                          0.00000    0.00000
  input external delay                                 0.02000    0.02000 f
  x[2] (in)                                            0.00470    0.02470 f
  impl/fp_wrapper/U106/Z (CKBD1)                       0.02982    0.05453 f
  impl/fixed_centered_plane_plane/mult_31/U24/CO (FA1D0)
                                                       0.10026    0.15478 f
  impl/fixed_centered_plane_plane/mult_31/U23/CO (FA1D0)
                                                       0.05518    0.20996 f
  impl/fixed_centered_plane_plane/mult_31/U22/CO (FA1D0)
                                                       0.05524    0.26521 f
  impl/fixed_centered_plane_plane/mult_31/U21/CO (FA1D0)
                                                       0.05524    0.32045 f
  impl/fixed_centered_plane_plane/mult_31/U20/CO (FA1D0)
                                                       0.05524    0.37569 f
  impl/fixed_centered_plane_plane/mult_31/U19/CO (FA1D0)
                                                       0.05524    0.43094 f
  impl/fixed_centered_plane_plane/mult_31/U18/CO (FA1D0)
                                                       0.05524    0.48618 f
  impl/fixed_centered_plane_plane/mult_31/U17/CO (FA1D0)
                                                       0.05524    0.54143 f
  impl/fixed_centered_plane_plane/mult_31/U16/CO (FA1D0)
                                                       0.05524    0.59667 f
  impl/fixed_centered_plane_plane/mult_31/U15/CO (FA1D0)
                                                       0.05524    0.65192 f
  impl/fixed_centered_plane_plane/mult_31/U14/CO (FA1D0)
                                                       0.05524    0.70716 f
  impl/fixed_centered_plane_plane/mult_31/U13/CO (FA1D0)
                                                       0.05524    0.76241 f
  impl/fixed_centered_plane_plane/mult_31/U12/CO (FA1D0)
                                                       0.05524    0.81765 f
  impl/fixed_centered_plane_plane/mult_31/U11/CO (FA1D0)
                                                       0.05524    0.87289 f
  impl/fixed_centered_plane_plane/mult_31/U10/CO (FA1D0)
                                                       0.05524    0.92814 f
  impl/fixed_centered_plane_plane/mult_31/U9/CO (FA1D0)
                                                       0.05524    0.98338 f
  impl/fixed_centered_plane_plane/mult_31/U8/CO (FA1D0)
                                                       0.05524    1.03863 f
  impl/fixed_centered_plane_plane/mult_31/U7/CO (FA1D0)
                                                       0.05524    1.09387 f
  impl/fixed_centered_plane_plane/mult_31/U6/CO (FA1D0)
                                                       0.05524    1.14912 f
  impl/fixed_centered_plane_plane/mult_31/U5/CO (FA1D0)
                                                       0.05524    1.20436 f
  impl/fixed_centered_plane_plane/mult_31/U4/S (FA1D0)
                                                       0.08762    1.29198 r
  impl/fixed_centered_plane_plane/U8/ZN (INVD1)        0.01534    1.30731 f
  impl/fixed_centered_plane_plane/sub_0_root_sub_67/U2_21/CO (FA1D0)
                                                       0.09962    1.40693 f
  impl/fixed_centered_plane_plane/sub_0_root_sub_67/U2_22/CO (FA1D0)
                                                       0.05524    1.46217 f
  impl/fixed_centered_plane_plane/sub_0_root_sub_67/U2_23/S (FA1D0)
                                                       0.14927    1.61145 r
  impl/mult_67/U440/Z (XOR4D0)                         0.14301    1.75445 f
  impl/mult_67/U32/CO (FA1D0)                          0.08626    1.84071 f
  impl/mult_67/U31/CO (FA1D0)                          0.05524    1.89595 f
  impl/mult_67/U30/CO (FA1D0)                          0.05524    1.95120 f
  impl/mult_67/U29/CO (FA1D0)                          0.05524    2.00644 f
  impl/mult_67/U28/CO (FA1D0)                          0.05524    2.06169 f
  impl/mult_67/U27/CO (FA1D0)                          0.05524    2.11693 f
  impl/mult_67/U26/CO (FA1D0)                          0.05524    2.17218 f
  impl/mult_67/U25/CO (FA1D0)                          0.05824    2.23041 f
  impl/mult_67/U355/Z (CKXOR2D0)                       0.05162    2.28203 r
  impl/mult_67/U596/Z (XOR3D0)                         0.07101    2.35304 f
  impl/U56/ZN (INVD1)                                  0.10631    2.45936 r
  impl/U54/ZN (ND3D1)                                  0.17303    2.63238 f
  impl/U3/ZN (ND2D1)                                   0.12501    2.75740 r
  impl/fp_wrapper/U5/CO (FA1D0)                        0.10395    2.86135 r
  impl/fp_wrapper/U6/CO (FA1D0)                        0.05109    2.91243 r
  impl/fp_wrapper/U7/CO (FA1D0)                        0.05109    2.96352 r
  impl/fp_wrapper/U8/CO (FA1D0)                        0.05109    3.01461 r
  impl/fp_wrapper/U9/CO (FA1D0)                        0.05109    3.06570 r
  impl/fp_wrapper/U10/CO (FA1D0)                       0.05197    3.11767 r
  impl/fp_wrapper/U42/Z (XOR3D1)                       0.07811    3.19578 f
  result[30] (out)                                     0.00000    3.19578 f
  data arrival time                                               3.19578

  clock vclk (rise edge)                              10.00000   10.00000
  clock network delay (ideal)                          0.00000   10.00000
  clock reconvergence pessimism                        0.00000   10.00000
  output external delay                               -0.02000    9.98000
  data required time                                              9.98000
  ------------------------------------------------------------------------------
  data required time                                              9.98000
  data arrival time                                              -3.19578
  ------------------------------------------------------------------------------
  slack (MET)                                                     6.78422


  Startpoint: x[0] (input port clocked by vclk)
  Endpoint: result[30] (output port clocked by vclk)
  Path Group: vclk
  Path Type: max

  Point                                                   Incr       Path
  ------------------------------------------------------------------------------
  clock vclk (rise edge)                               0.00000    0.00000
  clock network delay (ideal)                          0.00000    0.00000
  input external delay                                 0.02000    0.02000 r
  x[0] (in)                                            0.00773    0.02773 r
  impl/fp_wrapper/U44/Z (CKBD1)                        0.03148    0.05921 r
  impl/fixed_centered_plane_plane/mult_31/U25/CO (HA1D0)
                                                       0.04325    0.10245 r
  impl/fixed_centered_plane_plane/mult_31/U24/S (FA1D0)
                                                       0.06404    0.16649 f
  impl/fixed_centered_plane_plane/sub_0_root_sub_67/U2_1/CO (FA1D0)
                                                       0.10108    0.26758 f
  impl/fixed_centered_plane_plane/sub_0_root_sub_67/U2_2/CO (FA1D0)
                                                       0.05527    0.32284 f
  impl/fixed_centered_plane_plane/sub_0_root_sub_67/U2_3/CO (FA1D0)
                                                       0.05525    0.37809 f
  impl/fixed_centered_plane_plane/sub_0_root_sub_67/U2_4/S (FA1D0)
                                                       0.10899    0.48707 r
  impl/mult_67/U383/Z (CKXOR2D0)                       0.08703    0.57411 f
  impl/mult_67/U599/Z (AO222D0)                        0.11964    0.69375 f
  impl/mult_67/U598/Z (AO222D0)                        0.10314    0.79689 f
  impl/mult_67/U597/Z (AO222D0)                        0.10088    0.89777 f
  impl/mult_67/U48/CO (FA1D0)                          0.05833    0.95610 f
  impl/mult_67/U47/CO (FA1D0)                          0.05533    1.01143 f
  impl/mult_67/U46/CO (FA1D0)                          0.05525    1.06668 f
  impl/mult_67/U45/CO (FA1D0)                          0.05524    1.12192 f
  impl/mult_67/U44/CO (FA1D0)                          0.05524    1.17717 f
  impl/mult_67/U43/CO (FA1D0)                          0.05524    1.23241 f
  impl/mult_67/U42/CO (FA1D0)                          0.05524    1.28766 f
  impl/mult_67/U41/CO (FA1D0)                          0.05524    1.34290 f
  impl/mult_67/U40/CO (FA1D0)                          0.05524    1.39815 f
  impl/mult_67/U39/CO (FA1D0)                          0.05524    1.45339 f
  impl/mult_67/U38/CO (FA1D0)                          0.05524    1.50864 f
  impl/mult_67/U37/CO (FA1D0)                          0.05524    1.56388 f
  impl/mult_67/U36/CO (FA1D0)                          0.05524    1.61913 f
  impl/mult_67/U35/CO (FA1D0)                          0.05524    1.67437 f
  impl/mult_67/U34/CO (FA1D0)                          0.05524    1.72961 f
  impl/mult_67/U33/CO (FA1D0)                          0.05524    1.78486 f
  impl/mult_67/U32/CO (FA1D0)                          0.05524    1.84010 f
  impl/mult_67/U31/CO (FA1D0)                          0.05524    1.89535 f
  impl/mult_67/U30/CO (FA1D0)                          0.05524    1.95059 f
  impl/mult_67/U29/CO (FA1D0)                          0.05524    2.00584 f
  impl/mult_67/U28/CO (FA1D0)                          0.05524    2.06108 f
  impl/mult_67/U27/CO (FA1D0)                          0.05524    2.11632 f
  impl/mult_67/U26/CO (FA1D0)                          0.05524    2.17157 f
  impl/mult_67/U25/CO (FA1D0)                          0.05824    2.22980 f
  impl/mult_67/U355/Z (CKXOR2D0)                       0.05162    2.28142 r
  impl/mult_67/U596/Z (XOR3D0)                         0.07101    2.35244 f
  impl/U56/ZN (INVD1)                                  0.10631    2.45875 r
  impl/U54/ZN (ND3D1)                                  0.17303    2.63178 f
  impl/U3/ZN (ND2D1)                                   0.12501    2.75679 r
  impl/fp_wrapper/U5/CO (FA1D0)                        0.10395    2.86074 r
  impl/fp_wrapper/U6/CO (FA1D0)                        0.05109    2.91183 r
  impl/fp_wrapper/U7/CO (FA1D0)                        0.05109    2.96292 r
  impl/fp_wrapper/U8/CO (FA1D0)                        0.05109    3.01400 r
  impl/fp_wrapper/U9/CO (FA1D0)                        0.05109    3.06509 r
  impl/fp_wrapper/U10/CO (FA1D0)                       0.05197    3.11707 r
  impl/fp_wrapper/U42/Z (XOR3D1)                       0.07811    3.19518 f
  result[30] (out)                                     0.00000    3.19518 f
  data arrival time                                               3.19518

  clock vclk (rise edge)                              10.00000   10.00000
  clock network delay (ideal)                          0.00000   10.00000
  clock reconvergence pessimism                        0.00000   10.00000
  output external delay                               -0.02000    9.98000
  data required time                                              9.98000
  ------------------------------------------------------------------------------
  data required time                                              9.98000
  data arrival time                                              -3.19518
  ------------------------------------------------------------------------------
  slack (MET)                                                     6.78482

Warning: report_timing has satisfied the max_paths criteria. There are 31 further endpoints which have paths of interest with slack less than 1000.00000 that were not considered when generating this report. (UITE-502)

1
