 
****************************************
Report : timing
        -path full
        -delay max
        -nworst 10
        -max_paths 10
Design : unified_div_drop_l1_separate
Version: U-2022.12-SP7
Date   : Wed Sep 16 00:43:48 2026
****************************************

Operating Conditions: NCCOM   Library: tcbn65gplustc_ccs
Wire Load Model Mode: segmented

  Startpoint: y[22] (input port clocked by vclk)
  Endpoint: result[30] (output port clocked by vclk)
  Path Group: vclk
  Path Type: max

  Des/Clust/Port     Wire Load Model       Library
  ------------------------------------------------
  unified_div_drop_l1_separate ZeroWireload tcbn65gplustc_ccs
  fp32_normal_finite_wrapper ZeroWireload  tcbn65gplustc_ccs
  unified_div_drop_l1_separate_div ZeroWireload tcbn65gplustc_ccs
  unified_div_drop_l1_separate_mul ZeroWireload tcbn65gplustc_ccs
  unified_div_drop_l1_separate_div_DW_mult_tc_1_DW_mult_tc_3 ZeroWireload tcbn65gplustc_ccs
  unified_div_drop_l1_separate_div_DW01_sub_0 ZeroWireload tcbn65gplustc_ccs

  Point                                                                                             Incr       Path
  --------------------------------------------------------------------------------------------------------------------
  clock vclk (rise edge)                                                                            0.00       0.00
  clock network delay (ideal)                                                                       0.00       0.00
  input external delay                                                                              0.02       0.02 r
  y[22] (in)                                                                                        0.01       0.03 r
  wrapper/y[22] (fp32_normal_finite_wrapper)                                                        0.00       0.03 r
  wrapper/U91/Z (CKBD1)                                                                             0.05       0.08 r
  wrapper/fraction_y[22] (fp32_normal_finite_wrapper)                                               0.00       0.08 r
  div_core/fy[22] (unified_div_drop_l1_separate_div)                                                0.00       0.08 r
  div_core/U39/ZN (INVD1)                                                                           0.02       0.10 f
  div_core/U40/ZN (ND2D1)                                                                           0.03       0.13 r
  div_core/U20/ZN (INVD1)                                                                           0.04       0.16 f
  div_core/U19/ZN (NR2D1)                                                                           0.10       0.27 r
  div_core/U15/ZN (INVD1)                                                                           0.05       0.31 f
  div_core/mult_16_S2/b[3] (unified_div_drop_l1_separate_div_DW_mult_tc_1_DW_mult_tc_3)             0.00       0.31 f
  div_core/mult_16_S2/U128/ZN (MUX2ND0)                                                             0.05       0.37 r
  div_core/mult_16_S2/U76/ZN (MUX2ND0)                                                              0.06       0.43 f
  div_core/mult_16_S2/U29/S (HA1D0)                                                                 0.06       0.49 r
  div_core/mult_16_S2/U28/S (FA1D0)                                                                 0.06       0.56 f
  div_core/mult_16_S2/U10/CO (FA1D0)                                                                0.10       0.66 f
  div_core/mult_16_S2/U9/CO (FA1D0)                                                                 0.06       0.71 f
  div_core/mult_16_S2/U8/CO (FA1D0)                                                                 0.06       0.77 f
  div_core/mult_16_S2/U7/CO (FA1D0)                                                                 0.06       0.82 f
  div_core/mult_16_S2/U6/CO (FA1D0)                                                                 0.06       0.88 f
  div_core/mult_16_S2/U5/CO (FA1D0)                                                                 0.06       0.93 f
  div_core/mult_16_S2/U4/CO (FA1D0)                                                                 0.06       0.99 f
  div_core/mult_16_S2/U3/CO (FA1D0)                                                                 0.06       1.05 f
  div_core/mult_16_S2/U2/S (FA1D0)                                                                  0.06       1.10 f
  div_core/mult_16_S2/product[12] (unified_div_drop_l1_separate_div_DW_mult_tc_1_DW_mult_tc_3)      0.00       1.10 f
  div_core/sub_0_root_sub_18/B[12] (unified_div_drop_l1_separate_div_DW01_sub_0)                    0.00       1.10 f
  div_core/sub_0_root_sub_18/U3/ZN (INVD1)                                                          0.02       1.12 r
  div_core/sub_0_root_sub_18/U2_12/CO (FA1D0)                                                       0.08       1.20 r
  div_core/sub_0_root_sub_18/U2_13/CO (FA1D0)                                                       0.05       1.25 r
  div_core/sub_0_root_sub_18/U2_14/Z (XOR3D1)                                                       0.07       1.32 f
  div_core/sub_0_root_sub_18/DIFF[14] (unified_div_drop_l1_separate_div_DW01_sub_0)                 0.00       1.32 f
  div_core/value[24] (unified_div_drop_l1_separate_div)                                             0.00       1.32 f
  U106/ZN (AOI22D1)                                                                                 0.15       1.47 r
  U80/ZN (IND3D1)                                                                                   0.14       1.61 f
  U78/ZN (ND2D1)                                                                                    0.17       1.78 r
  wrapper/exponent_adjust[1] (fp32_normal_finite_wrapper)                                           0.00       1.78 r
  wrapper/U44/CO (FA1D0)                                                                            0.11       1.90 r
  wrapper/U45/CO (FA1D0)                                                                            0.05       1.95 r
  wrapper/U46/CO (FA1D0)                                                                            0.05       2.00 r
  wrapper/U47/CO (FA1D0)                                                                            0.05       2.05 r
  wrapper/U48/CO (FA1D0)                                                                            0.05       2.10 r
  wrapper/U49/CO (FA1D0)                                                                            0.05       2.16 r
  wrapper/U59/Z (XOR3D1)                                                                            0.07       2.22 f
  wrapper/U57/Z (AO22D0)                                                                            0.08       2.30 f
  wrapper/result[30] (fp32_normal_finite_wrapper)                                                   0.00       2.30 f
  result[30] (out)                                                                                  0.00       2.30 f
  data arrival time                                                                                            2.30

  clock vclk (rise edge)                                                                           10.00      10.00
  clock network delay (ideal)                                                                       0.00      10.00
  output external delay                                                                            -0.02       9.98
  data required time                                                                                           9.98
  --------------------------------------------------------------------------------------------------------------------
  data required time                                                                                           9.98
  data arrival time                                                                                           -2.30
  --------------------------------------------------------------------------------------------------------------------
  slack (MET)                                                                                                  7.68


  Startpoint: y[22] (input port clocked by vclk)
  Endpoint: result[30] (output port clocked by vclk)
  Path Group: vclk
  Path Type: max

  Des/Clust/Port     Wire Load Model       Library
  ------------------------------------------------
  unified_div_drop_l1_separate ZeroWireload tcbn65gplustc_ccs
  fp32_normal_finite_wrapper ZeroWireload  tcbn65gplustc_ccs
  unified_div_drop_l1_separate_div ZeroWireload tcbn65gplustc_ccs
  unified_div_drop_l1_separate_mul ZeroWireload tcbn65gplustc_ccs
  unified_div_drop_l1_separate_div_DW_mult_tc_1_DW_mult_tc_3 ZeroWireload tcbn65gplustc_ccs
  unified_div_drop_l1_separate_div_DW01_sub_0 ZeroWireload tcbn65gplustc_ccs

  Point                                                                                             Incr       Path
  --------------------------------------------------------------------------------------------------------------------
  clock vclk (rise edge)                                                                            0.00       0.00
  clock network delay (ideal)                                                                       0.00       0.00
  input external delay                                                                              0.02       0.02 r
  y[22] (in)                                                                                        0.01       0.03 r
  wrapper/y[22] (fp32_normal_finite_wrapper)                                                        0.00       0.03 r
  wrapper/U91/Z (CKBD1)                                                                             0.05       0.08 r
  wrapper/fraction_y[22] (fp32_normal_finite_wrapper)                                               0.00       0.08 r
  div_core/fy[22] (unified_div_drop_l1_separate_div)                                                0.00       0.08 r
  div_core/U39/ZN (INVD1)                                                                           0.02       0.10 f
  div_core/U40/ZN (ND2D1)                                                                           0.03       0.13 r
  div_core/U20/ZN (INVD1)                                                                           0.04       0.16 f
  div_core/U19/ZN (NR2D1)                                                                           0.10       0.27 r
  div_core/U15/ZN (INVD1)                                                                           0.05       0.31 f
  div_core/mult_16_S2/b[3] (unified_div_drop_l1_separate_div_DW_mult_tc_1_DW_mult_tc_3)             0.00       0.31 f
  div_core/mult_16_S2/U128/ZN (MUX2ND0)                                                             0.05       0.37 r
  div_core/mult_16_S2/U76/ZN (MUX2ND0)                                                              0.06       0.43 f
  div_core/mult_16_S2/U29/S (HA1D0)                                                                 0.06       0.49 r
  div_core/mult_16_S2/U28/S (FA1D0)                                                                 0.06       0.56 f
  div_core/mult_16_S2/U10/CO (FA1D0)                                                                0.10       0.66 f
  div_core/mult_16_S2/U9/CO (FA1D0)                                                                 0.06       0.71 f
  div_core/mult_16_S2/U8/CO (FA1D0)                                                                 0.06       0.77 f
  div_core/mult_16_S2/U7/CO (FA1D0)                                                                 0.06       0.82 f
  div_core/mult_16_S2/U6/CO (FA1D0)                                                                 0.06       0.88 f
  div_core/mult_16_S2/U5/CO (FA1D0)                                                                 0.06       0.93 f
  div_core/mult_16_S2/U4/CO (FA1D0)                                                                 0.06       0.99 f
  div_core/mult_16_S2/U3/CO (FA1D0)                                                                 0.06       1.05 f
  div_core/mult_16_S2/U2/S (FA1D0)                                                                  0.06       1.10 f
  div_core/mult_16_S2/product[12] (unified_div_drop_l1_separate_div_DW_mult_tc_1_DW_mult_tc_3)      0.00       1.10 f
  div_core/sub_0_root_sub_18/B[12] (unified_div_drop_l1_separate_div_DW01_sub_0)                    0.00       1.10 f
  div_core/sub_0_root_sub_18/U3/ZN (INVD1)                                                          0.02       1.12 r
  div_core/sub_0_root_sub_18/U2_12/CO (FA1D0)                                                       0.08       1.20 r
  div_core/sub_0_root_sub_18/U2_13/CO (FA1D0)                                                       0.05       1.25 r
  div_core/sub_0_root_sub_18/U2_14/Z (XOR3D1)                                                       0.07       1.32 f
  div_core/sub_0_root_sub_18/DIFF[14] (unified_div_drop_l1_separate_div_DW01_sub_0)                 0.00       1.32 f
  div_core/value[24] (unified_div_drop_l1_separate_div)                                             0.00       1.32 f
  U106/ZN (AOI22D1)                                                                                 0.15       1.47 r
  U80/ZN (IND3D1)                                                                                   0.14       1.61 f
  U78/ZN (ND2D1)                                                                                    0.17       1.78 r
  wrapper/exponent_adjust[1] (fp32_normal_finite_wrapper)                                           0.00       1.78 r
  wrapper/U44/CO (FA1D0)                                                                            0.11       1.90 r
  wrapper/U45/CO (FA1D0)                                                                            0.05       1.95 r
  wrapper/U46/CO (FA1D0)                                                                            0.05       2.00 r
  wrapper/U47/CO (FA1D0)                                                                            0.05       2.05 r
  wrapper/U48/CO (FA1D0)                                                                            0.05       2.10 r
  wrapper/U49/CO (FA1D0)                                                                            0.05       2.16 r
  wrapper/U59/Z (XOR3D1)                                                                            0.07       2.22 f
  wrapper/U57/Z (AO22D0)                                                                            0.08       2.30 f
  wrapper/result[30] (fp32_normal_finite_wrapper)                                                   0.00       2.30 f
  result[30] (out)                                                                                  0.00       2.30 f
  data arrival time                                                                                            2.30

  clock vclk (rise edge)                                                                           10.00      10.00
  clock network delay (ideal)                                                                       0.00      10.00
  output external delay                                                                            -0.02       9.98
  data required time                                                                                           9.98
  --------------------------------------------------------------------------------------------------------------------
  data required time                                                                                           9.98
  data arrival time                                                                                           -2.30
  --------------------------------------------------------------------------------------------------------------------
  slack (MET)                                                                                                  7.68


  Startpoint: y[22] (input port clocked by vclk)
  Endpoint: result[30] (output port clocked by vclk)
  Path Group: vclk
  Path Type: max

  Des/Clust/Port     Wire Load Model       Library
  ------------------------------------------------
  unified_div_drop_l1_separate ZeroWireload tcbn65gplustc_ccs
  fp32_normal_finite_wrapper ZeroWireload  tcbn65gplustc_ccs
  unified_div_drop_l1_separate_div ZeroWireload tcbn65gplustc_ccs
  unified_div_drop_l1_separate_mul ZeroWireload tcbn65gplustc_ccs
  unified_div_drop_l1_separate_div_DW_mult_tc_1_DW_mult_tc_3 ZeroWireload tcbn65gplustc_ccs
  unified_div_drop_l1_separate_div_DW01_sub_0 ZeroWireload tcbn65gplustc_ccs

  Point                                                                                             Incr       Path
  --------------------------------------------------------------------------------------------------------------------
  clock vclk (rise edge)                                                                            0.00       0.00
  clock network delay (ideal)                                                                       0.00       0.00
  input external delay                                                                              0.02       0.02 r
  y[22] (in)                                                                                        0.01       0.03 r
  wrapper/y[22] (fp32_normal_finite_wrapper)                                                        0.00       0.03 r
  wrapper/U91/Z (CKBD1)                                                                             0.05       0.08 r
  wrapper/fraction_y[22] (fp32_normal_finite_wrapper)                                               0.00       0.08 r
  div_core/fy[22] (unified_div_drop_l1_separate_div)                                                0.00       0.08 r
  div_core/U39/ZN (INVD1)                                                                           0.02       0.10 f
  div_core/U40/ZN (ND2D1)                                                                           0.03       0.13 r
  div_core/U20/ZN (INVD1)                                                                           0.04       0.16 f
  div_core/U19/ZN (NR2D1)                                                                           0.10       0.27 r
  div_core/U15/ZN (INVD1)                                                                           0.05       0.31 f
  div_core/mult_16_S2/b[3] (unified_div_drop_l1_separate_div_DW_mult_tc_1_DW_mult_tc_3)             0.00       0.31 f
  div_core/mult_16_S2/U128/ZN (MUX2ND0)                                                             0.05       0.37 r
  div_core/mult_16_S2/U76/ZN (MUX2ND0)                                                              0.06       0.43 f
  div_core/mult_16_S2/U29/S (HA1D0)                                                                 0.06       0.49 r
  div_core/mult_16_S2/U28/S (FA1D0)                                                                 0.06       0.56 f
  div_core/mult_16_S2/U10/CO (FA1D0)                                                                0.10       0.66 f
  div_core/mult_16_S2/U9/CO (FA1D0)                                                                 0.06       0.71 f
  div_core/mult_16_S2/U8/CO (FA1D0)                                                                 0.06       0.77 f
  div_core/mult_16_S2/U7/CO (FA1D0)                                                                 0.06       0.82 f
  div_core/mult_16_S2/U6/CO (FA1D0)                                                                 0.06       0.88 f
  div_core/mult_16_S2/U5/CO (FA1D0)                                                                 0.06       0.93 f
  div_core/mult_16_S2/U4/CO (FA1D0)                                                                 0.06       0.99 f
  div_core/mult_16_S2/U3/CO (FA1D0)                                                                 0.06       1.05 f
  div_core/mult_16_S2/U2/S (FA1D0)                                                                  0.06       1.10 f
  div_core/mult_16_S2/product[12] (unified_div_drop_l1_separate_div_DW_mult_tc_1_DW_mult_tc_3)      0.00       1.10 f
  div_core/sub_0_root_sub_18/B[12] (unified_div_drop_l1_separate_div_DW01_sub_0)                    0.00       1.10 f
  div_core/sub_0_root_sub_18/U3/ZN (INVD1)                                                          0.02       1.12 r
  div_core/sub_0_root_sub_18/U2_12/CO (FA1D0)                                                       0.08       1.20 r
  div_core/sub_0_root_sub_18/U2_13/CO (FA1D0)                                                       0.05       1.25 r
  div_core/sub_0_root_sub_18/U2_14/Z (XOR3D1)                                                       0.07       1.32 f
  div_core/sub_0_root_sub_18/DIFF[14] (unified_div_drop_l1_separate_div_DW01_sub_0)                 0.00       1.32 f
  div_core/value[24] (unified_div_drop_l1_separate_div)                                             0.00       1.32 f
  U106/ZN (AOI22D1)                                                                                 0.15       1.47 r
  U80/ZN (IND3D1)                                                                                   0.14       1.61 f
  U78/ZN (ND2D1)                                                                                    0.17       1.78 r
  wrapper/exponent_adjust[1] (fp32_normal_finite_wrapper)                                           0.00       1.78 r
  wrapper/U44/CO (FA1D0)                                                                            0.11       1.90 r
  wrapper/U45/CO (FA1D0)                                                                            0.05       1.95 r
  wrapper/U46/CO (FA1D0)                                                                            0.05       2.00 r
  wrapper/U47/CO (FA1D0)                                                                            0.05       2.05 r
  wrapper/U48/CO (FA1D0)                                                                            0.05       2.10 r
  wrapper/U49/CO (FA1D0)                                                                            0.05       2.16 r
  wrapper/U59/Z (XOR3D1)                                                                            0.07       2.22 f
  wrapper/U57/Z (AO22D0)                                                                            0.08       2.30 f
  wrapper/result[30] (fp32_normal_finite_wrapper)                                                   0.00       2.30 f
  result[30] (out)                                                                                  0.00       2.30 f
  data arrival time                                                                                            2.30

  clock vclk (rise edge)                                                                           10.00      10.00
  clock network delay (ideal)                                                                       0.00      10.00
  output external delay                                                                            -0.02       9.98
  data required time                                                                                           9.98
  --------------------------------------------------------------------------------------------------------------------
  data required time                                                                                           9.98
  data arrival time                                                                                           -2.30
  --------------------------------------------------------------------------------------------------------------------
  slack (MET)                                                                                                  7.68


  Startpoint: y[22] (input port clocked by vclk)
  Endpoint: result[30] (output port clocked by vclk)
  Path Group: vclk
  Path Type: max

  Des/Clust/Port     Wire Load Model       Library
  ------------------------------------------------
  unified_div_drop_l1_separate ZeroWireload tcbn65gplustc_ccs
  fp32_normal_finite_wrapper ZeroWireload  tcbn65gplustc_ccs
  unified_div_drop_l1_separate_div ZeroWireload tcbn65gplustc_ccs
  unified_div_drop_l1_separate_mul ZeroWireload tcbn65gplustc_ccs
  unified_div_drop_l1_separate_div_DW_mult_tc_1_DW_mult_tc_3 ZeroWireload tcbn65gplustc_ccs
  unified_div_drop_l1_separate_div_DW01_sub_0 ZeroWireload tcbn65gplustc_ccs

  Point                                                                                             Incr       Path
  --------------------------------------------------------------------------------------------------------------------
  clock vclk (rise edge)                                                                            0.00       0.00
  clock network delay (ideal)                                                                       0.00       0.00
  input external delay                                                                              0.02       0.02 r
  y[22] (in)                                                                                        0.01       0.03 r
  wrapper/y[22] (fp32_normal_finite_wrapper)                                                        0.00       0.03 r
  wrapper/U91/Z (CKBD1)                                                                             0.05       0.08 r
  wrapper/fraction_y[22] (fp32_normal_finite_wrapper)                                               0.00       0.08 r
  div_core/fy[22] (unified_div_drop_l1_separate_div)                                                0.00       0.08 r
  div_core/U39/ZN (INVD1)                                                                           0.02       0.10 f
  div_core/U40/ZN (ND2D1)                                                                           0.03       0.13 r
  div_core/U20/ZN (INVD1)                                                                           0.04       0.16 f
  div_core/U19/ZN (NR2D1)                                                                           0.10       0.27 r
  div_core/U15/ZN (INVD1)                                                                           0.05       0.31 f
  div_core/mult_16_S2/b[3] (unified_div_drop_l1_separate_div_DW_mult_tc_1_DW_mult_tc_3)             0.00       0.31 f
  div_core/mult_16_S2/U128/ZN (MUX2ND0)                                                             0.05       0.37 r
  div_core/mult_16_S2/U76/ZN (MUX2ND0)                                                              0.06       0.43 f
  div_core/mult_16_S2/U29/S (HA1D0)                                                                 0.06       0.49 r
  div_core/mult_16_S2/U28/S (FA1D0)                                                                 0.06       0.56 f
  div_core/mult_16_S2/U10/CO (FA1D0)                                                                0.10       0.66 f
  div_core/mult_16_S2/U9/CO (FA1D0)                                                                 0.06       0.71 f
  div_core/mult_16_S2/U8/CO (FA1D0)                                                                 0.06       0.77 f
  div_core/mult_16_S2/U7/CO (FA1D0)                                                                 0.06       0.82 f
  div_core/mult_16_S2/U6/CO (FA1D0)                                                                 0.06       0.88 f
  div_core/mult_16_S2/U5/CO (FA1D0)                                                                 0.06       0.93 f
  div_core/mult_16_S2/U4/CO (FA1D0)                                                                 0.06       0.99 f
  div_core/mult_16_S2/U3/CO (FA1D0)                                                                 0.06       1.05 f
  div_core/mult_16_S2/U2/S (FA1D0)                                                                  0.06       1.10 f
  div_core/mult_16_S2/product[12] (unified_div_drop_l1_separate_div_DW_mult_tc_1_DW_mult_tc_3)      0.00       1.10 f
  div_core/sub_0_root_sub_18/B[12] (unified_div_drop_l1_separate_div_DW01_sub_0)                    0.00       1.10 f
  div_core/sub_0_root_sub_18/U3/ZN (INVD1)                                                          0.02       1.12 r
  div_core/sub_0_root_sub_18/U2_12/CO (FA1D0)                                                       0.08       1.20 r
  div_core/sub_0_root_sub_18/U2_13/CO (FA1D0)                                                       0.05       1.25 r
  div_core/sub_0_root_sub_18/U2_14/Z (XOR3D1)                                                       0.07       1.32 f
  div_core/sub_0_root_sub_18/DIFF[14] (unified_div_drop_l1_separate_div_DW01_sub_0)                 0.00       1.32 f
  div_core/value[24] (unified_div_drop_l1_separate_div)                                             0.00       1.32 f
  U106/ZN (AOI22D1)                                                                                 0.15       1.47 r
  U80/ZN (IND3D1)                                                                                   0.14       1.61 f
  U78/ZN (ND2D1)                                                                                    0.17       1.78 r
  wrapper/exponent_adjust[1] (fp32_normal_finite_wrapper)                                           0.00       1.78 r
  wrapper/U44/CO (FA1D0)                                                                            0.11       1.90 r
  wrapper/U45/CO (FA1D0)                                                                            0.05       1.95 r
  wrapper/U46/CO (FA1D0)                                                                            0.05       2.00 r
  wrapper/U47/CO (FA1D0)                                                                            0.05       2.05 r
  wrapper/U48/CO (FA1D0)                                                                            0.05       2.10 r
  wrapper/U49/CO (FA1D0)                                                                            0.05       2.16 r
  wrapper/U59/Z (XOR3D1)                                                                            0.07       2.22 f
  wrapper/U57/Z (AO22D0)                                                                            0.08       2.30 f
  wrapper/result[30] (fp32_normal_finite_wrapper)                                                   0.00       2.30 f
  result[30] (out)                                                                                  0.00       2.30 f
  data arrival time                                                                                            2.30

  clock vclk (rise edge)                                                                           10.00      10.00
  clock network delay (ideal)                                                                       0.00      10.00
  output external delay                                                                            -0.02       9.98
  data required time                                                                                           9.98
  --------------------------------------------------------------------------------------------------------------------
  data required time                                                                                           9.98
  data arrival time                                                                                           -2.30
  --------------------------------------------------------------------------------------------------------------------
  slack (MET)                                                                                                  7.68


  Startpoint: y[22] (input port clocked by vclk)
  Endpoint: result[30] (output port clocked by vclk)
  Path Group: vclk
  Path Type: max

  Des/Clust/Port     Wire Load Model       Library
  ------------------------------------------------
  unified_div_drop_l1_separate ZeroWireload tcbn65gplustc_ccs
  fp32_normal_finite_wrapper ZeroWireload  tcbn65gplustc_ccs
  unified_div_drop_l1_separate_div ZeroWireload tcbn65gplustc_ccs
  unified_div_drop_l1_separate_mul ZeroWireload tcbn65gplustc_ccs
  unified_div_drop_l1_separate_div_DW_mult_tc_1_DW_mult_tc_3 ZeroWireload tcbn65gplustc_ccs
  unified_div_drop_l1_separate_div_DW01_sub_0 ZeroWireload tcbn65gplustc_ccs

  Point                                                                                             Incr       Path
  --------------------------------------------------------------------------------------------------------------------
  clock vclk (rise edge)                                                                            0.00       0.00
  clock network delay (ideal)                                                                       0.00       0.00
  input external delay                                                                              0.02       0.02 r
  y[22] (in)                                                                                        0.01       0.03 r
  wrapper/y[22] (fp32_normal_finite_wrapper)                                                        0.00       0.03 r
  wrapper/U91/Z (CKBD1)                                                                             0.05       0.08 r
  wrapper/fraction_y[22] (fp32_normal_finite_wrapper)                                               0.00       0.08 r
  div_core/fy[22] (unified_div_drop_l1_separate_div)                                                0.00       0.08 r
  div_core/U39/ZN (INVD1)                                                                           0.02       0.10 f
  div_core/U40/ZN (ND2D1)                                                                           0.03       0.13 r
  div_core/U20/ZN (INVD1)                                                                           0.04       0.16 f
  div_core/U19/ZN (NR2D1)                                                                           0.10       0.27 r
  div_core/U15/ZN (INVD1)                                                                           0.05       0.31 f
  div_core/mult_16_S2/b[3] (unified_div_drop_l1_separate_div_DW_mult_tc_1_DW_mult_tc_3)             0.00       0.31 f
  div_core/mult_16_S2/U128/ZN (MUX2ND0)                                                             0.05       0.37 r
  div_core/mult_16_S2/U76/ZN (MUX2ND0)                                                              0.06       0.43 f
  div_core/mult_16_S2/U29/S (HA1D0)                                                                 0.06       0.49 r
  div_core/mult_16_S2/U28/S (FA1D0)                                                                 0.06       0.56 f
  div_core/mult_16_S2/U10/CO (FA1D0)                                                                0.10       0.66 f
  div_core/mult_16_S2/U9/CO (FA1D0)                                                                 0.06       0.71 f
  div_core/mult_16_S2/U8/CO (FA1D0)                                                                 0.06       0.77 f
  div_core/mult_16_S2/U7/CO (FA1D0)                                                                 0.06       0.82 f
  div_core/mult_16_S2/U6/CO (FA1D0)                                                                 0.06       0.88 f
  div_core/mult_16_S2/U5/CO (FA1D0)                                                                 0.06       0.93 f
  div_core/mult_16_S2/U4/CO (FA1D0)                                                                 0.06       0.99 f
  div_core/mult_16_S2/U3/CO (FA1D0)                                                                 0.06       1.05 f
  div_core/mult_16_S2/U2/S (FA1D0)                                                                  0.06       1.10 f
  div_core/mult_16_S2/product[12] (unified_div_drop_l1_separate_div_DW_mult_tc_1_DW_mult_tc_3)      0.00       1.10 f
  div_core/sub_0_root_sub_18/B[12] (unified_div_drop_l1_separate_div_DW01_sub_0)                    0.00       1.10 f
  div_core/sub_0_root_sub_18/U3/ZN (INVD1)                                                          0.02       1.12 r
  div_core/sub_0_root_sub_18/U2_12/CO (FA1D0)                                                       0.08       1.20 r
  div_core/sub_0_root_sub_18/U2_13/CO (FA1D0)                                                       0.05       1.25 r
  div_core/sub_0_root_sub_18/U2_14/Z (XOR3D1)                                                       0.07       1.32 f
  div_core/sub_0_root_sub_18/DIFF[14] (unified_div_drop_l1_separate_div_DW01_sub_0)                 0.00       1.32 f
  div_core/value[24] (unified_div_drop_l1_separate_div)                                             0.00       1.32 f
  U106/ZN (AOI22D1)                                                                                 0.15       1.47 r
  U80/ZN (IND3D1)                                                                                   0.14       1.61 f
  U78/ZN (ND2D1)                                                                                    0.17       1.78 r
  wrapper/exponent_adjust[1] (fp32_normal_finite_wrapper)                                           0.00       1.78 r
  wrapper/U44/CO (FA1D0)                                                                            0.11       1.90 r
  wrapper/U45/CO (FA1D0)                                                                            0.05       1.95 r
  wrapper/U46/CO (FA1D0)                                                                            0.05       2.00 r
  wrapper/U47/CO (FA1D0)                                                                            0.05       2.05 r
  wrapper/U48/CO (FA1D0)                                                                            0.05       2.10 r
  wrapper/U49/CO (FA1D0)                                                                            0.05       2.16 r
  wrapper/U59/Z (XOR3D1)                                                                            0.07       2.22 f
  wrapper/U57/Z (AO22D0)                                                                            0.08       2.30 f
  wrapper/result[30] (fp32_normal_finite_wrapper)                                                   0.00       2.30 f
  result[30] (out)                                                                                  0.00       2.30 f
  data arrival time                                                                                            2.30

  clock vclk (rise edge)                                                                           10.00      10.00
  clock network delay (ideal)                                                                       0.00      10.00
  output external delay                                                                            -0.02       9.98
  data required time                                                                                           9.98
  --------------------------------------------------------------------------------------------------------------------
  data required time                                                                                           9.98
  data arrival time                                                                                           -2.30
  --------------------------------------------------------------------------------------------------------------------
  slack (MET)                                                                                                  7.68


  Startpoint: y[22] (input port clocked by vclk)
  Endpoint: result[30] (output port clocked by vclk)
  Path Group: vclk
  Path Type: max

  Des/Clust/Port     Wire Load Model       Library
  ------------------------------------------------
  unified_div_drop_l1_separate ZeroWireload tcbn65gplustc_ccs
  fp32_normal_finite_wrapper ZeroWireload  tcbn65gplustc_ccs
  unified_div_drop_l1_separate_div ZeroWireload tcbn65gplustc_ccs
  unified_div_drop_l1_separate_mul ZeroWireload tcbn65gplustc_ccs
  unified_div_drop_l1_separate_div_DW_mult_tc_1_DW_mult_tc_3 ZeroWireload tcbn65gplustc_ccs
  unified_div_drop_l1_separate_div_DW01_sub_0 ZeroWireload tcbn65gplustc_ccs

  Point                                                                                             Incr       Path
  --------------------------------------------------------------------------------------------------------------------
  clock vclk (rise edge)                                                                            0.00       0.00
  clock network delay (ideal)                                                                       0.00       0.00
  input external delay                                                                              0.02       0.02 r
  y[22] (in)                                                                                        0.01       0.03 r
  wrapper/y[22] (fp32_normal_finite_wrapper)                                                        0.00       0.03 r
  wrapper/U91/Z (CKBD1)                                                                             0.05       0.08 r
  wrapper/fraction_y[22] (fp32_normal_finite_wrapper)                                               0.00       0.08 r
  div_core/fy[22] (unified_div_drop_l1_separate_div)                                                0.00       0.08 r
  div_core/U39/ZN (INVD1)                                                                           0.02       0.10 f
  div_core/U40/ZN (ND2D1)                                                                           0.03       0.13 r
  div_core/U20/ZN (INVD1)                                                                           0.04       0.16 f
  div_core/U19/ZN (NR2D1)                                                                           0.10       0.27 r
  div_core/U15/ZN (INVD1)                                                                           0.05       0.31 f
  div_core/mult_16_S2/b[3] (unified_div_drop_l1_separate_div_DW_mult_tc_1_DW_mult_tc_3)             0.00       0.31 f
  div_core/mult_16_S2/U128/ZN (MUX2ND0)                                                             0.05       0.37 r
  div_core/mult_16_S2/U76/ZN (MUX2ND0)                                                              0.06       0.43 f
  div_core/mult_16_S2/U29/S (HA1D0)                                                                 0.06       0.49 r
  div_core/mult_16_S2/U28/S (FA1D0)                                                                 0.06       0.56 f
  div_core/mult_16_S2/U10/CO (FA1D0)                                                                0.10       0.66 f
  div_core/mult_16_S2/U9/CO (FA1D0)                                                                 0.06       0.71 f
  div_core/mult_16_S2/U8/CO (FA1D0)                                                                 0.06       0.77 f
  div_core/mult_16_S2/U7/CO (FA1D0)                                                                 0.06       0.82 f
  div_core/mult_16_S2/U6/CO (FA1D0)                                                                 0.06       0.88 f
  div_core/mult_16_S2/U5/CO (FA1D0)                                                                 0.06       0.93 f
  div_core/mult_16_S2/U4/CO (FA1D0)                                                                 0.06       0.99 f
  div_core/mult_16_S2/U3/CO (FA1D0)                                                                 0.06       1.05 f
  div_core/mult_16_S2/U2/S (FA1D0)                                                                  0.06       1.10 f
  div_core/mult_16_S2/product[12] (unified_div_drop_l1_separate_div_DW_mult_tc_1_DW_mult_tc_3)      0.00       1.10 f
  div_core/sub_0_root_sub_18/B[12] (unified_div_drop_l1_separate_div_DW01_sub_0)                    0.00       1.10 f
  div_core/sub_0_root_sub_18/U3/ZN (INVD1)                                                          0.02       1.12 r
  div_core/sub_0_root_sub_18/U2_12/CO (FA1D0)                                                       0.08       1.20 r
  div_core/sub_0_root_sub_18/U2_13/CO (FA1D0)                                                       0.05       1.25 r
  div_core/sub_0_root_sub_18/U2_14/Z (XOR3D1)                                                       0.07       1.32 f
  div_core/sub_0_root_sub_18/DIFF[14] (unified_div_drop_l1_separate_div_DW01_sub_0)                 0.00       1.32 f
  div_core/value[24] (unified_div_drop_l1_separate_div)                                             0.00       1.32 f
  U106/ZN (AOI22D1)                                                                                 0.15       1.47 r
  U80/ZN (IND3D1)                                                                                   0.14       1.61 f
  U78/ZN (ND2D1)                                                                                    0.17       1.78 r
  wrapper/exponent_adjust[1] (fp32_normal_finite_wrapper)                                           0.00       1.78 r
  wrapper/U44/CO (FA1D0)                                                                            0.11       1.90 r
  wrapper/U45/CO (FA1D0)                                                                            0.05       1.95 r
  wrapper/U46/CO (FA1D0)                                                                            0.05       2.00 r
  wrapper/U47/CO (FA1D0)                                                                            0.05       2.05 r
  wrapper/U48/CO (FA1D0)                                                                            0.05       2.10 r
  wrapper/U49/CO (FA1D0)                                                                            0.05       2.16 r
  wrapper/U59/Z (XOR3D1)                                                                            0.07       2.22 f
  wrapper/U57/Z (AO22D0)                                                                            0.08       2.30 f
  wrapper/result[30] (fp32_normal_finite_wrapper)                                                   0.00       2.30 f
  result[30] (out)                                                                                  0.00       2.30 f
  data arrival time                                                                                            2.30

  clock vclk (rise edge)                                                                           10.00      10.00
  clock network delay (ideal)                                                                       0.00      10.00
  output external delay                                                                            -0.02       9.98
  data required time                                                                                           9.98
  --------------------------------------------------------------------------------------------------------------------
  data required time                                                                                           9.98
  data arrival time                                                                                           -2.30
  --------------------------------------------------------------------------------------------------------------------
  slack (MET)                                                                                                  7.68


  Startpoint: y[22] (input port clocked by vclk)
  Endpoint: result[30] (output port clocked by vclk)
  Path Group: vclk
  Path Type: max

  Des/Clust/Port     Wire Load Model       Library
  ------------------------------------------------
  unified_div_drop_l1_separate ZeroWireload tcbn65gplustc_ccs
  fp32_normal_finite_wrapper ZeroWireload  tcbn65gplustc_ccs
  unified_div_drop_l1_separate_div ZeroWireload tcbn65gplustc_ccs
  unified_div_drop_l1_separate_mul ZeroWireload tcbn65gplustc_ccs
  unified_div_drop_l1_separate_div_DW_mult_tc_1_DW_mult_tc_3 ZeroWireload tcbn65gplustc_ccs
  unified_div_drop_l1_separate_div_DW01_sub_0 ZeroWireload tcbn65gplustc_ccs

  Point                                                                                             Incr       Path
  --------------------------------------------------------------------------------------------------------------------
  clock vclk (rise edge)                                                                            0.00       0.00
  clock network delay (ideal)                                                                       0.00       0.00
  input external delay                                                                              0.02       0.02 r
  y[22] (in)                                                                                        0.01       0.03 r
  wrapper/y[22] (fp32_normal_finite_wrapper)                                                        0.00       0.03 r
  wrapper/U91/Z (CKBD1)                                                                             0.05       0.08 r
  wrapper/fraction_y[22] (fp32_normal_finite_wrapper)                                               0.00       0.08 r
  div_core/fy[22] (unified_div_drop_l1_separate_div)                                                0.00       0.08 r
  div_core/U39/ZN (INVD1)                                                                           0.02       0.10 f
  div_core/U40/ZN (ND2D1)                                                                           0.03       0.13 r
  div_core/U20/ZN (INVD1)                                                                           0.04       0.16 f
  div_core/U19/ZN (NR2D1)                                                                           0.10       0.27 r
  div_core/U15/ZN (INVD1)                                                                           0.05       0.31 f
  div_core/mult_16_S2/b[3] (unified_div_drop_l1_separate_div_DW_mult_tc_1_DW_mult_tc_3)             0.00       0.31 f
  div_core/mult_16_S2/U128/ZN (MUX2ND0)                                                             0.05       0.37 r
  div_core/mult_16_S2/U76/ZN (MUX2ND0)                                                              0.06       0.43 f
  div_core/mult_16_S2/U29/S (HA1D0)                                                                 0.06       0.49 r
  div_core/mult_16_S2/U28/S (FA1D0)                                                                 0.06       0.56 f
  div_core/mult_16_S2/U10/CO (FA1D0)                                                                0.10       0.66 f
  div_core/mult_16_S2/U9/CO (FA1D0)                                                                 0.06       0.71 f
  div_core/mult_16_S2/U8/CO (FA1D0)                                                                 0.06       0.77 f
  div_core/mult_16_S2/U7/CO (FA1D0)                                                                 0.06       0.82 f
  div_core/mult_16_S2/U6/CO (FA1D0)                                                                 0.06       0.88 f
  div_core/mult_16_S2/U5/CO (FA1D0)                                                                 0.06       0.93 f
  div_core/mult_16_S2/U4/CO (FA1D0)                                                                 0.06       0.99 f
  div_core/mult_16_S2/U3/CO (FA1D0)                                                                 0.06       1.05 f
  div_core/mult_16_S2/U2/S (FA1D0)                                                                  0.06       1.10 f
  div_core/mult_16_S2/product[12] (unified_div_drop_l1_separate_div_DW_mult_tc_1_DW_mult_tc_3)      0.00       1.10 f
  div_core/sub_0_root_sub_18/B[12] (unified_div_drop_l1_separate_div_DW01_sub_0)                    0.00       1.10 f
  div_core/sub_0_root_sub_18/U3/ZN (INVD1)                                                          0.02       1.12 r
  div_core/sub_0_root_sub_18/U2_12/CO (FA1D0)                                                       0.08       1.20 r
  div_core/sub_0_root_sub_18/U2_13/CO (FA1D0)                                                       0.05       1.25 r
  div_core/sub_0_root_sub_18/U2_14/Z (XOR3D1)                                                       0.07       1.32 f
  div_core/sub_0_root_sub_18/DIFF[14] (unified_div_drop_l1_separate_div_DW01_sub_0)                 0.00       1.32 f
  div_core/value[24] (unified_div_drop_l1_separate_div)                                             0.00       1.32 f
  U106/ZN (AOI22D1)                                                                                 0.15       1.47 r
  U80/ZN (IND3D1)                                                                                   0.14       1.61 f
  U78/ZN (ND2D1)                                                                                    0.17       1.78 r
  wrapper/exponent_adjust[1] (fp32_normal_finite_wrapper)                                           0.00       1.78 r
  wrapper/U44/CO (FA1D0)                                                                            0.11       1.90 r
  wrapper/U45/CO (FA1D0)                                                                            0.05       1.95 r
  wrapper/U46/CO (FA1D0)                                                                            0.05       2.00 r
  wrapper/U47/CO (FA1D0)                                                                            0.05       2.05 r
  wrapper/U48/CO (FA1D0)                                                                            0.05       2.10 r
  wrapper/U49/CO (FA1D0)                                                                            0.05       2.16 r
  wrapper/U59/Z (XOR3D1)                                                                            0.07       2.22 f
  wrapper/U57/Z (AO22D0)                                                                            0.08       2.30 f
  wrapper/result[30] (fp32_normal_finite_wrapper)                                                   0.00       2.30 f
  result[30] (out)                                                                                  0.00       2.30 f
  data arrival time                                                                                            2.30

  clock vclk (rise edge)                                                                           10.00      10.00
  clock network delay (ideal)                                                                       0.00      10.00
  output external delay                                                                            -0.02       9.98
  data required time                                                                                           9.98
  --------------------------------------------------------------------------------------------------------------------
  data required time                                                                                           9.98
  data arrival time                                                                                           -2.30
  --------------------------------------------------------------------------------------------------------------------
  slack (MET)                                                                                                  7.68


  Startpoint: y[22] (input port clocked by vclk)
  Endpoint: result[30] (output port clocked by vclk)
  Path Group: vclk
  Path Type: max

  Des/Clust/Port     Wire Load Model       Library
  ------------------------------------------------
  unified_div_drop_l1_separate ZeroWireload tcbn65gplustc_ccs
  fp32_normal_finite_wrapper ZeroWireload  tcbn65gplustc_ccs
  unified_div_drop_l1_separate_div ZeroWireload tcbn65gplustc_ccs
  unified_div_drop_l1_separate_mul ZeroWireload tcbn65gplustc_ccs
  unified_div_drop_l1_separate_div_DW_mult_tc_1_DW_mult_tc_3 ZeroWireload tcbn65gplustc_ccs
  unified_div_drop_l1_separate_div_DW01_sub_0 ZeroWireload tcbn65gplustc_ccs

  Point                                                                                             Incr       Path
  --------------------------------------------------------------------------------------------------------------------
  clock vclk (rise edge)                                                                            0.00       0.00
  clock network delay (ideal)                                                                       0.00       0.00
  input external delay                                                                              0.02       0.02 r
  y[22] (in)                                                                                        0.01       0.03 r
  wrapper/y[22] (fp32_normal_finite_wrapper)                                                        0.00       0.03 r
  wrapper/U91/Z (CKBD1)                                                                             0.05       0.08 r
  wrapper/fraction_y[22] (fp32_normal_finite_wrapper)                                               0.00       0.08 r
  div_core/fy[22] (unified_div_drop_l1_separate_div)                                                0.00       0.08 r
  div_core/U39/ZN (INVD1)                                                                           0.02       0.10 f
  div_core/U40/ZN (ND2D1)                                                                           0.03       0.13 r
  div_core/U20/ZN (INVD1)                                                                           0.04       0.16 f
  div_core/U19/ZN (NR2D1)                                                                           0.10       0.27 r
  div_core/U15/ZN (INVD1)                                                                           0.05       0.31 f
  div_core/mult_16_S2/b[3] (unified_div_drop_l1_separate_div_DW_mult_tc_1_DW_mult_tc_3)             0.00       0.31 f
  div_core/mult_16_S2/U128/ZN (MUX2ND0)                                                             0.05       0.37 r
  div_core/mult_16_S2/U76/ZN (MUX2ND0)                                                              0.06       0.43 f
  div_core/mult_16_S2/U29/S (HA1D0)                                                                 0.06       0.49 r
  div_core/mult_16_S2/U28/S (FA1D0)                                                                 0.06       0.56 f
  div_core/mult_16_S2/U10/CO (FA1D0)                                                                0.10       0.66 f
  div_core/mult_16_S2/U9/CO (FA1D0)                                                                 0.06       0.71 f
  div_core/mult_16_S2/U8/CO (FA1D0)                                                                 0.06       0.77 f
  div_core/mult_16_S2/U7/CO (FA1D0)                                                                 0.06       0.82 f
  div_core/mult_16_S2/U6/CO (FA1D0)                                                                 0.06       0.88 f
  div_core/mult_16_S2/U5/CO (FA1D0)                                                                 0.06       0.93 f
  div_core/mult_16_S2/U4/CO (FA1D0)                                                                 0.06       0.99 f
  div_core/mult_16_S2/U3/CO (FA1D0)                                                                 0.06       1.05 f
  div_core/mult_16_S2/U2/S (FA1D0)                                                                  0.06       1.10 f
  div_core/mult_16_S2/product[12] (unified_div_drop_l1_separate_div_DW_mult_tc_1_DW_mult_tc_3)      0.00       1.10 f
  div_core/sub_0_root_sub_18/B[12] (unified_div_drop_l1_separate_div_DW01_sub_0)                    0.00       1.10 f
  div_core/sub_0_root_sub_18/U3/ZN (INVD1)                                                          0.02       1.12 r
  div_core/sub_0_root_sub_18/U2_12/CO (FA1D0)                                                       0.08       1.20 r
  div_core/sub_0_root_sub_18/U2_13/CO (FA1D0)                                                       0.05       1.25 r
  div_core/sub_0_root_sub_18/U2_14/Z (XOR3D1)                                                       0.07       1.32 f
  div_core/sub_0_root_sub_18/DIFF[14] (unified_div_drop_l1_separate_div_DW01_sub_0)                 0.00       1.32 f
  div_core/value[24] (unified_div_drop_l1_separate_div)                                             0.00       1.32 f
  U106/ZN (AOI22D1)                                                                                 0.15       1.47 r
  U80/ZN (IND3D1)                                                                                   0.14       1.61 f
  U78/ZN (ND2D1)                                                                                    0.17       1.78 r
  wrapper/exponent_adjust[1] (fp32_normal_finite_wrapper)                                           0.00       1.78 r
  wrapper/U44/CO (FA1D0)                                                                            0.11       1.90 r
  wrapper/U45/CO (FA1D0)                                                                            0.05       1.95 r
  wrapper/U46/CO (FA1D0)                                                                            0.05       2.00 r
  wrapper/U47/CO (FA1D0)                                                                            0.05       2.05 r
  wrapper/U48/CO (FA1D0)                                                                            0.05       2.10 r
  wrapper/U49/CO (FA1D0)                                                                            0.05       2.16 r
  wrapper/U59/Z (XOR3D1)                                                                            0.07       2.22 f
  wrapper/U57/Z (AO22D0)                                                                            0.08       2.30 f
  wrapper/result[30] (fp32_normal_finite_wrapper)                                                   0.00       2.30 f
  result[30] (out)                                                                                  0.00       2.30 f
  data arrival time                                                                                            2.30

  clock vclk (rise edge)                                                                           10.00      10.00
  clock network delay (ideal)                                                                       0.00      10.00
  output external delay                                                                            -0.02       9.98
  data required time                                                                                           9.98
  --------------------------------------------------------------------------------------------------------------------
  data required time                                                                                           9.98
  data arrival time                                                                                           -2.30
  --------------------------------------------------------------------------------------------------------------------
  slack (MET)                                                                                                  7.68


  Startpoint: y[22] (input port clocked by vclk)
  Endpoint: result[30] (output port clocked by vclk)
  Path Group: vclk
  Path Type: max

  Des/Clust/Port     Wire Load Model       Library
  ------------------------------------------------
  unified_div_drop_l1_separate ZeroWireload tcbn65gplustc_ccs
  fp32_normal_finite_wrapper ZeroWireload  tcbn65gplustc_ccs
  unified_div_drop_l1_separate_div ZeroWireload tcbn65gplustc_ccs
  unified_div_drop_l1_separate_mul ZeroWireload tcbn65gplustc_ccs
  unified_div_drop_l1_separate_div_DW_mult_tc_1_DW_mult_tc_3 ZeroWireload tcbn65gplustc_ccs
  unified_div_drop_l1_separate_div_DW01_sub_0 ZeroWireload tcbn65gplustc_ccs

  Point                                                                                             Incr       Path
  --------------------------------------------------------------------------------------------------------------------
  clock vclk (rise edge)                                                                            0.00       0.00
  clock network delay (ideal)                                                                       0.00       0.00
  input external delay                                                                              0.02       0.02 r
  y[22] (in)                                                                                        0.01       0.03 r
  wrapper/y[22] (fp32_normal_finite_wrapper)                                                        0.00       0.03 r
  wrapper/U91/Z (CKBD1)                                                                             0.05       0.08 r
  wrapper/fraction_y[22] (fp32_normal_finite_wrapper)                                               0.00       0.08 r
  div_core/fy[22] (unified_div_drop_l1_separate_div)                                                0.00       0.08 r
  div_core/U39/ZN (INVD1)                                                                           0.02       0.10 f
  div_core/U40/ZN (ND2D1)                                                                           0.03       0.13 r
  div_core/U20/ZN (INVD1)                                                                           0.04       0.16 f
  div_core/U19/ZN (NR2D1)                                                                           0.10       0.27 r
  div_core/U15/ZN (INVD1)                                                                           0.05       0.31 f
  div_core/mult_16_S2/b[3] (unified_div_drop_l1_separate_div_DW_mult_tc_1_DW_mult_tc_3)             0.00       0.31 f
  div_core/mult_16_S2/U128/ZN (MUX2ND0)                                                             0.05       0.37 r
  div_core/mult_16_S2/U76/ZN (MUX2ND0)                                                              0.06       0.43 f
  div_core/mult_16_S2/U29/S (HA1D0)                                                                 0.06       0.49 r
  div_core/mult_16_S2/U28/S (FA1D0)                                                                 0.06       0.56 f
  div_core/mult_16_S2/U10/CO (FA1D0)                                                                0.10       0.66 f
  div_core/mult_16_S2/U9/CO (FA1D0)                                                                 0.06       0.71 f
  div_core/mult_16_S2/U8/CO (FA1D0)                                                                 0.06       0.77 f
  div_core/mult_16_S2/U7/CO (FA1D0)                                                                 0.06       0.82 f
  div_core/mult_16_S2/U6/CO (FA1D0)                                                                 0.06       0.88 f
  div_core/mult_16_S2/U5/CO (FA1D0)                                                                 0.06       0.93 f
  div_core/mult_16_S2/U4/CO (FA1D0)                                                                 0.06       0.99 f
  div_core/mult_16_S2/U3/CO (FA1D0)                                                                 0.06       1.05 f
  div_core/mult_16_S2/U2/S (FA1D0)                                                                  0.06       1.10 f
  div_core/mult_16_S2/product[12] (unified_div_drop_l1_separate_div_DW_mult_tc_1_DW_mult_tc_3)      0.00       1.10 f
  div_core/sub_0_root_sub_18/B[12] (unified_div_drop_l1_separate_div_DW01_sub_0)                    0.00       1.10 f
  div_core/sub_0_root_sub_18/U3/ZN (INVD1)                                                          0.02       1.12 r
  div_core/sub_0_root_sub_18/U2_12/CO (FA1D0)                                                       0.08       1.20 r
  div_core/sub_0_root_sub_18/U2_13/CO (FA1D0)                                                       0.05       1.25 r
  div_core/sub_0_root_sub_18/U2_14/Z (XOR3D1)                                                       0.07       1.32 f
  div_core/sub_0_root_sub_18/DIFF[14] (unified_div_drop_l1_separate_div_DW01_sub_0)                 0.00       1.32 f
  div_core/value[24] (unified_div_drop_l1_separate_div)                                             0.00       1.32 f
  U106/ZN (AOI22D1)                                                                                 0.15       1.47 r
  U80/ZN (IND3D1)                                                                                   0.14       1.61 f
  U78/ZN (ND2D1)                                                                                    0.17       1.78 r
  wrapper/exponent_adjust[1] (fp32_normal_finite_wrapper)                                           0.00       1.78 r
  wrapper/U44/CO (FA1D0)                                                                            0.11       1.90 r
  wrapper/U45/CO (FA1D0)                                                                            0.05       1.95 r
  wrapper/U46/CO (FA1D0)                                                                            0.05       2.00 r
  wrapper/U47/CO (FA1D0)                                                                            0.05       2.05 r
  wrapper/U48/CO (FA1D0)                                                                            0.05       2.10 r
  wrapper/U49/CO (FA1D0)                                                                            0.05       2.16 r
  wrapper/U59/Z (XOR3D1)                                                                            0.07       2.22 f
  wrapper/U57/Z (AO22D0)                                                                            0.08       2.30 f
  wrapper/result[30] (fp32_normal_finite_wrapper)                                                   0.00       2.30 f
  result[30] (out)                                                                                  0.00       2.30 f
  data arrival time                                                                                            2.30

  clock vclk (rise edge)                                                                           10.00      10.00
  clock network delay (ideal)                                                                       0.00      10.00
  output external delay                                                                            -0.02       9.98
  data required time                                                                                           9.98
  --------------------------------------------------------------------------------------------------------------------
  data required time                                                                                           9.98
  data arrival time                                                                                           -2.30
  --------------------------------------------------------------------------------------------------------------------
  slack (MET)                                                                                                  7.68


  Startpoint: y[22] (input port clocked by vclk)
  Endpoint: result[30] (output port clocked by vclk)
  Path Group: vclk
  Path Type: max

  Des/Clust/Port     Wire Load Model       Library
  ------------------------------------------------
  unified_div_drop_l1_separate ZeroWireload tcbn65gplustc_ccs
  fp32_normal_finite_wrapper ZeroWireload  tcbn65gplustc_ccs
  unified_div_drop_l1_separate_div ZeroWireload tcbn65gplustc_ccs
  unified_div_drop_l1_separate_mul ZeroWireload tcbn65gplustc_ccs
  unified_div_drop_l1_separate_div_DW_mult_tc_1_DW_mult_tc_3 ZeroWireload tcbn65gplustc_ccs
  unified_div_drop_l1_separate_div_DW01_sub_0 ZeroWireload tcbn65gplustc_ccs

  Point                                                                                             Incr       Path
  --------------------------------------------------------------------------------------------------------------------
  clock vclk (rise edge)                                                                            0.00       0.00
  clock network delay (ideal)                                                                       0.00       0.00
  input external delay                                                                              0.02       0.02 r
  y[22] (in)                                                                                        0.01       0.03 r
  wrapper/y[22] (fp32_normal_finite_wrapper)                                                        0.00       0.03 r
  wrapper/U91/Z (CKBD1)                                                                             0.05       0.08 r
  wrapper/fraction_y[22] (fp32_normal_finite_wrapper)                                               0.00       0.08 r
  div_core/fy[22] (unified_div_drop_l1_separate_div)                                                0.00       0.08 r
  div_core/U39/ZN (INVD1)                                                                           0.02       0.10 f
  div_core/U40/ZN (ND2D1)                                                                           0.03       0.13 r
  div_core/U20/ZN (INVD1)                                                                           0.04       0.16 f
  div_core/U19/ZN (NR2D1)                                                                           0.10       0.27 r
  div_core/U15/ZN (INVD1)                                                                           0.05       0.31 f
  div_core/mult_16_S2/b[3] (unified_div_drop_l1_separate_div_DW_mult_tc_1_DW_mult_tc_3)             0.00       0.31 f
  div_core/mult_16_S2/U128/ZN (MUX2ND0)                                                             0.05       0.37 r
  div_core/mult_16_S2/U76/ZN (MUX2ND0)                                                              0.06       0.43 f
  div_core/mult_16_S2/U29/S (HA1D0)                                                                 0.06       0.49 r
  div_core/mult_16_S2/U28/S (FA1D0)                                                                 0.06       0.56 f
  div_core/mult_16_S2/U10/CO (FA1D0)                                                                0.10       0.66 f
  div_core/mult_16_S2/U9/CO (FA1D0)                                                                 0.06       0.71 f
  div_core/mult_16_S2/U8/CO (FA1D0)                                                                 0.06       0.77 f
  div_core/mult_16_S2/U7/CO (FA1D0)                                                                 0.06       0.82 f
  div_core/mult_16_S2/U6/CO (FA1D0)                                                                 0.06       0.88 f
  div_core/mult_16_S2/U5/CO (FA1D0)                                                                 0.06       0.93 f
  div_core/mult_16_S2/U4/CO (FA1D0)                                                                 0.06       0.99 f
  div_core/mult_16_S2/U3/CO (FA1D0)                                                                 0.06       1.05 f
  div_core/mult_16_S2/U2/S (FA1D0)                                                                  0.06       1.10 f
  div_core/mult_16_S2/product[12] (unified_div_drop_l1_separate_div_DW_mult_tc_1_DW_mult_tc_3)      0.00       1.10 f
  div_core/sub_0_root_sub_18/B[12] (unified_div_drop_l1_separate_div_DW01_sub_0)                    0.00       1.10 f
  div_core/sub_0_root_sub_18/U3/ZN (INVD1)                                                          0.02       1.12 r
  div_core/sub_0_root_sub_18/U2_12/CO (FA1D0)                                                       0.08       1.20 r
  div_core/sub_0_root_sub_18/U2_13/CO (FA1D0)                                                       0.05       1.25 r
  div_core/sub_0_root_sub_18/U2_14/Z (XOR3D1)                                                       0.07       1.32 f
  div_core/sub_0_root_sub_18/DIFF[14] (unified_div_drop_l1_separate_div_DW01_sub_0)                 0.00       1.32 f
  div_core/value[24] (unified_div_drop_l1_separate_div)                                             0.00       1.32 f
  U106/ZN (AOI22D1)                                                                                 0.15       1.47 r
  U80/ZN (IND3D1)                                                                                   0.14       1.61 f
  U78/ZN (ND2D1)                                                                                    0.17       1.78 r
  wrapper/exponent_adjust[1] (fp32_normal_finite_wrapper)                                           0.00       1.78 r
  wrapper/U44/CO (FA1D0)                                                                            0.11       1.90 r
  wrapper/U45/CO (FA1D0)                                                                            0.05       1.95 r
  wrapper/U46/CO (FA1D0)                                                                            0.05       2.00 r
  wrapper/U47/CO (FA1D0)                                                                            0.05       2.05 r
  wrapper/U48/CO (FA1D0)                                                                            0.05       2.10 r
  wrapper/U49/CO (FA1D0)                                                                            0.05       2.16 r
  wrapper/U59/Z (XOR3D1)                                                                            0.07       2.22 f
  wrapper/U57/Z (AO22D0)                                                                            0.08       2.30 f
  wrapper/result[30] (fp32_normal_finite_wrapper)                                                   0.00       2.30 f
  result[30] (out)                                                                                  0.00       2.30 f
  data arrival time                                                                                            2.30

  clock vclk (rise edge)                                                                           10.00      10.00
  clock network delay (ideal)                                                                       0.00      10.00
  output external delay                                                                            -0.02       9.98
  data required time                                                                                           9.98
  --------------------------------------------------------------------------------------------------------------------
  data required time                                                                                           9.98
  data arrival time                                                                                           -2.30
  --------------------------------------------------------------------------------------------------------------------
  slack (MET)                                                                                                  7.68


1
