****************************************
Report : reference
Design : fig8_pace_l3_d17
Version: U-2022.12-SP5
Date   : Sat Sep  5 13:10:15 2026
****************************************


Attributes:
    b - black-box (unknown)
    h - hierarchical
    n - noncombinational
    u - contains unmapped logic
    A - abstracted timing model
    E - extracted timing model
    S - Stamp timing model
    Q - Quick timing model (QTM)

Reference          Library       Unit Area   Count    Total Area   Attributes
--------------------------------------------------------------------------------
FP_DIV_WRAPPER_32_width_trunc17
                                  169.92     1         169.92      h
INVD1              tcbn65gplustc_ccs
                                    1.08     1           1.08      
Mantissa_Div_L3_MANTISSA_WIDTH6
                                  537.12     1         537.12      h
--------------------------------------------------------------------------------
Total 3 references                                     708.12
1
