****************************************
Report : timing
	-path_type full
	-delay_type max
	-nworst 10
	-slack_lesser_than 1000.00000
	-max_paths 10
	-sort_by slack
Design : oadm_fixed_l0_divmul_root_opt_csd
Version: U-2022.12-SP5
Date   : Sun Sep  6 00:13:59 2026
****************************************


  Startpoint: divide_mode
               (input port clocked by vclk)
  Endpoint: result[30] (output port clocked by vclk)
  Path Group: vclk
  Path Type: max

  Point                                                   Incr       Path
  ------------------------------------------------------------------------------
  clock vclk (rise edge)                               0.00000    0.00000
  clock network delay (ideal)                          0.00000    0.00000
  input external delay                                 0.02000    0.02000 f
  divide_mode (in)                                     0.00437    0.02437 f
  implementation/U126/ZN (INVD1)                       0.08718    0.11155 r
  implementation/U77/ZN (INVD1)                        0.12218    0.23372 f
  implementation/U133/ZN (INR2D1)                      0.07515    0.30887 r
  implementation/mult_63_U9/S (HA1D0)                  0.07544    0.38431 f
  implementation/U106/ZN (INVD1)                       0.02172    0.40603 r
  implementation/U144/Z (CKXOR2D1)                     0.05876    0.46479 f
  implementation/U105/Z (AO22D0)                       0.06793    0.53272 f
  implementation/U104/CO (FA1D0)                       0.08136    0.61408 f
  implementation/U100/CO (FA1D0)                       0.05517    0.66926 f
  implementation/U95/CO (FA1D0)                        0.05524    0.72450 f
  implementation/U92/CO (FA1D0)                        0.05524    0.77975 f
  implementation/U88/CO (FA1D0)                        0.05524    0.83499 f
  implementation/U83/CO (FA1D0)                        0.05524    0.89023 f
  implementation/U78/CO (FA1D0)                        0.05524    0.94548 f
  implementation/U127/CO (FA1D0)                       0.05265    0.99813 f
  implementation/U24/ZN (XNR3D0)                       0.14824    1.14638 r
  implementation/U74/S (FA1D0)                         0.10667    1.25305 r
  implementation/U26/ZN (INVD1)                        0.01488    1.26792 f
  implementation/U25/CO (FA1D0)                        0.07566    1.34359 f
  implementation/U4/CO (FA1D0)                         0.05513    1.39872 f
  implementation/U5/CO (FA1D0)                         0.05524    1.45396 f
  implementation/U75/CO (FA1D0)                        0.06312    1.51708 f
  implementation/U21/Z (OR2D0)                         0.05397    1.57105 f
  implementation/U12/ZN (NR2D0)                        0.04237    1.61342 r
  implementation/U8/ZN (INR2D0)                        0.05113    1.66455 r
  implementation/U7/ZN (AOI22D1)                       0.08733    1.75188 f
  implementation/U29/ZN (INVD1)                        0.03765    1.78954 r
  implementation/U23/ZN (INR3D0)                       0.03037    1.81991 f
  implementation/U17/ZN (INVD1)                        0.06376    1.88367 r
  implementation/U16/ZN (ND2D1)                        0.14628    2.02996 f
  implementation/fp_wrapper/U48/CO (FA1D0)             0.11656    2.14651 f
  implementation/fp_wrapper/U49/CO (FA1D0)             0.05516    2.20167 f
  implementation/fp_wrapper/U50/CO (FA1D0)             0.05524    2.25691 f
  implementation/fp_wrapper/U51/CO (FA1D0)             0.05524    2.31216 f
  implementation/fp_wrapper/U52/CO (FA1D0)             0.05524    2.36740 f
  implementation/fp_wrapper/U53/CO (FA1D0)             0.05598    2.42339 f
  implementation/fp_wrapper/U63/Z (XOR3D1)             0.05647    2.47986 r
  implementation/fp_wrapper/U61/Z (AO22D0)             0.06590    2.54576 r
  result[30] (out)                                     0.00000    2.54576 r
  data arrival time                                               2.54576

  clock vclk (rise edge)                              10.00000   10.00000
  clock network delay (ideal)                          0.00000   10.00000
  clock reconvergence pessimism                        0.00000   10.00000
  output external delay                               -0.02000    9.98000
  data required time                                              9.98000
  ------------------------------------------------------------------------------
  data required time                                              9.98000
  data arrival time                                              -2.54576
  ------------------------------------------------------------------------------
  slack (MET)                                                     7.43424


  Startpoint: divide_mode
               (input port clocked by vclk)
  Endpoint: result[30] (output port clocked by vclk)
  Path Group: vclk
  Path Type: max

  Point                                                   Incr       Path
  ------------------------------------------------------------------------------
  clock vclk (rise edge)                               0.00000    0.00000
  clock network delay (ideal)                          0.00000    0.00000
  input external delay                                 0.02000    0.02000 f
  divide_mode (in)                                     0.00437    0.02437 f
  implementation/U126/ZN (INVD1)                       0.08718    0.11155 r
  implementation/U77/ZN (INVD1)                        0.12218    0.23372 f
  implementation/U132/ZN (INR2D1)                      0.08283    0.31655 r
  implementation/mult_63_U9/CO (HA1D0)                 0.05333    0.36988 r
  implementation/mult_63_U8/S (FA1D0)                  0.06809    0.43797 f
  implementation/U99/ZN (INVD1)                        0.02206    0.46003 r
  implementation/U145/Z (CKXOR2D1)                     0.05881    0.51884 f
  implementation/U101/Z (AO22D0)                       0.06793    0.58677 f
  implementation/U100/CO (FA1D0)                       0.08136    0.66813 f
  implementation/U95/CO (FA1D0)                        0.05524    0.72337 f
  implementation/U92/CO (FA1D0)                        0.05524    0.77862 f
  implementation/U88/CO (FA1D0)                        0.05524    0.83386 f
  implementation/U83/CO (FA1D0)                        0.05524    0.88911 f
  implementation/U78/CO (FA1D0)                        0.05524    0.94435 f
  implementation/U127/CO (FA1D0)                       0.05265    0.99700 f
  implementation/U24/ZN (XNR3D0)                       0.14824    1.14525 r
  implementation/U74/S (FA1D0)                         0.10667    1.25192 r
  implementation/U26/ZN (INVD1)                        0.01488    1.26680 f
  implementation/U25/CO (FA1D0)                        0.07566    1.34246 f
  implementation/U4/CO (FA1D0)                         0.05513    1.39759 f
  implementation/U5/CO (FA1D0)                         0.05524    1.45283 f
  implementation/U75/CO (FA1D0)                        0.06312    1.51595 f
  implementation/U21/Z (OR2D0)                         0.05397    1.56992 f
  implementation/U12/ZN (NR2D0)                        0.04237    1.61229 r
  implementation/U8/ZN (INR2D0)                        0.05113    1.66342 r
  implementation/U7/ZN (AOI22D1)                       0.08733    1.75076 f
  implementation/U29/ZN (INVD1)                        0.03765    1.78841 r
  implementation/U23/ZN (INR3D0)                       0.03037    1.81878 f
  implementation/U17/ZN (INVD1)                        0.06376    1.88255 r
  implementation/U16/ZN (ND2D1)                        0.14628    2.02883 f
  implementation/fp_wrapper/U48/CO (FA1D0)             0.11656    2.14539 f
  implementation/fp_wrapper/U49/CO (FA1D0)             0.05516    2.20054 f
  implementation/fp_wrapper/U50/CO (FA1D0)             0.05524    2.25579 f
  implementation/fp_wrapper/U51/CO (FA1D0)             0.05524    2.31103 f
  implementation/fp_wrapper/U52/CO (FA1D0)             0.05524    2.36627 f
  implementation/fp_wrapper/U53/CO (FA1D0)             0.05598    2.42226 f
  implementation/fp_wrapper/U63/Z (XOR3D1)             0.05647    2.47873 r
  implementation/fp_wrapper/U61/Z (AO22D0)             0.06590    2.54464 r
  result[30] (out)                                     0.00000    2.54464 r
  data arrival time                                               2.54464

  clock vclk (rise edge)                              10.00000   10.00000
  clock network delay (ideal)                          0.00000   10.00000
  clock reconvergence pessimism                        0.00000   10.00000
  output external delay                               -0.02000    9.98000
  data required time                                              9.98000
  ------------------------------------------------------------------------------
  data required time                                              9.98000
  data arrival time                                              -2.54464
  ------------------------------------------------------------------------------
  slack (MET)                                                     7.43536


  Startpoint: divide_mode
               (input port clocked by vclk)
  Endpoint: result[30] (output port clocked by vclk)
  Path Group: vclk
  Path Type: max

  Point                                                   Incr       Path
  ------------------------------------------------------------------------------
  clock vclk (rise edge)                               0.00000    0.00000
  clock network delay (ideal)                          0.00000    0.00000
  input external delay                                 0.02000    0.02000 f
  divide_mode (in)                                     0.00437    0.02437 f
  implementation/U126/ZN (INVD1)                       0.08718    0.11155 r
  implementation/U77/ZN (INVD1)                        0.12218    0.23372 f
  implementation/U133/ZN (INR2D1)                      0.07515    0.30887 r
  implementation/mult_63_U9/S (HA1D0)                  0.07544    0.38431 f
  implementation/U106/ZN (INVD1)                       0.02172    0.40603 r
  implementation/U144/Z (CKXOR2D1)                     0.05876    0.46479 f
  implementation/U105/Z (AO22D0)                       0.06793    0.53272 f
  implementation/U104/CO (FA1D0)                       0.08136    0.61408 f
  implementation/U100/CO (FA1D0)                       0.05517    0.66926 f
  implementation/U95/CO (FA1D0)                        0.05524    0.72450 f
  implementation/U92/CO (FA1D0)                        0.05524    0.77975 f
  implementation/U88/CO (FA1D0)                        0.05524    0.83499 f
  implementation/U83/CO (FA1D0)                        0.05524    0.89023 f
  implementation/U78/CO (FA1D0)                        0.05524    0.94548 f
  implementation/U127/CO (FA1D0)                       0.05265    0.99813 f
  implementation/U24/ZN (XNR3D0)                       0.14824    1.14638 r
  implementation/U74/CO (FA1D0)                        0.11764    1.26401 r
  implementation/U85/ZN (XNR2D1)                       0.05385    1.31786 f
  implementation/U4/CO (FA1D0)                         0.07874    1.39660 f
  implementation/U5/CO (FA1D0)                         0.05524    1.45184 f
  implementation/U75/CO (FA1D0)                        0.06312    1.51496 f
  implementation/U21/Z (OR2D0)                         0.05397    1.56893 f
  implementation/U12/ZN (NR2D0)                        0.04237    1.61130 r
  implementation/U8/ZN (INR2D0)                        0.05113    1.66243 r
  implementation/U7/ZN (AOI22D1)                       0.08733    1.74976 f
  implementation/U29/ZN (INVD1)                        0.03765    1.78741 r
  implementation/U23/ZN (INR3D0)                       0.03037    1.81779 f
  implementation/U17/ZN (INVD1)                        0.06376    1.88155 r
  implementation/U16/ZN (ND2D1)                        0.14628    2.02783 f
  implementation/fp_wrapper/U48/CO (FA1D0)             0.11656    2.14439 f
  implementation/fp_wrapper/U49/CO (FA1D0)             0.05516    2.19955 f
  implementation/fp_wrapper/U50/CO (FA1D0)             0.05524    2.25479 f
  implementation/fp_wrapper/U51/CO (FA1D0)             0.05524    2.31003 f
  implementation/fp_wrapper/U52/CO (FA1D0)             0.05524    2.36528 f
  implementation/fp_wrapper/U53/CO (FA1D0)             0.05598    2.42126 f
  implementation/fp_wrapper/U63/Z (XOR3D1)             0.05647    2.47774 r
  implementation/fp_wrapper/U61/Z (AO22D0)             0.06590    2.54364 r
  result[30] (out)                                     0.00000    2.54364 r
  data arrival time                                               2.54364

  clock vclk (rise edge)                              10.00000   10.00000
  clock network delay (ideal)                          0.00000   10.00000
  clock reconvergence pessimism                        0.00000   10.00000
  output external delay                               -0.02000    9.98000
  data required time                                              9.98000
  ------------------------------------------------------------------------------
  data required time                                              9.98000
  data arrival time                                              -2.54364
  ------------------------------------------------------------------------------
  slack (MET)                                                     7.43636


  Startpoint: divide_mode
               (input port clocked by vclk)
  Endpoint: result[30] (output port clocked by vclk)
  Path Group: vclk
  Path Type: max

  Point                                                   Incr       Path
  ------------------------------------------------------------------------------
  clock vclk (rise edge)                               0.00000    0.00000
  clock network delay (ideal)                          0.00000    0.00000
  input external delay                                 0.02000    0.02000 f
  divide_mode (in)                                     0.00437    0.02437 f
  implementation/U126/ZN (INVD1)                       0.08718    0.11155 r
  implementation/U77/ZN (INVD1)                        0.12218    0.23372 f
  implementation/U132/ZN (INR2D1)                      0.08283    0.31655 r
  implementation/mult_63_U9/CO (HA1D0)                 0.05333    0.36988 r
  implementation/mult_63_U8/S (FA1D0)                  0.06809    0.43797 f
  implementation/U99/ZN (INVD1)                        0.02206    0.46003 r
  implementation/U145/Z (CKXOR2D1)                     0.05881    0.51884 f
  implementation/U101/Z (AO22D0)                       0.06793    0.58677 f
  implementation/U100/CO (FA1D0)                       0.08136    0.66813 f
  implementation/U95/CO (FA1D0)                        0.05524    0.72337 f
  implementation/U92/CO (FA1D0)                        0.05524    0.77862 f
  implementation/U88/CO (FA1D0)                        0.05524    0.83386 f
  implementation/U83/CO (FA1D0)                        0.05524    0.88911 f
  implementation/U78/CO (FA1D0)                        0.05524    0.94435 f
  implementation/U127/CO (FA1D0)                       0.05265    0.99700 f
  implementation/U24/ZN (XNR3D0)                       0.14824    1.14525 r
  implementation/U74/CO (FA1D0)                        0.11764    1.26288 r
  implementation/U85/ZN (XNR2D1)                       0.05385    1.31673 f
  implementation/U4/CO (FA1D0)                         0.07874    1.39547 f
  implementation/U5/CO (FA1D0)                         0.05524    1.45071 f
  implementation/U75/CO (FA1D0)                        0.06312    1.51383 f
  implementation/U21/Z (OR2D0)                         0.05397    1.56780 f
  implementation/U12/ZN (NR2D0)                        0.04237    1.61017 r
  implementation/U8/ZN (INR2D0)                        0.05113    1.66130 r
  implementation/U7/ZN (AOI22D1)                       0.08733    1.74864 f
  implementation/U29/ZN (INVD1)                        0.03765    1.78629 r
  implementation/U23/ZN (INR3D0)                       0.03037    1.81666 f
  implementation/U17/ZN (INVD1)                        0.06376    1.88042 r
  implementation/U16/ZN (ND2D1)                        0.14628    2.02671 f
  implementation/fp_wrapper/U48/CO (FA1D0)             0.11656    2.14326 f
  implementation/fp_wrapper/U49/CO (FA1D0)             0.05516    2.19842 f
  implementation/fp_wrapper/U50/CO (FA1D0)             0.05524    2.25366 f
  implementation/fp_wrapper/U51/CO (FA1D0)             0.05524    2.30891 f
  implementation/fp_wrapper/U52/CO (FA1D0)             0.05524    2.36415 f
  implementation/fp_wrapper/U53/CO (FA1D0)             0.05598    2.42014 f
  implementation/fp_wrapper/U63/Z (XOR3D1)             0.05647    2.47661 r
  implementation/fp_wrapper/U61/Z (AO22D0)             0.06590    2.54251 r
  result[30] (out)                                     0.00000    2.54251 r
  data arrival time                                               2.54251

  clock vclk (rise edge)                              10.00000   10.00000
  clock network delay (ideal)                          0.00000   10.00000
  clock reconvergence pessimism                        0.00000   10.00000
  output external delay                               -0.02000    9.98000
  data required time                                              9.98000
  ------------------------------------------------------------------------------
  data required time                                              9.98000
  data arrival time                                              -2.54251
  ------------------------------------------------------------------------------
  slack (MET)                                                     7.43749


  Startpoint: divide_mode
               (input port clocked by vclk)
  Endpoint: result[30] (output port clocked by vclk)
  Path Group: vclk
  Path Type: max

  Point                                                   Incr       Path
  ------------------------------------------------------------------------------
  clock vclk (rise edge)                               0.00000    0.00000
  clock network delay (ideal)                          0.00000    0.00000
  input external delay                                 0.02000    0.02000 f
  divide_mode (in)                                     0.00437    0.02437 f
  implementation/U126/ZN (INVD1)                       0.08718    0.11155 r
  implementation/U77/ZN (INVD1)                        0.12218    0.23372 f
  implementation/U133/ZN (INR2D1)                      0.07515    0.30887 r
  implementation/mult_63_U9/S (HA1D0)                  0.07544    0.38431 f
  implementation/U106/ZN (INVD1)                       0.02172    0.40603 r
  implementation/U144/Z (CKXOR2D1)                     0.05876    0.46479 f
  implementation/U105/Z (AO22D0)                       0.06793    0.53272 f
  implementation/U104/CO (FA1D0)                       0.08136    0.61408 f
  implementation/U100/CO (FA1D0)                       0.05517    0.66926 f
  implementation/U95/CO (FA1D0)                        0.05524    0.72450 f
  implementation/U92/CO (FA1D0)                        0.05524    0.77975 f
  implementation/U88/CO (FA1D0)                        0.05524    0.83499 f
  implementation/U83/CO (FA1D0)                        0.05524    0.89023 f
  implementation/U78/CO (FA1D0)                        0.05524    0.94548 f
  implementation/U127/CO (FA1D0)                       0.05265    0.99813 f
  implementation/U24/ZN (XNR3D0)                       0.14824    1.14638 r
  implementation/U74/S (FA1D0)                         0.10667    1.25305 r
  implementation/U26/ZN (INVD1)                        0.01488    1.26792 f
  implementation/U25/CO (FA1D0)                        0.07566    1.34359 f
  implementation/U4/CO (FA1D0)                         0.05513    1.39872 f
  implementation/U5/CO (FA1D0)                         0.05524    1.45396 f
  implementation/U75/CO (FA1D0)                        0.06312    1.51708 f
  implementation/U21/Z (OR2D0)                         0.05397    1.57105 f
  implementation/U12/ZN (NR2D0)                        0.04237    1.61342 r
  implementation/U8/ZN (INR2D0)                        0.05113    1.66455 r
  implementation/U7/ZN (AOI22D1)                       0.08733    1.75188 f
  implementation/U29/ZN (INVD1)                        0.03765    1.78954 r
  implementation/U23/ZN (INR3D0)                       0.03037    1.81991 f
  implementation/U17/ZN (INVD1)                        0.06376    1.88367 r
  implementation/U16/ZN (ND2D1)                        0.14628    2.02996 f
  implementation/fp_wrapper/U48/CO (FA1D0)             0.11656    2.14651 f
  implementation/fp_wrapper/U49/CO (FA1D0)             0.05516    2.20167 f
  implementation/fp_wrapper/U50/CO (FA1D0)             0.05524    2.25691 f
  implementation/fp_wrapper/U51/CO (FA1D0)             0.05524    2.31216 f
  implementation/fp_wrapper/U52/CO (FA1D0)             0.05524    2.36740 f
  implementation/fp_wrapper/U53/CO (FA1D0)             0.05598    2.42339 f
  implementation/fp_wrapper/U63/Z (XOR3D1)             0.04170    2.46508 f
  implementation/fp_wrapper/U61/Z (AO22D0)             0.07703    2.54212 f
  result[30] (out)                                     0.00000    2.54212 f
  data arrival time                                               2.54212

  clock vclk (rise edge)                              10.00000   10.00000
  clock network delay (ideal)                          0.00000   10.00000
  clock reconvergence pessimism                        0.00000   10.00000
  output external delay                               -0.02000    9.98000
  data required time                                              9.98000
  ------------------------------------------------------------------------------
  data required time                                              9.98000
  data arrival time                                              -2.54212
  ------------------------------------------------------------------------------
  slack (MET)                                                     7.43788


  Startpoint: divide_mode
               (input port clocked by vclk)
  Endpoint: result[30] (output port clocked by vclk)
  Path Group: vclk
  Path Type: max

  Point                                                   Incr       Path
  ------------------------------------------------------------------------------
  clock vclk (rise edge)                               0.00000    0.00000
  clock network delay (ideal)                          0.00000    0.00000
  input external delay                                 0.02000    0.02000 f
  divide_mode (in)                                     0.00437    0.02437 f
  implementation/U126/ZN (INVD1)                       0.08718    0.11155 r
  implementation/U77/ZN (INVD1)                        0.12218    0.23372 f
  implementation/U132/ZN (INR2D1)                      0.08283    0.31655 r
  implementation/mult_63_U9/CO (HA1D0)                 0.05333    0.36988 r
  implementation/mult_63_U8/S (FA1D0)                  0.06809    0.43797 f
  implementation/U99/ZN (INVD1)                        0.02206    0.46003 r
  implementation/U145/Z (CKXOR2D1)                     0.05881    0.51884 f
  implementation/U101/Z (AO22D0)                       0.06793    0.58677 f
  implementation/U100/CO (FA1D0)                       0.08136    0.66813 f
  implementation/U95/CO (FA1D0)                        0.05524    0.72337 f
  implementation/U92/CO (FA1D0)                        0.05524    0.77862 f
  implementation/U88/CO (FA1D0)                        0.05524    0.83386 f
  implementation/U83/CO (FA1D0)                        0.05524    0.88911 f
  implementation/U78/CO (FA1D0)                        0.05524    0.94435 f
  implementation/U127/CO (FA1D0)                       0.05265    0.99700 f
  implementation/U24/ZN (XNR3D0)                       0.14824    1.14525 r
  implementation/U74/S (FA1D0)                         0.10667    1.25192 r
  implementation/U26/ZN (INVD1)                        0.01488    1.26680 f
  implementation/U25/CO (FA1D0)                        0.07566    1.34246 f
  implementation/U4/CO (FA1D0)                         0.05513    1.39759 f
  implementation/U5/CO (FA1D0)                         0.05524    1.45283 f
  implementation/U75/CO (FA1D0)                        0.06312    1.51595 f
  implementation/U21/Z (OR2D0)                         0.05397    1.56992 f
  implementation/U12/ZN (NR2D0)                        0.04237    1.61229 r
  implementation/U8/ZN (INR2D0)                        0.05113    1.66342 r
  implementation/U7/ZN (AOI22D1)                       0.08733    1.75076 f
  implementation/U29/ZN (INVD1)                        0.03765    1.78841 r
  implementation/U23/ZN (INR3D0)                       0.03037    1.81878 f
  implementation/U17/ZN (INVD1)                        0.06376    1.88255 r
  implementation/U16/ZN (ND2D1)                        0.14628    2.02883 f
  implementation/fp_wrapper/U48/CO (FA1D0)             0.11656    2.14539 f
  implementation/fp_wrapper/U49/CO (FA1D0)             0.05516    2.20054 f
  implementation/fp_wrapper/U50/CO (FA1D0)             0.05524    2.25579 f
  implementation/fp_wrapper/U51/CO (FA1D0)             0.05524    2.31103 f
  implementation/fp_wrapper/U52/CO (FA1D0)             0.05524    2.36627 f
  implementation/fp_wrapper/U53/CO (FA1D0)             0.05598    2.42226 f
  implementation/fp_wrapper/U63/Z (XOR3D1)             0.04170    2.46395 f
  implementation/fp_wrapper/U61/Z (AO22D0)             0.07703    2.54099 f
  result[30] (out)                                     0.00000    2.54099 f
  data arrival time                                               2.54099

  clock vclk (rise edge)                              10.00000   10.00000
  clock network delay (ideal)                          0.00000   10.00000
  clock reconvergence pessimism                        0.00000   10.00000
  output external delay                               -0.02000    9.98000
  data required time                                              9.98000
  ------------------------------------------------------------------------------
  data required time                                              9.98000
  data arrival time                                              -2.54099
  ------------------------------------------------------------------------------
  slack (MET)                                                     7.43901


  Startpoint: divide_mode
               (input port clocked by vclk)
  Endpoint: result[30] (output port clocked by vclk)
  Path Group: vclk
  Path Type: max

  Point                                                   Incr       Path
  ------------------------------------------------------------------------------
  clock vclk (rise edge)                               0.00000    0.00000
  clock network delay (ideal)                          0.00000    0.00000
  input external delay                                 0.02000    0.02000 f
  divide_mode (in)                                     0.00437    0.02437 f
  implementation/U126/ZN (INVD1)                       0.08718    0.11155 r
  implementation/U77/ZN (INVD1)                        0.12218    0.23372 f
  implementation/U133/ZN (INR2D1)                      0.07515    0.30887 r
  implementation/mult_63_U9/S (HA1D0)                  0.07544    0.38431 f
  implementation/U106/ZN (INVD1)                       0.02172    0.40603 r
  implementation/U144/Z (CKXOR2D1)                     0.05876    0.46479 f
  implementation/U105/Z (AO22D0)                       0.06793    0.53272 f
  implementation/U104/CO (FA1D0)                       0.08136    0.61408 f
  implementation/U100/CO (FA1D0)                       0.05517    0.66926 f
  implementation/U95/CO (FA1D0)                        0.05524    0.72450 f
  implementation/U92/CO (FA1D0)                        0.05524    0.77975 f
  implementation/U88/CO (FA1D0)                        0.05524    0.83499 f
  implementation/U83/CO (FA1D0)                        0.05524    0.89023 f
  implementation/U78/CO (FA1D0)                        0.05524    0.94548 f
  implementation/U127/CO (FA1D0)                       0.05265    0.99813 f
  implementation/U24/ZN (XNR3D0)                       0.14824    1.14638 r
  implementation/U74/S (FA1D0)                         0.10667    1.25305 r
  implementation/U26/ZN (INVD1)                        0.01488    1.26792 f
  implementation/U25/CO (FA1D0)                        0.07566    1.34359 f
  implementation/U4/CO (FA1D0)                         0.05513    1.39872 f
  implementation/U5/CO (FA1D0)                         0.05524    1.45396 f
  implementation/U75/CO (FA1D0)                        0.06312    1.51708 f
  implementation/U21/Z (OR2D0)                         0.05397    1.57105 f
  implementation/U12/ZN (NR2D0)                        0.04237    1.61342 r
  implementation/U8/ZN (INR2D0)                        0.05113    1.66455 r
  implementation/U7/ZN (AOI22D1)                       0.08733    1.75188 f
  implementation/U29/ZN (INVD1)                        0.03765    1.78954 r
  implementation/U23/ZN (INR3D0)                       0.03037    1.81991 f
  implementation/U17/ZN (INVD1)                        0.06376    1.88367 r
  implementation/U16/ZN (ND2D1)                        0.14628    2.02996 f
  implementation/fp_wrapper/U54/CO (FA1D0)             0.11656    2.14651 f
  implementation/fp_wrapper/U55/CO (FA1D0)             0.05516    2.20167 f
  implementation/fp_wrapper/U56/CO (FA1D0)             0.05524    2.25691 f
  implementation/fp_wrapper/U57/CO (FA1D0)             0.05524    2.31216 f
  implementation/fp_wrapper/U58/CO (FA1D0)             0.05524    2.36740 f
  implementation/fp_wrapper/U59/CO (FA1D0)             0.05598    2.42339 f
  implementation/fp_wrapper/U62/Z (XOR3D1)             0.05684    2.48022 r
  implementation/fp_wrapper/U61/Z (AO22D0)             0.05991    2.54013 r
  result[30] (out)                                     0.00000    2.54013 r
  data arrival time                                               2.54013

  clock vclk (rise edge)                              10.00000   10.00000
  clock network delay (ideal)                          0.00000   10.00000
  clock reconvergence pessimism                        0.00000   10.00000
  output external delay                               -0.02000    9.98000
  data required time                                              9.98000
  ------------------------------------------------------------------------------
  data required time                                              9.98000
  data arrival time                                              -2.54013
  ------------------------------------------------------------------------------
  slack (MET)                                                     7.43987


  Startpoint: divide_mode
               (input port clocked by vclk)
  Endpoint: result[30] (output port clocked by vclk)
  Path Group: vclk
  Path Type: max

  Point                                                   Incr       Path
  ------------------------------------------------------------------------------
  clock vclk (rise edge)                               0.00000    0.00000
  clock network delay (ideal)                          0.00000    0.00000
  input external delay                                 0.02000    0.02000 f
  divide_mode (in)                                     0.00437    0.02437 f
  implementation/U126/ZN (INVD1)                       0.08718    0.11155 r
  implementation/U77/ZN (INVD1)                        0.12218    0.23372 f
  implementation/U132/ZN (INR2D1)                      0.08283    0.31655 r
  implementation/mult_63_U9/CO (HA1D0)                 0.05333    0.36988 r
  implementation/mult_63_U8/CO (FA1D0)                 0.05095    0.42083 r
  implementation/mult_63_U7/S (FA1D0)                  0.06783    0.48866 f
  implementation/U94/ZN (INVD1)                        0.02202    0.51068 r
  implementation/U146/Z (CKXOR2D1)                     0.05880    0.56948 f
  implementation/U96/Z (AO22D0)                        0.06793    0.63741 f
  implementation/U95/CO (FA1D0)                        0.08136    0.71877 f
  implementation/U92/CO (FA1D0)                        0.05524    0.77402 f
  implementation/U88/CO (FA1D0)                        0.05524    0.82926 f
  implementation/U83/CO (FA1D0)                        0.05524    0.88451 f
  implementation/U78/CO (FA1D0)                        0.05524    0.93975 f
  implementation/U127/CO (FA1D0)                       0.05265    0.99240 f
  implementation/U24/ZN (XNR3D0)                       0.14824    1.14065 r
  implementation/U74/S (FA1D0)                         0.10667    1.24732 r
  implementation/U26/ZN (INVD1)                        0.01488    1.26219 f
  implementation/U25/CO (FA1D0)                        0.07566    1.33786 f
  implementation/U4/CO (FA1D0)                         0.05513    1.39299 f
  implementation/U5/CO (FA1D0)                         0.05524    1.44823 f
  implementation/U75/CO (FA1D0)                        0.06312    1.51135 f
  implementation/U21/Z (OR2D0)                         0.05397    1.56532 f
  implementation/U12/ZN (NR2D0)                        0.04237    1.60769 r
  implementation/U8/ZN (INR2D0)                        0.05113    1.65882 r
  implementation/U7/ZN (AOI22D1)                       0.08733    1.74616 f
  implementation/U29/ZN (INVD1)                        0.03765    1.78381 r
  implementation/U23/ZN (INR3D0)                       0.03037    1.81418 f
  implementation/U17/ZN (INVD1)                        0.06376    1.87794 r
  implementation/U16/ZN (ND2D1)                        0.14628    2.02423 f
  implementation/fp_wrapper/U48/CO (FA1D0)             0.11656    2.14078 f
  implementation/fp_wrapper/U49/CO (FA1D0)             0.05516    2.19594 f
  implementation/fp_wrapper/U50/CO (FA1D0)             0.05524    2.25118 f
  implementation/fp_wrapper/U51/CO (FA1D0)             0.05524    2.30643 f
  implementation/fp_wrapper/U52/CO (FA1D0)             0.05524    2.36167 f
  implementation/fp_wrapper/U53/CO (FA1D0)             0.05598    2.41766 f
  implementation/fp_wrapper/U63/Z (XOR3D1)             0.05647    2.47413 r
  implementation/fp_wrapper/U61/Z (AO22D0)             0.06590    2.54003 r
  result[30] (out)                                     0.00000    2.54003 r
  data arrival time                                               2.54003

  clock vclk (rise edge)                              10.00000   10.00000
  clock network delay (ideal)                          0.00000   10.00000
  clock reconvergence pessimism                        0.00000   10.00000
  output external delay                               -0.02000    9.98000
  data required time                                              9.98000
  ------------------------------------------------------------------------------
  data required time                                              9.98000
  data arrival time                                              -2.54003
  ------------------------------------------------------------------------------
  slack (MET)                                                     7.43997


  Startpoint: divide_mode
               (input port clocked by vclk)
  Endpoint: result[30] (output port clocked by vclk)
  Path Group: vclk
  Path Type: max

  Point                                                   Incr       Path
  ------------------------------------------------------------------------------
  clock vclk (rise edge)                               0.00000    0.00000
  clock network delay (ideal)                          0.00000    0.00000
  input external delay                                 0.02000    0.02000 f
  divide_mode (in)                                     0.00437    0.02437 f
  implementation/U126/ZN (INVD1)                       0.08718    0.11155 r
  implementation/U77/ZN (INVD1)                        0.12218    0.23372 f
  implementation/U133/ZN (INR2D1)                      0.07515    0.30887 r
  implementation/mult_63_U9/S (HA1D0)                  0.07544    0.38431 f
  implementation/U106/ZN (INVD1)                       0.02172    0.40603 r
  implementation/U144/Z (CKXOR2D1)                     0.05876    0.46479 f
  implementation/U105/Z (AO22D0)                       0.06793    0.53272 f
  implementation/U104/CO (FA1D0)                       0.08136    0.61408 f
  implementation/U100/CO (FA1D0)                       0.05517    0.66926 f
  implementation/U95/CO (FA1D0)                        0.05524    0.72450 f
  implementation/U92/CO (FA1D0)                        0.05524    0.77975 f
  implementation/U88/CO (FA1D0)                        0.05524    0.83499 f
  implementation/U83/CO (FA1D0)                        0.05524    0.89023 f
  implementation/U78/CO (FA1D0)                        0.05524    0.94548 f
  implementation/U127/CO (FA1D0)                       0.05265    0.99813 f
  implementation/U24/ZN (XNR3D0)                       0.14824    1.14638 r
  implementation/U74/CO (FA1D0)                        0.11764    1.26401 r
  implementation/U85/ZN (XNR2D1)                       0.05385    1.31786 f
  implementation/U4/CO (FA1D0)                         0.07874    1.39660 f
  implementation/U5/CO (FA1D0)                         0.05524    1.45184 f
  implementation/U75/CO (FA1D0)                        0.06312    1.51496 f
  implementation/U21/Z (OR2D0)                         0.05397    1.56893 f
  implementation/U12/ZN (NR2D0)                        0.04237    1.61130 r
  implementation/U8/ZN (INR2D0)                        0.05113    1.66243 r
  implementation/U7/ZN (AOI22D1)                       0.08733    1.74976 f
  implementation/U29/ZN (INVD1)                        0.03765    1.78741 r
  implementation/U23/ZN (INR3D0)                       0.03037    1.81779 f
  implementation/U17/ZN (INVD1)                        0.06376    1.88155 r
  implementation/U16/ZN (ND2D1)                        0.14628    2.02783 f
  implementation/fp_wrapper/U48/CO (FA1D0)             0.11656    2.14439 f
  implementation/fp_wrapper/U49/CO (FA1D0)             0.05516    2.19955 f
  implementation/fp_wrapper/U50/CO (FA1D0)             0.05524    2.25479 f
  implementation/fp_wrapper/U51/CO (FA1D0)             0.05524    2.31003 f
  implementation/fp_wrapper/U52/CO (FA1D0)             0.05524    2.36528 f
  implementation/fp_wrapper/U53/CO (FA1D0)             0.05598    2.42126 f
  implementation/fp_wrapper/U63/Z (XOR3D1)             0.04170    2.46296 f
  implementation/fp_wrapper/U61/Z (AO22D0)             0.07703    2.53999 f
  result[30] (out)                                     0.00000    2.53999 f
  data arrival time                                               2.53999

  clock vclk (rise edge)                              10.00000   10.00000
  clock network delay (ideal)                          0.00000   10.00000
  clock reconvergence pessimism                        0.00000   10.00000
  output external delay                               -0.02000    9.98000
  data required time                                              9.98000
  ------------------------------------------------------------------------------
  data required time                                              9.98000
  data arrival time                                              -2.53999
  ------------------------------------------------------------------------------
  slack (MET)                                                     7.44001


  Startpoint: divide_mode
               (input port clocked by vclk)
  Endpoint: result[30] (output port clocked by vclk)
  Path Group: vclk
  Path Type: max

  Point                                                   Incr       Path
  ------------------------------------------------------------------------------
  clock vclk (rise edge)                               0.00000    0.00000
  clock network delay (ideal)                          0.00000    0.00000
  input external delay                                 0.02000    0.02000 f
  divide_mode (in)                                     0.00437    0.02437 f
  implementation/U126/ZN (INVD1)                       0.08718    0.11155 r
  implementation/U77/ZN (INVD1)                        0.12218    0.23372 f
  implementation/U132/ZN (INR2D1)                      0.08283    0.31655 r
  implementation/mult_63_U9/CO (HA1D0)                 0.05333    0.36988 r
  implementation/mult_63_U8/S (FA1D0)                  0.06809    0.43797 f
  implementation/U99/ZN (INVD1)                        0.02206    0.46003 r
  implementation/U145/Z (CKXOR2D1)                     0.05881    0.51884 f
  implementation/U101/Z (AO22D0)                       0.06793    0.58677 f
  implementation/U100/CO (FA1D0)                       0.08136    0.66813 f
  implementation/U95/CO (FA1D0)                        0.05524    0.72337 f
  implementation/U92/CO (FA1D0)                        0.05524    0.77862 f
  implementation/U88/CO (FA1D0)                        0.05524    0.83386 f
  implementation/U83/CO (FA1D0)                        0.05524    0.88911 f
  implementation/U78/CO (FA1D0)                        0.05524    0.94435 f
  implementation/U127/CO (FA1D0)                       0.05265    0.99700 f
  implementation/U24/ZN (XNR3D0)                       0.14824    1.14525 r
  implementation/U74/S (FA1D0)                         0.10667    1.25192 r
  implementation/U26/ZN (INVD1)                        0.01488    1.26680 f
  implementation/U25/CO (FA1D0)                        0.07566    1.34246 f
  implementation/U4/CO (FA1D0)                         0.05513    1.39759 f
  implementation/U5/CO (FA1D0)                         0.05524    1.45283 f
  implementation/U75/CO (FA1D0)                        0.06312    1.51595 f
  implementation/U21/Z (OR2D0)                         0.05397    1.56992 f
  implementation/U12/ZN (NR2D0)                        0.04237    1.61229 r
  implementation/U8/ZN (INR2D0)                        0.05113    1.66342 r
  implementation/U7/ZN (AOI22D1)                       0.08733    1.75076 f
  implementation/U29/ZN (INVD1)                        0.03765    1.78841 r
  implementation/U23/ZN (INR3D0)                       0.03037    1.81878 f
  implementation/U17/ZN (INVD1)                        0.06376    1.88255 r
  implementation/U16/ZN (ND2D1)                        0.14628    2.02883 f
  implementation/fp_wrapper/U54/CO (FA1D0)             0.11656    2.14539 f
  implementation/fp_wrapper/U55/CO (FA1D0)             0.05516    2.20054 f
  implementation/fp_wrapper/U56/CO (FA1D0)             0.05524    2.25579 f
  implementation/fp_wrapper/U57/CO (FA1D0)             0.05524    2.31103 f
  implementation/fp_wrapper/U58/CO (FA1D0)             0.05524    2.36627 f
  implementation/fp_wrapper/U59/CO (FA1D0)             0.05598    2.42226 f
  implementation/fp_wrapper/U62/Z (XOR3D1)             0.05684    2.47910 r
  implementation/fp_wrapper/U61/Z (AO22D0)             0.05991    2.53901 r
  result[30] (out)                                     0.00000    2.53901 r
  data arrival time                                               2.53901

  clock vclk (rise edge)                              10.00000   10.00000
  clock network delay (ideal)                          0.00000   10.00000
  clock reconvergence pessimism                        0.00000   10.00000
  output external delay                               -0.02000    9.98000
  data required time                                              9.98000
  ------------------------------------------------------------------------------
  data required time                                              9.98000
  data arrival time                                              -2.53901
  ------------------------------------------------------------------------------
  slack (MET)                                                     7.44099

Warning: report_timing has satisfied the max_paths criteria. There are 21 further endpoints which have paths of interest with slack less than 1000.00000 that were not considered when generating this report. (UITE-502)

1
