****************************************
Report : Averaged Power
	-significant_digits
Design : unified_div_drop_l1_shared
Version: U-2022.12-SP5
Date   : Wed Sep 16 00:45:11 2026
****************************************



  Attributes
  ----------
      i  -  Including register clock pin internal power
      u  -  User defined power group

                        Internal             Switching            Leakage              Total
Power Group             Power                Power                Power                Power               (     %)   Attrs
----------------------------------------------------------------------------------------------------------------------------
clock_network           0.00000e+00          0.00000e+00          0.00000e+00          0.00000e+00         ( 0.00%)   i
register                0.00000e+00          0.00000e+00          0.00000e+00          0.00000e+00         ( 0.00%)   
combinational           3.29643e-05          1.25394e-05          9.24050e-06          5.47442e-05         (100.00%)  
sequential              0.00000e+00          0.00000e+00          0.00000e+00          0.00000e+00         ( 0.00%)   
memory                  0.00000e+00          0.00000e+00          0.00000e+00          0.00000e+00         ( 0.00%)   
io_pad                  0.00000e+00          0.00000e+00          0.00000e+00          0.00000e+00         ( 0.00%)   
black_box               0.00000e+00          0.00000e+00          0.00000e+00          0.00000e+00         ( 0.00%)   

  Net Switching Power  = 1.25394e-05           (22.91%)
  Cell Internal Power  = 3.29643e-05           (60.22%)
  Cell Leakage Power   = 9.24050e-06           (16.88%)
                         -------------------------
Total Power            = 5.47442e-05          (100.00%)

1
