 
****************************************
Report : timing
        -path full
        -delay max
        -nworst 10
        -max_paths 10
Design : oadm_fixed_l2_div_specialized_shiftadd_postcorr_paceio
Version: U-2022.12-SP7
Date   : Wed Sep  2 19:59:58 2026
****************************************

Operating Conditions: NCCOM   Library: tcbn65gplustc_ccs
Wire Load Model Mode: segmented

  Startpoint: y[21] (input port clocked by vclk)
  Endpoint: result[30] (output port clocked by vclk)
  Path Group: vclk
  Path Type: max

  Des/Clust/Port     Wire Load Model       Library
  ------------------------------------------------
  oadm_fixed_l2_div_specialized_shiftadd_postcorr_paceio ZeroWireload tcbn65gplustc_ccs

  Point                                       Incr       Path
  --------------------------------------------------------------
  clock vclk (rise edge)                      0.00       0.00
  clock network delay (ideal)                 0.00       0.00
  input external delay                        0.02       0.02 f
  y[21] (in)                                  0.00       0.02 f
  U733/Z (BUFFD1)                             0.04       0.07 f
  U713/ZN (INVD0)                             0.03       0.10 r
  U787/ZN (ND2D1)                             0.13       0.23 f
  U788/ZN (ND2D1)                             0.21       0.43 r
  U605/Z (XOR2D0)                             0.09       0.52 f
  U791/CO (FA1D0)                             0.08       0.60 f
  U792/CO (FA1D0)                             0.06       0.66 f
  U799/CO (FA1D0)                             0.06       0.71 f
  U808/CO (FA1D0)                             0.06       0.77 f
  U817/CO (FA1D0)                             0.06       0.82 f
  U860/S (FA1D0)                              0.06       0.88 f
  U470/ZN (AOI21D0)                           0.05       0.93 r
  U468/ZN (CKND0)                             0.03       0.96 f
  U429/Z (MUX2D0)                             0.06       1.01 f
  U986/CO (FA1D0)                             0.10       1.12 f
  U1016/S (FA1D0)                             0.08       1.19 r
  U428/ZN (INVD0)                             0.03       1.22 f
  U420/ZN (NR2D0)                             0.05       1.27 r
  DP_OP_130J1_124_7634_U131/S (CMPE42D1)      0.13       1.40 f
  U1038/S (FA1D0)                             0.10       1.50 f
  U367/ZN (MAOI222D0)                         0.05       1.55 r
  U361/ZN (INVD0)                             0.03       1.58 f
  U1086/CO (FA1D0)                            0.08       1.66 f
  U1127/CO (FA1D0)                            0.06       1.73 f
  U225/Z (OR2D0)                              0.05       1.78 f
  U156/Z (OR2D0)                              0.05       1.83 f
  U154/Z (OR2D0)                              0.05       1.87 f
  U153/Z (OR2D0)                              0.05       1.93 f
  U152/Z (OR2D0)                              0.06       1.98 f
  U151/Z (OR2D0)                              0.06       2.04 f
  U150/Z (OR2D0)                              0.06       2.10 f
  U148/Z (OR2D0)                              0.06       2.15 f
  U147/Z (OR2D0)                              0.06       2.21 f
  U146/Z (OR2D0)                              0.06       2.27 f
  U145/Z (OR2D0)                              0.06       2.32 f
  U134/Z (OR2D0)                              0.06       2.38 f
  U129/Z (OR2D0)                              0.06       2.44 f
  U125/Z (OR2D0)                              0.06       2.49 f
  U121/Z (OR2D0)                              0.06       2.55 f
  U119/Z (OR2D0)                              0.06       2.61 f
  U117/Z (OR2D0)                              0.06       2.67 f
  U116/Z (OR2D0)                              0.06       2.72 f
  U115/Z (OR2D0)                              0.06       2.78 f
  U268/Z (OR2D1)                              0.04       2.82 f
  U124/ZN (NR2D0)                             0.03       2.85 r
  U118/Z (XOR3D0)                             0.20       3.05 f
  U1058/ZN (NR2D1)                            0.17       3.22 r
  U1059/ZN (INVD1)                            0.03       3.24 f
  U113/Z (OR2D0)                              0.06       3.30 f
  U1064/CO (FA1D0)                            0.10       3.40 f
  U1068/Z (OR2D0)                             0.05       3.45 f
  U112/Z (OR2D0)                              0.05       3.50 f
  U1073/Z (OR2D0)                             0.06       3.56 f
  U1077/Z (OR2D0)                             0.06       3.61 f
  U108/ZN (NR2D0)                             0.04       3.66 r
  U107/Z (XOR4D0)                             0.13       3.79 r
  result[30] (out)                            0.00       3.79 r
  data arrival time                                      3.79

  clock vclk (rise edge)                     10.00      10.00
  clock network delay (ideal)                 0.00      10.00
  output external delay                      -0.02       9.98
  data required time                                     9.98
  --------------------------------------------------------------
  data required time                                     9.98
  data arrival time                                     -3.79
  --------------------------------------------------------------
  slack (MET)                                            6.19


  Startpoint: y[21] (input port clocked by vclk)
  Endpoint: result[30] (output port clocked by vclk)
  Path Group: vclk
  Path Type: max

  Des/Clust/Port     Wire Load Model       Library
  ------------------------------------------------
  oadm_fixed_l2_div_specialized_shiftadd_postcorr_paceio ZeroWireload tcbn65gplustc_ccs

  Point                                       Incr       Path
  --------------------------------------------------------------
  clock vclk (rise edge)                      0.00       0.00
  clock network delay (ideal)                 0.00       0.00
  input external delay                        0.02       0.02 f
  y[21] (in)                                  0.00       0.02 f
  U733/Z (BUFFD1)                             0.04       0.07 f
  U713/ZN (INVD0)                             0.03       0.10 r
  U787/ZN (ND2D1)                             0.13       0.23 f
  U788/ZN (ND2D1)                             0.21       0.43 r
  U605/Z (XOR2D0)                             0.09       0.52 f
  U791/CO (FA1D0)                             0.08       0.60 f
  U792/CO (FA1D0)                             0.06       0.66 f
  U799/CO (FA1D0)                             0.06       0.71 f
  U808/CO (FA1D0)                             0.06       0.77 f
  U817/CO (FA1D0)                             0.06       0.82 f
  U860/S (FA1D0)                              0.06       0.88 f
  U470/ZN (AOI21D0)                           0.05       0.93 r
  U468/ZN (CKND0)                             0.03       0.96 f
  U429/Z (MUX2D0)                             0.06       1.01 f
  U986/CO (FA1D0)                             0.10       1.12 f
  U1016/S (FA1D0)                             0.08       1.19 r
  U428/ZN (INVD0)                             0.03       1.22 f
  U420/ZN (NR2D0)                             0.05       1.27 r
  DP_OP_130J1_124_7634_U131/S (CMPE42D1)      0.13       1.40 f
  U1038/S (FA1D0)                             0.10       1.50 f
  U367/ZN (MAOI222D0)                         0.05       1.55 r
  U361/ZN (INVD0)                             0.03       1.58 f
  U1086/CO (FA1D0)                            0.08       1.66 f
  U1127/CO (FA1D0)                            0.06       1.73 f
  U225/Z (OR2D0)                              0.05       1.78 f
  U156/Z (OR2D0)                              0.05       1.83 f
  U154/Z (OR2D0)                              0.05       1.87 f
  U153/Z (OR2D0)                              0.05       1.93 f
  U152/Z (OR2D0)                              0.06       1.98 f
  U151/Z (OR2D0)                              0.06       2.04 f
  U150/Z (OR2D0)                              0.06       2.10 f
  U148/Z (OR2D0)                              0.06       2.15 f
  U147/Z (OR2D0)                              0.06       2.21 f
  U146/Z (OR2D0)                              0.06       2.27 f
  U145/Z (OR2D0)                              0.06       2.32 f
  U134/Z (OR2D0)                              0.06       2.38 f
  U129/Z (OR2D0)                              0.06       2.44 f
  U125/Z (OR2D0)                              0.06       2.49 f
  U121/Z (OR2D0)                              0.06       2.55 f
  U119/Z (OR2D0)                              0.06       2.61 f
  U117/Z (OR2D0)                              0.06       2.67 f
  U116/Z (OR2D0)                              0.06       2.72 f
  U115/Z (OR2D0)                              0.06       2.78 f
  U268/Z (OR2D1)                              0.04       2.82 f
  U124/ZN (NR2D0)                             0.03       2.85 r
  U118/Z (XOR3D0)                             0.20       3.05 f
  U1058/ZN (NR2D1)                            0.17       3.22 r
  U1059/ZN (INVD1)                            0.03       3.24 f
  U113/Z (OR2D0)                              0.06       3.30 f
  U1064/CO (FA1D0)                            0.10       3.40 f
  U1068/Z (OR2D0)                             0.05       3.45 f
  U112/Z (OR2D0)                              0.05       3.50 f
  U1073/Z (OR2D0)                             0.06       3.56 f
  U1077/Z (OR2D0)                             0.06       3.61 f
  U108/ZN (NR2D0)                             0.04       3.66 r
  U107/Z (XOR4D0)                             0.13       3.79 r
  result[30] (out)                            0.00       3.79 r
  data arrival time                                      3.79

  clock vclk (rise edge)                     10.00      10.00
  clock network delay (ideal)                 0.00      10.00
  output external delay                      -0.02       9.98
  data required time                                     9.98
  --------------------------------------------------------------
  data required time                                     9.98
  data arrival time                                     -3.79
  --------------------------------------------------------------
  slack (MET)                                            6.19


  Startpoint: y[21] (input port clocked by vclk)
  Endpoint: result[30] (output port clocked by vclk)
  Path Group: vclk
  Path Type: max

  Des/Clust/Port     Wire Load Model       Library
  ------------------------------------------------
  oadm_fixed_l2_div_specialized_shiftadd_postcorr_paceio ZeroWireload tcbn65gplustc_ccs

  Point                                       Incr       Path
  --------------------------------------------------------------
  clock vclk (rise edge)                      0.00       0.00
  clock network delay (ideal)                 0.00       0.00
  input external delay                        0.02       0.02 f
  y[21] (in)                                  0.00       0.02 f
  U733/Z (BUFFD1)                             0.04       0.07 f
  U713/ZN (INVD0)                             0.03       0.10 r
  U787/ZN (ND2D1)                             0.13       0.23 f
  U788/ZN (ND2D1)                             0.21       0.43 r
  U605/Z (XOR2D0)                             0.09       0.52 f
  U791/CO (FA1D0)                             0.08       0.60 f
  U792/CO (FA1D0)                             0.06       0.66 f
  U799/CO (FA1D0)                             0.06       0.71 f
  U808/CO (FA1D0)                             0.06       0.77 f
  U817/CO (FA1D0)                             0.06       0.82 f
  U860/S (FA1D0)                              0.06       0.88 f
  U470/ZN (AOI21D0)                           0.05       0.93 r
  U468/ZN (CKND0)                             0.03       0.96 f
  U429/Z (MUX2D0)                             0.06       1.01 f
  U986/CO (FA1D0)                             0.10       1.12 f
  U1016/S (FA1D0)                             0.08       1.19 r
  U428/ZN (INVD0)                             0.03       1.22 f
  U420/ZN (NR2D0)                             0.05       1.27 r
  DP_OP_130J1_124_7634_U131/S (CMPE42D1)      0.13       1.40 f
  U1038/S (FA1D0)                             0.10       1.50 f
  U367/ZN (MAOI222D0)                         0.05       1.55 r
  U361/ZN (INVD0)                             0.03       1.58 f
  U1086/CO (FA1D0)                            0.08       1.66 f
  U1127/CO (FA1D0)                            0.06       1.73 f
  U225/Z (OR2D0)                              0.05       1.78 f
  U156/Z (OR2D0)                              0.05       1.83 f
  U154/Z (OR2D0)                              0.05       1.87 f
  U153/Z (OR2D0)                              0.05       1.93 f
  U152/Z (OR2D0)                              0.06       1.98 f
  U151/Z (OR2D0)                              0.06       2.04 f
  U150/Z (OR2D0)                              0.06       2.10 f
  U148/Z (OR2D0)                              0.06       2.15 f
  U147/Z (OR2D0)                              0.06       2.21 f
  U146/Z (OR2D0)                              0.06       2.27 f
  U145/Z (OR2D0)                              0.06       2.32 f
  U134/Z (OR2D0)                              0.06       2.38 f
  U129/Z (OR2D0)                              0.06       2.44 f
  U125/Z (OR2D0)                              0.06       2.49 f
  U121/Z (OR2D0)                              0.06       2.55 f
  U119/Z (OR2D0)                              0.06       2.61 f
  U117/Z (OR2D0)                              0.06       2.67 f
  U116/Z (OR2D0)                              0.06       2.72 f
  U115/Z (OR2D0)                              0.06       2.78 f
  U268/Z (OR2D1)                              0.04       2.82 f
  U124/ZN (NR2D0)                             0.03       2.85 r
  U118/Z (XOR3D0)                             0.20       3.05 f
  U1058/ZN (NR2D1)                            0.17       3.22 r
  U1059/ZN (INVD1)                            0.03       3.24 f
  U113/Z (OR2D0)                              0.06       3.30 f
  U1064/CO (FA1D0)                            0.10       3.40 f
  U1068/Z (OR2D0)                             0.05       3.45 f
  U112/Z (OR2D0)                              0.05       3.50 f
  U1073/Z (OR2D0)                             0.06       3.56 f
  U1077/Z (OR2D0)                             0.06       3.61 f
  U108/ZN (NR2D0)                             0.04       3.66 r
  U107/Z (XOR4D0)                             0.13       3.79 r
  result[30] (out)                            0.00       3.79 r
  data arrival time                                      3.79

  clock vclk (rise edge)                     10.00      10.00
  clock network delay (ideal)                 0.00      10.00
  output external delay                      -0.02       9.98
  data required time                                     9.98
  --------------------------------------------------------------
  data required time                                     9.98
  data arrival time                                     -3.79
  --------------------------------------------------------------
  slack (MET)                                            6.19


  Startpoint: y[21] (input port clocked by vclk)
  Endpoint: result[30] (output port clocked by vclk)
  Path Group: vclk
  Path Type: max

  Des/Clust/Port     Wire Load Model       Library
  ------------------------------------------------
  oadm_fixed_l2_div_specialized_shiftadd_postcorr_paceio ZeroWireload tcbn65gplustc_ccs

  Point                                       Incr       Path
  --------------------------------------------------------------
  clock vclk (rise edge)                      0.00       0.00
  clock network delay (ideal)                 0.00       0.00
  input external delay                        0.02       0.02 f
  y[21] (in)                                  0.00       0.02 f
  U733/Z (BUFFD1)                             0.04       0.07 f
  U713/ZN (INVD0)                             0.03       0.10 r
  U787/ZN (ND2D1)                             0.13       0.23 f
  U788/ZN (ND2D1)                             0.21       0.43 r
  U605/Z (XOR2D0)                             0.09       0.52 f
  U791/CO (FA1D0)                             0.08       0.60 f
  U792/CO (FA1D0)                             0.06       0.66 f
  U799/CO (FA1D0)                             0.06       0.71 f
  U808/CO (FA1D0)                             0.06       0.77 f
  U817/CO (FA1D0)                             0.06       0.82 f
  U860/S (FA1D0)                              0.06       0.88 f
  U470/ZN (AOI21D0)                           0.05       0.93 r
  U468/ZN (CKND0)                             0.03       0.96 f
  U429/Z (MUX2D0)                             0.06       1.01 f
  U986/CO (FA1D0)                             0.10       1.12 f
  U1016/S (FA1D0)                             0.08       1.19 r
  U428/ZN (INVD0)                             0.03       1.22 f
  U420/ZN (NR2D0)                             0.05       1.27 r
  DP_OP_130J1_124_7634_U131/S (CMPE42D1)      0.13       1.40 f
  U1038/S (FA1D0)                             0.10       1.50 f
  U367/ZN (MAOI222D0)                         0.05       1.55 r
  U361/ZN (INVD0)                             0.03       1.58 f
  U1086/CO (FA1D0)                            0.08       1.66 f
  U1127/CO (FA1D0)                            0.06       1.73 f
  U225/Z (OR2D0)                              0.05       1.78 f
  U156/Z (OR2D0)                              0.05       1.83 f
  U154/Z (OR2D0)                              0.05       1.87 f
  U153/Z (OR2D0)                              0.05       1.93 f
  U152/Z (OR2D0)                              0.06       1.98 f
  U151/Z (OR2D0)                              0.06       2.04 f
  U150/Z (OR2D0)                              0.06       2.10 f
  U148/Z (OR2D0)                              0.06       2.15 f
  U147/Z (OR2D0)                              0.06       2.21 f
  U146/Z (OR2D0)                              0.06       2.27 f
  U145/Z (OR2D0)                              0.06       2.32 f
  U134/Z (OR2D0)                              0.06       2.38 f
  U129/Z (OR2D0)                              0.06       2.44 f
  U125/Z (OR2D0)                              0.06       2.49 f
  U121/Z (OR2D0)                              0.06       2.55 f
  U119/Z (OR2D0)                              0.06       2.61 f
  U117/Z (OR2D0)                              0.06       2.67 f
  U116/Z (OR2D0)                              0.06       2.72 f
  U115/Z (OR2D0)                              0.06       2.78 f
  U268/Z (OR2D1)                              0.04       2.82 f
  U124/ZN (NR2D0)                             0.03       2.85 r
  U118/Z (XOR3D0)                             0.20       3.05 f
  U1058/ZN (NR2D1)                            0.17       3.22 r
  U1059/ZN (INVD1)                            0.03       3.24 f
  U113/Z (OR2D0)                              0.06       3.30 f
  U1064/CO (FA1D0)                            0.10       3.40 f
  U1068/Z (OR2D0)                             0.05       3.45 f
  U112/Z (OR2D0)                              0.05       3.50 f
  U1073/Z (OR2D0)                             0.06       3.56 f
  U1077/Z (OR2D0)                             0.06       3.61 f
  U108/ZN (NR2D0)                             0.04       3.66 r
  U107/Z (XOR4D0)                             0.13       3.79 r
  result[30] (out)                            0.00       3.79 r
  data arrival time                                      3.79

  clock vclk (rise edge)                     10.00      10.00
  clock network delay (ideal)                 0.00      10.00
  output external delay                      -0.02       9.98
  data required time                                     9.98
  --------------------------------------------------------------
  data required time                                     9.98
  data arrival time                                     -3.79
  --------------------------------------------------------------
  slack (MET)                                            6.19


  Startpoint: y[21] (input port clocked by vclk)
  Endpoint: result[30] (output port clocked by vclk)
  Path Group: vclk
  Path Type: max

  Des/Clust/Port     Wire Load Model       Library
  ------------------------------------------------
  oadm_fixed_l2_div_specialized_shiftadd_postcorr_paceio ZeroWireload tcbn65gplustc_ccs

  Point                                       Incr       Path
  --------------------------------------------------------------
  clock vclk (rise edge)                      0.00       0.00
  clock network delay (ideal)                 0.00       0.00
  input external delay                        0.02       0.02 f
  y[21] (in)                                  0.00       0.02 f
  U733/Z (BUFFD1)                             0.04       0.07 f
  U713/ZN (INVD0)                             0.03       0.10 r
  U787/ZN (ND2D1)                             0.13       0.23 f
  U788/ZN (ND2D1)                             0.21       0.43 r
  U605/Z (XOR2D0)                             0.09       0.52 f
  U791/CO (FA1D0)                             0.08       0.60 f
  U792/CO (FA1D0)                             0.06       0.66 f
  U799/CO (FA1D0)                             0.06       0.71 f
  U808/CO (FA1D0)                             0.06       0.77 f
  U817/CO (FA1D0)                             0.06       0.82 f
  U860/S (FA1D0)                              0.06       0.88 f
  U470/ZN (AOI21D0)                           0.05       0.93 r
  U468/ZN (CKND0)                             0.03       0.96 f
  U429/Z (MUX2D0)                             0.06       1.01 f
  U986/CO (FA1D0)                             0.10       1.12 f
  U1016/S (FA1D0)                             0.08       1.19 r
  U428/ZN (INVD0)                             0.03       1.22 f
  U420/ZN (NR2D0)                             0.05       1.27 r
  DP_OP_130J1_124_7634_U131/S (CMPE42D1)      0.13       1.40 f
  U1038/S (FA1D0)                             0.10       1.50 f
  U367/ZN (MAOI222D0)                         0.05       1.55 r
  U361/ZN (INVD0)                             0.03       1.58 f
  U1086/CO (FA1D0)                            0.08       1.66 f
  U1127/CO (FA1D0)                            0.06       1.73 f
  U225/Z (OR2D0)                              0.05       1.78 f
  U156/Z (OR2D0)                              0.05       1.83 f
  U154/Z (OR2D0)                              0.05       1.87 f
  U153/Z (OR2D0)                              0.05       1.93 f
  U152/Z (OR2D0)                              0.06       1.98 f
  U151/Z (OR2D0)                              0.06       2.04 f
  U150/Z (OR2D0)                              0.06       2.10 f
  U148/Z (OR2D0)                              0.06       2.15 f
  U147/Z (OR2D0)                              0.06       2.21 f
  U146/Z (OR2D0)                              0.06       2.27 f
  U145/Z (OR2D0)                              0.06       2.32 f
  U134/Z (OR2D0)                              0.06       2.38 f
  U129/Z (OR2D0)                              0.06       2.44 f
  U125/Z (OR2D0)                              0.06       2.49 f
  U121/Z (OR2D0)                              0.06       2.55 f
  U119/Z (OR2D0)                              0.06       2.61 f
  U117/Z (OR2D0)                              0.06       2.67 f
  U116/Z (OR2D0)                              0.06       2.72 f
  U115/Z (OR2D0)                              0.06       2.78 f
  U268/Z (OR2D1)                              0.04       2.82 f
  U124/ZN (NR2D0)                             0.03       2.85 r
  U118/Z (XOR3D0)                             0.20       3.05 f
  U1058/ZN (NR2D1)                            0.17       3.22 r
  U1059/ZN (INVD1)                            0.03       3.24 f
  U113/Z (OR2D0)                              0.06       3.30 f
  U1064/CO (FA1D0)                            0.10       3.40 f
  U1068/Z (OR2D0)                             0.05       3.45 f
  U112/Z (OR2D0)                              0.05       3.50 f
  U1073/Z (OR2D0)                             0.06       3.56 f
  U1077/Z (OR2D0)                             0.06       3.61 f
  U108/ZN (NR2D0)                             0.04       3.66 r
  U107/Z (XOR4D0)                             0.13       3.79 r
  result[30] (out)                            0.00       3.79 r
  data arrival time                                      3.79

  clock vclk (rise edge)                     10.00      10.00
  clock network delay (ideal)                 0.00      10.00
  output external delay                      -0.02       9.98
  data required time                                     9.98
  --------------------------------------------------------------
  data required time                                     9.98
  data arrival time                                     -3.79
  --------------------------------------------------------------
  slack (MET)                                            6.19


  Startpoint: y[21] (input port clocked by vclk)
  Endpoint: result[30] (output port clocked by vclk)
  Path Group: vclk
  Path Type: max

  Des/Clust/Port     Wire Load Model       Library
  ------------------------------------------------
  oadm_fixed_l2_div_specialized_shiftadd_postcorr_paceio ZeroWireload tcbn65gplustc_ccs

  Point                                       Incr       Path
  --------------------------------------------------------------
  clock vclk (rise edge)                      0.00       0.00
  clock network delay (ideal)                 0.00       0.00
  input external delay                        0.02       0.02 f
  y[21] (in)                                  0.00       0.02 f
  U733/Z (BUFFD1)                             0.04       0.07 f
  U713/ZN (INVD0)                             0.03       0.10 r
  U787/ZN (ND2D1)                             0.13       0.23 f
  U788/ZN (ND2D1)                             0.21       0.43 r
  U605/Z (XOR2D0)                             0.09       0.52 f
  U791/CO (FA1D0)                             0.08       0.60 f
  U792/CO (FA1D0)                             0.06       0.66 f
  U799/CO (FA1D0)                             0.06       0.71 f
  U808/CO (FA1D0)                             0.06       0.77 f
  U817/CO (FA1D0)                             0.06       0.82 f
  U860/S (FA1D0)                              0.06       0.88 f
  U470/ZN (AOI21D0)                           0.05       0.93 r
  U468/ZN (CKND0)                             0.03       0.96 f
  U429/Z (MUX2D0)                             0.06       1.01 f
  U986/CO (FA1D0)                             0.10       1.12 f
  U1016/S (FA1D0)                             0.08       1.19 r
  U428/ZN (INVD0)                             0.03       1.22 f
  U420/ZN (NR2D0)                             0.05       1.27 r
  DP_OP_130J1_124_7634_U131/S (CMPE42D1)      0.13       1.40 f
  U1038/S (FA1D0)                             0.10       1.50 f
  U367/ZN (MAOI222D0)                         0.05       1.55 r
  U361/ZN (INVD0)                             0.03       1.58 f
  U1086/CO (FA1D0)                            0.08       1.66 f
  U1127/CO (FA1D0)                            0.06       1.73 f
  U225/Z (OR2D0)                              0.05       1.78 f
  U156/Z (OR2D0)                              0.05       1.83 f
  U154/Z (OR2D0)                              0.05       1.87 f
  U153/Z (OR2D0)                              0.05       1.93 f
  U152/Z (OR2D0)                              0.06       1.98 f
  U151/Z (OR2D0)                              0.06       2.04 f
  U150/Z (OR2D0)                              0.06       2.10 f
  U148/Z (OR2D0)                              0.06       2.15 f
  U147/Z (OR2D0)                              0.06       2.21 f
  U146/Z (OR2D0)                              0.06       2.27 f
  U145/Z (OR2D0)                              0.06       2.32 f
  U134/Z (OR2D0)                              0.06       2.38 f
  U129/Z (OR2D0)                              0.06       2.44 f
  U125/Z (OR2D0)                              0.06       2.49 f
  U121/Z (OR2D0)                              0.06       2.55 f
  U119/Z (OR2D0)                              0.06       2.61 f
  U117/Z (OR2D0)                              0.06       2.67 f
  U116/Z (OR2D0)                              0.06       2.72 f
  U115/Z (OR2D0)                              0.06       2.78 f
  U268/Z (OR2D1)                              0.04       2.82 f
  U124/ZN (NR2D0)                             0.03       2.85 r
  U118/Z (XOR3D0)                             0.20       3.05 f
  U1058/ZN (NR2D1)                            0.17       3.22 r
  U1059/ZN (INVD1)                            0.03       3.24 f
  U113/Z (OR2D0)                              0.06       3.30 f
  U1064/CO (FA1D0)                            0.10       3.40 f
  U1068/Z (OR2D0)                             0.05       3.45 f
  U112/Z (OR2D0)                              0.05       3.50 f
  U1073/Z (OR2D0)                             0.06       3.56 f
  U1077/Z (OR2D0)                             0.06       3.61 f
  U108/ZN (NR2D0)                             0.04       3.66 r
  U107/Z (XOR4D0)                             0.13       3.79 r
  result[30] (out)                            0.00       3.79 r
  data arrival time                                      3.79

  clock vclk (rise edge)                     10.00      10.00
  clock network delay (ideal)                 0.00      10.00
  output external delay                      -0.02       9.98
  data required time                                     9.98
  --------------------------------------------------------------
  data required time                                     9.98
  data arrival time                                     -3.79
  --------------------------------------------------------------
  slack (MET)                                            6.19


  Startpoint: y[21] (input port clocked by vclk)
  Endpoint: result[30] (output port clocked by vclk)
  Path Group: vclk
  Path Type: max

  Des/Clust/Port     Wire Load Model       Library
  ------------------------------------------------
  oadm_fixed_l2_div_specialized_shiftadd_postcorr_paceio ZeroWireload tcbn65gplustc_ccs

  Point                                       Incr       Path
  --------------------------------------------------------------
  clock vclk (rise edge)                      0.00       0.00
  clock network delay (ideal)                 0.00       0.00
  input external delay                        0.02       0.02 f
  y[21] (in)                                  0.00       0.02 f
  U733/Z (BUFFD1)                             0.04       0.07 f
  U713/ZN (INVD0)                             0.03       0.10 r
  U787/ZN (ND2D1)                             0.13       0.23 f
  U788/ZN (ND2D1)                             0.21       0.43 r
  U605/Z (XOR2D0)                             0.09       0.52 f
  U791/CO (FA1D0)                             0.08       0.60 f
  U792/CO (FA1D0)                             0.06       0.66 f
  U799/CO (FA1D0)                             0.06       0.71 f
  U808/CO (FA1D0)                             0.06       0.77 f
  U817/CO (FA1D0)                             0.06       0.82 f
  U860/S (FA1D0)                              0.06       0.88 f
  U470/ZN (AOI21D0)                           0.05       0.93 r
  U468/ZN (CKND0)                             0.03       0.96 f
  U429/Z (MUX2D0)                             0.06       1.01 f
  U986/CO (FA1D0)                             0.10       1.12 f
  U1016/S (FA1D0)                             0.08       1.19 r
  U428/ZN (INVD0)                             0.03       1.22 f
  U420/ZN (NR2D0)                             0.05       1.27 r
  DP_OP_130J1_124_7634_U131/S (CMPE42D1)      0.13       1.40 f
  U1038/S (FA1D0)                             0.10       1.50 f
  U367/ZN (MAOI222D0)                         0.05       1.55 r
  U361/ZN (INVD0)                             0.03       1.58 f
  U1086/CO (FA1D0)                            0.08       1.66 f
  U1127/CO (FA1D0)                            0.06       1.73 f
  U225/Z (OR2D0)                              0.05       1.78 f
  U156/Z (OR2D0)                              0.05       1.83 f
  U154/Z (OR2D0)                              0.05       1.87 f
  U153/Z (OR2D0)                              0.05       1.93 f
  U152/Z (OR2D0)                              0.06       1.98 f
  U151/Z (OR2D0)                              0.06       2.04 f
  U150/Z (OR2D0)                              0.06       2.10 f
  U148/Z (OR2D0)                              0.06       2.15 f
  U147/Z (OR2D0)                              0.06       2.21 f
  U146/Z (OR2D0)                              0.06       2.27 f
  U145/Z (OR2D0)                              0.06       2.32 f
  U134/Z (OR2D0)                              0.06       2.38 f
  U129/Z (OR2D0)                              0.06       2.44 f
  U125/Z (OR2D0)                              0.06       2.49 f
  U121/Z (OR2D0)                              0.06       2.55 f
  U119/Z (OR2D0)                              0.06       2.61 f
  U117/Z (OR2D0)                              0.06       2.67 f
  U116/Z (OR2D0)                              0.06       2.72 f
  U115/Z (OR2D0)                              0.06       2.78 f
  U268/Z (OR2D1)                              0.04       2.82 f
  U124/ZN (NR2D0)                             0.03       2.85 r
  U118/Z (XOR3D0)                             0.20       3.05 f
  U1058/ZN (NR2D1)                            0.17       3.22 r
  U1059/ZN (INVD1)                            0.03       3.24 f
  U113/Z (OR2D0)                              0.06       3.30 f
  U1064/CO (FA1D0)                            0.10       3.40 f
  U1068/Z (OR2D0)                             0.05       3.45 f
  U112/Z (OR2D0)                              0.05       3.50 f
  U1073/Z (OR2D0)                             0.06       3.56 f
  U1077/Z (OR2D0)                             0.06       3.61 f
  U108/ZN (NR2D0)                             0.04       3.66 r
  U107/Z (XOR4D0)                             0.13       3.79 r
  result[30] (out)                            0.00       3.79 r
  data arrival time                                      3.79

  clock vclk (rise edge)                     10.00      10.00
  clock network delay (ideal)                 0.00      10.00
  output external delay                      -0.02       9.98
  data required time                                     9.98
  --------------------------------------------------------------
  data required time                                     9.98
  data arrival time                                     -3.79
  --------------------------------------------------------------
  slack (MET)                                            6.19


  Startpoint: y[21] (input port clocked by vclk)
  Endpoint: result[30] (output port clocked by vclk)
  Path Group: vclk
  Path Type: max

  Des/Clust/Port     Wire Load Model       Library
  ------------------------------------------------
  oadm_fixed_l2_div_specialized_shiftadd_postcorr_paceio ZeroWireload tcbn65gplustc_ccs

  Point                                       Incr       Path
  --------------------------------------------------------------
  clock vclk (rise edge)                      0.00       0.00
  clock network delay (ideal)                 0.00       0.00
  input external delay                        0.02       0.02 f
  y[21] (in)                                  0.00       0.02 f
  U733/Z (BUFFD1)                             0.04       0.07 f
  U713/ZN (INVD0)                             0.03       0.10 r
  U787/ZN (ND2D1)                             0.13       0.23 f
  U788/ZN (ND2D1)                             0.21       0.43 r
  U605/Z (XOR2D0)                             0.09       0.52 f
  U791/CO (FA1D0)                             0.08       0.60 f
  U792/CO (FA1D0)                             0.06       0.66 f
  U799/CO (FA1D0)                             0.06       0.71 f
  U808/CO (FA1D0)                             0.06       0.77 f
  U817/CO (FA1D0)                             0.06       0.82 f
  U860/S (FA1D0)                              0.06       0.88 f
  U470/ZN (AOI21D0)                           0.05       0.93 r
  U468/ZN (CKND0)                             0.03       0.96 f
  U429/Z (MUX2D0)                             0.06       1.01 f
  U986/CO (FA1D0)                             0.10       1.12 f
  U1016/S (FA1D0)                             0.08       1.19 r
  U428/ZN (INVD0)                             0.03       1.22 f
  U420/ZN (NR2D0)                             0.05       1.27 r
  DP_OP_130J1_124_7634_U131/S (CMPE42D1)      0.13       1.40 f
  U1038/S (FA1D0)                             0.10       1.50 f
  U367/ZN (MAOI222D0)                         0.05       1.55 r
  U361/ZN (INVD0)                             0.03       1.58 f
  U1086/CO (FA1D0)                            0.08       1.66 f
  U1127/CO (FA1D0)                            0.06       1.73 f
  U225/Z (OR2D0)                              0.05       1.78 f
  U156/Z (OR2D0)                              0.05       1.83 f
  U154/Z (OR2D0)                              0.05       1.87 f
  U153/Z (OR2D0)                              0.05       1.93 f
  U152/Z (OR2D0)                              0.06       1.98 f
  U151/Z (OR2D0)                              0.06       2.04 f
  U150/Z (OR2D0)                              0.06       2.10 f
  U148/Z (OR2D0)                              0.06       2.15 f
  U147/Z (OR2D0)                              0.06       2.21 f
  U146/Z (OR2D0)                              0.06       2.27 f
  U145/Z (OR2D0)                              0.06       2.32 f
  U134/Z (OR2D0)                              0.06       2.38 f
  U129/Z (OR2D0)                              0.06       2.44 f
  U125/Z (OR2D0)                              0.06       2.49 f
  U121/Z (OR2D0)                              0.06       2.55 f
  U119/Z (OR2D0)                              0.06       2.61 f
  U117/Z (OR2D0)                              0.06       2.67 f
  U116/Z (OR2D0)                              0.06       2.72 f
  U115/Z (OR2D0)                              0.06       2.78 f
  U268/Z (OR2D1)                              0.04       2.82 f
  U124/ZN (NR2D0)                             0.03       2.85 r
  U118/Z (XOR3D0)                             0.20       3.05 f
  U1058/ZN (NR2D1)                            0.17       3.22 r
  U1059/ZN (INVD1)                            0.03       3.24 f
  U113/Z (OR2D0)                              0.06       3.30 f
  U1064/CO (FA1D0)                            0.10       3.40 f
  U1068/Z (OR2D0)                             0.05       3.45 f
  U112/Z (OR2D0)                              0.05       3.50 f
  U1073/Z (OR2D0)                             0.06       3.56 f
  U1077/Z (OR2D0)                             0.06       3.61 f
  U108/ZN (NR2D0)                             0.04       3.66 r
  U107/Z (XOR4D0)                             0.13       3.79 r
  result[30] (out)                            0.00       3.79 r
  data arrival time                                      3.79

  clock vclk (rise edge)                     10.00      10.00
  clock network delay (ideal)                 0.00      10.00
  output external delay                      -0.02       9.98
  data required time                                     9.98
  --------------------------------------------------------------
  data required time                                     9.98
  data arrival time                                     -3.79
  --------------------------------------------------------------
  slack (MET)                                            6.19


  Startpoint: y[21] (input port clocked by vclk)
  Endpoint: result[30] (output port clocked by vclk)
  Path Group: vclk
  Path Type: max

  Des/Clust/Port     Wire Load Model       Library
  ------------------------------------------------
  oadm_fixed_l2_div_specialized_shiftadd_postcorr_paceio ZeroWireload tcbn65gplustc_ccs

  Point                                       Incr       Path
  --------------------------------------------------------------
  clock vclk (rise edge)                      0.00       0.00
  clock network delay (ideal)                 0.00       0.00
  input external delay                        0.02       0.02 f
  y[21] (in)                                  0.00       0.02 f
  U733/Z (BUFFD1)                             0.04       0.07 f
  U713/ZN (INVD0)                             0.03       0.10 r
  U787/ZN (ND2D1)                             0.13       0.23 f
  U788/ZN (ND2D1)                             0.21       0.43 r
  U605/Z (XOR2D0)                             0.09       0.52 f
  U791/CO (FA1D0)                             0.08       0.60 f
  U792/CO (FA1D0)                             0.06       0.66 f
  U799/CO (FA1D0)                             0.06       0.71 f
  U808/CO (FA1D0)                             0.06       0.77 f
  U817/CO (FA1D0)                             0.06       0.82 f
  U860/S (FA1D0)                              0.06       0.88 f
  U470/ZN (AOI21D0)                           0.05       0.93 r
  U468/ZN (CKND0)                             0.03       0.96 f
  U429/Z (MUX2D0)                             0.06       1.01 f
  U986/CO (FA1D0)                             0.10       1.12 f
  U1016/S (FA1D0)                             0.08       1.19 r
  U428/ZN (INVD0)                             0.03       1.22 f
  U420/ZN (NR2D0)                             0.05       1.27 r
  DP_OP_130J1_124_7634_U131/S (CMPE42D1)      0.13       1.40 f
  U1038/S (FA1D0)                             0.10       1.50 f
  U367/ZN (MAOI222D0)                         0.05       1.55 r
  U361/ZN (INVD0)                             0.03       1.58 f
  U1086/CO (FA1D0)                            0.08       1.66 f
  U1127/CO (FA1D0)                            0.06       1.73 f
  U225/Z (OR2D0)                              0.05       1.78 f
  U156/Z (OR2D0)                              0.05       1.83 f
  U154/Z (OR2D0)                              0.05       1.87 f
  U153/Z (OR2D0)                              0.05       1.93 f
  U152/Z (OR2D0)                              0.06       1.98 f
  U151/Z (OR2D0)                              0.06       2.04 f
  U150/Z (OR2D0)                              0.06       2.10 f
  U148/Z (OR2D0)                              0.06       2.15 f
  U147/Z (OR2D0)                              0.06       2.21 f
  U146/Z (OR2D0)                              0.06       2.27 f
  U145/Z (OR2D0)                              0.06       2.32 f
  U134/Z (OR2D0)                              0.06       2.38 f
  U129/Z (OR2D0)                              0.06       2.44 f
  U125/Z (OR2D0)                              0.06       2.49 f
  U121/Z (OR2D0)                              0.06       2.55 f
  U119/Z (OR2D0)                              0.06       2.61 f
  U117/Z (OR2D0)                              0.06       2.67 f
  U116/Z (OR2D0)                              0.06       2.72 f
  U115/Z (OR2D0)                              0.06       2.78 f
  U268/Z (OR2D1)                              0.04       2.82 f
  U124/ZN (NR2D0)                             0.03       2.85 r
  U118/Z (XOR3D0)                             0.20       3.05 f
  U1058/ZN (NR2D1)                            0.17       3.22 r
  U1059/ZN (INVD1)                            0.03       3.24 f
  U113/Z (OR2D0)                              0.06       3.30 f
  U1064/CO (FA1D0)                            0.10       3.40 f
  U1068/Z (OR2D0)                             0.05       3.45 f
  U112/Z (OR2D0)                              0.05       3.50 f
  U1073/Z (OR2D0)                             0.06       3.56 f
  U1077/Z (OR2D0)                             0.06       3.61 f
  U108/ZN (NR2D0)                             0.04       3.66 r
  U107/Z (XOR4D0)                             0.13       3.79 r
  result[30] (out)                            0.00       3.79 r
  data arrival time                                      3.79

  clock vclk (rise edge)                     10.00      10.00
  clock network delay (ideal)                 0.00      10.00
  output external delay                      -0.02       9.98
  data required time                                     9.98
  --------------------------------------------------------------
  data required time                                     9.98
  data arrival time                                     -3.79
  --------------------------------------------------------------
  slack (MET)                                            6.19


  Startpoint: y[21] (input port clocked by vclk)
  Endpoint: result[30] (output port clocked by vclk)
  Path Group: vclk
  Path Type: max

  Des/Clust/Port     Wire Load Model       Library
  ------------------------------------------------
  oadm_fixed_l2_div_specialized_shiftadd_postcorr_paceio ZeroWireload tcbn65gplustc_ccs

  Point                                       Incr       Path
  --------------------------------------------------------------
  clock vclk (rise edge)                      0.00       0.00
  clock network delay (ideal)                 0.00       0.00
  input external delay                        0.02       0.02 f
  y[21] (in)                                  0.00       0.02 f
  U733/Z (BUFFD1)                             0.04       0.07 f
  U713/ZN (INVD0)                             0.03       0.10 r
  U787/ZN (ND2D1)                             0.13       0.23 f
  U788/ZN (ND2D1)                             0.21       0.43 r
  U605/Z (XOR2D0)                             0.09       0.52 f
  U791/CO (FA1D0)                             0.08       0.60 f
  U792/CO (FA1D0)                             0.06       0.66 f
  U799/CO (FA1D0)                             0.06       0.71 f
  U808/CO (FA1D0)                             0.06       0.77 f
  U817/CO (FA1D0)                             0.06       0.82 f
  U860/S (FA1D0)                              0.06       0.88 f
  U470/ZN (AOI21D0)                           0.05       0.93 r
  U468/ZN (CKND0)                             0.03       0.96 f
  U429/Z (MUX2D0)                             0.06       1.01 f
  U986/CO (FA1D0)                             0.10       1.12 f
  U1016/S (FA1D0)                             0.08       1.19 r
  U428/ZN (INVD0)                             0.03       1.22 f
  U420/ZN (NR2D0)                             0.05       1.27 r
  DP_OP_130J1_124_7634_U131/S (CMPE42D1)      0.13       1.40 f
  U1038/S (FA1D0)                             0.10       1.50 f
  U367/ZN (MAOI222D0)                         0.05       1.55 r
  U361/ZN (INVD0)                             0.03       1.58 f
  U1086/CO (FA1D0)                            0.08       1.66 f
  U1127/CO (FA1D0)                            0.06       1.73 f
  U225/Z (OR2D0)                              0.05       1.78 f
  U156/Z (OR2D0)                              0.05       1.83 f
  U154/Z (OR2D0)                              0.05       1.87 f
  U153/Z (OR2D0)                              0.05       1.93 f
  U152/Z (OR2D0)                              0.06       1.98 f
  U151/Z (OR2D0)                              0.06       2.04 f
  U150/Z (OR2D0)                              0.06       2.10 f
  U148/Z (OR2D0)                              0.06       2.15 f
  U147/Z (OR2D0)                              0.06       2.21 f
  U146/Z (OR2D0)                              0.06       2.27 f
  U145/Z (OR2D0)                              0.06       2.32 f
  U134/Z (OR2D0)                              0.06       2.38 f
  U129/Z (OR2D0)                              0.06       2.44 f
  U125/Z (OR2D0)                              0.06       2.49 f
  U121/Z (OR2D0)                              0.06       2.55 f
  U119/Z (OR2D0)                              0.06       2.61 f
  U117/Z (OR2D0)                              0.06       2.67 f
  U116/Z (OR2D0)                              0.06       2.72 f
  U115/Z (OR2D0)                              0.06       2.78 f
  U268/Z (OR2D1)                              0.04       2.82 f
  U124/ZN (NR2D0)                             0.03       2.85 r
  U118/Z (XOR3D0)                             0.20       3.05 f
  U1058/ZN (NR2D1)                            0.17       3.22 r
  U1059/ZN (INVD1)                            0.03       3.24 f
  U113/Z (OR2D0)                              0.06       3.30 f
  U1064/CO (FA1D0)                            0.10       3.40 f
  U1068/Z (OR2D0)                             0.05       3.45 f
  U112/Z (OR2D0)                              0.05       3.50 f
  U1073/Z (OR2D0)                             0.06       3.56 f
  U1077/Z (OR2D0)                             0.06       3.61 f
  U108/ZN (NR2D0)                             0.04       3.66 r
  U107/Z (XOR4D0)                             0.13       3.79 r
  result[30] (out)                            0.00       3.79 r
  data arrival time                                      3.79

  clock vclk (rise edge)                     10.00      10.00
  clock network delay (ideal)                 0.00      10.00
  output external delay                      -0.02       9.98
  data required time                                     9.98
  --------------------------------------------------------------
  data required time                                     9.98
  data arrival time                                     -3.79
  --------------------------------------------------------------
  slack (MET)                                            6.19


1
