****************************************
Report : qor
Design : oadm_dm_l3
Version: U-2022.12-SP5
Date   : Sun Aug  9 13:33:25 2026
****************************************

  Timing Path Group 'clk' (max_delay/setup)
  ---------------------------------------------
  Levels of Logic:                           34
  Critical Path Length:                    1.48
  Critical Path Slack:                     0.50
  Total Negative Slack:                    0.00
  No. of Violating Paths:                     0
  ---------------------------------------------

  Timing Path Group 'clk' (min_delay/hold)
  ---------------------------------------------
  Levels of Logic:                            1
  Critical Path Length:                    0.05
  Critical Path Slack:                     0.04
  Total Negative Slack:                    0.00
  No. of Violating Paths:                     0
  ---------------------------------------------

  Area
  ---------------------------------------------
  Net Interconnect area:                   0.00
  Total cell area:                     14380.60
  Design Area:                         14380.60
  ---------------------------------------------


  Cell & Pin Count
  ---------------------------------------------
  Pin Count:                              13555
  Hierarchical Cell Count:                    7
  Hierarchical Port Count:                  691
  Leaf Cell Count:                         4345
  ---------------------------------------------


  Design Rule Violations
  ---------------------------------------------
  Total No. of Pins in Design:            13555
  Total DRC Cost:                          0.00
  ---------------------------------------------

1
