****************************************
Report : Averaged Power
	-significant_digits
Design : oadm_fixed_l2_mul_opt
Version: U-2022.12-SP5
Date   : Tue Sep  1 22:36:25 2026
****************************************



  Attributes
  ----------
      i  -  Including register clock pin internal power
      u  -  User defined power group

                        Internal             Switching            Leakage              Total
Power Group             Power                Power                Power                Power               (     %)   Attrs
----------------------------------------------------------------------------------------------------------------------------
clock_network           0.00000e+00          0.00000e+00          0.00000e+00          0.00000e+00         ( 0.00%)   i
register                0.00000e+00          0.00000e+00          0.00000e+00          0.00000e+00         ( 0.00%)   
combinational           5.68152e-05          1.86062e-05          1.09231e-05          8.63444e-05         (100.00%)  
sequential              0.00000e+00          0.00000e+00          0.00000e+00          0.00000e+00         ( 0.00%)   
memory                  0.00000e+00          0.00000e+00          0.00000e+00          0.00000e+00         ( 0.00%)   
io_pad                  0.00000e+00          0.00000e+00          0.00000e+00          0.00000e+00         ( 0.00%)   
black_box               0.00000e+00          0.00000e+00          0.00000e+00          0.00000e+00         ( 0.00%)   

  Net Switching Power  = 1.86062e-05           (21.55%)
  Cell Internal Power  = 5.68152e-05           (65.80%)
  Cell Leakage Power   = 1.09231e-05           (12.65%)
                         -------------------------
Total Power            = 8.63444e-05          (100.00%)

1
