****************************************
Report : timing
	-path_type full
	-delay_type max
	-nworst 10
	-slack_lesser_than 1000.0000
	-max_paths 10
	-sort_by slack
Design : oadm_fixed_l3_nopipe
Version: U-2022.12-SP5
Date   : Thu Aug 20 16:52:52 2026
****************************************


  Startpoint: divide_mode
               (input port clocked by vclk)
  Endpoint: result[21] (output port clocked by vclk)
  Path Group: vclk
  Path Type: max

  Point                                                   Incr       Path
  ------------------------------------------------------------------------------
  input external delay                                  0.0000     0.0000 r
  divide_mode (in)                                      0.0000     0.0000 r
  U83/Z (BUFFD2)                                        0.1325     0.1325 r
  impl/datapath/U93/Z (BUFFD2)                          0.1751     0.3075 r
  impl/datapath/U88/ZN (INVD2)                          0.1645     0.4720 f
  impl/datapath/U143/ZN (AOI221D0)                      0.1404     0.6123 r
  impl/datapath/U83/ZN (CKND2D0)                        0.0386     0.6509 f
  impl/datapath/U144/ZN (AOI221D0)                      0.0993     0.7502 r
  impl/datapath/U82/ZN (CKND2D0)                        0.0372     0.7873 f
  impl/datapath/U145/ZN (AOI221D0)                      0.0992     0.8866 r
  impl/datapath/U81/ZN (CKND2D0)                        0.0372     0.9238 f
  impl/datapath/U146/ZN (AOI221D0)                      0.0992     1.0230 r
  impl/datapath/U5/ZN (CKND2D0)                         0.0372     1.0602 f
  impl/datapath/U147/ZN (AOI221D0)                      0.1053     1.1655 r
  impl/datapath/U80/ZN (CKND2D1)                        0.0287     1.1942 f
  impl/datapath/U148/ZN (AOI221D0)                      0.0971     1.2913 r
  impl/datapath/U6/ZN (CKND2D0)                         0.0372     1.3285 f
  impl/datapath/U149/ZN (AOI221D0)                      0.1053     1.4338 r
  impl/datapath/U79/ZN (CKND2D1)                        0.0287     1.4625 f
  impl/datapath/U150/ZN (AOI221D0)                      0.0971     1.5597 r
  impl/datapath/U7/ZN (CKND2D0)                         0.0372     1.5968 f
  impl/datapath/U151/ZN (AOI221D0)                      0.0992     1.6961 r
  impl/datapath/U8/ZN (CKND2D0)                         0.0372     1.7332 f
  impl/datapath/U152/ZN (AOI221D0)                      0.0992     1.8325 r
  impl/datapath/U4/ZN (CKND2D0)                         0.0372     1.8696 f
  impl/datapath/U153/ZN (AOI221D0)                      0.1005     1.9701 r
  impl/datapath/U74/ZN (NR2D0)                          0.0334     2.0035 f
  impl/datapath/U1305/ZN (MUX2ND0)                      0.0605     2.0639 f
  impl/datapath/U1306/S (FA1D0)                         0.1020     2.1659 f
  impl/datapath/intadd_3_U7/CO (FA1D0)                  0.1011     2.2670 f
  impl/datapath/intadd_3_U6/CO (FA1D0)                  0.0552     2.3223 f
  impl/datapath/intadd_3_U5/CO (FA1D0)                  0.0552     2.3775 f
  impl/datapath/intadd_3_U4/CO (FA1D0)                  0.0552     2.4328 f
  impl/datapath/intadd_3_U3/S (FA1D0)                   0.0674     2.5001 r
  impl/datapath/cut0/U3/Z (BUFFD0)                      0.0294     2.5296 r
  impl/datapath/cut1/U5/Z (BUFFD0)                      0.0283     2.5579 r
  impl/datapath/cut2/U5/Z (BUFFD0)                      0.0301     2.5880 r
  impl/datapath/csa0/U4/S (FA1D0)                       0.0759     2.6639 r
  impl/datapath/csa1/U6/S (FA1D0)                       0.1044     2.7683 f
  impl/datapath/U1336/CO (FA1D0)                        0.0805     2.8488 f
  impl/datapath/U1335/CO (FA1D0)                        0.0559     2.9047 f
  impl/datapath/U156/Z (XOR3D1)                         0.1295     3.0342 r
  impl/datapath/U10/ZN (INVD0)                          0.0447     3.0789 f
  impl/datapath/U255/ZN (OAI221D0)                      0.0820     3.1609 r
  impl/datapath/mult_x_19_U66/S (CMPE42D1)              0.1921     3.3530 f
  impl/datapath/intadd_0_U8/CO (FA1D0)                  0.1001     3.4531 f
  impl/datapath/intadd_0_U7/CO (FA1D0)                  0.0552     3.5084 f
  impl/datapath/intadd_0_U6/CO (FA1D0)                  0.0552     3.5636 f
  impl/datapath/intadd_0_U5/CO (FA1D0)                  0.0552     3.6189 f
  impl/datapath/intadd_0_U4/CO (FA1D0)                  0.0552     3.6741 f
  impl/datapath/intadd_0_U3/CO (FA1D0)                  0.0552     3.7294 f
  impl/datapath/intadd_0_U2/CO (FA1D0)                  0.0587     3.7881 f
  impl/datapath/U32/Z (XOR2D0)                          0.0393     3.8273 f
  impl/datapath/U11/ZN (CKND2D0)                        0.0247     3.8520 r
  impl/datapath/U162/ZN (IOA21D1)                       0.0321     3.8842 f
  impl/datapath/U12/ZN (NR2D0)                          0.0662     3.9503 r
  impl/datapath/U27/ZN (CKND2D1)                        0.0228     3.9731 f
  impl/datapath/U170/ZN (NR2D1)                         0.0531     4.0262 r
  impl/datapath/U171/Z (OR2D1)                          0.0982     4.1244 r
  impl/datapath/U25/Z (XOR2D0)                          0.0648     4.1892 f
  impl/datapath/DP_OP_177J1_155_927_U13/CO (FA1D0)      0.0551     4.2444 f
  impl/datapath/DP_OP_177J1_155_927_U12/CO (FA1D0)      0.0552     4.2996 f
  impl/datapath/DP_OP_177J1_155_927_U11/CO (FA1D0)      0.0552     4.3548 f
  impl/datapath/DP_OP_177J1_155_927_U10/CO (FA1D0)      0.0552     4.4101 f
  impl/datapath/DP_OP_177J1_155_927_U9/CO (FA1D0)       0.0552     4.4653 f
  impl/datapath/DP_OP_177J1_155_927_U8/CO (FA1D0)       0.0552     4.5206 f
  impl/datapath/DP_OP_177J1_155_927_U7/CO (FA1D0)       0.0552     4.5758 f
  impl/datapath/DP_OP_177J1_155_927_U6/CO (FA1D0)       0.0552     4.6311 f
  impl/datapath/DP_OP_177J1_155_927_U5/CO (FA1D0)       0.0552     4.6863 f
  impl/datapath/DP_OP_177J1_155_927_U4/CO (FA1D0)       0.0552     4.7415 f
  impl/datapath/DP_OP_177J1_155_927_U3/S (FA1D0)        0.0676     4.8092 r
  impl/datapath/U389/ZN (NR4D0)                         0.0177     4.8268 f
  impl/datapath/U13/ZN (NR2D0)                          0.0539     4.8808 r
  impl/datapath/U438/ZN (OAI31D1)                       0.0261     4.9068 f
  impl/datapath/U439/ZN (AOI21D1)                       0.0441     4.9510 r
  impl/datapath/U449/ZN (ND2D1)                         0.0478     4.9987 f
  impl/datapath/U17/Z (OR2D0)                           0.0597     5.0584 f
  impl/datapath/U20/ZN (INVD1)                          0.0270     5.0854 r
  impl/datapath/U15/ZN (CKND2D0)                        0.0364     5.1218 f
  impl/datapath/U517/ZN (INVD1)                         0.0683     5.1901 r
  impl/datapath/U548/ZN (AOI22D0)                       0.0438     5.2339 f
  impl/datapath/U549/ZN (OAI211D0)                      0.0384     5.2723 r
  impl/datapath/cut6/U22/Z (BUFFD0)                     0.0312     5.3035 r
  result[21] (out)                                      0.0000     5.3035 r
  data arrival time                                                5.3035

  max_delay                                             7.0000     7.0000
  clock reconvergence pessimism                         0.0000     7.0000
  output external delay                                 0.0000     7.0000
  data required time                                               7.0000
  ------------------------------------------------------------------------------
  data required time                                               7.0000
  data arrival time                                               -5.3035
  ------------------------------------------------------------------------------
  slack (MET)                                                      1.6965


  Startpoint: divide_mode
               (input port clocked by vclk)
  Endpoint: result[21] (output port clocked by vclk)
  Path Group: vclk
  Path Type: max

  Point                                                   Incr       Path
  ------------------------------------------------------------------------------
  input external delay                                  0.0000     0.0000 r
  divide_mode (in)                                      0.0000     0.0000 r
  U83/Z (BUFFD2)                                        0.1325     0.1325 r
  impl/datapath/U93/Z (BUFFD2)                          0.1751     0.3075 r
  impl/datapath/U88/ZN (INVD2)                          0.1645     0.4720 f
  impl/datapath/U143/ZN (AOI221D0)                      0.1404     0.6123 r
  impl/datapath/U83/ZN (CKND2D0)                        0.0386     0.6509 f
  impl/datapath/U144/ZN (AOI221D0)                      0.0993     0.7502 r
  impl/datapath/U82/ZN (CKND2D0)                        0.0372     0.7873 f
  impl/datapath/U145/ZN (AOI221D0)                      0.0992     0.8866 r
  impl/datapath/U81/ZN (CKND2D0)                        0.0372     0.9238 f
  impl/datapath/U146/ZN (AOI221D0)                      0.0992     1.0230 r
  impl/datapath/U5/ZN (CKND2D0)                         0.0372     1.0602 f
  impl/datapath/U147/ZN (AOI221D0)                      0.1053     1.1655 r
  impl/datapath/U80/ZN (CKND2D1)                        0.0287     1.1942 f
  impl/datapath/U148/ZN (AOI221D0)                      0.0971     1.2913 r
  impl/datapath/U6/ZN (CKND2D0)                         0.0372     1.3285 f
  impl/datapath/U149/ZN (AOI221D0)                      0.1053     1.4338 r
  impl/datapath/U79/ZN (CKND2D1)                        0.0287     1.4625 f
  impl/datapath/U150/ZN (AOI221D0)                      0.0971     1.5597 r
  impl/datapath/U7/ZN (CKND2D0)                         0.0372     1.5968 f
  impl/datapath/U151/ZN (AOI221D0)                      0.0992     1.6961 r
  impl/datapath/U8/ZN (CKND2D0)                         0.0372     1.7332 f
  impl/datapath/U152/ZN (AOI221D0)                      0.0992     1.8325 r
  impl/datapath/U4/ZN (CKND2D0)                         0.0372     1.8696 f
  impl/datapath/U153/ZN (AOI221D0)                      0.1005     1.9701 r
  impl/datapath/U74/ZN (NR2D0)                          0.0334     2.0035 f
  impl/datapath/U1305/ZN (MUX2ND0)                      0.0605     2.0639 f
  impl/datapath/U1306/S (FA1D0)                         0.1020     2.1659 f
  impl/datapath/intadd_3_U7/CO (FA1D0)                  0.1011     2.2670 f
  impl/datapath/intadd_3_U6/CO (FA1D0)                  0.0552     2.3223 f
  impl/datapath/intadd_3_U5/CO (FA1D0)                  0.0552     2.3775 f
  impl/datapath/intadd_3_U4/S (FA1D0)                   0.0674     2.4449 r
  impl/datapath/cut0/U4/Z (BUFFD0)                      0.0294     2.4743 r
  impl/datapath/cut1/U7/Z (BUFFD0)                      0.0283     2.5027 r
  impl/datapath/cut2/U7/Z (BUFFD0)                      0.0301     2.5328 r
  impl/datapath/csa0/U5/S (FA1D0)                       0.0759     2.6086 r
  impl/datapath/csa1/U7/S (FA1D0)                       0.1044     2.7130 f
  impl/datapath/intadd_4_U4/CO (FA1D0)                  0.0805     2.7936 f
  impl/datapath/U1336/CO (FA1D0)                        0.0552     2.8488 f
  impl/datapath/U1335/CO (FA1D0)                        0.0559     2.9047 f
  impl/datapath/U156/Z (XOR3D1)                         0.1295     3.0342 r
  impl/datapath/U10/ZN (INVD0)                          0.0447     3.0789 f
  impl/datapath/U255/ZN (OAI221D0)                      0.0820     3.1609 r
  impl/datapath/mult_x_19_U66/S (CMPE42D1)              0.1921     3.3530 f
  impl/datapath/intadd_0_U8/CO (FA1D0)                  0.1001     3.4531 f
  impl/datapath/intadd_0_U7/CO (FA1D0)                  0.0552     3.5084 f
  impl/datapath/intadd_0_U6/CO (FA1D0)                  0.0552     3.5636 f
  impl/datapath/intadd_0_U5/CO (FA1D0)                  0.0552     3.6189 f
  impl/datapath/intadd_0_U4/CO (FA1D0)                  0.0552     3.6741 f
  impl/datapath/intadd_0_U3/CO (FA1D0)                  0.0552     3.7294 f
  impl/datapath/intadd_0_U2/CO (FA1D0)                  0.0587     3.7881 f
  impl/datapath/U32/Z (XOR2D0)                          0.0393     3.8273 f
  impl/datapath/U11/ZN (CKND2D0)                        0.0247     3.8520 r
  impl/datapath/U162/ZN (IOA21D1)                       0.0321     3.8842 f
  impl/datapath/U12/ZN (NR2D0)                          0.0662     3.9503 r
  impl/datapath/U27/ZN (CKND2D1)                        0.0228     3.9731 f
  impl/datapath/U170/ZN (NR2D1)                         0.0531     4.0262 r
  impl/datapath/U171/Z (OR2D1)                          0.0982     4.1244 r
  impl/datapath/U25/Z (XOR2D0)                          0.0648     4.1892 f
  impl/datapath/DP_OP_177J1_155_927_U13/CO (FA1D0)      0.0551     4.2444 f
  impl/datapath/DP_OP_177J1_155_927_U12/CO (FA1D0)      0.0552     4.2996 f
  impl/datapath/DP_OP_177J1_155_927_U11/CO (FA1D0)      0.0552     4.3548 f
  impl/datapath/DP_OP_177J1_155_927_U10/CO (FA1D0)      0.0552     4.4101 f
  impl/datapath/DP_OP_177J1_155_927_U9/CO (FA1D0)       0.0552     4.4653 f
  impl/datapath/DP_OP_177J1_155_927_U8/CO (FA1D0)       0.0552     4.5206 f
  impl/datapath/DP_OP_177J1_155_927_U7/CO (FA1D0)       0.0552     4.5758 f
  impl/datapath/DP_OP_177J1_155_927_U6/CO (FA1D0)       0.0552     4.6311 f
  impl/datapath/DP_OP_177J1_155_927_U5/CO (FA1D0)       0.0552     4.6863 f
  impl/datapath/DP_OP_177J1_155_927_U4/CO (FA1D0)       0.0552     4.7415 f
  impl/datapath/DP_OP_177J1_155_927_U3/S (FA1D0)        0.0676     4.8092 r
  impl/datapath/U389/ZN (NR4D0)                         0.0177     4.8268 f
  impl/datapath/U13/ZN (NR2D0)                          0.0539     4.8808 r
  impl/datapath/U438/ZN (OAI31D1)                       0.0261     4.9068 f
  impl/datapath/U439/ZN (AOI21D1)                       0.0441     4.9510 r
  impl/datapath/U449/ZN (ND2D1)                         0.0478     4.9987 f
  impl/datapath/U17/Z (OR2D0)                           0.0597     5.0584 f
  impl/datapath/U20/ZN (INVD1)                          0.0270     5.0854 r
  impl/datapath/U15/ZN (CKND2D0)                        0.0364     5.1218 f
  impl/datapath/U517/ZN (INVD1)                         0.0683     5.1901 r
  impl/datapath/U548/ZN (AOI22D0)                       0.0438     5.2339 f
  impl/datapath/U549/ZN (OAI211D0)                      0.0384     5.2723 r
  impl/datapath/cut6/U22/Z (BUFFD0)                     0.0312     5.3035 r
  result[21] (out)                                      0.0000     5.3035 r
  data arrival time                                                5.3035

  max_delay                                             7.0000     7.0000
  clock reconvergence pessimism                         0.0000     7.0000
  output external delay                                 0.0000     7.0000
  data required time                                               7.0000
  ------------------------------------------------------------------------------
  data required time                                               7.0000
  data arrival time                                               -5.3035
  ------------------------------------------------------------------------------
  slack (MET)                                                      1.6965


  Startpoint: divide_mode
               (input port clocked by vclk)
  Endpoint: result[21] (output port clocked by vclk)
  Path Group: vclk
  Path Type: max

  Point                                                   Incr       Path
  ------------------------------------------------------------------------------
  input external delay                                  0.0000     0.0000 r
  divide_mode (in)                                      0.0000     0.0000 r
  U83/Z (BUFFD2)                                        0.1325     0.1325 r
  impl/datapath/U93/Z (BUFFD2)                          0.1751     0.3075 r
  impl/datapath/U88/ZN (INVD2)                          0.1645     0.4720 f
  impl/datapath/U143/ZN (AOI221D0)                      0.1404     0.6123 r
  impl/datapath/U83/ZN (CKND2D0)                        0.0386     0.6509 f
  impl/datapath/U144/ZN (AOI221D0)                      0.0993     0.7502 r
  impl/datapath/U82/ZN (CKND2D0)                        0.0372     0.7873 f
  impl/datapath/U145/ZN (AOI221D0)                      0.0992     0.8866 r
  impl/datapath/U81/ZN (CKND2D0)                        0.0372     0.9238 f
  impl/datapath/U146/ZN (AOI221D0)                      0.0992     1.0230 r
  impl/datapath/U5/ZN (CKND2D0)                         0.0372     1.0602 f
  impl/datapath/U147/ZN (AOI221D0)                      0.1053     1.1655 r
  impl/datapath/U80/ZN (CKND2D1)                        0.0287     1.1942 f
  impl/datapath/U148/ZN (AOI221D0)                      0.0971     1.2913 r
  impl/datapath/U6/ZN (CKND2D0)                         0.0372     1.3285 f
  impl/datapath/U149/ZN (AOI221D0)                      0.1053     1.4338 r
  impl/datapath/U79/ZN (CKND2D1)                        0.0287     1.4625 f
  impl/datapath/U150/ZN (AOI221D0)                      0.0971     1.5597 r
  impl/datapath/U7/ZN (CKND2D0)                         0.0372     1.5968 f
  impl/datapath/U151/ZN (AOI221D0)                      0.0992     1.6961 r
  impl/datapath/U8/ZN (CKND2D0)                         0.0372     1.7332 f
  impl/datapath/U152/ZN (AOI221D0)                      0.0992     1.8325 r
  impl/datapath/U4/ZN (CKND2D0)                         0.0372     1.8696 f
  impl/datapath/U153/ZN (AOI221D0)                      0.1005     1.9701 r
  impl/datapath/U74/ZN (NR2D0)                          0.0334     2.0035 f
  impl/datapath/U1305/ZN (MUX2ND0)                      0.0605     2.0639 f
  impl/datapath/U1306/S (FA1D0)                         0.1020     2.1659 f
  impl/datapath/intadd_3_U7/CO (FA1D0)                  0.1011     2.2670 f
  impl/datapath/intadd_3_U6/CO (FA1D0)                  0.0552     2.3223 f
  impl/datapath/intadd_3_U5/S (FA1D0)                   0.0674     2.3896 r
  impl/datapath/cut0/U5/Z (BUFFD0)                      0.0294     2.4191 r
  impl/datapath/cut1/U8/Z (BUFFD0)                      0.0283     2.4474 r
  impl/datapath/cut2/U8/Z (BUFFD0)                      0.0301     2.4775 r
  impl/datapath/csa0/U6/S (FA1D0)                       0.0759     2.5534 r
  impl/datapath/csa1/U8/S (FA1D0)                       0.1044     2.6578 f
  impl/datapath/intadd_4_U5/CO (FA1D0)                  0.0805     2.7383 f
  impl/datapath/intadd_4_U4/CO (FA1D0)                  0.0552     2.7936 f
  impl/datapath/U1336/CO (FA1D0)                        0.0552     2.8488 f
  impl/datapath/U1335/CO (FA1D0)                        0.0559     2.9047 f
  impl/datapath/U156/Z (XOR3D1)                         0.1295     3.0342 r
  impl/datapath/U10/ZN (INVD0)                          0.0447     3.0789 f
  impl/datapath/U255/ZN (OAI221D0)                      0.0820     3.1609 r
  impl/datapath/mult_x_19_U66/S (CMPE42D1)              0.1921     3.3530 f
  impl/datapath/intadd_0_U8/CO (FA1D0)                  0.1001     3.4531 f
  impl/datapath/intadd_0_U7/CO (FA1D0)                  0.0552     3.5084 f
  impl/datapath/intadd_0_U6/CO (FA1D0)                  0.0552     3.5636 f
  impl/datapath/intadd_0_U5/CO (FA1D0)                  0.0552     3.6189 f
  impl/datapath/intadd_0_U4/CO (FA1D0)                  0.0552     3.6741 f
  impl/datapath/intadd_0_U3/CO (FA1D0)                  0.0552     3.7294 f
  impl/datapath/intadd_0_U2/CO (FA1D0)                  0.0587     3.7881 f
  impl/datapath/U32/Z (XOR2D0)                          0.0393     3.8273 f
  impl/datapath/U11/ZN (CKND2D0)                        0.0247     3.8520 r
  impl/datapath/U162/ZN (IOA21D1)                       0.0321     3.8842 f
  impl/datapath/U12/ZN (NR2D0)                          0.0662     3.9503 r
  impl/datapath/U27/ZN (CKND2D1)                        0.0228     3.9731 f
  impl/datapath/U170/ZN (NR2D1)                         0.0531     4.0262 r
  impl/datapath/U171/Z (OR2D1)                          0.0982     4.1244 r
  impl/datapath/U25/Z (XOR2D0)                          0.0648     4.1892 f
  impl/datapath/DP_OP_177J1_155_927_U13/CO (FA1D0)      0.0551     4.2444 f
  impl/datapath/DP_OP_177J1_155_927_U12/CO (FA1D0)      0.0552     4.2996 f
  impl/datapath/DP_OP_177J1_155_927_U11/CO (FA1D0)      0.0552     4.3548 f
  impl/datapath/DP_OP_177J1_155_927_U10/CO (FA1D0)      0.0552     4.4101 f
  impl/datapath/DP_OP_177J1_155_927_U9/CO (FA1D0)       0.0552     4.4653 f
  impl/datapath/DP_OP_177J1_155_927_U8/CO (FA1D0)       0.0552     4.5206 f
  impl/datapath/DP_OP_177J1_155_927_U7/CO (FA1D0)       0.0552     4.5758 f
  impl/datapath/DP_OP_177J1_155_927_U6/CO (FA1D0)       0.0552     4.6311 f
  impl/datapath/DP_OP_177J1_155_927_U5/CO (FA1D0)       0.0552     4.6863 f
  impl/datapath/DP_OP_177J1_155_927_U4/CO (FA1D0)       0.0552     4.7415 f
  impl/datapath/DP_OP_177J1_155_927_U3/S (FA1D0)        0.0676     4.8092 r
  impl/datapath/U389/ZN (NR4D0)                         0.0177     4.8268 f
  impl/datapath/U13/ZN (NR2D0)                          0.0539     4.8808 r
  impl/datapath/U438/ZN (OAI31D1)                       0.0261     4.9068 f
  impl/datapath/U439/ZN (AOI21D1)                       0.0441     4.9510 r
  impl/datapath/U449/ZN (ND2D1)                         0.0478     4.9987 f
  impl/datapath/U17/Z (OR2D0)                           0.0597     5.0584 f
  impl/datapath/U20/ZN (INVD1)                          0.0270     5.0854 r
  impl/datapath/U15/ZN (CKND2D0)                        0.0364     5.1218 f
  impl/datapath/U517/ZN (INVD1)                         0.0683     5.1901 r
  impl/datapath/U548/ZN (AOI22D0)                       0.0438     5.2339 f
  impl/datapath/U549/ZN (OAI211D0)                      0.0384     5.2723 r
  impl/datapath/cut6/U22/Z (BUFFD0)                     0.0312     5.3035 r
  result[21] (out)                                      0.0000     5.3035 r
  data arrival time                                                5.3035

  max_delay                                             7.0000     7.0000
  clock reconvergence pessimism                         0.0000     7.0000
  output external delay                                 0.0000     7.0000
  data required time                                               7.0000
  ------------------------------------------------------------------------------
  data required time                                               7.0000
  data arrival time                                               -5.3035
  ------------------------------------------------------------------------------
  slack (MET)                                                      1.6965


  Startpoint: divide_mode
               (input port clocked by vclk)
  Endpoint: result[21] (output port clocked by vclk)
  Path Group: vclk
  Path Type: max

  Point                                                   Incr       Path
  ------------------------------------------------------------------------------
  input external delay                                  0.0000     0.0000 r
  divide_mode (in)                                      0.0000     0.0000 r
  U83/Z (BUFFD2)                                        0.1325     0.1325 r
  impl/datapath/U93/Z (BUFFD2)                          0.1751     0.3075 r
  impl/datapath/U88/ZN (INVD2)                          0.1645     0.4720 f
  impl/datapath/U143/ZN (AOI221D0)                      0.1404     0.6123 r
  impl/datapath/U83/ZN (CKND2D0)                        0.0386     0.6509 f
  impl/datapath/U144/ZN (AOI221D0)                      0.0993     0.7502 r
  impl/datapath/U82/ZN (CKND2D0)                        0.0372     0.7873 f
  impl/datapath/U145/ZN (AOI221D0)                      0.0992     0.8866 r
  impl/datapath/U81/ZN (CKND2D0)                        0.0372     0.9238 f
  impl/datapath/U146/ZN (AOI221D0)                      0.0992     1.0230 r
  impl/datapath/U5/ZN (CKND2D0)                         0.0372     1.0602 f
  impl/datapath/U147/ZN (AOI221D0)                      0.1053     1.1655 r
  impl/datapath/U80/ZN (CKND2D1)                        0.0287     1.1942 f
  impl/datapath/U148/ZN (AOI221D0)                      0.0971     1.2913 r
  impl/datapath/U6/ZN (CKND2D0)                         0.0372     1.3285 f
  impl/datapath/U149/ZN (AOI221D0)                      0.1053     1.4338 r
  impl/datapath/U79/ZN (CKND2D1)                        0.0287     1.4625 f
  impl/datapath/U150/ZN (AOI221D0)                      0.0971     1.5597 r
  impl/datapath/U7/ZN (CKND2D0)                         0.0372     1.5968 f
  impl/datapath/U151/ZN (AOI221D0)                      0.0992     1.6961 r
  impl/datapath/U8/ZN (CKND2D0)                         0.0372     1.7332 f
  impl/datapath/U152/ZN (AOI221D0)                      0.0992     1.8325 r
  impl/datapath/U4/ZN (CKND2D0)                         0.0372     1.8696 f
  impl/datapath/U153/ZN (AOI221D0)                      0.1005     1.9701 r
  impl/datapath/U74/ZN (NR2D0)                          0.0334     2.0035 f
  impl/datapath/U1305/ZN (MUX2ND0)                      0.0605     2.0639 f
  impl/datapath/U1306/S (FA1D0)                         0.1020     2.1659 f
  impl/datapath/intadd_3_U7/CO (FA1D0)                  0.1011     2.2670 f
  impl/datapath/intadd_3_U6/S (FA1D0)                   0.0674     2.3344 r
  impl/datapath/cut0/U6/Z (BUFFD0)                      0.0294     2.3638 r
  impl/datapath/cut1/U9/Z (BUFFD0)                      0.0283     2.3922 r
  impl/datapath/cut2/U9/Z (BUFFD0)                      0.0301     2.4223 r
  impl/datapath/csa0/U7/S (FA1D0)                       0.0759     2.4982 r
  impl/datapath/csa1/U9/S (FA1D0)                       0.1044     2.6026 f
  impl/datapath/intadd_4_U6/CO (FA1D0)                  0.0805     2.6831 f
  impl/datapath/intadd_4_U5/CO (FA1D0)                  0.0552     2.7383 f
  impl/datapath/intadd_4_U4/CO (FA1D0)                  0.0552     2.7936 f
  impl/datapath/U1336/CO (FA1D0)                        0.0552     2.8488 f
  impl/datapath/U1335/CO (FA1D0)                        0.0559     2.9047 f
  impl/datapath/U156/Z (XOR3D1)                         0.1295     3.0342 r
  impl/datapath/U10/ZN (INVD0)                          0.0447     3.0789 f
  impl/datapath/U255/ZN (OAI221D0)                      0.0820     3.1609 r
  impl/datapath/mult_x_19_U66/S (CMPE42D1)              0.1921     3.3530 f
  impl/datapath/intadd_0_U8/CO (FA1D0)                  0.1001     3.4531 f
  impl/datapath/intadd_0_U7/CO (FA1D0)                  0.0552     3.5084 f
  impl/datapath/intadd_0_U6/CO (FA1D0)                  0.0552     3.5636 f
  impl/datapath/intadd_0_U5/CO (FA1D0)                  0.0552     3.6189 f
  impl/datapath/intadd_0_U4/CO (FA1D0)                  0.0552     3.6741 f
  impl/datapath/intadd_0_U3/CO (FA1D0)                  0.0552     3.7294 f
  impl/datapath/intadd_0_U2/CO (FA1D0)                  0.0587     3.7881 f
  impl/datapath/U32/Z (XOR2D0)                          0.0393     3.8273 f
  impl/datapath/U11/ZN (CKND2D0)                        0.0247     3.8520 r
  impl/datapath/U162/ZN (IOA21D1)                       0.0321     3.8842 f
  impl/datapath/U12/ZN (NR2D0)                          0.0662     3.9503 r
  impl/datapath/U27/ZN (CKND2D1)                        0.0228     3.9731 f
  impl/datapath/U170/ZN (NR2D1)                         0.0531     4.0262 r
  impl/datapath/U171/Z (OR2D1)                          0.0982     4.1244 r
  impl/datapath/U25/Z (XOR2D0)                          0.0648     4.1892 f
  impl/datapath/DP_OP_177J1_155_927_U13/CO (FA1D0)      0.0551     4.2444 f
  impl/datapath/DP_OP_177J1_155_927_U12/CO (FA1D0)      0.0552     4.2996 f
  impl/datapath/DP_OP_177J1_155_927_U11/CO (FA1D0)      0.0552     4.3548 f
  impl/datapath/DP_OP_177J1_155_927_U10/CO (FA1D0)      0.0552     4.4101 f
  impl/datapath/DP_OP_177J1_155_927_U9/CO (FA1D0)       0.0552     4.4653 f
  impl/datapath/DP_OP_177J1_155_927_U8/CO (FA1D0)       0.0552     4.5206 f
  impl/datapath/DP_OP_177J1_155_927_U7/CO (FA1D0)       0.0552     4.5758 f
  impl/datapath/DP_OP_177J1_155_927_U6/CO (FA1D0)       0.0552     4.6311 f
  impl/datapath/DP_OP_177J1_155_927_U5/CO (FA1D0)       0.0552     4.6863 f
  impl/datapath/DP_OP_177J1_155_927_U4/CO (FA1D0)       0.0552     4.7415 f
  impl/datapath/DP_OP_177J1_155_927_U3/S (FA1D0)        0.0676     4.8092 r
  impl/datapath/U389/ZN (NR4D0)                         0.0177     4.8268 f
  impl/datapath/U13/ZN (NR2D0)                          0.0539     4.8808 r
  impl/datapath/U438/ZN (OAI31D1)                       0.0261     4.9068 f
  impl/datapath/U439/ZN (AOI21D1)                       0.0441     4.9510 r
  impl/datapath/U449/ZN (ND2D1)                         0.0478     4.9987 f
  impl/datapath/U17/Z (OR2D0)                           0.0597     5.0584 f
  impl/datapath/U20/ZN (INVD1)                          0.0270     5.0854 r
  impl/datapath/U15/ZN (CKND2D0)                        0.0364     5.1218 f
  impl/datapath/U517/ZN (INVD1)                         0.0683     5.1901 r
  impl/datapath/U548/ZN (AOI22D0)                       0.0438     5.2339 f
  impl/datapath/U549/ZN (OAI211D0)                      0.0384     5.2723 r
  impl/datapath/cut6/U22/Z (BUFFD0)                     0.0312     5.3035 r
  result[21] (out)                                      0.0000     5.3035 r
  data arrival time                                                5.3035

  max_delay                                             7.0000     7.0000
  clock reconvergence pessimism                         0.0000     7.0000
  output external delay                                 0.0000     7.0000
  data required time                                               7.0000
  ------------------------------------------------------------------------------
  data required time                                               7.0000
  data arrival time                                               -5.3035
  ------------------------------------------------------------------------------
  slack (MET)                                                      1.6965


  Startpoint: divide_mode
               (input port clocked by vclk)
  Endpoint: result[21] (output port clocked by vclk)
  Path Group: vclk
  Path Type: max

  Point                                                   Incr       Path
  ------------------------------------------------------------------------------
  input external delay                                  0.0000     0.0000 r
  divide_mode (in)                                      0.0000     0.0000 r
  U83/Z (BUFFD2)                                        0.1325     0.1325 r
  impl/datapath/U93/Z (BUFFD2)                          0.1751     0.3075 r
  impl/datapath/U88/ZN (INVD2)                          0.1645     0.4720 f
  impl/datapath/U143/ZN (AOI221D0)                      0.1404     0.6123 r
  impl/datapath/U83/ZN (CKND2D0)                        0.0386     0.6509 f
  impl/datapath/U144/ZN (AOI221D0)                      0.0993     0.7502 r
  impl/datapath/U82/ZN (CKND2D0)                        0.0372     0.7873 f
  impl/datapath/U145/ZN (AOI221D0)                      0.0992     0.8866 r
  impl/datapath/U81/ZN (CKND2D0)                        0.0372     0.9238 f
  impl/datapath/U146/ZN (AOI221D0)                      0.0992     1.0230 r
  impl/datapath/U5/ZN (CKND2D0)                         0.0372     1.0602 f
  impl/datapath/U147/ZN (AOI221D0)                      0.1053     1.1655 r
  impl/datapath/U80/ZN (CKND2D1)                        0.0287     1.1942 f
  impl/datapath/U148/ZN (AOI221D0)                      0.0971     1.2913 r
  impl/datapath/U6/ZN (CKND2D0)                         0.0372     1.3285 f
  impl/datapath/U149/ZN (AOI221D0)                      0.1053     1.4338 r
  impl/datapath/U79/ZN (CKND2D1)                        0.0287     1.4625 f
  impl/datapath/U150/ZN (AOI221D0)                      0.0971     1.5597 r
  impl/datapath/U7/ZN (CKND2D0)                         0.0372     1.5968 f
  impl/datapath/U151/ZN (AOI221D0)                      0.0992     1.6961 r
  impl/datapath/U8/ZN (CKND2D0)                         0.0372     1.7332 f
  impl/datapath/U152/ZN (AOI221D0)                      0.0992     1.8325 r
  impl/datapath/U4/ZN (CKND2D0)                         0.0372     1.8696 f
  impl/datapath/U153/ZN (AOI221D0)                      0.1005     1.9701 r
  impl/datapath/U74/ZN (NR2D0)                          0.0334     2.0035 f
  impl/datapath/U1305/ZN (MUX2ND0)                      0.0605     2.0639 f
  impl/datapath/U1306/S (FA1D0)                         0.1020     2.1659 f
  impl/datapath/intadd_3_U7/CO (FA1D0)                  0.1011     2.2670 f
  impl/datapath/intadd_3_U6/CO (FA1D0)                  0.0552     2.3223 f
  impl/datapath/intadd_3_U5/CO (FA1D0)                  0.0552     2.3775 f
  impl/datapath/intadd_3_U4/CO (FA1D0)                  0.0552     2.4328 f
  impl/datapath/intadd_3_U3/CO (FA1D0)                  0.0552     2.4880 f
  impl/datapath/intadd_3_U2/S (FA1D0)                   0.0674     2.5554 r
  impl/datapath/cut0/U2/Z (BUFFD0)                      0.0294     2.5848 r
  impl/datapath/cut1/U3/Z (BUFFD0)                      0.0283     2.6131 r
  impl/datapath/cut2/U3/Z (BUFFD0)                      0.0301     2.6433 r
  impl/datapath/csa0/U3/S (FA1D0)                       0.0759     2.7191 r
  impl/datapath/csa1/U5/S (FA1D0)                       0.1044     2.8235 f
  impl/datapath/U1335/CO (FA1D0)                        0.0811     2.9047 f
  impl/datapath/U156/Z (XOR3D1)                         0.1295     3.0341 r
  impl/datapath/U10/ZN (INVD0)                          0.0447     3.0789 f
  impl/datapath/U255/ZN (OAI221D0)                      0.0820     3.1608 r
  impl/datapath/mult_x_19_U66/S (CMPE42D1)              0.1921     3.3529 f
  impl/datapath/intadd_0_U8/CO (FA1D0)                  0.1001     3.4531 f
  impl/datapath/intadd_0_U7/CO (FA1D0)                  0.0552     3.5083 f
  impl/datapath/intadd_0_U6/CO (FA1D0)                  0.0552     3.5635 f
  impl/datapath/intadd_0_U5/CO (FA1D0)                  0.0552     3.6188 f
  impl/datapath/intadd_0_U4/CO (FA1D0)                  0.0552     3.6740 f
  impl/datapath/intadd_0_U3/CO (FA1D0)                  0.0552     3.7293 f
  impl/datapath/intadd_0_U2/CO (FA1D0)                  0.0587     3.7880 f
  impl/datapath/U32/Z (XOR2D0)                          0.0393     3.8273 f
  impl/datapath/U11/ZN (CKND2D0)                        0.0247     3.8519 r
  impl/datapath/U162/ZN (IOA21D1)                       0.0321     3.8841 f
  impl/datapath/U12/ZN (NR2D0)                          0.0662     3.9503 r
  impl/datapath/U27/ZN (CKND2D1)                        0.0228     3.9730 f
  impl/datapath/U170/ZN (NR2D1)                         0.0531     4.0262 r
  impl/datapath/U171/Z (OR2D1)                          0.0982     4.1244 r
  impl/datapath/U25/Z (XOR2D0)                          0.0648     4.1892 f
  impl/datapath/DP_OP_177J1_155_927_U13/CO (FA1D0)      0.0551     4.2443 f
  impl/datapath/DP_OP_177J1_155_927_U12/CO (FA1D0)      0.0552     4.2995 f
  impl/datapath/DP_OP_177J1_155_927_U11/CO (FA1D0)      0.0552     4.3548 f
  impl/datapath/DP_OP_177J1_155_927_U10/CO (FA1D0)      0.0552     4.4100 f
  impl/datapath/DP_OP_177J1_155_927_U9/CO (FA1D0)       0.0552     4.4653 f
  impl/datapath/DP_OP_177J1_155_927_U8/CO (FA1D0)       0.0552     4.5205 f
  impl/datapath/DP_OP_177J1_155_927_U7/CO (FA1D0)       0.0552     4.5757 f
  impl/datapath/DP_OP_177J1_155_927_U6/CO (FA1D0)       0.0552     4.6310 f
  impl/datapath/DP_OP_177J1_155_927_U5/CO (FA1D0)       0.0552     4.6862 f
  impl/datapath/DP_OP_177J1_155_927_U4/CO (FA1D0)       0.0552     4.7415 f
  impl/datapath/DP_OP_177J1_155_927_U3/S (FA1D0)        0.0676     4.8091 r
  impl/datapath/U389/ZN (NR4D0)                         0.0177     4.8268 f
  impl/datapath/U13/ZN (NR2D0)                          0.0539     4.8807 r
  impl/datapath/U438/ZN (OAI31D1)                       0.0261     4.9068 f
  impl/datapath/U439/ZN (AOI21D1)                       0.0441     4.9509 r
  impl/datapath/U449/ZN (ND2D1)                         0.0478     4.9987 f
  impl/datapath/U17/Z (OR2D0)                           0.0597     5.0583 f
  impl/datapath/U20/ZN (INVD1)                          0.0270     5.0853 r
  impl/datapath/U15/ZN (CKND2D0)                        0.0364     5.1218 f
  impl/datapath/U517/ZN (INVD1)                         0.0683     5.1900 r
  impl/datapath/U548/ZN (AOI22D0)                       0.0438     5.2338 f
  impl/datapath/U549/ZN (OAI211D0)                      0.0384     5.2722 r
  impl/datapath/cut6/U22/Z (BUFFD0)                     0.0312     5.3034 r
  result[21] (out)                                      0.0000     5.3034 r
  data arrival time                                                5.3034

  max_delay                                             7.0000     7.0000
  clock reconvergence pessimism                         0.0000     7.0000
  output external delay                                 0.0000     7.0000
  data required time                                               7.0000
  ------------------------------------------------------------------------------
  data required time                                               7.0000
  data arrival time                                               -5.3034
  ------------------------------------------------------------------------------
  slack (MET)                                                      1.6966


  Startpoint: divide_mode
               (input port clocked by vclk)
  Endpoint: result[21] (output port clocked by vclk)
  Path Group: vclk
  Path Type: max

  Point                                                   Incr       Path
  ------------------------------------------------------------------------------
  input external delay                                  0.0000     0.0000 r
  divide_mode (in)                                      0.0000     0.0000 r
  U83/Z (BUFFD2)                                        0.1325     0.1325 r
  impl/datapath/U93/Z (BUFFD2)                          0.1751     0.3075 r
  impl/datapath/U88/ZN (INVD2)                          0.1645     0.4720 f
  impl/datapath/U143/ZN (AOI221D0)                      0.1404     0.6123 r
  impl/datapath/U83/ZN (CKND2D0)                        0.0386     0.6509 f
  impl/datapath/U144/ZN (AOI221D0)                      0.0993     0.7502 r
  impl/datapath/U82/ZN (CKND2D0)                        0.0372     0.7873 f
  impl/datapath/U145/ZN (AOI221D0)                      0.0992     0.8866 r
  impl/datapath/U81/ZN (CKND2D0)                        0.0372     0.9238 f
  impl/datapath/U146/ZN (AOI221D0)                      0.0992     1.0230 r
  impl/datapath/U5/ZN (CKND2D0)                         0.0372     1.0602 f
  impl/datapath/U147/ZN (AOI221D0)                      0.1053     1.1655 r
  impl/datapath/U80/ZN (CKND2D1)                        0.0287     1.1942 f
  impl/datapath/U148/ZN (AOI221D0)                      0.0971     1.2913 r
  impl/datapath/U6/ZN (CKND2D0)                         0.0372     1.3285 f
  impl/datapath/U149/ZN (AOI221D0)                      0.1053     1.4338 r
  impl/datapath/U79/ZN (CKND2D1)                        0.0287     1.4625 f
  impl/datapath/U150/ZN (AOI221D0)                      0.0971     1.5597 r
  impl/datapath/U7/ZN (CKND2D0)                         0.0372     1.5968 f
  impl/datapath/U151/ZN (AOI221D0)                      0.0992     1.6961 r
  impl/datapath/U8/ZN (CKND2D0)                         0.0372     1.7332 f
  impl/datapath/U152/ZN (AOI221D0)                      0.0992     1.8325 r
  impl/datapath/U4/ZN (CKND2D0)                         0.0372     1.8696 f
  impl/datapath/U153/ZN (AOI221D0)                      0.1005     1.9701 r
  impl/datapath/U74/ZN (NR2D0)                          0.0334     2.0035 f
  impl/datapath/U1305/ZN (MUX2ND0)                      0.0605     2.0639 f
  impl/datapath/U1306/S (FA1D0)                         0.1020     2.1659 f
  impl/datapath/intadd_3_U7/CO (FA1D0)                  0.1011     2.2670 f
  impl/datapath/intadd_3_U6/CO (FA1D0)                  0.0552     2.3223 f
  impl/datapath/intadd_3_U5/CO (FA1D0)                  0.0552     2.3775 f
  impl/datapath/intadd_3_U4/CO (FA1D0)                  0.0552     2.4328 f
  impl/datapath/intadd_3_U3/CO (FA1D0)                  0.0552     2.4880 f
  impl/datapath/intadd_3_U2/S (FA1D0)                   0.0674     2.5554 r
  impl/datapath/cut0/U2/Z (BUFFD0)                      0.0294     2.5848 r
  impl/datapath/cut1/U3/Z (BUFFD0)                      0.0283     2.6131 r
  impl/datapath/cut2/U3/Z (BUFFD0)                      0.0301     2.6433 r
  impl/datapath/csa0/U3/S (FA1D0)                       0.0759     2.7191 r
  impl/datapath/csa1/U5/S (FA1D0)                       0.0993     2.8185 r
  impl/datapath/U1335/CO (FA1D0)                        0.0839     2.9024 r
  impl/datapath/U156/Z (XOR3D1)                         0.1298     3.0322 r
  impl/datapath/U10/ZN (INVD0)                          0.0447     3.0769 f
  impl/datapath/U255/ZN (OAI221D0)                      0.0820     3.1589 r
  impl/datapath/mult_x_19_U66/S (CMPE42D1)              0.1921     3.3510 f
  impl/datapath/intadd_0_U8/CO (FA1D0)                  0.1001     3.4511 f
  impl/datapath/intadd_0_U7/CO (FA1D0)                  0.0552     3.5063 f
  impl/datapath/intadd_0_U6/CO (FA1D0)                  0.0552     3.5616 f
  impl/datapath/intadd_0_U5/CO (FA1D0)                  0.0552     3.6168 f
  impl/datapath/intadd_0_U4/CO (FA1D0)                  0.0552     3.6721 f
  impl/datapath/intadd_0_U3/CO (FA1D0)                  0.0552     3.7273 f
  impl/datapath/intadd_0_U2/CO (FA1D0)                  0.0587     3.7860 f
  impl/datapath/U32/Z (XOR2D0)                          0.0393     3.8253 f
  impl/datapath/U11/ZN (CKND2D0)                        0.0247     3.8500 r
  impl/datapath/U162/ZN (IOA21D1)                       0.0321     3.8821 f
  impl/datapath/U12/ZN (NR2D0)                          0.0662     3.9483 r
  impl/datapath/U27/ZN (CKND2D1)                        0.0228     3.9711 f
  impl/datapath/U170/ZN (NR2D1)                         0.0531     4.0242 r
  impl/datapath/U171/Z (OR2D1)                          0.0982     4.1224 r
  impl/datapath/U25/Z (XOR2D0)                          0.0648     4.1872 f
  impl/datapath/DP_OP_177J1_155_927_U13/CO (FA1D0)      0.0551     4.2423 f
  impl/datapath/DP_OP_177J1_155_927_U12/CO (FA1D0)      0.0552     4.2976 f
  impl/datapath/DP_OP_177J1_155_927_U11/CO (FA1D0)      0.0552     4.3528 f
  impl/datapath/DP_OP_177J1_155_927_U10/CO (FA1D0)      0.0552     4.4081 f
  impl/datapath/DP_OP_177J1_155_927_U9/CO (FA1D0)       0.0552     4.4633 f
  impl/datapath/DP_OP_177J1_155_927_U8/CO (FA1D0)       0.0552     4.5185 f
  impl/datapath/DP_OP_177J1_155_927_U7/CO (FA1D0)       0.0552     4.5738 f
  impl/datapath/DP_OP_177J1_155_927_U6/CO (FA1D0)       0.0552     4.6290 f
  impl/datapath/DP_OP_177J1_155_927_U5/CO (FA1D0)       0.0552     4.6843 f
  impl/datapath/DP_OP_177J1_155_927_U4/CO (FA1D0)       0.0552     4.7395 f
  impl/datapath/DP_OP_177J1_155_927_U3/S (FA1D0)        0.0676     4.8072 r
  impl/datapath/U389/ZN (NR4D0)                         0.0177     4.8248 f
  impl/datapath/U13/ZN (NR2D0)                          0.0539     4.8787 r
  impl/datapath/U438/ZN (OAI31D1)                       0.0261     4.9048 f
  impl/datapath/U439/ZN (AOI21D1)                       0.0441     4.9489 r
  impl/datapath/U449/ZN (ND2D1)                         0.0478     4.9967 f
  impl/datapath/U17/Z (OR2D0)                           0.0597     5.0564 f
  impl/datapath/U20/ZN (INVD1)                          0.0270     5.0834 r
  impl/datapath/U15/ZN (CKND2D0)                        0.0364     5.1198 f
  impl/datapath/U517/ZN (INVD1)                         0.0683     5.1880 r
  impl/datapath/U548/ZN (AOI22D0)                       0.0438     5.2319 f
  impl/datapath/U549/ZN (OAI211D0)                      0.0384     5.2703 r
  impl/datapath/cut6/U22/Z (BUFFD0)                     0.0312     5.3014 r
  result[21] (out)                                      0.0000     5.3014 r
  data arrival time                                                5.3014

  max_delay                                             7.0000     7.0000
  clock reconvergence pessimism                         0.0000     7.0000
  output external delay                                 0.0000     7.0000
  data required time                                               7.0000
  ------------------------------------------------------------------------------
  data required time                                               7.0000
  data arrival time                                               -5.3014
  ------------------------------------------------------------------------------
  slack (MET)                                                      1.6986


  Startpoint: divide_mode
               (input port clocked by vclk)
  Endpoint: result[21] (output port clocked by vclk)
  Path Group: vclk
  Path Type: max

  Point                                                   Incr       Path
  ------------------------------------------------------------------------------
  input external delay                                  0.0000     0.0000 r
  divide_mode (in)                                      0.0000     0.0000 r
  U83/Z (BUFFD2)                                        0.1325     0.1325 r
  impl/datapath/U93/Z (BUFFD2)                          0.1751     0.3075 r
  impl/datapath/U88/ZN (INVD2)                          0.1645     0.4720 f
  impl/datapath/U143/ZN (AOI221D0)                      0.1404     0.6123 r
  impl/datapath/U83/ZN (CKND2D0)                        0.0386     0.6509 f
  impl/datapath/U144/ZN (AOI221D0)                      0.0993     0.7502 r
  impl/datapath/U82/ZN (CKND2D0)                        0.0372     0.7873 f
  impl/datapath/U145/ZN (AOI221D0)                      0.0992     0.8866 r
  impl/datapath/U81/ZN (CKND2D0)                        0.0372     0.9238 f
  impl/datapath/U146/ZN (AOI221D0)                      0.0992     1.0230 r
  impl/datapath/U5/ZN (CKND2D0)                         0.0372     1.0602 f
  impl/datapath/U147/ZN (AOI221D0)                      0.1053     1.1655 r
  impl/datapath/U80/ZN (CKND2D1)                        0.0287     1.1942 f
  impl/datapath/U148/ZN (AOI221D0)                      0.0971     1.2913 r
  impl/datapath/U6/ZN (CKND2D0)                         0.0372     1.3285 f
  impl/datapath/U149/ZN (AOI221D0)                      0.1053     1.4338 r
  impl/datapath/U79/ZN (CKND2D1)                        0.0287     1.4625 f
  impl/datapath/U150/ZN (AOI221D0)                      0.0971     1.5597 r
  impl/datapath/U7/ZN (CKND2D0)                         0.0372     1.5968 f
  impl/datapath/U151/ZN (AOI221D0)                      0.0992     1.6961 r
  impl/datapath/U8/ZN (CKND2D0)                         0.0372     1.7332 f
  impl/datapath/U152/ZN (AOI221D0)                      0.0992     1.8325 r
  impl/datapath/U4/ZN (CKND2D0)                         0.0372     1.8696 f
  impl/datapath/U153/ZN (AOI221D0)                      0.1005     1.9701 r
  impl/datapath/U74/ZN (NR2D0)                          0.0334     2.0035 f
  impl/datapath/U1305/ZN (MUX2ND0)                      0.0605     2.0639 f
  impl/datapath/U1306/S (FA1D0)                         0.1020     2.1659 f
  impl/datapath/intadd_3_U7/CO (FA1D0)                  0.1011     2.2670 f
  impl/datapath/intadd_3_U6/CO (FA1D0)                  0.0552     2.3223 f
  impl/datapath/intadd_3_U5/CO (FA1D0)                  0.0552     2.3775 f
  impl/datapath/intadd_3_U4/S (FA1D0)                   0.0674     2.4449 r
  impl/datapath/cut0/U4/Z (BUFFD0)                      0.0294     2.4743 r
  impl/datapath/cut1/U7/Z (BUFFD0)                      0.0283     2.5027 r
  impl/datapath/cut2/U7/Z (BUFFD0)                      0.0301     2.5328 r
  impl/datapath/csa0/U5/S (FA1D0)                       0.0759     2.6086 r
  impl/datapath/csa1/U7/S (FA1D0)                       0.1044     2.7130 f
  impl/datapath/intadd_4_U4/CO (FA1D0)                  0.0805     2.7936 f
  impl/datapath/U1336/CO (FA1D0)                        0.0552     2.8488 f
  impl/datapath/U1335/CO (FA1D0)                        0.0559     2.9047 f
  impl/datapath/U156/Z (XOR3D1)                         0.1295     3.0342 r
  impl/datapath/U10/ZN (INVD0)                          0.0447     3.0789 f
  impl/datapath/U255/ZN (OAI221D0)                      0.0820     3.1609 r
  impl/datapath/mult_x_19_U66/S (CMPE42D1)              0.1921     3.3530 f
  impl/datapath/intadd_0_U8/CO (FA1D0)                  0.1001     3.4531 f
  impl/datapath/intadd_0_U7/CO (FA1D0)                  0.0552     3.5084 f
  impl/datapath/intadd_0_U6/CO (FA1D0)                  0.0552     3.5636 f
  impl/datapath/intadd_0_U5/CO (FA1D0)                  0.0552     3.6189 f
  impl/datapath/intadd_0_U4/CO (FA1D0)                  0.0552     3.6741 f
  impl/datapath/intadd_0_U3/CO (FA1D0)                  0.0552     3.7294 f
  impl/datapath/intadd_0_U2/CO (FA1D0)                  0.0587     3.7881 f
  impl/datapath/U32/Z (XOR2D0)                          0.0393     3.8273 f
  impl/datapath/U11/ZN (CKND2D0)                        0.0247     3.8520 r
  impl/datapath/U162/ZN (IOA21D1)                       0.0321     3.8842 f
  impl/datapath/U12/ZN (NR2D0)                          0.0662     3.9503 r
  impl/datapath/U27/ZN (CKND2D1)                        0.0228     3.9731 f
  impl/datapath/U170/ZN (NR2D1)                         0.0531     4.0262 r
  impl/datapath/U171/Z (OR2D1)                          0.0982     4.1244 r
  impl/datapath/U25/Z (XOR2D0)                          0.0648     4.1892 f
  impl/datapath/DP_OP_177J1_155_927_U13/CO (FA1D0)      0.0551     4.2444 f
  impl/datapath/DP_OP_177J1_155_927_U12/CO (FA1D0)      0.0552     4.2996 f
  impl/datapath/DP_OP_177J1_155_927_U11/CO (FA1D0)      0.0552     4.3548 f
  impl/datapath/DP_OP_177J1_155_927_U10/CO (FA1D0)      0.0552     4.4101 f
  impl/datapath/DP_OP_177J1_155_927_U9/CO (FA1D0)       0.0552     4.4653 f
  impl/datapath/DP_OP_177J1_155_927_U8/CO (FA1D0)       0.0552     4.5206 f
  impl/datapath/DP_OP_177J1_155_927_U7/CO (FA1D0)       0.0552     4.5758 f
  impl/datapath/DP_OP_177J1_155_927_U6/CO (FA1D0)       0.0552     4.6311 f
  impl/datapath/DP_OP_177J1_155_927_U5/CO (FA1D0)       0.0552     4.6863 f
  impl/datapath/DP_OP_177J1_155_927_U4/CO (FA1D0)       0.0552     4.7415 f
  impl/datapath/DP_OP_177J1_155_927_U3/S (FA1D0)        0.0676     4.8092 r
  impl/datapath/U389/ZN (NR4D0)                         0.0177     4.8268 f
  impl/datapath/U13/ZN (NR2D0)                          0.0539     4.8808 r
  impl/datapath/U438/ZN (OAI31D1)                       0.0261     4.9068 f
  impl/datapath/U439/ZN (AOI21D1)                       0.0441     4.9510 r
  impl/datapath/U449/ZN (ND2D1)                         0.0478     4.9987 f
  impl/datapath/U17/Z (OR2D0)                           0.0597     5.0584 f
  impl/datapath/U20/ZN (INVD1)                          0.0270     5.0854 r
  impl/datapath/U16/ZN (CKND2D0)                        0.1126     5.1980 f
  impl/datapath/U549/ZN (OAI211D0)                      0.0695     5.2675 r
  impl/datapath/cut6/U22/Z (BUFFD0)                     0.0312     5.2987 r
  result[21] (out)                                      0.0000     5.2987 r
  data arrival time                                                5.2987

  max_delay                                             7.0000     7.0000
  clock reconvergence pessimism                         0.0000     7.0000
  output external delay                                 0.0000     7.0000
  data required time                                               7.0000
  ------------------------------------------------------------------------------
  data required time                                               7.0000
  data arrival time                                               -5.2987
  ------------------------------------------------------------------------------
  slack (MET)                                                      1.7013


  Startpoint: divide_mode
               (input port clocked by vclk)
  Endpoint: result[21] (output port clocked by vclk)
  Path Group: vclk
  Path Type: max

  Point                                                   Incr       Path
  ------------------------------------------------------------------------------
  input external delay                                  0.0000     0.0000 r
  divide_mode (in)                                      0.0000     0.0000 r
  U83/Z (BUFFD2)                                        0.1325     0.1325 r
  impl/datapath/U93/Z (BUFFD2)                          0.1751     0.3075 r
  impl/datapath/U88/ZN (INVD2)                          0.1645     0.4720 f
  impl/datapath/U143/ZN (AOI221D0)                      0.1404     0.6123 r
  impl/datapath/U83/ZN (CKND2D0)                        0.0386     0.6509 f
  impl/datapath/U144/ZN (AOI221D0)                      0.0993     0.7502 r
  impl/datapath/U82/ZN (CKND2D0)                        0.0372     0.7873 f
  impl/datapath/U145/ZN (AOI221D0)                      0.0992     0.8866 r
  impl/datapath/U81/ZN (CKND2D0)                        0.0372     0.9238 f
  impl/datapath/U146/ZN (AOI221D0)                      0.0992     1.0230 r
  impl/datapath/U5/ZN (CKND2D0)                         0.0372     1.0602 f
  impl/datapath/U147/ZN (AOI221D0)                      0.1053     1.1655 r
  impl/datapath/U80/ZN (CKND2D1)                        0.0287     1.1942 f
  impl/datapath/U148/ZN (AOI221D0)                      0.0971     1.2913 r
  impl/datapath/U6/ZN (CKND2D0)                         0.0372     1.3285 f
  impl/datapath/U149/ZN (AOI221D0)                      0.1053     1.4338 r
  impl/datapath/U79/ZN (CKND2D1)                        0.0287     1.4625 f
  impl/datapath/U150/ZN (AOI221D0)                      0.0971     1.5597 r
  impl/datapath/U7/ZN (CKND2D0)                         0.0372     1.5968 f
  impl/datapath/U151/ZN (AOI221D0)                      0.0992     1.6961 r
  impl/datapath/U8/ZN (CKND2D0)                         0.0372     1.7332 f
  impl/datapath/U152/ZN (AOI221D0)                      0.0992     1.8325 r
  impl/datapath/U4/ZN (CKND2D0)                         0.0372     1.8696 f
  impl/datapath/U153/ZN (AOI221D0)                      0.1005     1.9701 r
  impl/datapath/U74/ZN (NR2D0)                          0.0334     2.0035 f
  impl/datapath/U1305/ZN (MUX2ND0)                      0.0605     2.0639 f
  impl/datapath/U1306/S (FA1D0)                         0.1020     2.1659 f
  impl/datapath/intadd_3_U7/CO (FA1D0)                  0.1011     2.2670 f
  impl/datapath/intadd_3_U6/CO (FA1D0)                  0.0552     2.3223 f
  impl/datapath/intadd_3_U5/S (FA1D0)                   0.0674     2.3896 r
  impl/datapath/cut0/U5/Z (BUFFD0)                      0.0294     2.4191 r
  impl/datapath/cut1/U8/Z (BUFFD0)                      0.0283     2.4474 r
  impl/datapath/cut2/U8/Z (BUFFD0)                      0.0301     2.4775 r
  impl/datapath/csa0/U6/S (FA1D0)                       0.0759     2.5534 r
  impl/datapath/csa1/U8/S (FA1D0)                       0.1044     2.6578 f
  impl/datapath/intadd_4_U5/CO (FA1D0)                  0.0805     2.7383 f
  impl/datapath/intadd_4_U4/CO (FA1D0)                  0.0552     2.7936 f
  impl/datapath/U1336/CO (FA1D0)                        0.0552     2.8488 f
  impl/datapath/U1335/CO (FA1D0)                        0.0559     2.9047 f
  impl/datapath/U156/Z (XOR3D1)                         0.1295     3.0342 r
  impl/datapath/U10/ZN (INVD0)                          0.0447     3.0789 f
  impl/datapath/U255/ZN (OAI221D0)                      0.0820     3.1609 r
  impl/datapath/mult_x_19_U66/S (CMPE42D1)              0.1921     3.3530 f
  impl/datapath/intadd_0_U8/CO (FA1D0)                  0.1001     3.4531 f
  impl/datapath/intadd_0_U7/CO (FA1D0)                  0.0552     3.5084 f
  impl/datapath/intadd_0_U6/CO (FA1D0)                  0.0552     3.5636 f
  impl/datapath/intadd_0_U5/CO (FA1D0)                  0.0552     3.6189 f
  impl/datapath/intadd_0_U4/CO (FA1D0)                  0.0552     3.6741 f
  impl/datapath/intadd_0_U3/CO (FA1D0)                  0.0552     3.7294 f
  impl/datapath/intadd_0_U2/CO (FA1D0)                  0.0587     3.7881 f
  impl/datapath/U32/Z (XOR2D0)                          0.0393     3.8273 f
  impl/datapath/U11/ZN (CKND2D0)                        0.0247     3.8520 r
  impl/datapath/U162/ZN (IOA21D1)                       0.0321     3.8842 f
  impl/datapath/U12/ZN (NR2D0)                          0.0662     3.9503 r
  impl/datapath/U27/ZN (CKND2D1)                        0.0228     3.9731 f
  impl/datapath/U170/ZN (NR2D1)                         0.0531     4.0262 r
  impl/datapath/U171/Z (OR2D1)                          0.0982     4.1244 r
  impl/datapath/U25/Z (XOR2D0)                          0.0648     4.1892 f
  impl/datapath/DP_OP_177J1_155_927_U13/CO (FA1D0)      0.0551     4.2444 f
  impl/datapath/DP_OP_177J1_155_927_U12/CO (FA1D0)      0.0552     4.2996 f
  impl/datapath/DP_OP_177J1_155_927_U11/CO (FA1D0)      0.0552     4.3548 f
  impl/datapath/DP_OP_177J1_155_927_U10/CO (FA1D0)      0.0552     4.4101 f
  impl/datapath/DP_OP_177J1_155_927_U9/CO (FA1D0)       0.0552     4.4653 f
  impl/datapath/DP_OP_177J1_155_927_U8/CO (FA1D0)       0.0552     4.5206 f
  impl/datapath/DP_OP_177J1_155_927_U7/CO (FA1D0)       0.0552     4.5758 f
  impl/datapath/DP_OP_177J1_155_927_U6/CO (FA1D0)       0.0552     4.6311 f
  impl/datapath/DP_OP_177J1_155_927_U5/CO (FA1D0)       0.0552     4.6863 f
  impl/datapath/DP_OP_177J1_155_927_U4/CO (FA1D0)       0.0552     4.7415 f
  impl/datapath/DP_OP_177J1_155_927_U3/S (FA1D0)        0.0676     4.8092 r
  impl/datapath/U389/ZN (NR4D0)                         0.0177     4.8268 f
  impl/datapath/U13/ZN (NR2D0)                          0.0539     4.8808 r
  impl/datapath/U438/ZN (OAI31D1)                       0.0261     4.9068 f
  impl/datapath/U439/ZN (AOI21D1)                       0.0441     4.9510 r
  impl/datapath/U449/ZN (ND2D1)                         0.0478     4.9987 f
  impl/datapath/U17/Z (OR2D0)                           0.0597     5.0584 f
  impl/datapath/U20/ZN (INVD1)                          0.0270     5.0854 r
  impl/datapath/U16/ZN (CKND2D0)                        0.1126     5.1980 f
  impl/datapath/U549/ZN (OAI211D0)                      0.0695     5.2675 r
  impl/datapath/cut6/U22/Z (BUFFD0)                     0.0312     5.2987 r
  result[21] (out)                                      0.0000     5.2987 r
  data arrival time                                                5.2987

  max_delay                                             7.0000     7.0000
  clock reconvergence pessimism                         0.0000     7.0000
  output external delay                                 0.0000     7.0000
  data required time                                               7.0000
  ------------------------------------------------------------------------------
  data required time                                               7.0000
  data arrival time                                               -5.2987
  ------------------------------------------------------------------------------
  slack (MET)                                                      1.7013


  Startpoint: divide_mode
               (input port clocked by vclk)
  Endpoint: result[21] (output port clocked by vclk)
  Path Group: vclk
  Path Type: max

  Point                                                   Incr       Path
  ------------------------------------------------------------------------------
  input external delay                                  0.0000     0.0000 r
  divide_mode (in)                                      0.0000     0.0000 r
  U83/Z (BUFFD2)                                        0.1325     0.1325 r
  impl/datapath/U93/Z (BUFFD2)                          0.1751     0.3075 r
  impl/datapath/U88/ZN (INVD2)                          0.1645     0.4720 f
  impl/datapath/U143/ZN (AOI221D0)                      0.1404     0.6123 r
  impl/datapath/U83/ZN (CKND2D0)                        0.0386     0.6509 f
  impl/datapath/U144/ZN (AOI221D0)                      0.0993     0.7502 r
  impl/datapath/U82/ZN (CKND2D0)                        0.0372     0.7873 f
  impl/datapath/U145/ZN (AOI221D0)                      0.0992     0.8866 r
  impl/datapath/U81/ZN (CKND2D0)                        0.0372     0.9238 f
  impl/datapath/U146/ZN (AOI221D0)                      0.0992     1.0230 r
  impl/datapath/U5/ZN (CKND2D0)                         0.0372     1.0602 f
  impl/datapath/U147/ZN (AOI221D0)                      0.1053     1.1655 r
  impl/datapath/U80/ZN (CKND2D1)                        0.0287     1.1942 f
  impl/datapath/U148/ZN (AOI221D0)                      0.0971     1.2913 r
  impl/datapath/U6/ZN (CKND2D0)                         0.0372     1.3285 f
  impl/datapath/U149/ZN (AOI221D0)                      0.1053     1.4338 r
  impl/datapath/U79/ZN (CKND2D1)                        0.0287     1.4625 f
  impl/datapath/U150/ZN (AOI221D0)                      0.0971     1.5597 r
  impl/datapath/U7/ZN (CKND2D0)                         0.0372     1.5968 f
  impl/datapath/U151/ZN (AOI221D0)                      0.0992     1.6961 r
  impl/datapath/U8/ZN (CKND2D0)                         0.0372     1.7332 f
  impl/datapath/U152/ZN (AOI221D0)                      0.0992     1.8325 r
  impl/datapath/U4/ZN (CKND2D0)                         0.0372     1.8696 f
  impl/datapath/U153/ZN (AOI221D0)                      0.1005     1.9701 r
  impl/datapath/U74/ZN (NR2D0)                          0.0334     2.0035 f
  impl/datapath/U1305/ZN (MUX2ND0)                      0.0605     2.0639 f
  impl/datapath/U1306/S (FA1D0)                         0.1020     2.1659 f
  impl/datapath/intadd_3_U7/CO (FA1D0)                  0.1011     2.2670 f
  impl/datapath/intadd_3_U6/S (FA1D0)                   0.0674     2.3344 r
  impl/datapath/cut0/U6/Z (BUFFD0)                      0.0294     2.3638 r
  impl/datapath/cut1/U9/Z (BUFFD0)                      0.0283     2.3922 r
  impl/datapath/cut2/U9/Z (BUFFD0)                      0.0301     2.4223 r
  impl/datapath/csa0/U7/S (FA1D0)                       0.0759     2.4982 r
  impl/datapath/csa1/U9/S (FA1D0)                       0.1044     2.6026 f
  impl/datapath/intadd_4_U6/CO (FA1D0)                  0.0805     2.6831 f
  impl/datapath/intadd_4_U5/CO (FA1D0)                  0.0552     2.7383 f
  impl/datapath/intadd_4_U4/CO (FA1D0)                  0.0552     2.7936 f
  impl/datapath/U1336/CO (FA1D0)                        0.0552     2.8488 f
  impl/datapath/U1335/CO (FA1D0)                        0.0559     2.9047 f
  impl/datapath/U156/Z (XOR3D1)                         0.1295     3.0342 r
  impl/datapath/U10/ZN (INVD0)                          0.0447     3.0789 f
  impl/datapath/U255/ZN (OAI221D0)                      0.0820     3.1609 r
  impl/datapath/mult_x_19_U66/S (CMPE42D1)              0.1921     3.3530 f
  impl/datapath/intadd_0_U8/CO (FA1D0)                  0.1001     3.4531 f
  impl/datapath/intadd_0_U7/CO (FA1D0)                  0.0552     3.5084 f
  impl/datapath/intadd_0_U6/CO (FA1D0)                  0.0552     3.5636 f
  impl/datapath/intadd_0_U5/CO (FA1D0)                  0.0552     3.6189 f
  impl/datapath/intadd_0_U4/CO (FA1D0)                  0.0552     3.6741 f
  impl/datapath/intadd_0_U3/CO (FA1D0)                  0.0552     3.7294 f
  impl/datapath/intadd_0_U2/CO (FA1D0)                  0.0587     3.7881 f
  impl/datapath/U32/Z (XOR2D0)                          0.0393     3.8273 f
  impl/datapath/U11/ZN (CKND2D0)                        0.0247     3.8520 r
  impl/datapath/U162/ZN (IOA21D1)                       0.0321     3.8842 f
  impl/datapath/U12/ZN (NR2D0)                          0.0662     3.9503 r
  impl/datapath/U27/ZN (CKND2D1)                        0.0228     3.9731 f
  impl/datapath/U170/ZN (NR2D1)                         0.0531     4.0262 r
  impl/datapath/U171/Z (OR2D1)                          0.0982     4.1244 r
  impl/datapath/U25/Z (XOR2D0)                          0.0648     4.1892 f
  impl/datapath/DP_OP_177J1_155_927_U13/CO (FA1D0)      0.0551     4.2444 f
  impl/datapath/DP_OP_177J1_155_927_U12/CO (FA1D0)      0.0552     4.2996 f
  impl/datapath/DP_OP_177J1_155_927_U11/CO (FA1D0)      0.0552     4.3548 f
  impl/datapath/DP_OP_177J1_155_927_U10/CO (FA1D0)      0.0552     4.4101 f
  impl/datapath/DP_OP_177J1_155_927_U9/CO (FA1D0)       0.0552     4.4653 f
  impl/datapath/DP_OP_177J1_155_927_U8/CO (FA1D0)       0.0552     4.5206 f
  impl/datapath/DP_OP_177J1_155_927_U7/CO (FA1D0)       0.0552     4.5758 f
  impl/datapath/DP_OP_177J1_155_927_U6/CO (FA1D0)       0.0552     4.6311 f
  impl/datapath/DP_OP_177J1_155_927_U5/CO (FA1D0)       0.0552     4.6863 f
  impl/datapath/DP_OP_177J1_155_927_U4/CO (FA1D0)       0.0552     4.7415 f
  impl/datapath/DP_OP_177J1_155_927_U3/S (FA1D0)        0.0676     4.8092 r
  impl/datapath/U389/ZN (NR4D0)                         0.0177     4.8268 f
  impl/datapath/U13/ZN (NR2D0)                          0.0539     4.8808 r
  impl/datapath/U438/ZN (OAI31D1)                       0.0261     4.9068 f
  impl/datapath/U439/ZN (AOI21D1)                       0.0441     4.9510 r
  impl/datapath/U449/ZN (ND2D1)                         0.0478     4.9987 f
  impl/datapath/U17/Z (OR2D0)                           0.0597     5.0584 f
  impl/datapath/U20/ZN (INVD1)                          0.0270     5.0854 r
  impl/datapath/U16/ZN (CKND2D0)                        0.1126     5.1980 f
  impl/datapath/U549/ZN (OAI211D0)                      0.0695     5.2675 r
  impl/datapath/cut6/U22/Z (BUFFD0)                     0.0312     5.2987 r
  result[21] (out)                                      0.0000     5.2987 r
  data arrival time                                                5.2987

  max_delay                                             7.0000     7.0000
  clock reconvergence pessimism                         0.0000     7.0000
  output external delay                                 0.0000     7.0000
  data required time                                               7.0000
  ------------------------------------------------------------------------------
  data required time                                               7.0000
  data arrival time                                               -5.2987
  ------------------------------------------------------------------------------
  slack (MET)                                                      1.7013


  Startpoint: divide_mode
               (input port clocked by vclk)
  Endpoint: result[21] (output port clocked by vclk)
  Path Group: vclk
  Path Type: max

  Point                                                   Incr       Path
  ------------------------------------------------------------------------------
  input external delay                                  0.0000     0.0000 r
  divide_mode (in)                                      0.0000     0.0000 r
  U83/Z (BUFFD2)                                        0.1325     0.1325 r
  impl/datapath/U93/Z (BUFFD2)                          0.1751     0.3075 r
  impl/datapath/U88/ZN (INVD2)                          0.1645     0.4720 f
  impl/datapath/U143/ZN (AOI221D0)                      0.1404     0.6123 r
  impl/datapath/U83/ZN (CKND2D0)                        0.0386     0.6509 f
  impl/datapath/U144/ZN (AOI221D0)                      0.0993     0.7502 r
  impl/datapath/U82/ZN (CKND2D0)                        0.0372     0.7873 f
  impl/datapath/U145/ZN (AOI221D0)                      0.0992     0.8866 r
  impl/datapath/U81/ZN (CKND2D0)                        0.0372     0.9238 f
  impl/datapath/U146/ZN (AOI221D0)                      0.0992     1.0230 r
  impl/datapath/U5/ZN (CKND2D0)                         0.0372     1.0602 f
  impl/datapath/U147/ZN (AOI221D0)                      0.1053     1.1655 r
  impl/datapath/U80/ZN (CKND2D1)                        0.0287     1.1942 f
  impl/datapath/U148/ZN (AOI221D0)                      0.0971     1.2913 r
  impl/datapath/U6/ZN (CKND2D0)                         0.0372     1.3285 f
  impl/datapath/U149/ZN (AOI221D0)                      0.1053     1.4338 r
  impl/datapath/U79/ZN (CKND2D1)                        0.0287     1.4625 f
  impl/datapath/U150/ZN (AOI221D0)                      0.0971     1.5597 r
  impl/datapath/U7/ZN (CKND2D0)                         0.0372     1.5968 f
  impl/datapath/U151/ZN (AOI221D0)                      0.0992     1.6961 r
  impl/datapath/U8/ZN (CKND2D0)                         0.0372     1.7332 f
  impl/datapath/U152/ZN (AOI221D0)                      0.0992     1.8325 r
  impl/datapath/U4/ZN (CKND2D0)                         0.0372     1.8696 f
  impl/datapath/U153/ZN (AOI221D0)                      0.1005     1.9701 r
  impl/datapath/U74/ZN (NR2D0)                          0.0334     2.0035 f
  impl/datapath/U1305/ZN (MUX2ND0)                      0.0605     2.0639 f
  impl/datapath/U1306/S (FA1D0)                         0.1020     2.1659 f
  impl/datapath/intadd_3_U7/CO (FA1D0)                  0.1011     2.2670 f
  impl/datapath/intadd_3_U6/CO (FA1D0)                  0.0552     2.3223 f
  impl/datapath/intadd_3_U5/CO (FA1D0)                  0.0552     2.3775 f
  impl/datapath/intadd_3_U4/CO (FA1D0)                  0.0552     2.4328 f
  impl/datapath/intadd_3_U3/S (FA1D0)                   0.0674     2.5001 r
  impl/datapath/cut0/U3/Z (BUFFD0)                      0.0294     2.5296 r
  impl/datapath/cut1/U5/Z (BUFFD0)                      0.0283     2.5579 r
  impl/datapath/cut2/U5/Z (BUFFD0)                      0.0301     2.5880 r
  impl/datapath/csa0/U4/S (FA1D0)                       0.0759     2.6639 r
  impl/datapath/csa1/U6/S (FA1D0)                       0.1044     2.7683 f
  impl/datapath/U1336/CO (FA1D0)                        0.0805     2.8488 f
  impl/datapath/U1335/CO (FA1D0)                        0.0559     2.9047 f
  impl/datapath/U156/Z (XOR3D1)                         0.1295     3.0342 r
  impl/datapath/U10/ZN (INVD0)                          0.0447     3.0789 f
  impl/datapath/U255/ZN (OAI221D0)                      0.0820     3.1609 r
  impl/datapath/mult_x_19_U66/S (CMPE42D1)              0.1921     3.3530 f
  impl/datapath/intadd_0_U8/CO (FA1D0)                  0.1001     3.4531 f
  impl/datapath/intadd_0_U7/CO (FA1D0)                  0.0552     3.5084 f
  impl/datapath/intadd_0_U6/CO (FA1D0)                  0.0552     3.5636 f
  impl/datapath/intadd_0_U5/CO (FA1D0)                  0.0552     3.6189 f
  impl/datapath/intadd_0_U4/CO (FA1D0)                  0.0552     3.6741 f
  impl/datapath/intadd_0_U3/CO (FA1D0)                  0.0552     3.7294 f
  impl/datapath/intadd_0_U2/CO (FA1D0)                  0.0587     3.7881 f
  impl/datapath/U32/Z (XOR2D0)                          0.0393     3.8273 f
  impl/datapath/U11/ZN (CKND2D0)                        0.0247     3.8520 r
  impl/datapath/U162/ZN (IOA21D1)                       0.0321     3.8842 f
  impl/datapath/U12/ZN (NR2D0)                          0.0662     3.9503 r
  impl/datapath/U27/ZN (CKND2D1)                        0.0228     3.9731 f
  impl/datapath/U170/ZN (NR2D1)                         0.0531     4.0262 r
  impl/datapath/U171/Z (OR2D1)                          0.0982     4.1244 r
  impl/datapath/U25/Z (XOR2D0)                          0.0648     4.1892 f
  impl/datapath/DP_OP_177J1_155_927_U13/CO (FA1D0)      0.0551     4.2444 f
  impl/datapath/DP_OP_177J1_155_927_U12/CO (FA1D0)      0.0552     4.2996 f
  impl/datapath/DP_OP_177J1_155_927_U11/CO (FA1D0)      0.0552     4.3548 f
  impl/datapath/DP_OP_177J1_155_927_U10/CO (FA1D0)      0.0552     4.4101 f
  impl/datapath/DP_OP_177J1_155_927_U9/CO (FA1D0)       0.0552     4.4653 f
  impl/datapath/DP_OP_177J1_155_927_U8/CO (FA1D0)       0.0552     4.5206 f
  impl/datapath/DP_OP_177J1_155_927_U7/CO (FA1D0)       0.0552     4.5758 f
  impl/datapath/DP_OP_177J1_155_927_U6/CO (FA1D0)       0.0552     4.6311 f
  impl/datapath/DP_OP_177J1_155_927_U5/CO (FA1D0)       0.0552     4.6863 f
  impl/datapath/DP_OP_177J1_155_927_U4/CO (FA1D0)       0.0552     4.7415 f
  impl/datapath/DP_OP_177J1_155_927_U3/S (FA1D0)        0.0676     4.8092 r
  impl/datapath/U389/ZN (NR4D0)                         0.0177     4.8268 f
  impl/datapath/U13/ZN (NR2D0)                          0.0539     4.8808 r
  impl/datapath/U438/ZN (OAI31D1)                       0.0261     4.9068 f
  impl/datapath/U439/ZN (AOI21D1)                       0.0441     4.9510 r
  impl/datapath/U449/ZN (ND2D1)                         0.0478     4.9987 f
  impl/datapath/U17/Z (OR2D0)                           0.0597     5.0584 f
  impl/datapath/U20/ZN (INVD1)                          0.0270     5.0854 r
  impl/datapath/U16/ZN (CKND2D0)                        0.1126     5.1980 f
  impl/datapath/U549/ZN (OAI211D0)                      0.0695     5.2675 r
  impl/datapath/cut6/U22/Z (BUFFD0)                     0.0312     5.2987 r
  result[21] (out)                                      0.0000     5.2987 r
  data arrival time                                                5.2987

  max_delay                                             7.0000     7.0000
  clock reconvergence pessimism                         0.0000     7.0000
  output external delay                                 0.0000     7.0000
  data required time                                               7.0000
  ------------------------------------------------------------------------------
  data required time                                               7.0000
  data arrival time                                               -5.2987
  ------------------------------------------------------------------------------
  slack (MET)                                                      1.7013

Warning: report_timing has satisfied the max_paths criteria. There are 31 further endpoints which have paths of interest with slack less than 1000.0000 that were not considered when generating this report. (UITE-502)

1
