****************************************
Report : timing
	-path_type full
	-delay_type max
	-nworst 10
	-slack_lesser_than 1000.00000
	-max_paths 10
	-sort_by slack
Design : oadm_fixed_l0_opt
Version: U-2022.12-SP5
Date   : Fri Aug 21 20:58:34 2026
****************************************


  Startpoint: y[0] (input port clocked by vclk)
  Endpoint: result[20] (output port clocked by vclk)
  Path Group: vclk
  Path Type: max

  Point                                                   Incr       Path
  ------------------------------------------------------------------------------
  clock vclk (rise edge)                               0.00000    0.00000
  clock network delay (ideal)                          0.00000    0.00000
  input external delay                                 0.02000    0.02000 r
  y[0] (in)                                            0.02629    0.04629 r
  DP_OP_88J1_124_444_U105/CO (HA1D0)                   0.04809    0.09438 r
  DP_OP_88J1_124_444_U104/CO (FA1D0)                   0.05062    0.14500 r
  DP_OP_88J1_124_444_U103/S (FA1D0)                    0.07048    0.21548 r
  U664/Z (CKAN2D0)                                     0.04304    0.25852 r
  DP_OP_89J1_125_5229_U48/S (FA1D0)                    0.10014    0.35866 f
  DP_OP_89J1_125_5229_U24/CO (FA1D0)                   0.10144    0.46010 f
  DP_OP_89J1_125_5229_U23/CO (FA1D0)                   0.05524    0.51535 f
  DP_OP_89J1_125_5229_U22/CO (FA1D0)                   0.05524    0.57059 f
  DP_OP_89J1_125_5229_U21/CO (FA1D0)                   0.05524    0.62584 f
  DP_OP_89J1_125_5229_U20/CO (FA1D0)                   0.05524    0.68108 f
  DP_OP_89J1_125_5229_U19/S (FA1D0)                    0.07667    0.75775 r
  DP_OP_88J1_124_444_U22/CO (FA1D0)                    0.08338    0.84113 r
  DP_OP_88J1_124_444_U21/S (FA1D0)                     0.09334    0.93446 r
  U356/Z (CKXOR2D0)                                    0.06693    1.00140 r
  U355/ZN (XNR2D0)                                     0.07263    1.07403 f
  U352/ZN (MAOI222D0)                                  0.07584    1.14986 r
  U351/ZN (CKND0)                                      0.02281    1.17267 f
  U309/ZN (CKND2D0)                                    0.02410    1.19677 r
  U313/ZN (AOI22D0)                                    0.03166    1.22843 f
  U321/ZN (AOI21D0)                                    0.05570    1.28413 r
  U322/ZN (MAOI222D0)                                  0.05905    1.34318 f
  U343/ZN (MAOI22D0)                                   0.07813    1.42131 r
  U332/ZN (MAOI222D0)                                  0.05837    1.47968 f
  U337/ZN (MAOI222D0)                                  0.06848    1.54817 r
  U336/ZN (CKND0)                                      0.03425    1.58242 f
  U339/ZN (MAOI222D0)                                  0.06837    1.65079 r
  U348/ZN (OAI22D0)                                    0.04740    1.69819 f
  U349/ZN (MAOI222D0)                                  0.09518    1.79337 r
  U317/ZN (MAOI222D0)                                  0.05354    1.84691 f
  U316/ZN (CKND0)                                      0.04447    1.89138 r
  U354/ZN (MAOI222D0)                                  0.05026    1.94164 f
  U304/ZN (MAOI222D0)                                  0.06558    2.00722 r
  U303/ZN (CKND0)                                      0.03417    2.04138 f
  U301/ZN (MAOI222D0)                                  0.05558    2.09696 r
  U300/ZN (CKND0)                                      0.03113    2.12809 f
  U299/ZN (MAOI22D1)                                   0.04709    2.17518 r
  U369/ZN (MAOI222D0)                                  0.05870    2.23388 f
  U276/ZN (MAOI222D0)                                  0.07697    2.31085 r
  U275/ZN (CKND0)                                      0.03747    2.34832 f
  U374/ZN (CKND2D0)                                    0.02662    2.37493 r
  U378/ZN (AOI22D0)                                    0.03383    2.40877 f
  U271/ZN (MAOI22D1)                                   0.04360    2.45237 r
  U382/ZN (MAOI222D0)                                  0.04954    2.50190 f
  U383/ZN (IOA21D0)                                    0.02633    2.52823 r
  U227/ZN (OAI21D0)                                    0.03841    2.56664 f
  U219/ZN (MAOI222D0)                                  0.07161    2.63825 r
  U182/ZN (MOAI22D0)                                   0.04081    2.67906 f
  U402/Z (XOR2D0)                                      0.04461    2.72367 f
  U403/ZN (CKND2D0)                                    0.02944    2.75311 r
  U213/Z (CKXOR2D0)                                    0.07142    2.82453 f
  U407/ZN (INVD0)                                      0.03724    2.86177 r
  U409/ZN (ND3D0)                                      0.06308    2.92485 f
  U211/ZN (IND2D1)                                     0.08108    3.00593 r
  U700/Z (XOR2D0)                                      0.06408    3.07001 f
  DP_OP_91J1_129_7962_U11/CO (FA1D0)                   0.05519    3.12519 f
  DP_OP_91J1_129_7962_U10/CO (FA1D0)                   0.05524    3.18044 f
  DP_OP_91J1_129_7962_U9/CO (FA1D0)                    0.05524    3.23568 f
  DP_OP_91J1_129_7962_U8/CO (FA1D0)                    0.05524    3.29093 f
  DP_OP_91J1_129_7962_U7/CO (FA1D0)                    0.05524    3.34617 f
  DP_OP_91J1_129_7962_U6/CO (FA1D0)                    0.05524    3.40141 f
  DP_OP_91J1_129_7962_U5/CO (FA1D0)                    0.05524    3.45666 f
  DP_OP_91J1_129_7962_U4/CO (FA1D0)                    0.05524    3.51190 f
  DP_OP_91J1_129_7962_U3/S (FA1D0)                     0.06556    3.57746 r
  U431/ZN (CKND2D0)                                    0.01924    3.59670 f
  U432/ZN (IOA21D0)                                    0.03270    3.62941 r
  U199/ZN (OAI31D0)                                    0.02858    3.65799 f
  U190/ZN (AOI21D0)                                    0.11155    3.76954 r
  U458/ZN (CKND2D0)                                    0.06575    3.83530 f
  U459/ZN (INVD0)                                      0.04200    3.87730 r
  U460/ZN (CKND2D0)                                    0.04074    3.91804 f
  U519/ZN (INVD0)                                      0.10173    4.01977 r
  U598/ZN (AOI22D0)                                    0.04988    4.06964 f
  U600/ZN (OAI211D0)                                   0.05898    4.12862 r
  result[20] (out)                                     0.00000    4.12862 r
  data arrival time                                               4.12862

  clock vclk (rise edge)                              10.00000   10.00000
  clock network delay (ideal)                          0.00000   10.00000
  clock reconvergence pessimism                        0.00000   10.00000
  output external delay                               -0.02000    9.98000
  data required time                                              9.98000
  ------------------------------------------------------------------------------
  data required time                                              9.98000
  data arrival time                                              -4.12862
  ------------------------------------------------------------------------------
  slack (MET)                                                     5.85138


  Startpoint: y[1] (input port clocked by vclk)
  Endpoint: result[20] (output port clocked by vclk)
  Path Group: vclk
  Path Type: max

  Point                                                   Incr       Path
  ------------------------------------------------------------------------------
  clock vclk (rise edge)                               0.00000    0.00000
  clock network delay (ideal)                          0.00000    0.00000
  input external delay                                 0.02000    0.02000 r
  y[1] (in)                                            0.02625    0.04625 r
  DP_OP_88J1_124_444_U104/CO (FA1D0)                   0.09828    0.14453 r
  DP_OP_88J1_124_444_U103/S (FA1D0)                    0.07048    0.21501 r
  U664/Z (CKAN2D0)                                     0.04304    0.25805 r
  DP_OP_89J1_125_5229_U48/S (FA1D0)                    0.10014    0.35819 f
  DP_OP_89J1_125_5229_U24/CO (FA1D0)                   0.10144    0.45963 f
  DP_OP_89J1_125_5229_U23/CO (FA1D0)                   0.05524    0.51488 f
  DP_OP_89J1_125_5229_U22/CO (FA1D0)                   0.05524    0.57012 f
  DP_OP_89J1_125_5229_U21/CO (FA1D0)                   0.05524    0.62537 f
  DP_OP_89J1_125_5229_U20/CO (FA1D0)                   0.05524    0.68061 f
  DP_OP_89J1_125_5229_U19/S (FA1D0)                    0.07667    0.75728 r
  DP_OP_88J1_124_444_U22/CO (FA1D0)                    0.08338    0.84066 r
  DP_OP_88J1_124_444_U21/S (FA1D0)                     0.09334    0.93399 r
  U356/Z (CKXOR2D0)                                    0.06693    1.00093 r
  U355/ZN (XNR2D0)                                     0.07263    1.07355 f
  U352/ZN (MAOI222D0)                                  0.07584    1.14939 r
  U351/ZN (CKND0)                                      0.02281    1.17220 f
  U309/ZN (CKND2D0)                                    0.02410    1.19630 r
  U313/ZN (AOI22D0)                                    0.03166    1.22796 f
  U321/ZN (AOI21D0)                                    0.05570    1.28366 r
  U322/ZN (MAOI222D0)                                  0.05905    1.34271 f
  U343/ZN (MAOI22D0)                                   0.07813    1.42084 r
  U332/ZN (MAOI222D0)                                  0.05837    1.47921 f
  U337/ZN (MAOI222D0)                                  0.06848    1.54769 r
  U336/ZN (CKND0)                                      0.03425    1.58194 f
  U339/ZN (MAOI222D0)                                  0.06837    1.65032 r
  U348/ZN (OAI22D0)                                    0.04740    1.69772 f
  U349/ZN (MAOI222D0)                                  0.09518    1.79290 r
  U317/ZN (MAOI222D0)                                  0.05354    1.84644 f
  U316/ZN (CKND0)                                      0.04447    1.89091 r
  U354/ZN (MAOI222D0)                                  0.05026    1.94117 f
  U304/ZN (MAOI222D0)                                  0.06558    2.00675 r
  U303/ZN (CKND0)                                      0.03417    2.04091 f
  U301/ZN (MAOI222D0)                                  0.05558    2.09649 r
  U300/ZN (CKND0)                                      0.03113    2.12762 f
  U299/ZN (MAOI22D1)                                   0.04709    2.17471 r
  U369/ZN (MAOI222D0)                                  0.05870    2.23341 f
  U276/ZN (MAOI222D0)                                  0.07697    2.31038 r
  U275/ZN (CKND0)                                      0.03747    2.34785 f
  U374/ZN (CKND2D0)                                    0.02662    2.37446 r
  U378/ZN (AOI22D0)                                    0.03383    2.40830 f
  U271/ZN (MAOI22D1)                                   0.04360    2.45189 r
  U382/ZN (MAOI222D0)                                  0.04954    2.50143 f
  U383/ZN (IOA21D0)                                    0.02633    2.52776 r
  U227/ZN (OAI21D0)                                    0.03841    2.56617 f
  U219/ZN (MAOI222D0)                                  0.07161    2.63777 r
  U182/ZN (MOAI22D0)                                   0.04081    2.67858 f
  U402/Z (XOR2D0)                                      0.04461    2.72319 f
  U403/ZN (CKND2D0)                                    0.02944    2.75264 r
  U213/Z (CKXOR2D0)                                    0.07142    2.82406 f
  U407/ZN (INVD0)                                      0.03724    2.86130 r
  U409/ZN (ND3D0)                                      0.06308    2.92438 f
  U211/ZN (IND2D1)                                     0.08108    3.00546 r
  U700/Z (XOR2D0)                                      0.06408    3.06954 f
  DP_OP_91J1_129_7962_U11/CO (FA1D0)                   0.05519    3.12472 f
  DP_OP_91J1_129_7962_U10/CO (FA1D0)                   0.05524    3.17997 f
  DP_OP_91J1_129_7962_U9/CO (FA1D0)                    0.05524    3.23521 f
  DP_OP_91J1_129_7962_U8/CO (FA1D0)                    0.05524    3.29045 f
  DP_OP_91J1_129_7962_U7/CO (FA1D0)                    0.05524    3.34570 f
  DP_OP_91J1_129_7962_U6/CO (FA1D0)                    0.05524    3.40094 f
  DP_OP_91J1_129_7962_U5/CO (FA1D0)                    0.05524    3.45619 f
  DP_OP_91J1_129_7962_U4/CO (FA1D0)                    0.05524    3.51143 f
  DP_OP_91J1_129_7962_U3/S (FA1D0)                     0.06556    3.57699 r
  U431/ZN (CKND2D0)                                    0.01924    3.59623 f
  U432/ZN (IOA21D0)                                    0.03270    3.62893 r
  U199/ZN (OAI31D0)                                    0.02858    3.65751 f
  U190/ZN (AOI21D0)                                    0.11155    3.76907 r
  U458/ZN (CKND2D0)                                    0.06575    3.83482 f
  U459/ZN (INVD0)                                      0.04200    3.87683 r
  U460/ZN (CKND2D0)                                    0.04074    3.91757 f
  U519/ZN (INVD0)                                      0.10173    4.01930 r
  U598/ZN (AOI22D0)                                    0.04988    4.06917 f
  U600/ZN (OAI211D0)                                   0.05898    4.12815 r
  result[20] (out)                                     0.00000    4.12815 r
  data arrival time                                               4.12815

  clock vclk (rise edge)                              10.00000   10.00000
  clock network delay (ideal)                          0.00000   10.00000
  clock reconvergence pessimism                        0.00000   10.00000
  output external delay                               -0.02000    9.98000
  data required time                                              9.98000
  ------------------------------------------------------------------------------
  data required time                                              9.98000
  data arrival time                                              -4.12815
  ------------------------------------------------------------------------------
  slack (MET)                                                     5.85185


  Startpoint: y[1] (input port clocked by vclk)
  Endpoint: result[20] (output port clocked by vclk)
  Path Group: vclk
  Path Type: max

  Point                                                   Incr       Path
  ------------------------------------------------------------------------------
  clock vclk (rise edge)                               0.00000    0.00000
  clock network delay (ideal)                          0.00000    0.00000
  input external delay                                 0.02000    0.02000 r
  y[1] (in)                                            0.02625    0.04625 r
  DP_OP_88J1_124_444_U105/CO (HA1D0)                   0.04638    0.09263 r
  DP_OP_88J1_124_444_U104/CO (FA1D0)                   0.05062    0.14325 r
  DP_OP_88J1_124_444_U103/S (FA1D0)                    0.07048    0.21373 r
  U664/Z (CKAN2D0)                                     0.04304    0.25677 r
  DP_OP_89J1_125_5229_U48/S (FA1D0)                    0.10014    0.35691 f
  DP_OP_89J1_125_5229_U24/CO (FA1D0)                   0.10144    0.45835 f
  DP_OP_89J1_125_5229_U23/CO (FA1D0)                   0.05524    0.51360 f
  DP_OP_89J1_125_5229_U22/CO (FA1D0)                   0.05524    0.56884 f
  DP_OP_89J1_125_5229_U21/CO (FA1D0)                   0.05524    0.62409 f
  DP_OP_89J1_125_5229_U20/CO (FA1D0)                   0.05524    0.67933 f
  DP_OP_89J1_125_5229_U19/S (FA1D0)                    0.07667    0.75600 r
  DP_OP_88J1_124_444_U22/CO (FA1D0)                    0.08338    0.83938 r
  DP_OP_88J1_124_444_U21/S (FA1D0)                     0.09334    0.93271 r
  U356/Z (CKXOR2D0)                                    0.06693    0.99965 r
  U355/ZN (XNR2D0)                                     0.07263    1.07227 f
  U352/ZN (MAOI222D0)                                  0.07584    1.14811 r
  U351/ZN (CKND0)                                      0.02281    1.17092 f
  U309/ZN (CKND2D0)                                    0.02410    1.19502 r
  U313/ZN (AOI22D0)                                    0.03166    1.22668 f
  U321/ZN (AOI21D0)                                    0.05570    1.28238 r
  U322/ZN (MAOI222D0)                                  0.05905    1.34143 f
  U343/ZN (MAOI22D0)                                   0.07813    1.41956 r
  U332/ZN (MAOI222D0)                                  0.05837    1.47793 f
  U337/ZN (MAOI222D0)                                  0.06848    1.54642 r
  U336/ZN (CKND0)                                      0.03425    1.58067 f
  U339/ZN (MAOI222D0)                                  0.06837    1.64904 r
  U348/ZN (OAI22D0)                                    0.04740    1.69644 f
  U349/ZN (MAOI222D0)                                  0.09518    1.79162 r
  U317/ZN (MAOI222D0)                                  0.05354    1.84516 f
  U316/ZN (CKND0)                                      0.04447    1.88963 r
  U354/ZN (MAOI222D0)                                  0.05026    1.93989 f
  U304/ZN (MAOI222D0)                                  0.06558    2.00547 r
  U303/ZN (CKND0)                                      0.03417    2.03963 f
  U301/ZN (MAOI222D0)                                  0.05558    2.09521 r
  U300/ZN (CKND0)                                      0.03113    2.12634 f
  U299/ZN (MAOI22D1)                                   0.04709    2.17343 r
  U369/ZN (MAOI222D0)                                  0.05870    2.23213 f
  U276/ZN (MAOI222D0)                                  0.07697    2.30910 r
  U275/ZN (CKND0)                                      0.03747    2.34657 f
  U374/ZN (CKND2D0)                                    0.02662    2.37318 r
  U378/ZN (AOI22D0)                                    0.03383    2.40702 f
  U271/ZN (MAOI22D1)                                   0.04360    2.45062 r
  U382/ZN (MAOI222D0)                                  0.04954    2.50015 f
  U383/ZN (IOA21D0)                                    0.02633    2.52648 r
  U227/ZN (OAI21D0)                                    0.03841    2.56489 f
  U219/ZN (MAOI222D0)                                  0.07161    2.63650 r
  U182/ZN (MOAI22D0)                                   0.04081    2.67731 f
  U402/Z (XOR2D0)                                      0.04461    2.72192 f
  U403/ZN (CKND2D0)                                    0.02944    2.75136 r
  U213/Z (CKXOR2D0)                                    0.07142    2.82278 f
  U407/ZN (INVD0)                                      0.03724    2.86002 r
  U409/ZN (ND3D0)                                      0.06308    2.92310 f
  U211/ZN (IND2D1)                                     0.08108    3.00418 r
  U700/Z (XOR2D0)                                      0.06408    3.06826 f
  DP_OP_91J1_129_7962_U11/CO (FA1D0)                   0.05519    3.12344 f
  DP_OP_91J1_129_7962_U10/CO (FA1D0)                   0.05524    3.17869 f
  DP_OP_91J1_129_7962_U9/CO (FA1D0)                    0.05524    3.23393 f
  DP_OP_91J1_129_7962_U8/CO (FA1D0)                    0.05524    3.28918 f
  DP_OP_91J1_129_7962_U7/CO (FA1D0)                    0.05524    3.34442 f
  DP_OP_91J1_129_7962_U6/CO (FA1D0)                    0.05524    3.39966 f
  DP_OP_91J1_129_7962_U5/CO (FA1D0)                    0.05524    3.45491 f
  DP_OP_91J1_129_7962_U4/CO (FA1D0)                    0.05524    3.51015 f
  DP_OP_91J1_129_7962_U3/S (FA1D0)                     0.06556    3.57571 r
  U431/ZN (CKND2D0)                                    0.01924    3.59495 f
  U432/ZN (IOA21D0)                                    0.03270    3.62765 r
  U199/ZN (OAI31D0)                                    0.02858    3.65624 f
  U190/ZN (AOI21D0)                                    0.11155    3.76779 r
  U458/ZN (CKND2D0)                                    0.06575    3.83355 f
  U459/ZN (INVD0)                                      0.04200    3.87555 r
  U460/ZN (CKND2D0)                                    0.04074    3.91629 f
  U519/ZN (INVD0)                                      0.10173    4.01802 r
  U598/ZN (AOI22D0)                                    0.04988    4.06789 f
  U600/ZN (OAI211D0)                                   0.05898    4.12687 r
  result[20] (out)                                     0.00000    4.12687 r
  data arrival time                                               4.12687

  clock vclk (rise edge)                              10.00000   10.00000
  clock network delay (ideal)                          0.00000   10.00000
  clock reconvergence pessimism                        0.00000   10.00000
  output external delay                               -0.02000    9.98000
  data required time                                              9.98000
  ------------------------------------------------------------------------------
  data required time                                              9.98000
  data arrival time                                              -4.12687
  ------------------------------------------------------------------------------
  slack (MET)                                                     5.85313


  Startpoint: y[0] (input port clocked by vclk)
  Endpoint: result[20] (output port clocked by vclk)
  Path Group: vclk
  Path Type: max

  Point                                                   Incr       Path
  ------------------------------------------------------------------------------
  clock vclk (rise edge)                               0.00000    0.00000
  clock network delay (ideal)                          0.00000    0.00000
  input external delay                                 0.02000    0.02000 r
  y[0] (in)                                            0.02629    0.04629 r
  DP_OP_88J1_124_444_U105/CO (HA1D0)                   0.04809    0.09438 r
  DP_OP_88J1_124_444_U104/CO (FA1D0)                   0.05062    0.14500 r
  DP_OP_88J1_124_444_U103/S (FA1D0)                    0.07048    0.21548 r
  U664/Z (CKAN2D0)                                     0.04304    0.25852 r
  DP_OP_89J1_125_5229_U48/S (FA1D0)                    0.10014    0.35866 f
  DP_OP_89J1_125_5229_U24/CO (FA1D0)                   0.10144    0.46010 f
  DP_OP_89J1_125_5229_U23/CO (FA1D0)                   0.05524    0.51535 f
  DP_OP_89J1_125_5229_U22/CO (FA1D0)                   0.05524    0.57059 f
  DP_OP_89J1_125_5229_U21/CO (FA1D0)                   0.05524    0.62584 f
  DP_OP_89J1_125_5229_U20/CO (FA1D0)                   0.05524    0.68108 f
  DP_OP_89J1_125_5229_U19/S (FA1D0)                    0.07667    0.75775 r
  DP_OP_88J1_124_444_U22/CO (FA1D0)                    0.08338    0.84113 r
  DP_OP_88J1_124_444_U21/S (FA1D0)                     0.09334    0.93446 r
  U356/Z (CKXOR2D0)                                    0.06693    1.00140 r
  U355/ZN (XNR2D0)                                     0.07263    1.07403 f
  U352/ZN (MAOI222D0)                                  0.07584    1.14986 r
  U351/ZN (CKND0)                                      0.02281    1.17267 f
  U309/ZN (CKND2D0)                                    0.02410    1.19677 r
  U313/ZN (AOI22D0)                                    0.03166    1.22843 f
  U321/ZN (AOI21D0)                                    0.05570    1.28413 r
  U322/ZN (MAOI222D0)                                  0.05905    1.34318 f
  U343/ZN (MAOI22D0)                                   0.07813    1.42131 r
  U332/ZN (MAOI222D0)                                  0.05837    1.47968 f
  U337/ZN (MAOI222D0)                                  0.06848    1.54817 r
  U336/ZN (CKND0)                                      0.03425    1.58242 f
  U339/ZN (MAOI222D0)                                  0.06837    1.65079 r
  U348/ZN (OAI22D0)                                    0.04740    1.69819 f
  U349/ZN (MAOI222D0)                                  0.09518    1.79337 r
  U317/ZN (MAOI222D0)                                  0.05354    1.84691 f
  U316/ZN (CKND0)                                      0.04447    1.89138 r
  U354/ZN (MAOI222D0)                                  0.05026    1.94164 f
  U304/ZN (MAOI222D0)                                  0.06558    2.00722 r
  U303/ZN (CKND0)                                      0.03417    2.04138 f
  U301/ZN (MAOI222D0)                                  0.05558    2.09696 r
  U300/ZN (CKND0)                                      0.03113    2.12809 f
  U299/ZN (MAOI22D1)                                   0.04709    2.17518 r
  U369/ZN (MAOI222D0)                                  0.05870    2.23388 f
  U276/ZN (MAOI222D0)                                  0.07697    2.31085 r
  U275/ZN (CKND0)                                      0.03747    2.34832 f
  U374/ZN (CKND2D0)                                    0.02662    2.37493 r
  U378/ZN (AOI22D0)                                    0.03383    2.40877 f
  U271/ZN (MAOI22D1)                                   0.04360    2.45237 r
  U382/ZN (MAOI222D0)                                  0.04954    2.50190 f
  U383/ZN (IOA21D0)                                    0.02633    2.52823 r
  U227/ZN (OAI21D0)                                    0.03841    2.56664 f
  U219/ZN (MAOI222D0)                                  0.07161    2.63825 r
  U182/ZN (MOAI22D0)                                   0.04081    2.67906 f
  U402/Z (XOR2D0)                                      0.05387    2.73293 r
  U403/ZN (CKND2D0)                                    0.02572    2.75865 f
  U213/Z (CKXOR2D0)                                    0.06213    2.82078 f
  U407/ZN (INVD0)                                      0.03724    2.85802 r
  U409/ZN (ND3D0)                                      0.06308    2.92110 f
  U211/ZN (IND2D1)                                     0.08108    3.00218 r
  U700/Z (XOR2D0)                                      0.06408    3.06626 f
  DP_OP_91J1_129_7962_U11/CO (FA1D0)                   0.05519    3.12144 f
  DP_OP_91J1_129_7962_U10/CO (FA1D0)                   0.05524    3.17669 f
  DP_OP_91J1_129_7962_U9/CO (FA1D0)                    0.05524    3.23193 f
  DP_OP_91J1_129_7962_U8/CO (FA1D0)                    0.05524    3.28717 f
  DP_OP_91J1_129_7962_U7/CO (FA1D0)                    0.05524    3.34242 f
  DP_OP_91J1_129_7962_U6/CO (FA1D0)                    0.05524    3.39766 f
  DP_OP_91J1_129_7962_U5/CO (FA1D0)                    0.05524    3.45291 f
  DP_OP_91J1_129_7962_U4/CO (FA1D0)                    0.05524    3.50815 f
  DP_OP_91J1_129_7962_U3/S (FA1D0)                     0.06556    3.57371 r
  U431/ZN (CKND2D0)                                    0.01924    3.59295 f
  U432/ZN (IOA21D0)                                    0.03270    3.62565 r
  U199/ZN (OAI31D0)                                    0.02858    3.65423 f
  U190/ZN (AOI21D0)                                    0.11155    3.76579 r
  U458/ZN (CKND2D0)                                    0.06575    3.83154 f
  U459/ZN (INVD0)                                      0.04200    3.87355 r
  U460/ZN (CKND2D0)                                    0.04074    3.91429 f
  U519/ZN (INVD0)                                      0.10173    4.01602 r
  U598/ZN (AOI22D0)                                    0.04988    4.06589 f
  U600/ZN (OAI211D0)                                   0.05898    4.12487 r
  result[20] (out)                                     0.00000    4.12487 r
  data arrival time                                               4.12487

  clock vclk (rise edge)                              10.00000   10.00000
  clock network delay (ideal)                          0.00000   10.00000
  clock reconvergence pessimism                        0.00000   10.00000
  output external delay                               -0.02000    9.98000
  data required time                                              9.98000
  ------------------------------------------------------------------------------
  data required time                                              9.98000
  data arrival time                                              -4.12487
  ------------------------------------------------------------------------------
  slack (MET)                                                     5.85513


  Startpoint: y[1] (input port clocked by vclk)
  Endpoint: result[20] (output port clocked by vclk)
  Path Group: vclk
  Path Type: max

  Point                                                   Incr       Path
  ------------------------------------------------------------------------------
  clock vclk (rise edge)                               0.00000    0.00000
  clock network delay (ideal)                          0.00000    0.00000
  input external delay                                 0.02000    0.02000 r
  y[1] (in)                                            0.02625    0.04625 r
  DP_OP_88J1_124_444_U104/CO (FA1D0)                   0.09828    0.14453 r
  DP_OP_88J1_124_444_U103/S (FA1D0)                    0.07048    0.21501 r
  U664/Z (CKAN2D0)                                     0.04304    0.25805 r
  DP_OP_89J1_125_5229_U48/S (FA1D0)                    0.10014    0.35819 f
  DP_OP_89J1_125_5229_U24/CO (FA1D0)                   0.10144    0.45963 f
  DP_OP_89J1_125_5229_U23/CO (FA1D0)                   0.05524    0.51488 f
  DP_OP_89J1_125_5229_U22/CO (FA1D0)                   0.05524    0.57012 f
  DP_OP_89J1_125_5229_U21/CO (FA1D0)                   0.05524    0.62537 f
  DP_OP_89J1_125_5229_U20/CO (FA1D0)                   0.05524    0.68061 f
  DP_OP_89J1_125_5229_U19/S (FA1D0)                    0.07667    0.75728 r
  DP_OP_88J1_124_444_U22/CO (FA1D0)                    0.08338    0.84066 r
  DP_OP_88J1_124_444_U21/S (FA1D0)                     0.09334    0.93399 r
  U356/Z (CKXOR2D0)                                    0.06693    1.00093 r
  U355/ZN (XNR2D0)                                     0.07263    1.07355 f
  U352/ZN (MAOI222D0)                                  0.07584    1.14939 r
  U351/ZN (CKND0)                                      0.02281    1.17220 f
  U309/ZN (CKND2D0)                                    0.02410    1.19630 r
  U313/ZN (AOI22D0)                                    0.03166    1.22796 f
  U321/ZN (AOI21D0)                                    0.05570    1.28366 r
  U322/ZN (MAOI222D0)                                  0.05905    1.34271 f
  U343/ZN (MAOI22D0)                                   0.07813    1.42084 r
  U332/ZN (MAOI222D0)                                  0.05837    1.47921 f
  U337/ZN (MAOI222D0)                                  0.06848    1.54769 r
  U336/ZN (CKND0)                                      0.03425    1.58194 f
  U339/ZN (MAOI222D0)                                  0.06837    1.65032 r
  U348/ZN (OAI22D0)                                    0.04740    1.69772 f
  U349/ZN (MAOI222D0)                                  0.09518    1.79290 r
  U317/ZN (MAOI222D0)                                  0.05354    1.84644 f
  U316/ZN (CKND0)                                      0.04447    1.89091 r
  U354/ZN (MAOI222D0)                                  0.05026    1.94117 f
  U304/ZN (MAOI222D0)                                  0.06558    2.00675 r
  U303/ZN (CKND0)                                      0.03417    2.04091 f
  U301/ZN (MAOI222D0)                                  0.05558    2.09649 r
  U300/ZN (CKND0)                                      0.03113    2.12762 f
  U299/ZN (MAOI22D1)                                   0.04709    2.17471 r
  U369/ZN (MAOI222D0)                                  0.05870    2.23341 f
  U276/ZN (MAOI222D0)                                  0.07697    2.31038 r
  U275/ZN (CKND0)                                      0.03747    2.34785 f
  U374/ZN (CKND2D0)                                    0.02662    2.37446 r
  U378/ZN (AOI22D0)                                    0.03383    2.40830 f
  U271/ZN (MAOI22D1)                                   0.04360    2.45189 r
  U382/ZN (MAOI222D0)                                  0.04954    2.50143 f
  U383/ZN (IOA21D0)                                    0.02633    2.52776 r
  U227/ZN (OAI21D0)                                    0.03841    2.56617 f
  U219/ZN (MAOI222D0)                                  0.07161    2.63777 r
  U182/ZN (MOAI22D0)                                   0.04081    2.67858 f
  U402/Z (XOR2D0)                                      0.05387    2.73245 r
  U403/ZN (CKND2D0)                                    0.02572    2.75818 f
  U213/Z (CKXOR2D0)                                    0.06213    2.82031 f
  U407/ZN (INVD0)                                      0.03724    2.85754 r
  U409/ZN (ND3D0)                                      0.06308    2.92062 f
  U211/ZN (IND2D1)                                     0.08108    3.00170 r
  U700/Z (XOR2D0)                                      0.06408    3.06578 f
  DP_OP_91J1_129_7962_U11/CO (FA1D0)                   0.05519    3.12097 f
  DP_OP_91J1_129_7962_U10/CO (FA1D0)                   0.05524    3.17621 f
  DP_OP_91J1_129_7962_U9/CO (FA1D0)                    0.05524    3.23146 f
  DP_OP_91J1_129_7962_U8/CO (FA1D0)                    0.05524    3.28670 f
  DP_OP_91J1_129_7962_U7/CO (FA1D0)                    0.05524    3.34195 f
  DP_OP_91J1_129_7962_U6/CO (FA1D0)                    0.05524    3.39719 f
  DP_OP_91J1_129_7962_U5/CO (FA1D0)                    0.05524    3.45244 f
  DP_OP_91J1_129_7962_U4/CO (FA1D0)                    0.05524    3.50768 f
  DP_OP_91J1_129_7962_U3/S (FA1D0)                     0.06556    3.57324 r
  U431/ZN (CKND2D0)                                    0.01924    3.59248 f
  U432/ZN (IOA21D0)                                    0.03270    3.62518 r
  U199/ZN (OAI31D0)                                    0.02858    3.65376 f
  U190/ZN (AOI21D0)                                    0.11155    3.76532 r
  U458/ZN (CKND2D0)                                    0.06575    3.83107 f
  U459/ZN (INVD0)                                      0.04200    3.87307 r
  U460/ZN (CKND2D0)                                    0.04074    3.91381 f
  U519/ZN (INVD0)                                      0.10173    4.01555 r
  U598/ZN (AOI22D0)                                    0.04988    4.06542 f
  U600/ZN (OAI211D0)                                   0.05898    4.12440 r
  result[20] (out)                                     0.00000    4.12440 r
  data arrival time                                               4.12440

  clock vclk (rise edge)                              10.00000   10.00000
  clock network delay (ideal)                          0.00000   10.00000
  clock reconvergence pessimism                        0.00000   10.00000
  output external delay                               -0.02000    9.98000
  data required time                                              9.98000
  ------------------------------------------------------------------------------
  data required time                                              9.98000
  data arrival time                                              -4.12440
  ------------------------------------------------------------------------------
  slack (MET)                                                     5.85560


  Startpoint: y[0] (input port clocked by vclk)
  Endpoint: result[20] (output port clocked by vclk)
  Path Group: vclk
  Path Type: max

  Point                                                   Incr       Path
  ------------------------------------------------------------------------------
  clock vclk (rise edge)                               0.00000    0.00000
  clock network delay (ideal)                          0.00000    0.00000
  input external delay                                 0.02000    0.02000 r
  y[0] (in)                                            0.02629    0.04629 r
  DP_OP_88J1_124_444_U105/CO (HA1D0)                   0.04809    0.09438 r
  DP_OP_88J1_124_444_U104/CO (FA1D0)                   0.05062    0.14500 r
  DP_OP_88J1_124_444_U103/S (FA1D0)                    0.07048    0.21548 r
  U664/Z (CKAN2D0)                                     0.04304    0.25852 r
  DP_OP_89J1_125_5229_U48/S (FA1D0)                    0.10014    0.35866 f
  DP_OP_89J1_125_5229_U24/CO (FA1D0)                   0.10144    0.46010 f
  DP_OP_89J1_125_5229_U23/CO (FA1D0)                   0.05524    0.51535 f
  DP_OP_89J1_125_5229_U22/CO (FA1D0)                   0.05524    0.57059 f
  DP_OP_89J1_125_5229_U21/CO (FA1D0)                   0.05524    0.62584 f
  DP_OP_89J1_125_5229_U20/S (FA1D0)                    0.07667    0.70251 r
  DP_OP_88J1_124_444_U23/CO (FA1D0)                    0.08338    0.78588 r
  DP_OP_88J1_124_444_U22/CO (FA1D0)                    0.05068    0.83657 r
  DP_OP_88J1_124_444_U21/S (FA1D0)                     0.09334    0.92990 r
  U356/Z (CKXOR2D0)                                    0.06693    0.99684 r
  U355/ZN (XNR2D0)                                     0.07263    1.06947 f
  U352/ZN (MAOI222D0)                                  0.07584    1.14530 r
  U351/ZN (CKND0)                                      0.02281    1.16811 f
  U309/ZN (CKND2D0)                                    0.02410    1.19222 r
  U313/ZN (AOI22D0)                                    0.03166    1.22388 f
  U321/ZN (AOI21D0)                                    0.05570    1.27957 r
  U322/ZN (MAOI222D0)                                  0.05905    1.33862 f
  U343/ZN (MAOI22D0)                                   0.07813    1.41675 r
  U332/ZN (MAOI222D0)                                  0.05837    1.47512 f
  U337/ZN (MAOI222D0)                                  0.06848    1.54361 r
  U336/ZN (CKND0)                                      0.03425    1.57786 f
  U339/ZN (MAOI222D0)                                  0.06837    1.64623 r
  U348/ZN (OAI22D0)                                    0.04740    1.69363 f
  U349/ZN (MAOI222D0)                                  0.09518    1.78881 r
  U317/ZN (MAOI222D0)                                  0.05354    1.84235 f
  U316/ZN (CKND0)                                      0.04447    1.88682 r
  U354/ZN (MAOI222D0)                                  0.05026    1.93708 f
  U304/ZN (MAOI222D0)                                  0.06558    2.00266 r
  U303/ZN (CKND0)                                      0.03417    2.03682 f
  U301/ZN (MAOI222D0)                                  0.05558    2.09240 r
  U300/ZN (CKND0)                                      0.03113    2.12353 f
  U299/ZN (MAOI22D1)                                   0.04709    2.17063 r
  U369/ZN (MAOI222D0)                                  0.05870    2.22932 f
  U276/ZN (MAOI222D0)                                  0.07697    2.30629 r
  U275/ZN (CKND0)                                      0.03747    2.34376 f
  U374/ZN (CKND2D0)                                    0.02662    2.37037 r
  U378/ZN (AOI22D0)                                    0.03383    2.40421 f
  U271/ZN (MAOI22D1)                                   0.04360    2.44781 r
  U382/ZN (MAOI222D0)                                  0.04954    2.49734 f
  U383/ZN (IOA21D0)                                    0.02633    2.52367 r
  U227/ZN (OAI21D0)                                    0.03841    2.56208 f
  U219/ZN (MAOI222D0)                                  0.07161    2.63369 r
  U182/ZN (MOAI22D0)                                   0.04081    2.67450 f
  U402/Z (XOR2D0)                                      0.04461    2.71911 f
  U403/ZN (CKND2D0)                                    0.02944    2.74855 r
  U213/Z (CKXOR2D0)                                    0.07142    2.81997 f
  U407/ZN (INVD0)                                      0.03724    2.85721 r
  U409/ZN (ND3D0)                                      0.06308    2.92029 f
  U211/ZN (IND2D1)                                     0.08108    3.00137 r
  U700/Z (XOR2D0)                                      0.06408    3.06545 f
  DP_OP_91J1_129_7962_U11/CO (FA1D0)                   0.05519    3.12063 f
  DP_OP_91J1_129_7962_U10/CO (FA1D0)                   0.05524    3.17588 f
  DP_OP_91J1_129_7962_U9/CO (FA1D0)                    0.05524    3.23112 f
  DP_OP_91J1_129_7962_U8/CO (FA1D0)                    0.05524    3.28637 f
  DP_OP_91J1_129_7962_U7/CO (FA1D0)                    0.05524    3.34161 f
  DP_OP_91J1_129_7962_U6/CO (FA1D0)                    0.05524    3.39686 f
  DP_OP_91J1_129_7962_U5/CO (FA1D0)                    0.05524    3.45210 f
  DP_OP_91J1_129_7962_U4/CO (FA1D0)                    0.05524    3.50734 f
  DP_OP_91J1_129_7962_U3/S (FA1D0)                     0.06556    3.57290 r
  U431/ZN (CKND2D0)                                    0.01924    3.59214 f
  U432/ZN (IOA21D0)                                    0.03270    3.62485 r
  U199/ZN (OAI31D0)                                    0.02858    3.65343 f
  U190/ZN (AOI21D0)                                    0.11155    3.76498 r
  U458/ZN (CKND2D0)                                    0.06575    3.83074 f
  U459/ZN (INVD0)                                      0.04200    3.87274 r
  U460/ZN (CKND2D0)                                    0.04074    3.91348 f
  U519/ZN (INVD0)                                      0.10173    4.01521 r
  U598/ZN (AOI22D0)                                    0.04988    4.06509 f
  U600/ZN (OAI211D0)                                   0.05898    4.12406 r
  result[20] (out)                                     0.00000    4.12406 r
  data arrival time                                               4.12406

  clock vclk (rise edge)                              10.00000   10.00000
  clock network delay (ideal)                          0.00000   10.00000
  clock reconvergence pessimism                        0.00000   10.00000
  output external delay                               -0.02000    9.98000
  data required time                                              9.98000
  ------------------------------------------------------------------------------
  data required time                                              9.98000
  data arrival time                                              -4.12406
  ------------------------------------------------------------------------------
  slack (MET)                                                     5.85594


  Startpoint: y[0] (input port clocked by vclk)
  Endpoint: result[20] (output port clocked by vclk)
  Path Group: vclk
  Path Type: max

  Point                                                   Incr       Path
  ------------------------------------------------------------------------------
  clock vclk (rise edge)                               0.00000    0.00000
  clock network delay (ideal)                          0.00000    0.00000
  input external delay                                 0.02000    0.02000 r
  y[0] (in)                                            0.02629    0.04629 r
  DP_OP_88J1_124_444_U105/CO (HA1D0)                   0.04809    0.09438 r
  DP_OP_88J1_124_444_U104/CO (FA1D0)                   0.05062    0.14500 r
  DP_OP_88J1_124_444_U103/CO (FA1D0)                   0.05068    0.19568 r
  DP_OP_88J1_124_444_U102/S (FA1D0)                    0.07048    0.26617 r
  U665/Z (CKAN2D0)                                     0.04304    0.30921 r
  DP_OP_89J1_125_5229_U47/S (FA1D0)                    0.10014    0.40935 f
  DP_OP_89J1_125_5229_U23/CO (FA1D0)                   0.10133    0.51068 f
  DP_OP_89J1_125_5229_U22/CO (FA1D0)                   0.05524    0.56592 f
  DP_OP_89J1_125_5229_U21/CO (FA1D0)                   0.05524    0.62117 f
  DP_OP_89J1_125_5229_U20/CO (FA1D0)                   0.05524    0.67641 f
  DP_OP_89J1_125_5229_U19/S (FA1D0)                    0.07667    0.75308 r
  DP_OP_88J1_124_444_U22/CO (FA1D0)                    0.08338    0.83646 r
  DP_OP_88J1_124_444_U21/S (FA1D0)                     0.09334    0.92979 r
  U356/Z (CKXOR2D0)                                    0.06693    0.99673 r
  U355/ZN (XNR2D0)                                     0.07263    1.06935 f
  U352/ZN (MAOI222D0)                                  0.07584    1.14519 r
  U351/ZN (CKND0)                                      0.02281    1.16800 f
  U309/ZN (CKND2D0)                                    0.02410    1.19210 r
  U313/ZN (AOI22D0)                                    0.03166    1.22376 f
  U321/ZN (AOI21D0)                                    0.05570    1.27946 r
  U322/ZN (MAOI222D0)                                  0.05905    1.33851 f
  U343/ZN (MAOI22D0)                                   0.07813    1.41664 r
  U332/ZN (MAOI222D0)                                  0.05837    1.47501 f
  U337/ZN (MAOI222D0)                                  0.06848    1.54350 r
  U336/ZN (CKND0)                                      0.03425    1.57774 f
  U339/ZN (MAOI222D0)                                  0.06837    1.64612 r
  U348/ZN (OAI22D0)                                    0.04740    1.69352 f
  U349/ZN (MAOI222D0)                                  0.09518    1.78870 r
  U317/ZN (MAOI222D0)                                  0.05354    1.84224 f
  U316/ZN (CKND0)                                      0.04447    1.88671 r
  U354/ZN (MAOI222D0)                                  0.05026    1.93697 f
  U304/ZN (MAOI222D0)                                  0.06558    2.00255 r
  U303/ZN (CKND0)                                      0.03417    2.03671 f
  U301/ZN (MAOI222D0)                                  0.05558    2.09229 r
  U300/ZN (CKND0)                                      0.03113    2.12342 f
  U299/ZN (MAOI22D1)                                   0.04709    2.17051 r
  U369/ZN (MAOI222D0)                                  0.05870    2.22921 f
  U276/ZN (MAOI222D0)                                  0.07697    2.30618 r
  U275/ZN (CKND0)                                      0.03747    2.34365 f
  U374/ZN (CKND2D0)                                    0.02662    2.37026 r
  U378/ZN (AOI22D0)                                    0.03383    2.40410 f
  U271/ZN (MAOI22D1)                                   0.04360    2.44770 r
  U382/ZN (MAOI222D0)                                  0.04954    2.49723 f
  U383/ZN (IOA21D0)                                    0.02633    2.52356 r
  U227/ZN (OAI21D0)                                    0.03841    2.56197 f
  U219/ZN (MAOI222D0)                                  0.07161    2.63357 r
  U182/ZN (MOAI22D0)                                   0.04081    2.67438 f
  U402/Z (XOR2D0)                                      0.04461    2.71900 f
  U403/ZN (CKND2D0)                                    0.02944    2.74844 r
  U213/Z (CKXOR2D0)                                    0.07142    2.81986 f
  U407/ZN (INVD0)                                      0.03724    2.85710 r
  U409/ZN (ND3D0)                                      0.06308    2.92018 f
  U211/ZN (IND2D1)                                     0.08108    3.00126 r
  U700/Z (XOR2D0)                                      0.06408    3.06534 f
  DP_OP_91J1_129_7962_U11/CO (FA1D0)                   0.05519    3.12052 f
  DP_OP_91J1_129_7962_U10/CO (FA1D0)                   0.05524    3.17577 f
  DP_OP_91J1_129_7962_U9/CO (FA1D0)                    0.05524    3.23101 f
  DP_OP_91J1_129_7962_U8/CO (FA1D0)                    0.05524    3.28625 f
  DP_OP_91J1_129_7962_U7/CO (FA1D0)                    0.05524    3.34150 f
  DP_OP_91J1_129_7962_U6/CO (FA1D0)                    0.05524    3.39674 f
  DP_OP_91J1_129_7962_U5/CO (FA1D0)                    0.05524    3.45199 f
  DP_OP_91J1_129_7962_U4/CO (FA1D0)                    0.05524    3.50723 f
  DP_OP_91J1_129_7962_U3/S (FA1D0)                     0.06556    3.57279 r
  U431/ZN (CKND2D0)                                    0.01924    3.59203 f
  U432/ZN (IOA21D0)                                    0.03270    3.62473 r
  U199/ZN (OAI31D0)                                    0.02858    3.65332 f
  U190/ZN (AOI21D0)                                    0.11155    3.76487 r
  U458/ZN (CKND2D0)                                    0.06575    3.83062 f
  U459/ZN (INVD0)                                      0.04200    3.87263 r
  U460/ZN (CKND2D0)                                    0.04074    3.91337 f
  U519/ZN (INVD0)                                      0.10173    4.01510 r
  U598/ZN (AOI22D0)                                    0.04988    4.06497 f
  U600/ZN (OAI211D0)                                   0.05898    4.12395 r
  result[20] (out)                                     0.00000    4.12395 r
  data arrival time                                               4.12395

  clock vclk (rise edge)                              10.00000   10.00000
  clock network delay (ideal)                          0.00000   10.00000
  clock reconvergence pessimism                        0.00000   10.00000
  output external delay                               -0.02000    9.98000
  data required time                                              9.98000
  ------------------------------------------------------------------------------
  data required time                                              9.98000
  data arrival time                                              -4.12395
  ------------------------------------------------------------------------------
  slack (MET)                                                     5.85605


  Startpoint: y[1] (input port clocked by vclk)
  Endpoint: result[20] (output port clocked by vclk)
  Path Group: vclk
  Path Type: max

  Point                                                   Incr       Path
  ------------------------------------------------------------------------------
  clock vclk (rise edge)                               0.00000    0.00000
  clock network delay (ideal)                          0.00000    0.00000
  input external delay                                 0.02000    0.02000 r
  y[1] (in)                                            0.02625    0.04625 r
  DP_OP_88J1_124_444_U104/CO (FA1D0)                   0.09828    0.14453 r
  DP_OP_88J1_124_444_U103/S (FA1D0)                    0.07048    0.21501 r
  U664/Z (CKAN2D0)                                     0.04304    0.25805 r
  DP_OP_89J1_125_5229_U48/S (FA1D0)                    0.10014    0.35819 f
  DP_OP_89J1_125_5229_U24/CO (FA1D0)                   0.10144    0.45963 f
  DP_OP_89J1_125_5229_U23/CO (FA1D0)                   0.05524    0.51488 f
  DP_OP_89J1_125_5229_U22/CO (FA1D0)                   0.05524    0.57012 f
  DP_OP_89J1_125_5229_U21/CO (FA1D0)                   0.05524    0.62537 f
  DP_OP_89J1_125_5229_U20/S (FA1D0)                    0.07667    0.70204 r
  DP_OP_88J1_124_444_U23/CO (FA1D0)                    0.08338    0.78541 r
  DP_OP_88J1_124_444_U22/CO (FA1D0)                    0.05068    0.83610 r
  DP_OP_88J1_124_444_U21/S (FA1D0)                     0.09334    0.92943 r
  U356/Z (CKXOR2D0)                                    0.06693    0.99637 r
  U355/ZN (XNR2D0)                                     0.07263    1.06899 f
  U352/ZN (MAOI222D0)                                  0.07584    1.14483 r
  U351/ZN (CKND0)                                      0.02281    1.16764 f
  U309/ZN (CKND2D0)                                    0.02410    1.19174 r
  U313/ZN (AOI22D0)                                    0.03166    1.22340 f
  U321/ZN (AOI21D0)                                    0.05570    1.27910 r
  U322/ZN (MAOI222D0)                                  0.05905    1.33815 f
  U343/ZN (MAOI22D0)                                   0.07813    1.41628 r
  U332/ZN (MAOI222D0)                                  0.05837    1.47465 f
  U337/ZN (MAOI222D0)                                  0.06848    1.54314 r
  U336/ZN (CKND0)                                      0.03425    1.57738 f
  U339/ZN (MAOI222D0)                                  0.06837    1.64576 r
  U348/ZN (OAI22D0)                                    0.04740    1.69316 f
  U349/ZN (MAOI222D0)                                  0.09518    1.78834 r
  U317/ZN (MAOI222D0)                                  0.05354    1.84188 f
  U316/ZN (CKND0)                                      0.04447    1.88635 r
  U354/ZN (MAOI222D0)                                  0.05026    1.93661 f
  U304/ZN (MAOI222D0)                                  0.06558    2.00219 r
  U303/ZN (CKND0)                                      0.03417    2.03635 f
  U301/ZN (MAOI222D0)                                  0.05558    2.09193 r
  U300/ZN (CKND0)                                      0.03113    2.12306 f
  U299/ZN (MAOI22D1)                                   0.04709    2.17015 r
  U369/ZN (MAOI222D0)                                  0.05870    2.22885 f
  U276/ZN (MAOI222D0)                                  0.07697    2.30582 r
  U275/ZN (CKND0)                                      0.03747    2.34329 f
  U374/ZN (CKND2D0)                                    0.02662    2.36990 r
  U378/ZN (AOI22D0)                                    0.03383    2.40374 f
  U271/ZN (MAOI22D1)                                   0.04360    2.44734 r
  U382/ZN (MAOI222D0)                                  0.04954    2.49687 f
  U383/ZN (IOA21D0)                                    0.02633    2.52320 r
  U227/ZN (OAI21D0)                                    0.03841    2.56161 f
  U219/ZN (MAOI222D0)                                  0.07161    2.63321 r
  U182/ZN (MOAI22D0)                                   0.04081    2.67402 f
  U402/Z (XOR2D0)                                      0.04461    2.71864 f
  U403/ZN (CKND2D0)                                    0.02944    2.74808 r
  U213/Z (CKXOR2D0)                                    0.07142    2.81950 f
  U407/ZN (INVD0)                                      0.03724    2.85674 r
  U409/ZN (ND3D0)                                      0.06308    2.91982 f
  U211/ZN (IND2D1)                                     0.08108    3.00090 r
  U700/Z (XOR2D0)                                      0.06408    3.06498 f
  DP_OP_91J1_129_7962_U11/CO (FA1D0)                   0.05519    3.12016 f
  DP_OP_91J1_129_7962_U10/CO (FA1D0)                   0.05524    3.17541 f
  DP_OP_91J1_129_7962_U9/CO (FA1D0)                    0.05524    3.23065 f
  DP_OP_91J1_129_7962_U8/CO (FA1D0)                    0.05524    3.28589 f
  DP_OP_91J1_129_7962_U7/CO (FA1D0)                    0.05524    3.34114 f
  DP_OP_91J1_129_7962_U6/CO (FA1D0)                    0.05524    3.39638 f
  DP_OP_91J1_129_7962_U5/CO (FA1D0)                    0.05524    3.45163 f
  DP_OP_91J1_129_7962_U4/CO (FA1D0)                    0.05524    3.50687 f
  DP_OP_91J1_129_7962_U3/S (FA1D0)                     0.06556    3.57243 r
  U431/ZN (CKND2D0)                                    0.01924    3.59167 f
  U432/ZN (IOA21D0)                                    0.03270    3.62437 r
  U199/ZN (OAI31D0)                                    0.02858    3.65296 f
  U190/ZN (AOI21D0)                                    0.11155    3.76451 r
  U458/ZN (CKND2D0)                                    0.06575    3.83026 f
  U459/ZN (INVD0)                                      0.04200    3.87227 r
  U460/ZN (CKND2D0)                                    0.04074    3.91301 f
  U519/ZN (INVD0)                                      0.10173    4.01474 r
  U598/ZN (AOI22D0)                                    0.04988    4.06461 f
  U600/ZN (OAI211D0)                                   0.05898    4.12359 r
  result[20] (out)                                     0.00000    4.12359 r
  data arrival time                                               4.12359

  clock vclk (rise edge)                              10.00000   10.00000
  clock network delay (ideal)                          0.00000   10.00000
  clock reconvergence pessimism                        0.00000   10.00000
  output external delay                               -0.02000    9.98000
  data required time                                              9.98000
  ------------------------------------------------------------------------------
  data required time                                              9.98000
  data arrival time                                              -4.12359
  ------------------------------------------------------------------------------
  slack (MET)                                                     5.85641


  Startpoint: y[1] (input port clocked by vclk)
  Endpoint: result[20] (output port clocked by vclk)
  Path Group: vclk
  Path Type: max

  Point                                                   Incr       Path
  ------------------------------------------------------------------------------
  clock vclk (rise edge)                               0.00000    0.00000
  clock network delay (ideal)                          0.00000    0.00000
  input external delay                                 0.02000    0.02000 r
  y[1] (in)                                            0.02625    0.04625 r
  DP_OP_88J1_124_444_U104/CO (FA1D0)                   0.09828    0.14453 r
  DP_OP_88J1_124_444_U103/CO (FA1D0)                   0.05068    0.19521 r
  DP_OP_88J1_124_444_U102/S (FA1D0)                    0.07048    0.26570 r
  U665/Z (CKAN2D0)                                     0.04304    0.30874 r
  DP_OP_89J1_125_5229_U47/S (FA1D0)                    0.10014    0.40888 f
  DP_OP_89J1_125_5229_U23/CO (FA1D0)                   0.10133    0.51021 f
  DP_OP_89J1_125_5229_U22/CO (FA1D0)                   0.05524    0.56545 f
  DP_OP_89J1_125_5229_U21/CO (FA1D0)                   0.05524    0.62070 f
  DP_OP_89J1_125_5229_U20/CO (FA1D0)                   0.05524    0.67594 f
  DP_OP_89J1_125_5229_U19/S (FA1D0)                    0.07667    0.75261 r
  DP_OP_88J1_124_444_U22/CO (FA1D0)                    0.08338    0.83599 r
  DP_OP_88J1_124_444_U21/S (FA1D0)                     0.09334    0.92932 r
  U356/Z (CKXOR2D0)                                    0.06693    0.99626 r
  U355/ZN (XNR2D0)                                     0.07263    1.06888 f
  U352/ZN (MAOI222D0)                                  0.07584    1.14472 r
  U351/ZN (CKND0)                                      0.02281    1.16753 f
  U309/ZN (CKND2D0)                                    0.02410    1.19163 r
  U313/ZN (AOI22D0)                                    0.03166    1.22329 f
  U321/ZN (AOI21D0)                                    0.05570    1.27899 r
  U322/ZN (MAOI222D0)                                  0.05905    1.33804 f
  U343/ZN (MAOI22D0)                                   0.07813    1.41617 r
  U332/ZN (MAOI222D0)                                  0.05837    1.47454 f
  U337/ZN (MAOI222D0)                                  0.06848    1.54302 r
  U336/ZN (CKND0)                                      0.03425    1.57727 f
  U339/ZN (MAOI222D0)                                  0.06837    1.64565 r
  U348/ZN (OAI22D0)                                    0.04740    1.69305 f
  U349/ZN (MAOI222D0)                                  0.09518    1.78822 r
  U317/ZN (MAOI222D0)                                  0.05354    1.84176 f
  U316/ZN (CKND0)                                      0.04447    1.88624 r
  U354/ZN (MAOI222D0)                                  0.05026    1.93649 f
  U304/ZN (MAOI222D0)                                  0.06558    2.00207 r
  U303/ZN (CKND0)                                      0.03417    2.03624 f
  U301/ZN (MAOI222D0)                                  0.05558    2.09182 r
  U300/ZN (CKND0)                                      0.03113    2.12295 f
  U299/ZN (MAOI22D1)                                   0.04709    2.17004 r
  U369/ZN (MAOI222D0)                                  0.05870    2.22874 f
  U276/ZN (MAOI222D0)                                  0.07697    2.30571 r
  U275/ZN (CKND0)                                      0.03747    2.34318 f
  U374/ZN (CKND2D0)                                    0.02662    2.36979 r
  U378/ZN (AOI22D0)                                    0.03383    2.40363 f
  U271/ZN (MAOI22D1)                                   0.04360    2.44722 r
  U382/ZN (MAOI222D0)                                  0.04954    2.49676 f
  U383/ZN (IOA21D0)                                    0.02633    2.52309 r
  U227/ZN (OAI21D0)                                    0.03841    2.56150 f
  U219/ZN (MAOI222D0)                                  0.07161    2.63310 r
  U182/ZN (MOAI22D0)                                   0.04081    2.67391 f
  U402/Z (XOR2D0)                                      0.04461    2.71852 f
  U403/ZN (CKND2D0)                                    0.02944    2.74797 r
  U213/Z (CKXOR2D0)                                    0.07142    2.81939 f
  U407/ZN (INVD0)                                      0.03724    2.85663 r
  U409/ZN (ND3D0)                                      0.06308    2.91971 f
  U211/ZN (IND2D1)                                     0.08108    3.00078 r
  U700/Z (XOR2D0)                                      0.06408    3.06486 f
  DP_OP_91J1_129_7962_U11/CO (FA1D0)                   0.05519    3.12005 f
  DP_OP_91J1_129_7962_U10/CO (FA1D0)                   0.05524    3.17529 f
  DP_OP_91J1_129_7962_U9/CO (FA1D0)                    0.05524    3.23054 f
  DP_OP_91J1_129_7962_U8/CO (FA1D0)                    0.05524    3.28578 f
  DP_OP_91J1_129_7962_U7/CO (FA1D0)                    0.05524    3.34103 f
  DP_OP_91J1_129_7962_U6/CO (FA1D0)                    0.05524    3.39627 f
  DP_OP_91J1_129_7962_U5/CO (FA1D0)                    0.05524    3.45152 f
  DP_OP_91J1_129_7962_U4/CO (FA1D0)                    0.05524    3.50676 f
  DP_OP_91J1_129_7962_U3/S (FA1D0)                     0.06556    3.57232 r
  U431/ZN (CKND2D0)                                    0.01924    3.59156 f
  U432/ZN (IOA21D0)                                    0.03270    3.62426 r
  U199/ZN (OAI31D0)                                    0.02858    3.65284 f
  U190/ZN (AOI21D0)                                    0.11155    3.76440 r
  U458/ZN (CKND2D0)                                    0.06575    3.83015 f
  U459/ZN (INVD0)                                      0.04200    3.87216 r
  U460/ZN (CKND2D0)                                    0.04074    3.91290 f
  U519/ZN (INVD0)                                      0.10173    4.01463 r
  U598/ZN (AOI22D0)                                    0.04988    4.06450 f
  U600/ZN (OAI211D0)                                   0.05898    4.12348 r
  result[20] (out)                                     0.00000    4.12348 r
  data arrival time                                               4.12348

  clock vclk (rise edge)                              10.00000   10.00000
  clock network delay (ideal)                          0.00000   10.00000
  clock reconvergence pessimism                        0.00000   10.00000
  output external delay                               -0.02000    9.98000
  data required time                                              9.98000
  ------------------------------------------------------------------------------
  data required time                                              9.98000
  data arrival time                                              -4.12348
  ------------------------------------------------------------------------------
  slack (MET)                                                     5.85652


  Startpoint: y[1] (input port clocked by vclk)
  Endpoint: result[20] (output port clocked by vclk)
  Path Group: vclk
  Path Type: max

  Point                                                   Incr       Path
  ------------------------------------------------------------------------------
  clock vclk (rise edge)                               0.00000    0.00000
  clock network delay (ideal)                          0.00000    0.00000
  input external delay                                 0.02000    0.02000 f
  y[1] (in)                                            0.01610    0.03610 f
  DP_OP_88J1_124_444_U104/CO (FA1D0)                   0.10386    0.13996 f
  DP_OP_88J1_124_444_U103/S (FA1D0)                    0.07003    0.20999 r
  U664/Z (CKAN2D0)                                     0.04304    0.25303 r
  DP_OP_89J1_125_5229_U48/S (FA1D0)                    0.10014    0.35317 f
  DP_OP_89J1_125_5229_U24/CO (FA1D0)                   0.10144    0.45461 f
  DP_OP_89J1_125_5229_U23/CO (FA1D0)                   0.05524    0.50986 f
  DP_OP_89J1_125_5229_U22/CO (FA1D0)                   0.05524    0.56510 f
  DP_OP_89J1_125_5229_U21/CO (FA1D0)                   0.05524    0.62035 f
  DP_OP_89J1_125_5229_U20/CO (FA1D0)                   0.05524    0.67559 f
  DP_OP_89J1_125_5229_U19/S (FA1D0)                    0.07667    0.75226 r
  DP_OP_88J1_124_444_U22/CO (FA1D0)                    0.08338    0.83564 r
  DP_OP_88J1_124_444_U21/S (FA1D0)                     0.09334    0.92897 r
  U356/Z (CKXOR2D0)                                    0.06693    0.99591 r
  U355/ZN (XNR2D0)                                     0.07263    1.06853 f
  U352/ZN (MAOI222D0)                                  0.07584    1.14437 r
  U351/ZN (CKND0)                                      0.02281    1.16718 f
  U309/ZN (CKND2D0)                                    0.02410    1.19128 r
  U313/ZN (AOI22D0)                                    0.03166    1.22294 f
  U321/ZN (AOI21D0)                                    0.05570    1.27864 r
  U322/ZN (MAOI222D0)                                  0.05905    1.33769 f
  U343/ZN (MAOI22D0)                                   0.07813    1.41582 r
  U332/ZN (MAOI222D0)                                  0.05837    1.47419 f
  U337/ZN (MAOI222D0)                                  0.06848    1.54267 r
  U336/ZN (CKND0)                                      0.03425    1.57692 f
  U339/ZN (MAOI222D0)                                  0.06837    1.64530 r
  U348/ZN (OAI22D0)                                    0.04740    1.69270 f
  U349/ZN (MAOI222D0)                                  0.09518    1.78788 r
  U317/ZN (MAOI222D0)                                  0.05354    1.84142 f
  U316/ZN (CKND0)                                      0.04447    1.88589 r
  U354/ZN (MAOI222D0)                                  0.05026    1.93615 f
  U304/ZN (MAOI222D0)                                  0.06558    2.00173 r
  U303/ZN (CKND0)                                      0.03417    2.03589 f
  U301/ZN (MAOI222D0)                                  0.05558    2.09147 r
  U300/ZN (CKND0)                                      0.03113    2.12260 f
  U299/ZN (MAOI22D1)                                   0.04709    2.16969 r
  U369/ZN (MAOI222D0)                                  0.05870    2.22839 f
  U276/ZN (MAOI222D0)                                  0.07697    2.30536 r
  U275/ZN (CKND0)                                      0.03747    2.34283 f
  U374/ZN (CKND2D0)                                    0.02662    2.36944 r
  U378/ZN (AOI22D0)                                    0.03383    2.40328 f
  U271/ZN (MAOI22D1)                                   0.04360    2.44687 r
  U382/ZN (MAOI222D0)                                  0.04954    2.49641 f
  U383/ZN (IOA21D0)                                    0.02633    2.52274 r
  U227/ZN (OAI21D0)                                    0.03841    2.56115 f
  U219/ZN (MAOI222D0)                                  0.07161    2.63275 r
  U182/ZN (MOAI22D0)                                   0.04081    2.67356 f
  U402/Z (XOR2D0)                                      0.04461    2.71817 f
  U403/ZN (CKND2D0)                                    0.02944    2.74762 r
  U213/Z (CKXOR2D0)                                    0.07142    2.81904 f
  U407/ZN (INVD0)                                      0.03724    2.85628 r
  U409/ZN (ND3D0)                                      0.06308    2.91936 f
  U211/ZN (IND2D1)                                     0.08108    3.00044 r
  U700/Z (XOR2D0)                                      0.06408    3.06452 f
  DP_OP_91J1_129_7962_U11/CO (FA1D0)                   0.05519    3.11970 f
  DP_OP_91J1_129_7962_U10/CO (FA1D0)                   0.05524    3.17494 f
  DP_OP_91J1_129_7962_U9/CO (FA1D0)                    0.05524    3.23019 f
  DP_OP_91J1_129_7962_U8/CO (FA1D0)                    0.05524    3.28543 f
  DP_OP_91J1_129_7962_U7/CO (FA1D0)                    0.05524    3.34068 f
  DP_OP_91J1_129_7962_U6/CO (FA1D0)                    0.05524    3.39592 f
  DP_OP_91J1_129_7962_U5/CO (FA1D0)                    0.05524    3.45117 f
  DP_OP_91J1_129_7962_U4/CO (FA1D0)                    0.05524    3.50641 f
  DP_OP_91J1_129_7962_U3/S (FA1D0)                     0.06556    3.57197 r
  U431/ZN (CKND2D0)                                    0.01924    3.59121 f
  U432/ZN (IOA21D0)                                    0.03270    3.62391 r
  U199/ZN (OAI31D0)                                    0.02858    3.65249 f
  U190/ZN (AOI21D0)                                    0.11155    3.76405 r
  U458/ZN (CKND2D0)                                    0.06575    3.82980 f
  U459/ZN (INVD0)                                      0.04200    3.87181 r
  U460/ZN (CKND2D0)                                    0.04074    3.91255 f
  U519/ZN (INVD0)                                      0.10173    4.01428 r
  U598/ZN (AOI22D0)                                    0.04988    4.06415 f
  U600/ZN (OAI211D0)                                   0.05898    4.12313 r
  result[20] (out)                                     0.00000    4.12313 r
  data arrival time                                               4.12313

  clock vclk (rise edge)                              10.00000   10.00000
  clock network delay (ideal)                          0.00000   10.00000
  clock reconvergence pessimism                        0.00000   10.00000
  output external delay                               -0.02000    9.98000
  data required time                                              9.98000
  ------------------------------------------------------------------------------
  data required time                                              9.98000
  data arrival time                                              -4.12313
  ------------------------------------------------------------------------------
  slack (MET)                                                     5.85687

Warning: report_timing has satisfied the max_paths criteria. There are 31 further endpoints which have paths of interest with slack less than 1000.00000 that were not considered when generating this report. (UITE-502)

1
