****************************************
Report : qor
Design : oadm_fixed_l1_p3
Version: U-2022.12-SP5
Date   : Tue Aug 18 15:24:38 2026
****************************************

  Timing Path Group 'clk' (max_delay/setup)
  ---------------------------------------------
  Levels of Logic:                           69
  Critical Path Length:                    2.78
  Critical Path Slack:                     0.01
  Total Negative Slack:                    0.00
  No. of Violating Paths:                     0
  ---------------------------------------------

  Timing Path Group 'clk' (min_delay/hold)
  ---------------------------------------------
  Levels of Logic:                            2
  Critical Path Length:                    0.09
  Critical Path Slack:                     0.07
  Total Negative Slack:                    0.00
  No. of Violating Paths:                     0
  ---------------------------------------------

  Area
  ---------------------------------------------
  Net Interconnect area:                   0.00
  Total cell area:                      5976.00
  Design Area:                          5976.00
  ---------------------------------------------


  Cell & Pin Count
  ---------------------------------------------
  Pin Count:                               6033
  Hierarchical Cell Count:                   12
  Hierarchical Port Count:                 2239
  Leaf Cell Count:                         1927
  ---------------------------------------------


  Design Rule Violations
  ---------------------------------------------
  Total No. of Pins in Design:             6033
  Total DRC Cost:                          0.00
  ---------------------------------------------

1
