****************************************
Report : qor
Design : oadm_fixed_l1_p2
Version: U-2022.12-SP5
Date   : Tue Aug 18 15:24:21 2026
****************************************

  Timing Path Group 'clk' (max_delay/setup)
  ---------------------------------------------
  Levels of Logic:                           79
  Critical Path Length:                    3.97
  Critical Path Slack:                     0.01
  Total Negative Slack:                    0.00
  No. of Violating Paths:                     0
  ---------------------------------------------

  Timing Path Group 'clk' (min_delay/hold)
  ---------------------------------------------
  Levels of Logic:                            3
  Critical Path Length:                    0.12
  Critical Path Slack:                     0.10
  Total Negative Slack:                    0.00
  No. of Violating Paths:                     0
  ---------------------------------------------

  Area
  ---------------------------------------------
  Net Interconnect area:                   0.00
  Total cell area:                      5479.21
  Design Area:                          5479.21
  ---------------------------------------------


  Cell & Pin Count
  ---------------------------------------------
  Pin Count:                               5554
  Hierarchical Cell Count:                   12
  Hierarchical Port Count:                 2239
  Leaf Cell Count:                         1743
  ---------------------------------------------


  Design Rule Violations
  ---------------------------------------------
  Total No. of Pins in Design:             5554
  Total DRC Cost:                          0.00
  ---------------------------------------------

1
