****************************************
Report : timing
	-path_type full
	-delay_type max
	-nworst 10
	-slack_lesser_than 1000.00000
	-max_paths 10
	-sort_by slack
Design : oadm_fixed_l1_div_root_opt
Version: U-2022.12-SP5
Date   : Thu Sep  3 12:50:14 2026
****************************************


  Startpoint: y[22] (input port clocked by vclk)
  Endpoint: result[30] (output port clocked by vclk)
  Path Group: vclk
  Path Type: max

  Point                                                   Incr       Path
  ------------------------------------------------------------------------------
  clock vclk (rise edge)                               0.00000    0.00000
  clock network delay (ideal)                          0.00000    0.00000
  input external delay                                 0.02000    0.02000 r
  y[22] (in)                                           0.00773    0.02773 r
  implementation/fp_wrapper/U56/Z (CKBD1)              0.18647    0.21420 r
  implementation/plane/mult_58/U102/ZN (CKND0)         0.07827    0.29247 f
  implementation/plane/mult_58/U142/ZN (OAI22D0)       0.07993    0.37240 r
  implementation/plane/mult_58/U129/Z (CKXOR2D1)       0.06476    0.43716 f
  implementation/plane/mult_58/U8/CO (FA1D0)           0.10079    0.53796 f
  implementation/plane/mult_58/U7/CO (FA1D0)           0.05517    0.59313 f
  implementation/plane/mult_58/U6/CO (FA1D0)           0.05524    0.64837 f
  implementation/plane/mult_58/U5/CO (FA1D0)           0.05524    0.70361 f
  implementation/plane/mult_58/U4/CO (FA1D0)           0.05524    0.75886 f
  implementation/plane/mult_58/U3/S (FA1D0)            0.07667    0.83553 r
  implementation/plane/U34/S (FA1D0)                   0.09979    0.93532 f
  implementation/plane/U35/CO (FA1D0)                  0.10109    1.03641 f
  implementation/plane/U31/S (FA1D0)                   0.09391    1.13032 r
  implementation/mult_219/U162/ZN (MUX2ND0)            0.03531    1.16563 f
  implementation/mult_219/U29/S (CMPE42D1)             0.18680    1.35243 f
  implementation/mult_219/U9/CO (FA1D0)                0.07871    1.43114 f
  implementation/mult_219/U8/CO (FA1D0)                0.05524    1.48638 f
  implementation/mult_219/U7/CO (FA1D0)                0.05524    1.54163 f
  implementation/mult_219/U6/CO (FA1D0)                0.05524    1.59687 f
  implementation/mult_219/U5/CO (FA1D0)                0.05524    1.65211 f
  implementation/mult_219/U4/CO (FA1D0)                0.05524    1.70736 f
  implementation/mult_219/U3/CO (FA1D0)                0.05251    1.75987 f
  implementation/mult_219/U155/Z (XOR3D0)              0.10900    1.86887 r
  implementation/mult_219/U154/Z (XOR3D0)              0.07162    1.94049 f
  implementation/U35/ZN (INVD1)                        0.05861    1.99910 r
  implementation/U17/ZN (ND2D1)                        0.07678    2.07588 f
  implementation/U7/ZN (ND2D1)                         0.09179    2.16767 r
  implementation/fp_wrapper/U41/CO (FA1D0)             0.09925    2.26692 r
  implementation/fp_wrapper/U42/CO (FA1D0)             0.05087    2.31779 r
  implementation/fp_wrapper/U43/CO (FA1D0)             0.05087    2.36866 r
  implementation/fp_wrapper/U44/CO (FA1D0)             0.05087    2.41953 r
  implementation/fp_wrapper/U45/CO (FA1D0)             0.05087    2.47039 r
  implementation/fp_wrapper/U46/CO (FA1D0)             0.05175    2.52215 r
  implementation/fp_wrapper/U55/Z (XOR3D1)             0.07799    2.60013 f
  result[30] (out)                                     0.00000    2.60013 f
  data arrival time                                               2.60013

  clock vclk (rise edge)                              10.00000   10.00000
  clock network delay (ideal)                          0.00000   10.00000
  clock reconvergence pessimism                        0.00000   10.00000
  output external delay                               -0.02000    9.98000
  data required time                                              9.98000
  ------------------------------------------------------------------------------
  data required time                                              9.98000
  data arrival time                                              -2.60013
  ------------------------------------------------------------------------------
  slack (MET)                                                     7.37987


  Startpoint: y[22] (input port clocked by vclk)
  Endpoint: result[30] (output port clocked by vclk)
  Path Group: vclk
  Path Type: max

  Point                                                   Incr       Path
  ------------------------------------------------------------------------------
  clock vclk (rise edge)                               0.00000    0.00000
  clock network delay (ideal)                          0.00000    0.00000
  input external delay                                 0.02000    0.02000 r
  y[22] (in)                                           0.00773    0.02773 r
  implementation/fp_wrapper/U56/Z (CKBD1)              0.18647    0.21420 r
  implementation/plane/mult_58/U102/ZN (CKND0)         0.07827    0.29247 f
  implementation/plane/mult_58/U142/ZN (OAI22D0)       0.07993    0.37240 r
  implementation/plane/mult_58/U129/Z (CKXOR2D1)       0.06476    0.43716 f
  implementation/plane/mult_58/U8/CO (FA1D0)           0.10079    0.53796 f
  implementation/plane/mult_58/U7/CO (FA1D0)           0.05517    0.59313 f
  implementation/plane/mult_58/U6/CO (FA1D0)           0.05524    0.64837 f
  implementation/plane/mult_58/U5/CO (FA1D0)           0.05524    0.70361 f
  implementation/plane/mult_58/U4/S (FA1D0)            0.07667    0.78028 r
  implementation/plane/U37/S (FA1D0)                   0.09979    0.88008 f
  implementation/plane/U38/CO (FA1D0)                  0.10109    0.98116 f
  implementation/plane/U35/CO (FA1D0)                  0.05524    1.03641 f
  implementation/plane/U31/S (FA1D0)                   0.09391    1.13032 r
  implementation/mult_219/U162/ZN (MUX2ND0)            0.03531    1.16563 f
  implementation/mult_219/U29/S (CMPE42D1)             0.18680    1.35243 f
  implementation/mult_219/U9/CO (FA1D0)                0.07871    1.43114 f
  implementation/mult_219/U8/CO (FA1D0)                0.05524    1.48638 f
  implementation/mult_219/U7/CO (FA1D0)                0.05524    1.54163 f
  implementation/mult_219/U6/CO (FA1D0)                0.05524    1.59687 f
  implementation/mult_219/U5/CO (FA1D0)                0.05524    1.65211 f
  implementation/mult_219/U4/CO (FA1D0)                0.05524    1.70736 f
  implementation/mult_219/U3/CO (FA1D0)                0.05251    1.75987 f
  implementation/mult_219/U155/Z (XOR3D0)              0.10900    1.86887 r
  implementation/mult_219/U154/Z (XOR3D0)              0.07162    1.94049 f
  implementation/U35/ZN (INVD1)                        0.05861    1.99910 r
  implementation/U17/ZN (ND2D1)                        0.07678    2.07588 f
  implementation/U7/ZN (ND2D1)                         0.09179    2.16767 r
  implementation/fp_wrapper/U41/CO (FA1D0)             0.09925    2.26692 r
  implementation/fp_wrapper/U42/CO (FA1D0)             0.05087    2.31779 r
  implementation/fp_wrapper/U43/CO (FA1D0)             0.05087    2.36866 r
  implementation/fp_wrapper/U44/CO (FA1D0)             0.05087    2.41953 r
  implementation/fp_wrapper/U45/CO (FA1D0)             0.05087    2.47039 r
  implementation/fp_wrapper/U46/CO (FA1D0)             0.05175    2.52215 r
  implementation/fp_wrapper/U55/Z (XOR3D1)             0.07799    2.60013 f
  result[30] (out)                                     0.00000    2.60013 f
  data arrival time                                               2.60013

  clock vclk (rise edge)                              10.00000   10.00000
  clock network delay (ideal)                          0.00000   10.00000
  clock reconvergence pessimism                        0.00000   10.00000
  output external delay                               -0.02000    9.98000
  data required time                                              9.98000
  ------------------------------------------------------------------------------
  data required time                                              9.98000
  data arrival time                                              -2.60013
  ------------------------------------------------------------------------------
  slack (MET)                                                     7.37987


  Startpoint: y[22] (input port clocked by vclk)
  Endpoint: result[30] (output port clocked by vclk)
  Path Group: vclk
  Path Type: max

  Point                                                   Incr       Path
  ------------------------------------------------------------------------------
  clock vclk (rise edge)                               0.00000    0.00000
  clock network delay (ideal)                          0.00000    0.00000
  input external delay                                 0.02000    0.02000 r
  y[22] (in)                                           0.00773    0.02773 r
  implementation/fp_wrapper/U56/Z (CKBD1)              0.18647    0.21420 r
  implementation/plane/mult_58/U102/ZN (CKND0)         0.07827    0.29247 f
  implementation/plane/mult_58/U142/ZN (OAI22D0)       0.07993    0.37240 r
  implementation/plane/mult_58/U129/Z (CKXOR2D1)       0.06476    0.43716 f
  implementation/plane/mult_58/U8/CO (FA1D0)           0.10079    0.53796 f
  implementation/plane/mult_58/U7/CO (FA1D0)           0.05517    0.59313 f
  implementation/plane/mult_58/U6/CO (FA1D0)           0.05524    0.64837 f
  implementation/plane/mult_58/U5/S (FA1D0)            0.07667    0.72504 r
  implementation/plane/U41/S (FA1D0)                   0.09979    0.82483 f
  implementation/plane/U42/CO (FA1D0)                  0.10108    0.92591 f
  implementation/plane/U38/CO (FA1D0)                  0.05524    0.98116 f
  implementation/plane/U35/CO (FA1D0)                  0.05524    1.03640 f
  implementation/plane/U31/S (FA1D0)                   0.09391    1.13032 r
  implementation/mult_219/U162/ZN (MUX2ND0)            0.03531    1.16563 f
  implementation/mult_219/U29/S (CMPE42D1)             0.18680    1.35242 f
  implementation/mult_219/U9/CO (FA1D0)                0.07871    1.43113 f
  implementation/mult_219/U8/CO (FA1D0)                0.05524    1.48638 f
  implementation/mult_219/U7/CO (FA1D0)                0.05524    1.54162 f
  implementation/mult_219/U6/CO (FA1D0)                0.05524    1.59687 f
  implementation/mult_219/U5/CO (FA1D0)                0.05524    1.65211 f
  implementation/mult_219/U4/CO (FA1D0)                0.05524    1.70735 f
  implementation/mult_219/U3/CO (FA1D0)                0.05251    1.75986 f
  implementation/mult_219/U155/Z (XOR3D0)              0.10900    1.86887 r
  implementation/mult_219/U154/Z (XOR3D0)              0.07162    1.94049 f
  implementation/U35/ZN (INVD1)                        0.05861    1.99910 r
  implementation/U17/ZN (ND2D1)                        0.07678    2.07588 f
  implementation/U7/ZN (ND2D1)                         0.09179    2.16766 r
  implementation/fp_wrapper/U41/CO (FA1D0)             0.09925    2.26692 r
  implementation/fp_wrapper/U42/CO (FA1D0)             0.05087    2.31778 r
  implementation/fp_wrapper/U43/CO (FA1D0)             0.05087    2.36865 r
  implementation/fp_wrapper/U44/CO (FA1D0)             0.05087    2.41952 r
  implementation/fp_wrapper/U45/CO (FA1D0)             0.05087    2.47039 r
  implementation/fp_wrapper/U46/CO (FA1D0)             0.05175    2.52214 r
  implementation/fp_wrapper/U55/Z (XOR3D1)             0.07799    2.60013 f
  result[30] (out)                                     0.00000    2.60013 f
  data arrival time                                               2.60013

  clock vclk (rise edge)                              10.00000   10.00000
  clock network delay (ideal)                          0.00000   10.00000
  clock reconvergence pessimism                        0.00000   10.00000
  output external delay                               -0.02000    9.98000
  data required time                                              9.98000
  ------------------------------------------------------------------------------
  data required time                                              9.98000
  data arrival time                                              -2.60013
  ------------------------------------------------------------------------------
  slack (MET)                                                     7.37987


  Startpoint: y[22] (input port clocked by vclk)
  Endpoint: result[30] (output port clocked by vclk)
  Path Group: vclk
  Path Type: max

  Point                                                   Incr       Path
  ------------------------------------------------------------------------------
  clock vclk (rise edge)                               0.00000    0.00000
  clock network delay (ideal)                          0.00000    0.00000
  input external delay                                 0.02000    0.02000 r
  y[22] (in)                                           0.00773    0.02773 r
  implementation/fp_wrapper/U56/Z (CKBD1)              0.18647    0.21420 r
  implementation/plane/mult_58/U102/ZN (CKND0)         0.07827    0.29247 f
  implementation/plane/mult_58/U142/ZN (OAI22D0)       0.07993    0.37240 r
  implementation/plane/mult_58/U129/Z (CKXOR2D1)       0.06476    0.43716 f
  implementation/plane/mult_58/U8/CO (FA1D0)           0.10079    0.53796 f
  implementation/plane/mult_58/U7/CO (FA1D0)           0.05517    0.59313 f
  implementation/plane/mult_58/U6/CO (FA1D0)           0.05524    0.64837 f
  implementation/plane/mult_58/U5/CO (FA1D0)           0.05524    0.70361 f
  implementation/plane/mult_58/U4/CO (FA1D0)           0.05524    0.75886 f
  implementation/plane/mult_58/U3/S (FA1D0)            0.07667    0.83553 r
  implementation/plane/U34/S (FA1D0)                   0.09979    0.93532 f
  implementation/plane/U35/CO (FA1D0)                  0.10109    1.03641 f
  implementation/plane/U31/S (FA1D0)                   0.07665    1.11305 f
  implementation/mult_219/U162/ZN (MUX2ND0)            0.04745    1.16051 r
  implementation/mult_219/U29/S (CMPE42D1)             0.18767    1.34817 f
  implementation/mult_219/U9/CO (FA1D0)                0.07871    1.42688 f
  implementation/mult_219/U8/CO (FA1D0)                0.05524    1.48213 f
  implementation/mult_219/U7/CO (FA1D0)                0.05524    1.53737 f
  implementation/mult_219/U6/CO (FA1D0)                0.05524    1.59261 f
  implementation/mult_219/U5/CO (FA1D0)                0.05524    1.64786 f
  implementation/mult_219/U4/CO (FA1D0)                0.05524    1.70310 f
  implementation/mult_219/U3/CO (FA1D0)                0.05251    1.75561 f
  implementation/mult_219/U155/Z (XOR3D0)              0.10900    1.86462 r
  implementation/mult_219/U154/Z (XOR3D0)              0.07162    1.93624 f
  implementation/U35/ZN (INVD1)                        0.05861    1.99485 r
  implementation/U17/ZN (ND2D1)                        0.07678    2.07163 f
  implementation/U7/ZN (ND2D1)                         0.09179    2.16341 r
  implementation/fp_wrapper/U41/CO (FA1D0)             0.09925    2.26266 r
  implementation/fp_wrapper/U42/CO (FA1D0)             0.05087    2.31353 r
  implementation/fp_wrapper/U43/CO (FA1D0)             0.05087    2.36440 r
  implementation/fp_wrapper/U44/CO (FA1D0)             0.05087    2.41527 r
  implementation/fp_wrapper/U45/CO (FA1D0)             0.05087    2.46614 r
  implementation/fp_wrapper/U46/CO (FA1D0)             0.05175    2.51789 r
  implementation/fp_wrapper/U55/Z (XOR3D1)             0.07799    2.59588 f
  result[30] (out)                                     0.00000    2.59588 f
  data arrival time                                               2.59588

  clock vclk (rise edge)                              10.00000   10.00000
  clock network delay (ideal)                          0.00000   10.00000
  clock reconvergence pessimism                        0.00000   10.00000
  output external delay                               -0.02000    9.98000
  data required time                                              9.98000
  ------------------------------------------------------------------------------
  data required time                                              9.98000
  data arrival time                                              -2.59588
  ------------------------------------------------------------------------------
  slack (MET)                                                     7.38412


  Startpoint: y[22] (input port clocked by vclk)
  Endpoint: result[30] (output port clocked by vclk)
  Path Group: vclk
  Path Type: max

  Point                                                   Incr       Path
  ------------------------------------------------------------------------------
  clock vclk (rise edge)                               0.00000    0.00000
  clock network delay (ideal)                          0.00000    0.00000
  input external delay                                 0.02000    0.02000 r
  y[22] (in)                                           0.00773    0.02773 r
  implementation/fp_wrapper/U56/Z (CKBD1)              0.18647    0.21420 r
  implementation/plane/mult_58/U102/ZN (CKND0)         0.07827    0.29247 f
  implementation/plane/mult_58/U142/ZN (OAI22D0)       0.07993    0.37240 r
  implementation/plane/mult_58/U129/Z (CKXOR2D1)       0.06476    0.43716 f
  implementation/plane/mult_58/U8/CO (FA1D0)           0.10079    0.53796 f
  implementation/plane/mult_58/U7/CO (FA1D0)           0.05517    0.59313 f
  implementation/plane/mult_58/U6/CO (FA1D0)           0.05524    0.64837 f
  implementation/plane/mult_58/U5/CO (FA1D0)           0.05524    0.70361 f
  implementation/plane/mult_58/U4/S (FA1D0)            0.07667    0.78028 r
  implementation/plane/U37/S (FA1D0)                   0.09979    0.88008 f
  implementation/plane/U38/CO (FA1D0)                  0.10109    0.98116 f
  implementation/plane/U35/CO (FA1D0)                  0.05524    1.03641 f
  implementation/plane/U31/S (FA1D0)                   0.07665    1.11305 f
  implementation/mult_219/U162/ZN (MUX2ND0)            0.04745    1.16051 r
  implementation/mult_219/U29/S (CMPE42D1)             0.18767    1.34817 f
  implementation/mult_219/U9/CO (FA1D0)                0.07871    1.42688 f
  implementation/mult_219/U8/CO (FA1D0)                0.05524    1.48213 f
  implementation/mult_219/U7/CO (FA1D0)                0.05524    1.53737 f
  implementation/mult_219/U6/CO (FA1D0)                0.05524    1.59261 f
  implementation/mult_219/U5/CO (FA1D0)                0.05524    1.64786 f
  implementation/mult_219/U4/CO (FA1D0)                0.05524    1.70310 f
  implementation/mult_219/U3/CO (FA1D0)                0.05251    1.75561 f
  implementation/mult_219/U155/Z (XOR3D0)              0.10900    1.86462 r
  implementation/mult_219/U154/Z (XOR3D0)              0.07162    1.93624 f
  implementation/U35/ZN (INVD1)                        0.05861    1.99485 r
  implementation/U17/ZN (ND2D1)                        0.07678    2.07163 f
  implementation/U7/ZN (ND2D1)                         0.09179    2.16341 r
  implementation/fp_wrapper/U41/CO (FA1D0)             0.09925    2.26266 r
  implementation/fp_wrapper/U42/CO (FA1D0)             0.05087    2.31353 r
  implementation/fp_wrapper/U43/CO (FA1D0)             0.05087    2.36440 r
  implementation/fp_wrapper/U44/CO (FA1D0)             0.05087    2.41527 r
  implementation/fp_wrapper/U45/CO (FA1D0)             0.05087    2.46614 r
  implementation/fp_wrapper/U46/CO (FA1D0)             0.05175    2.51789 r
  implementation/fp_wrapper/U55/Z (XOR3D1)             0.07799    2.59588 f
  result[30] (out)                                     0.00000    2.59588 f
  data arrival time                                               2.59588

  clock vclk (rise edge)                              10.00000   10.00000
  clock network delay (ideal)                          0.00000   10.00000
  clock reconvergence pessimism                        0.00000   10.00000
  output external delay                               -0.02000    9.98000
  data required time                                              9.98000
  ------------------------------------------------------------------------------
  data required time                                              9.98000
  data arrival time                                              -2.59588
  ------------------------------------------------------------------------------
  slack (MET)                                                     7.38412


  Startpoint: y[22] (input port clocked by vclk)
  Endpoint: result[30] (output port clocked by vclk)
  Path Group: vclk
  Path Type: max

  Point                                                   Incr       Path
  ------------------------------------------------------------------------------
  clock vclk (rise edge)                               0.00000    0.00000
  clock network delay (ideal)                          0.00000    0.00000
  input external delay                                 0.02000    0.02000 r
  y[22] (in)                                           0.00773    0.02773 r
  implementation/fp_wrapper/U56/Z (CKBD1)              0.18647    0.21420 r
  implementation/plane/mult_58/U102/ZN (CKND0)         0.07827    0.29247 f
  implementation/plane/mult_58/U142/ZN (OAI22D0)       0.07993    0.37240 r
  implementation/plane/mult_58/U129/Z (CKXOR2D1)       0.06476    0.43716 f
  implementation/plane/mult_58/U8/CO (FA1D0)           0.10079    0.53796 f
  implementation/plane/mult_58/U7/CO (FA1D0)           0.05517    0.59313 f
  implementation/plane/mult_58/U6/CO (FA1D0)           0.05524    0.64837 f
  implementation/plane/mult_58/U5/S (FA1D0)            0.07667    0.72504 r
  implementation/plane/U41/S (FA1D0)                   0.09979    0.82483 f
  implementation/plane/U42/CO (FA1D0)                  0.10108    0.92591 f
  implementation/plane/U38/CO (FA1D0)                  0.05524    0.98116 f
  implementation/plane/U35/CO (FA1D0)                  0.05524    1.03640 f
  implementation/plane/U31/S (FA1D0)                   0.07665    1.11305 f
  implementation/mult_219/U162/ZN (MUX2ND0)            0.04745    1.16050 r
  implementation/mult_219/U29/S (CMPE42D1)             0.18767    1.34817 f
  implementation/mult_219/U9/CO (FA1D0)                0.07871    1.42688 f
  implementation/mult_219/U8/CO (FA1D0)                0.05524    1.48212 f
  implementation/mult_219/U7/CO (FA1D0)                0.05524    1.53737 f
  implementation/mult_219/U6/CO (FA1D0)                0.05524    1.59261 f
  implementation/mult_219/U5/CO (FA1D0)                0.05524    1.64785 f
  implementation/mult_219/U4/CO (FA1D0)                0.05524    1.70310 f
  implementation/mult_219/U3/CO (FA1D0)                0.05251    1.75561 f
  implementation/mult_219/U155/Z (XOR3D0)              0.10900    1.86461 r
  implementation/mult_219/U154/Z (XOR3D0)              0.07162    1.93623 f
  implementation/U35/ZN (INVD1)                        0.05861    1.99484 r
  implementation/U17/ZN (ND2D1)                        0.07678    2.07162 f
  implementation/U7/ZN (ND2D1)                         0.09179    2.16341 r
  implementation/fp_wrapper/U41/CO (FA1D0)             0.09925    2.26266 r
  implementation/fp_wrapper/U42/CO (FA1D0)             0.05087    2.31353 r
  implementation/fp_wrapper/U43/CO (FA1D0)             0.05087    2.36440 r
  implementation/fp_wrapper/U44/CO (FA1D0)             0.05087    2.41527 r
  implementation/fp_wrapper/U45/CO (FA1D0)             0.05087    2.46614 r
  implementation/fp_wrapper/U46/CO (FA1D0)             0.05175    2.51789 r
  implementation/fp_wrapper/U55/Z (XOR3D1)             0.07799    2.59587 f
  result[30] (out)                                     0.00000    2.59587 f
  data arrival time                                               2.59587

  clock vclk (rise edge)                              10.00000   10.00000
  clock network delay (ideal)                          0.00000   10.00000
  clock reconvergence pessimism                        0.00000   10.00000
  output external delay                               -0.02000    9.98000
  data required time                                              9.98000
  ------------------------------------------------------------------------------
  data required time                                              9.98000
  data arrival time                                              -2.59587
  ------------------------------------------------------------------------------
  slack (MET)                                                     7.38413


  Startpoint: y[22] (input port clocked by vclk)
  Endpoint: result[30] (output port clocked by vclk)
  Path Group: vclk
  Path Type: max

  Point                                                   Incr       Path
  ------------------------------------------------------------------------------
  clock vclk (rise edge)                               0.00000    0.00000
  clock network delay (ideal)                          0.00000    0.00000
  input external delay                                 0.02000    0.02000 r
  y[22] (in)                                           0.00773    0.02773 r
  implementation/fp_wrapper/U56/Z (CKBD1)              0.18647    0.21420 r
  implementation/plane/mult_58/U102/ZN (CKND0)         0.07827    0.29247 f
  implementation/plane/mult_58/U142/ZN (OAI22D0)       0.07993    0.37240 r
  implementation/plane/mult_58/U129/Z (CKXOR2D1)       0.06476    0.43716 f
  implementation/plane/mult_58/U8/CO (FA1D0)           0.10079    0.53796 f
  implementation/plane/mult_58/U7/CO (FA1D0)           0.05517    0.59313 f
  implementation/plane/mult_58/U6/CO (FA1D0)           0.05524    0.64837 f
  implementation/plane/mult_58/U5/CO (FA1D0)           0.05524    0.70361 f
  implementation/plane/mult_58/U4/CO (FA1D0)           0.05524    0.75886 f
  implementation/plane/mult_58/U3/S (FA1D0)            0.07667    0.83553 r
  implementation/plane/U34/S (FA1D0)                   0.09979    0.93532 f
  implementation/plane/U35/CO (FA1D0)                  0.10109    1.03641 f
  implementation/plane/U31/S (FA1D0)                   0.09391    1.13032 r
  implementation/mult_219/U162/ZN (MUX2ND0)            0.03531    1.16563 f
  implementation/mult_219/U29/S (CMPE42D1)             0.18680    1.35243 f
  implementation/mult_219/U9/CO (FA1D0)                0.07871    1.43114 f
  implementation/mult_219/U8/CO (FA1D0)                0.05524    1.48638 f
  implementation/mult_219/U7/CO (FA1D0)                0.05524    1.54163 f
  implementation/mult_219/U6/CO (FA1D0)                0.05524    1.59687 f
  implementation/mult_219/U5/CO (FA1D0)                0.05524    1.65211 f
  implementation/mult_219/U4/CO (FA1D0)                0.05524    1.70736 f
  implementation/mult_219/U3/CO (FA1D0)                0.05251    1.75987 f
  implementation/mult_219/U155/Z (XOR3D0)              0.10900    1.86887 r
  implementation/mult_219/U154/Z (XOR3D0)              0.07162    1.94049 f
  implementation/U35/ZN (INVD1)                        0.05861    1.99910 r
  implementation/U16/ZN (ND2D1)                        0.07406    2.07316 f
  implementation/U7/ZN (ND2D1)                         0.08874    2.16190 r
  implementation/fp_wrapper/U41/CO (FA1D0)             0.09925    2.26116 r
  implementation/fp_wrapper/U42/CO (FA1D0)             0.05087    2.31203 r
  implementation/fp_wrapper/U43/CO (FA1D0)             0.05087    2.36289 r
  implementation/fp_wrapper/U44/CO (FA1D0)             0.05087    2.41376 r
  implementation/fp_wrapper/U45/CO (FA1D0)             0.05087    2.46463 r
  implementation/fp_wrapper/U46/CO (FA1D0)             0.05175    2.51638 r
  implementation/fp_wrapper/U55/Z (XOR3D1)             0.07799    2.59437 f
  result[30] (out)                                     0.00000    2.59437 f
  data arrival time                                               2.59437

  clock vclk (rise edge)                              10.00000   10.00000
  clock network delay (ideal)                          0.00000   10.00000
  clock reconvergence pessimism                        0.00000   10.00000
  output external delay                               -0.02000    9.98000
  data required time                                              9.98000
  ------------------------------------------------------------------------------
  data required time                                              9.98000
  data arrival time                                              -2.59437
  ------------------------------------------------------------------------------
  slack (MET)                                                     7.38563


  Startpoint: y[22] (input port clocked by vclk)
  Endpoint: result[30] (output port clocked by vclk)
  Path Group: vclk
  Path Type: max

  Point                                                   Incr       Path
  ------------------------------------------------------------------------------
  clock vclk (rise edge)                               0.00000    0.00000
  clock network delay (ideal)                          0.00000    0.00000
  input external delay                                 0.02000    0.02000 r
  y[22] (in)                                           0.00773    0.02773 r
  implementation/fp_wrapper/U56/Z (CKBD1)              0.18647    0.21420 r
  implementation/plane/mult_58/U102/ZN (CKND0)         0.07827    0.29247 f
  implementation/plane/mult_58/U142/ZN (OAI22D0)       0.07993    0.37240 r
  implementation/plane/mult_58/U129/Z (CKXOR2D1)       0.06476    0.43716 f
  implementation/plane/mult_58/U8/CO (FA1D0)           0.10079    0.53796 f
  implementation/plane/mult_58/U7/CO (FA1D0)           0.05517    0.59313 f
  implementation/plane/mult_58/U6/CO (FA1D0)           0.05524    0.64837 f
  implementation/plane/mult_58/U5/CO (FA1D0)           0.05524    0.70361 f
  implementation/plane/mult_58/U4/S (FA1D0)            0.07667    0.78028 r
  implementation/plane/U37/S (FA1D0)                   0.09979    0.88008 f
  implementation/plane/U38/CO (FA1D0)                  0.10109    0.98116 f
  implementation/plane/U35/CO (FA1D0)                  0.05524    1.03641 f
  implementation/plane/U31/S (FA1D0)                   0.09391    1.13032 r
  implementation/mult_219/U162/ZN (MUX2ND0)            0.03531    1.16563 f
  implementation/mult_219/U29/S (CMPE42D1)             0.18680    1.35243 f
  implementation/mult_219/U9/CO (FA1D0)                0.07871    1.43114 f
  implementation/mult_219/U8/CO (FA1D0)                0.05524    1.48638 f
  implementation/mult_219/U7/CO (FA1D0)                0.05524    1.54163 f
  implementation/mult_219/U6/CO (FA1D0)                0.05524    1.59687 f
  implementation/mult_219/U5/CO (FA1D0)                0.05524    1.65211 f
  implementation/mult_219/U4/CO (FA1D0)                0.05524    1.70736 f
  implementation/mult_219/U3/CO (FA1D0)                0.05251    1.75987 f
  implementation/mult_219/U155/Z (XOR3D0)              0.10900    1.86887 r
  implementation/mult_219/U154/Z (XOR3D0)              0.07162    1.94049 f
  implementation/U35/ZN (INVD1)                        0.05861    1.99910 r
  implementation/U16/ZN (ND2D1)                        0.07406    2.07316 f
  implementation/U7/ZN (ND2D1)                         0.08874    2.16190 r
  implementation/fp_wrapper/U41/CO (FA1D0)             0.09925    2.26116 r
  implementation/fp_wrapper/U42/CO (FA1D0)             0.05087    2.31203 r
  implementation/fp_wrapper/U43/CO (FA1D0)             0.05087    2.36289 r
  implementation/fp_wrapper/U44/CO (FA1D0)             0.05087    2.41376 r
  implementation/fp_wrapper/U45/CO (FA1D0)             0.05087    2.46463 r
  implementation/fp_wrapper/U46/CO (FA1D0)             0.05175    2.51638 r
  implementation/fp_wrapper/U55/Z (XOR3D1)             0.07799    2.59437 f
  result[30] (out)                                     0.00000    2.59437 f
  data arrival time                                               2.59437

  clock vclk (rise edge)                              10.00000   10.00000
  clock network delay (ideal)                          0.00000   10.00000
  clock reconvergence pessimism                        0.00000   10.00000
  output external delay                               -0.02000    9.98000
  data required time                                              9.98000
  ------------------------------------------------------------------------------
  data required time                                              9.98000
  data arrival time                                              -2.59437
  ------------------------------------------------------------------------------
  slack (MET)                                                     7.38563


  Startpoint: y[22] (input port clocked by vclk)
  Endpoint: result[30] (output port clocked by vclk)
  Path Group: vclk
  Path Type: max

  Point                                                   Incr       Path
  ------------------------------------------------------------------------------
  clock vclk (rise edge)                               0.00000    0.00000
  clock network delay (ideal)                          0.00000    0.00000
  input external delay                                 0.02000    0.02000 r
  y[22] (in)                                           0.00773    0.02773 r
  implementation/fp_wrapper/U56/Z (CKBD1)              0.18647    0.21420 r
  implementation/plane/mult_58/U102/ZN (CKND0)         0.07827    0.29247 f
  implementation/plane/mult_58/U142/ZN (OAI22D0)       0.07993    0.37240 r
  implementation/plane/mult_58/U129/Z (CKXOR2D1)       0.06476    0.43716 f
  implementation/plane/mult_58/U8/CO (FA1D0)           0.10079    0.53796 f
  implementation/plane/mult_58/U7/CO (FA1D0)           0.05517    0.59313 f
  implementation/plane/mult_58/U6/CO (FA1D0)           0.05524    0.64837 f
  implementation/plane/mult_58/U5/S (FA1D0)            0.07667    0.72504 r
  implementation/plane/U41/S (FA1D0)                   0.09979    0.82483 f
  implementation/plane/U42/CO (FA1D0)                  0.10108    0.92591 f
  implementation/plane/U38/CO (FA1D0)                  0.05524    0.98116 f
  implementation/plane/U35/CO (FA1D0)                  0.05524    1.03640 f
  implementation/plane/U31/S (FA1D0)                   0.09391    1.13032 r
  implementation/mult_219/U162/ZN (MUX2ND0)            0.03531    1.16563 f
  implementation/mult_219/U29/S (CMPE42D1)             0.18680    1.35242 f
  implementation/mult_219/U9/CO (FA1D0)                0.07871    1.43113 f
  implementation/mult_219/U8/CO (FA1D0)                0.05524    1.48638 f
  implementation/mult_219/U7/CO (FA1D0)                0.05524    1.54162 f
  implementation/mult_219/U6/CO (FA1D0)                0.05524    1.59687 f
  implementation/mult_219/U5/CO (FA1D0)                0.05524    1.65211 f
  implementation/mult_219/U4/CO (FA1D0)                0.05524    1.70735 f
  implementation/mult_219/U3/CO (FA1D0)                0.05251    1.75986 f
  implementation/mult_219/U155/Z (XOR3D0)              0.10900    1.86887 r
  implementation/mult_219/U154/Z (XOR3D0)              0.07162    1.94049 f
  implementation/U35/ZN (INVD1)                        0.05861    1.99910 r
  implementation/U16/ZN (ND2D1)                        0.07406    2.07316 f
  implementation/U7/ZN (ND2D1)                         0.08874    2.16190 r
  implementation/fp_wrapper/U41/CO (FA1D0)             0.09925    2.26115 r
  implementation/fp_wrapper/U42/CO (FA1D0)             0.05087    2.31202 r
  implementation/fp_wrapper/U43/CO (FA1D0)             0.05087    2.36289 r
  implementation/fp_wrapper/U44/CO (FA1D0)             0.05087    2.41376 r
  implementation/fp_wrapper/U45/CO (FA1D0)             0.05087    2.46463 r
  implementation/fp_wrapper/U46/CO (FA1D0)             0.05175    2.51638 r
  implementation/fp_wrapper/U55/Z (XOR3D1)             0.07799    2.59437 f
  result[30] (out)                                     0.00000    2.59437 f
  data arrival time                                               2.59437

  clock vclk (rise edge)                              10.00000   10.00000
  clock network delay (ideal)                          0.00000   10.00000
  clock reconvergence pessimism                        0.00000   10.00000
  output external delay                               -0.02000    9.98000
  data required time                                              9.98000
  ------------------------------------------------------------------------------
  data required time                                              9.98000
  data arrival time                                              -2.59437
  ------------------------------------------------------------------------------
  slack (MET)                                                     7.38563


  Startpoint: y[22] (input port clocked by vclk)
  Endpoint: result[30] (output port clocked by vclk)
  Path Group: vclk
  Path Type: max

  Point                                                   Incr       Path
  ------------------------------------------------------------------------------
  clock vclk (rise edge)                               0.00000    0.00000
  clock network delay (ideal)                          0.00000    0.00000
  input external delay                                 0.02000    0.02000 r
  y[22] (in)                                           0.00773    0.02773 r
  implementation/fp_wrapper/U56/Z (CKBD1)              0.18647    0.21420 r
  implementation/plane/mult_58/U102/ZN (CKND0)         0.07827    0.29247 f
  implementation/plane/mult_58/U142/ZN (OAI22D0)       0.07993    0.37240 r
  implementation/plane/mult_58/U129/Z (CKXOR2D1)       0.06476    0.43716 f
  implementation/plane/mult_58/U8/CO (FA1D0)           0.10079    0.53796 f
  implementation/plane/mult_58/U7/CO (FA1D0)           0.05517    0.59313 f
  implementation/plane/mult_58/U6/CO (FA1D0)           0.05524    0.64837 f
  implementation/plane/mult_58/U5/CO (FA1D0)           0.05524    0.70361 f
  implementation/plane/mult_58/U4/S (FA1D0)            0.07667    0.78028 r
  implementation/plane/U37/CO (FA1D0)                  0.08338    0.86366 r
  implementation/plane/U34/S (FA1D0)                   0.06427    0.92793 f
  implementation/plane/U35/CO (FA1D0)                  0.10109    1.02902 f
  implementation/plane/U31/S (FA1D0)                   0.09391    1.12293 r
  implementation/mult_219/U162/ZN (MUX2ND0)            0.03531    1.15824 f
  implementation/mult_219/U29/S (CMPE42D1)             0.18680    1.34504 f
  implementation/mult_219/U9/CO (FA1D0)                0.07871    1.42375 f
  implementation/mult_219/U8/CO (FA1D0)                0.05524    1.47899 f
  implementation/mult_219/U7/CO (FA1D0)                0.05524    1.53424 f
  implementation/mult_219/U6/CO (FA1D0)                0.05524    1.58948 f
  implementation/mult_219/U5/CO (FA1D0)                0.05524    1.64472 f
  implementation/mult_219/U4/CO (FA1D0)                0.05524    1.69997 f
  implementation/mult_219/U3/CO (FA1D0)                0.05251    1.75248 f
  implementation/mult_219/U155/Z (XOR3D0)              0.10900    1.86148 r
  implementation/mult_219/U154/Z (XOR3D0)              0.07162    1.93310 f
  implementation/U35/ZN (INVD1)                        0.05861    1.99171 r
  implementation/U17/ZN (ND2D1)                        0.07678    2.06849 f
  implementation/U7/ZN (ND2D1)                         0.09179    2.16028 r
  implementation/fp_wrapper/U41/CO (FA1D0)             0.09925    2.25953 r
  implementation/fp_wrapper/U42/CO (FA1D0)             0.05087    2.31040 r
  implementation/fp_wrapper/U43/CO (FA1D0)             0.05087    2.36127 r
  implementation/fp_wrapper/U44/CO (FA1D0)             0.05087    2.41214 r
  implementation/fp_wrapper/U45/CO (FA1D0)             0.05087    2.46301 r
  implementation/fp_wrapper/U46/CO (FA1D0)             0.05175    2.51476 r
  implementation/fp_wrapper/U55/Z (XOR3D1)             0.07799    2.59274 f
  result[30] (out)                                     0.00000    2.59274 f
  data arrival time                                               2.59274

  clock vclk (rise edge)                              10.00000   10.00000
  clock network delay (ideal)                          0.00000   10.00000
  clock reconvergence pessimism                        0.00000   10.00000
  output external delay                               -0.02000    9.98000
  data required time                                              9.98000
  ------------------------------------------------------------------------------
  data required time                                              9.98000
  data arrival time                                              -2.59274
  ------------------------------------------------------------------------------
  slack (MET)                                                     7.38726

Warning: report_timing has satisfied the max_paths criteria. There are 22 further endpoints which have paths of interest with slack less than 1000.00000 that were not considered when generating this report. (UITE-502)

1
