****************************************
Report : qor
Design : oadm_fixed_l0_mul_root_opt
Version: U-2022.12-SP5
Date   : Thu Sep  3 12:53:47 2026
****************************************

  Timing Path Group 'vclk' (max_delay/setup)
  ---------------------------------------------
  Levels of Logic:                           22
  Critical Path Length:                    1.37
  Critical Path Slack:                     8.61
  Total Negative Slack:                    0.00
  No. of Violating Paths:                     0
  ---------------------------------------------

  Timing Path Group 'vclk' (min_delay/hold)
  ---------------------------------------------
  Levels of Logic:                            1
  Critical Path Length:                    0.07
  Critical Path Slack:                     0.09
  Total Negative Slack:                    0.00
  No. of Violating Paths:                     0
  ---------------------------------------------

  Area
  ---------------------------------------------
  Net Interconnect area:                   0.00
  Total cell area:                       516.60
  Design Area:                           516.60
  Area Cost:                            -516.60
  ---------------------------------------------


  Cell & Pin Count
  ---------------------------------------------
  Pin Count:                                469
  Hierarchical Cell Count:                    4
  Hierarchical Port Count:                  368
  Leaf Cell Count:                          136
  ---------------------------------------------


  Design Rule Violations
  ---------------------------------------------
  Total No. of Pins in Design:              469
  Total DRC Cost:                          0.00
  ---------------------------------------------

1
