****************************************
Report : qor
Design : oadm_fixed_l0_p5
Version: U-2022.12-SP5
Date   : Tue Aug 18 15:23:12 2026
****************************************

  Timing Path Group 'clk' (max_delay/setup)
  ---------------------------------------------
  Levels of Logic:                           30
  Critical Path Length:                    1.71
  Critical Path Slack:                     0.09
  Total Negative Slack:                    0.00
  No. of Violating Paths:                     0
  ---------------------------------------------

  Timing Path Group 'clk' (min_delay/hold)
  ---------------------------------------------
  Levels of Logic:                            1
  Critical Path Length:                    0.06
  Critical Path Slack:                     0.04
  Total Negative Slack:                    0.00
  No. of Violating Paths:                     0
  ---------------------------------------------

  Area
  ---------------------------------------------
  Net Interconnect area:                   0.00
  Total cell area:                      4672.44
  Design Area:                          4672.44
  ---------------------------------------------


  Cell & Pin Count
  ---------------------------------------------
  Pin Count:                               5003
  Hierarchical Cell Count:                   12
  Hierarchical Port Count:                 2239
  Leaf Cell Count:                         1664
  ---------------------------------------------


  Design Rule Violations
  ---------------------------------------------
  Total No. of Pins in Design:             5003
  Total DRC Cost:                          0.00
  ---------------------------------------------

1
