****************************************
Report : Averaged Power
	-hierarchy
	-significant_digits
Design : oadm_fixed_l2_divmul_root_opt_csd
Version: U-2022.12-SP5
Date   : Sun Sep  6 00:19:27 2026
****************************************



                                      Int      Switch   Leak     Total
Hierarchy                             Power    Power    Power    Power    %
----------------------------------------------------------------------------------
oadm_fixed_l2_divmul_root_opt_csd     6.91e-05 2.23e-05 1.62e-05 1.08e-04 100.0
  implementation (oadm_fixed_divmul_root_opt_csd_2_16_12_16_8_cb_88_61_49)
                                      6.91e-05 2.20e-05 1.62e-05 1.07e-04  99.7
    fp_wrapper (fp32_normal_finite_wrapper)
                                      1.08e-05 3.75e-06 2.62e-06 1.72e-05  16.0
      add_1_root_add_0_root_add_25_2 (fp32_normal_finite_wrapper_DW01_add_3_DW01_add_19)
                                      1.86e-06 2.85e-07 4.56e-07 2.60e-06   2.4
      add_1_root_add_0_root_add_22_2 (fp32_normal_finite_wrapper_DW01_add_1_DW01_add_17)
                                      1.70e-06 2.65e-07 4.51e-07 2.42e-06   2.2
    mult_61 (oadm_fixed_divmul_root_opt_csd_2_16_12_16_8_cb_88_61_49_DW_mult_tc_1)
                                      6.45e-06 1.93e-06 1.64e-06 1.00e-05   9.3
    mult_63 (oadm_fixed_divmul_root_opt_csd_2_16_12_16_8_cb_88_61_49_DW_mult_tc_0)
                                      6.45e-06 1.82e-06 1.64e-06 9.92e-06   9.2
    mult_74 (oadm_fixed_divmul_root_opt_csd_2_16_12_16_8_cb_88_61_49_DW_mult_uns_0)
                                      2.35e-06 5.81e-07 6.35e-07 3.56e-06   3.3
    add_0_root_sub_0_root_sub_187 (oadm_fixed_divmul_root_opt_csd_2_16_12_16_8_cb_88_61_49_DW01_add_6)
                                      6.66e-06 6.98e-07 1.01e-06 8.36e-06   7.8
1
