****************************************
Report : qor
Design : oadm_fixed_l2_mul_root_opt_accuracy
Version: U-2022.12-SP5
Date   : Thu Sep  3 12:58:17 2026
****************************************

  Timing Path Group 'vclk' (max_delay/setup)
  ---------------------------------------------
  Levels of Logic:                           34
  Critical Path Length:                    2.35
  Critical Path Slack:                     7.63
  Total Negative Slack:                    0.00
  No. of Violating Paths:                     0
  ---------------------------------------------

  Timing Path Group 'vclk' (min_delay/hold)
  ---------------------------------------------
  Levels of Logic:                            1
  Critical Path Length:                    0.07
  Critical Path Slack:                     0.09
  Total Negative Slack:                    0.00
  No. of Violating Paths:                     0
  ---------------------------------------------

  Area
  ---------------------------------------------
  Net Interconnect area:                   0.00
  Total cell area:                      1643.76
  Design Area:                          1643.76
  Area Cost:                           -1643.76
  ---------------------------------------------


  Cell & Pin Count
  ---------------------------------------------
  Pin Count:                               1560
  Hierarchical Cell Count:                    8
  Hierarchical Port Count:                  553
  Leaf Cell Count:                          426
  ---------------------------------------------


  Design Rule Violations
  ---------------------------------------------
  Total No. of Pins in Design:             1560
  Total DRC Cost:                          0.00
  ---------------------------------------------

1
