****************************************
Report : Averaged Power
	-significant_digits
Design : oadm_fixed_l2_mul_root_opt_accuracy
Version: U-2022.12-SP5
Date   : Thu Sep  3 12:58:19 2026
****************************************



  Attributes
  ----------
      i  -  Including register clock pin internal power
      u  -  User defined power group

                        Internal             Switching            Leakage              Total
Power Group             Power                Power                Power                Power               (     %)   Attrs
----------------------------------------------------------------------------------------------------------------------------
clock_network           0.00000e+00          0.00000e+00          0.00000e+00          0.00000e+00         ( 0.00%)   i
register                0.00000e+00          0.00000e+00          0.00000e+00          0.00000e+00         ( 0.00%)   
combinational           4.68506e-05          1.61864e-05          9.89436e-06          7.29314e-05         (100.00%)  
sequential              0.00000e+00          0.00000e+00          0.00000e+00          0.00000e+00         ( 0.00%)   
memory                  0.00000e+00          0.00000e+00          0.00000e+00          0.00000e+00         ( 0.00%)   
io_pad                  0.00000e+00          0.00000e+00          0.00000e+00          0.00000e+00         ( 0.00%)   
black_box               0.00000e+00          0.00000e+00          0.00000e+00          0.00000e+00         ( 0.00%)   

  Net Switching Power  = 1.61864e-05           (22.19%)
  Cell Internal Power  = 4.68506e-05           (64.24%)
  Cell Leakage Power   = 9.89436e-06           (13.57%)
                         -------------------------
Total Power            = 7.29314e-05          (100.00%)

1
