****************************************
Report : timing
	-path_type full
	-delay_type max
	-nworst 10
	-slack_lesser_than 1000.00000
	-max_paths 10
	-sort_by slack
Design : amlib_oam_l1_fp32_common
Version: U-2022.12-SP5
Date   : Thu Sep  3 21:47:38 2026
****************************************


  Startpoint: x[22] (input port clocked by vclk)
  Endpoint: result[30] (output port clocked by vclk)
  Path Group: vclk
  Path Type: max

  Point                                                   Incr       Path
  ------------------------------------------------------------------------------
  clock vclk (rise edge)                               0.00000    0.00000
  clock network delay (ideal)                          0.00000    0.00000
  input external delay                                 0.02000    0.02000 r
  x[22] (in)                                           0.00773    0.02773 r
  impl/fp_wrapper/U45/Z (CKBD1)                        0.13458    0.16231 r
  impl/oam_core/PGEN/U32/ZN (XNR2D1)                   0.08308    0.24539 r
  impl/oam_core/PGEN/PP_GEN_1__ConnectPPX/U2/Z (CKBD1)
                                                       0.02973    0.27511 r
  impl/oam_core/Stage_0_1/U40/Z (CKXOR2D1)             0.05180    0.32691 f
  impl/oam_core/Stage_0_1/U25/Z (AO22D0)               0.07064    0.39755 f
  impl/oam_core/Stage_1_0/U39/Z (CKXOR2D1)             0.05258    0.45014 r
  impl/oam_core/Stage_1_0/U7/Z (CKXOR2D1)              0.06332    0.51346 r
  impl/oam_core/Stage_2_0/U40/Z (CKXOR2D1)             0.06359    0.57705 r
  impl/oam_core/Stage_2_0/U7/Z (CKXOR2D1)              0.06020    0.63725 f
  impl/oam_core/add_169/U1_3/CO (FA1D0)                0.10017    0.73742 f
  impl/oam_core/add_169/U1_4/CO (FA1D0)                0.05416    0.79159 f
  impl/oam_core/add_169/U1_5/CO (FA1D0)                0.05521    0.84680 f
  impl/oam_core/add_169/U1_6/CO (FA1D0)                0.05524    0.90204 f
  impl/oam_core/add_169/U1_7/CO (FA1D0)                0.05524    0.95729 f
  impl/oam_core/add_169/U1_8/CO (FA1D0)                0.05524    1.01253 f
  impl/oam_core/add_169/U1_9/CO (FA1D0)                0.05524    1.06778 f
  impl/oam_core/add_169/U1_10/CO (FA1D0)               0.05524    1.12302 f
  impl/oam_core/add_169/U1_11/CO (FA1D0)               0.05524    1.17827 f
  impl/oam_core/add_169/U1_12/CO (FA1D0)               0.05524    1.23351 f
  impl/oam_core/add_169/U1_13/CO (FA1D0)               0.05524    1.28875 f
  impl/oam_core/add_169/U1_14/CO (FA1D0)               0.05524    1.34400 f
  impl/oam_core/add_169/U1_15/CO (FA1D0)               0.05524    1.39924 f
  impl/oam_core/add_169/U1_16/CO (FA1D0)               0.05524    1.45449 f
  impl/oam_core/add_169/U1_17/CO (FA1D0)               0.05524    1.50973 f
  impl/oam_core/add_169/U1_18/CO (FA1D0)               0.05524    1.56498 f
  impl/oam_core/add_169/U1_19/CO (FA1D0)               0.05524    1.62022 f
  impl/oam_core/add_169/U1_20/CO (FA1D0)               0.06573    1.68595 f
  impl/oam_core/add_169/U1/Z (AN2XD1)                  0.02832    1.71427 f
  impl/oam_core/add_169/U1_22/CO (FA1D0)               0.05075    1.76502 f
  impl/oam_core/add_169/U1_23/CO (FA1D0)               0.05514    1.82016 f
  impl/oam_core/add_169/U1_24/CO (FA1D0)               0.05524    1.87540 f
  impl/oam_core/add_169/U1_25/CO (FA1D0)               0.05598    1.93138 f
  impl/oam_core/add_169/U1_26/Z (XOR3D1)               0.04968    1.98106 f
  impl/U3/ZN (NR2D1)                                   0.12585    2.10692 r
  impl/fp_wrapper/U29/CO (FA1D0)                       0.11133    2.21825 r
  impl/fp_wrapper/U30/CO (FA1D0)                       0.05148    2.26973 r
  impl/fp_wrapper/U31/CO (FA1D0)                       0.05148    2.32121 r
  impl/fp_wrapper/U32/CO (FA1D0)                       0.05148    2.37270 r
  impl/fp_wrapper/U33/CO (FA1D0)                       0.05148    2.42418 r
  impl/fp_wrapper/U34/CO (FA1D0)                       0.05237    2.47655 r
  impl/fp_wrapper/U44/Z (XOR3D1)                       0.07833    2.55488 f
  result[30] (out)                                     0.00000    2.55488 f
  data arrival time                                               2.55488

  clock vclk (rise edge)                              10.00000   10.00000
  clock network delay (ideal)                          0.00000   10.00000
  clock reconvergence pessimism                        0.00000   10.00000
  output external delay                               -0.02000    9.98000
  data required time                                              9.98000
  ------------------------------------------------------------------------------
  data required time                                              9.98000
  data arrival time                                              -2.55488
  ------------------------------------------------------------------------------
  slack (MET)                                                     7.42512


  Startpoint: x[22] (input port clocked by vclk)
  Endpoint: result[30] (output port clocked by vclk)
  Path Group: vclk
  Path Type: max

  Point                                                   Incr       Path
  ------------------------------------------------------------------------------
  clock vclk (rise edge)                               0.00000    0.00000
  clock network delay (ideal)                          0.00000    0.00000
  input external delay                                 0.02000    0.02000 r
  x[22] (in)                                           0.00773    0.02773 r
  impl/fp_wrapper/U45/Z (CKBD1)                        0.13458    0.16231 r
  impl/oam_core/PGEN/U32/ZN (XNR2D1)                   0.08308    0.24539 r
  impl/oam_core/PGEN/PP_GEN_1__ConnectPPX/U2/Z (CKBD1)
                                                       0.02973    0.27511 r
  impl/oam_core/Stage_0_1/U40/Z (CKXOR2D1)             0.05180    0.32691 f
  impl/oam_core/Stage_0_1/U25/Z (AO22D0)               0.07064    0.39755 f
  impl/oam_core/Stage_1_0/U39/Z (CKXOR2D1)             0.05258    0.45014 r
  impl/oam_core/Stage_1_0/U7/Z (CKXOR2D1)              0.06334    0.51347 f
  impl/oam_core/Stage_2_0/U40/Z (CKXOR2D1)             0.06323    0.57670 r
  impl/oam_core/Stage_2_0/U7/Z (CKXOR2D1)              0.06020    0.63690 f
  impl/oam_core/add_169/U1_3/CO (FA1D0)                0.10017    0.73708 f
  impl/oam_core/add_169/U1_4/CO (FA1D0)                0.05416    0.79124 f
  impl/oam_core/add_169/U1_5/CO (FA1D0)                0.05521    0.84645 f
  impl/oam_core/add_169/U1_6/CO (FA1D0)                0.05524    0.90170 f
  impl/oam_core/add_169/U1_7/CO (FA1D0)                0.05524    0.95694 f
  impl/oam_core/add_169/U1_8/CO (FA1D0)                0.05524    1.01218 f
  impl/oam_core/add_169/U1_9/CO (FA1D0)                0.05524    1.06743 f
  impl/oam_core/add_169/U1_10/CO (FA1D0)               0.05524    1.12267 f
  impl/oam_core/add_169/U1_11/CO (FA1D0)               0.05524    1.17792 f
  impl/oam_core/add_169/U1_12/CO (FA1D0)               0.05524    1.23316 f
  impl/oam_core/add_169/U1_13/CO (FA1D0)               0.05524    1.28841 f
  impl/oam_core/add_169/U1_14/CO (FA1D0)               0.05524    1.34365 f
  impl/oam_core/add_169/U1_15/CO (FA1D0)               0.05524    1.39890 f
  impl/oam_core/add_169/U1_16/CO (FA1D0)               0.05524    1.45414 f
  impl/oam_core/add_169/U1_17/CO (FA1D0)               0.05524    1.50938 f
  impl/oam_core/add_169/U1_18/CO (FA1D0)               0.05524    1.56463 f
  impl/oam_core/add_169/U1_19/CO (FA1D0)               0.05524    1.61987 f
  impl/oam_core/add_169/U1_20/CO (FA1D0)               0.06573    1.68560 f
  impl/oam_core/add_169/U1/Z (AN2XD1)                  0.02832    1.71393 f
  impl/oam_core/add_169/U1_22/CO (FA1D0)               0.05075    1.76467 f
  impl/oam_core/add_169/U1_23/CO (FA1D0)               0.05514    1.81981 f
  impl/oam_core/add_169/U1_24/CO (FA1D0)               0.05524    1.87505 f
  impl/oam_core/add_169/U1_25/CO (FA1D0)               0.05598    1.93103 f
  impl/oam_core/add_169/U1_26/Z (XOR3D1)               0.04968    1.98071 f
  impl/U3/ZN (NR2D1)                                   0.12585    2.10657 r
  impl/fp_wrapper/U29/CO (FA1D0)                       0.11133    2.21790 r
  impl/fp_wrapper/U30/CO (FA1D0)                       0.05148    2.26938 r
  impl/fp_wrapper/U31/CO (FA1D0)                       0.05148    2.32087 r
  impl/fp_wrapper/U32/CO (FA1D0)                       0.05148    2.37235 r
  impl/fp_wrapper/U33/CO (FA1D0)                       0.05148    2.42383 r
  impl/fp_wrapper/U34/CO (FA1D0)                       0.05237    2.47620 r
  impl/fp_wrapper/U44/Z (XOR3D1)                       0.07833    2.55453 f
  result[30] (out)                                     0.00000    2.55453 f
  data arrival time                                               2.55453

  clock vclk (rise edge)                              10.00000   10.00000
  clock network delay (ideal)                          0.00000   10.00000
  clock reconvergence pessimism                        0.00000   10.00000
  output external delay                               -0.02000    9.98000
  data required time                                              9.98000
  ------------------------------------------------------------------------------
  data required time                                              9.98000
  data arrival time                                              -2.55453
  ------------------------------------------------------------------------------
  slack (MET)                                                     7.42547


  Startpoint: x[22] (input port clocked by vclk)
  Endpoint: result[30] (output port clocked by vclk)
  Path Group: vclk
  Path Type: max

  Point                                                   Incr       Path
  ------------------------------------------------------------------------------
  clock vclk (rise edge)                               0.00000    0.00000
  clock network delay (ideal)                          0.00000    0.00000
  input external delay                                 0.02000    0.02000 r
  x[22] (in)                                           0.00773    0.02773 r
  impl/fp_wrapper/U45/Z (CKBD1)                        0.13458    0.16231 r
  impl/oam_core/PGEN/U32/ZN (XNR2D1)                   0.08308    0.24539 r
  impl/oam_core/PGEN/PP_GEN_1__ConnectPPX/U2/Z (CKBD1)
                                                       0.02973    0.27511 r
  impl/oam_core/Stage_0_1/U40/Z (CKXOR2D1)             0.04952    0.32463 r
  impl/oam_core/Stage_0_1/U25/Z (AO22D0)               0.06252    0.38715 r
  impl/oam_core/Stage_1_0/U39/Z (CKXOR2D1)             0.05664    0.44379 f
  impl/oam_core/Stage_1_0/U7/Z (CKXOR2D1)              0.06287    0.50666 r
  impl/oam_core/Stage_2_0/U40/Z (CKXOR2D1)             0.06359    0.57025 r
  impl/oam_core/Stage_2_0/U7/Z (CKXOR2D1)              0.06020    0.63046 f
  impl/oam_core/add_169/U1_3/CO (FA1D0)                0.10017    0.73063 f
  impl/oam_core/add_169/U1_4/CO (FA1D0)                0.05416    0.78479 f
  impl/oam_core/add_169/U1_5/CO (FA1D0)                0.05521    0.84000 f
  impl/oam_core/add_169/U1_6/CO (FA1D0)                0.05524    0.89525 f
  impl/oam_core/add_169/U1_7/CO (FA1D0)                0.05524    0.95049 f
  impl/oam_core/add_169/U1_8/CO (FA1D0)                0.05524    1.00574 f
  impl/oam_core/add_169/U1_9/CO (FA1D0)                0.05524    1.06098 f
  impl/oam_core/add_169/U1_10/CO (FA1D0)               0.05524    1.11623 f
  impl/oam_core/add_169/U1_11/CO (FA1D0)               0.05524    1.17147 f
  impl/oam_core/add_169/U1_12/CO (FA1D0)               0.05524    1.22671 f
  impl/oam_core/add_169/U1_13/CO (FA1D0)               0.05524    1.28196 f
  impl/oam_core/add_169/U1_14/CO (FA1D0)               0.05524    1.33720 f
  impl/oam_core/add_169/U1_15/CO (FA1D0)               0.05524    1.39245 f
  impl/oam_core/add_169/U1_16/CO (FA1D0)               0.05524    1.44769 f
  impl/oam_core/add_169/U1_17/CO (FA1D0)               0.05524    1.50294 f
  impl/oam_core/add_169/U1_18/CO (FA1D0)               0.05524    1.55818 f
  impl/oam_core/add_169/U1_19/CO (FA1D0)               0.05524    1.61343 f
  impl/oam_core/add_169/U1_20/CO (FA1D0)               0.06573    1.67915 f
  impl/oam_core/add_169/U1/Z (AN2XD1)                  0.02832    1.70748 f
  impl/oam_core/add_169/U1_22/CO (FA1D0)               0.05075    1.75823 f
  impl/oam_core/add_169/U1_23/CO (FA1D0)               0.05514    1.81336 f
  impl/oam_core/add_169/U1_24/CO (FA1D0)               0.05524    1.86860 f
  impl/oam_core/add_169/U1_25/CO (FA1D0)               0.05598    1.92459 f
  impl/oam_core/add_169/U1_26/Z (XOR3D1)               0.04968    1.97427 f
  impl/U3/ZN (NR2D1)                                   0.12585    2.10012 r
  impl/fp_wrapper/U29/CO (FA1D0)                       0.11133    2.21145 r
  impl/fp_wrapper/U30/CO (FA1D0)                       0.05148    2.26293 r
  impl/fp_wrapper/U31/CO (FA1D0)                       0.05148    2.31442 r
  impl/fp_wrapper/U32/CO (FA1D0)                       0.05148    2.36590 r
  impl/fp_wrapper/U33/CO (FA1D0)                       0.05148    2.41739 r
  impl/fp_wrapper/U34/CO (FA1D0)                       0.05237    2.46976 r
  impl/fp_wrapper/U44/Z (XOR3D1)                       0.07833    2.54809 f
  result[30] (out)                                     0.00000    2.54809 f
  data arrival time                                               2.54809

  clock vclk (rise edge)                              10.00000   10.00000
  clock network delay (ideal)                          0.00000   10.00000
  clock reconvergence pessimism                        0.00000   10.00000
  output external delay                               -0.02000    9.98000
  data required time                                              9.98000
  ------------------------------------------------------------------------------
  data required time                                              9.98000
  data arrival time                                              -2.54809
  ------------------------------------------------------------------------------
  slack (MET)                                                     7.43191


  Startpoint: x[22] (input port clocked by vclk)
  Endpoint: result[30] (output port clocked by vclk)
  Path Group: vclk
  Path Type: max

  Point                                                   Incr       Path
  ------------------------------------------------------------------------------
  clock vclk (rise edge)                               0.00000    0.00000
  clock network delay (ideal)                          0.00000    0.00000
  input external delay                                 0.02000    0.02000 r
  x[22] (in)                                           0.00773    0.02773 r
  impl/fp_wrapper/U45/Z (CKBD1)                        0.13458    0.16231 r
  impl/oam_core/PGEN/U32/ZN (XNR2D1)                   0.08308    0.24539 r
  impl/oam_core/PGEN/PP_GEN_1__ConnectPPX/U2/Z (CKBD1)
                                                       0.02973    0.27511 r
  impl/oam_core/Stage_0_1/U40/Z (CKXOR2D1)             0.04952    0.32463 r
  impl/oam_core/Stage_0_1/U25/Z (AO22D0)               0.06252    0.38715 r
  impl/oam_core/Stage_1_0/U39/Z (CKXOR2D1)             0.05546    0.44261 r
  impl/oam_core/Stage_1_0/U7/Z (CKXOR2D1)              0.06332    0.50593 r
  impl/oam_core/Stage_2_0/U40/Z (CKXOR2D1)             0.06359    0.56952 r
  impl/oam_core/Stage_2_0/U7/Z (CKXOR2D1)              0.06020    0.62972 f
  impl/oam_core/add_169/U1_3/CO (FA1D0)                0.10017    0.72990 f
  impl/oam_core/add_169/U1_4/CO (FA1D0)                0.05416    0.78406 f
  impl/oam_core/add_169/U1_5/CO (FA1D0)                0.05521    0.83927 f
  impl/oam_core/add_169/U1_6/CO (FA1D0)                0.05524    0.89452 f
  impl/oam_core/add_169/U1_7/CO (FA1D0)                0.05524    0.94976 f
  impl/oam_core/add_169/U1_8/CO (FA1D0)                0.05524    1.00501 f
  impl/oam_core/add_169/U1_9/CO (FA1D0)                0.05524    1.06025 f
  impl/oam_core/add_169/U1_10/CO (FA1D0)               0.05524    1.11549 f
  impl/oam_core/add_169/U1_11/CO (FA1D0)               0.05524    1.17074 f
  impl/oam_core/add_169/U1_12/CO (FA1D0)               0.05524    1.22598 f
  impl/oam_core/add_169/U1_13/CO (FA1D0)               0.05524    1.28123 f
  impl/oam_core/add_169/U1_14/CO (FA1D0)               0.05524    1.33647 f
  impl/oam_core/add_169/U1_15/CO (FA1D0)               0.05524    1.39172 f
  impl/oam_core/add_169/U1_16/CO (FA1D0)               0.05524    1.44696 f
  impl/oam_core/add_169/U1_17/CO (FA1D0)               0.05524    1.50221 f
  impl/oam_core/add_169/U1_18/CO (FA1D0)               0.05524    1.55745 f
  impl/oam_core/add_169/U1_19/CO (FA1D0)               0.05524    1.61269 f
  impl/oam_core/add_169/U1_20/CO (FA1D0)               0.06573    1.67842 f
  impl/oam_core/add_169/U1/Z (AN2XD1)                  0.02832    1.70675 f
  impl/oam_core/add_169/U1_22/CO (FA1D0)               0.05075    1.75749 f
  impl/oam_core/add_169/U1_23/CO (FA1D0)               0.05514    1.81263 f
  impl/oam_core/add_169/U1_24/CO (FA1D0)               0.05524    1.86787 f
  impl/oam_core/add_169/U1_25/CO (FA1D0)               0.05598    1.92385 f
  impl/oam_core/add_169/U1_26/Z (XOR3D1)               0.04968    1.97354 f
  impl/U3/ZN (NR2D1)                                   0.12585    2.09939 r
  impl/fp_wrapper/U29/CO (FA1D0)                       0.11133    2.21072 r
  impl/fp_wrapper/U30/CO (FA1D0)                       0.05148    2.26220 r
  impl/fp_wrapper/U31/CO (FA1D0)                       0.05148    2.31369 r
  impl/fp_wrapper/U32/CO (FA1D0)                       0.05148    2.36517 r
  impl/fp_wrapper/U33/CO (FA1D0)                       0.05148    2.41666 r
  impl/fp_wrapper/U34/CO (FA1D0)                       0.05237    2.46902 r
  impl/fp_wrapper/U44/Z (XOR3D1)                       0.07833    2.54736 f
  result[30] (out)                                     0.00000    2.54736 f
  data arrival time                                               2.54736

  clock vclk (rise edge)                              10.00000   10.00000
  clock network delay (ideal)                          0.00000   10.00000
  clock reconvergence pessimism                        0.00000   10.00000
  output external delay                               -0.02000    9.98000
  data required time                                              9.98000
  ------------------------------------------------------------------------------
  data required time                                              9.98000
  data arrival time                                              -2.54736
  ------------------------------------------------------------------------------
  slack (MET)                                                     7.43264


  Startpoint: x[22] (input port clocked by vclk)
  Endpoint: result[30] (output port clocked by vclk)
  Path Group: vclk
  Path Type: max

  Point                                                   Incr       Path
  ------------------------------------------------------------------------------
  clock vclk (rise edge)                               0.00000    0.00000
  clock network delay (ideal)                          0.00000    0.00000
  input external delay                                 0.02000    0.02000 r
  x[22] (in)                                           0.00773    0.02773 r
  impl/fp_wrapper/U45/Z (CKBD1)                        0.13458    0.16231 r
  impl/oam_core/PGEN/U32/ZN (XNR2D1)                   0.08308    0.24539 r
  impl/oam_core/PGEN/PP_GEN_1__ConnectPPX/U2/Z (CKBD1)
                                                       0.02973    0.27511 r
  impl/oam_core/Stage_0_1/U40/Z (CKXOR2D1)             0.04952    0.32463 r
  impl/oam_core/Stage_0_1/U25/Z (AO22D0)               0.06252    0.38715 r
  impl/oam_core/Stage_1_0/U39/Z (CKXOR2D1)             0.05546    0.44261 r
  impl/oam_core/Stage_1_0/U7/Z (CKXOR2D1)              0.06334    0.50594 f
  impl/oam_core/Stage_2_0/U40/Z (CKXOR2D1)             0.06323    0.56917 r
  impl/oam_core/Stage_2_0/U7/Z (CKXOR2D1)              0.06020    0.62938 f
  impl/oam_core/add_169/U1_3/CO (FA1D0)                0.10017    0.72955 f
  impl/oam_core/add_169/U1_4/CO (FA1D0)                0.05416    0.78371 f
  impl/oam_core/add_169/U1_5/CO (FA1D0)                0.05521    0.83893 f
  impl/oam_core/add_169/U1_6/CO (FA1D0)                0.05524    0.89417 f
  impl/oam_core/add_169/U1_7/CO (FA1D0)                0.05524    0.94941 f
  impl/oam_core/add_169/U1_8/CO (FA1D0)                0.05524    1.00466 f
  impl/oam_core/add_169/U1_9/CO (FA1D0)                0.05524    1.05990 f
  impl/oam_core/add_169/U1_10/CO (FA1D0)               0.05524    1.11515 f
  impl/oam_core/add_169/U1_11/CO (FA1D0)               0.05524    1.17039 f
  impl/oam_core/add_169/U1_12/CO (FA1D0)               0.05524    1.22564 f
  impl/oam_core/add_169/U1_13/CO (FA1D0)               0.05524    1.28088 f
  impl/oam_core/add_169/U1_14/CO (FA1D0)               0.05524    1.33612 f
  impl/oam_core/add_169/U1_15/CO (FA1D0)               0.05524    1.39137 f
  impl/oam_core/add_169/U1_16/CO (FA1D0)               0.05524    1.44661 f
  impl/oam_core/add_169/U1_17/CO (FA1D0)               0.05524    1.50186 f
  impl/oam_core/add_169/U1_18/CO (FA1D0)               0.05524    1.55710 f
  impl/oam_core/add_169/U1_19/CO (FA1D0)               0.05524    1.61235 f
  impl/oam_core/add_169/U1_20/CO (FA1D0)               0.06573    1.67807 f
  impl/oam_core/add_169/U1/Z (AN2XD1)                  0.02832    1.70640 f
  impl/oam_core/add_169/U1_22/CO (FA1D0)               0.05075    1.75715 f
  impl/oam_core/add_169/U1_23/CO (FA1D0)               0.05514    1.81228 f
  impl/oam_core/add_169/U1_24/CO (FA1D0)               0.05524    1.86752 f
  impl/oam_core/add_169/U1_25/CO (FA1D0)               0.05598    1.92351 f
  impl/oam_core/add_169/U1_26/Z (XOR3D1)               0.04968    1.97319 f
  impl/U3/ZN (NR2D1)                                   0.12585    2.09904 r
  impl/fp_wrapper/U29/CO (FA1D0)                       0.11133    2.21037 r
  impl/fp_wrapper/U30/CO (FA1D0)                       0.05148    2.26185 r
  impl/fp_wrapper/U31/CO (FA1D0)                       0.05148    2.31334 r
  impl/fp_wrapper/U32/CO (FA1D0)                       0.05148    2.36482 r
  impl/fp_wrapper/U33/CO (FA1D0)                       0.05148    2.41631 r
  impl/fp_wrapper/U34/CO (FA1D0)                       0.05237    2.46868 r
  impl/fp_wrapper/U44/Z (XOR3D1)                       0.07833    2.54701 f
  result[30] (out)                                     0.00000    2.54701 f
  data arrival time                                               2.54701

  clock vclk (rise edge)                              10.00000   10.00000
  clock network delay (ideal)                          0.00000   10.00000
  clock reconvergence pessimism                        0.00000   10.00000
  output external delay                               -0.02000    9.98000
  data required time                                              9.98000
  ------------------------------------------------------------------------------
  data required time                                              9.98000
  data arrival time                                              -2.54701
  ------------------------------------------------------------------------------
  slack (MET)                                                     7.43299


  Startpoint: x[22] (input port clocked by vclk)
  Endpoint: result[30] (output port clocked by vclk)
  Path Group: vclk
  Path Type: max

  Point                                                   Incr       Path
  ------------------------------------------------------------------------------
  clock vclk (rise edge)                               0.00000    0.00000
  clock network delay (ideal)                          0.00000    0.00000
  input external delay                                 0.02000    0.02000 r
  x[22] (in)                                           0.00773    0.02773 r
  impl/fp_wrapper/U45/Z (CKBD1)                        0.13458    0.16231 r
  impl/oam_core/PGEN/U32/ZN (XNR2D1)                   0.08308    0.24539 r
  impl/oam_core/PGEN/PP_GEN_1__ConnectPPX/U2/Z (CKBD1)
                                                       0.02973    0.27511 r
  impl/oam_core/Stage_0_1/U40/Z (CKXOR2D1)             0.05180    0.32691 f
  impl/oam_core/Stage_0_1/U25/Z (AO22D0)               0.07064    0.39755 f
  impl/oam_core/Stage_1_0/U39/Z (CKXOR2D1)             0.04498    0.44254 f
  impl/oam_core/Stage_1_0/U7/Z (CKXOR2D1)              0.06287    0.50540 r
  impl/oam_core/Stage_2_0/U40/Z (CKXOR2D1)             0.06359    0.56900 r
  impl/oam_core/Stage_2_0/U7/Z (CKXOR2D1)              0.06020    0.62920 f
  impl/oam_core/add_169/U1_3/CO (FA1D0)                0.10017    0.72937 f
  impl/oam_core/add_169/U1_4/CO (FA1D0)                0.05416    0.78354 f
  impl/oam_core/add_169/U1_5/CO (FA1D0)                0.05521    0.83875 f
  impl/oam_core/add_169/U1_6/CO (FA1D0)                0.05524    0.89399 f
  impl/oam_core/add_169/U1_7/CO (FA1D0)                0.05524    0.94924 f
  impl/oam_core/add_169/U1_8/CO (FA1D0)                0.05524    1.00448 f
  impl/oam_core/add_169/U1_9/CO (FA1D0)                0.05524    1.05973 f
  impl/oam_core/add_169/U1_10/CO (FA1D0)               0.05524    1.11497 f
  impl/oam_core/add_169/U1_11/CO (FA1D0)               0.05524    1.17021 f
  impl/oam_core/add_169/U1_12/CO (FA1D0)               0.05524    1.22546 f
  impl/oam_core/add_169/U1_13/CO (FA1D0)               0.05524    1.28070 f
  impl/oam_core/add_169/U1_14/CO (FA1D0)               0.05524    1.33595 f
  impl/oam_core/add_169/U1_15/CO (FA1D0)               0.05524    1.39119 f
  impl/oam_core/add_169/U1_16/CO (FA1D0)               0.05524    1.44644 f
  impl/oam_core/add_169/U1_17/CO (FA1D0)               0.05524    1.50168 f
  impl/oam_core/add_169/U1_18/CO (FA1D0)               0.05524    1.55693 f
  impl/oam_core/add_169/U1_19/CO (FA1D0)               0.05524    1.61217 f
  impl/oam_core/add_169/U1_20/CO (FA1D0)               0.06573    1.67790 f
  impl/oam_core/add_169/U1/Z (AN2XD1)                  0.02832    1.70622 f
  impl/oam_core/add_169/U1_22/CO (FA1D0)               0.05075    1.75697 f
  impl/oam_core/add_169/U1_23/CO (FA1D0)               0.05514    1.81211 f
  impl/oam_core/add_169/U1_24/CO (FA1D0)               0.05524    1.86735 f
  impl/oam_core/add_169/U1_25/CO (FA1D0)               0.05598    1.92333 f
  impl/oam_core/add_169/U1_26/Z (XOR3D1)               0.04968    1.97301 f
  impl/U3/ZN (NR2D1)                                   0.12585    2.09887 r
  impl/fp_wrapper/U29/CO (FA1D0)                       0.11133    2.21019 r
  impl/fp_wrapper/U30/CO (FA1D0)                       0.05148    2.26168 r
  impl/fp_wrapper/U31/CO (FA1D0)                       0.05148    2.31316 r
  impl/fp_wrapper/U32/CO (FA1D0)                       0.05148    2.36465 r
  impl/fp_wrapper/U33/CO (FA1D0)                       0.05148    2.41613 r
  impl/fp_wrapper/U34/CO (FA1D0)                       0.05237    2.46850 r
  impl/fp_wrapper/U44/Z (XOR3D1)                       0.07833    2.54683 f
  result[30] (out)                                     0.00000    2.54683 f
  data arrival time                                               2.54683

  clock vclk (rise edge)                              10.00000   10.00000
  clock network delay (ideal)                          0.00000   10.00000
  clock reconvergence pessimism                        0.00000   10.00000
  output external delay                               -0.02000    9.98000
  data required time                                              9.98000
  ------------------------------------------------------------------------------
  data required time                                              9.98000
  data arrival time                                              -2.54683
  ------------------------------------------------------------------------------
  slack (MET)                                                     7.43317


  Startpoint: x[22] (input port clocked by vclk)
  Endpoint: result[30] (output port clocked by vclk)
  Path Group: vclk
  Path Type: max

  Point                                                   Incr       Path
  ------------------------------------------------------------------------------
  clock vclk (rise edge)                               0.00000    0.00000
  clock network delay (ideal)                          0.00000    0.00000
  input external delay                                 0.02000    0.02000 r
  x[22] (in)                                           0.00773    0.02773 r
  impl/fp_wrapper/U45/Z (CKBD1)                        0.13458    0.16231 r
  impl/oam_core/PGEN/U32/ZN (XNR2D1)                   0.08308    0.24539 r
  impl/oam_core/PGEN/PP_GEN_1__ConnectPPX/U2/Z (CKBD1)
                                                       0.02973    0.27511 r
  impl/oam_core/Stage_0_1/U40/Z (CKXOR2D1)             0.05180    0.32691 f
  impl/oam_core/Stage_0_1/U25/Z (AO22D0)               0.07064    0.39755 f
  impl/oam_core/Stage_1_0/U39/Z (CKXOR2D1)             0.05258    0.45014 r
  impl/oam_core/Stage_1_0/U7/Z (CKXOR2D1)              0.06332    0.51346 r
  impl/oam_core/Stage_2_0/U40/Z (CKXOR2D1)             0.06359    0.57705 r
  impl/oam_core/Stage_2_0/U7/Z (CKXOR2D1)              0.06020    0.63725 f
  impl/oam_core/add_169/U1_3/CO (FA1D0)                0.10017    0.73742 f
  impl/oam_core/add_169/U1_4/CO (FA1D0)                0.05416    0.79159 f
  impl/oam_core/add_169/U1_5/CO (FA1D0)                0.05521    0.84680 f
  impl/oam_core/add_169/U1_6/CO (FA1D0)                0.05524    0.90204 f
  impl/oam_core/add_169/U1_7/CO (FA1D0)                0.05524    0.95729 f
  impl/oam_core/add_169/U1_8/CO (FA1D0)                0.05524    1.01253 f
  impl/oam_core/add_169/U1_9/CO (FA1D0)                0.05524    1.06778 f
  impl/oam_core/add_169/U1_10/CO (FA1D0)               0.05524    1.12302 f
  impl/oam_core/add_169/U1_11/CO (FA1D0)               0.05524    1.17827 f
  impl/oam_core/add_169/U1_12/CO (FA1D0)               0.05524    1.23351 f
  impl/oam_core/add_169/U1_13/CO (FA1D0)               0.05524    1.28875 f
  impl/oam_core/add_169/U1_14/CO (FA1D0)               0.05524    1.34400 f
  impl/oam_core/add_169/U1_15/CO (FA1D0)               0.05524    1.39924 f
  impl/oam_core/add_169/U1_16/CO (FA1D0)               0.05524    1.45449 f
  impl/oam_core/add_169/U1_17/CO (FA1D0)               0.05524    1.50973 f
  impl/oam_core/add_169/U1_18/CO (FA1D0)               0.05524    1.56498 f
  impl/oam_core/add_169/U1_19/CO (FA1D0)               0.05524    1.62022 f
  impl/oam_core/add_169/U1_20/CO (FA1D0)               0.06573    1.68595 f
  impl/oam_core/add_169/U1/Z (AN2XD1)                  0.02832    1.71427 f
  impl/oam_core/add_169/U1_22/CO (FA1D0)               0.05075    1.76502 f
  impl/oam_core/add_169/U1_23/CO (FA1D0)               0.05514    1.82016 f
  impl/oam_core/add_169/U1_24/CO (FA1D0)               0.05524    1.87540 f
  impl/oam_core/add_169/U1_25/CO (FA1D0)               0.05598    1.93138 f
  impl/oam_core/add_169/U1_26/Z (XOR3D1)               0.04968    1.98106 f
  impl/U3/ZN (NR2D1)                                   0.12585    2.10692 r
  impl/fp_wrapper/U29/CO (FA1D0)                       0.11133    2.21825 r
  impl/fp_wrapper/U30/CO (FA1D0)                       0.05148    2.26973 r
  impl/fp_wrapper/U31/CO (FA1D0)                       0.05148    2.32121 r
  impl/fp_wrapper/U32/CO (FA1D0)                       0.05148    2.37270 r
  impl/fp_wrapper/U33/CO (FA1D0)                       0.05148    2.42418 r
  impl/fp_wrapper/U34/CO (FA1D0)                       0.05237    2.47655 r
  impl/fp_wrapper/U44/Z (XOR3D1)                       0.06965    2.54621 r
  result[30] (out)                                     0.00000    2.54621 r
  data arrival time                                               2.54621

  clock vclk (rise edge)                              10.00000   10.00000
  clock network delay (ideal)                          0.00000   10.00000
  clock reconvergence pessimism                        0.00000   10.00000
  output external delay                               -0.02000    9.98000
  data required time                                              9.98000
  ------------------------------------------------------------------------------
  data required time                                              9.98000
  data arrival time                                              -2.54621
  ------------------------------------------------------------------------------
  slack (MET)                                                     7.43379


  Startpoint: x[22] (input port clocked by vclk)
  Endpoint: result[30] (output port clocked by vclk)
  Path Group: vclk
  Path Type: max

  Point                                                   Incr       Path
  ------------------------------------------------------------------------------
  clock vclk (rise edge)                               0.00000    0.00000
  clock network delay (ideal)                          0.00000    0.00000
  input external delay                                 0.02000    0.02000 r
  x[22] (in)                                           0.00773    0.02773 r
  impl/fp_wrapper/U45/Z (CKBD1)                        0.13458    0.16231 r
  impl/oam_core/PGEN/U35/ZN (XNR2D1)                   0.08308    0.24539 r
  impl/oam_core/PGEN/PP_GEN_1__ConnectPPX/U3/Z (CKBD1)
                                                       0.02973    0.27511 r
  impl/oam_core/Stage_0_1/U50/Z (CKXOR2D1)             0.05180    0.32691 f
  impl/oam_core/Stage_0_1/U27/Z (AO22D0)               0.07064    0.39755 f
  impl/oam_core/Stage_1_0/U41/Z (CKXOR2D1)             0.05258    0.45014 r
  impl/oam_core/Stage_1_0/U26/Z (AO22D0)               0.06260    0.51274 r
  impl/oam_core/Stage_2_0/U40/Z (CKXOR2D1)             0.05546    0.56819 r
  impl/oam_core/Stage_2_0/U7/Z (CKXOR2D1)              0.06020    0.62840 f
  impl/oam_core/add_169/U1_3/CO (FA1D0)                0.10017    0.72857 f
  impl/oam_core/add_169/U1_4/CO (FA1D0)                0.05416    0.78273 f
  impl/oam_core/add_169/U1_5/CO (FA1D0)                0.05521    0.83795 f
  impl/oam_core/add_169/U1_6/CO (FA1D0)                0.05524    0.89319 f
  impl/oam_core/add_169/U1_7/CO (FA1D0)                0.05524    0.94843 f
  impl/oam_core/add_169/U1_8/CO (FA1D0)                0.05524    1.00368 f
  impl/oam_core/add_169/U1_9/CO (FA1D0)                0.05524    1.05892 f
  impl/oam_core/add_169/U1_10/CO (FA1D0)               0.05524    1.11417 f
  impl/oam_core/add_169/U1_11/CO (FA1D0)               0.05524    1.16941 f
  impl/oam_core/add_169/U1_12/CO (FA1D0)               0.05524    1.22466 f
  impl/oam_core/add_169/U1_13/CO (FA1D0)               0.05524    1.27990 f
  impl/oam_core/add_169/U1_14/CO (FA1D0)               0.05524    1.33514 f
  impl/oam_core/add_169/U1_15/CO (FA1D0)               0.05524    1.39039 f
  impl/oam_core/add_169/U1_16/CO (FA1D0)               0.05524    1.44563 f
  impl/oam_core/add_169/U1_17/CO (FA1D0)               0.05524    1.50088 f
  impl/oam_core/add_169/U1_18/CO (FA1D0)               0.05524    1.55612 f
  impl/oam_core/add_169/U1_19/CO (FA1D0)               0.05524    1.61137 f
  impl/oam_core/add_169/U1_20/CO (FA1D0)               0.06573    1.67709 f
  impl/oam_core/add_169/U1/Z (AN2XD1)                  0.02832    1.70542 f
  impl/oam_core/add_169/U1_22/CO (FA1D0)               0.05075    1.75617 f
  impl/oam_core/add_169/U1_23/CO (FA1D0)               0.05514    1.81130 f
  impl/oam_core/add_169/U1_24/CO (FA1D0)               0.05524    1.86654 f
  impl/oam_core/add_169/U1_25/CO (FA1D0)               0.05598    1.92253 f
  impl/oam_core/add_169/U1_26/Z (XOR3D1)               0.04968    1.97221 f
  impl/U3/ZN (NR2D1)                                   0.12585    2.09806 r
  impl/fp_wrapper/U29/CO (FA1D0)                       0.11133    2.20939 r
  impl/fp_wrapper/U30/CO (FA1D0)                       0.05148    2.26087 r
  impl/fp_wrapper/U31/CO (FA1D0)                       0.05148    2.31236 r
  impl/fp_wrapper/U32/CO (FA1D0)                       0.05148    2.36384 r
  impl/fp_wrapper/U33/CO (FA1D0)                       0.05148    2.41533 r
  impl/fp_wrapper/U34/CO (FA1D0)                       0.05237    2.46770 r
  impl/fp_wrapper/U44/Z (XOR3D1)                       0.07833    2.54603 f
  result[30] (out)                                     0.00000    2.54603 f
  data arrival time                                               2.54603

  clock vclk (rise edge)                              10.00000   10.00000
  clock network delay (ideal)                          0.00000   10.00000
  clock reconvergence pessimism                        0.00000   10.00000
  output external delay                               -0.02000    9.98000
  data required time                                              9.98000
  ------------------------------------------------------------------------------
  data required time                                              9.98000
  data arrival time                                              -2.54603
  ------------------------------------------------------------------------------
  slack (MET)                                                     7.43397


  Startpoint: x[22] (input port clocked by vclk)
  Endpoint: result[30] (output port clocked by vclk)
  Path Group: vclk
  Path Type: max

  Point                                                   Incr       Path
  ------------------------------------------------------------------------------
  clock vclk (rise edge)                               0.00000    0.00000
  clock network delay (ideal)                          0.00000    0.00000
  input external delay                                 0.02000    0.02000 r
  x[22] (in)                                           0.00773    0.02773 r
  impl/fp_wrapper/U45/Z (CKBD1)                        0.13458    0.16231 r
  impl/oam_core/PGEN/U32/ZN (XNR2D1)                   0.08308    0.24539 r
  impl/oam_core/PGEN/PP_GEN_1__ConnectPPX/U2/Z (CKBD1)
                                                       0.02973    0.27511 r
  impl/oam_core/Stage_0_1/U40/Z (CKXOR2D1)             0.05180    0.32691 f
  impl/oam_core/Stage_0_1/U25/Z (AO22D0)               0.07064    0.39755 f
  impl/oam_core/Stage_1_0/U39/Z (CKXOR2D1)             0.05258    0.45014 r
  impl/oam_core/Stage_1_0/U7/Z (CKXOR2D1)              0.06334    0.51347 f
  impl/oam_core/Stage_2_0/U40/Z (CKXOR2D1)             0.06323    0.57670 r
  impl/oam_core/Stage_2_0/U7/Z (CKXOR2D1)              0.06020    0.63690 f
  impl/oam_core/add_169/U1_3/CO (FA1D0)                0.10017    0.73708 f
  impl/oam_core/add_169/U1_4/CO (FA1D0)                0.05416    0.79124 f
  impl/oam_core/add_169/U1_5/CO (FA1D0)                0.05521    0.84645 f
  impl/oam_core/add_169/U1_6/CO (FA1D0)                0.05524    0.90170 f
  impl/oam_core/add_169/U1_7/CO (FA1D0)                0.05524    0.95694 f
  impl/oam_core/add_169/U1_8/CO (FA1D0)                0.05524    1.01218 f
  impl/oam_core/add_169/U1_9/CO (FA1D0)                0.05524    1.06743 f
  impl/oam_core/add_169/U1_10/CO (FA1D0)               0.05524    1.12267 f
  impl/oam_core/add_169/U1_11/CO (FA1D0)               0.05524    1.17792 f
  impl/oam_core/add_169/U1_12/CO (FA1D0)               0.05524    1.23316 f
  impl/oam_core/add_169/U1_13/CO (FA1D0)               0.05524    1.28841 f
  impl/oam_core/add_169/U1_14/CO (FA1D0)               0.05524    1.34365 f
  impl/oam_core/add_169/U1_15/CO (FA1D0)               0.05524    1.39890 f
  impl/oam_core/add_169/U1_16/CO (FA1D0)               0.05524    1.45414 f
  impl/oam_core/add_169/U1_17/CO (FA1D0)               0.05524    1.50938 f
  impl/oam_core/add_169/U1_18/CO (FA1D0)               0.05524    1.56463 f
  impl/oam_core/add_169/U1_19/CO (FA1D0)               0.05524    1.61987 f
  impl/oam_core/add_169/U1_20/CO (FA1D0)               0.06573    1.68560 f
  impl/oam_core/add_169/U1/Z (AN2XD1)                  0.02832    1.71393 f
  impl/oam_core/add_169/U1_22/CO (FA1D0)               0.05075    1.76467 f
  impl/oam_core/add_169/U1_23/CO (FA1D0)               0.05514    1.81981 f
  impl/oam_core/add_169/U1_24/CO (FA1D0)               0.05524    1.87505 f
  impl/oam_core/add_169/U1_25/CO (FA1D0)               0.05598    1.93103 f
  impl/oam_core/add_169/U1_26/Z (XOR3D1)               0.04968    1.98071 f
  impl/U3/ZN (NR2D1)                                   0.12585    2.10657 r
  impl/fp_wrapper/U29/CO (FA1D0)                       0.11133    2.21790 r
  impl/fp_wrapper/U30/CO (FA1D0)                       0.05148    2.26938 r
  impl/fp_wrapper/U31/CO (FA1D0)                       0.05148    2.32087 r
  impl/fp_wrapper/U32/CO (FA1D0)                       0.05148    2.37235 r
  impl/fp_wrapper/U33/CO (FA1D0)                       0.05148    2.42383 r
  impl/fp_wrapper/U34/CO (FA1D0)                       0.05237    2.47620 r
  impl/fp_wrapper/U44/Z (XOR3D1)                       0.06965    2.54586 r
  result[30] (out)                                     0.00000    2.54586 r
  data arrival time                                               2.54586

  clock vclk (rise edge)                              10.00000   10.00000
  clock network delay (ideal)                          0.00000   10.00000
  clock reconvergence pessimism                        0.00000   10.00000
  output external delay                               -0.02000    9.98000
  data required time                                              9.98000
  ------------------------------------------------------------------------------
  data required time                                              9.98000
  data arrival time                                              -2.54586
  ------------------------------------------------------------------------------
  slack (MET)                                                     7.43414


  Startpoint: x[22] (input port clocked by vclk)
  Endpoint: result[30] (output port clocked by vclk)
  Path Group: vclk
  Path Type: max

  Point                                                   Incr       Path
  ------------------------------------------------------------------------------
  clock vclk (rise edge)                               0.00000    0.00000
  clock network delay (ideal)                          0.00000    0.00000
  input external delay                                 0.02000    0.02000 r
  x[22] (in)                                           0.00773    0.02773 r
  impl/fp_wrapper/U45/Z (CKBD1)                        0.13458    0.16231 r
  impl/oam_core/PGEN/U35/ZN (XNR2D1)                   0.08308    0.24539 r
  impl/oam_core/PGEN/PP_GEN_1__ConnectPPX/U3/Z (CKBD1)
                                                       0.02973    0.27511 r
  impl/oam_core/Stage_0_1/U50/Z (CKXOR2D1)             0.04952    0.32463 r
  impl/oam_core/Stage_0_1/U27/Z (AO22D0)               0.06252    0.38715 r
  impl/oam_core/Stage_1_0/U41/Z (CKXOR2D1)             0.05664    0.44379 f
  impl/oam_core/Stage_1_0/U26/Z (AO22D0)               0.07065    0.51444 f
  impl/oam_core/Stage_2_0/U40/Z (CKXOR2D1)             0.05254    0.56698 r
  impl/oam_core/Stage_2_0/U7/Z (CKXOR2D1)              0.06020    0.62719 f
  impl/oam_core/add_169/U1_3/CO (FA1D0)                0.10017    0.72736 f
  impl/oam_core/add_169/U1_4/CO (FA1D0)                0.05416    0.78152 f
  impl/oam_core/add_169/U1_5/CO (FA1D0)                0.05521    0.83673 f
  impl/oam_core/add_169/U1_6/CO (FA1D0)                0.05524    0.89198 f
  impl/oam_core/add_169/U1_7/CO (FA1D0)                0.05524    0.94722 f
  impl/oam_core/add_169/U1_8/CO (FA1D0)                0.05524    1.00247 f
  impl/oam_core/add_169/U1_9/CO (FA1D0)                0.05524    1.05771 f
  impl/oam_core/add_169/U1_10/CO (FA1D0)               0.05524    1.11296 f
  impl/oam_core/add_169/U1_11/CO (FA1D0)               0.05524    1.16820 f
  impl/oam_core/add_169/U1_12/CO (FA1D0)               0.05524    1.22344 f
  impl/oam_core/add_169/U1_13/CO (FA1D0)               0.05524    1.27869 f
  impl/oam_core/add_169/U1_14/CO (FA1D0)               0.05524    1.33393 f
  impl/oam_core/add_169/U1_15/CO (FA1D0)               0.05524    1.38918 f
  impl/oam_core/add_169/U1_16/CO (FA1D0)               0.05524    1.44442 f
  impl/oam_core/add_169/U1_17/CO (FA1D0)               0.05524    1.49967 f
  impl/oam_core/add_169/U1_18/CO (FA1D0)               0.05524    1.55491 f
  impl/oam_core/add_169/U1_19/CO (FA1D0)               0.05524    1.61016 f
  impl/oam_core/add_169/U1_20/CO (FA1D0)               0.06573    1.67588 f
  impl/oam_core/add_169/U1/Z (AN2XD1)                  0.02832    1.70421 f
  impl/oam_core/add_169/U1_22/CO (FA1D0)               0.05075    1.75496 f
  impl/oam_core/add_169/U1_23/CO (FA1D0)               0.05514    1.81009 f
  impl/oam_core/add_169/U1_24/CO (FA1D0)               0.05524    1.86533 f
  impl/oam_core/add_169/U1_25/CO (FA1D0)               0.05598    1.92132 f
  impl/oam_core/add_169/U1_26/Z (XOR3D1)               0.04968    1.97100 f
  impl/U3/ZN (NR2D1)                                   0.12585    2.09685 r
  impl/fp_wrapper/U29/CO (FA1D0)                       0.11133    2.20818 r
  impl/fp_wrapper/U30/CO (FA1D0)                       0.05148    2.25966 r
  impl/fp_wrapper/U31/CO (FA1D0)                       0.05148    2.31115 r
  impl/fp_wrapper/U32/CO (FA1D0)                       0.05148    2.36263 r
  impl/fp_wrapper/U33/CO (FA1D0)                       0.05148    2.41412 r
  impl/fp_wrapper/U34/CO (FA1D0)                       0.05237    2.46649 r
  impl/fp_wrapper/U44/Z (XOR3D1)                       0.07833    2.54482 f
  result[30] (out)                                     0.00000    2.54482 f
  data arrival time                                               2.54482

  clock vclk (rise edge)                              10.00000   10.00000
  clock network delay (ideal)                          0.00000   10.00000
  clock reconvergence pessimism                        0.00000   10.00000
  output external delay                               -0.02000    9.98000
  data required time                                              9.98000
  ------------------------------------------------------------------------------
  data required time                                              9.98000
  data arrival time                                              -2.54482
  ------------------------------------------------------------------------------
  slack (MET)                                                     7.43518

Warning: report_timing has satisfied the max_paths criteria. There are 31 further endpoints which have paths of interest with slack less than 1000.00000 that were not considered when generating this report. (UITE-502)

1
