****************************************
Report : Averaged Power
	-significant_digits
Design : amlib_oam_l1_fp32_common
Version: U-2022.12-SP5
Date   : Thu Sep  3 21:47:40 2026
****************************************



  Attributes
  ----------
      i  -  Including register clock pin internal power
      u  -  User defined power group

                        Internal             Switching            Leakage              Total
Power Group             Power                Power                Power                Power               (     %)   Attrs
----------------------------------------------------------------------------------------------------------------------------
clock_network           0.00000e+00          0.00000e+00          0.00000e+00          0.00000e+00         ( 0.00%)   i
register                0.00000e+00          0.00000e+00          0.00000e+00          0.00000e+00         ( 0.00%)   
combinational           5.49997e-05          2.25309e-05          1.09084e-05          8.84389e-05         (100.00%)  
sequential              0.00000e+00          0.00000e+00          0.00000e+00          0.00000e+00         ( 0.00%)   
memory                  0.00000e+00          0.00000e+00          0.00000e+00          0.00000e+00         ( 0.00%)   
io_pad                  0.00000e+00          0.00000e+00          0.00000e+00          0.00000e+00         ( 0.00%)   
black_box               0.00000e+00          0.00000e+00          0.00000e+00          0.00000e+00         ( 0.00%)   

  Net Switching Power  = 2.25309e-05           (25.48%)
  Cell Internal Power  = 5.49997e-05           (62.19%)
  Cell Leakage Power   = 1.09084e-05           (12.33%)
                         -------------------------
Total Power            = 8.84389e-05          (100.00%)

1
