****************************************
Report : qor
Design : top
Version: U-2022.12-SP5
Date   : Thu Sep  3 12:37:50 2026
****************************************

  Timing Path Group 'vclk' (max_delay/setup)
  ---------------------------------------------
  Levels of Logic:                           49
  Critical Path Length:                    2.88
  Critical Path Slack:                     7.10
  Total Negative Slack:                    0.00
  No. of Violating Paths:                     0
  ---------------------------------------------

  Timing Path Group 'vclk' (min_delay/hold)
  ---------------------------------------------
  Levels of Logic:                            1
  Critical Path Length:                    0.07
  Critical Path Slack:                     0.09
  Total Negative Slack:                    0.00
  No. of Violating Paths:                     0
  ---------------------------------------------

  Area
  ---------------------------------------------
  Net Interconnect area:                   0.00
  Total cell area:                      1821.96
  Design Area:                          1821.96
  Area Cost:                           -1821.96
  ---------------------------------------------


  Cell & Pin Count
  ---------------------------------------------
  Pin Count:                               2060
  Hierarchical Cell Count:                   11
  Hierarchical Port Count:                  895
  Leaf Cell Count:                          624
  ---------------------------------------------


  Design Rule Violations
  ---------------------------------------------
  Total No. of Pins in Design:             2060
  Total DRC Cost:                          0.00
  ---------------------------------------------

1
