****************************************
Report : reference
Design : fig8_pace_l2_d18
Version: U-2022.12-SP5
Date   : Sat Sep  5 13:02:53 2026
****************************************


Attributes:
    b - black-box (unknown)
    h - hierarchical
    n - noncombinational
    u - contains unmapped logic
    A - abstracted timing model
    E - extracted timing model
    S - Stamp timing model
    Q - Quick timing model (QTM)

Reference          Library       Unit Area   Count    Total Area   Attributes
--------------------------------------------------------------------------------
FP_DIV_WRAPPER_32_width_trunc18
                                  165.60     1         165.60      h
INVD1              tcbn65gplustc_ccs
                                    1.08     1           1.08      
Mantissa_Div_L2_MANTISSA_WIDTH5
                                  288.72     1         288.72      h
--------------------------------------------------------------------------------
Total 3 references                                     455.40
1
