****************************************
Report : qor
Design : exact_fp32_mul_7stage
Version: U-2022.12-SP5
Date   : Tue Aug 18 23:05:23 2026
****************************************

  Timing Path Group 'clk' (max_delay/setup)
  ---------------------------------------------
  Levels of Logic:                           26
  Critical Path Length:                    1.49
  Critical Path Slack:                     0.00
  Total Negative Slack:                    0.00
  No. of Violating Paths:                     0
  ---------------------------------------------

  Timing Path Group 'clk' (min_delay/hold)
  ---------------------------------------------
  Levels of Logic:                            1
  Critical Path Length:                    0.05
  Critical Path Slack:                     0.03
  Total Negative Slack:                    0.00
  No. of Violating Paths:                     0
  ---------------------------------------------

  Area
  ---------------------------------------------
  Net Interconnect area:                   0.00
  Total cell area:                      7707.19
  Design Area:                          7707.19
  ---------------------------------------------


  Cell & Pin Count
  ---------------------------------------------
  Pin Count:                               7395
  Hierarchical Cell Count:                    1
  Hierarchical Port Count:                  120
  Leaf Cell Count:                         2132
  ---------------------------------------------


  Design Rule Violations
  ---------------------------------------------
  Total No. of Pins in Design:             7395
  Total DRC Cost:                          0.00
  ---------------------------------------------

1
