****************************************
Report : qor
Design : oadm_dm
Version: U-2022.12-SP5
Date   : Fri Jul 31 23:41:47 2026
****************************************

  Timing Path Group 'vclk' (max_delay/setup)
  ---------------------------------------------
  Levels of Logic:                           69
  Critical Path Length:                    1.98
  Critical Path Slack:                     0.00
  Total Negative Slack:                    0.00
  No. of Violating Paths:                     0
  ---------------------------------------------

  Timing Path Group 'vclk' (min_delay/hold)
  ---------------------------------------------
  Levels of Logic:                            2
  Critical Path Length:                    0.19
  Critical Path Slack:                     0.21
  Total Negative Slack:                    0.00
  No. of Violating Paths:                     0
  ---------------------------------------------

  Area
  ---------------------------------------------
  Net Interconnect area:                   0.00
  Total cell area:                     25608.18
  Design Area:                         25608.18
  ---------------------------------------------


  Cell & Pin Count
  ---------------------------------------------
  Pin Count:                              21147
  Hierarchical Cell Count:                    5
  Hierarchical Port Count:                  473
  Leaf Cell Count:                         7443
  ---------------------------------------------


  Design Rule Violations
  ---------------------------------------------
  Total No. of Pins in Design:            21147
  Total DRC Cost:                          0.00
  ---------------------------------------------

1
****************************************
Report : reference
Design : oadm_dm
Version: U-2022.12-SP5
Date   : Fri Jul 31 23:41:47 2026
****************************************


Attributes:
    b - black-box (unknown)
    h - hierarchical
    n - noncombinational
    u - contains unmapped logic
    A - abstracted timing model
    E - extracted timing model
    S - Stamp timing model
    Q - Quick timing model (QTM)

Reference          Library       Unit Area   Count    Total Area   Attributes
--------------------------------------------------------------------------------
AN2D4              tcbn65gplustc_ccs
                                    4.32     2           8.64      
AN3D4              tcbn65gplustc_ccs
                                    5.04     1           5.04      
AO222D4            tcbn65gplustc_ccs
                                    9.00     1           9.00      
AO22D1             tcbn65gplustc_ccs
                                    3.24     1           3.24      
AOI21D0            tcbn65gplustc_ccs
                                    2.16     1           2.16      
AOI21D2            tcbn65gplustc_ccs
                                    3.24     1           3.24      
AOI21D4            tcbn65gplustc_ccs
                                    6.48     4          25.92      
AOI22D1            tcbn65gplustc_ccs
                                    2.52     19         47.88      
AOI22D2            tcbn65gplustc_ccs
                                    4.32     15         64.80      
AOI22D4            tcbn65gplustc_ccs
                                    8.64     11         95.04      
AOI31D0            tcbn65gplustc_ccs
                                    2.52     1           2.52      
BUFFD0             tcbn65gplustc_ccs
                                    1.44     1           1.44      
BUFFD1             tcbn65gplustc_ccs
                                    1.44     7          10.08      
BUFFD12            tcbn65gplustc_ccs
                                    7.92     5          39.60      
BUFFD2             tcbn65gplustc_ccs
                                    2.16     12         25.92      
BUFFD3             tcbn65gplustc_ccs
                                    2.52     1           2.52      
BUFFD4             tcbn65gplustc_ccs
                                    3.24     25         81.00      
BUFFD6             tcbn65gplustc_ccs
                                    4.32     9          38.88      
BUFFD8             tcbn65gplustc_ccs
                                    5.76     3          17.28      
CKAN2D0            tcbn65gplustc_ccs
                                    2.16     7          15.12      
CKBD0              tcbn65gplustc_ccs
                                    1.44     27         38.88      
CKBD1              tcbn65gplustc_ccs
                                    1.44     18         25.92      
CKBD4              tcbn65gplustc_ccs
                                    3.24     3           9.72      
CKND0              tcbn65gplustc_ccs
                                    1.08     12         12.96      
CKND1              tcbn65gplustc_ccs
                                    1.08     25         27.00      
CKND12             tcbn65gplustc_ccs
                                    6.12     3          18.36      
CKND16             tcbn65gplustc_ccs
                                    7.92     2          15.84      
CKND2              tcbn65gplustc_ccs
                                    1.44     17         24.48      
CKND2D0            tcbn65gplustc_ccs
                                    1.44     11         15.84      
CKND2D1            tcbn65gplustc_ccs
                                    1.44     7          10.08      
CKND2D2            tcbn65gplustc_ccs
                                    2.52     18         45.36      
CKND2D3            tcbn65gplustc_ccs
                                    3.24     3           9.72      
CKND2D4            tcbn65gplustc_ccs
                                    4.32     14         60.48      
CKND2D8            tcbn65gplustc_ccs
                                    7.92     4          31.68      
CKND3              tcbn65gplustc_ccs
                                    2.16     4           8.64      
CKND4              tcbn65gplustc_ccs
                                    2.52     14         35.28      
CKND6              tcbn65gplustc_ccs
                                    3.24     5          16.20      
CKND8              tcbn65gplustc_ccs
                                    4.32     6          25.92      
CKXOR2D1           tcbn65gplustc_ccs
                                    3.60     1           3.60      
FA1D0              tcbn65gplustc_ccs
                                    9.00     14        126.00      
HA1D0              tcbn65gplustc_ccs
                                    5.76     12         69.12      
IIND4D4            tcbn65gplustc_ccs
                                   10.80     1          10.80      
IND2D0             tcbn65gplustc_ccs
                                    2.16     1           2.16      
IND2D1             tcbn65gplustc_ccs
                                    2.16     1           2.16      
IND2D4             tcbn65gplustc_ccs
                                    5.76     2          11.52      
IND3D1             tcbn65gplustc_ccs
                                    2.52     1           2.52      
IND3D2             tcbn65gplustc_ccs
                                    4.32     4          17.28      
IND3D4             tcbn65gplustc_ccs
                                    7.56     3          22.68      
INR2D1             tcbn65gplustc_ccs
                                    2.16     2           4.32      
INR2D2             tcbn65gplustc_ccs
                                    2.88     1           2.88      
INR2D4             tcbn65gplustc_ccs
                                    5.04     30        151.20      
INR2XD1            tcbn65gplustc_ccs
                                    2.88     2           5.76      
INR2XD2            tcbn65gplustc_ccs
                                    4.68     4          18.72      
INR2XD4            tcbn65gplustc_ccs
                                    9.36     2          18.72      
INVD0              tcbn65gplustc_ccs
                                    1.08     57         61.56      
INVD1              tcbn65gplustc_ccs
                                    1.08     21         22.68      
INVD12             tcbn65gplustc_ccs
                                    6.12     4          24.48      
INVD16             tcbn65gplustc_ccs
                                    7.92     2          15.84      
INVD2              tcbn65gplustc_ccs
                                    1.44     16         23.04      
INVD3              tcbn65gplustc_ccs
                                    2.16     1           2.16      
INVD4              tcbn65gplustc_ccs
                                    2.52     6          15.12      
INVD6              tcbn65gplustc_ccs
                                    3.24     14         45.36      
INVD8              tcbn65gplustc_ccs
                                    4.32     8          34.56      
IOA21D1            tcbn65gplustc_ccs
                                    2.52     6          15.12      
IOA21D2            tcbn65gplustc_ccs
                                    3.24     10         32.40      
MUX2ND0            tcbn65gplustc_ccs
                                    2.88     1           2.88      
ND2D0              tcbn65gplustc_ccs
                                    1.44     1           1.44      
ND2D1              tcbn65gplustc_ccs
                                    1.44     1           1.44      
ND2D2              tcbn65gplustc_ccs
                                    2.52     3           7.56      
ND2D3              tcbn65gplustc_ccs
                                    3.24     1           3.24      
ND2D4              tcbn65gplustc_ccs
                                    4.32     11         47.52      
ND2D8              tcbn65gplustc_ccs
                                    7.92     6          47.52      
ND3D0              tcbn65gplustc_ccs
                                    2.16     2           4.32      
ND3D2              tcbn65gplustc_ccs
                                    3.24     10         32.40      
ND3D3              tcbn65gplustc_ccs
                                    4.68     14         65.52      
ND3D4              tcbn65gplustc_ccs
                                    6.12     4          24.48      
ND3D8              tcbn65gplustc_ccs
                                   12.24     11        134.64      
ND4D0              tcbn65gplustc_ccs
                                    2.52     6          15.12      
ND4D4              tcbn65gplustc_ccs
                                    8.64     3          25.92      
NR2D0              tcbn65gplustc_ccs
                                    1.44     4           5.76      
NR2D1              tcbn65gplustc_ccs
                                    1.44     2           2.88      
NR2D2              tcbn65gplustc_ccs
                                    2.52     4          10.08      
NR2D4              tcbn65gplustc_ccs
                                    4.32     1           4.32      
NR2D8              tcbn65gplustc_ccs
                                    7.92     6          47.52      
NR2XD0             tcbn65gplustc_ccs
                                    1.44     1           1.44      
NR2XD1             tcbn65gplustc_ccs
                                    2.52     1           2.52      
NR2XD2             tcbn65gplustc_ccs
                                    4.32     3          12.96      
NR2XD3             tcbn65gplustc_ccs
                                    6.12     1           6.12      
NR2XD4             tcbn65gplustc_ccs
                                    7.92     4          31.68      
NR2XD8             tcbn65gplustc_ccs
                                   15.48     3          46.44      
NR3D0              tcbn65gplustc_ccs
                                    2.16     3           6.48      
NR3D4              tcbn65gplustc_ccs
                                   10.44     1          10.44      
NR4D0              tcbn65gplustc_ccs
                                    2.52     14         35.28      
NR4D1              tcbn65gplustc_ccs
                                    3.60     2           7.20      
NR4D3              tcbn65gplustc_ccs
                                   10.80     2          21.60      
OA31D0             tcbn65gplustc_ccs
                                    2.88     2           5.76      
OAI211D0           tcbn65gplustc_ccs
                                    2.52     1           2.52      
OAI21D0            tcbn65gplustc_ccs
                                    2.16     2           4.32      
OAI21D1            tcbn65gplustc_ccs
                                    2.16     1           2.16      
OAI21D4            tcbn65gplustc_ccs
                                    6.48     2          12.96      
OR2D0              tcbn65gplustc_ccs
                                    2.16     16         34.56      
OR2D1              tcbn65gplustc_ccs
                                    2.16     4           8.64      
OR4D0              tcbn65gplustc_ccs
                                    2.88     1           2.88      
XNR2D0             tcbn65gplustc_ccs
                                    3.60     15         54.00      
XNR2D1             tcbn65gplustc_ccs
                                    3.60     6          21.60      
XOR2D0             tcbn65gplustc_ccs
                                    3.60     1           3.60      
oadm_core                        23095.10    1        23095.10     h
--------------------------------------------------------------------------------
Total 107 references                                  25608.26
1
