****************************************
Report : qor
Design : input_l2_narrow_b4
Version: U-2022.12-SP5
Date   : Sat Sep  5 15:04:07 2026
****************************************

  Timing Path Group 'vclk' (max_delay/setup)
  ---------------------------------------------
  Levels of Logic:                           33
  Critical Path Length:                    2.30
  Critical Path Slack:                     7.68
  Total Negative Slack:                    0.00
  No. of Violating Paths:                     0
  ---------------------------------------------

  Timing Path Group 'vclk' (min_delay/hold)
  ---------------------------------------------
  Levels of Logic:                            1
  Critical Path Length:                    0.07
  Critical Path Slack:                     0.09
  Total Negative Slack:                    0.00
  No. of Violating Paths:                     0
  ---------------------------------------------

  Area
  ---------------------------------------------
  Net Interconnect area:                   0.00
  Total cell area:                      1024.92
  Design Area:                          1024.92
  Area Cost:                           -1024.92
  ---------------------------------------------


  Cell & Pin Count
  ---------------------------------------------
  Pin Count:                                951
  Hierarchical Cell Count:                    7
  Hierarchical Port Count:                  410
  Leaf Cell Count:                          272
  ---------------------------------------------


  Design Rule Violations
  ---------------------------------------------
  Total No. of Pins in Design:              951
  Total DRC Cost:                          0.00
  ---------------------------------------------

1
