 
****************************************
check_design summary:
Version:     U-2022.12-SP7
Date:        Thu Sep  3 19:00:46 2026
****************************************

                   Name                                            Total
--------------------------------------------------------------------------------
Inputs/Outputs                                                    260
    Unloaded inputs (LINT-8)                                        1
    Unconnected ports (LINT-28)                                   240
    Shorted outputs (LINT-31)                                       9
    Constant outputs (LINT-52)                                     10

Cells                                                             123
    Connected to power or ground (LINT-32)                        120
    Nets connected to multiple pins on same cell (LINT-33)          3

Nets                                                                1
    Unloaded nets (LINT-2)                                          1
--------------------------------------------------------------------------------

Warning: In design 'oadm_runtime_drop_r18_s18', net 'implementation/plane/mult_69/a[0]' driven by pin 'implementation/plane/mult_69/a[0]' has no loads. (LINT-2)
Warning: In design 'oadm_runtime_plane_pruned_RESIDUAL_DROP18_DW_mult_uns_0', input port 'a[0]' is unloaded. (LINT-8)
Warning: In design 'oadm_runtime_drop_r18_s18', port 'x[17]' is not connected to any nets. (LINT-28)
Warning: In design 'oadm_runtime_drop_r18_s18', port 'x[16]' is not connected to any nets. (LINT-28)
Warning: In design 'oadm_runtime_drop_r18_s18', port 'x[15]' is not connected to any nets. (LINT-28)
Warning: In design 'oadm_runtime_drop_r18_s18', port 'x[14]' is not connected to any nets. (LINT-28)
Warning: In design 'oadm_runtime_drop_r18_s18', port 'x[13]' is not connected to any nets. (LINT-28)
Warning: In design 'oadm_runtime_drop_r18_s18', port 'x[12]' is not connected to any nets. (LINT-28)
Warning: In design 'oadm_runtime_drop_r18_s18', port 'x[11]' is not connected to any nets. (LINT-28)
Warning: In design 'oadm_runtime_drop_r18_s18', port 'x[10]' is not connected to any nets. (LINT-28)
Warning: In design 'oadm_runtime_drop_r18_s18', port 'x[9]' is not connected to any nets. (LINT-28)
Warning: In design 'oadm_runtime_drop_r18_s18', port 'x[8]' is not connected to any nets. (LINT-28)
Warning: In design 'oadm_runtime_drop_r18_s18', port 'x[7]' is not connected to any nets. (LINT-28)
Warning: In design 'oadm_runtime_drop_r18_s18', port 'x[6]' is not connected to any nets. (LINT-28)
Warning: In design 'oadm_runtime_drop_r18_s18', port 'x[5]' is not connected to any nets. (LINT-28)
Warning: In design 'oadm_runtime_drop_r18_s18', port 'x[4]' is not connected to any nets. (LINT-28)
Warning: In design 'oadm_runtime_drop_r18_s18', port 'x[3]' is not connected to any nets. (LINT-28)
Warning: In design 'oadm_runtime_drop_r18_s18', port 'x[2]' is not connected to any nets. (LINT-28)
Warning: In design 'oadm_runtime_drop_r18_s18', port 'x[1]' is not connected to any nets. (LINT-28)
Warning: In design 'oadm_runtime_drop_r18_s18', port 'x[0]' is not connected to any nets. (LINT-28)
Warning: In design 'oadm_runtime_drop_r18_s18', port 'y[17]' is not connected to any nets. (LINT-28)
Warning: In design 'oadm_runtime_drop_r18_s18', port 'y[16]' is not connected to any nets. (LINT-28)
Warning: In design 'oadm_runtime_drop_r18_s18', port 'y[15]' is not connected to any nets. (LINT-28)
Warning: In design 'oadm_runtime_drop_r18_s18', port 'y[14]' is not connected to any nets. (LINT-28)
Warning: In design 'oadm_runtime_drop_r18_s18', port 'y[13]' is not connected to any nets. (LINT-28)
Warning: In design 'oadm_runtime_drop_r18_s18', port 'y[12]' is not connected to any nets. (LINT-28)
Warning: In design 'oadm_runtime_drop_r18_s18', port 'y[11]' is not connected to any nets. (LINT-28)
Warning: In design 'oadm_runtime_drop_r18_s18', port 'y[10]' is not connected to any nets. (LINT-28)
Warning: In design 'oadm_runtime_drop_r18_s18', port 'y[9]' is not connected to any nets. (LINT-28)
Warning: In design 'oadm_runtime_drop_r18_s18', port 'y[8]' is not connected to any nets. (LINT-28)
Warning: In design 'oadm_runtime_drop_r18_s18', port 'y[7]' is not connected to any nets. (LINT-28)
Warning: In design 'oadm_runtime_drop_r18_s18', port 'y[6]' is not connected to any nets. (LINT-28)
Warning: In design 'oadm_runtime_drop_r18_s18', port 'y[5]' is not connected to any nets. (LINT-28)
Warning: In design 'oadm_runtime_drop_r18_s18', port 'y[4]' is not connected to any nets. (LINT-28)
Warning: In design 'oadm_runtime_drop_r18_s18', port 'y[3]' is not connected to any nets. (LINT-28)
Warning: In design 'oadm_runtime_drop_r18_s18', port 'y[2]' is not connected to any nets. (LINT-28)
Warning: In design 'oadm_runtime_drop_r18_s18', port 'y[1]' is not connected to any nets. (LINT-28)
Warning: In design 'oadm_runtime_drop_r18_s18', port 'y[0]' is not connected to any nets. (LINT-28)
Warning: In design 'oadm_runtime_drop_sweep_RESIDUAL_DROP18_SCALE_DROP18', port 'x[17]' is not connected to any nets. (LINT-28)
Warning: In design 'oadm_runtime_drop_sweep_RESIDUAL_DROP18_SCALE_DROP18', port 'x[16]' is not connected to any nets. (LINT-28)
Warning: In design 'oadm_runtime_drop_sweep_RESIDUAL_DROP18_SCALE_DROP18', port 'x[15]' is not connected to any nets. (LINT-28)
Warning: In design 'oadm_runtime_drop_sweep_RESIDUAL_DROP18_SCALE_DROP18', port 'x[14]' is not connected to any nets. (LINT-28)
Warning: In design 'oadm_runtime_drop_sweep_RESIDUAL_DROP18_SCALE_DROP18', port 'x[13]' is not connected to any nets. (LINT-28)
Warning: In design 'oadm_runtime_drop_sweep_RESIDUAL_DROP18_SCALE_DROP18', port 'x[12]' is not connected to any nets. (LINT-28)
Warning: In design 'oadm_runtime_drop_sweep_RESIDUAL_DROP18_SCALE_DROP18', port 'x[11]' is not connected to any nets. (LINT-28)
Warning: In design 'oadm_runtime_drop_sweep_RESIDUAL_DROP18_SCALE_DROP18', port 'x[10]' is not connected to any nets. (LINT-28)
Warning: In design 'oadm_runtime_drop_sweep_RESIDUAL_DROP18_SCALE_DROP18', port 'x[9]' is not connected to any nets. (LINT-28)
Warning: In design 'oadm_runtime_drop_sweep_RESIDUAL_DROP18_SCALE_DROP18', port 'x[8]' is not connected to any nets. (LINT-28)
Warning: In design 'oadm_runtime_drop_sweep_RESIDUAL_DROP18_SCALE_DROP18', port 'x[7]' is not connected to any nets. (LINT-28)
Warning: In design 'oadm_runtime_drop_sweep_RESIDUAL_DROP18_SCALE_DROP18', port 'x[6]' is not connected to any nets. (LINT-28)
Warning: In design 'oadm_runtime_drop_sweep_RESIDUAL_DROP18_SCALE_DROP18', port 'x[5]' is not connected to any nets. (LINT-28)
Warning: In design 'oadm_runtime_drop_sweep_RESIDUAL_DROP18_SCALE_DROP18', port 'x[4]' is not connected to any nets. (LINT-28)
Warning: In design 'oadm_runtime_drop_sweep_RESIDUAL_DROP18_SCALE_DROP18', port 'x[3]' is not connected to any nets. (LINT-28)
Warning: In design 'oadm_runtime_drop_sweep_RESIDUAL_DROP18_SCALE_DROP18', port 'x[2]' is not connected to any nets. (LINT-28)
Warning: In design 'oadm_runtime_drop_sweep_RESIDUAL_DROP18_SCALE_DROP18', port 'x[1]' is not connected to any nets. (LINT-28)
Warning: In design 'oadm_runtime_drop_sweep_RESIDUAL_DROP18_SCALE_DROP18', port 'x[0]' is not connected to any nets. (LINT-28)
Warning: In design 'oadm_runtime_drop_sweep_RESIDUAL_DROP18_SCALE_DROP18', port 'y[17]' is not connected to any nets. (LINT-28)
Warning: In design 'oadm_runtime_drop_sweep_RESIDUAL_DROP18_SCALE_DROP18', port 'y[16]' is not connected to any nets. (LINT-28)
Warning: In design 'oadm_runtime_drop_sweep_RESIDUAL_DROP18_SCALE_DROP18', port 'y[15]' is not connected to any nets. (LINT-28)
Warning: In design 'oadm_runtime_drop_sweep_RESIDUAL_DROP18_SCALE_DROP18', port 'y[14]' is not connected to any nets. (LINT-28)
Warning: In design 'oadm_runtime_drop_sweep_RESIDUAL_DROP18_SCALE_DROP18', port 'y[13]' is not connected to any nets. (LINT-28)
Warning: In design 'oadm_runtime_drop_sweep_RESIDUAL_DROP18_SCALE_DROP18', port 'y[12]' is not connected to any nets. (LINT-28)
Warning: In design 'oadm_runtime_drop_sweep_RESIDUAL_DROP18_SCALE_DROP18', port 'y[11]' is not connected to any nets. (LINT-28)
Warning: In design 'oadm_runtime_drop_sweep_RESIDUAL_DROP18_SCALE_DROP18', port 'y[10]' is not connected to any nets. (LINT-28)
Warning: In design 'oadm_runtime_drop_sweep_RESIDUAL_DROP18_SCALE_DROP18', port 'y[9]' is not connected to any nets. (LINT-28)
Warning: In design 'oadm_runtime_drop_sweep_RESIDUAL_DROP18_SCALE_DROP18', port 'y[8]' is not connected to any nets. (LINT-28)
Warning: In design 'oadm_runtime_drop_sweep_RESIDUAL_DROP18_SCALE_DROP18', port 'y[7]' is not connected to any nets. (LINT-28)
Warning: In design 'oadm_runtime_drop_sweep_RESIDUAL_DROP18_SCALE_DROP18', port 'y[6]' is not connected to any nets. (LINT-28)
Warning: In design 'oadm_runtime_drop_sweep_RESIDUAL_DROP18_SCALE_DROP18', port 'y[5]' is not connected to any nets. (LINT-28)
Warning: In design 'oadm_runtime_drop_sweep_RESIDUAL_DROP18_SCALE_DROP18', port 'y[4]' is not connected to any nets. (LINT-28)
Warning: In design 'oadm_runtime_drop_sweep_RESIDUAL_DROP18_SCALE_DROP18', port 'y[3]' is not connected to any nets. (LINT-28)
Warning: In design 'oadm_runtime_drop_sweep_RESIDUAL_DROP18_SCALE_DROP18', port 'y[2]' is not connected to any nets. (LINT-28)
Warning: In design 'oadm_runtime_drop_sweep_RESIDUAL_DROP18_SCALE_DROP18', port 'y[1]' is not connected to any nets. (LINT-28)
Warning: In design 'oadm_runtime_drop_sweep_RESIDUAL_DROP18_SCALE_DROP18', port 'y[0]' is not connected to any nets. (LINT-28)
Warning: In design 'oadm_runtime_drop_sweep_RESIDUAL_DROP18_SCALE_DROP18', port 'result[9]' is not connected to any nets. (LINT-28)
Warning: In design 'oadm_runtime_drop_sweep_RESIDUAL_DROP18_SCALE_DROP18', port 'result[8]' is not connected to any nets. (LINT-28)
Warning: In design 'oadm_runtime_drop_sweep_RESIDUAL_DROP18_SCALE_DROP18', port 'result[7]' is not connected to any nets. (LINT-28)
Warning: In design 'oadm_runtime_drop_sweep_RESIDUAL_DROP18_SCALE_DROP18', port 'result[6]' is not connected to any nets. (LINT-28)
Warning: In design 'oadm_runtime_drop_sweep_RESIDUAL_DROP18_SCALE_DROP18', port 'result[5]' is not connected to any nets. (LINT-28)
Warning: In design 'oadm_runtime_drop_sweep_RESIDUAL_DROP18_SCALE_DROP18', port 'result[4]' is not connected to any nets. (LINT-28)
Warning: In design 'oadm_runtime_drop_sweep_RESIDUAL_DROP18_SCALE_DROP18', port 'result[3]' is not connected to any nets. (LINT-28)
Warning: In design 'oadm_runtime_drop_sweep_RESIDUAL_DROP18_SCALE_DROP18', port 'result[2]' is not connected to any nets. (LINT-28)
Warning: In design 'oadm_runtime_drop_sweep_RESIDUAL_DROP18_SCALE_DROP18', port 'result[1]' is not connected to any nets. (LINT-28)
Warning: In design 'oadm_runtime_drop_sweep_RESIDUAL_DROP18_SCALE_DROP18', port 'result[0]' is not connected to any nets. (LINT-28)
Warning: In design 'oadm_runtime_plane_pruned_RESIDUAL_DROP18', port 'x_mantissa[23]' is not connected to any nets. (LINT-28)
Warning: In design 'oadm_runtime_plane_pruned_RESIDUAL_DROP18', port 'x_mantissa[17]' is not connected to any nets. (LINT-28)
Warning: In design 'oadm_runtime_plane_pruned_RESIDUAL_DROP18', port 'x_mantissa[16]' is not connected to any nets. (LINT-28)
Warning: In design 'oadm_runtime_plane_pruned_RESIDUAL_DROP18', port 'x_mantissa[15]' is not connected to any nets. (LINT-28)
Warning: In design 'oadm_runtime_plane_pruned_RESIDUAL_DROP18', port 'x_mantissa[14]' is not connected to any nets. (LINT-28)
Warning: In design 'oadm_runtime_plane_pruned_RESIDUAL_DROP18', port 'x_mantissa[13]' is not connected to any nets. (LINT-28)
Warning: In design 'oadm_runtime_plane_pruned_RESIDUAL_DROP18', port 'x_mantissa[12]' is not connected to any nets. (LINT-28)
Warning: In design 'oadm_runtime_plane_pruned_RESIDUAL_DROP18', port 'x_mantissa[11]' is not connected to any nets. (LINT-28)
Warning: In design 'oadm_runtime_plane_pruned_RESIDUAL_DROP18', port 'x_mantissa[10]' is not connected to any nets. (LINT-28)
Warning: In design 'oadm_runtime_plane_pruned_RESIDUAL_DROP18', port 'x_mantissa[9]' is not connected to any nets. (LINT-28)
Warning: In design 'oadm_runtime_plane_pruned_RESIDUAL_DROP18', port 'x_mantissa[8]' is not connected to any nets. (LINT-28)
Warning: In design 'oadm_runtime_plane_pruned_RESIDUAL_DROP18', port 'x_mantissa[7]' is not connected to any nets. (LINT-28)
Warning: In design 'oadm_runtime_plane_pruned_RESIDUAL_DROP18', port 'x_mantissa[6]' is not connected to any nets. (LINT-28)
Warning: In design 'oadm_runtime_plane_pruned_RESIDUAL_DROP18', port 'x_mantissa[5]' is not connected to any nets. (LINT-28)
Warning: In design 'oadm_runtime_plane_pruned_RESIDUAL_DROP18', port 'x_mantissa[4]' is not connected to any nets. (LINT-28)
Warning: In design 'oadm_runtime_plane_pruned_RESIDUAL_DROP18', port 'x_mantissa[3]' is not connected to any nets. (LINT-28)
Warning: In design 'oadm_runtime_plane_pruned_RESIDUAL_DROP18', port 'x_mantissa[2]' is not connected to any nets. (LINT-28)
Warning: In design 'oadm_runtime_plane_pruned_RESIDUAL_DROP18', port 'x_mantissa[1]' is not connected to any nets. (LINT-28)
Warning: In design 'oadm_runtime_plane_pruned_RESIDUAL_DROP18', port 'x_mantissa[0]' is not connected to any nets. (LINT-28)
Warning: In design 'oadm_runtime_plane_pruned_RESIDUAL_DROP18', port 'y_mantissa[23]' is not connected to any nets. (LINT-28)
Warning: In design 'oadm_runtime_plane_pruned_RESIDUAL_DROP18', port 'y_mantissa[17]' is not connected to any nets. (LINT-28)
Warning: In design 'oadm_runtime_plane_pruned_RESIDUAL_DROP18', port 'y_mantissa[16]' is not connected to any nets. (LINT-28)
Warning: In design 'oadm_runtime_plane_pruned_RESIDUAL_DROP18', port 'y_mantissa[15]' is not connected to any nets. (LINT-28)
Warning: In design 'oadm_runtime_plane_pruned_RESIDUAL_DROP18', port 'y_mantissa[14]' is not connected to any nets. (LINT-28)
Warning: In design 'oadm_runtime_plane_pruned_RESIDUAL_DROP18', port 'y_mantissa[13]' is not connected to any nets. (LINT-28)
Warning: In design 'oadm_runtime_plane_pruned_RESIDUAL_DROP18', port 'y_mantissa[12]' is not connected to any nets. (LINT-28)
Warning: In design 'oadm_runtime_plane_pruned_RESIDUAL_DROP18', port 'y_mantissa[11]' is not connected to any nets. (LINT-28)
Warning: In design 'oadm_runtime_plane_pruned_RESIDUAL_DROP18', port 'y_mantissa[10]' is not connected to any nets. (LINT-28)
Warning: In design 'oadm_runtime_plane_pruned_RESIDUAL_DROP18', port 'y_mantissa[9]' is not connected to any nets. (LINT-28)
Warning: In design 'oadm_runtime_plane_pruned_RESIDUAL_DROP18', port 'y_mantissa[8]' is not connected to any nets. (LINT-28)
Warning: In design 'oadm_runtime_plane_pruned_RESIDUAL_DROP18', port 'y_mantissa[7]' is not connected to any nets. (LINT-28)
Warning: In design 'oadm_runtime_plane_pruned_RESIDUAL_DROP18', port 'y_mantissa[6]' is not connected to any nets. (LINT-28)
Warning: In design 'oadm_runtime_plane_pruned_RESIDUAL_DROP18', port 'y_mantissa[5]' is not connected to any nets. (LINT-28)
Warning: In design 'oadm_runtime_plane_pruned_RESIDUAL_DROP18', port 'y_mantissa[4]' is not connected to any nets. (LINT-28)
Warning: In design 'oadm_runtime_plane_pruned_RESIDUAL_DROP18', port 'y_mantissa[3]' is not connected to any nets. (LINT-28)
Warning: In design 'oadm_runtime_plane_pruned_RESIDUAL_DROP18', port 'y_mantissa[2]' is not connected to any nets. (LINT-28)
Warning: In design 'oadm_runtime_plane_pruned_RESIDUAL_DROP18', port 'y_mantissa[1]' is not connected to any nets. (LINT-28)
Warning: In design 'oadm_runtime_plane_pruned_RESIDUAL_DROP18', port 'y_mantissa[0]' is not connected to any nets. (LINT-28)
Warning: In design 'oadm_runtime_plane_pruned_RESIDUAL_DROP18', port 'plane_exact[28]' is not connected to any nets. (LINT-28)
Warning: In design 'oadm_runtime_plane_pruned_RESIDUAL_DROP18', port 'plane_exact[27]' is not connected to any nets. (LINT-28)
Warning: In design 'oadm_runtime_plane_pruned_RESIDUAL_DROP18', port 'plane_exact[26]' is not connected to any nets. (LINT-28)
Warning: In design 'oadm_runtime_plane_pruned_RESIDUAL_DROP18', port 'plane_exact[25]' is not connected to any nets. (LINT-28)
Warning: In design 'oadm_runtime_plane_pruned_RESIDUAL_DROP18', port 'plane_exact[13]' is not connected to any nets. (LINT-28)
Warning: In design 'oadm_runtime_plane_pruned_RESIDUAL_DROP18', port 'plane_exact[12]' is not connected to any nets. (LINT-28)
Warning: In design 'oadm_runtime_plane_pruned_RESIDUAL_DROP18', port 'plane_exact[11]' is not connected to any nets. (LINT-28)
Warning: In design 'oadm_runtime_plane_pruned_RESIDUAL_DROP18', port 'plane_exact[10]' is not connected to any nets. (LINT-28)
Warning: In design 'oadm_runtime_plane_pruned_RESIDUAL_DROP18', port 'plane_exact[9]' is not connected to any nets. (LINT-28)
Warning: In design 'oadm_runtime_plane_pruned_RESIDUAL_DROP18', port 'plane_exact[8]' is not connected to any nets. (LINT-28)
Warning: In design 'oadm_runtime_plane_pruned_RESIDUAL_DROP18', port 'plane_exact[7]' is not connected to any nets. (LINT-28)
Warning: In design 'oadm_runtime_plane_pruned_RESIDUAL_DROP18', port 'plane_exact[6]' is not connected to any nets. (LINT-28)
Warning: In design 'oadm_runtime_plane_pruned_RESIDUAL_DROP18', port 'plane_exact[5]' is not connected to any nets. (LINT-28)
Warning: In design 'oadm_runtime_plane_pruned_RESIDUAL_DROP18', port 'plane_exact[4]' is not connected to any nets. (LINT-28)
Warning: In design 'oadm_runtime_plane_pruned_RESIDUAL_DROP18', port 'plane_exact[3]' is not connected to any nets. (LINT-28)
Warning: In design 'oadm_runtime_plane_pruned_RESIDUAL_DROP18', port 'plane_exact[2]' is not connected to any nets. (LINT-28)
Warning: In design 'oadm_runtime_plane_pruned_RESIDUAL_DROP18', port 'plane_exact[1]' is not connected to any nets. (LINT-28)
Warning: In design 'oadm_runtime_plane_pruned_RESIDUAL_DROP18', port 'plane_exact[0]' is not connected to any nets. (LINT-28)
Warning: In design 'fp32_normal_finite_wrapper', port 'x[17]' is not connected to any nets. (LINT-28)
Warning: In design 'fp32_normal_finite_wrapper', port 'x[16]' is not connected to any nets. (LINT-28)
Warning: In design 'fp32_normal_finite_wrapper', port 'x[15]' is not connected to any nets. (LINT-28)
Warning: In design 'fp32_normal_finite_wrapper', port 'x[14]' is not connected to any nets. (LINT-28)
Warning: In design 'fp32_normal_finite_wrapper', port 'x[13]' is not connected to any nets. (LINT-28)
Warning: In design 'fp32_normal_finite_wrapper', port 'x[12]' is not connected to any nets. (LINT-28)
Warning: In design 'fp32_normal_finite_wrapper', port 'x[11]' is not connected to any nets. (LINT-28)
Warning: In design 'fp32_normal_finite_wrapper', port 'x[10]' is not connected to any nets. (LINT-28)
Warning: In design 'fp32_normal_finite_wrapper', port 'x[9]' is not connected to any nets. (LINT-28)
Warning: In design 'fp32_normal_finite_wrapper', port 'x[8]' is not connected to any nets. (LINT-28)
Warning: In design 'fp32_normal_finite_wrapper', port 'x[7]' is not connected to any nets. (LINT-28)
Warning: In design 'fp32_normal_finite_wrapper', port 'x[6]' is not connected to any nets. (LINT-28)
Warning: In design 'fp32_normal_finite_wrapper', port 'x[5]' is not connected to any nets. (LINT-28)
Warning: In design 'fp32_normal_finite_wrapper', port 'x[4]' is not connected to any nets. (LINT-28)
Warning: In design 'fp32_normal_finite_wrapper', port 'x[3]' is not connected to any nets. (LINT-28)
Warning: In design 'fp32_normal_finite_wrapper', port 'x[2]' is not connected to any nets. (LINT-28)
Warning: In design 'fp32_normal_finite_wrapper', port 'x[1]' is not connected to any nets. (LINT-28)
Warning: In design 'fp32_normal_finite_wrapper', port 'x[0]' is not connected to any nets. (LINT-28)
Warning: In design 'fp32_normal_finite_wrapper', port 'y[17]' is not connected to any nets. (LINT-28)
Warning: In design 'fp32_normal_finite_wrapper', port 'y[16]' is not connected to any nets. (LINT-28)
Warning: In design 'fp32_normal_finite_wrapper', port 'y[15]' is not connected to any nets. (LINT-28)
Warning: In design 'fp32_normal_finite_wrapper', port 'y[14]' is not connected to any nets. (LINT-28)
Warning: In design 'fp32_normal_finite_wrapper', port 'y[13]' is not connected to any nets. (LINT-28)
Warning: In design 'fp32_normal_finite_wrapper', port 'y[12]' is not connected to any nets. (LINT-28)
Warning: In design 'fp32_normal_finite_wrapper', port 'y[11]' is not connected to any nets. (LINT-28)
Warning: In design 'fp32_normal_finite_wrapper', port 'y[10]' is not connected to any nets. (LINT-28)
Warning: In design 'fp32_normal_finite_wrapper', port 'y[9]' is not connected to any nets. (LINT-28)
Warning: In design 'fp32_normal_finite_wrapper', port 'y[8]' is not connected to any nets. (LINT-28)
Warning: In design 'fp32_normal_finite_wrapper', port 'y[7]' is not connected to any nets. (LINT-28)
Warning: In design 'fp32_normal_finite_wrapper', port 'y[6]' is not connected to any nets. (LINT-28)
Warning: In design 'fp32_normal_finite_wrapper', port 'y[5]' is not connected to any nets. (LINT-28)
Warning: In design 'fp32_normal_finite_wrapper', port 'y[4]' is not connected to any nets. (LINT-28)
Warning: In design 'fp32_normal_finite_wrapper', port 'y[3]' is not connected to any nets. (LINT-28)
Warning: In design 'fp32_normal_finite_wrapper', port 'y[2]' is not connected to any nets. (LINT-28)
Warning: In design 'fp32_normal_finite_wrapper', port 'y[1]' is not connected to any nets. (LINT-28)
Warning: In design 'fp32_normal_finite_wrapper', port 'y[0]' is not connected to any nets. (LINT-28)
Warning: In design 'fp32_normal_finite_wrapper', port 'fraction_x[17]' is not connected to any nets. (LINT-28)
Warning: In design 'fp32_normal_finite_wrapper', port 'fraction_x[16]' is not connected to any nets. (LINT-28)
Warning: In design 'fp32_normal_finite_wrapper', port 'fraction_x[15]' is not connected to any nets. (LINT-28)
Warning: In design 'fp32_normal_finite_wrapper', port 'fraction_x[14]' is not connected to any nets. (LINT-28)
Warning: In design 'fp32_normal_finite_wrapper', port 'fraction_x[13]' is not connected to any nets. (LINT-28)
Warning: In design 'fp32_normal_finite_wrapper', port 'fraction_x[12]' is not connected to any nets. (LINT-28)
Warning: In design 'fp32_normal_finite_wrapper', port 'fraction_x[11]' is not connected to any nets. (LINT-28)
Warning: In design 'fp32_normal_finite_wrapper', port 'fraction_x[10]' is not connected to any nets. (LINT-28)
Warning: In design 'fp32_normal_finite_wrapper', port 'fraction_x[9]' is not connected to any nets. (LINT-28)
Warning: In design 'fp32_normal_finite_wrapper', port 'fraction_x[8]' is not connected to any nets. (LINT-28)
Warning: In design 'fp32_normal_finite_wrapper', port 'fraction_x[7]' is not connected to any nets. (LINT-28)
Warning: In design 'fp32_normal_finite_wrapper', port 'fraction_x[6]' is not connected to any nets. (LINT-28)
Warning: In design 'fp32_normal_finite_wrapper', port 'fraction_x[5]' is not connected to any nets. (LINT-28)
Warning: In design 'fp32_normal_finite_wrapper', port 'fraction_x[4]' is not connected to any nets. (LINT-28)
Warning: In design 'fp32_normal_finite_wrapper', port 'fraction_x[3]' is not connected to any nets. (LINT-28)
Warning: In design 'fp32_normal_finite_wrapper', port 'fraction_x[2]' is not connected to any nets. (LINT-28)
Warning: In design 'fp32_normal_finite_wrapper', port 'fraction_x[1]' is not connected to any nets. (LINT-28)
Warning: In design 'fp32_normal_finite_wrapper', port 'fraction_x[0]' is not connected to any nets. (LINT-28)
Warning: In design 'fp32_normal_finite_wrapper', port 'fraction_y[17]' is not connected to any nets. (LINT-28)
Warning: In design 'fp32_normal_finite_wrapper', port 'fraction_y[16]' is not connected to any nets. (LINT-28)
Warning: In design 'fp32_normal_finite_wrapper', port 'fraction_y[15]' is not connected to any nets. (LINT-28)
Warning: In design 'fp32_normal_finite_wrapper', port 'fraction_y[14]' is not connected to any nets. (LINT-28)
Warning: In design 'fp32_normal_finite_wrapper', port 'fraction_y[13]' is not connected to any nets. (LINT-28)
Warning: In design 'fp32_normal_finite_wrapper', port 'fraction_y[12]' is not connected to any nets. (LINT-28)
Warning: In design 'fp32_normal_finite_wrapper', port 'fraction_y[11]' is not connected to any nets. (LINT-28)
Warning: In design 'fp32_normal_finite_wrapper', port 'fraction_y[10]' is not connected to any nets. (LINT-28)
Warning: In design 'fp32_normal_finite_wrapper', port 'fraction_y[9]' is not connected to any nets. (LINT-28)
Warning: In design 'fp32_normal_finite_wrapper', port 'fraction_y[8]' is not connected to any nets. (LINT-28)
Warning: In design 'fp32_normal_finite_wrapper', port 'fraction_y[7]' is not connected to any nets. (LINT-28)
Warning: In design 'fp32_normal_finite_wrapper', port 'fraction_y[6]' is not connected to any nets. (LINT-28)
Warning: In design 'fp32_normal_finite_wrapper', port 'fraction_y[5]' is not connected to any nets. (LINT-28)
Warning: In design 'fp32_normal_finite_wrapper', port 'fraction_y[4]' is not connected to any nets. (LINT-28)
Warning: In design 'fp32_normal_finite_wrapper', port 'fraction_y[3]' is not connected to any nets. (LINT-28)
Warning: In design 'fp32_normal_finite_wrapper', port 'fraction_y[2]' is not connected to any nets. (LINT-28)
Warning: In design 'fp32_normal_finite_wrapper', port 'fraction_y[1]' is not connected to any nets. (LINT-28)
Warning: In design 'fp32_normal_finite_wrapper', port 'fraction_y[0]' is not connected to any nets. (LINT-28)
Warning: In design 'fp32_normal_finite_wrapper', port 'result_fraction[9]' is not connected to any nets. (LINT-28)
Warning: In design 'fp32_normal_finite_wrapper', port 'result_fraction[8]' is not connected to any nets. (LINT-28)
Warning: In design 'fp32_normal_finite_wrapper', port 'result_fraction[7]' is not connected to any nets. (LINT-28)
Warning: In design 'fp32_normal_finite_wrapper', port 'result_fraction[6]' is not connected to any nets. (LINT-28)
Warning: In design 'fp32_normal_finite_wrapper', port 'result_fraction[5]' is not connected to any nets. (LINT-28)
Warning: In design 'fp32_normal_finite_wrapper', port 'result_fraction[4]' is not connected to any nets. (LINT-28)
Warning: In design 'fp32_normal_finite_wrapper', port 'result_fraction[3]' is not connected to any nets. (LINT-28)
Warning: In design 'fp32_normal_finite_wrapper', port 'result_fraction[2]' is not connected to any nets. (LINT-28)
Warning: In design 'fp32_normal_finite_wrapper', port 'result_fraction[1]' is not connected to any nets. (LINT-28)
Warning: In design 'fp32_normal_finite_wrapper', port 'result_fraction[0]' is not connected to any nets. (LINT-28)
Warning: In design 'fp32_normal_finite_wrapper', port 'result[9]' is not connected to any nets. (LINT-28)
Warning: In design 'fp32_normal_finite_wrapper', port 'result[8]' is not connected to any nets. (LINT-28)
Warning: In design 'fp32_normal_finite_wrapper', port 'result[7]' is not connected to any nets. (LINT-28)
Warning: In design 'fp32_normal_finite_wrapper', port 'result[6]' is not connected to any nets. (LINT-28)
Warning: In design 'fp32_normal_finite_wrapper', port 'result[5]' is not connected to any nets. (LINT-28)
Warning: In design 'fp32_normal_finite_wrapper', port 'result[4]' is not connected to any nets. (LINT-28)
Warning: In design 'fp32_normal_finite_wrapper', port 'result[3]' is not connected to any nets. (LINT-28)
Warning: In design 'fp32_normal_finite_wrapper', port 'result[2]' is not connected to any nets. (LINT-28)
Warning: In design 'fp32_normal_finite_wrapper', port 'result[1]' is not connected to any nets. (LINT-28)
Warning: In design 'fp32_normal_finite_wrapper', port 'result[0]' is not connected to any nets. (LINT-28)
Warning: In design 'oadm_runtime_plane_pruned_RESIDUAL_DROP18_DW_mult_tc_0', port 'b[5]' is not connected to any nets. (LINT-28)
Warning: In design 'oadm_runtime_plane_pruned_RESIDUAL_DROP18_DW_mult_tc_1', port 'b[5]' is not connected to any nets. (LINT-28)
Warning: In design 'oadm_runtime_plane_pruned_RESIDUAL_DROP18_DW_mult_uns_0', port 'a[5]' is not connected to any nets. (LINT-28)
Warning: In design 'oadm_runtime_plane_pruned_RESIDUAL_DROP18_DW_mult_uns_0', port 'b[5]' is not connected to any nets. (LINT-28)
Warning: In design 'oadm_runtime_plane_pruned_RESIDUAL_DROP18_DW_mult_uns_0', port 'product[11]' is not connected to any nets. (LINT-28)
Warning: In design 'oadm_runtime_plane_pruned_RESIDUAL_DROP18_DW_mult_uns_0', port 'product[10]' is not connected to any nets. (LINT-28)
Warning: In design 'fp32_normal_finite_wrapper_DW01_add_1_DW01_add_9', port 'CI' is not connected to any nets. (LINT-28)
Warning: In design 'fp32_normal_finite_wrapper_DW01_add_1_DW01_add_9', port 'CO' is not connected to any nets. (LINT-28)
Warning: In design 'fp32_normal_finite_wrapper_DW01_add_3_DW01_add_11', port 'CI' is not connected to any nets. (LINT-28)
Warning: In design 'fp32_normal_finite_wrapper_DW01_add_3_DW01_add_11', port 'CO' is not connected to any nets. (LINT-28)
Warning: In design 'oadm_runtime_drop_r18_s18', output port 'result[9]' is connected directly to output port 'result[1]'. (LINT-31)
Warning: In design 'oadm_runtime_drop_r18_s18', output port 'result[9]' is connected directly to output port 'result[2]'. (LINT-31)
Warning: In design 'oadm_runtime_drop_r18_s18', output port 'result[9]' is connected directly to output port 'result[3]'. (LINT-31)
Warning: In design 'oadm_runtime_drop_r18_s18', output port 'result[9]' is connected directly to output port 'result[4]'. (LINT-31)
Warning: In design 'oadm_runtime_drop_r18_s18', output port 'result[9]' is connected directly to output port 'result[5]'. (LINT-31)
Warning: In design 'oadm_runtime_drop_r18_s18', output port 'result[9]' is connected directly to output port 'result[6]'. (LINT-31)
Warning: In design 'oadm_runtime_drop_r18_s18', output port 'result[9]' is connected directly to output port 'result[7]'. (LINT-31)
Warning: In design 'oadm_runtime_drop_r18_s18', output port 'result[9]' is connected directly to output port 'result[8]'. (LINT-31)
Warning: In design 'oadm_runtime_drop_r18_s18', output port 'result[9]' is connected directly to output port 'result[0]'. (LINT-31)
Warning: In design 'oadm_runtime_drop_r18_s18', a pin on submodule 'implementation' is connected to logic 1 or logic 0. (LINT-32)
   Pin 'x[17]' is connected to logic 0. 
Warning: In design 'oadm_runtime_drop_r18_s18', a pin on submodule 'implementation' is connected to logic 1 or logic 0. (LINT-32)
   Pin 'x[16]' is connected to logic 0. 
Warning: In design 'oadm_runtime_drop_r18_s18', a pin on submodule 'implementation' is connected to logic 1 or logic 0. (LINT-32)
   Pin 'x[15]' is connected to logic 0. 
Warning: In design 'oadm_runtime_drop_r18_s18', a pin on submodule 'implementation' is connected to logic 1 or logic 0. (LINT-32)
   Pin 'x[14]' is connected to logic 0. 
Warning: In design 'oadm_runtime_drop_r18_s18', a pin on submodule 'implementation' is connected to logic 1 or logic 0. (LINT-32)
   Pin 'x[13]' is connected to logic 0. 
Warning: In design 'oadm_runtime_drop_r18_s18', a pin on submodule 'implementation' is connected to logic 1 or logic 0. (LINT-32)
   Pin 'x[12]' is connected to logic 0. 
Warning: In design 'oadm_runtime_drop_r18_s18', a pin on submodule 'implementation' is connected to logic 1 or logic 0. (LINT-32)
   Pin 'x[11]' is connected to logic 0. 
Warning: In design 'oadm_runtime_drop_r18_s18', a pin on submodule 'implementation' is connected to logic 1 or logic 0. (LINT-32)
   Pin 'x[10]' is connected to logic 0. 
Warning: In design 'oadm_runtime_drop_r18_s18', a pin on submodule 'implementation' is connected to logic 1 or logic 0. (LINT-32)
   Pin 'x[9]' is connected to logic 0. 
Warning: In design 'oadm_runtime_drop_r18_s18', a pin on submodule 'implementation' is connected to logic 1 or logic 0. (LINT-32)
   Pin 'x[8]' is connected to logic 0. 
Warning: In design 'oadm_runtime_drop_r18_s18', a pin on submodule 'implementation' is connected to logic 1 or logic 0. (LINT-32)
   Pin 'x[7]' is connected to logic 0. 
Warning: In design 'oadm_runtime_drop_r18_s18', a pin on submodule 'implementation' is connected to logic 1 or logic 0. (LINT-32)
   Pin 'x[6]' is connected to logic 0. 
Warning: In design 'oadm_runtime_drop_r18_s18', a pin on submodule 'implementation' is connected to logic 1 or logic 0. (LINT-32)
   Pin 'x[5]' is connected to logic 0. 
Warning: In design 'oadm_runtime_drop_r18_s18', a pin on submodule 'implementation' is connected to logic 1 or logic 0. (LINT-32)
   Pin 'x[4]' is connected to logic 0. 
Warning: In design 'oadm_runtime_drop_r18_s18', a pin on submodule 'implementation' is connected to logic 1 or logic 0. (LINT-32)
   Pin 'x[3]' is connected to logic 0. 
Warning: In design 'oadm_runtime_drop_r18_s18', a pin on submodule 'implementation' is connected to logic 1 or logic 0. (LINT-32)
   Pin 'x[2]' is connected to logic 0. 
Warning: In design 'oadm_runtime_drop_r18_s18', a pin on submodule 'implementation' is connected to logic 1 or logic 0. (LINT-32)
   Pin 'x[1]' is connected to logic 0. 
Warning: In design 'oadm_runtime_drop_r18_s18', a pin on submodule 'implementation' is connected to logic 1 or logic 0. (LINT-32)
   Pin 'x[0]' is connected to logic 0. 
Warning: In design 'oadm_runtime_drop_r18_s18', a pin on submodule 'implementation' is connected to logic 1 or logic 0. (LINT-32)
   Pin 'y[17]' is connected to logic 0. 
Warning: In design 'oadm_runtime_drop_r18_s18', a pin on submodule 'implementation' is connected to logic 1 or logic 0. (LINT-32)
   Pin 'y[16]' is connected to logic 0. 
Warning: In design 'oadm_runtime_drop_r18_s18', a pin on submodule 'implementation' is connected to logic 1 or logic 0. (LINT-32)
   Pin 'y[15]' is connected to logic 0. 
Warning: In design 'oadm_runtime_drop_r18_s18', a pin on submodule 'implementation' is connected to logic 1 or logic 0. (LINT-32)
   Pin 'y[14]' is connected to logic 0. 
Warning: In design 'oadm_runtime_drop_r18_s18', a pin on submodule 'implementation' is connected to logic 1 or logic 0. (LINT-32)
   Pin 'y[13]' is connected to logic 0. 
Warning: In design 'oadm_runtime_drop_r18_s18', a pin on submodule 'implementation' is connected to logic 1 or logic 0. (LINT-32)
   Pin 'y[12]' is connected to logic 0. 
Warning: In design 'oadm_runtime_drop_r18_s18', a pin on submodule 'implementation' is connected to logic 1 or logic 0. (LINT-32)
   Pin 'y[11]' is connected to logic 0. 
Warning: In design 'oadm_runtime_drop_r18_s18', a pin on submodule 'implementation' is connected to logic 1 or logic 0. (LINT-32)
   Pin 'y[10]' is connected to logic 0. 
Warning: In design 'oadm_runtime_drop_r18_s18', a pin on submodule 'implementation' is connected to logic 1 or logic 0. (LINT-32)
   Pin 'y[9]' is connected to logic 0. 
Warning: In design 'oadm_runtime_drop_r18_s18', a pin on submodule 'implementation' is connected to logic 1 or logic 0. (LINT-32)
   Pin 'y[8]' is connected to logic 0. 
Warning: In design 'oadm_runtime_drop_r18_s18', a pin on submodule 'implementation' is connected to logic 1 or logic 0. (LINT-32)
   Pin 'y[7]' is connected to logic 0. 
Warning: In design 'oadm_runtime_drop_r18_s18', a pin on submodule 'implementation' is connected to logic 1 or logic 0. (LINT-32)
   Pin 'y[6]' is connected to logic 0. 
Warning: In design 'oadm_runtime_drop_r18_s18', a pin on submodule 'implementation' is connected to logic 1 or logic 0. (LINT-32)
   Pin 'y[5]' is connected to logic 0. 
Warning: In design 'oadm_runtime_drop_r18_s18', a pin on submodule 'implementation' is connected to logic 1 or logic 0. (LINT-32)
   Pin 'y[4]' is connected to logic 0. 
Warning: In design 'oadm_runtime_drop_r18_s18', a pin on submodule 'implementation' is connected to logic 1 or logic 0. (LINT-32)
   Pin 'y[3]' is connected to logic 0. 
Warning: In design 'oadm_runtime_drop_r18_s18', a pin on submodule 'implementation' is connected to logic 1 or logic 0. (LINT-32)
   Pin 'y[2]' is connected to logic 0. 
Warning: In design 'oadm_runtime_drop_r18_s18', a pin on submodule 'implementation' is connected to logic 1 or logic 0. (LINT-32)
   Pin 'y[1]' is connected to logic 0. 
Warning: In design 'oadm_runtime_drop_r18_s18', a pin on submodule 'implementation' is connected to logic 1 or logic 0. (LINT-32)
   Pin 'y[0]' is connected to logic 0. 
Warning: In design 'oadm_runtime_drop_sweep_RESIDUAL_DROP18_SCALE_DROP18', a pin on submodule 'plane' is connected to logic 1 or logic 0. (LINT-32)
   Pin 'x_mantissa[23]' is connected to logic 0. 
Warning: In design 'oadm_runtime_drop_sweep_RESIDUAL_DROP18_SCALE_DROP18', a pin on submodule 'plane' is connected to logic 1 or logic 0. (LINT-32)
   Pin 'x_mantissa[17]' is connected to logic 0. 
Warning: In design 'oadm_runtime_drop_sweep_RESIDUAL_DROP18_SCALE_DROP18', a pin on submodule 'plane' is connected to logic 1 or logic 0. (LINT-32)
   Pin 'x_mantissa[16]' is connected to logic 0. 
Warning: In design 'oadm_runtime_drop_sweep_RESIDUAL_DROP18_SCALE_DROP18', a pin on submodule 'plane' is connected to logic 1 or logic 0. (LINT-32)
   Pin 'x_mantissa[15]' is connected to logic 0. 
Warning: In design 'oadm_runtime_drop_sweep_RESIDUAL_DROP18_SCALE_DROP18', a pin on submodule 'plane' is connected to logic 1 or logic 0. (LINT-32)
   Pin 'x_mantissa[14]' is connected to logic 0. 
Warning: In design 'oadm_runtime_drop_sweep_RESIDUAL_DROP18_SCALE_DROP18', a pin on submodule 'plane' is connected to logic 1 or logic 0. (LINT-32)
   Pin 'x_mantissa[13]' is connected to logic 0. 
Warning: In design 'oadm_runtime_drop_sweep_RESIDUAL_DROP18_SCALE_DROP18', a pin on submodule 'plane' is connected to logic 1 or logic 0. (LINT-32)
   Pin 'x_mantissa[12]' is connected to logic 0. 
Warning: In design 'oadm_runtime_drop_sweep_RESIDUAL_DROP18_SCALE_DROP18', a pin on submodule 'plane' is connected to logic 1 or logic 0. (LINT-32)
   Pin 'x_mantissa[11]' is connected to logic 0. 
Warning: In design 'oadm_runtime_drop_sweep_RESIDUAL_DROP18_SCALE_DROP18', a pin on submodule 'plane' is connected to logic 1 or logic 0. (LINT-32)
   Pin 'x_mantissa[10]' is connected to logic 0. 
Warning: In design 'oadm_runtime_drop_sweep_RESIDUAL_DROP18_SCALE_DROP18', a pin on submodule 'plane' is connected to logic 1 or logic 0. (LINT-32)
   Pin 'x_mantissa[9]' is connected to logic 0. 
Warning: In design 'oadm_runtime_drop_sweep_RESIDUAL_DROP18_SCALE_DROP18', a pin on submodule 'plane' is connected to logic 1 or logic 0. (LINT-32)
   Pin 'x_mantissa[8]' is connected to logic 0. 
Warning: In design 'oadm_runtime_drop_sweep_RESIDUAL_DROP18_SCALE_DROP18', a pin on submodule 'plane' is connected to logic 1 or logic 0. (LINT-32)
   Pin 'x_mantissa[7]' is connected to logic 0. 
Warning: In design 'oadm_runtime_drop_sweep_RESIDUAL_DROP18_SCALE_DROP18', a pin on submodule 'plane' is connected to logic 1 or logic 0. (LINT-32)
   Pin 'x_mantissa[6]' is connected to logic 0. 
Warning: In design 'oadm_runtime_drop_sweep_RESIDUAL_DROP18_SCALE_DROP18', a pin on submodule 'plane' is connected to logic 1 or logic 0. (LINT-32)
   Pin 'x_mantissa[5]' is connected to logic 0. 
Warning: In design 'oadm_runtime_drop_sweep_RESIDUAL_DROP18_SCALE_DROP18', a pin on submodule 'plane' is connected to logic 1 or logic 0. (LINT-32)
   Pin 'x_mantissa[4]' is connected to logic 0. 
Warning: In design 'oadm_runtime_drop_sweep_RESIDUAL_DROP18_SCALE_DROP18', a pin on submodule 'plane' is connected to logic 1 or logic 0. (LINT-32)
   Pin 'x_mantissa[3]' is connected to logic 0. 
Warning: In design 'oadm_runtime_drop_sweep_RESIDUAL_DROP18_SCALE_DROP18', a pin on submodule 'plane' is connected to logic 1 or logic 0. (LINT-32)
   Pin 'x_mantissa[2]' is connected to logic 0. 
Warning: In design 'oadm_runtime_drop_sweep_RESIDUAL_DROP18_SCALE_DROP18', a pin on submodule 'plane' is connected to logic 1 or logic 0. (LINT-32)
   Pin 'x_mantissa[1]' is connected to logic 0. 
Warning: In design 'oadm_runtime_drop_sweep_RESIDUAL_DROP18_SCALE_DROP18', a pin on submodule 'plane' is connected to logic 1 or logic 0. (LINT-32)
   Pin 'x_mantissa[0]' is connected to logic 0. 
Warning: In design 'oadm_runtime_drop_sweep_RESIDUAL_DROP18_SCALE_DROP18', a pin on submodule 'plane' is connected to logic 1 or logic 0. (LINT-32)
   Pin 'y_mantissa[23]' is connected to logic 0. 
Warning: In design 'oadm_runtime_drop_sweep_RESIDUAL_DROP18_SCALE_DROP18', a pin on submodule 'plane' is connected to logic 1 or logic 0. (LINT-32)
   Pin 'y_mantissa[17]' is connected to logic 0. 
Warning: In design 'oadm_runtime_drop_sweep_RESIDUAL_DROP18_SCALE_DROP18', a pin on submodule 'plane' is connected to logic 1 or logic 0. (LINT-32)
   Pin 'y_mantissa[16]' is connected to logic 0. 
Warning: In design 'oadm_runtime_drop_sweep_RESIDUAL_DROP18_SCALE_DROP18', a pin on submodule 'plane' is connected to logic 1 or logic 0. (LINT-32)
   Pin 'y_mantissa[15]' is connected to logic 0. 
Warning: In design 'oadm_runtime_drop_sweep_RESIDUAL_DROP18_SCALE_DROP18', a pin on submodule 'plane' is connected to logic 1 or logic 0. (LINT-32)
   Pin 'y_mantissa[14]' is connected to logic 0. 
Warning: In design 'oadm_runtime_drop_sweep_RESIDUAL_DROP18_SCALE_DROP18', a pin on submodule 'plane' is connected to logic 1 or logic 0. (LINT-32)
   Pin 'y_mantissa[13]' is connected to logic 0. 
Warning: In design 'oadm_runtime_drop_sweep_RESIDUAL_DROP18_SCALE_DROP18', a pin on submodule 'plane' is connected to logic 1 or logic 0. (LINT-32)
   Pin 'y_mantissa[12]' is connected to logic 0. 
Warning: In design 'oadm_runtime_drop_sweep_RESIDUAL_DROP18_SCALE_DROP18', a pin on submodule 'plane' is connected to logic 1 or logic 0. (LINT-32)
   Pin 'y_mantissa[11]' is connected to logic 0. 
Warning: In design 'oadm_runtime_drop_sweep_RESIDUAL_DROP18_SCALE_DROP18', a pin on submodule 'plane' is connected to logic 1 or logic 0. (LINT-32)
   Pin 'y_mantissa[10]' is connected to logic 0. 
Warning: In design 'oadm_runtime_drop_sweep_RESIDUAL_DROP18_SCALE_DROP18', a pin on submodule 'plane' is connected to logic 1 or logic 0. (LINT-32)
   Pin 'y_mantissa[9]' is connected to logic 0. 
Warning: In design 'oadm_runtime_drop_sweep_RESIDUAL_DROP18_SCALE_DROP18', a pin on submodule 'plane' is connected to logic 1 or logic 0. (LINT-32)
   Pin 'y_mantissa[8]' is connected to logic 0. 
Warning: In design 'oadm_runtime_drop_sweep_RESIDUAL_DROP18_SCALE_DROP18', a pin on submodule 'plane' is connected to logic 1 or logic 0. (LINT-32)
   Pin 'y_mantissa[7]' is connected to logic 0. 
Warning: In design 'oadm_runtime_drop_sweep_RESIDUAL_DROP18_SCALE_DROP18', a pin on submodule 'plane' is connected to logic 1 or logic 0. (LINT-32)
   Pin 'y_mantissa[6]' is connected to logic 0. 
Warning: In design 'oadm_runtime_drop_sweep_RESIDUAL_DROP18_SCALE_DROP18', a pin on submodule 'plane' is connected to logic 1 or logic 0. (LINT-32)
   Pin 'y_mantissa[5]' is connected to logic 0. 
Warning: In design 'oadm_runtime_drop_sweep_RESIDUAL_DROP18_SCALE_DROP18', a pin on submodule 'plane' is connected to logic 1 or logic 0. (LINT-32)
   Pin 'y_mantissa[4]' is connected to logic 0. 
Warning: In design 'oadm_runtime_drop_sweep_RESIDUAL_DROP18_SCALE_DROP18', a pin on submodule 'plane' is connected to logic 1 or logic 0. (LINT-32)
   Pin 'y_mantissa[3]' is connected to logic 0. 
Warning: In design 'oadm_runtime_drop_sweep_RESIDUAL_DROP18_SCALE_DROP18', a pin on submodule 'plane' is connected to logic 1 or logic 0. (LINT-32)
   Pin 'y_mantissa[2]' is connected to logic 0. 
Warning: In design 'oadm_runtime_drop_sweep_RESIDUAL_DROP18_SCALE_DROP18', a pin on submodule 'plane' is connected to logic 1 or logic 0. (LINT-32)
   Pin 'y_mantissa[1]' is connected to logic 0. 
Warning: In design 'oadm_runtime_drop_sweep_RESIDUAL_DROP18_SCALE_DROP18', a pin on submodule 'plane' is connected to logic 1 or logic 0. (LINT-32)
   Pin 'y_mantissa[0]' is connected to logic 0. 
Warning: In design 'oadm_runtime_drop_sweep_RESIDUAL_DROP18_SCALE_DROP18', a pin on submodule 'fp_wrapper' is connected to logic 1 or logic 0. (LINT-32)
   Pin 'x[17]' is connected to logic 0. 
Warning: In design 'oadm_runtime_drop_sweep_RESIDUAL_DROP18_SCALE_DROP18', a pin on submodule 'fp_wrapper' is connected to logic 1 or logic 0. (LINT-32)
   Pin 'x[16]' is connected to logic 0. 
Warning: In design 'oadm_runtime_drop_sweep_RESIDUAL_DROP18_SCALE_DROP18', a pin on submodule 'fp_wrapper' is connected to logic 1 or logic 0. (LINT-32)
   Pin 'x[15]' is connected to logic 0. 
Warning: In design 'oadm_runtime_drop_sweep_RESIDUAL_DROP18_SCALE_DROP18', a pin on submodule 'fp_wrapper' is connected to logic 1 or logic 0. (LINT-32)
   Pin 'x[14]' is connected to logic 0. 
Warning: In design 'oadm_runtime_drop_sweep_RESIDUAL_DROP18_SCALE_DROP18', a pin on submodule 'fp_wrapper' is connected to logic 1 or logic 0. (LINT-32)
   Pin 'x[13]' is connected to logic 0. 
Warning: In design 'oadm_runtime_drop_sweep_RESIDUAL_DROP18_SCALE_DROP18', a pin on submodule 'fp_wrapper' is connected to logic 1 or logic 0. (LINT-32)
   Pin 'x[12]' is connected to logic 0. 
Warning: In design 'oadm_runtime_drop_sweep_RESIDUAL_DROP18_SCALE_DROP18', a pin on submodule 'fp_wrapper' is connected to logic 1 or logic 0. (LINT-32)
   Pin 'x[11]' is connected to logic 0. 
Warning: In design 'oadm_runtime_drop_sweep_RESIDUAL_DROP18_SCALE_DROP18', a pin on submodule 'fp_wrapper' is connected to logic 1 or logic 0. (LINT-32)
   Pin 'x[10]' is connected to logic 0. 
Warning: In design 'oadm_runtime_drop_sweep_RESIDUAL_DROP18_SCALE_DROP18', a pin on submodule 'fp_wrapper' is connected to logic 1 or logic 0. (LINT-32)
   Pin 'x[9]' is connected to logic 0. 
Warning: In design 'oadm_runtime_drop_sweep_RESIDUAL_DROP18_SCALE_DROP18', a pin on submodule 'fp_wrapper' is connected to logic 1 or logic 0. (LINT-32)
   Pin 'x[8]' is connected to logic 0. 
Warning: In design 'oadm_runtime_drop_sweep_RESIDUAL_DROP18_SCALE_DROP18', a pin on submodule 'fp_wrapper' is connected to logic 1 or logic 0. (LINT-32)
   Pin 'x[7]' is connected to logic 0. 
Warning: In design 'oadm_runtime_drop_sweep_RESIDUAL_DROP18_SCALE_DROP18', a pin on submodule 'fp_wrapper' is connected to logic 1 or logic 0. (LINT-32)
   Pin 'x[6]' is connected to logic 0. 
Warning: In design 'oadm_runtime_drop_sweep_RESIDUAL_DROP18_SCALE_DROP18', a pin on submodule 'fp_wrapper' is connected to logic 1 or logic 0. (LINT-32)
   Pin 'x[5]' is connected to logic 0. 
Warning: In design 'oadm_runtime_drop_sweep_RESIDUAL_DROP18_SCALE_DROP18', a pin on submodule 'fp_wrapper' is connected to logic 1 or logic 0. (LINT-32)
   Pin 'x[4]' is connected to logic 0. 
Warning: In design 'oadm_runtime_drop_sweep_RESIDUAL_DROP18_SCALE_DROP18', a pin on submodule 'fp_wrapper' is connected to logic 1 or logic 0. (LINT-32)
   Pin 'x[3]' is connected to logic 0. 
Warning: In design 'oadm_runtime_drop_sweep_RESIDUAL_DROP18_SCALE_DROP18', a pin on submodule 'fp_wrapper' is connected to logic 1 or logic 0. (LINT-32)
   Pin 'x[2]' is connected to logic 0. 
Warning: In design 'oadm_runtime_drop_sweep_RESIDUAL_DROP18_SCALE_DROP18', a pin on submodule 'fp_wrapper' is connected to logic 1 or logic 0. (LINT-32)
   Pin 'x[1]' is connected to logic 0. 
Warning: In design 'oadm_runtime_drop_sweep_RESIDUAL_DROP18_SCALE_DROP18', a pin on submodule 'fp_wrapper' is connected to logic 1 or logic 0. (LINT-32)
   Pin 'x[0]' is connected to logic 0. 
Warning: In design 'oadm_runtime_drop_sweep_RESIDUAL_DROP18_SCALE_DROP18', a pin on submodule 'fp_wrapper' is connected to logic 1 or logic 0. (LINT-32)
   Pin 'y[17]' is connected to logic 0. 
Warning: In design 'oadm_runtime_drop_sweep_RESIDUAL_DROP18_SCALE_DROP18', a pin on submodule 'fp_wrapper' is connected to logic 1 or logic 0. (LINT-32)
   Pin 'y[16]' is connected to logic 0. 
Warning: In design 'oadm_runtime_drop_sweep_RESIDUAL_DROP18_SCALE_DROP18', a pin on submodule 'fp_wrapper' is connected to logic 1 or logic 0. (LINT-32)
   Pin 'y[15]' is connected to logic 0. 
Warning: In design 'oadm_runtime_drop_sweep_RESIDUAL_DROP18_SCALE_DROP18', a pin on submodule 'fp_wrapper' is connected to logic 1 or logic 0. (LINT-32)
   Pin 'y[14]' is connected to logic 0. 
Warning: In design 'oadm_runtime_drop_sweep_RESIDUAL_DROP18_SCALE_DROP18', a pin on submodule 'fp_wrapper' is connected to logic 1 or logic 0. (LINT-32)
   Pin 'y[13]' is connected to logic 0. 
Warning: In design 'oadm_runtime_drop_sweep_RESIDUAL_DROP18_SCALE_DROP18', a pin on submodule 'fp_wrapper' is connected to logic 1 or logic 0. (LINT-32)
   Pin 'y[12]' is connected to logic 0. 
Warning: In design 'oadm_runtime_drop_sweep_RESIDUAL_DROP18_SCALE_DROP18', a pin on submodule 'fp_wrapper' is connected to logic 1 or logic 0. (LINT-32)
   Pin 'y[11]' is connected to logic 0. 
Warning: In design 'oadm_runtime_drop_sweep_RESIDUAL_DROP18_SCALE_DROP18', a pin on submodule 'fp_wrapper' is connected to logic 1 or logic 0. (LINT-32)
   Pin 'y[10]' is connected to logic 0. 
Warning: In design 'oadm_runtime_drop_sweep_RESIDUAL_DROP18_SCALE_DROP18', a pin on submodule 'fp_wrapper' is connected to logic 1 or logic 0. (LINT-32)
   Pin 'y[9]' is connected to logic 0. 
Warning: In design 'oadm_runtime_drop_sweep_RESIDUAL_DROP18_SCALE_DROP18', a pin on submodule 'fp_wrapper' is connected to logic 1 or logic 0. (LINT-32)
   Pin 'y[8]' is connected to logic 0. 
Warning: In design 'oadm_runtime_drop_sweep_RESIDUAL_DROP18_SCALE_DROP18', a pin on submodule 'fp_wrapper' is connected to logic 1 or logic 0. (LINT-32)
   Pin 'y[7]' is connected to logic 0. 
Warning: In design 'oadm_runtime_drop_sweep_RESIDUAL_DROP18_SCALE_DROP18', a pin on submodule 'fp_wrapper' is connected to logic 1 or logic 0. (LINT-32)
   Pin 'y[6]' is connected to logic 0. 
Warning: In design 'oadm_runtime_drop_sweep_RESIDUAL_DROP18_SCALE_DROP18', a pin on submodule 'fp_wrapper' is connected to logic 1 or logic 0. (LINT-32)
   Pin 'y[5]' is connected to logic 0. 
Warning: In design 'oadm_runtime_drop_sweep_RESIDUAL_DROP18_SCALE_DROP18', a pin on submodule 'fp_wrapper' is connected to logic 1 or logic 0. (LINT-32)
   Pin 'y[4]' is connected to logic 0. 
Warning: In design 'oadm_runtime_drop_sweep_RESIDUAL_DROP18_SCALE_DROP18', a pin on submodule 'fp_wrapper' is connected to logic 1 or logic 0. (LINT-32)
   Pin 'y[3]' is connected to logic 0. 
Warning: In design 'oadm_runtime_drop_sweep_RESIDUAL_DROP18_SCALE_DROP18', a pin on submodule 'fp_wrapper' is connected to logic 1 or logic 0. (LINT-32)
   Pin 'y[2]' is connected to logic 0. 
Warning: In design 'oadm_runtime_drop_sweep_RESIDUAL_DROP18_SCALE_DROP18', a pin on submodule 'fp_wrapper' is connected to logic 1 or logic 0. (LINT-32)
   Pin 'y[1]' is connected to logic 0. 
Warning: In design 'oadm_runtime_drop_sweep_RESIDUAL_DROP18_SCALE_DROP18', a pin on submodule 'fp_wrapper' is connected to logic 1 or logic 0. (LINT-32)
   Pin 'y[0]' is connected to logic 0. 
Warning: In design 'oadm_runtime_drop_sweep_RESIDUAL_DROP18_SCALE_DROP18', a pin on submodule 'fp_wrapper' is connected to logic 1 or logic 0. (LINT-32)
   Pin 'result_fraction[9]' is connected to logic 0. 
Warning: In design 'oadm_runtime_drop_sweep_RESIDUAL_DROP18_SCALE_DROP18', a pin on submodule 'fp_wrapper' is connected to logic 1 or logic 0. (LINT-32)
   Pin 'result_fraction[8]' is connected to logic 0. 
Warning: In design 'oadm_runtime_drop_sweep_RESIDUAL_DROP18_SCALE_DROP18', a pin on submodule 'fp_wrapper' is connected to logic 1 or logic 0. (LINT-32)
   Pin 'result_fraction[7]' is connected to logic 0. 
Warning: In design 'oadm_runtime_drop_sweep_RESIDUAL_DROP18_SCALE_DROP18', a pin on submodule 'fp_wrapper' is connected to logic 1 or logic 0. (LINT-32)
   Pin 'result_fraction[6]' is connected to logic 0. 
Warning: In design 'oadm_runtime_drop_sweep_RESIDUAL_DROP18_SCALE_DROP18', a pin on submodule 'fp_wrapper' is connected to logic 1 or logic 0. (LINT-32)
   Pin 'result_fraction[5]' is connected to logic 0. 
Warning: In design 'oadm_runtime_drop_sweep_RESIDUAL_DROP18_SCALE_DROP18', a pin on submodule 'fp_wrapper' is connected to logic 1 or logic 0. (LINT-32)
   Pin 'result_fraction[4]' is connected to logic 0. 
Warning: In design 'oadm_runtime_drop_sweep_RESIDUAL_DROP18_SCALE_DROP18', a pin on submodule 'fp_wrapper' is connected to logic 1 or logic 0. (LINT-32)
   Pin 'result_fraction[3]' is connected to logic 0. 
Warning: In design 'oadm_runtime_drop_sweep_RESIDUAL_DROP18_SCALE_DROP18', a pin on submodule 'fp_wrapper' is connected to logic 1 or logic 0. (LINT-32)
   Pin 'result_fraction[2]' is connected to logic 0. 
Warning: In design 'oadm_runtime_drop_sweep_RESIDUAL_DROP18_SCALE_DROP18', a pin on submodule 'fp_wrapper' is connected to logic 1 or logic 0. (LINT-32)
   Pin 'result_fraction[1]' is connected to logic 0. 
Warning: In design 'oadm_runtime_drop_sweep_RESIDUAL_DROP18_SCALE_DROP18', a pin on submodule 'fp_wrapper' is connected to logic 1 or logic 0. (LINT-32)
   Pin 'result_fraction[0]' is connected to logic 0. 
Warning: In design 'oadm_runtime_drop_sweep_RESIDUAL_DROP18_SCALE_DROP18', the same net is connected to more than one pin on submodule 'fp_wrapper'. (LINT-33)
   Net 'exponent_adjust[2]' is connected to pins 'exponent_adjust[2]', 'exponent_adjust[1]''.
Warning: In design 'oadm_runtime_plane_pruned_RESIDUAL_DROP18', the same net is connected to more than one pin on submodule 'mult_69'. (LINT-33)
   Net 'n44' is connected to pins 'a[5]', 'b[5]''.
Warning: In design 'oadm_runtime_plane_pruned_RESIDUAL_DROP18', the same net is connected to more than one pin on submodule 'mult_69'. (LINT-33)
   Net 'y_midpoint[0]' is connected to pins 'a[0]', 'b[0]''.
Warning: In design 'oadm_runtime_drop_r18_s18', output port 'result[9]' is connected directly to 'logic 0'. (LINT-52)
Warning: In design 'oadm_runtime_drop_r18_s18', output port 'result[8]' is connected directly to 'logic 0'. (LINT-52)
Warning: In design 'oadm_runtime_drop_r18_s18', output port 'result[7]' is connected directly to 'logic 0'. (LINT-52)
Warning: In design 'oadm_runtime_drop_r18_s18', output port 'result[6]' is connected directly to 'logic 0'. (LINT-52)
Warning: In design 'oadm_runtime_drop_r18_s18', output port 'result[5]' is connected directly to 'logic 0'. (LINT-52)
Warning: In design 'oadm_runtime_drop_r18_s18', output port 'result[4]' is connected directly to 'logic 0'. (LINT-52)
Warning: In design 'oadm_runtime_drop_r18_s18', output port 'result[3]' is connected directly to 'logic 0'. (LINT-52)
Warning: In design 'oadm_runtime_drop_r18_s18', output port 'result[2]' is connected directly to 'logic 0'. (LINT-52)
Warning: In design 'oadm_runtime_drop_r18_s18', output port 'result[1]' is connected directly to 'logic 0'. (LINT-52)
Warning: In design 'oadm_runtime_drop_r18_s18', output port 'result[0]' is connected directly to 'logic 0'. (LINT-52)
1
 
****************************************
Report : area
Design : oadm_runtime_drop_r18_s18
Version: U-2022.12-SP7
Date   : Thu Sep  3 19:00:46 2026
****************************************

Library(s) Used:

    tcbn65gplustc_ccs (File: /courses/ee6350/pdk2025/tcbn65gplus/TSMCHOME/digital/Front_End/timing_power_noise/CCS/tcbn65gplus_200a/tcbn65gplustc_ccs.db)

Number of ports:                          595
Number of nets:                          1203
Number of cells:                          752
Number of combinational cells:            622
Number of sequential cells:                 0
Number of macros/black boxes:               0
Number of buf/inv:                        122
Number of references:                       2

Combinational area:               2183.400019
Buf/Inv area:                      141.120006
Noncombinational area:               0.000000
Macro/Black Box area:                0.000000
Net Interconnect area:      undefined  (Wire load has zero net area)

Total cell area:                  2183.400019
Total area:                 undefined
1
 
****************************************
Report : area
Design : oadm_runtime_drop_r18_s18
Version: U-2022.12-SP7
Date   : Thu Sep  3 19:00:46 2026
****************************************

Library(s) Used:

    tcbn65gplustc_ccs (File: /courses/ee6350/pdk2025/tcbn65gplus/TSMCHOME/digital/Front_End/timing_power_noise/CCS/tcbn65gplus_200a/tcbn65gplustc_ccs.db)

Number of ports:                          595
Number of nets:                          1203
Number of cells:                          752
Number of combinational cells:            622
Number of sequential cells:                 0
Number of macros/black boxes:               0
Number of buf/inv:                        122
Number of references:                       2

Combinational area:               2183.400019
Buf/Inv area:                      141.120006
Noncombinational area:               0.000000
Macro/Black Box area:                0.000000
Net Interconnect area:      undefined  (Wire load has zero net area)

Total cell area:                  2183.400019
Total area:                 undefined

Hierarchical area distribution
------------------------------

                                  Global cell area          Local cell area
                                  ------------------  ---------------------------- 
Hierarchical cell                 Absolute   Percent  Combi-     Noncombi-  Black-
                                  Total      Total    national   national   boxes   Design
--------------------------------  ---------  -------  ---------  ---------  ------  --------------------------------------------------------------------------------
oadm_runtime_drop_r18_s18         2183.4000    100.0     2.8800     0.0000  0.0000  oadm_runtime_drop_r18_s18
implementation                    2180.5200     99.9   183.9600     0.0000  0.0000  oadm_runtime_drop_sweep_RESIDUAL_DROP18_SCALE_DROP18
implementation/fp_wrapper          370.4400     17.0   238.6800     0.0000  0.0000  fp32_normal_finite_wrapper
implementation/fp_wrapper/add_1_root_add_0_root_add_22_2
                                    65.8800      3.0    65.8800     0.0000  0.0000  fp32_normal_finite_wrapper_DW01_add_1_DW01_add_9
implementation/fp_wrapper/add_1_root_add_0_root_add_25_2
                                    65.8800      3.0    65.8800     0.0000  0.0000  fp32_normal_finite_wrapper_DW01_add_3_DW01_add_11
implementation/mult_56             426.6000     19.5   426.6000     0.0000  0.0000  oadm_runtime_drop_sweep_RESIDUAL_DROP18_SCALE_DROP18_DW_mult_uns_0_DW_mult_uns_1
implementation/plane              1199.5200     54.9   402.4800     0.0000  0.0000  oadm_runtime_plane_pruned_RESIDUAL_DROP18
implementation/plane/mult_58       273.2400     12.5   273.2400     0.0000  0.0000  oadm_runtime_plane_pruned_RESIDUAL_DROP18_DW_mult_tc_0
implementation/plane/mult_60       273.2400     12.5   273.2400     0.0000  0.0000  oadm_runtime_plane_pruned_RESIDUAL_DROP18_DW_mult_tc_1
implementation/plane/mult_69       250.5600     11.5   250.5600     0.0000  0.0000  oadm_runtime_plane_pruned_RESIDUAL_DROP18_DW_mult_uns_0
--------------------------------  ---------  -------  ---------  ---------  ------  --------------------------------------------------------------------------------
Total                                                 2183.4000     0.0000  0.0000

1
Information: Propagating switching activity (medium effort zero delay simulation). (PWR-6)
Warning: Design has unannotated primary inputs. (PWR-414)
 
****************************************
Report : power
        -hier
        -analysis_effort medium
        -verbose
Design : oadm_runtime_drop_r18_s18
Version: U-2022.12-SP7
Date   : Thu Sep  3 19:00:46 2026
****************************************


Library(s) Used:

    tcbn65gplustc_ccs (File: /courses/ee6350/pdk2025/tcbn65gplus/TSMCHOME/digital/Front_End/timing_power_noise/CCS/tcbn65gplus_200a/tcbn65gplustc_ccs.db)


Operating Conditions: NCCOM   Library: tcbn65gplustc_ccs
Wire Load Model Mode: segmented

Design        Wire Load Model            Library
------------------------------------------------
oadm_runtime_drop_r18_s18
                       ZeroWireload      tcbn65gplustc_ccs
oadm_runtime_drop_sweep_RESIDUAL_DROP18_SCALE_DROP18
                       ZeroWireload      tcbn65gplustc_ccs
oadm_runtime_plane_pruned_RESIDUAL_DROP18
                       ZeroWireload      tcbn65gplustc_ccs
fp32_normal_finite_wrapper
                       ZeroWireload      tcbn65gplustc_ccs
oadm_runtime_plane_pruned_RESIDUAL_DROP18_DW_mult_tc_0
                       ZeroWireload      tcbn65gplustc_ccs
oadm_runtime_plane_pruned_RESIDUAL_DROP18_DW_mult_tc_1
                       ZeroWireload      tcbn65gplustc_ccs
oadm_runtime_plane_pruned_RESIDUAL_DROP18_DW_mult_uns_0
                       ZeroWireload      tcbn65gplustc_ccs
oadm_runtime_drop_sweep_RESIDUAL_DROP18_SCALE_DROP18_DW_mult_uns_0_DW_mult_uns_1
                       ZeroWireload      tcbn65gplustc_ccs
fp32_normal_finite_wrapper_DW01_add_1_DW01_add_9
                       ZeroWireload      tcbn65gplustc_ccs
fp32_normal_finite_wrapper_DW01_add_3_DW01_add_11
                       ZeroWireload      tcbn65gplustc_ccs


Global Operating Voltage = 1    
Power-specific unit information :
    Voltage Units = 1V
    Capacitance Units = 1.000000pf
    Time Units = 1ns
    Dynamic Power Units = 1mW    (derived from V,C,T units)
    Leakage Power Units = 1nW


--------------------------------------------------------------------------------
                                       Switch   Int      Leak     Total
Hierarchy                              Power    Power    Power    Power    %
--------------------------------------------------------------------------------
oadm_runtime_drop_r18_s18              1.83e-02 5.11e-02 1.31e+04 8.25e-02 100.0
  implementation (oadm_runtime_drop_sweep_RESIDUAL_DROP18_SCALE_DROP18)
                                       1.82e-02 5.11e-02 1.31e+04 8.23e-02  99.8
    mult_56 (oadm_runtime_drop_sweep_RESIDUAL_DROP18_SCALE_DROP18_DW_mult_uns_0_DW_mult_uns_1)
                                       4.18e-03 1.42e-02 2.77e+03 2.11e-02  25.6
    fp_wrapper (fp32_normal_finite_wrapper)
                                       3.03e-03 9.99e-03 2.44e+03 1.55e-02  18.8
      add_1_root_add_0_root_add_22_2 (fp32_normal_finite_wrapper_DW01_add_1_DW01_add_9)
                                       2.65e-04 1.71e-03  451.254 2.42e-03   2.9
      add_1_root_add_0_root_add_25_2 (fp32_normal_finite_wrapper_DW01_add_3_DW01_add_11)
                                       2.71e-04 1.77e-03  456.202 2.49e-03   3.0
    plane (oadm_runtime_plane_pruned_RESIDUAL_DROP18)
                                       8.39e-03 2.41e-02 7.04e+03 3.96e-02  48.0
      mult_58 (oadm_runtime_plane_pruned_RESIDUAL_DROP18_DW_mult_tc_0)
                                       2.10e-03 4.89e-03 1.55e+03 8.55e-03  10.4
      mult_60 (oadm_runtime_plane_pruned_RESIDUAL_DROP18_DW_mult_tc_1)
                                       2.12e-03 4.94e-03 1.55e+03 8.61e-03  10.4
      mult_69 (oadm_runtime_plane_pruned_RESIDUAL_DROP18_DW_mult_uns_0)
                                       1.26e-03 3.38e-03 1.44e+03 6.08e-03   7.4
1
 
****************************************
Report : constraint
        -all_violators
        -verbose
Design : oadm_runtime_drop_r18_s18
Version: U-2022.12-SP7
Date   : Thu Sep  3 19:00:46 2026
****************************************


    Design: oadm_runtime_drop_r18_s18

    max_area               0.00
  - Current Area        2183.40
  ------------------------------
    Slack              -2183.40  (VIOLATED)


1
