****************************************
Report : Averaged Power
	-hierarchy
	-significant_digits
Design : input_l3_control_b23
Version: U-2022.12-SP5
Date   : Sat Sep  5 15:12:22 2026
****************************************



                                      Int      Switch   Leak     Total
Hierarchy                             Power    Power    Power    Power    %
----------------------------------------------------------------------------------
input_l3_control_b23                  5.39e-05 1.81e-05 1.14e-05 8.34e-05 100.0
  dut (oadm_fixed_l3_div_specialized) 5.39e-05 1.81e-05 1.14e-05 8.34e-05 100.0
    implementation (oadm_fixed_div_specialized_3_16_16_8_e3_b6_95_7c_69_5a_4e_44)
                                      5.39e-05 1.81e-05 1.14e-05 8.34e-05 100.0
      plane (oadm_fixed_div_specialized_plane_LEVEL3_RESIDUAL_DROP16)
                                      2.48e-05 6.23e-06 5.50e-06 3.66e-05  43.8
        mult_54 (oadm_fixed_div_specialized_plane_LEVEL3_RESIDUAL_DROP16_DW_mult_uns_0)
                                      4.59e-06 1.20e-06 1.31e-06 7.10e-06   8.5
        mult_42 (oadm_fixed_div_specialized_plane_LEVEL3_RESIDUAL_DROP16_DW_mult_tc_0)
                                      5.82e-06 1.81e-06 1.51e-06 9.14e-06  11.0
        mult_44 (oadm_fixed_div_specialized_plane_LEVEL3_RESIDUAL_DROP16_DW_mult_tc_1)
                                      5.81e-06 1.62e-06 1.51e-06 8.94e-06  10.7
      fp_wrapper (fp32_normal_finite_wrapper)
                                      5.66e-06 2.89e-06 1.30e-06 9.84e-06  11.8
        add_1_root_add_0_root_add_22_2 (fp32_normal_finite_wrapper_DW01_add_1_DW01_add_4)
                                      1.70e-06 2.64e-07 4.52e-07 2.42e-06   2.9
      mult_121 (oadm_fixed_div_specialized_3_16_16_8_e3_b6_95_7c_69_5a_4e_44_DW_mult_uns_0_DW_mult_uns_1)
                                      2.15e-05 6.79e-06 4.13e-06 3.24e-05  38.8
1
