###############################################################
#  Generated by:      Cadence Innovus 21.16-s078_1
#  OS:                Linux x86_64(Host ID micro03)
#  Generated on:      Wed Jul 22 04:17:07 2026
#  Design:            oadm_dm
#  Command:           reportCritNet -outfile oadm_dm.critnet.rpt
###############################################################
mantissa_core/FE_PSN1651_n304
FE_PSBN3521_core_value_22
mantissa_core/FE_PSN1632_n178
FE_PSN1631_n287
FE_PSN1629_n601
FE_PSBN3520_core_value_26
FE_PSN1615_n531
FE_PSN1614_FE_RN_13
FE_PSN1613_n667
mantissa_core/division_scale/FE_OCPN1599_FE_OFN86_shared_plane_13
mantissa_core/FE_OCPN1578_n2768
mantissa_core/division_scale/FE_OCPN1523_FE_RN_514_0
mantissa_core/division_scale/FE_OCPN1521_shared_plane_27
FE_OCPN1474_n339
mantissa_core/FE_OCPN1457_FE_OFN2722_y_1
mantissa_core/division_scale/FE_OCPN1451_n1035
mantissa_core/FE_OCPN1446_FE_RN_45
mantissa_core/division_scale/FE_OCPN1436_n919
mantissa_core/FE_RN_74
mantissa_core/FE_RN_935_0
mantissa_core/FE_RN_22
mantissa_core/division_scale/FE_RN_929_0
mantissa_core/FE_RN_907_0
FE_RN_892_0
mantissa_core/FE_RN_874_0
mantissa_core/FE_RN_873_0
mantissa_core/FE_RN_871_0
mantissa_core/division_scale/FE_RN_847_0
mantissa_core/FE_RN_155
mantissa_core/csa_level_1/FE_RN_817_0
mantissa_core/FE_RN_812_0
mantissa_core/FE_OCPN1407_n2719
mantissa_core/csa_level_1/FE_RN_780_0
mantissa_core/FE_RN_149
FE_RN_778_0
FE_OCPN3511_n239
mantissa_core/FE_RN_140
mantissa_core/FE_RN_777_0
mantissa_core/FE_RN_776_0
mantissa_core/division_scale/FE_RN_774_0
mantissa_core/division_scale/FE_RN_773_0
mantissa_core/division_scale/FE_RN_772_0
FE_OCPN3506_y_2
mantissa_core/division_scale/FE_RN_770_0
mantissa_core/division_scale/FE_RN_768_0
mantissa_core/division_scale/FE_RN_767_0
mantissa_core/division_scale/FE_RN_765_0
mantissa_core/division_scale/FE_RN_32
mantissa_core/division_scale/FE_RN_22
mantissa_core/FE_RN_126
mantissa_core/division_scale/FE_RN_757_0
mantissa_core/division_scale/FE_RN_756_0
mantissa_core/FE_RN_114
mantissa_core/FE_RN_109
mantissa_core/FE_OCPN3505_y_0
mantissa_core/csa_level_1/FE_RN_752_0
mantissa_core/csa_level_1/FE_RN_751_0
mantissa_core/division_scale/FE_RN_17
mantissa_core/division_scale/FE_RN_749_0
mantissa_core/division_scale/FE_RN_748_0
mantissa_core/FE_RN_105
mantissa_core/division_scale/FE_RN_41
mantissa_core/division_scale/FE_RN_37
mantissa_core/FE_RN_90
mantissa_core/FE_RN_84
mantissa_core/FE_RN_83
mantissa_core/division_scale/FE_RN_34
FE_RN_17
FE_RN_16
FE_RN_15
mantissa_core/FE_OCPN1393_n3350
FE_RN_13
FE_RN_12
mantissa_core/division_scale/FE_OCPN1389_n191
FE_OCPN1387_n427
mantissa_core/division_scale/FE_RN_1
FE_OCPN3503_n287
mantissa_core/FE_OFN3500_n2719
mantissa_core/division_scale/FE_OFN1384_n918
mantissa_core/FE_OFN1372_n2554
mantissa_core/FE_OFN1365_n1053
FE_OFN1358_n287
FE_OFN1356_n198
mantissa_core/division_scale/FE_OFN1353_shared_plane_22
mantissa_core/FE_OFN1352_n2899
mantissa_core/division_scale/FE_OFN1346_n919
mantissa_core/csa_level_1/FE_RN_727_0
mantissa_core/csa_level_1/FE_RN_726_0
mantissa_core/csa_level_1/FE_RN_725_0
mantissa_core/FE_RN_54
mantissa_core/FE_RN_722_0
mantissa_core/FE_OCPN3474_n178
mantissa_core/FE_RN_63
mantissa_core/division_scale/FE_RN_29
mantissa_core/FE_RN_716_0
mantissa_core/FE_OCPN3467_y_3
mantissa_core/division_scale/FE_RN_27
FE_OCPN1321_FE_RN_303_0
mantissa_core/division_scale/FE_RN_635_0
mantissa_core/FE_RN_60
mantissa_core/division_scale/FE_RN_552_0
mantissa_core/csa_level_1/FE_RN_528_0
mantissa_core/csa_level_1/FE_RN_527_0
mantissa_core/FE_RN_55
mantissa_core/division_scale/FE_RN_514_0
mantissa_core/division_scale/FE_RN_509_0
mantissa_core/FE_RN_498_0
mantissa_core/FE_RN_497_0
mantissa_core/FE_RN_496_0
mantissa_core/FE_RN_460_0
mantissa_core/FE_RN_455_0
mantissa_core/division_scale/FE_RN_21
mantissa_core/FE_RN_419_0
mantissa_core/FE_RN_418_0
mantissa_core/FE_RN_416_0
mantissa_core/FE_RN_409_0
mantissa_core/FE_RN_400_0
mantissa_core/FE_RN_398_0
mantissa_core/division_scale/FE_RN_20
mantissa_core/csa_level_1/FE_RN_393_0
FE_OCPN3453_FE_RN_8
FE_OCPN3452_FE_RN_8
FE_OCPN3451_FE_RN_8
mantissa_core/division_scale/FE_RN_384_0
FE_RN_11
mantissa_core/FE_RN_47
mantissa_core/division_scale/FE_RN_380_0
FE_RN_9
mantissa_core/FE_OCPN1302_n917
mantissa_core/FE_RN_45
mantissa_core/division_scale/FE_RN_18
FE_RN_368_0
mantissa_core/division_scale/FE_RN_16
mantissa_core/division_scale/FE_RN_364_0
mantissa_core/division_scale/FE_RN_358_0
mantissa_core/division_scale/FE_RN_357_0
mantissa_core/division_scale/FE_RN_15
mantissa_core/division_scale/FE_RN_14
mantissa_core/division_scale/FE_RN_339_0
mantissa_core/division_scale/FE_RN_338_0
mantissa_core/division_scale/FE_RN_332_0
mantissa_core/division_scale/FE_RN_331_0
mantissa_core/FE_RN_329_0
FE_RN_10
FE_RN_326_0
mantissa_core/FE_RN_40
FE_RN_8
mantissa_core/FE_RN_34
mantissa_core/division_scale/FE_RN_11
mantissa_core/division_scale/FE_RN_10
mantissa_core/FE_RN_27
mantissa_core/division_scale/FE_RN_7
mantissa_core/FE_RN_307_0
mantissa_core/division_scale/FE_RN_305_0
FE_RN_303_0
mantissa_core/FE_RN_18
mantissa_core/FE_RN_7
FE_RN_296_0
FE_OCPN1239_n165
mantissa_core/division_scale/FE_RN_275_0
mantissa_core/FE_RN_262_0
mantissa_core/FE_RN_261_0
mantissa_core/FE_RN_243_0
mantissa_core/FE_RN_242_0
mantissa_core/FE_RN_231_0
mantissa_core/FE_RN_230_0
mantissa_core/FE_RN_229_0
FE_RN_7
mantissa_core/division_scale/FE_RN_5
mantissa_core/FE_RN_210_0
mantissa_core/FE_OCPN3441_n2086
mantissa_core/division_scale/FE_RN_192_0
mantissa_core/division_scale/FE_RN_191_0
FE_RN_6
mantissa_core/FE_RN_174_0
mantissa_core/FE_RN_15
mantissa_core/FE_RN_14
mantissa_core/division_scale/FE_RN_154_0
mantissa_core/division_scale/FE_RN_150_0
mantissa_core/division_scale/FE_RN_149_0
mantissa_core/division_scale/FE_RN_148_0
mantissa_core/division_scale/FE_RN_147_0
mantissa_core/FE_RN_123_0
mantissa_core/division_scale/FE_RN_109_0
mantissa_core/division_scale/FE_RN_108_0
mantissa_core/division_scale/FE_RN_107_0
mantissa_core/division_scale/FE_RN_95_0
mantissa_core/division_scale/FE_RN_4
mantissa_core/FE_OCPN1175_n1053
mantissa_core/FE_RN_60_0
mantissa_core/division_scale/FE_RN_52_0
mantissa_core/division_scale/FE_RN_49_0
mantissa_core/FE_RN_8
mantissa_core/division_scale/FE_RN_48_0
FE_RN_45_0
FE_RN_43_0
mantissa_core/FE_RN_42_0
FE_OCPN1140_n229
FE_OCPN1138_n339
FE_OCPN1136_n286
mantissa_core/division_scale/FE_RN_2
FE_RN_4
mantissa_core/FE_RN_37_0
FE_RN_3
mantissa_core/FE_RN_2
mantissa_core/FE_RN_1
FE_RN_1
FE_RN_17_0
FE_RN_16_0
mantissa_core/FE_RN_14_0
mantissa_core/FE_RN_10_0
FE_OCPN3435_n158
FE_OFN1125_y_5
FE_OFN1121_divide_mode
FE_OFN3416_n420
mantissa_core/division_scale/FE_OFN3413_shared_plane_7
mantissa_core/csa_level_1/FE_OFN3402_n2299
mantissa_core/FE_OFN2808_shared_plane_22
mantissa_core/FE_OFN2770_shared_plane_13
mantissa_core/division_scale/FE_OFN2766_shared_plane_16
FE_OFN2722_y_1
mantissa_core/FE_OFN2721_n2296
FE_OFN96_n286
mantissa_core/division_scale/FE_OFN86_shared_plane_13
mantissa_core/division_scale/FE_OFN84_shared_plane_16
mantissa_core/division_scale/FE_OFN83_shared_plane_22
mantissa_core/division_scale/FE_OFN81_shared_plane_25
mantissa_core/division_scale/FE_OFN80_shared_plane_26
mantissa_core/division_scale/FE_OFN79_shared_plane_28
FE_OFN63_n531
FE_OFN61_n216
FE_OFN60_n198
x[1]
y[5]
y[3]
y[2]
y[1]
y[0]
divide_mode
result[22]
result[21]
result[20]
result[18]
result[17]
result[16]
result[15]
result[14]
result[13]
result[12]
result[10]
result[9]
result[8]
result[7]
result[6]
result[5]
result[4]
result[3]
result[2]
result[1]
result[0]
n155
n157
n158
n159
n164
n165
n166
n167
n168
n169
n189
n190
n193
n194
n197
n198
n203
n205
n207
n215
n216
n217
n218
n219
n220
n222
n227
n230
n233
n239
n286
n287
n288
n289
n303
n304
n315
n316
n329
n330
n334
n335
n338
n339
n347
n349
n353
n354
n355
n359
n365
n366
n367
n376
n378
n388
n389
n398
n399
n400
n409
n410
n411
n412
n413
n414
n415
n416
n417
n419
n420
n421
n422
n423
n424
n425
n426
n427
n433
n434
n440
n450
n451
n454
n482
n512
n513
n529
n530
n531
n535
n540
n545
n546
n547
n561
n570
n571
n572
n583
n593
n594
n596
n601
n603
n604
n606
n608
n620
n622
n629
n630
n631
n645
n649
n651
n653
n655
n666
n667
n668
core_value[27]
core_value[26]
core_value[25]
core_value[24]
core_value[23]
core_value[22]
core_value[21]
mantissa_core/n7
mantissa_core/n12
mantissa_core/n13
mantissa_core/n14
mantissa_core/n41
mantissa_core/n60
mantissa_core/n67
mantissa_core/n77
mantissa_core/n102
mantissa_core/n124
mantissa_core/n127
mantissa_core/n134
mantissa_core/n136
mantissa_core/n145
mantissa_core/n147
mantissa_core/n151
mantissa_core/n156
mantissa_core/n162
mantissa_core/n164
mantissa_core/n175
mantissa_core/n178
mantissa_core/n205
mantissa_core/n295
mantissa_core/n309
mantissa_core/n342
mantissa_core/n344
mantissa_core/n346
mantissa_core/n347
mantissa_core/n349
mantissa_core/n350
mantissa_core/n377
mantissa_core/n390
mantissa_core/n392
mantissa_core/n394
mantissa_core/n404
mantissa_core/n409
mantissa_core/n411
mantissa_core/n419
mantissa_core/n420
mantissa_core/n421
mantissa_core/n422
mantissa_core/n428
mantissa_core/n434
mantissa_core/n435
mantissa_core/n539
mantissa_core/n545
mantissa_core/n547
mantissa_core/n548
mantissa_core/n549
mantissa_core/n550
mantissa_core/n554
mantissa_core/n557
mantissa_core/n558
mantissa_core/n564
mantissa_core/n565
mantissa_core/n579
mantissa_core/n616
mantissa_core/n617
mantissa_core/n618
mantissa_core/n699
mantissa_core/n725
mantissa_core/n726
mantissa_core/n734
mantissa_core/n740
mantissa_core/n741
mantissa_core/n765
mantissa_core/n771
mantissa_core/n772
mantissa_core/n781
mantissa_core/n792
mantissa_core/n798
mantissa_core/n805
mantissa_core/n808
mantissa_core/n809
mantissa_core/n810
mantissa_core/n820
mantissa_core/n851
mantissa_core/n854
mantissa_core/n860
mantissa_core/n864
mantissa_core/n882
mantissa_core/n883
mantissa_core/n887
mantissa_core/n888
mantissa_core/n917
mantissa_core/n928
mantissa_core/n942
mantissa_core/n943
mantissa_core/n944
mantissa_core/n945
mantissa_core/n946
mantissa_core/n947
mantissa_core/n954
mantissa_core/n967
mantissa_core/n969
mantissa_core/n971
mantissa_core/n974
mantissa_core/n975
mantissa_core/n1007
mantissa_core/n1008
mantissa_core/n1012
mantissa_core/n1025
mantissa_core/n1026
mantissa_core/n1047
mantissa_core/n1053
mantissa_core/n1065
mantissa_core/n1066
mantissa_core/n1067
mantissa_core/n1109
mantissa_core/n1130
mantissa_core/n1131
mantissa_core/n1132
mantissa_core/n1133
mantissa_core/n1134
mantissa_core/n1135
mantissa_core/n1150
mantissa_core/n1219
mantissa_core/n1220
mantissa_core/n1225
mantissa_core/n1230
mantissa_core/n1265
mantissa_core/n1266
mantissa_core/n1283
mantissa_core/n1284
mantissa_core/n1285
mantissa_core/n1312
mantissa_core/n1313
mantissa_core/n1314
mantissa_core/n1316
mantissa_core/n1321
mantissa_core/n1325
mantissa_core/n1333
mantissa_core/n1336
mantissa_core/n1460
mantissa_core/n1477
mantissa_core/n1525
mantissa_core/n1528
mantissa_core/n1539
mantissa_core/n1540
mantissa_core/n1560
mantissa_core/n1584
mantissa_core/n1585
mantissa_core/n1586
mantissa_core/n1590
mantissa_core/n1595
mantissa_core/n1596
mantissa_core/n1601
mantissa_core/n1602
mantissa_core/n1604
mantissa_core/n1605
mantissa_core/n1613
mantissa_core/n1614
mantissa_core/n1644
mantissa_core/n1663
mantissa_core/n1753
mantissa_core/n1780
mantissa_core/n1783
mantissa_core/n1792
mantissa_core/n1801
mantissa_core/n1815
mantissa_core/n1854
mantissa_core/n1903
mantissa_core/n1929
mantissa_core/n1940
mantissa_core/n1941
mantissa_core/n2012
mantissa_core/n2040
mantissa_core/n2064
mantissa_core/n2072
mantissa_core/n2074
mantissa_core/n2086
mantissa_core/n2108
mantissa_core/n2109
mantissa_core/n2110
mantissa_core/n2112
mantissa_core/n2117
mantissa_core/n2119
mantissa_core/n2123
mantissa_core/n2148
mantissa_core/n2155
mantissa_core/n2178
mantissa_core/n2193
mantissa_core/n2208
mantissa_core/n2222
mantissa_core/n2278
mantissa_core/n2282
mantissa_core/n2283
mantissa_core/n2284
mantissa_core/n2294
mantissa_core/n2296
mantissa_core/n2299
mantissa_core/n2342
mantissa_core/n2367
mantissa_core/n2368
mantissa_core/n2434
mantissa_core/n2443
mantissa_core/n2444
mantissa_core/n2550
mantissa_core/n2554
mantissa_core/n2556
mantissa_core/n2558
mantissa_core/n2559
mantissa_core/n2560
mantissa_core/n2561
mantissa_core/n2598
mantissa_core/n2652
mantissa_core/n2653
mantissa_core/n2671
mantissa_core/n2675
mantissa_core/n2676
mantissa_core/n2680
mantissa_core/n2695
mantissa_core/n2708
mantissa_core/n2719
mantissa_core/n2749
mantissa_core/n2752
mantissa_core/n2767
mantissa_core/n2768
mantissa_core/n2781
mantissa_core/n2884
mantissa_core/n2899
mantissa_core/n2966
mantissa_core/n2967
mantissa_core/n3048
mantissa_core/n3128
mantissa_core/n3319
mantissa_core/n3320
mantissa_core/n3350
mantissa_core/n3364
mantissa_core/n3367
mantissa_core/n3376
mantissa_core/n3455
mantissa_core/n3463
mantissa_core/n3477
mantissa_core/n3479
mantissa_core/n3488
mantissa_core/n3496
mantissa_core/n3581
mantissa_core/n3729
mantissa_core/n3733
mantissa_core/n3734
mantissa_core/n3735
mantissa_core/n3736
mantissa_core/n3737
mantissa_core/n3738
mantissa_core/n3739
mantissa_core/n3740
mantissa_core/n3743
mantissa_core/n3744
mantissa_core/n3840
mantissa_core/n3867
mantissa_core/n3868
mantissa_core/base_plane[6]
mantissa_core/base_plane[4]
mantissa_core/csa_sum_0[6]
mantissa_core/csa_sum_0[4]
mantissa_core/csa_carry_0[8]
mantissa_core/csa_sum_1[8]
mantissa_core/csa_sum_1[7]
mantissa_core/csa_sum_1[6]
mantissa_core/csa_sum_1[4]
mantissa_core/csa_sum_1[3]
mantissa_core/csa_carry_1[5]
mantissa_core/shared_plane[28]
mantissa_core/shared_plane[27]
mantissa_core/shared_plane[26]
mantissa_core/shared_plane[25]
mantissa_core/shared_plane[24]
mantissa_core/shared_plane[22]
mantissa_core/shared_plane[21]
mantissa_core/shared_plane[16]
mantissa_core/shared_plane[15]
mantissa_core/shared_plane[13]
mantissa_core/shared_plane[7]
mantissa_core/divided_plane[27]
mantissa_core/divided_plane[26]
mantissa_core/divided_plane[25]
mantissa_core/divided_plane[24]
mantissa_core/divided_plane[23]
mantissa_core/divided_plane[22]
mantissa_core/divided_plane[21]
mantissa_core/csa_level_0/n12
mantissa_core/csa_level_0/n15
mantissa_core/csa_level_0/n30
mantissa_core/csa_level_0/n38
mantissa_core/csa_level_1/n3
mantissa_core/csa_level_1/n4
mantissa_core/csa_level_1/n11
mantissa_core/csa_level_1/n22
mantissa_core/csa_level_1/n28
mantissa_core/csa_level_1/n70
mantissa_core/csa_level_1/n71
mantissa_core/csa_level_1/n86
mantissa_core/csa_level_1/n100
mantissa_core/division_scale/n8
mantissa_core/division_scale/n16
mantissa_core/division_scale/n18
mantissa_core/division_scale/n29
mantissa_core/division_scale/n43
mantissa_core/division_scale/n54
mantissa_core/division_scale/n56
mantissa_core/division_scale/n64
mantissa_core/division_scale/n75
mantissa_core/division_scale/n76
mantissa_core/division_scale/n78
mantissa_core/division_scale/n99
mantissa_core/division_scale/n105
mantissa_core/division_scale/n107
mantissa_core/division_scale/n108
mantissa_core/division_scale/n119
mantissa_core/division_scale/n124
mantissa_core/division_scale/n126
mantissa_core/division_scale/n127
mantissa_core/division_scale/n128
mantissa_core/division_scale/n129
mantissa_core/division_scale/n149
mantissa_core/division_scale/n150
mantissa_core/division_scale/n151
mantissa_core/division_scale/n160
mantissa_core/division_scale/n161
mantissa_core/division_scale/n162
mantissa_core/division_scale/n164
mantissa_core/division_scale/n166
mantissa_core/division_scale/n178
mantissa_core/division_scale/n179
mantissa_core/division_scale/n191
mantissa_core/division_scale/n192
mantissa_core/division_scale/n194
mantissa_core/division_scale/n196
mantissa_core/division_scale/n203
mantissa_core/division_scale/n206
mantissa_core/division_scale/n208
mantissa_core/division_scale/n209
mantissa_core/division_scale/n221
mantissa_core/division_scale/n226
mantissa_core/division_scale/n228
mantissa_core/division_scale/n229
mantissa_core/division_scale/n271
mantissa_core/division_scale/n285
mantissa_core/division_scale/n291
mantissa_core/division_scale/n292
mantissa_core/division_scale/n298
mantissa_core/division_scale/n304
mantissa_core/division_scale/n320
mantissa_core/division_scale/n327
mantissa_core/division_scale/n330
mantissa_core/division_scale/n331
mantissa_core/division_scale/n336
mantissa_core/division_scale/n340
mantissa_core/division_scale/n341
mantissa_core/division_scale/n356
mantissa_core/division_scale/n371
mantissa_core/division_scale/n377
mantissa_core/division_scale/n381
mantissa_core/division_scale/n385
mantissa_core/division_scale/n436
mantissa_core/division_scale/n468
mantissa_core/division_scale/n486
mantissa_core/division_scale/n493
mantissa_core/division_scale/n520
mantissa_core/division_scale/n521
mantissa_core/division_scale/n539
mantissa_core/division_scale/n551
mantissa_core/division_scale/n561
mantissa_core/division_scale/n563
mantissa_core/division_scale/n728
mantissa_core/division_scale/n741
mantissa_core/division_scale/n743
mantissa_core/division_scale/n750
mantissa_core/division_scale/n752
mantissa_core/division_scale/n753
mantissa_core/division_scale/n766
mantissa_core/division_scale/n774
mantissa_core/division_scale/n779
mantissa_core/division_scale/n786
mantissa_core/division_scale/n792
mantissa_core/division_scale/n793
mantissa_core/division_scale/n802
mantissa_core/division_scale/n822
mantissa_core/division_scale/n830
mantissa_core/division_scale/n831
mantissa_core/division_scale/n836
mantissa_core/division_scale/n837
mantissa_core/division_scale/n849
mantissa_core/division_scale/n868
mantissa_core/division_scale/n869
mantissa_core/division_scale/n887
mantissa_core/division_scale/n888
mantissa_core/division_scale/n893
mantissa_core/division_scale/n896
mantissa_core/division_scale/n902
mantissa_core/division_scale/n905
mantissa_core/division_scale/n909
mantissa_core/division_scale/n912
mantissa_core/division_scale/n918
mantissa_core/division_scale/n919
mantissa_core/division_scale/n927
mantissa_core/division_scale/n931
mantissa_core/division_scale/n933
mantissa_core/division_scale/n935
mantissa_core/division_scale/n936
mantissa_core/division_scale/n963
mantissa_core/division_scale/n975
mantissa_core/division_scale/n982
mantissa_core/division_scale/n985
mantissa_core/division_scale/n986
mantissa_core/division_scale/n989
mantissa_core/division_scale/n990
mantissa_core/division_scale/n993
mantissa_core/division_scale/n994
mantissa_core/division_scale/n995
mantissa_core/division_scale/n996
mantissa_core/division_scale/n998
mantissa_core/division_scale/n999
mantissa_core/division_scale/n1001
mantissa_core/division_scale/n1005
mantissa_core/division_scale/n1006
mantissa_core/division_scale/n1007
mantissa_core/division_scale/n1008
mantissa_core/division_scale/n1009
mantissa_core/division_scale/n1012
mantissa_core/division_scale/n1016
mantissa_core/division_scale/n1018
mantissa_core/division_scale/n1024
mantissa_core/division_scale/n1026
mantissa_core/division_scale/n1028
mantissa_core/division_scale/n1032
mantissa_core/division_scale/n1034
mantissa_core/division_scale/n1035
mantissa_core/division_scale/n1036
mantissa_core/division_scale/n1037
mantissa_core/division_scale/n1038
mantissa_core/division_scale/n1039
mantissa_core/division_scale/n1040
mantissa_core/division_scale/n1053
mantissa_core/division_scale/n1056
mantissa_core/division_scale/n1071
mantissa_core/division_scale/n1073
mantissa_core/division_scale/n1095
mantissa_core/division_scale/n1130
mantissa_core/division_scale/n1131
mantissa_core/division_scale/n1132
mantissa_core/division_scale/n1138
mantissa_core/division_scale/n1139
mantissa_core/division_scale/n1147
mantissa_core/division_scale/n1149
mantissa_core/division_scale/n1154
mantissa_core/division_scale/n1158
mantissa_core/division_scale/n1160
mantissa_core/division_scale/n1164
mantissa_core/division_scale/n1167
mantissa_core/division_scale/n1170
mantissa_core/division_scale/n1184
mantissa_core/division_scale/n1186
mantissa_core/division_scale/n1195
mantissa_core/division_scale/n1205
mantissa_core/division_scale/n1210
