###############################################################
#  Generated by:      Cadence Innovus 21.16-s078_1
#  OS:                Linux x86_64(Host ID micro03)
#  Generated on:      Wed Jul 22 04:17:03 2026
#  Design:            oadm_dm
#  Command:           report_timing -check_type setup -nworst 5 > "$design_name.setup.rpt"
###############################################################
Path 1: VIOLATED Late External Delay Assertion 
Endpoint:   result[6] (^) checked with  leading edge of 'vclk'
Beginpoint: y[3]      (^) triggered by  leading edge of 'vclk'
Path Groups: {vclk}
Analysis View: typical
Other End Arrival Time          0.000
- External Delay                0.020
+ Phase Shift                   2.000
+ CPPR Adjustment               0.000
= Required Time                 1.980
- Arrival Time                  1.995
= Slack Time                   -0.015
     Clock Rise Edge                      0.000
     + Input Delay                        0.020
     + Drive Adjustment                   0.022
     = Beginpoint Arrival Time            0.042
     +-----------------------------------------------------------------------------------------------------------+ 
     |                      Instance                      |     Arc      |   Cell   | Delay | Arrival | Required | 
     |                                                    |              |          |       |  Time   |   Time   | 
     |----------------------------------------------------+--------------+----------+-------+---------+----------| 
     |                                                    | y[3] ^       |          |       |   0.042 |    0.026 | 
     | FE_OCPC1215_y_3                                    | I ^ -> Z ^   | BUFFD4   | 0.038 |   0.079 |    0.064 | 
     | FE_OCPC1328_n239                                   | I ^ -> ZN v  | INVD8    | 0.017 |   0.097 |    0.081 | 
     | mantissa_core/U1026                                | A1 v -> ZN ^ | ND2D4    | 0.015 |   0.112 |    0.096 | 
     | mantissa_core/FE_RC_1294_0                         | A1 ^ -> ZN ^ | IND2D4   | 0.042 |   0.154 |    0.139 | 
     | mantissa_core/FE_OCPC1446_FE_RN_45                 | I ^ -> Z ^   | BUFFD4   | 0.030 |   0.184 |    0.168 | 
     | mantissa_core/U3334_dup1                           | A1 ^ -> Z v  | CKXOR2D4 | 0.056 |   0.240 |    0.224 | 
     | mantissa_core/U2622                                | A1 v -> ZN ^ | NR2D4    | 0.036 |   0.275 |    0.260 | 
     | mantissa_core/U3570                                | A1 ^ -> ZN v | NR2D4    | 0.014 |   0.289 |    0.274 | 
     | mantissa_core/U2680                                | A1 v -> ZN ^ | ND2D3    | 0.018 |   0.307 |    0.292 | 
     | mantissa_core/U349_dup                             | A2 ^ -> Z ^  | AN2D4    | 0.039 |   0.347 |    0.331 | 
     | mantissa_core/U1088                                | A1 ^ -> ZN v | AOI21D4  | 0.018 |   0.364 |    0.349 | 
     | mantissa_core/U912                                 | A2 v -> ZN ^ | CKND2D3  | 0.018 |   0.383 |    0.367 | 
     | mantissa_core/U672                                 | A1 ^ -> ZN v | CKND2D3  | 0.019 |   0.401 |    0.386 | 
     | mantissa_core/U2919                                | I v -> ZN ^  | CKND6    | 0.019 |   0.420 |    0.404 | 
     | mantissa_core/U848                                 | A1 ^ -> ZN v | ND2D8    | 0.023 |   0.443 |    0.428 | 
     | mantissa_core/U2977                                | A2 v -> ZN ^ | XNR2D2   | 0.076 |   0.520 |    0.504 | 
     | mantissa_core/U3130                                | A1 ^ -> ZN v | NR2XD4   | 0.022 |   0.542 |    0.526 | 
     | mantissa_core/csa_level_1/FE_RC_1322_0             | I v -> ZN ^  | INVD2    | 0.029 |   0.571 |    0.555 | 
     | mantissa_core/csa_level_1/FE_OFC873_n2299          | I ^ -> ZN v  | CKND1    | 0.029 |   0.600 |    0.584 | 
     | mantissa_core/csa_level_1/U127                     | A1 v -> ZN v | IOA21D4  | 0.056 |   0.655 |    0.640 | 
     | mantissa_core/U55                                  | A2 v -> ZN ^ | NR2XD2   | 0.033 |   0.689 |    0.673 | 
     | mantissa_core/U668                                 | A2 ^ -> ZN v | NR2XD4   | 0.022 |   0.711 |    0.696 | 
     | mantissa_core/FE_RC_524_0                          | A1 v -> ZN ^ | AOI21D4  | 0.033 |   0.744 |    0.729 | 
     | mantissa_core/U3572                                | A1 ^ -> ZN v | OAI21D4  | 0.035 |   0.779 |    0.764 | 
     | mantissa_core/U3579_dup                            | A1 v -> ZN ^ | AOI21D4  | 0.028 |   0.808 |    0.792 | 
     | mantissa_core/U3578                                | A1 ^ -> ZN v | OAI21D4  | 0.027 |   0.834 |    0.819 | 
     | mantissa_core/U3643                                | A1 v -> ZN ^ | AOI21D4  | 0.035 |   0.869 |    0.854 | 
     | mantissa_core/FE_RC_1400_0                         | A1 ^ -> ZN v | OAI21D4  | 0.036 |   0.905 |    0.890 | 
     | mantissa_core/U3624_dup                            | A1 v -> ZN ^ | AOI21D4  | 0.041 |   0.946 |    0.931 | 
     | mantissa_core/U2888_dup                            | A1 ^ -> ZN v | OAI21D4  | 0.030 |   0.976 |    0.961 | 
     | mantissa_core/U3074                                | A1 v -> ZN ^ | AOI21D4  | 0.038 |   1.015 |    0.999 | 
     | mantissa_core/FE_RC_544_0                          | A1 ^ -> ZN v | OAI21D4  | 0.024 |   1.039 |    1.023 | 
     | mantissa_core/U753                                 | I v -> ZN ^  | CKND2    | 0.014 |   1.052 |    1.037 | 
     | mantissa_core/U783                                 | A1 ^ -> ZN v | ND2D2    | 0.018 |   1.070 |    1.055 | 
     | mantissa_core/U1069                                | A1 v -> ZN ^ | CKND2D4  | 0.022 |   1.092 |    1.077 | 
     | mantissa_core/division_scale/FE_OCPC1225_shared_pl | I ^ -> ZN v  | INVD6    | 0.020 |   1.112 |    1.097 | 
     | ane_25                                             |              |          |       |         |          | 
     | mantissa_core/division_scale/FE_OCPC1229_shared_pl | I v -> ZN ^  | INVD6    | 0.013 |   1.125 |    1.110 | 
     | ane_25                                             |              |          |       |         |          | 
     | mantissa_core/division_scale/U111                  | A1 ^ -> ZN v | CKND2D4  | 0.012 |   1.138 |    1.122 | 
     | mantissa_core/division_scale/FE_OFC945_n164        | I v -> ZN ^  | CKND4    | 0.016 |   1.154 |    1.139 | 
     | mantissa_core/division_scale/U1116                 | B ^ -> S v   | FA1D4    | 0.087 |   1.241 |    1.225 | 
     | mantissa_core/division_scale/U1115                 | A v -> S ^   | FA1D1    | 0.093 |   1.334 |    1.318 | 
     | mantissa_core/division_scale/U364                  | CI ^ -> S v  | FA1D4    | 0.078 |   1.412 |    1.397 | 
     | mantissa_core/division_scale/U807                  | A1 v -> ZN ^ | NR2XD4   | 0.030 |   1.442 |    1.426 | 
     | mantissa_core/division_scale/U800                  | A1 ^ -> ZN v | OAI21D4  | 0.020 |   1.462 |    1.446 | 
     | mantissa_core/division_scale/U290_dup              | B v -> ZN ^  | AOI21D4  | 0.035 |   1.497 |    1.481 | 
     | mantissa_core/division_scale/U759_dup              | B ^ -> ZN v  | OAI21D4  | 0.036 |   1.532 |    1.517 | 
     | mantissa_core/division_scale/U6                    | A1 v -> ZN ^ | ND2D4    | 0.022 |   1.555 |    1.539 | 
     | mantissa_core/division_scale/U787                  | A1 ^ -> ZN v | CKND2D4  | 0.015 |   1.570 |    1.554 | 
     | mantissa_core/division_scale/FE_RC_1128_0          | B1 v -> ZN ^ | IND2D4   | 0.013 |   1.583 |    1.568 | 
     | mantissa_core/division_scale/FE_RC_1127_0          | A1 ^ -> ZN v | CKND2D4  | 0.016 |   1.599 |    1.584 | 
     | mantissa_core/FE_RC_988_0                          | B1 v -> ZN ^ | IND2D4   | 0.018 |   1.617 |    1.602 | 
     | mantissa_core/FE_RC_76_0                           | A1 ^ -> ZN v | ND2D8    | 0.041 |   1.658 |    1.643 | 
     | U459                                               | A2 v -> ZN ^ | NR3D4    | 0.056 |   1.714 |    1.699 | 
     | U282                                               | A2 ^ -> ZN v | ND3D8    | 0.034 |   1.749 |    1.733 | 
     | U280                                               | I v -> ZN ^  | CKND12   | 0.021 |   1.769 |    1.754 | 
     | FE_OFC58_n165_dup                                  | I ^ -> Z ^   | BUFFD12  | 0.028 |   1.797 |    1.782 | 
     | U468                                               | A1 ^ -> ZN v | CKND2D4  | 0.017 |   1.814 |    1.799 | 
     | FE_RC_747_0                                        | A2 v -> ZN ^ | ND3D8    | 0.024 |   1.838 |    1.823 | 
     | U240                                               | I ^ -> ZN v  | INVD6    | 0.013 |   1.852 |    1.836 | 
     | U249_dup                                           | A4 v -> ZN ^ | ND4D4    | 0.024 |   1.875 |    1.860 | 
     | U470                                               | A2 ^ -> ZN v | NR2XD4   | 0.020 |   1.895 |    1.880 | 
     | U471_dup                                           | B v -> ZN ^  | IAO21D2  | 0.040 |   1.935 |    1.920 | 
     | FE_RC_83_0                                         | B1 ^ -> ZN v | IND2D4   | 0.033 |   1.969 |    1.953 | 
     | U484                                               | A1 v -> ZN ^ | NR2XD2   | 0.027 |   1.995 |    1.980 | 
     |                                                    | result[6] ^  |          | 0.000 |   1.995 |    1.980 | 
     +-----------------------------------------------------------------------------------------------------------+ 
Path 2: VIOLATED Late External Delay Assertion 
Endpoint:   result[6] (^) checked with  leading edge of 'vclk'
Beginpoint: y[3]      (^) triggered by  leading edge of 'vclk'
Path Groups: {vclk}
Analysis View: typical
Other End Arrival Time          0.000
- External Delay                0.020
+ Phase Shift                   2.000
+ CPPR Adjustment               0.000
= Required Time                 1.980
- Arrival Time                  1.995
= Slack Time                   -0.015
     Clock Rise Edge                      0.000
     + Input Delay                        0.020
     + Drive Adjustment                   0.022
     = Beginpoint Arrival Time            0.042
     +-----------------------------------------------------------------------------------------------------------+ 
     |                      Instance                      |     Arc      |   Cell   | Delay | Arrival | Required | 
     |                                                    |              |          |       |  Time   |   Time   | 
     |----------------------------------------------------+--------------+----------+-------+---------+----------| 
     |                                                    | y[3] ^       |          |       |   0.042 |    0.026 | 
     | FE_OCPC1215_y_3                                    | I ^ -> Z ^   | BUFFD4   | 0.038 |   0.079 |    0.064 | 
     | FE_OCPC1328_n239                                   | I ^ -> ZN v  | INVD8    | 0.017 |   0.097 |    0.082 | 
     | mantissa_core/U1026                                | A1 v -> ZN ^ | ND2D4    | 0.015 |   0.112 |    0.097 | 
     | mantissa_core/FE_RC_1294_0                         | A1 ^ -> ZN ^ | IND2D4   | 0.042 |   0.154 |    0.139 | 
     | mantissa_core/FE_OCPC1446_FE_RN_45                 | I ^ -> Z ^   | BUFFD4   | 0.030 |   0.184 |    0.169 | 
     | mantissa_core/U3334_dup1                           | A1 ^ -> Z v  | CKXOR2D4 | 0.056 |   0.240 |    0.225 | 
     | mantissa_core/U2622                                | A1 v -> ZN ^ | NR2D4    | 0.036 |   0.275 |    0.260 | 
     | mantissa_core/U3570                                | A1 ^ -> ZN v | NR2D4    | 0.014 |   0.289 |    0.274 | 
     | mantissa_core/U2680                                | A1 v -> ZN ^ | ND2D3    | 0.018 |   0.307 |    0.292 | 
     | mantissa_core/U349_dup                             | A2 ^ -> Z ^  | AN2D4    | 0.039 |   0.347 |    0.332 | 
     | mantissa_core/U1088                                | A1 ^ -> ZN v | AOI21D4  | 0.018 |   0.364 |    0.349 | 
     | mantissa_core/U912                                 | A2 v -> ZN ^ | CKND2D3  | 0.018 |   0.383 |    0.368 | 
     | mantissa_core/U672                                 | A1 ^ -> ZN v | CKND2D3  | 0.019 |   0.401 |    0.386 | 
     | mantissa_core/U2919                                | I v -> ZN ^  | CKND6    | 0.019 |   0.420 |    0.405 | 
     | mantissa_core/U848                                 | A1 ^ -> ZN v | ND2D8    | 0.023 |   0.443 |    0.428 | 
     | mantissa_core/U2977                                | A2 v -> ZN ^ | XNR2D2   | 0.076 |   0.520 |    0.505 | 
     | mantissa_core/U3130                                | A1 ^ -> ZN v | NR2XD4   | 0.022 |   0.542 |    0.527 | 
     | mantissa_core/csa_level_1/FE_RC_1322_0             | I v -> ZN ^  | INVD2    | 0.029 |   0.571 |    0.555 | 
     | mantissa_core/csa_level_1/FE_OFC873_n2299          | I ^ -> ZN v  | CKND1    | 0.029 |   0.600 |    0.585 | 
     | mantissa_core/csa_level_1/U127                     | A1 v -> ZN v | IOA21D4  | 0.056 |   0.655 |    0.640 | 
     | mantissa_core/U55                                  | A2 v -> ZN ^ | NR2XD2   | 0.033 |   0.689 |    0.674 | 
     | mantissa_core/U668                                 | A2 ^ -> ZN v | NR2XD4   | 0.022 |   0.711 |    0.696 | 
     | mantissa_core/FE_RC_524_0                          | A1 v -> ZN ^ | AOI21D4  | 0.033 |   0.744 |    0.729 | 
     | mantissa_core/U3572                                | A1 ^ -> ZN v | OAI21D4  | 0.035 |   0.779 |    0.764 | 
     | mantissa_core/U3579_dup                            | A1 v -> ZN ^ | AOI21D4  | 0.028 |   0.808 |    0.792 | 
     | mantissa_core/U3578                                | A1 ^ -> ZN v | OAI21D4  | 0.027 |   0.834 |    0.819 | 
     | mantissa_core/U3643                                | A1 v -> ZN ^ | AOI21D4  | 0.035 |   0.869 |    0.854 | 
     | mantissa_core/FE_RC_1400_0                         | A1 ^ -> ZN v | OAI21D4  | 0.036 |   0.905 |    0.890 | 
     | mantissa_core/U3624_dup                            | A1 v -> ZN ^ | AOI21D4  | 0.041 |   0.946 |    0.931 | 
     | mantissa_core/U2888_dup                            | A1 ^ -> ZN v | OAI21D4  | 0.030 |   0.976 |    0.961 | 
     | mantissa_core/U3074                                | A1 v -> ZN ^ | AOI21D4  | 0.038 |   1.015 |    1.000 | 
     | mantissa_core/FE_RC_544_0                          | A1 ^ -> ZN v | OAI21D4  | 0.024 |   1.039 |    1.023 | 
     | mantissa_core/U753                                 | I v -> ZN ^  | CKND2    | 0.014 |   1.052 |    1.037 | 
     | mantissa_core/U783                                 | A1 ^ -> ZN v | ND2D2    | 0.018 |   1.070 |    1.055 | 
     | mantissa_core/U1069                                | A1 v -> ZN ^ | CKND2D4  | 0.022 |   1.092 |    1.077 | 
     | mantissa_core/division_scale/FE_OCPC1225_shared_pl | I ^ -> ZN v  | INVD6    | 0.020 |   1.112 |    1.097 | 
     | ane_25                                             |              |          |       |         |          | 
     | mantissa_core/division_scale/FE_OCPC1229_shared_pl | I v -> ZN ^  | INVD6    | 0.013 |   1.125 |    1.110 | 
     | ane_25                                             |              |          |       |         |          | 
     | mantissa_core/division_scale/U111                  | A1 ^ -> ZN v | CKND2D4  | 0.012 |   1.138 |    1.122 | 
     | mantissa_core/division_scale/FE_OFC945_n164        | I v -> ZN ^  | CKND4    | 0.016 |   1.154 |    1.139 | 
     | mantissa_core/division_scale/U1116                 | B ^ -> S v   | FA1D4    | 0.087 |   1.241 |    1.226 | 
     | mantissa_core/division_scale/U1115                 | A v -> S ^   | FA1D1    | 0.093 |   1.334 |    1.319 | 
     | mantissa_core/division_scale/U364                  | CI ^ -> S v  | FA1D4    | 0.078 |   1.412 |    1.397 | 
     | mantissa_core/division_scale/U807                  | A1 v -> ZN ^ | NR2XD4   | 0.030 |   1.442 |    1.426 | 
     | mantissa_core/division_scale/U800                  | A1 ^ -> ZN v | OAI21D4  | 0.020 |   1.462 |    1.446 | 
     | mantissa_core/division_scale/U290_dup              | B v -> ZN ^  | AOI21D4  | 0.035 |   1.497 |    1.481 | 
     | mantissa_core/division_scale/U759_dup              | B ^ -> ZN v  | OAI21D4  | 0.036 |   1.532 |    1.517 | 
     | mantissa_core/division_scale/U6                    | A1 v -> ZN ^ | ND2D4    | 0.022 |   1.555 |    1.540 | 
     | mantissa_core/division_scale/U787                  | A1 ^ -> ZN v | CKND2D4  | 0.015 |   1.570 |    1.555 | 
     | mantissa_core/division_scale/FE_RC_1128_0          | B1 v -> ZN ^ | IND2D4   | 0.013 |   1.583 |    1.568 | 
     | mantissa_core/division_scale/FE_RC_1127_0          | A1 ^ -> ZN v | CKND2D4  | 0.016 |   1.599 |    1.584 | 
     | mantissa_core/FE_RC_988_0                          | B1 v -> ZN ^ | IND2D4   | 0.018 |   1.617 |    1.602 | 
     | mantissa_core/FE_RC_76_0                           | A1 ^ -> ZN v | ND2D8    | 0.041 |   1.658 |    1.643 | 
     | U491                                               | A2 v -> ZN ^ | NR2D8    | 0.040 |   1.698 |    1.683 | 
     | FE_RC_29_0                                         | A1 ^ -> ZN v | ND2D4    | 0.016 |   1.714 |    1.698 | 
     | FE_RC_28_0                                         | I v -> ZN ^  | INVD4    | 0.016 |   1.730 |    1.714 | 
     | FE_RC_27_0                                         | A1 ^ -> ZN v | ND3D8    | 0.035 |   1.765 |    1.750 | 
     | FE_OCPC1175_n158                                   | I v -> ZN ^  | CKND12   | 0.025 |   1.790 |    1.775 | 
     | U257                                               | A1 ^ -> ZN v | AOI22D4  | 0.024 |   1.813 |    1.798 | 
     | FE_RC_747_0                                        | A1 v -> ZN ^ | ND3D8    | 0.025 |   1.838 |    1.823 | 
     | U240                                               | I ^ -> ZN v  | INVD6    | 0.013 |   1.851 |    1.836 | 
     | U249_dup                                           | A4 v -> ZN ^ | ND4D4    | 0.024 |   1.875 |    1.860 | 
     | U470                                               | A2 ^ -> ZN v | NR2XD4   | 0.020 |   1.895 |    1.880 | 
     | U471_dup                                           | B v -> ZN ^  | IAO21D2  | 0.040 |   1.935 |    1.920 | 
     | FE_RC_83_0                                         | B1 ^ -> ZN v | IND2D4   | 0.033 |   1.968 |    1.953 | 
     | U484                                               | A1 v -> ZN ^ | NR2XD2   | 0.027 |   1.995 |    1.980 | 
     |                                                    | result[6] ^  |          | 0.000 |   1.995 |    1.980 | 
     +-----------------------------------------------------------------------------------------------------------+ 
Path 3: VIOLATED Late External Delay Assertion 
Endpoint:   result[6] (^) checked with  leading edge of 'vclk'
Beginpoint: y[3]      (^) triggered by  leading edge of 'vclk'
Path Groups: {vclk}
Analysis View: typical
Other End Arrival Time          0.000
- External Delay                0.020
+ Phase Shift                   2.000
+ CPPR Adjustment               0.000
= Required Time                 1.980
- Arrival Time                  1.995
= Slack Time                   -0.015
     Clock Rise Edge                      0.000
     + Input Delay                        0.020
     + Drive Adjustment                   0.022
     = Beginpoint Arrival Time            0.042
     +-----------------------------------------------------------------------------------------------------------+ 
     |                      Instance                      |     Arc      |   Cell   | Delay | Arrival | Required | 
     |                                                    |              |          |       |  Time   |   Time   | 
     |----------------------------------------------------+--------------+----------+-------+---------+----------| 
     |                                                    | y[3] ^       |          |       |   0.042 |    0.026 | 
     | FE_OCPC1215_y_3                                    | I ^ -> Z ^   | BUFFD4   | 0.038 |   0.079 |    0.064 | 
     | FE_OCPC1328_n239                                   | I ^ -> ZN v  | INVD8    | 0.017 |   0.097 |    0.082 | 
     | mantissa_core/U1026                                | A1 v -> ZN ^ | ND2D4    | 0.015 |   0.112 |    0.097 | 
     | mantissa_core/FE_RC_1294_0                         | A1 ^ -> ZN ^ | IND2D4   | 0.042 |   0.154 |    0.139 | 
     | mantissa_core/FE_OCPC1446_FE_RN_45                 | I ^ -> Z ^   | BUFFD4   | 0.030 |   0.184 |    0.169 | 
     | mantissa_core/U3334_dup1                           | A1 ^ -> Z v  | CKXOR2D4 | 0.056 |   0.240 |    0.225 | 
     | mantissa_core/U2622                                | A1 v -> ZN ^ | NR2D4    | 0.036 |   0.275 |    0.260 | 
     | mantissa_core/U3570                                | A1 ^ -> ZN v | NR2D4    | 0.014 |   0.289 |    0.274 | 
     | mantissa_core/U2680                                | A1 v -> ZN ^ | ND2D3    | 0.018 |   0.307 |    0.292 | 
     | mantissa_core/U349_dup                             | A2 ^ -> Z ^  | AN2D4    | 0.039 |   0.347 |    0.332 | 
     | mantissa_core/U1088                                | A1 ^ -> ZN v | AOI21D4  | 0.018 |   0.364 |    0.349 | 
     | mantissa_core/U912                                 | A2 v -> ZN ^ | CKND2D3  | 0.018 |   0.383 |    0.368 | 
     | mantissa_core/U672                                 | A1 ^ -> ZN v | CKND2D3  | 0.019 |   0.401 |    0.386 | 
     | mantissa_core/U2919                                | I v -> ZN ^  | CKND6    | 0.019 |   0.420 |    0.405 | 
     | mantissa_core/U848                                 | A1 ^ -> ZN v | ND2D8    | 0.023 |   0.443 |    0.428 | 
     | mantissa_core/U2977                                | A2 v -> ZN ^ | XNR2D2   | 0.076 |   0.520 |    0.505 | 
     | mantissa_core/U3130                                | A1 ^ -> ZN v | NR2XD4   | 0.022 |   0.542 |    0.527 | 
     | mantissa_core/csa_level_1/FE_RC_1322_0             | I v -> ZN ^  | INVD2    | 0.029 |   0.571 |    0.555 | 
     | mantissa_core/csa_level_1/FE_OFC873_n2299          | I ^ -> ZN v  | CKND1    | 0.029 |   0.600 |    0.585 | 
     | mantissa_core/csa_level_1/U127                     | A1 v -> ZN v | IOA21D4  | 0.056 |   0.655 |    0.640 | 
     | mantissa_core/U55                                  | A2 v -> ZN ^ | NR2XD2   | 0.033 |   0.689 |    0.674 | 
     | mantissa_core/U668                                 | A2 ^ -> ZN v | NR2XD4   | 0.022 |   0.711 |    0.696 | 
     | mantissa_core/FE_RC_524_0                          | A1 v -> ZN ^ | AOI21D4  | 0.033 |   0.744 |    0.729 | 
     | mantissa_core/U3572                                | A1 ^ -> ZN v | OAI21D4  | 0.035 |   0.779 |    0.764 | 
     | mantissa_core/U3579_dup                            | A1 v -> ZN ^ | AOI21D4  | 0.028 |   0.808 |    0.793 | 
     | mantissa_core/U3578                                | A1 ^ -> ZN v | OAI21D4  | 0.027 |   0.834 |    0.819 | 
     | mantissa_core/U3643                                | A1 v -> ZN ^ | AOI21D4  | 0.035 |   0.869 |    0.854 | 
     | mantissa_core/FE_RC_1400_0                         | A1 ^ -> ZN v | OAI21D4  | 0.036 |   0.905 |    0.890 | 
     | mantissa_core/U3624_dup                            | A1 v -> ZN ^ | AOI21D4  | 0.041 |   0.946 |    0.931 | 
     | mantissa_core/U2888_dup                            | A1 ^ -> ZN v | OAI21D4  | 0.030 |   0.976 |    0.961 | 
     | mantissa_core/U3074                                | A1 v -> ZN ^ | AOI21D4  | 0.038 |   1.015 |    1.000 | 
     | mantissa_core/FE_RC_544_0                          | A1 ^ -> ZN v | OAI21D4  | 0.024 |   1.039 |    1.023 | 
     | mantissa_core/U753                                 | I v -> ZN ^  | CKND2    | 0.014 |   1.052 |    1.037 | 
     | mantissa_core/U783                                 | A1 ^ -> ZN v | ND2D2    | 0.018 |   1.070 |    1.055 | 
     | mantissa_core/U1069                                | A1 v -> ZN ^ | CKND2D4  | 0.022 |   1.092 |    1.077 | 
     | mantissa_core/division_scale/FE_OCPC1225_shared_pl | I ^ -> ZN v  | INVD6    | 0.020 |   1.112 |    1.097 | 
     | ane_25                                             |              |          |       |         |          | 
     | mantissa_core/division_scale/FE_OCPC1229_shared_pl | I v -> ZN ^  | INVD6    | 0.013 |   1.125 |    1.110 | 
     | ane_25                                             |              |          |       |         |          | 
     | mantissa_core/division_scale/U111                  | A1 ^ -> ZN v | CKND2D4  | 0.012 |   1.138 |    1.122 | 
     | mantissa_core/division_scale/FE_OFC945_n164        | I v -> ZN ^  | CKND4    | 0.016 |   1.154 |    1.139 | 
     | mantissa_core/division_scale/U1116                 | B ^ -> S v   | FA1D4    | 0.087 |   1.241 |    1.226 | 
     | mantissa_core/division_scale/U1115                 | A v -> S ^   | FA1D1    | 0.093 |   1.334 |    1.319 | 
     | mantissa_core/division_scale/U364                  | CI ^ -> S v  | FA1D4    | 0.078 |   1.412 |    1.397 | 
     | mantissa_core/division_scale/U799                  | A1 v -> ZN ^ | ND2D8    | 0.025 |   1.437 |    1.422 | 
     | mantissa_core/division_scale/U800                  | B ^ -> ZN v  | OAI21D4  | 0.024 |   1.461 |    1.446 | 
     | mantissa_core/division_scale/U290_dup              | B v -> ZN ^  | AOI21D4  | 0.035 |   1.496 |    1.481 | 
     | mantissa_core/division_scale/U759_dup              | B ^ -> ZN v  | OAI21D4  | 0.036 |   1.532 |    1.517 | 
     | mantissa_core/division_scale/U6                    | A1 v -> ZN ^ | ND2D4    | 0.022 |   1.554 |    1.539 | 
     | mantissa_core/division_scale/U787                  | A1 ^ -> ZN v | CKND2D4  | 0.015 |   1.570 |    1.554 | 
     | mantissa_core/division_scale/FE_RC_1128_0          | B1 v -> ZN ^ | IND2D4   | 0.013 |   1.583 |    1.568 | 
     | mantissa_core/division_scale/FE_RC_1127_0          | A1 ^ -> ZN v | CKND2D4  | 0.016 |   1.599 |    1.584 | 
     | mantissa_core/FE_RC_988_0                          | B1 v -> ZN ^ | IND2D4   | 0.018 |   1.617 |    1.602 | 
     | mantissa_core/FE_RC_76_0                           | A1 ^ -> ZN v | ND2D8    | 0.041 |   1.658 |    1.643 | 
     | U459                                               | A2 v -> ZN ^ | NR3D4    | 0.056 |   1.714 |    1.699 | 
     | U282                                               | A2 ^ -> ZN v | ND3D8    | 0.034 |   1.749 |    1.733 | 
     | U280                                               | I v -> ZN ^  | CKND12   | 0.021 |   1.769 |    1.754 | 
     | FE_OFC58_n165_dup                                  | I ^ -> Z ^   | BUFFD12  | 0.028 |   1.797 |    1.782 | 
     | U468                                               | A1 ^ -> ZN v | CKND2D4  | 0.017 |   1.814 |    1.799 | 
     | FE_RC_747_0                                        | A2 v -> ZN ^ | ND3D8    | 0.024 |   1.838 |    1.823 | 
     | U240                                               | I ^ -> ZN v  | INVD6    | 0.013 |   1.851 |    1.836 | 
     | U249_dup                                           | A4 v -> ZN ^ | ND4D4    | 0.024 |   1.875 |    1.860 | 
     | U470                                               | A2 ^ -> ZN v | NR2XD4   | 0.020 |   1.895 |    1.880 | 
     | U471_dup                                           | B v -> ZN ^  | IAO21D2  | 0.040 |   1.935 |    1.920 | 
     | FE_RC_83_0                                         | B1 ^ -> ZN v | IND2D4   | 0.033 |   1.968 |    1.953 | 
     | U484                                               | A1 v -> ZN ^ | NR2XD2   | 0.027 |   1.995 |    1.980 | 
     |                                                    | result[6] ^  |          | 0.000 |   1.995 |    1.980 | 
     +-----------------------------------------------------------------------------------------------------------+ 
Path 4: VIOLATED Late External Delay Assertion 
Endpoint:   result[22] (^) checked with  leading edge of 'vclk'
Beginpoint: y[3]       (^) triggered by  leading edge of 'vclk'
Path Groups: {vclk}
Analysis View: typical
Other End Arrival Time          0.000
- External Delay                0.020
+ Phase Shift                   2.000
+ CPPR Adjustment               0.000
= Required Time                 1.980
- Arrival Time                  1.995
= Slack Time                   -0.015
     Clock Rise Edge                      0.000
     + Input Delay                        0.020
     + Drive Adjustment                   0.022
     = Beginpoint Arrival Time            0.042
     +-----------------------------------------------------------------------------------------------------------+ 
     |                      Instance                      |     Arc      |   Cell   | Delay | Arrival | Required | 
     |                                                    |              |          |       |  Time   |   Time   | 
     |----------------------------------------------------+--------------+----------+-------+---------+----------| 
     |                                                    | y[3] ^       |          |       |   0.042 |    0.027 | 
     | FE_OCPC1215_y_3                                    | I ^ -> Z ^   | BUFFD4   | 0.038 |   0.079 |    0.064 | 
     | FE_OCPC1328_n239                                   | I ^ -> ZN v  | INVD8    | 0.017 |   0.097 |    0.082 | 
     | mantissa_core/U1026                                | A1 v -> ZN ^ | ND2D4    | 0.015 |   0.112 |    0.097 | 
     | mantissa_core/FE_RC_1294_0                         | A1 ^ -> ZN ^ | IND2D4   | 0.042 |   0.154 |    0.139 | 
     | mantissa_core/FE_OCPC1446_FE_RN_45                 | I ^ -> Z ^   | BUFFD4   | 0.030 |   0.184 |    0.169 | 
     | mantissa_core/U3334_dup1                           | A1 ^ -> Z v  | CKXOR2D4 | 0.056 |   0.240 |    0.225 | 
     | mantissa_core/U2622                                | A1 v -> ZN ^ | NR2D4    | 0.036 |   0.275 |    0.260 | 
     | mantissa_core/U3570                                | A1 ^ -> ZN v | NR2D4    | 0.014 |   0.289 |    0.274 | 
     | mantissa_core/U2680                                | A1 v -> ZN ^ | ND2D3    | 0.018 |   0.307 |    0.292 | 
     | mantissa_core/U349_dup                             | A2 ^ -> Z ^  | AN2D4    | 0.039 |   0.347 |    0.332 | 
     | mantissa_core/U1088                                | A1 ^ -> ZN v | AOI21D4  | 0.018 |   0.364 |    0.349 | 
     | mantissa_core/U912                                 | A2 v -> ZN ^ | CKND2D3  | 0.018 |   0.383 |    0.368 | 
     | mantissa_core/U672                                 | A1 ^ -> ZN v | CKND2D3  | 0.019 |   0.401 |    0.386 | 
     | mantissa_core/U2919                                | I v -> ZN ^  | CKND6    | 0.019 |   0.420 |    0.405 | 
     | mantissa_core/U848                                 | A1 ^ -> ZN v | ND2D8    | 0.023 |   0.443 |    0.428 | 
     | mantissa_core/U2977                                | A2 v -> ZN ^ | XNR2D2   | 0.076 |   0.520 |    0.505 | 
     | mantissa_core/U3130                                | A1 ^ -> ZN v | NR2XD4   | 0.022 |   0.542 |    0.527 | 
     | mantissa_core/csa_level_1/FE_RC_1322_0             | I v -> ZN ^  | INVD2    | 0.029 |   0.571 |    0.556 | 
     | mantissa_core/csa_level_1/FE_OFC873_n2299          | I ^ -> ZN v  | CKND1    | 0.029 |   0.600 |    0.585 | 
     | mantissa_core/csa_level_1/U127                     | A1 v -> ZN v | IOA21D4  | 0.056 |   0.655 |    0.640 | 
     | mantissa_core/U55                                  | A2 v -> ZN ^ | NR2XD2   | 0.033 |   0.689 |    0.674 | 
     | mantissa_core/U668                                 | A2 ^ -> ZN v | NR2XD4   | 0.022 |   0.711 |    0.696 | 
     | mantissa_core/FE_RC_524_0                          | A1 v -> ZN ^ | AOI21D4  | 0.033 |   0.744 |    0.729 | 
     | mantissa_core/U3572                                | A1 ^ -> ZN v | OAI21D4  | 0.035 |   0.779 |    0.764 | 
     | mantissa_core/U3579_dup                            | A1 v -> ZN ^ | AOI21D4  | 0.028 |   0.808 |    0.793 | 
     | mantissa_core/U3578                                | A1 ^ -> ZN v | OAI21D4  | 0.027 |   0.834 |    0.819 | 
     | mantissa_core/U3643                                | A1 v -> ZN ^ | AOI21D4  | 0.035 |   0.869 |    0.854 | 
     | mantissa_core/FE_RC_1400_0                         | A1 ^ -> ZN v | OAI21D4  | 0.036 |   0.905 |    0.890 | 
     | mantissa_core/U3624_dup                            | A1 v -> ZN ^ | AOI21D4  | 0.041 |   0.946 |    0.931 | 
     | mantissa_core/U2888_dup                            | A1 ^ -> ZN v | OAI21D4  | 0.030 |   0.976 |    0.961 | 
     | mantissa_core/U3074                                | A1 v -> ZN ^ | AOI21D4  | 0.038 |   1.015 |    1.000 | 
     | mantissa_core/FE_RC_544_0                          | A1 ^ -> ZN v | OAI21D4  | 0.024 |   1.039 |    1.023 | 
     | mantissa_core/U753                                 | I v -> ZN ^  | CKND2    | 0.014 |   1.052 |    1.037 | 
     | mantissa_core/U783                                 | A1 ^ -> ZN v | ND2D2    | 0.018 |   1.070 |    1.055 | 
     | mantissa_core/U1069                                | A1 v -> ZN ^ | CKND2D4  | 0.022 |   1.092 |    1.077 | 
     | mantissa_core/division_scale/FE_OCPC1225_shared_pl | I ^ -> ZN v  | INVD6    | 0.020 |   1.112 |    1.097 | 
     | ane_25                                             |              |          |       |         |          | 
     | mantissa_core/division_scale/FE_OCPC1229_shared_pl | I v -> ZN ^  | INVD6    | 0.013 |   1.125 |    1.110 | 
     | ane_25                                             |              |          |       |         |          | 
     | mantissa_core/division_scale/U111                  | A1 ^ -> ZN v | CKND2D4  | 0.012 |   1.138 |    1.123 | 
     | mantissa_core/division_scale/FE_OFC945_n164        | I v -> ZN ^  | CKND4    | 0.016 |   1.154 |    1.139 | 
     | mantissa_core/division_scale/U1116                 | B ^ -> S v   | FA1D4    | 0.087 |   1.241 |    1.226 | 
     | mantissa_core/division_scale/U1115                 | A v -> S ^   | FA1D1    | 0.093 |   1.334 |    1.319 | 
     | mantissa_core/division_scale/U364                  | CI ^ -> S v  | FA1D4    | 0.078 |   1.412 |    1.397 | 
     | mantissa_core/division_scale/U807                  | A1 v -> ZN ^ | NR2XD4   | 0.030 |   1.442 |    1.427 | 
     | mantissa_core/division_scale/U800                  | A1 ^ -> ZN v | OAI21D4  | 0.020 |   1.462 |    1.446 | 
     | mantissa_core/division_scale/U290_dup              | B v -> ZN ^  | AOI21D4  | 0.035 |   1.497 |    1.482 | 
     | mantissa_core/division_scale/U759_dup              | B ^ -> ZN v  | OAI21D4  | 0.036 |   1.532 |    1.517 | 
     | mantissa_core/division_scale/U6                    | A1 v -> ZN ^ | ND2D4    | 0.022 |   1.555 |    1.540 | 
     | mantissa_core/division_scale/U787                  | A1 ^ -> ZN v | CKND2D4  | 0.015 |   1.570 |    1.555 | 
     | mantissa_core/division_scale/FE_RC_1128_0          | B1 v -> ZN ^ | IND2D4   | 0.013 |   1.583 |    1.568 | 
     | mantissa_core/division_scale/FE_RC_1127_0          | A1 ^ -> ZN v | CKND2D4  | 0.016 |   1.599 |    1.584 | 
     | mantissa_core/FE_RC_988_0                          | B1 v -> ZN ^ | IND2D4   | 0.018 |   1.617 |    1.602 | 
     | mantissa_core/FE_RC_76_0                           | A1 ^ -> ZN v | ND2D8    | 0.041 |   1.658 |    1.643 | 
     | U491                                               | A2 v -> ZN ^ | NR2D8    | 0.040 |   1.698 |    1.683 | 
     | FE_RC_29_0                                         | A1 ^ -> ZN v | ND2D4    | 0.016 |   1.714 |    1.699 | 
     | FE_RC_28_0                                         | I v -> ZN ^  | INVD4    | 0.016 |   1.730 |    1.715 | 
     | FE_RC_27_0                                         | A1 ^ -> ZN v | ND3D8    | 0.035 |   1.765 |    1.750 | 
     | FE_OCPC1175_n158                                   | I v -> ZN ^  | CKND12   | 0.025 |   1.790 |    1.775 | 
     | FE_RC_33_0                                         | A1 ^ -> ZN v | AOI22D4  | 0.025 |   1.815 |    1.799 | 
     | FE_RC_61_0                                         | A1 v -> ZN ^ | ND3D8    | 0.025 |   1.839 |    1.824 | 
     | FE_RC_1286_0                                       | A1 ^ -> ZN ^ | IND4D4   | 0.034 |   1.873 |    1.858 | 
     | U470_dup                                           | A2 ^ -> ZN v | NR2XD4   | 0.020 |   1.893 |    1.878 | 
     | FE_RC_585_0                                        | A1 v -> ZN ^ | NR2D8    | 0.024 |   1.917 |    1.902 | 
     | FE_OCPC1387_n427                                   | I ^ -> Z ^   | BUFFD4   | 0.026 |   1.943 |    1.928 | 
     | U485                                               | I ^ -> ZN v  | INVD4    | 0.009 |   1.952 |    1.937 | 
     | FE_RC_587_0                                        | A3 v -> ZN ^ | OAI31D4  | 0.043 |   1.995 |    1.980 | 
     |                                                    | result[22] ^ |          | 0.000 |   1.995 |    1.980 | 
     +-----------------------------------------------------------------------------------------------------------+ 
Path 5: VIOLATED Late External Delay Assertion 
Endpoint:   result[6] (^) checked with  leading edge of 'vclk'
Beginpoint: y[3]      (^) triggered by  leading edge of 'vclk'
Path Groups: {vclk}
Analysis View: typical
Other End Arrival Time          0.000
- External Delay                0.020
+ Phase Shift                   2.000
+ CPPR Adjustment               0.000
= Required Time                 1.980
- Arrival Time                  1.995
= Slack Time                   -0.015
     Clock Rise Edge                      0.000
     + Input Delay                        0.020
     + Drive Adjustment                   0.022
     = Beginpoint Arrival Time            0.042
     +-----------------------------------------------------------------------------------------------------------+ 
     |                      Instance                      |     Arc      |   Cell   | Delay | Arrival | Required | 
     |                                                    |              |          |       |  Time   |   Time   | 
     |----------------------------------------------------+--------------+----------+-------+---------+----------| 
     |                                                    | y[3] ^       |          |       |   0.042 |    0.027 | 
     | FE_OCPC1215_y_3                                    | I ^ -> Z ^   | BUFFD4   | 0.038 |   0.079 |    0.064 | 
     | FE_OCPC1328_n239                                   | I ^ -> ZN v  | INVD8    | 0.017 |   0.097 |    0.082 | 
     | mantissa_core/U1026                                | A1 v -> ZN ^ | ND2D4    | 0.015 |   0.112 |    0.097 | 
     | mantissa_core/FE_RC_1294_0                         | A1 ^ -> ZN ^ | IND2D4   | 0.042 |   0.154 |    0.139 | 
     | mantissa_core/FE_OCPC1446_FE_RN_45                 | I ^ -> Z ^   | BUFFD4   | 0.030 |   0.184 |    0.169 | 
     | mantissa_core/U3334_dup1                           | A1 ^ -> Z v  | CKXOR2D4 | 0.056 |   0.240 |    0.225 | 
     | mantissa_core/U2622                                | A1 v -> ZN ^ | NR2D4    | 0.036 |   0.275 |    0.260 | 
     | mantissa_core/U3570                                | A1 ^ -> ZN v | NR2D4    | 0.014 |   0.289 |    0.274 | 
     | mantissa_core/U2680                                | A1 v -> ZN ^ | ND2D3    | 0.018 |   0.307 |    0.292 | 
     | mantissa_core/U349_dup                             | A2 ^ -> Z ^  | AN2D4    | 0.039 |   0.347 |    0.332 | 
     | mantissa_core/U1088                                | A1 ^ -> ZN v | AOI21D4  | 0.018 |   0.364 |    0.349 | 
     | mantissa_core/U912                                 | A2 v -> ZN ^ | CKND2D3  | 0.018 |   0.383 |    0.368 | 
     | mantissa_core/U672                                 | A1 ^ -> ZN v | CKND2D3  | 0.019 |   0.401 |    0.386 | 
     | mantissa_core/U2919                                | I v -> ZN ^  | CKND6    | 0.019 |   0.420 |    0.405 | 
     | mantissa_core/U848                                 | A1 ^ -> ZN v | ND2D8    | 0.023 |   0.443 |    0.428 | 
     | mantissa_core/U2977                                | A2 v -> ZN ^ | XNR2D2   | 0.076 |   0.520 |    0.505 | 
     | mantissa_core/U3130                                | A1 ^ -> ZN v | NR2XD4   | 0.022 |   0.542 |    0.527 | 
     | mantissa_core/csa_level_1/FE_RC_1322_0             | I v -> ZN ^  | INVD2    | 0.029 |   0.571 |    0.556 | 
     | mantissa_core/csa_level_1/FE_OFC873_n2299          | I ^ -> ZN v  | CKND1    | 0.029 |   0.600 |    0.585 | 
     | mantissa_core/csa_level_1/U127                     | A1 v -> ZN v | IOA21D4  | 0.056 |   0.655 |    0.640 | 
     | mantissa_core/U55                                  | A2 v -> ZN ^ | NR2XD2   | 0.033 |   0.689 |    0.674 | 
     | mantissa_core/U668                                 | A2 ^ -> ZN v | NR2XD4   | 0.022 |   0.711 |    0.696 | 
     | mantissa_core/FE_RC_524_0                          | A1 v -> ZN ^ | AOI21D4  | 0.033 |   0.744 |    0.729 | 
     | mantissa_core/U3572                                | A1 ^ -> ZN v | OAI21D4  | 0.035 |   0.779 |    0.764 | 
     | mantissa_core/U3579_dup                            | A1 v -> ZN ^ | AOI21D4  | 0.028 |   0.808 |    0.793 | 
     | mantissa_core/U3578                                | A1 ^ -> ZN v | OAI21D4  | 0.027 |   0.834 |    0.819 | 
     | mantissa_core/U3643                                | A1 v -> ZN ^ | AOI21D4  | 0.035 |   0.869 |    0.854 | 
     | mantissa_core/FE_RC_1400_0                         | A1 ^ -> ZN v | OAI21D4  | 0.036 |   0.905 |    0.890 | 
     | mantissa_core/U3624_dup                            | A1 v -> ZN ^ | AOI21D4  | 0.041 |   0.946 |    0.931 | 
     | mantissa_core/U2888_dup                            | A1 ^ -> ZN v | OAI21D4  | 0.030 |   0.976 |    0.961 | 
     | mantissa_core/U3074                                | A1 v -> ZN ^ | AOI21D4  | 0.038 |   1.015 |    1.000 | 
     | mantissa_core/FE_RC_544_0                          | A1 ^ -> ZN v | OAI21D4  | 0.024 |   1.039 |    1.024 | 
     | mantissa_core/U753                                 | I v -> ZN ^  | CKND2    | 0.014 |   1.052 |    1.037 | 
     | mantissa_core/U783                                 | A1 ^ -> ZN v | ND2D2    | 0.018 |   1.070 |    1.055 | 
     | mantissa_core/U1069                                | A1 v -> ZN ^ | CKND2D4  | 0.022 |   1.092 |    1.077 | 
     | mantissa_core/division_scale/FE_OCPC1225_shared_pl | I ^ -> ZN v  | INVD6    | 0.020 |   1.112 |    1.097 | 
     | ane_25                                             |              |          |       |         |          | 
     | mantissa_core/division_scale/FE_OCPC1229_shared_pl | I v -> ZN ^  | INVD6    | 0.013 |   1.125 |    1.110 | 
     | ane_25                                             |              |          |       |         |          | 
     | mantissa_core/division_scale/U111                  | A1 ^ -> ZN v | CKND2D4  | 0.012 |   1.138 |    1.123 | 
     | mantissa_core/division_scale/FE_OFC945_n164        | I v -> ZN ^  | CKND4    | 0.016 |   1.154 |    1.139 | 
     | mantissa_core/division_scale/U1116                 | B ^ -> S v   | FA1D4    | 0.087 |   1.241 |    1.226 | 
     | mantissa_core/division_scale/U1115                 | A v -> S v   | FA1D1    | 0.092 |   1.333 |    1.318 | 
     | mantissa_core/division_scale/U364                  | CI v -> S v  | FA1D4    | 0.079 |   1.412 |    1.397 | 
     | mantissa_core/division_scale/U807                  | A1 v -> ZN ^ | NR2XD4   | 0.030 |   1.441 |    1.426 | 
     | mantissa_core/division_scale/U800                  | A1 ^ -> ZN v | OAI21D4  | 0.020 |   1.461 |    1.446 | 
     | mantissa_core/division_scale/U290_dup              | B v -> ZN ^  | AOI21D4  | 0.035 |   1.496 |    1.481 | 
     | mantissa_core/division_scale/U759_dup              | B ^ -> ZN v  | OAI21D4  | 0.036 |   1.532 |    1.517 | 
     | mantissa_core/division_scale/U6                    | A1 v -> ZN ^ | ND2D4    | 0.022 |   1.554 |    1.539 | 
     | mantissa_core/division_scale/U787                  | A1 ^ -> ZN v | CKND2D4  | 0.015 |   1.569 |    1.554 | 
     | mantissa_core/division_scale/FE_RC_1128_0          | B1 v -> ZN ^ | IND2D4   | 0.013 |   1.583 |    1.568 | 
     | mantissa_core/division_scale/FE_RC_1127_0          | A1 ^ -> ZN v | CKND2D4  | 0.016 |   1.599 |    1.584 | 
     | mantissa_core/FE_RC_988_0                          | B1 v -> ZN ^ | IND2D4   | 0.018 |   1.617 |    1.602 | 
     | mantissa_core/FE_RC_76_0                           | A1 ^ -> ZN v | ND2D8    | 0.041 |   1.658 |    1.643 | 
     | U459                                               | A2 v -> ZN ^ | NR3D4    | 0.056 |   1.714 |    1.699 | 
     | U282                                               | A2 ^ -> ZN v | ND3D8    | 0.034 |   1.748 |    1.733 | 
     | U280                                               | I v -> ZN ^  | CKND12   | 0.021 |   1.769 |    1.754 | 
     | FE_OFC58_n165_dup                                  | I ^ -> Z ^   | BUFFD12  | 0.028 |   1.797 |    1.782 | 
     | U468                                               | A1 ^ -> ZN v | CKND2D4  | 0.017 |   1.814 |    1.799 | 
     | FE_RC_747_0                                        | A2 v -> ZN ^ | ND3D8    | 0.024 |   1.838 |    1.823 | 
     | U240                                               | I ^ -> ZN v  | INVD6    | 0.013 |   1.851 |    1.836 | 
     | U249_dup                                           | A4 v -> ZN ^ | ND4D4    | 0.024 |   1.875 |    1.860 | 
     | U470                                               | A2 ^ -> ZN v | NR2XD4   | 0.020 |   1.895 |    1.880 | 
     | U471_dup                                           | B v -> ZN ^  | IAO21D2  | 0.040 |   1.935 |    1.920 | 
     | FE_RC_83_0                                         | B1 ^ -> ZN v | IND2D4   | 0.033 |   1.968 |    1.953 | 
     | U484                                               | A1 v -> ZN ^ | NR2XD2   | 0.027 |   1.995 |    1.980 | 
     |                                                    | result[6] ^  |          | 0.000 |   1.995 |    1.980 | 
     +-----------------------------------------------------------------------------------------------------------+ 

