###############################################################
#  Generated by:      Cadence Innovus 21.16-s078_1
#  OS:                Linux x86_64(Host ID micro03)
#  Generated on:      Wed Jul 22 04:17:00 2026
#  Design:            oadm_dm
#  Command:           report_timing -check_type hold -nworst 5 > "$design_name.hold.rpt"
###############################################################
Path 1: MET Early External Delay Assertion 
Endpoint:   result[22] (^) checked with  leading edge of 'vclk'
Beginpoint: x[17]      (^) triggered by  leading edge of 'vclk'
Path Groups: {vclk}
Analysis View: typical
Other End Arrival Time          0.000
- External Delay                0.020
+ Phase Shift                   0.000
- CPPR Adjustment               0.000
= Required Time                -0.020
  Arrival Time                  0.241
  Slack Time                    0.261
     Clock Rise Edge                      0.000
     + Input Delay                        0.020
     + Drive Adjustment                   0.016
     = Beginpoint Arrival Time            0.036
     +----------------------------------------------------------------------+ 
     |    Instance    |     Arc      |  Cell   | Delay | Arrival | Required | 
     |                |              |         |       |  Time   |   Time   | 
     |----------------+--------------+---------+-------+---------+----------| 
     |                | x[17] ^      |         |       |   0.036 |   -0.225 | 
     | FE_OFC234_x_17 | I ^ -> ZN v  | CKND2   | 0.025 |   0.060 |   -0.200 | 
     | FE_OFC235_x_17 | I v -> ZN ^  | CKND1   | 0.017 |   0.078 |   -0.183 | 
     | U644           | A3 ^ -> ZN v | NR4D0   | 0.021 |   0.099 |   -0.162 | 
     | U648           | A2 v -> ZN ^ | AOI31D0 | 0.065 |   0.163 |   -0.097 | 
     | U360           | A2 ^ -> ZN v | NR2D2   | 0.044 |   0.207 |   -0.054 | 
     | FE_RC_587_0    | B v -> ZN ^  | OAI31D4 | 0.033 |   0.241 |   -0.020 | 
     |                | result[22] ^ |         | 0.000 |   0.241 |   -0.020 | 
     +----------------------------------------------------------------------+ 
Path 2: MET Early External Delay Assertion 
Endpoint:   result[22] (^) checked with  leading edge of 'vclk'
Beginpoint: x[21]      (^) triggered by  leading edge of 'vclk'
Path Groups: {vclk}
Analysis View: typical
Other End Arrival Time          0.000
- External Delay                0.020
+ Phase Shift                   0.000
- CPPR Adjustment               0.000
= Required Time                -0.020
  Arrival Time                  0.262
  Slack Time                    0.282
     Clock Rise Edge                      0.000
     + Input Delay                        0.020
     + Drive Adjustment                   0.017
     = Beginpoint Arrival Time            0.037
     +-----------------------------------------------------------------------+ 
     |    Instance     |     Arc      |  Cell   | Delay | Arrival | Required | 
     |                 |              |         |       |  Time   |   Time   | 
     |-----------------+--------------+---------+-------+---------+----------| 
     |                 | x[21] ^      |         |       |   0.037 |   -0.245 | 
     | FE_OFC1132_x_21 | I ^ -> Z ^   | BUFFD4  | 0.031 |   0.068 |   -0.214 | 
     | FE_OFC365_x_21  | I ^ -> ZN v  | INVD8   | 0.016 |   0.085 |   -0.197 | 
     | FE_OFC366_x_21  | I v -> ZN ^  | CKND1   | 0.015 |   0.100 |   -0.183 | 
     | U644            | A4 ^ -> ZN v | NR4D0   | 0.020 |   0.120 |   -0.162 | 
     | U648            | A2 v -> ZN ^ | AOI31D0 | 0.065 |   0.185 |   -0.097 | 
     | U360            | A2 ^ -> ZN v | NR2D2   | 0.044 |   0.229 |   -0.054 | 
     | FE_RC_587_0     | B v -> ZN ^  | OAI31D4 | 0.033 |   0.262 |   -0.020 | 
     |                 | result[22] ^ |         | 0.000 |   0.262 |   -0.020 | 
     +-----------------------------------------------------------------------+ 
Path 3: MET Early External Delay Assertion 
Endpoint:   result[22] (^) checked with  leading edge of 'vclk'
Beginpoint: x[19]      (^) triggered by  leading edge of 'vclk'
Path Groups: {vclk}
Analysis View: typical
Other End Arrival Time          0.000
- External Delay                0.020
+ Phase Shift                   0.000
- CPPR Adjustment               0.000
= Required Time                -0.020
  Arrival Time                  0.265
  Slack Time                    0.285
     Clock Rise Edge                      0.000
     + Input Delay                        0.020
     + Drive Adjustment                   0.011
     = Beginpoint Arrival Time            0.031
     +-----------------------------------------------------------------------+ 
     |    Instance     |     Arc      |  Cell   | Delay | Arrival | Required | 
     |                 |              |         |       |  Time   |   Time   | 
     |-----------------+--------------+---------+-------+---------+----------| 
     |                 | x[19] ^      |         |       |   0.031 |   -0.254 | 
     | FE_OFC1133_x_19 | I ^ -> Z ^   | BUFFD2  | 0.032 |   0.063 |   -0.222 | 
     | FE_OFC302_x_19  | I ^ -> ZN v  | CKND6   | 0.024 |   0.087 |   -0.198 | 
     | FE_OFC303_x_19  | I v -> ZN ^  | CKND1   | 0.018 |   0.105 |   -0.180 | 
     | U644            | A1 ^ -> ZN v | NR4D0   | 0.017 |   0.123 |   -0.162 | 
     | U648            | A2 v -> ZN ^ | AOI31D0 | 0.065 |   0.188 |   -0.097 | 
     | U360            | A2 ^ -> ZN v | NR2D2   | 0.044 |   0.231 |   -0.054 | 
     | FE_RC_587_0     | B v -> ZN ^  | OAI31D4 | 0.033 |   0.265 |   -0.020 | 
     |                 | result[22] ^ |         | 0.000 |   0.265 |   -0.020 | 
     +-----------------------------------------------------------------------+ 
Path 4: MET Early External Delay Assertion 
Endpoint:   result[22] (^) checked with  leading edge of 'vclk'
Beginpoint: x[22]      (^) triggered by  leading edge of 'vclk'
Path Groups: {vclk}
Analysis View: typical
Other End Arrival Time          0.000
- External Delay                0.020
+ Phase Shift                   0.000
- CPPR Adjustment               0.000
= Required Time                -0.020
  Arrival Time                  0.272
  Slack Time                    0.292
     Clock Rise Edge                      0.000
     + Input Delay                        0.020
     + Drive Adjustment                   0.023
     = Beginpoint Arrival Time            0.043
     +----------------------------------------------------------------------+ 
     |    Instance    |     Arc      |  Cell   | Delay | Arrival | Required | 
     |                |              |         |       |  Time   |   Time   | 
     |----------------+--------------+---------+-------+---------+----------| 
     |                | x[22] ^      |         |       |   0.043 |   -0.250 | 
     | FE_OFC726_x_22 | I ^ -> ZN v  | INVD3   | 0.026 |   0.069 |   -0.224 | 
     | FE_OFC727_x_22 | I v -> ZN ^  | CKND1   | 0.017 |   0.086 |   -0.206 | 
     | U639           | A1 ^ -> ZN v | NR4D0   | 0.017 |   0.103 |   -0.189 | 
     | U643           | A1 v -> ZN v | INR2D0  | 0.032 |   0.135 |   -0.158 | 
     | U648           | A1 v -> ZN ^ | AOI31D0 | 0.060 |   0.195 |   -0.097 | 
     | U360           | A2 ^ -> ZN v | NR2D2   | 0.044 |   0.239 |   -0.054 | 
     | FE_RC_587_0    | B v -> ZN ^  | OAI31D4 | 0.033 |   0.272 |   -0.020 | 
     |                | result[22] ^ |         | 0.000 |   0.272 |   -0.020 | 
     +----------------------------------------------------------------------+ 
Path 5: MET Early External Delay Assertion 
Endpoint:   result[31] (v) checked with  leading edge of 'vclk'
Beginpoint: x[31]      (^) triggered by  leading edge of 'vclk'
Path Groups: {vclk}
Analysis View: typical
Other End Arrival Time          0.000
- External Delay                0.020
+ Phase Shift                   0.000
- CPPR Adjustment               0.000
= Required Time                -0.020
  Arrival Time                  0.274
  Slack Time                    0.294
     Clock Rise Edge                      0.000
     + Input Delay                        0.020
     + Drive Adjustment                   0.010
     = Beginpoint Arrival Time            0.030
     +--------------------------------------------------------------------+ 
     |   Instance   |     Arc      |  Cell   | Delay | Arrival | Required | 
     |              |              |         |       |  Time   |   Time   | 
     |--------------+--------------+---------+-------+---------+----------| 
     |              | x[31] ^      |         |       |   0.030 |   -0.265 | 
     | FE_OFC0_x_31 | I ^ -> Z ^   | CKBD0   | 0.050 |   0.080 |   -0.215 | 
     | U448         | A1 ^ -> ZN v | AOI21D0 | 0.075 |   0.154 |   -0.140 | 
     | U            | I v -> Z v   | BUFFD0  | 0.042 |   0.196 |   -0.098 | 
     | U0           | I v -> Z v   | BUFFD0  | 0.078 |   0.274 |   -0.020 | 
     |              | result[31] v |         | 0.000 |   0.274 |   -0.020 | 
     +--------------------------------------------------------------------+ 

