1
 
****************************************
Report : area
Design : oadm_runtime_root_opt
Version: U-2022.12-SP7
Date   : Wed Sep  2 21:34:32 2026
****************************************

Library(s) Used:

    tcbn65gplustc_ccs (File: /courses/ee6350/pdk2025/tcbn65gplus/TSMCHOME/digital/Front_End/timing_power_noise/CCS/tcbn65gplus_200a/tcbn65gplustc_ccs.db)

Number of ports:                           99
Number of nets:                          1115
Number of cells:                          909
Number of combinational cells:            909
Number of sequential cells:                 0
Number of macros/black boxes:               0
Number of buf/inv:                        126
Number of references:                      56

Combinational area:               2990.520020
Buf/Inv area:                      138.600006
Noncombinational area:               0.000000
Macro/Black Box area:                0.000000
Net Interconnect area:      undefined  (Wire load has zero net area)

Total cell area:                  2990.520020
Total area:                 undefined
1
 
****************************************
Report : area
Design : oadm_runtime_root_opt
Version: U-2022.12-SP7
Date   : Wed Sep  2 21:34:32 2026
****************************************

Library(s) Used:

    tcbn65gplustc_ccs (File: /courses/ee6350/pdk2025/tcbn65gplus/TSMCHOME/digital/Front_End/timing_power_noise/CCS/tcbn65gplus_200a/tcbn65gplustc_ccs.db)

Number of ports:                           99
Number of nets:                          1115
Number of cells:                          909
Number of combinational cells:            909
Number of sequential cells:                 0
Number of macros/black boxes:               0
Number of buf/inv:                        126
Number of references:                      56

Combinational area:               2990.520020
Buf/Inv area:                      138.600006
Noncombinational area:               0.000000
Macro/Black Box area:                0.000000
Net Interconnect area:      undefined  (Wire load has zero net area)

Total cell area:                  2990.520020
Total area:                 undefined

Hierarchical area distribution
------------------------------

                                  Global cell area          Local cell area
                                  ------------------  ---------------------------- 
Hierarchical cell                 Absolute   Percent  Combi-     Noncombi-  Black-
                                  Total      Total    national   national   boxes   Design
--------------------------------  ---------  -------  ---------  ---------  ------  ---------
oadm_runtime_root_opt             2990.5200    100.0  2990.5200     0.0000  0.0000  oadm_runtime_root_opt
--------------------------------  ---------  -------  ---------  ---------  ------  ---------
Total                                                 2990.5200     0.0000  0.0000

1
Information: Propagating switching activity (medium effort zero delay simulation). (PWR-6)
Warning: Design has unannotated primary inputs. (PWR-414)
 
****************************************
Report : power
        -hier
        -analysis_effort medium
        -verbose
Design : oadm_runtime_root_opt
Version: U-2022.12-SP7
Date   : Wed Sep  2 21:34:33 2026
****************************************


Library(s) Used:

    tcbn65gplustc_ccs (File: /courses/ee6350/pdk2025/tcbn65gplus/TSMCHOME/digital/Front_End/timing_power_noise/CCS/tcbn65gplus_200a/tcbn65gplustc_ccs.db)


Operating Conditions: NCCOM   Library: tcbn65gplustc_ccs
Wire Load Model Mode: segmented

Design        Wire Load Model            Library
------------------------------------------------
oadm_runtime_root_opt  ZeroWireload      tcbn65gplustc_ccs


Global Operating Voltage = 1    
Power-specific unit information :
    Voltage Units = 1V
    Capacitance Units = 1.000000pf
    Time Units = 1ns
    Dynamic Power Units = 1mW    (derived from V,C,T units)
    Leakage Power Units = 1nW


--------------------------------------------------------------------------------
                                       Switch   Int      Leak     Total
Hierarchy                              Power    Power    Power    Power    %
--------------------------------------------------------------------------------
oadm_runtime_root_opt                  3.77e-02 9.44e-02 1.44e+04    0.146 100.0
1
 
****************************************
Report : constraint
        -all_violators
        -verbose
Design : oadm_runtime_root_opt
Version: U-2022.12-SP7
Date   : Wed Sep  2 21:34:33 2026
****************************************


    Design: oadm_runtime_root_opt

    max_area               0.00
  - Current Area        2990.52
  ------------------------------
    Slack              -2990.52  (VIOLATED)


1
