****************************************
Report : timing
	-path_type full
	-delay_type max
	-nworst 10
	-slack_lesser_than 1000.00000
	-max_paths 10
	-sort_by slack
Design : fig8_pace_l4_d12
Version: U-2022.12-SP5
Date   : Sat Sep  5 13:14:04 2026
****************************************


  Startpoint: x[12] (input port clocked by vclk)
  Endpoint: result[30] (output port clocked by vclk)
  Path Group: vclk
  Path Type: max

  Point                                                   Incr       Path
  ------------------------------------------------------------------------------
  clock vclk (rise edge)                               0.00000    0.00000
  clock network delay (ideal)                          0.00000    0.00000
  input external delay                                 0.02000    0.02000 r
  x[12] (in)                                           0.00773    0.02773 r
  shell/shared_wrapper/U97/Z (CKBD1)                   0.03233    0.06006 r
  core/sub_18/U14/ZN (INR2D0)                          0.05222    0.11228 r
  core/sub_18/U13/Z (AN2D0)                            0.04220    0.15448 r
  core/sub_18/U12/ZN (OAI22D0)                         0.03712    0.19160 f
  core/sub_18/U11/ZN (NR2D0)                           0.03464    0.22624 r
  core/sub_18/U10/ZN (MOAI22D0)                        0.02948    0.25572 f
  core/sub_18/U2_3/CO (FA1D0)                          0.05767    0.31340 f
  core/sub_18/U2_4/CO (FA1D0)                          0.05532    0.36871 f
  core/sub_18/U2_5/CO (FA1D0)                          0.05525    0.42396 f
  core/sub_18/U2_6/CO (FA1D0)                          0.05524    0.47920 f
  core/sub_18/U2_7/CO (FA1D0)                          0.05524    0.53445 f
  core/sub_18/U2_8/S (FA1D0)                           0.07493    0.60938 f
  core/U138/Z (OA22D0)                                 0.06060    0.66998 f
  core/U147/ZN (OAI222D0)                              0.07618    0.74616 r
  core/U37/ZN (INVD1)                                  0.01425    0.76040 f
  core/U148/ZN (AOI222D0)                              0.06937    0.82977 r
  core/U149/ZN (OAI211D0)                              0.06960    0.89938 f
  core/Stage_2_2/U29/Z (CKXOR2D1)                      0.06358    0.96296 r
  core/Stage_2_2/U8/Z (CKXOR2D1)                       0.06494    1.02789 r
  core/Stage_3_1/U8/Z (CKXOR2D1)                       0.05319    1.08108 f
  core/Stage_4_1/U29/Z (CKXOR2D1)                      0.06323    1.14431 r
  core/Stage_4_1/U8/Z (CKXOR2D1)                       0.06020    1.20452 f
  core/add_205/U1_2/CO (FA1D0)                         0.10017    1.30469 f
  core/add_205/U1_3/CO (FA1D0)                         0.05417    1.35886 f
  core/add_205/U1_4/CO (FA1D0)                         0.05521    1.41407 f
  core/add_205/U1_5/CO (FA1D0)                         0.05524    1.46931 f
  core/add_205/U1_6/CO (FA1D0)                         0.05524    1.52456 f
  core/add_205/U1_7/CO (FA1D0)                         0.05524    1.57980 f
  core/add_205/U1_8/CO (FA1D0)                         0.05524    1.63505 f
  core/add_205/U1_9/CO (FA1D0)                         0.05524    1.69029 f
  core/add_205/U1_10/CO (FA1D0)                        0.05524    1.74554 f
  core/add_205/U1_11/CO (FA1D0)                        0.05598    1.80152 f
  core/add_205/U1_12/Z (XOR3D1)                        0.04711    1.84863 f
  U2/ZN (INVD1)                                        0.07584    1.92447 r
  shell/shared_wrapper/U35/CO (FA1D0)                  0.09973    2.02420 r
  shell/shared_wrapper/U36/CO (FA1D0)                  0.05089    2.07509 r
  shell/shared_wrapper/U37/CO (FA1D0)                  0.05089    2.12598 r
  shell/shared_wrapper/U38/CO (FA1D0)                  0.05089    2.17687 r
  shell/shared_wrapper/U39/CO (FA1D0)                  0.05089    2.22776 r
  shell/shared_wrapper/U40/CO (FA1D0)                  0.05178    2.27954 r
  shell/shared_wrapper/U49/Z (XOR3D1)                  0.07800    2.35754 f
  result[30] (out)                                     0.00000    2.35754 f
  data arrival time                                               2.35754

  clock vclk (rise edge)                              10.00000   10.00000
  clock network delay (ideal)                          0.00000   10.00000
  clock reconvergence pessimism                        0.00000   10.00000
  output external delay                               -0.02000    9.98000
  data required time                                              9.98000
  ------------------------------------------------------------------------------
  data required time                                              9.98000
  data arrival time                                              -2.35754
  ------------------------------------------------------------------------------
  slack (MET)                                                     7.62246


  Startpoint: x[12] (input port clocked by vclk)
  Endpoint: result[30] (output port clocked by vclk)
  Path Group: vclk
  Path Type: max

  Point                                                   Incr       Path
  ------------------------------------------------------------------------------
  clock vclk (rise edge)                               0.00000    0.00000
  clock network delay (ideal)                          0.00000    0.00000
  input external delay                                 0.02000    0.02000 r
  x[12] (in)                                           0.00773    0.02773 r
  shell/shared_wrapper/U97/Z (CKBD1)                   0.03233    0.06006 r
  core/sub_18/U14/ZN (INR2D0)                          0.05222    0.11228 r
  core/sub_18/U13/Z (AN2D0)                            0.04220    0.15448 r
  core/sub_18/U12/ZN (OAI22D0)                         0.03712    0.19160 f
  core/sub_18/U11/ZN (NR2D0)                           0.03464    0.22624 r
  core/sub_18/U10/ZN (MOAI22D0)                        0.02948    0.25572 f
  core/sub_18/U2_3/CO (FA1D0)                          0.05767    0.31340 f
  core/sub_18/U2_4/CO (FA1D0)                          0.05532    0.36871 f
  core/sub_18/U2_5/CO (FA1D0)                          0.05525    0.42396 f
  core/sub_18/U2_6/CO (FA1D0)                          0.05524    0.47920 f
  core/sub_18/U2_7/CO (FA1D0)                          0.05524    0.53445 f
  core/sub_18/U2_8/S (FA1D0)                           0.07493    0.60938 f
  core/U138/Z (OA22D0)                                 0.06060    0.66998 f
  core/U147/ZN (OAI222D0)                              0.07618    0.74616 r
  core/U37/ZN (INVD1)                                  0.01425    0.76040 f
  core/U148/ZN (AOI222D0)                              0.06937    0.82977 r
  core/U149/ZN (OAI211D0)                              0.06960    0.89938 f
  core/Stage_2_2/U29/Z (CKXOR2D1)                      0.06358    0.96296 r
  core/Stage_2_2/U8/Z (CKXOR2D1)                       0.06494    1.02789 r
  core/Stage_3_1/U8/Z (CKXOR2D1)                       0.05157    1.07947 r
  core/Stage_4_1/U29/Z (CKXOR2D1)                      0.06361    1.14307 r
  core/Stage_4_1/U8/Z (CKXOR2D1)                       0.06020    1.20328 f
  core/add_205/U1_2/CO (FA1D0)                         0.10017    1.30345 f
  core/add_205/U1_3/CO (FA1D0)                         0.05417    1.35762 f
  core/add_205/U1_4/CO (FA1D0)                         0.05521    1.41283 f
  core/add_205/U1_5/CO (FA1D0)                         0.05524    1.46808 f
  core/add_205/U1_6/CO (FA1D0)                         0.05524    1.52332 f
  core/add_205/U1_7/CO (FA1D0)                         0.05524    1.57857 f
  core/add_205/U1_8/CO (FA1D0)                         0.05524    1.63381 f
  core/add_205/U1_9/CO (FA1D0)                         0.05524    1.68906 f
  core/add_205/U1_10/CO (FA1D0)                        0.05524    1.74430 f
  core/add_205/U1_11/CO (FA1D0)                        0.05598    1.80028 f
  core/add_205/U1_12/Z (XOR3D1)                        0.04711    1.84740 f
  U2/ZN (INVD1)                                        0.07584    1.92323 r
  shell/shared_wrapper/U35/CO (FA1D0)                  0.09973    2.02296 r
  shell/shared_wrapper/U36/CO (FA1D0)                  0.05089    2.07385 r
  shell/shared_wrapper/U37/CO (FA1D0)                  0.05089    2.12474 r
  shell/shared_wrapper/U38/CO (FA1D0)                  0.05089    2.17563 r
  shell/shared_wrapper/U39/CO (FA1D0)                  0.05089    2.22652 r
  shell/shared_wrapper/U40/CO (FA1D0)                  0.05178    2.27830 r
  shell/shared_wrapper/U49/Z (XOR3D1)                  0.07800    2.35630 f
  result[30] (out)                                     0.00000    2.35630 f
  data arrival time                                               2.35630

  clock vclk (rise edge)                              10.00000   10.00000
  clock network delay (ideal)                          0.00000   10.00000
  clock reconvergence pessimism                        0.00000   10.00000
  output external delay                               -0.02000    9.98000
  data required time                                              9.98000
  ------------------------------------------------------------------------------
  data required time                                              9.98000
  data arrival time                                              -2.35630
  ------------------------------------------------------------------------------
  slack (MET)                                                     7.62370


  Startpoint: x[12] (input port clocked by vclk)
  Endpoint: result[30] (output port clocked by vclk)
  Path Group: vclk
  Path Type: max

  Point                                                   Incr       Path
  ------------------------------------------------------------------------------
  clock vclk (rise edge)                               0.00000    0.00000
  clock network delay (ideal)                          0.00000    0.00000
  input external delay                                 0.02000    0.02000 r
  x[12] (in)                                           0.00773    0.02773 r
  shell/shared_wrapper/U97/Z (CKBD1)                   0.03233    0.06006 r
  core/sub_18/U14/ZN (INR2D0)                          0.05222    0.11228 r
  core/sub_18/U13/Z (AN2D0)                            0.04220    0.15448 r
  core/sub_18/U12/ZN (OAI22D0)                         0.03712    0.19160 f
  core/sub_18/U11/ZN (NR2D0)                           0.03464    0.22624 r
  core/sub_18/U10/ZN (MOAI22D0)                        0.02948    0.25572 f
  core/sub_18/U2_3/CO (FA1D0)                          0.05767    0.31340 f
  core/sub_18/U2_4/CO (FA1D0)                          0.05532    0.36871 f
  core/sub_18/U2_5/CO (FA1D0)                          0.05525    0.42396 f
  core/sub_18/U2_6/CO (FA1D0)                          0.05524    0.47920 f
  core/sub_18/U2_7/CO (FA1D0)                          0.05524    0.53445 f
  core/sub_18/U2_8/S (FA1D0)                           0.07493    0.60938 f
  core/U138/Z (OA22D0)                                 0.06060    0.66998 f
  core/U147/ZN (OAI222D0)                              0.07618    0.74616 r
  core/U37/ZN (INVD1)                                  0.01425    0.76040 f
  core/U148/ZN (AOI222D0)                              0.06937    0.82977 r
  core/U149/ZN (OAI211D0)                              0.06960    0.89938 f
  core/Stage_2_2/U29/Z (CKXOR2D1)                      0.06358    0.96296 r
  core/Stage_2_2/U8/Z (CKXOR2D1)                       0.06499    1.02795 f
  core/Stage_3_1/U8/Z (CKXOR2D1)                       0.05015    1.07811 r
  core/Stage_4_1/U29/Z (CKXOR2D1)                      0.06361    1.14172 r
  core/Stage_4_1/U8/Z (CKXOR2D1)                       0.06020    1.20192 f
  core/add_205/U1_2/CO (FA1D0)                         0.10017    1.30209 f
  core/add_205/U1_3/CO (FA1D0)                         0.05417    1.35626 f
  core/add_205/U1_4/CO (FA1D0)                         0.05521    1.41147 f
  core/add_205/U1_5/CO (FA1D0)                         0.05524    1.46672 f
  core/add_205/U1_6/CO (FA1D0)                         0.05524    1.52196 f
  core/add_205/U1_7/CO (FA1D0)                         0.05524    1.57721 f
  core/add_205/U1_8/CO (FA1D0)                         0.05524    1.63245 f
  core/add_205/U1_9/CO (FA1D0)                         0.05524    1.68770 f
  core/add_205/U1_10/CO (FA1D0)                        0.05524    1.74294 f
  core/add_205/U1_11/CO (FA1D0)                        0.05598    1.79892 f
  core/add_205/U1_12/Z (XOR3D1)                        0.04711    1.84604 f
  U2/ZN (INVD1)                                        0.07584    1.92187 r
  shell/shared_wrapper/U35/CO (FA1D0)                  0.09973    2.02160 r
  shell/shared_wrapper/U36/CO (FA1D0)                  0.05089    2.07249 r
  shell/shared_wrapper/U37/CO (FA1D0)                  0.05089    2.12338 r
  shell/shared_wrapper/U38/CO (FA1D0)                  0.05089    2.17427 r
  shell/shared_wrapper/U39/CO (FA1D0)                  0.05089    2.22516 r
  shell/shared_wrapper/U40/CO (FA1D0)                  0.05178    2.27694 r
  shell/shared_wrapper/U49/Z (XOR3D1)                  0.07800    2.35494 f
  result[30] (out)                                     0.00000    2.35494 f
  data arrival time                                               2.35494

  clock vclk (rise edge)                              10.00000   10.00000
  clock network delay (ideal)                          0.00000   10.00000
  clock reconvergence pessimism                        0.00000   10.00000
  output external delay                               -0.02000    9.98000
  data required time                                              9.98000
  ------------------------------------------------------------------------------
  data required time                                              9.98000
  data arrival time                                              -2.35494
  ------------------------------------------------------------------------------
  slack (MET)                                                     7.62506


  Startpoint: x[12] (input port clocked by vclk)
  Endpoint: result[30] (output port clocked by vclk)
  Path Group: vclk
  Path Type: max

  Point                                                   Incr       Path
  ------------------------------------------------------------------------------
  clock vclk (rise edge)                               0.00000    0.00000
  clock network delay (ideal)                          0.00000    0.00000
  input external delay                                 0.02000    0.02000 r
  x[12] (in)                                           0.00773    0.02773 r
  shell/shared_wrapper/U97/Z (CKBD1)                   0.03233    0.06006 r
  core/sub_18/U14/ZN (INR2D0)                          0.05222    0.11228 r
  core/sub_18/U13/Z (AN2D0)                            0.04220    0.15448 r
  core/sub_18/U12/ZN (OAI22D0)                         0.03712    0.19160 f
  core/sub_18/U11/ZN (NR2D0)                           0.03464    0.22624 r
  core/sub_18/U10/ZN (MOAI22D0)                        0.02948    0.25572 f
  core/sub_18/U2_3/CO (FA1D0)                          0.05767    0.31340 f
  core/sub_18/U2_4/CO (FA1D0)                          0.05532    0.36871 f
  core/sub_18/U2_5/CO (FA1D0)                          0.05525    0.42396 f
  core/sub_18/U2_6/CO (FA1D0)                          0.05524    0.47920 f
  core/sub_18/U2_7/CO (FA1D0)                          0.05524    0.53445 f
  core/sub_18/U2_8/S (FA1D0)                           0.07493    0.60938 f
  core/U138/Z (OA22D0)                                 0.06060    0.66998 f
  core/U147/ZN (OAI222D0)                              0.07618    0.74616 r
  core/U37/ZN (INVD1)                                  0.01425    0.76040 f
  core/U148/ZN (AOI222D0)                              0.06937    0.82977 r
  core/U149/ZN (OAI211D0)                              0.06960    0.89938 f
  core/Stage_2_2/U29/Z (CKXOR2D1)                      0.06358    0.96296 r
  core/Stage_2_2/U8/Z (CKXOR2D1)                       0.06494    1.02789 r
  core/Stage_3_1/U8/Z (CKXOR2D1)                       0.05319    1.08108 f
  core/Stage_4_1/U29/Z (CKXOR2D1)                      0.06323    1.14431 r
  core/Stage_4_1/U8/Z (CKXOR2D1)                       0.06020    1.20452 f
  core/add_205/U1_2/CO (FA1D0)                         0.10017    1.30469 f
  core/add_205/U1_3/CO (FA1D0)                         0.05417    1.35886 f
  core/add_205/U1_4/CO (FA1D0)                         0.05521    1.41407 f
  core/add_205/U1_5/CO (FA1D0)                         0.05524    1.46932 f
  core/add_205/U1_6/CO (FA1D0)                         0.05524    1.52456 f
  core/add_205/U1_7/CO (FA1D0)                         0.05524    1.57980 f
  core/add_205/U1_8/CO (FA1D0)                         0.05524    1.63505 f
  core/add_205/U1_9/CO (FA1D0)                         0.05524    1.69029 f
  core/add_205/U1_10/CO (FA1D0)                        0.05524    1.74554 f
  core/add_205/U1_11/CO (FA1D0)                        0.05598    1.80152 f
  core/add_205/U1_12/Z (XOR3D1)                        0.06332    1.86484 r
  U2/ZN (INVD1)                                        0.04908    1.91392 f
  shell/shared_wrapper/U35/CO (FA1D0)                  0.09088    2.00480 f
  shell/shared_wrapper/U36/CO (FA1D0)                  0.05515    2.05995 f
  shell/shared_wrapper/U37/CO (FA1D0)                  0.05524    2.11519 f
  shell/shared_wrapper/U38/CO (FA1D0)                  0.05524    2.17044 f
  shell/shared_wrapper/U39/CO (FA1D0)                  0.05524    2.22568 f
  shell/shared_wrapper/U40/CO (FA1D0)                  0.05598    2.28167 f
  shell/shared_wrapper/U49/Z (XOR3D1)                  0.06856    2.35023 r
  result[30] (out)                                     0.00000    2.35023 r
  data arrival time                                               2.35023

  clock vclk (rise edge)                              10.00000   10.00000
  clock network delay (ideal)                          0.00000   10.00000
  clock reconvergence pessimism                        0.00000   10.00000
  output external delay                               -0.02000    9.98000
  data required time                                              9.98000
  ------------------------------------------------------------------------------
  data required time                                              9.98000
  data arrival time                                              -2.35023
  ------------------------------------------------------------------------------
  slack (MET)                                                     7.62977


  Startpoint: x[12] (input port clocked by vclk)
  Endpoint: result[30] (output port clocked by vclk)
  Path Group: vclk
  Path Type: max

  Point                                                   Incr       Path
  ------------------------------------------------------------------------------
  clock vclk (rise edge)                               0.00000    0.00000
  clock network delay (ideal)                          0.00000    0.00000
  input external delay                                 0.02000    0.02000 r
  x[12] (in)                                           0.00773    0.02773 r
  shell/shared_wrapper/U97/Z (CKBD1)                   0.03233    0.06006 r
  core/sub_18/U14/ZN (INR2D0)                          0.05222    0.11228 r
  core/sub_18/U13/Z (AN2D0)                            0.04220    0.15448 r
  core/sub_18/U12/ZN (OAI22D0)                         0.03712    0.19160 f
  core/sub_18/U11/ZN (NR2D0)                           0.03464    0.22624 r
  core/sub_18/U10/ZN (MOAI22D0)                        0.02948    0.25572 f
  core/sub_18/U2_3/CO (FA1D0)                          0.05767    0.31340 f
  core/sub_18/U2_4/CO (FA1D0)                          0.05532    0.36871 f
  core/sub_18/U2_5/CO (FA1D0)                          0.05525    0.42396 f
  core/sub_18/U2_6/CO (FA1D0)                          0.05524    0.47920 f
  core/sub_18/U2_7/CO (FA1D0)                          0.05524    0.53445 f
  core/sub_18/U2_8/S (FA1D0)                           0.07493    0.60938 f
  core/U138/Z (OA22D0)                                 0.06060    0.66998 f
  core/U147/ZN (OAI222D0)                              0.07618    0.74616 r
  core/U37/ZN (INVD1)                                  0.01425    0.76040 f
  core/U148/ZN (AOI222D0)                              0.06937    0.82977 r
  core/U149/ZN (OAI211D0)                              0.06960    0.89938 f
  core/Stage_2_2/U29/Z (CKXOR2D1)                      0.06358    0.96296 r
  core/Stage_2_2/U8/Z (CKXOR2D1)                       0.06494    1.02789 r
  core/Stage_3_1/U8/Z (CKXOR2D1)                       0.05157    1.07947 r
  core/Stage_4_1/U29/Z (CKXOR2D1)                      0.06361    1.14308 r
  core/Stage_4_1/U8/Z (CKXOR2D1)                       0.06020    1.20328 f
  core/add_205/U1_2/CO (FA1D0)                         0.10017    1.30345 f
  core/add_205/U1_3/CO (FA1D0)                         0.05417    1.35762 f
  core/add_205/U1_4/CO (FA1D0)                         0.05521    1.41283 f
  core/add_205/U1_5/CO (FA1D0)                         0.05524    1.46808 f
  core/add_205/U1_6/CO (FA1D0)                         0.05524    1.52332 f
  core/add_205/U1_7/CO (FA1D0)                         0.05524    1.57857 f
  core/add_205/U1_8/CO (FA1D0)                         0.05524    1.63381 f
  core/add_205/U1_9/CO (FA1D0)                         0.05524    1.68906 f
  core/add_205/U1_10/CO (FA1D0)                        0.05524    1.74430 f
  core/add_205/U1_11/CO (FA1D0)                        0.05598    1.80028 f
  core/add_205/U1_12/Z (XOR3D1)                        0.06332    1.86360 r
  U2/ZN (INVD1)                                        0.04908    1.91268 f
  shell/shared_wrapper/U35/CO (FA1D0)                  0.09088    2.00357 f
  shell/shared_wrapper/U36/CO (FA1D0)                  0.05515    2.05871 f
  shell/shared_wrapper/U37/CO (FA1D0)                  0.05524    2.11396 f
  shell/shared_wrapper/U38/CO (FA1D0)                  0.05524    2.16920 f
  shell/shared_wrapper/U39/CO (FA1D0)                  0.05524    2.22444 f
  shell/shared_wrapper/U40/CO (FA1D0)                  0.05598    2.28043 f
  shell/shared_wrapper/U49/Z (XOR3D1)                  0.06856    2.34899 r
  result[30] (out)                                     0.00000    2.34899 r
  data arrival time                                               2.34899

  clock vclk (rise edge)                              10.00000   10.00000
  clock network delay (ideal)                          0.00000   10.00000
  clock reconvergence pessimism                        0.00000   10.00000
  output external delay                               -0.02000    9.98000
  data required time                                              9.98000
  ------------------------------------------------------------------------------
  data required time                                              9.98000
  data arrival time                                              -2.34899
  ------------------------------------------------------------------------------
  slack (MET)                                                     7.63101


  Startpoint: x[12] (input port clocked by vclk)
  Endpoint: result[30] (output port clocked by vclk)
  Path Group: vclk
  Path Type: max

  Point                                                   Incr       Path
  ------------------------------------------------------------------------------
  clock vclk (rise edge)                               0.00000    0.00000
  clock network delay (ideal)                          0.00000    0.00000
  input external delay                                 0.02000    0.02000 r
  x[12] (in)                                           0.00773    0.02773 r
  shell/shared_wrapper/U97/Z (CKBD1)                   0.03233    0.06006 r
  core/sub_18/U14/ZN (INR2D0)                          0.05222    0.11228 r
  core/sub_18/U13/Z (AN2D0)                            0.04220    0.15448 r
  core/sub_18/U12/ZN (OAI22D0)                         0.03712    0.19160 f
  core/sub_18/U11/ZN (NR2D0)                           0.03464    0.22624 r
  core/sub_18/U10/ZN (MOAI22D0)                        0.02948    0.25572 f
  core/sub_18/U2_3/CO (FA1D0)                          0.05767    0.31340 f
  core/sub_18/U2_4/CO (FA1D0)                          0.05532    0.36871 f
  core/sub_18/U2_5/CO (FA1D0)                          0.05525    0.42396 f
  core/sub_18/U2_6/CO (FA1D0)                          0.05524    0.47920 f
  core/sub_18/U2_7/CO (FA1D0)                          0.05524    0.53445 f
  core/sub_18/U2_8/S (FA1D0)                           0.07493    0.60938 f
  core/U138/Z (OA22D0)                                 0.06060    0.66998 f
  core/U147/ZN (OAI222D0)                              0.07618    0.74616 r
  core/U37/ZN (INVD1)                                  0.01425    0.76040 f
  core/U148/ZN (AOI222D0)                              0.06937    0.82977 r
  core/U149/ZN (OAI211D0)                              0.06960    0.89938 f
  core/Stage_2_2/U29/Z (CKXOR2D1)                      0.06358    0.96296 r
  core/Stage_2_2/U8/Z (CKXOR2D1)                       0.06494    1.02789 r
  core/Stage_3_1/U8/Z (CKXOR2D1)                       0.05319    1.08108 f
  core/Stage_4_1/U29/Z (CKXOR2D1)                      0.06323    1.14431 r
  core/Stage_4_1/U8/Z (CKXOR2D1)                       0.06020    1.20452 f
  core/add_205/U1_2/CO (FA1D0)                         0.10017    1.30469 f
  core/add_205/U1_3/CO (FA1D0)                         0.05417    1.35886 f
  core/add_205/U1_4/CO (FA1D0)                         0.05521    1.41407 f
  core/add_205/U1_5/CO (FA1D0)                         0.05524    1.46932 f
  core/add_205/U1_6/CO (FA1D0)                         0.05524    1.52456 f
  core/add_205/U1_7/CO (FA1D0)                         0.05524    1.57980 f
  core/add_205/U1_8/CO (FA1D0)                         0.05524    1.63505 f
  core/add_205/U1_9/CO (FA1D0)                         0.05524    1.69029 f
  core/add_205/U1_10/CO (FA1D0)                        0.05524    1.74554 f
  core/add_205/U1_11/CO (FA1D0)                        0.05598    1.80152 f
  core/add_205/U1_12/Z (XOR3D1)                        0.04711    1.84863 f
  U2/ZN (INVD1)                                        0.07584    1.92447 r
  shell/shared_wrapper/U3/Z (AN2XD1)                   0.04209    1.96656 r
  shell/shared_wrapper/U35/CO (FA1D0)                  0.04891    2.01547 r
  shell/shared_wrapper/U36/CO (FA1D0)                  0.05089    2.06636 r
  shell/shared_wrapper/U37/CO (FA1D0)                  0.05089    2.11725 r
  shell/shared_wrapper/U38/CO (FA1D0)                  0.05089    2.16814 r
  shell/shared_wrapper/U39/CO (FA1D0)                  0.05089    2.21903 r
  shell/shared_wrapper/U40/CO (FA1D0)                  0.05178    2.27081 r
  shell/shared_wrapper/U49/Z (XOR3D1)                  0.07800    2.34880 f
  result[30] (out)                                     0.00000    2.34880 f
  data arrival time                                               2.34880

  clock vclk (rise edge)                              10.00000   10.00000
  clock network delay (ideal)                          0.00000   10.00000
  clock reconvergence pessimism                        0.00000   10.00000
  output external delay                               -0.02000    9.98000
  data required time                                              9.98000
  ------------------------------------------------------------------------------
  data required time                                              9.98000
  data arrival time                                              -2.34880
  ------------------------------------------------------------------------------
  slack (MET)                                                     7.63120


  Startpoint: x[12] (input port clocked by vclk)
  Endpoint: result[30] (output port clocked by vclk)
  Path Group: vclk
  Path Type: max

  Point                                                   Incr       Path
  ------------------------------------------------------------------------------
  clock vclk (rise edge)                               0.00000    0.00000
  clock network delay (ideal)                          0.00000    0.00000
  input external delay                                 0.02000    0.02000 r
  x[12] (in)                                           0.00773    0.02773 r
  shell/shared_wrapper/U97/Z (CKBD1)                   0.03233    0.06006 r
  core/sub_18/U14/ZN (INR2D0)                          0.05222    0.11228 r
  core/sub_18/U13/Z (AN2D0)                            0.04220    0.15448 r
  core/sub_18/U12/ZN (OAI22D0)                         0.03712    0.19160 f
  core/sub_18/U11/ZN (NR2D0)                           0.03464    0.22624 r
  core/sub_18/U10/ZN (MOAI22D0)                        0.02948    0.25572 f
  core/sub_18/U2_3/CO (FA1D0)                          0.05767    0.31340 f
  core/sub_18/U2_4/CO (FA1D0)                          0.05532    0.36871 f
  core/sub_18/U2_5/CO (FA1D0)                          0.05525    0.42396 f
  core/sub_18/U2_6/CO (FA1D0)                          0.05524    0.47920 f
  core/sub_18/U2_7/CO (FA1D0)                          0.05524    0.53445 f
  core/sub_18/U2_8/S (FA1D0)                           0.07493    0.60938 f
  core/U138/Z (OA22D0)                                 0.06060    0.66998 f
  core/U147/ZN (OAI222D0)                              0.07618    0.74616 r
  core/U37/ZN (INVD1)                                  0.01425    0.76040 f
  core/U148/ZN (AOI222D0)                              0.06937    0.82977 r
  core/U149/ZN (OAI211D0)                              0.06960    0.89938 f
  core/Stage_2_2/U29/Z (CKXOR2D1)                      0.05575    0.95512 f
  core/Stage_2_2/U8/Z (CKXOR2D1)                       0.06399    1.01911 r
  core/Stage_3_1/U8/Z (CKXOR2D1)                       0.05319    1.07230 f
  core/Stage_4_1/U29/Z (CKXOR2D1)                      0.06323    1.13553 r
  core/Stage_4_1/U8/Z (CKXOR2D1)                       0.06020    1.19573 f
  core/add_205/U1_2/CO (FA1D0)                         0.10017    1.29590 f
  core/add_205/U1_3/CO (FA1D0)                         0.05417    1.35007 f
  core/add_205/U1_4/CO (FA1D0)                         0.05521    1.40529 f
  core/add_205/U1_5/CO (FA1D0)                         0.05524    1.46053 f
  core/add_205/U1_6/CO (FA1D0)                         0.05524    1.51577 f
  core/add_205/U1_7/CO (FA1D0)                         0.05524    1.57102 f
  core/add_205/U1_8/CO (FA1D0)                         0.05524    1.62626 f
  core/add_205/U1_9/CO (FA1D0)                         0.05524    1.68151 f
  core/add_205/U1_10/CO (FA1D0)                        0.05524    1.73675 f
  core/add_205/U1_11/CO (FA1D0)                        0.05598    1.79274 f
  core/add_205/U1_12/Z (XOR3D1)                        0.04711    1.83985 f
  U2/ZN (INVD1)                                        0.07584    1.91569 r
  shell/shared_wrapper/U35/CO (FA1D0)                  0.09973    2.01541 r
  shell/shared_wrapper/U36/CO (FA1D0)                  0.05089    2.06630 r
  shell/shared_wrapper/U37/CO (FA1D0)                  0.05089    2.11719 r
  shell/shared_wrapper/U38/CO (FA1D0)                  0.05089    2.16809 r
  shell/shared_wrapper/U39/CO (FA1D0)                  0.05089    2.21898 r
  shell/shared_wrapper/U40/CO (FA1D0)                  0.05178    2.27075 r
  shell/shared_wrapper/U49/Z (XOR3D1)                  0.07800    2.34875 f
  result[30] (out)                                     0.00000    2.34875 f
  data arrival time                                               2.34875

  clock vclk (rise edge)                              10.00000   10.00000
  clock network delay (ideal)                          0.00000   10.00000
  clock reconvergence pessimism                        0.00000   10.00000
  output external delay                               -0.02000    9.98000
  data required time                                              9.98000
  ------------------------------------------------------------------------------
  data required time                                              9.98000
  data arrival time                                              -2.34875
  ------------------------------------------------------------------------------
  slack (MET)                                                     7.63125


  Startpoint: x[12] (input port clocked by vclk)
  Endpoint: result[30] (output port clocked by vclk)
  Path Group: vclk
  Path Type: max

  Point                                                   Incr       Path
  ------------------------------------------------------------------------------
  clock vclk (rise edge)                               0.00000    0.00000
  clock network delay (ideal)                          0.00000    0.00000
  input external delay                                 0.02000    0.02000 r
  x[12] (in)                                           0.00773    0.02773 r
  shell/shared_wrapper/U97/Z (CKBD1)                   0.03233    0.06006 r
  core/sub_18/U14/ZN (INR2D0)                          0.05222    0.11228 r
  core/sub_18/U13/Z (AN2D0)                            0.04220    0.15448 r
  core/sub_18/U12/ZN (OAI22D0)                         0.03712    0.19160 f
  core/sub_18/U11/ZN (NR2D0)                           0.03464    0.22624 r
  core/sub_18/U10/ZN (MOAI22D0)                        0.02948    0.25572 f
  core/sub_18/U2_3/CO (FA1D0)                          0.05767    0.31340 f
  core/sub_18/U2_4/CO (FA1D0)                          0.05532    0.36871 f
  core/sub_18/U2_5/CO (FA1D0)                          0.05525    0.42396 f
  core/sub_18/U2_6/CO (FA1D0)                          0.05524    0.47920 f
  core/sub_18/U2_7/CO (FA1D0)                          0.05524    0.53445 f
  core/sub_18/U2_8/S (FA1D0)                           0.07493    0.60938 f
  core/U138/Z (OA22D0)                                 0.06060    0.66998 f
  core/U147/ZN (OAI222D0)                              0.07618    0.74616 r
  core/U37/ZN (INVD1)                                  0.01425    0.76040 f
  core/U148/ZN (AOI222D0)                              0.06937    0.82977 r
  core/U149/ZN (OAI211D0)                              0.06960    0.89938 f
  core/Stage_2_2/U29/Z (CKXOR2D1)                      0.06358    0.96296 r
  core/Stage_2_2/U8/Z (CKXOR2D1)                       0.06494    1.02789 r
  core/Stage_3_1/U8/Z (CKXOR2D1)                       0.05319    1.08108 f
  core/Stage_4_1/U29/Z (CKXOR2D1)                      0.06323    1.14431 r
  core/Stage_4_1/U8/Z (CKXOR2D1)                       0.06020    1.20452 f
  core/add_205/U1_2/CO (FA1D0)                         0.10017    1.30469 f
  core/add_205/U1_3/CO (FA1D0)                         0.05417    1.35886 f
  core/add_205/U1_4/CO (FA1D0)                         0.05521    1.41407 f
  core/add_205/U1_5/CO (FA1D0)                         0.05524    1.46932 f
  core/add_205/U1_6/CO (FA1D0)                         0.05524    1.52456 f
  core/add_205/U1_7/CO (FA1D0)                         0.05524    1.57980 f
  core/add_205/U1_8/CO (FA1D0)                         0.05524    1.63505 f
  core/add_205/U1_9/CO (FA1D0)                         0.05524    1.69029 f
  core/add_205/U1_10/CO (FA1D0)                        0.05524    1.74554 f
  core/add_205/U1_11/CO (FA1D0)                        0.05598    1.80152 f
  core/add_205/U1_12/Z (XOR3D1)                        0.04711    1.84863 f
  U2/ZN (INVD1)                                        0.07584    1.92447 r
  shell/shared_wrapper/U35/CO (FA1D0)                  0.09973    2.02420 r
  shell/shared_wrapper/U36/CO (FA1D0)                  0.05089    2.07509 r
  shell/shared_wrapper/U37/CO (FA1D0)                  0.05089    2.12598 r
  shell/shared_wrapper/U38/CO (FA1D0)                  0.05089    2.17687 r
  shell/shared_wrapper/U39/CO (FA1D0)                  0.05089    2.22776 r
  shell/shared_wrapper/U40/CO (FA1D0)                  0.05178    2.27954 r
  shell/shared_wrapper/U49/Z (XOR3D1)                  0.06915    2.34869 r
  result[30] (out)                                     0.00000    2.34869 r
  data arrival time                                               2.34869

  clock vclk (rise edge)                              10.00000   10.00000
  clock network delay (ideal)                          0.00000   10.00000
  clock reconvergence pessimism                        0.00000   10.00000
  output external delay                               -0.02000    9.98000
  data required time                                              9.98000
  ------------------------------------------------------------------------------
  data required time                                              9.98000
  data arrival time                                              -2.34869
  ------------------------------------------------------------------------------
  slack (MET)                                                     7.63131


  Startpoint: x[12] (input port clocked by vclk)
  Endpoint: result[30] (output port clocked by vclk)
  Path Group: vclk
  Path Type: max

  Point                                                   Incr       Path
  ------------------------------------------------------------------------------
  clock vclk (rise edge)                               0.00000    0.00000
  clock network delay (ideal)                          0.00000    0.00000
  input external delay                                 0.02000    0.02000 r
  x[12] (in)                                           0.00773    0.02773 r
  shell/shared_wrapper/U97/Z (CKBD1)                   0.03233    0.06006 r
  core/sub_18/U14/ZN (INR2D0)                          0.05222    0.11228 r
  core/sub_18/U13/Z (AN2D0)                            0.04220    0.15448 r
  core/sub_18/U12/ZN (OAI22D0)                         0.03712    0.19160 f
  core/sub_18/U11/ZN (NR2D0)                           0.03464    0.22624 r
  core/sub_18/U10/ZN (MOAI22D0)                        0.02948    0.25572 f
  core/sub_18/U2_3/CO (FA1D0)                          0.05767    0.31340 f
  core/sub_18/U2_4/CO (FA1D0)                          0.05532    0.36871 f
  core/sub_18/U2_5/CO (FA1D0)                          0.05525    0.42396 f
  core/sub_18/U2_6/CO (FA1D0)                          0.05524    0.47920 f
  core/sub_18/U2_7/CO (FA1D0)                          0.05524    0.53445 f
  core/sub_18/U2_8/S (FA1D0)                           0.07493    0.60938 f
  core/U138/Z (OA22D0)                                 0.06060    0.66998 f
  core/U147/ZN (OAI222D0)                              0.07618    0.74616 r
  core/U37/ZN (INVD1)                                  0.01425    0.76040 f
  core/U148/ZN (AOI222D0)                              0.06937    0.82977 r
  core/U149/ZN (OAI211D0)                              0.06960    0.89938 f
  core/Stage_2_2/U29/Z (CKXOR2D1)                      0.06358    0.96296 r
  core/Stage_2_2/U8/Z (CKXOR2D1)                       0.06499    1.02795 f
  core/Stage_3_1/U8/Z (CKXOR2D1)                       0.05015    1.07811 r
  core/Stage_4_1/U29/Z (CKXOR2D1)                      0.06361    1.14172 r
  core/Stage_4_1/U8/Z (CKXOR2D1)                       0.06020    1.20192 f
  core/add_205/U1_2/CO (FA1D0)                         0.10017    1.30209 f
  core/add_205/U1_3/CO (FA1D0)                         0.05417    1.35626 f
  core/add_205/U1_4/CO (FA1D0)                         0.05521    1.41147 f
  core/add_205/U1_5/CO (FA1D0)                         0.05524    1.46672 f
  core/add_205/U1_6/CO (FA1D0)                         0.05524    1.52196 f
  core/add_205/U1_7/CO (FA1D0)                         0.05524    1.57721 f
  core/add_205/U1_8/CO (FA1D0)                         0.05524    1.63245 f
  core/add_205/U1_9/CO (FA1D0)                         0.05524    1.68770 f
  core/add_205/U1_10/CO (FA1D0)                        0.05524    1.74294 f
  core/add_205/U1_11/CO (FA1D0)                        0.05598    1.79892 f
  core/add_205/U1_12/Z (XOR3D1)                        0.06332    1.86224 r
  U2/ZN (INVD1)                                        0.04908    1.91133 f
  shell/shared_wrapper/U35/CO (FA1D0)                  0.09088    2.00221 f
  shell/shared_wrapper/U36/CO (FA1D0)                  0.05515    2.05735 f
  shell/shared_wrapper/U37/CO (FA1D0)                  0.05524    2.11260 f
  shell/shared_wrapper/U38/CO (FA1D0)                  0.05524    2.16784 f
  shell/shared_wrapper/U39/CO (FA1D0)                  0.05524    2.22309 f
  shell/shared_wrapper/U40/CO (FA1D0)                  0.05598    2.27907 f
  shell/shared_wrapper/U49/Z (XOR3D1)                  0.06856    2.34763 r
  result[30] (out)                                     0.00000    2.34763 r
  data arrival time                                               2.34763

  clock vclk (rise edge)                              10.00000   10.00000
  clock network delay (ideal)                          0.00000   10.00000
  clock reconvergence pessimism                        0.00000   10.00000
  output external delay                               -0.02000    9.98000
  data required time                                              9.98000
  ------------------------------------------------------------------------------
  data required time                                              9.98000
  data arrival time                                              -2.34763
  ------------------------------------------------------------------------------
  slack (MET)                                                     7.63237


  Startpoint: x[12] (input port clocked by vclk)
  Endpoint: result[30] (output port clocked by vclk)
  Path Group: vclk
  Path Type: max

  Point                                                   Incr       Path
  ------------------------------------------------------------------------------
  clock vclk (rise edge)                               0.00000    0.00000
  clock network delay (ideal)                          0.00000    0.00000
  input external delay                                 0.02000    0.02000 r
  x[12] (in)                                           0.00773    0.02773 r
  shell/shared_wrapper/U97/Z (CKBD1)                   0.03233    0.06006 r
  core/sub_18/U14/ZN (INR2D0)                          0.05222    0.11228 r
  core/sub_18/U13/Z (AN2D0)                            0.04220    0.15448 r
  core/sub_18/U12/ZN (OAI22D0)                         0.03712    0.19160 f
  core/sub_18/U11/ZN (NR2D0)                           0.03464    0.22624 r
  core/sub_18/U10/ZN (MOAI22D0)                        0.02948    0.25572 f
  core/sub_18/U2_3/CO (FA1D0)                          0.05767    0.31340 f
  core/sub_18/U2_4/CO (FA1D0)                          0.05532    0.36871 f
  core/sub_18/U2_5/CO (FA1D0)                          0.05525    0.42396 f
  core/sub_18/U2_6/CO (FA1D0)                          0.05524    0.47920 f
  core/sub_18/U2_7/CO (FA1D0)                          0.05524    0.53445 f
  core/sub_18/U2_8/S (FA1D0)                           0.07493    0.60938 f
  core/U138/Z (OA22D0)                                 0.06060    0.66998 f
  core/U147/ZN (OAI222D0)                              0.07618    0.74616 r
  core/U37/ZN (INVD1)                                  0.01425    0.76040 f
  core/U148/ZN (AOI222D0)                              0.06937    0.82977 r
  core/U149/ZN (OAI211D0)                              0.06960    0.89938 f
  core/Stage_2_2/U29/Z (CKXOR2D1)                      0.06358    0.96296 r
  core/Stage_2_2/U8/Z (CKXOR2D1)                       0.06494    1.02789 r
  core/Stage_3_1/U8/Z (CKXOR2D1)                       0.05157    1.07947 r
  core/Stage_4_1/U29/Z (CKXOR2D1)                      0.06361    1.14308 r
  core/Stage_4_1/U8/Z (CKXOR2D1)                       0.06020    1.20328 f
  core/add_205/U1_2/CO (FA1D0)                         0.10017    1.30345 f
  core/add_205/U1_3/CO (FA1D0)                         0.05417    1.35762 f
  core/add_205/U1_4/CO (FA1D0)                         0.05521    1.41283 f
  core/add_205/U1_5/CO (FA1D0)                         0.05524    1.46808 f
  core/add_205/U1_6/CO (FA1D0)                         0.05524    1.52332 f
  core/add_205/U1_7/CO (FA1D0)                         0.05524    1.57857 f
  core/add_205/U1_8/CO (FA1D0)                         0.05524    1.63381 f
  core/add_205/U1_9/CO (FA1D0)                         0.05524    1.68906 f
  core/add_205/U1_10/CO (FA1D0)                        0.05524    1.74430 f
  core/add_205/U1_11/CO (FA1D0)                        0.05598    1.80028 f
  core/add_205/U1_12/Z (XOR3D1)                        0.04711    1.84740 f
  U2/ZN (INVD1)                                        0.07584    1.92323 r
  shell/shared_wrapper/U3/Z (AN2XD1)                   0.04209    1.96532 r
  shell/shared_wrapper/U35/CO (FA1D0)                  0.04891    2.01423 r
  shell/shared_wrapper/U36/CO (FA1D0)                  0.05089    2.06512 r
  shell/shared_wrapper/U37/CO (FA1D0)                  0.05089    2.11601 r
  shell/shared_wrapper/U38/CO (FA1D0)                  0.05089    2.16690 r
  shell/shared_wrapper/U39/CO (FA1D0)                  0.05089    2.21779 r
  shell/shared_wrapper/U40/CO (FA1D0)                  0.05178    2.26957 r
  shell/shared_wrapper/U49/Z (XOR3D1)                  0.07800    2.34757 f
  result[30] (out)                                     0.00000    2.34757 f
  data arrival time                                               2.34757

  clock vclk (rise edge)                              10.00000   10.00000
  clock network delay (ideal)                          0.00000   10.00000
  clock reconvergence pessimism                        0.00000   10.00000
  output external delay                               -0.02000    9.98000
  data required time                                              9.98000
  ------------------------------------------------------------------------------
  data required time                                              9.98000
  data arrival time                                              -2.34757
  ------------------------------------------------------------------------------
  slack (MET)                                                     7.63243

Warning: report_timing has satisfied the max_paths criteria. There are 19 further endpoints which have paths of interest with slack less than 1000.00000 that were not considered when generating this report. (UITE-502)

1
