# vsim -c -quiet -lib /homes/user/stud/fall25/pd2827/ee6321/research-absorbed-reciprocal/experiments/absorbed_sharing/gate/absdm_l0_separate_native_mul/work -l /homes/user/stud/fall25/pd2827/ee6321/research-absorbed-reciprocal/experiments/absorbed_sharing/gate/absdm_l0_separate_native_mul/sim.log tb -do "onerror {quit -code 1}; run -all; quit -f" 
# Start time: 22:56:49 on Sep 15,2026
# //  ModelSim DE 2024.2 May 20 2024 Linux 4.18.0-553.159.1.el8_10.x86_64
# //
# // Unpublished work. Copyright 2024 Siemens
# //
# // This material contains trade secrets or otherwise confidential information
# // owned by Siemens Industry Software Inc. or its affiliates (collectively,
# // "SISW"), or its licensors. Access to and use of this information is strictly
# // limited as set forth in the Customer's applicable agreements with SISW.
# //
# // This material may not be copied, distributed, or otherwise disclosed outside
# // of the Customer's facilities without the express written permission of SISW,
# // and may not be used in any way not expressly authorized by SISW.
# //
# ** Warning: (vsim-2685) [TFMPC] - Too few port connections for 'sub_0_root_sub_8'.  Expected 5, found 4.
#    Time: 0 ps  Iteration: 0  Instance: /tb/dut/div_core/sub_0_root_sub_8 File: /homes/user/stud/fall25/pd2827/ee6321/research-absorbed-reciprocal/experiments/absorbed_sharing/dc/absdm_l0_separate_native_mul/absdm_l0_separate_native_mul.nl.v Line: 65
# ** Warning: (vsim-3722) /homes/user/stud/fall25/pd2827/ee6321/research-absorbed-reciprocal/experiments/absorbed_sharing/dc/absdm_l0_separate_native_mul/absdm_l0_separate_native_mul.nl.v(65): [TFMPC] - Missing connection for port 'CO'.
# ** Warning: (vsim-2685) [TFMPC] - Too few port connections for 'add_1_root_add_0_root_add_25_2'.  Expected 5, found 4.
#    Time: 0 ps  Iteration: 0  Instance: /tb/dut/wrapper/add_1_root_add_0_root_add_25_2 File: /homes/user/stud/fall25/pd2827/ee6321/research-absorbed-reciprocal/experiments/absorbed_sharing/dc/absdm_l0_separate_native_mul/absdm_l0_separate_native_mul.nl.v Line: 301
# ** Warning: (vsim-3722) /homes/user/stud/fall25/pd2827/ee6321/research-absorbed-reciprocal/experiments/absorbed_sharing/dc/absdm_l0_separate_native_mul/absdm_l0_separate_native_mul.nl.v(301): [TFMPC] - Missing connection for port 'CO'.
# ** Warning: (vsim-2685) [TFMPC] - Too few port connections for 'add_1_root_add_0_root_add_22_2'.  Expected 5, found 4.
#    Time: 0 ps  Iteration: 0  Instance: /tb/dut/wrapper/add_1_root_add_0_root_add_22_2 File: /homes/user/stud/fall25/pd2827/ee6321/research-absorbed-reciprocal/experiments/absorbed_sharing/dc/absdm_l0_separate_native_mul/absdm_l0_separate_native_mul.nl.v Line: 304
# ** Warning: (vsim-3722) /homes/user/stud/fall25/pd2827/ee6321/research-absorbed-reciprocal/experiments/absorbed_sharing/dc/absdm_l0_separate_native_mul/absdm_l0_separate_native_mul.nl.v(304): [TFMPC] - Missing connection for port 'CO'.
# onerror {quit -code 1}
#  Warning: onerror command for use within macro
#  run -all
# TUNING_CHECK PASS count=61670
# ** Note: $finish    : /homes/user/stud/fall25/pd2827/ee6321/research-absorbed-reciprocal/experiments/absorbed_sharing/absdm_l0_separate_native_mul.gate.tb.sv(20)
#    Time: 616700 ns  Iteration: 0  Instance: /tb
# End time: 22:56:57 on Sep 15,2026, Elapsed time: 0:00:08
# Errors: 0, Warnings: 6
