****************************************
Report : reference
Design : oadm_fixed_l3_divmul_root_opt_csd
Version: U-2022.12-SP5
Date   : Sun Sep  6 00:22:10 2026
****************************************


Attributes:
    b - black-box (unknown)
    h - hierarchical
    n - noncombinational
    u - contains unmapped logic
    A - abstracted timing model
    E - extracted timing model
    S - Stamp timing model
    Q - Quick timing model (QTM)

Reference          Library       Unit Area   Count    Total Area   Attributes
--------------------------------------------------------------------------------
CKBD1              tcbn65gplustc_ccs
                                    1.44     1           1.44      
oadm_fixed_divmul_root_opt_csd_3_16_10_16_8_e3_b6_95_7c_69_5a_4e_44
                                 3513.59     1        3513.59      h
--------------------------------------------------------------------------------
Total 2 references                                    3515.03
1
