****************************************
Report : reference
Design : fig8_dw_d18_rne
Version: U-2022.12-SP5
Date   : Sat Sep  5 13:38:42 2026
****************************************


Attributes:
    b - black-box (unknown)
    h - hierarchical
    n - noncombinational
    u - contains unmapped logic
    A - abstracted timing model
    E - extracted timing model
    S - Stamp timing model
    Q - Quick timing model (QTM)

Reference          Library       Unit Area   Count    Total Area   Attributes
--------------------------------------------------------------------------------
CKND0              tcbn65gplustc_ccs
                                    1.08     4           4.32      
INVD1              tcbn65gplustc_ccs
                                    1.08     18         19.44      
TIEH               tcbn65gplustc_ccs
                                    1.08     1           1.08      
fig8_dw_B5_RND0                   837.72     1         837.72      h
--------------------------------------------------------------------------------
Total 4 references                                     862.56
1
