****************************************
Report : qor
Design : pace_fp32_l1
Version: U-2022.12-SP5
Date   : Wed Sep  2 14:21:33 2026
****************************************

  Timing Path Group 'vclk' (max_delay/setup)
  ---------------------------------------------
  Levels of Logic:                           37
  Critical Path Length:                    1.98
  Critical Path Slack:                     8.00
  Total Negative Slack:                    0.00
  No. of Violating Paths:                     0
  ---------------------------------------------

  Timing Path Group 'vclk' (min_delay/hold)
  ---------------------------------------------
  Levels of Logic:                            1
  Critical Path Length:                    0.08
  Critical Path Slack:                     0.10
  Total Negative Slack:                    0.00
  No. of Violating Paths:                     0
  ---------------------------------------------

  Area
  ---------------------------------------------
  Net Interconnect area:                   0.00
  Total cell area:                       715.32
  Design Area:                           715.32
  ---------------------------------------------


  Cell & Pin Count
  ---------------------------------------------
  Pin Count:                                886
  Hierarchical Cell Count:                    0
  Hierarchical Port Count:                    0
  Leaf Cell Count:                          264
  ---------------------------------------------


  Design Rule Violations
  ---------------------------------------------
  Total No. of Pins in Design:              886
  Total DRC Cost:                          0.00
  ---------------------------------------------

1
