****************************************
Report : qor
Design : pace_fp32_l3
Version: U-2022.12-SP5
Date   : Wed Sep  2 14:22:07 2026
****************************************

  Timing Path Group 'vclk' (max_delay/setup)
  ---------------------------------------------
  Levels of Logic:                           50
  Critical Path Length:                    3.43
  Critical Path Slack:                     6.55
  Total Negative Slack:                    0.00
  No. of Violating Paths:                     0
  ---------------------------------------------

  Timing Path Group 'vclk' (min_delay/hold)
  ---------------------------------------------
  Levels of Logic:                            1
  Critical Path Length:                    0.08
  Critical Path Slack:                     0.10
  Total Negative Slack:                    0.00
  No. of Violating Paths:                     0
  ---------------------------------------------

  Area
  ---------------------------------------------
  Net Interconnect area:                   0.00
  Total cell area:                      2007.36
  Design Area:                          2007.36
  ---------------------------------------------


  Cell & Pin Count
  ---------------------------------------------
  Pin Count:                               2571
  Hierarchical Cell Count:                    0
  Hierarchical Port Count:                    0
  Leaf Cell Count:                          719
  ---------------------------------------------


  Design Rule Violations
  ---------------------------------------------
  Total No. of Pins in Design:             2571
  Total DRC Cost:                          0.00
  ---------------------------------------------

1
