****************************************
Report : qor
Design : input_l3_narrow_b7
Version: U-2022.12-SP5
Date   : Sat Sep  5 15:19:41 2026
****************************************

  Timing Path Group 'vclk' (max_delay/setup)
  ---------------------------------------------
  Levels of Logic:                           39
  Critical Path Length:                    2.82
  Critical Path Slack:                     7.16
  Total Negative Slack:                    0.00
  No. of Violating Paths:                     0
  ---------------------------------------------

  Timing Path Group 'vclk' (min_delay/hold)
  ---------------------------------------------
  Levels of Logic:                            1
  Critical Path Length:                    0.07
  Critical Path Slack:                     0.09
  Total Negative Slack:                    0.00
  No. of Violating Paths:                     0
  ---------------------------------------------

  Area
  ---------------------------------------------
  Net Interconnect area:                   0.00
  Total cell area:                      1571.04
  Design Area:                          1571.04
  Area Cost:                           -1571.04
  ---------------------------------------------


  Cell & Pin Count
  ---------------------------------------------
  Pin Count:                               1423
  Hierarchical Cell Count:                    9
  Hierarchical Port Count:                  465
  Leaf Cell Count:                          396
  ---------------------------------------------


  Design Rule Violations
  ---------------------------------------------
  Total No. of Pins in Design:             1423
  Total DRC Cost:                          0.00
  ---------------------------------------------

1
