****************************************
Report : Averaged Power
	-hierarchy
	-significant_digits
Design : oadm_fixed_l3_nopipe
Version: U-2022.12-SP5
Date   : Thu Aug 20 15:17:54 2026
****************************************



                                      Int      Switch   Leak     Total
Hierarchy                             Power    Power    Power    Power    %
----------------------------------------------------------------------------------
oadm_fixed_l3_nopipe                  3.89e-04 1.36e-04 4.24e-05 5.67e-04 100.0
  impl (oadm_dm_fixed_nopipe_APPROX_LEVEL3)
                                      3.88e-04 1.33e-04 4.21e-05 5.63e-04  99.4
    datapath (oadm_dm_pipe_00)        3.88e-04 1.33e-04 4.21e-05 5.63e-04  99.4
      cut0 (oadm_pipe_cut_174_0)      5.97e-06 3.00e-06 7.34e-07 9.70e-06   1.7
      cut1 (oadm_pipe_cut_201_0)      8.04e-06 3.58e-06 9.32e-07 1.26e-05   2.2
      cut2 (oadm_pipe_cut_159_0)      9.12e-06 5.63e-06 7.64e-07 1.55e-05   2.7
      cut3 (oadm_pipe_cut_51_0)       4.80e-06 2.07e-06 2.48e-07 7.12e-06   1.3
      cut4 (oadm_pipe_cut_71_0)       5.29e-07 2.03e-07 7.64e-08 8.08e-07   0.1
      cut5 (oadm_pipe_cut_43_0)       5.39e-07 6.71e-07 7.64e-08 1.29e-06   0.2
      cut6 (oadm_pipe_cut_32_0)       2.90e-06    0.000 2.04e-07 3.11e-06   0.5
      csa0 (csa3_WIDTH29_2)           2.42e-05 4.80e-06 1.67e-06 3.06e-05   5.4
      csa1 (csa3_WIDTH29_1)           2.71e-05 4.55e-06 1.62e-06 3.33e-05   5.9
      csa2 (csa3_WIDTH29_0)           1.01e-05 5.96e-06 4.08e-07 1.65e-05   2.9
1
