 
****************************************
Report : timing
        -path full
        -delay max
        -max_paths 20
Design : oadm_fixed_l1_div_paceio_opt
Version: U-2022.12-SP7
Date   : Wed Sep  2 15:28:00 2026
****************************************

Operating Conditions: NCCOM   Library: tcbn65gplustc_ccs
Wire Load Model Mode: segmented

  Startpoint: y[22] (input port clocked by vclk)
  Endpoint: result[30] (output port clocked by vclk)
  Path Group: vclk
  Path Type: max

  Des/Clust/Port     Wire Load Model       Library
  ------------------------------------------------
  oadm_fixed_l1_div_paceio_opt ZeroWireload tcbn65gplustc_ccs

  Point                                    Incr       Path
  -----------------------------------------------------------
  clock vclk (rise edge)                   0.00       0.00
  clock network delay (ideal)              0.00       0.00
  input external delay                     0.02       0.02 r
  y[22] (in)                               0.03       0.05 r
  U141/ZN (CKND2)                          0.12       0.17 f
  U97/ZN (INVD1)                           0.23       0.40 r
  U347/Z (AO22D0)                          0.08       0.48 r
  U349/ZN (XNR2D0)                         0.07       0.55 r
  U437/ZN (XNR3D0)                         0.12       0.67 r
  intadd_1_U24/CO (FA1D0)                  0.08       0.75 r
  intadd_1_U23/CO (FA1D0)                  0.05       0.80 r
  intadd_1_U22/CO (FA1D0)                  0.05       0.85 r
  intadd_1_U21/S (FA1D0)                   0.07       0.92 f
  U213/ZN (INVD0)                          0.05       0.97 r
  U449/ZN (NR3D0)                          0.04       1.01 f
  U477/ZN (AOI221D0)                       0.10       1.11 r
  intadd_0_U26/S (FA1D0)                   0.08       1.19 f
  U296/ZN (MAOI222D0)                      0.06       1.25 r
  U297/ZN (INVD0)                          0.03       1.28 f
  intadd_0_U25/CO (FA1D0)                  0.08       1.36 f
  intadd_0_U24/CO (FA1D0)                  0.06       1.42 f
  intadd_0_U23/CO (FA1D0)                  0.06       1.47 f
  intadd_0_U22/CO (FA1D0)                  0.06       1.53 f
  intadd_0_U21/CO (FA1D0)                  0.06       1.58 f
  intadd_0_U20/CO (FA1D0)                  0.06       1.64 f
  intadd_0_U19/CO (FA1D0)                  0.06       1.69 f
  intadd_0_U18/CO (FA1D0)                  0.06       1.75 f
  intadd_0_U17/CO (FA1D0)                  0.06       1.80 f
  intadd_0_U16/CO (FA1D0)                  0.06       1.86 f
  intadd_0_U15/CO (FA1D0)                  0.06       1.91 f
  intadd_0_U14/CO (FA1D0)                  0.06       1.97 f
  intadd_0_U13/CO (FA1D0)                  0.06       2.03 f
  intadd_0_U12/CO (FA1D0)                  0.06       2.08 f
  intadd_0_U11/CO (FA1D0)                  0.06       2.14 f
  intadd_0_U10/CO (FA1D0)                  0.06       2.19 f
  intadd_0_U9/CO (FA1D0)                   0.06       2.25 f
  intadd_0_U8/CO (FA1D0)                   0.06       2.30 f
  intadd_0_U7/CO (FA1D0)                   0.06       2.36 f
  intadd_0_U6/CO (FA1D0)                   0.06       2.41 f
  intadd_0_U5/CO (FA1D0)                   0.06       2.47 f
  intadd_0_U4/CO (FA1D0)                   0.06       2.52 f
  intadd_0_U3/CO (FA1D0)                   0.06       2.58 f
  intadd_0_U2/CO (FA1D0)                   0.05       2.63 f
  U125/ZN (XNR3D0)                         0.09       2.72 r
  U138/ZN (CKND2D0)                        0.04       2.76 f
  U139/ZN (CKND2D0)                        0.16       2.93 r
  U439/Z (XOR2D0)                          0.08       3.01 f
  DP_OP_86J1_125_6791_U9/CO (FA1D0)        0.10       3.11 f
  DP_OP_86J1_125_6791_U8/CO (FA1D0)        0.06       3.17 f
  DP_OP_86J1_125_6791_U7/CO (FA1D0)        0.06       3.22 f
  DP_OP_86J1_125_6791_U6/CO (FA1D0)        0.06       3.28 f
  DP_OP_86J1_125_6791_U5/CO (FA1D0)        0.06       3.33 f
  DP_OP_86J1_125_6791_U4/CO (FA1D0)        0.06       3.39 f
  DP_OP_86J1_125_6791_U3/CO (FA1D0)        0.05       3.44 f
  U103/Z (XOR3D0)                          0.11       3.55 r
  U144/Z (MUX2D0)                          0.06       3.61 r
  result[30] (out)                         0.00       3.61 r
  data arrival time                                   3.61

  clock vclk (rise edge)                  10.00      10.00
  clock network delay (ideal)              0.00      10.00
  output external delay                   -0.02       9.98
  data required time                                  9.98
  -----------------------------------------------------------
  data required time                                  9.98
  data arrival time                                  -3.61
  -----------------------------------------------------------
  slack (MET)                                         6.37


  Startpoint: y[22] (input port clocked by vclk)
  Endpoint: result[29] (output port clocked by vclk)
  Path Group: vclk
  Path Type: max

  Des/Clust/Port     Wire Load Model       Library
  ------------------------------------------------
  oadm_fixed_l1_div_paceio_opt ZeroWireload tcbn65gplustc_ccs

  Point                                    Incr       Path
  -----------------------------------------------------------
  clock vclk (rise edge)                   0.00       0.00
  clock network delay (ideal)              0.00       0.00
  input external delay                     0.02       0.02 r
  y[22] (in)                               0.03       0.05 r
  U141/ZN (CKND2)                          0.12       0.17 f
  U97/ZN (INVD1)                           0.23       0.40 r
  U347/Z (AO22D0)                          0.08       0.48 r
  U349/ZN (XNR2D0)                         0.07       0.55 r
  U437/ZN (XNR3D0)                         0.12       0.67 r
  intadd_1_U24/CO (FA1D0)                  0.08       0.75 r
  intadd_1_U23/CO (FA1D0)                  0.05       0.80 r
  intadd_1_U22/CO (FA1D0)                  0.05       0.85 r
  intadd_1_U21/S (FA1D0)                   0.07       0.92 f
  U213/ZN (INVD0)                          0.05       0.97 r
  U449/ZN (NR3D0)                          0.04       1.01 f
  U477/ZN (AOI221D0)                       0.10       1.11 r
  intadd_0_U26/S (FA1D0)                   0.08       1.19 f
  U296/ZN (MAOI222D0)                      0.06       1.25 r
  U297/ZN (INVD0)                          0.03       1.28 f
  intadd_0_U25/CO (FA1D0)                  0.08       1.36 f
  intadd_0_U24/CO (FA1D0)                  0.06       1.42 f
  intadd_0_U23/CO (FA1D0)                  0.06       1.47 f
  intadd_0_U22/CO (FA1D0)                  0.06       1.53 f
  intadd_0_U21/CO (FA1D0)                  0.06       1.58 f
  intadd_0_U20/CO (FA1D0)                  0.06       1.64 f
  intadd_0_U19/CO (FA1D0)                  0.06       1.69 f
  intadd_0_U18/CO (FA1D0)                  0.06       1.75 f
  intadd_0_U17/CO (FA1D0)                  0.06       1.80 f
  intadd_0_U16/CO (FA1D0)                  0.06       1.86 f
  intadd_0_U15/CO (FA1D0)                  0.06       1.91 f
  intadd_0_U14/CO (FA1D0)                  0.06       1.97 f
  intadd_0_U13/CO (FA1D0)                  0.06       2.03 f
  intadd_0_U12/CO (FA1D0)                  0.06       2.08 f
  intadd_0_U11/CO (FA1D0)                  0.06       2.14 f
  intadd_0_U10/CO (FA1D0)                  0.06       2.19 f
  intadd_0_U9/CO (FA1D0)                   0.06       2.25 f
  intadd_0_U8/CO (FA1D0)                   0.06       2.30 f
  intadd_0_U7/CO (FA1D0)                   0.06       2.36 f
  intadd_0_U6/CO (FA1D0)                   0.06       2.41 f
  intadd_0_U5/CO (FA1D0)                   0.06       2.47 f
  intadd_0_U4/CO (FA1D0)                   0.06       2.52 f
  intadd_0_U3/CO (FA1D0)                   0.06       2.58 f
  intadd_0_U2/CO (FA1D0)                   0.05       2.63 f
  U125/ZN (XNR3D0)                         0.09       2.72 r
  U138/ZN (CKND2D0)                        0.04       2.76 f
  U139/ZN (CKND2D0)                        0.16       2.93 r
  U439/Z (XOR2D0)                          0.08       3.01 f
  DP_OP_86J1_125_6791_U9/CO (FA1D0)        0.10       3.11 f
  DP_OP_86J1_125_6791_U8/CO (FA1D0)        0.06       3.17 f
  DP_OP_86J1_125_6791_U7/CO (FA1D0)        0.06       3.22 f
  DP_OP_86J1_125_6791_U6/CO (FA1D0)        0.06       3.28 f
  DP_OP_86J1_125_6791_U5/CO (FA1D0)        0.06       3.33 f
  DP_OP_86J1_125_6791_U4/CO (FA1D0)        0.06       3.39 f
  DP_OP_86J1_125_6791_U3/S (FA1D0)         0.07       3.45 r
  U133/Z (MUX2D0)                          0.06       3.52 r
  result[29] (out)                         0.00       3.52 r
  data arrival time                                   3.52

  clock vclk (rise edge)                  10.00      10.00
  clock network delay (ideal)              0.00      10.00
  output external delay                   -0.02       9.98
  data required time                                  9.98
  -----------------------------------------------------------
  data required time                                  9.98
  data arrival time                                  -3.52
  -----------------------------------------------------------
  slack (MET)                                         6.46


  Startpoint: y[22] (input port clocked by vclk)
  Endpoint: result[28] (output port clocked by vclk)
  Path Group: vclk
  Path Type: max

  Des/Clust/Port     Wire Load Model       Library
  ------------------------------------------------
  oadm_fixed_l1_div_paceio_opt ZeroWireload tcbn65gplustc_ccs

  Point                                    Incr       Path
  -----------------------------------------------------------
  clock vclk (rise edge)                   0.00       0.00
  clock network delay (ideal)              0.00       0.00
  input external delay                     0.02       0.02 r
  y[22] (in)                               0.03       0.05 r
  U141/ZN (CKND2)                          0.12       0.17 f
  U97/ZN (INVD1)                           0.23       0.40 r
  U347/Z (AO22D0)                          0.08       0.48 r
  U349/ZN (XNR2D0)                         0.07       0.55 r
  U437/ZN (XNR3D0)                         0.12       0.67 r
  intadd_1_U24/CO (FA1D0)                  0.08       0.75 r
  intadd_1_U23/CO (FA1D0)                  0.05       0.80 r
  intadd_1_U22/CO (FA1D0)                  0.05       0.85 r
  intadd_1_U21/S (FA1D0)                   0.07       0.92 f
  U213/ZN (INVD0)                          0.05       0.97 r
  U449/ZN (NR3D0)                          0.04       1.01 f
  U477/ZN (AOI221D0)                       0.10       1.11 r
  intadd_0_U26/S (FA1D0)                   0.08       1.19 f
  U296/ZN (MAOI222D0)                      0.06       1.25 r
  U297/ZN (INVD0)                          0.03       1.28 f
  intadd_0_U25/CO (FA1D0)                  0.08       1.36 f
  intadd_0_U24/CO (FA1D0)                  0.06       1.42 f
  intadd_0_U23/CO (FA1D0)                  0.06       1.47 f
  intadd_0_U22/CO (FA1D0)                  0.06       1.53 f
  intadd_0_U21/CO (FA1D0)                  0.06       1.58 f
  intadd_0_U20/CO (FA1D0)                  0.06       1.64 f
  intadd_0_U19/CO (FA1D0)                  0.06       1.69 f
  intadd_0_U18/CO (FA1D0)                  0.06       1.75 f
  intadd_0_U17/CO (FA1D0)                  0.06       1.80 f
  intadd_0_U16/CO (FA1D0)                  0.06       1.86 f
  intadd_0_U15/CO (FA1D0)                  0.06       1.91 f
  intadd_0_U14/CO (FA1D0)                  0.06       1.97 f
  intadd_0_U13/CO (FA1D0)                  0.06       2.03 f
  intadd_0_U12/CO (FA1D0)                  0.06       2.08 f
  intadd_0_U11/CO (FA1D0)                  0.06       2.14 f
  intadd_0_U10/CO (FA1D0)                  0.06       2.19 f
  intadd_0_U9/CO (FA1D0)                   0.06       2.25 f
  intadd_0_U8/CO (FA1D0)                   0.06       2.30 f
  intadd_0_U7/CO (FA1D0)                   0.06       2.36 f
  intadd_0_U6/CO (FA1D0)                   0.06       2.41 f
  intadd_0_U5/CO (FA1D0)                   0.06       2.47 f
  intadd_0_U4/CO (FA1D0)                   0.06       2.52 f
  intadd_0_U3/CO (FA1D0)                   0.06       2.58 f
  intadd_0_U2/CO (FA1D0)                   0.05       2.63 f
  U125/ZN (XNR3D0)                         0.09       2.72 r
  U138/ZN (CKND2D0)                        0.04       2.76 f
  U139/ZN (CKND2D0)                        0.16       2.93 r
  U439/Z (XOR2D0)                          0.08       3.01 f
  DP_OP_86J1_125_6791_U9/CO (FA1D0)        0.10       3.11 f
  DP_OP_86J1_125_6791_U8/CO (FA1D0)        0.06       3.17 f
  DP_OP_86J1_125_6791_U7/CO (FA1D0)        0.06       3.22 f
  DP_OP_86J1_125_6791_U6/CO (FA1D0)        0.06       3.28 f
  DP_OP_86J1_125_6791_U5/CO (FA1D0)        0.06       3.33 f
  DP_OP_86J1_125_6791_U4/S (FA1D0)         0.07       3.40 r
  U132/Z (MUX2D0)                          0.06       3.46 r
  result[28] (out)                         0.00       3.46 r
  data arrival time                                   3.46

  clock vclk (rise edge)                  10.00      10.00
  clock network delay (ideal)              0.00      10.00
  output external delay                   -0.02       9.98
  data required time                                  9.98
  -----------------------------------------------------------
  data required time                                  9.98
  data arrival time                                  -3.46
  -----------------------------------------------------------
  slack (MET)                                         6.52


  Startpoint: y[22] (input port clocked by vclk)
  Endpoint: result[27] (output port clocked by vclk)
  Path Group: vclk
  Path Type: max

  Des/Clust/Port     Wire Load Model       Library
  ------------------------------------------------
  oadm_fixed_l1_div_paceio_opt ZeroWireload tcbn65gplustc_ccs

  Point                                    Incr       Path
  -----------------------------------------------------------
  clock vclk (rise edge)                   0.00       0.00
  clock network delay (ideal)              0.00       0.00
  input external delay                     0.02       0.02 r
  y[22] (in)                               0.03       0.05 r
  U141/ZN (CKND2)                          0.12       0.17 f
  U97/ZN (INVD1)                           0.23       0.40 r
  U347/Z (AO22D0)                          0.08       0.48 r
  U349/ZN (XNR2D0)                         0.07       0.55 r
  U437/ZN (XNR3D0)                         0.12       0.67 r
  intadd_1_U24/CO (FA1D0)                  0.08       0.75 r
  intadd_1_U23/CO (FA1D0)                  0.05       0.80 r
  intadd_1_U22/CO (FA1D0)                  0.05       0.85 r
  intadd_1_U21/S (FA1D0)                   0.07       0.92 f
  U213/ZN (INVD0)                          0.05       0.97 r
  U449/ZN (NR3D0)                          0.04       1.01 f
  U477/ZN (AOI221D0)                       0.10       1.11 r
  intadd_0_U26/S (FA1D0)                   0.08       1.19 f
  U296/ZN (MAOI222D0)                      0.06       1.25 r
  U297/ZN (INVD0)                          0.03       1.28 f
  intadd_0_U25/CO (FA1D0)                  0.08       1.36 f
  intadd_0_U24/CO (FA1D0)                  0.06       1.42 f
  intadd_0_U23/CO (FA1D0)                  0.06       1.47 f
  intadd_0_U22/CO (FA1D0)                  0.06       1.53 f
  intadd_0_U21/CO (FA1D0)                  0.06       1.58 f
  intadd_0_U20/CO (FA1D0)                  0.06       1.64 f
  intadd_0_U19/CO (FA1D0)                  0.06       1.69 f
  intadd_0_U18/CO (FA1D0)                  0.06       1.75 f
  intadd_0_U17/CO (FA1D0)                  0.06       1.80 f
  intadd_0_U16/CO (FA1D0)                  0.06       1.86 f
  intadd_0_U15/CO (FA1D0)                  0.06       1.91 f
  intadd_0_U14/CO (FA1D0)                  0.06       1.97 f
  intadd_0_U13/CO (FA1D0)                  0.06       2.03 f
  intadd_0_U12/CO (FA1D0)                  0.06       2.08 f
  intadd_0_U11/CO (FA1D0)                  0.06       2.14 f
  intadd_0_U10/CO (FA1D0)                  0.06       2.19 f
  intadd_0_U9/CO (FA1D0)                   0.06       2.25 f
  intadd_0_U8/CO (FA1D0)                   0.06       2.30 f
  intadd_0_U7/CO (FA1D0)                   0.06       2.36 f
  intadd_0_U6/CO (FA1D0)                   0.06       2.41 f
  intadd_0_U5/CO (FA1D0)                   0.06       2.47 f
  intadd_0_U4/CO (FA1D0)                   0.06       2.52 f
  intadd_0_U3/CO (FA1D0)                   0.06       2.58 f
  intadd_0_U2/CO (FA1D0)                   0.05       2.63 f
  U125/ZN (XNR3D0)                         0.09       2.72 r
  U138/ZN (CKND2D0)                        0.04       2.76 f
  U139/ZN (CKND2D0)                        0.16       2.93 r
  U439/Z (XOR2D0)                          0.08       3.01 f
  DP_OP_86J1_125_6791_U9/CO (FA1D0)        0.10       3.11 f
  DP_OP_86J1_125_6791_U8/CO (FA1D0)        0.06       3.17 f
  DP_OP_86J1_125_6791_U7/CO (FA1D0)        0.06       3.22 f
  DP_OP_86J1_125_6791_U6/CO (FA1D0)        0.06       3.28 f
  DP_OP_86J1_125_6791_U5/S (FA1D0)         0.07       3.34 r
  U131/Z (MUX2D0)                          0.06       3.40 r
  result[27] (out)                         0.00       3.40 r
  data arrival time                                   3.40

  clock vclk (rise edge)                  10.00      10.00
  clock network delay (ideal)              0.00      10.00
  output external delay                   -0.02       9.98
  data required time                                  9.98
  -----------------------------------------------------------
  data required time                                  9.98
  data arrival time                                  -3.40
  -----------------------------------------------------------
  slack (MET)                                         6.58


  Startpoint: y[22] (input port clocked by vclk)
  Endpoint: result[26] (output port clocked by vclk)
  Path Group: vclk
  Path Type: max

  Des/Clust/Port     Wire Load Model       Library
  ------------------------------------------------
  oadm_fixed_l1_div_paceio_opt ZeroWireload tcbn65gplustc_ccs

  Point                                    Incr       Path
  -----------------------------------------------------------
  clock vclk (rise edge)                   0.00       0.00
  clock network delay (ideal)              0.00       0.00
  input external delay                     0.02       0.02 r
  y[22] (in)                               0.03       0.05 r
  U141/ZN (CKND2)                          0.12       0.17 f
  U97/ZN (INVD1)                           0.23       0.40 r
  U347/Z (AO22D0)                          0.08       0.48 r
  U349/ZN (XNR2D0)                         0.07       0.55 r
  U437/ZN (XNR3D0)                         0.12       0.67 r
  intadd_1_U24/CO (FA1D0)                  0.08       0.75 r
  intadd_1_U23/CO (FA1D0)                  0.05       0.80 r
  intadd_1_U22/CO (FA1D0)                  0.05       0.85 r
  intadd_1_U21/S (FA1D0)                   0.07       0.92 f
  U213/ZN (INVD0)                          0.05       0.97 r
  U449/ZN (NR3D0)                          0.04       1.01 f
  U477/ZN (AOI221D0)                       0.10       1.11 r
  intadd_0_U26/S (FA1D0)                   0.08       1.19 f
  U296/ZN (MAOI222D0)                      0.06       1.25 r
  U297/ZN (INVD0)                          0.03       1.28 f
  intadd_0_U25/CO (FA1D0)                  0.08       1.36 f
  intadd_0_U24/CO (FA1D0)                  0.06       1.42 f
  intadd_0_U23/CO (FA1D0)                  0.06       1.47 f
  intadd_0_U22/CO (FA1D0)                  0.06       1.53 f
  intadd_0_U21/CO (FA1D0)                  0.06       1.58 f
  intadd_0_U20/CO (FA1D0)                  0.06       1.64 f
  intadd_0_U19/CO (FA1D0)                  0.06       1.69 f
  intadd_0_U18/CO (FA1D0)                  0.06       1.75 f
  intadd_0_U17/CO (FA1D0)                  0.06       1.80 f
  intadd_0_U16/CO (FA1D0)                  0.06       1.86 f
  intadd_0_U15/CO (FA1D0)                  0.06       1.91 f
  intadd_0_U14/CO (FA1D0)                  0.06       1.97 f
  intadd_0_U13/CO (FA1D0)                  0.06       2.03 f
  intadd_0_U12/CO (FA1D0)                  0.06       2.08 f
  intadd_0_U11/CO (FA1D0)                  0.06       2.14 f
  intadd_0_U10/CO (FA1D0)                  0.06       2.19 f
  intadd_0_U9/CO (FA1D0)                   0.06       2.25 f
  intadd_0_U8/CO (FA1D0)                   0.06       2.30 f
  intadd_0_U7/CO (FA1D0)                   0.06       2.36 f
  intadd_0_U6/CO (FA1D0)                   0.06       2.41 f
  intadd_0_U5/CO (FA1D0)                   0.06       2.47 f
  intadd_0_U4/CO (FA1D0)                   0.06       2.52 f
  intadd_0_U3/CO (FA1D0)                   0.06       2.58 f
  intadd_0_U2/CO (FA1D0)                   0.05       2.63 f
  U125/ZN (XNR3D0)                         0.09       2.72 r
  U138/ZN (CKND2D0)                        0.04       2.76 f
  U139/ZN (CKND2D0)                        0.16       2.93 r
  U439/Z (XOR2D0)                          0.08       3.01 f
  DP_OP_86J1_125_6791_U9/CO (FA1D0)        0.10       3.11 f
  DP_OP_86J1_125_6791_U8/CO (FA1D0)        0.06       3.17 f
  DP_OP_86J1_125_6791_U7/CO (FA1D0)        0.06       3.22 f
  DP_OP_86J1_125_6791_U6/S (FA1D0)         0.07       3.29 r
  U130/Z (MUX2D0)                          0.06       3.35 r
  result[26] (out)                         0.00       3.35 r
  data arrival time                                   3.35

  clock vclk (rise edge)                  10.00      10.00
  clock network delay (ideal)              0.00      10.00
  output external delay                   -0.02       9.98
  data required time                                  9.98
  -----------------------------------------------------------
  data required time                                  9.98
  data arrival time                                  -3.35
  -----------------------------------------------------------
  slack (MET)                                         6.63


  Startpoint: y[22] (input port clocked by vclk)
  Endpoint: result[25] (output port clocked by vclk)
  Path Group: vclk
  Path Type: max

  Des/Clust/Port     Wire Load Model       Library
  ------------------------------------------------
  oadm_fixed_l1_div_paceio_opt ZeroWireload tcbn65gplustc_ccs

  Point                                    Incr       Path
  -----------------------------------------------------------
  clock vclk (rise edge)                   0.00       0.00
  clock network delay (ideal)              0.00       0.00
  input external delay                     0.02       0.02 r
  y[22] (in)                               0.03       0.05 r
  U141/ZN (CKND2)                          0.12       0.17 f
  U97/ZN (INVD1)                           0.23       0.40 r
  U347/Z (AO22D0)                          0.08       0.48 r
  U349/ZN (XNR2D0)                         0.07       0.55 r
  U437/ZN (XNR3D0)                         0.12       0.67 r
  intadd_1_U24/CO (FA1D0)                  0.08       0.75 r
  intadd_1_U23/CO (FA1D0)                  0.05       0.80 r
  intadd_1_U22/CO (FA1D0)                  0.05       0.85 r
  intadd_1_U21/S (FA1D0)                   0.07       0.92 f
  U213/ZN (INVD0)                          0.05       0.97 r
  U449/ZN (NR3D0)                          0.04       1.01 f
  U477/ZN (AOI221D0)                       0.10       1.11 r
  intadd_0_U26/S (FA1D0)                   0.08       1.19 f
  U296/ZN (MAOI222D0)                      0.06       1.25 r
  U297/ZN (INVD0)                          0.03       1.28 f
  intadd_0_U25/CO (FA1D0)                  0.08       1.36 f
  intadd_0_U24/CO (FA1D0)                  0.06       1.42 f
  intadd_0_U23/CO (FA1D0)                  0.06       1.47 f
  intadd_0_U22/CO (FA1D0)                  0.06       1.53 f
  intadd_0_U21/CO (FA1D0)                  0.06       1.58 f
  intadd_0_U20/CO (FA1D0)                  0.06       1.64 f
  intadd_0_U19/CO (FA1D0)                  0.06       1.69 f
  intadd_0_U18/CO (FA1D0)                  0.06       1.75 f
  intadd_0_U17/CO (FA1D0)                  0.06       1.80 f
  intadd_0_U16/CO (FA1D0)                  0.06       1.86 f
  intadd_0_U15/CO (FA1D0)                  0.06       1.91 f
  intadd_0_U14/CO (FA1D0)                  0.06       1.97 f
  intadd_0_U13/CO (FA1D0)                  0.06       2.03 f
  intadd_0_U12/CO (FA1D0)                  0.06       2.08 f
  intadd_0_U11/CO (FA1D0)                  0.06       2.14 f
  intadd_0_U10/CO (FA1D0)                  0.06       2.19 f
  intadd_0_U9/CO (FA1D0)                   0.06       2.25 f
  intadd_0_U8/CO (FA1D0)                   0.06       2.30 f
  intadd_0_U7/CO (FA1D0)                   0.06       2.36 f
  intadd_0_U6/CO (FA1D0)                   0.06       2.41 f
  intadd_0_U5/CO (FA1D0)                   0.06       2.47 f
  intadd_0_U4/CO (FA1D0)                   0.06       2.52 f
  intadd_0_U3/CO (FA1D0)                   0.06       2.58 f
  intadd_0_U2/CO (FA1D0)                   0.05       2.63 f
  U125/ZN (XNR3D0)                         0.09       2.72 r
  U138/ZN (CKND2D0)                        0.04       2.76 f
  U139/ZN (CKND2D0)                        0.16       2.93 r
  U439/Z (XOR2D0)                          0.08       3.01 f
  DP_OP_86J1_125_6791_U9/CO (FA1D0)        0.10       3.11 f
  DP_OP_86J1_125_6791_U8/CO (FA1D0)        0.06       3.17 f
  DP_OP_86J1_125_6791_U7/S (FA1D0)         0.07       3.23 r
  U129/Z (MUX2D0)                          0.06       3.29 r
  result[25] (out)                         0.00       3.29 r
  data arrival time                                   3.29

  clock vclk (rise edge)                  10.00      10.00
  clock network delay (ideal)              0.00      10.00
  output external delay                   -0.02       9.98
  data required time                                  9.98
  -----------------------------------------------------------
  data required time                                  9.98
  data arrival time                                  -3.29
  -----------------------------------------------------------
  slack (MET)                                         6.69


  Startpoint: y[22] (input port clocked by vclk)
  Endpoint: result[24] (output port clocked by vclk)
  Path Group: vclk
  Path Type: max

  Des/Clust/Port     Wire Load Model       Library
  ------------------------------------------------
  oadm_fixed_l1_div_paceio_opt ZeroWireload tcbn65gplustc_ccs

  Point                                    Incr       Path
  -----------------------------------------------------------
  clock vclk (rise edge)                   0.00       0.00
  clock network delay (ideal)              0.00       0.00
  input external delay                     0.02       0.02 r
  y[22] (in)                               0.03       0.05 r
  U141/ZN (CKND2)                          0.12       0.17 f
  U97/ZN (INVD1)                           0.23       0.40 r
  U347/Z (AO22D0)                          0.08       0.48 r
  U349/ZN (XNR2D0)                         0.07       0.55 r
  U437/ZN (XNR3D0)                         0.12       0.67 r
  intadd_1_U24/CO (FA1D0)                  0.08       0.75 r
  intadd_1_U23/CO (FA1D0)                  0.05       0.80 r
  intadd_1_U22/CO (FA1D0)                  0.05       0.85 r
  intadd_1_U21/S (FA1D0)                   0.07       0.92 f
  U213/ZN (INVD0)                          0.05       0.97 r
  U449/ZN (NR3D0)                          0.04       1.01 f
  U477/ZN (AOI221D0)                       0.10       1.11 r
  intadd_0_U26/S (FA1D0)                   0.08       1.19 f
  U296/ZN (MAOI222D0)                      0.06       1.25 r
  U297/ZN (INVD0)                          0.03       1.28 f
  intadd_0_U25/CO (FA1D0)                  0.08       1.36 f
  intadd_0_U24/CO (FA1D0)                  0.06       1.42 f
  intadd_0_U23/CO (FA1D0)                  0.06       1.47 f
  intadd_0_U22/CO (FA1D0)                  0.06       1.53 f
  intadd_0_U21/CO (FA1D0)                  0.06       1.58 f
  intadd_0_U20/CO (FA1D0)                  0.06       1.64 f
  intadd_0_U19/CO (FA1D0)                  0.06       1.69 f
  intadd_0_U18/CO (FA1D0)                  0.06       1.75 f
  intadd_0_U17/CO (FA1D0)                  0.06       1.80 f
  intadd_0_U16/CO (FA1D0)                  0.06       1.86 f
  intadd_0_U15/CO (FA1D0)                  0.06       1.91 f
  intadd_0_U14/CO (FA1D0)                  0.06       1.97 f
  intadd_0_U13/CO (FA1D0)                  0.06       2.03 f
  intadd_0_U12/CO (FA1D0)                  0.06       2.08 f
  intadd_0_U11/CO (FA1D0)                  0.06       2.14 f
  intadd_0_U10/CO (FA1D0)                  0.06       2.19 f
  intadd_0_U9/CO (FA1D0)                   0.06       2.25 f
  intadd_0_U8/CO (FA1D0)                   0.06       2.30 f
  intadd_0_U7/CO (FA1D0)                   0.06       2.36 f
  intadd_0_U6/CO (FA1D0)                   0.06       2.41 f
  intadd_0_U5/CO (FA1D0)                   0.06       2.47 f
  intadd_0_U4/CO (FA1D0)                   0.06       2.52 f
  intadd_0_U3/CO (FA1D0)                   0.06       2.58 f
  intadd_0_U2/CO (FA1D0)                   0.05       2.63 f
  U125/ZN (XNR3D0)                         0.09       2.72 r
  U138/ZN (CKND2D0)                        0.04       2.76 f
  U139/ZN (CKND2D0)                        0.16       2.93 r
  U439/Z (XOR2D0)                          0.09       3.02 r
  DP_OP_86J1_125_6791_U9/CO (FA1D0)        0.09       3.11 r
  DP_OP_86J1_125_6791_U8/S (FA1D0)         0.06       3.17 f
  U128/Z (MUX2D0)                          0.07       3.24 f
  result[24] (out)                         0.00       3.24 f
  data arrival time                                   3.24

  clock vclk (rise edge)                  10.00      10.00
  clock network delay (ideal)              0.00      10.00
  output external delay                   -0.02       9.98
  data required time                                  9.98
  -----------------------------------------------------------
  data required time                                  9.98
  data arrival time                                  -3.24
  -----------------------------------------------------------
  slack (MET)                                         6.74


  Startpoint: y[22] (input port clocked by vclk)
  Endpoint: result[23] (output port clocked by vclk)
  Path Group: vclk
  Path Type: max

  Des/Clust/Port     Wire Load Model       Library
  ------------------------------------------------
  oadm_fixed_l1_div_paceio_opt ZeroWireload tcbn65gplustc_ccs

  Point                                    Incr       Path
  -----------------------------------------------------------
  clock vclk (rise edge)                   0.00       0.00
  clock network delay (ideal)              0.00       0.00
  input external delay                     0.02       0.02 r
  y[22] (in)                               0.03       0.05 r
  U141/ZN (CKND2)                          0.12       0.17 f
  U97/ZN (INVD1)                           0.23       0.40 r
  U347/Z (AO22D0)                          0.08       0.48 r
  U349/ZN (XNR2D0)                         0.07       0.55 r
  U437/ZN (XNR3D0)                         0.12       0.67 r
  intadd_1_U24/CO (FA1D0)                  0.08       0.75 r
  intadd_1_U23/CO (FA1D0)                  0.05       0.80 r
  intadd_1_U22/CO (FA1D0)                  0.05       0.85 r
  intadd_1_U21/S (FA1D0)                   0.07       0.92 f
  U213/ZN (INVD0)                          0.05       0.97 r
  U449/ZN (NR3D0)                          0.04       1.01 f
  U477/ZN (AOI221D0)                       0.10       1.11 r
  intadd_0_U26/S (FA1D0)                   0.08       1.19 f
  U296/ZN (MAOI222D0)                      0.06       1.25 r
  U297/ZN (INVD0)                          0.03       1.28 f
  intadd_0_U25/CO (FA1D0)                  0.08       1.36 f
  intadd_0_U24/CO (FA1D0)                  0.06       1.42 f
  intadd_0_U23/CO (FA1D0)                  0.06       1.47 f
  intadd_0_U22/CO (FA1D0)                  0.06       1.53 f
  intadd_0_U21/CO (FA1D0)                  0.06       1.58 f
  intadd_0_U20/CO (FA1D0)                  0.06       1.64 f
  intadd_0_U19/CO (FA1D0)                  0.06       1.69 f
  intadd_0_U18/CO (FA1D0)                  0.06       1.75 f
  intadd_0_U17/CO (FA1D0)                  0.06       1.80 f
  intadd_0_U16/CO (FA1D0)                  0.06       1.86 f
  intadd_0_U15/CO (FA1D0)                  0.06       1.91 f
  intadd_0_U14/CO (FA1D0)                  0.06       1.97 f
  intadd_0_U13/CO (FA1D0)                  0.06       2.03 f
  intadd_0_U12/CO (FA1D0)                  0.06       2.08 f
  intadd_0_U11/CO (FA1D0)                  0.06       2.14 f
  intadd_0_U10/CO (FA1D0)                  0.06       2.19 f
  intadd_0_U9/CO (FA1D0)                   0.06       2.25 f
  intadd_0_U8/CO (FA1D0)                   0.06       2.30 f
  intadd_0_U7/CO (FA1D0)                   0.06       2.36 f
  intadd_0_U6/CO (FA1D0)                   0.06       2.41 f
  intadd_0_U5/CO (FA1D0)                   0.06       2.47 f
  intadd_0_U4/CO (FA1D0)                   0.06       2.52 f
  intadd_0_U3/CO (FA1D0)                   0.06       2.58 f
  intadd_0_U2/CO (FA1D0)                   0.05       2.63 f
  U125/ZN (XNR3D0)                         0.09       2.72 r
  U138/ZN (CKND2D0)                        0.04       2.76 f
  U139/ZN (CKND2D0)                        0.16       2.93 r
  U439/Z (XOR2D0)                          0.09       3.02 r
  DP_OP_86J1_125_6791_U9/S (FA1D0)         0.10       3.11 f
  U127/Z (MUX2D0)                          0.07       3.18 f
  result[23] (out)                         0.00       3.18 f
  data arrival time                                   3.18

  clock vclk (rise edge)                  10.00      10.00
  clock network delay (ideal)              0.00      10.00
  output external delay                   -0.02       9.98
  data required time                                  9.98
  -----------------------------------------------------------
  data required time                                  9.98
  data arrival time                                  -3.18
  -----------------------------------------------------------
  slack (MET)                                         6.80


  Startpoint: y[22] (input port clocked by vclk)
  Endpoint: result[5] (output port clocked by vclk)
  Path Group: vclk
  Path Type: max

  Des/Clust/Port     Wire Load Model       Library
  ------------------------------------------------
  oadm_fixed_l1_div_paceio_opt ZeroWireload tcbn65gplustc_ccs

  Point                                    Incr       Path
  -----------------------------------------------------------
  clock vclk (rise edge)                   0.00       0.00
  clock network delay (ideal)              0.00       0.00
  input external delay                     0.02       0.02 r
  y[22] (in)                               0.03       0.05 r
  U141/ZN (CKND2)                          0.12       0.17 f
  U97/ZN (INVD1)                           0.23       0.40 r
  U347/Z (AO22D0)                          0.08       0.48 r
  U349/ZN (XNR2D0)                         0.07       0.55 r
  U437/ZN (XNR3D0)                         0.12       0.67 r
  intadd_1_U24/CO (FA1D0)                  0.08       0.75 r
  intadd_1_U23/CO (FA1D0)                  0.05       0.80 r
  intadd_1_U22/CO (FA1D0)                  0.05       0.85 r
  intadd_1_U21/S (FA1D0)                   0.07       0.92 f
  U213/ZN (INVD0)                          0.05       0.97 r
  U449/ZN (NR3D0)                          0.04       1.01 f
  U477/ZN (AOI221D0)                       0.10       1.11 r
  intadd_0_U26/S (FA1D0)                   0.08       1.19 f
  U296/ZN (MAOI222D0)                      0.06       1.25 r
  U297/ZN (INVD0)                          0.03       1.28 f
  intadd_0_U25/CO (FA1D0)                  0.08       1.36 f
  intadd_0_U24/CO (FA1D0)                  0.06       1.42 f
  intadd_0_U23/CO (FA1D0)                  0.06       1.47 f
  intadd_0_U22/CO (FA1D0)                  0.06       1.53 f
  intadd_0_U21/CO (FA1D0)                  0.06       1.58 f
  intadd_0_U20/CO (FA1D0)                  0.06       1.64 f
  intadd_0_U19/CO (FA1D0)                  0.06       1.69 f
  intadd_0_U18/CO (FA1D0)                  0.06       1.75 f
  intadd_0_U17/CO (FA1D0)                  0.06       1.80 f
  intadd_0_U16/CO (FA1D0)                  0.06       1.86 f
  intadd_0_U15/CO (FA1D0)                  0.06       1.91 f
  intadd_0_U14/CO (FA1D0)                  0.06       1.97 f
  intadd_0_U13/CO (FA1D0)                  0.06       2.03 f
  intadd_0_U12/CO (FA1D0)                  0.06       2.08 f
  intadd_0_U11/CO (FA1D0)                  0.06       2.14 f
  intadd_0_U10/CO (FA1D0)                  0.06       2.19 f
  intadd_0_U9/CO (FA1D0)                   0.06       2.25 f
  intadd_0_U8/CO (FA1D0)                   0.06       2.30 f
  intadd_0_U7/CO (FA1D0)                   0.06       2.36 f
  intadd_0_U6/CO (FA1D0)                   0.06       2.41 f
  intadd_0_U5/CO (FA1D0)                   0.06       2.47 f
  intadd_0_U4/CO (FA1D0)                   0.06       2.52 f
  intadd_0_U3/CO (FA1D0)                   0.06       2.58 f
  intadd_0_U2/CO (FA1D0)                   0.05       2.63 f
  U125/ZN (XNR3D0)                         0.09       2.72 r
  U138/ZN (CKND2D0)                        0.04       2.76 f
  U147/ZN (INVD0)                          0.13       2.89 r
  U210/ZN (AOI22D0)                        0.05       2.95 f
  U212/ZN (CKND2D0)                        0.06       3.01 r
  result[5] (out)                          0.00       3.01 r
  data arrival time                                   3.01

  clock vclk (rise edge)                  10.00      10.00
  clock network delay (ideal)              0.00      10.00
  output external delay                   -0.02       9.98
  data required time                                  9.98
  -----------------------------------------------------------
  data required time                                  9.98
  data arrival time                                  -3.01
  -----------------------------------------------------------
  slack (MET)                                         6.97


  Startpoint: y[22] (input port clocked by vclk)
  Endpoint: result[4] (output port clocked by vclk)
  Path Group: vclk
  Path Type: max

  Des/Clust/Port     Wire Load Model       Library
  ------------------------------------------------
  oadm_fixed_l1_div_paceio_opt ZeroWireload tcbn65gplustc_ccs

  Point                                    Incr       Path
  -----------------------------------------------------------
  clock vclk (rise edge)                   0.00       0.00
  clock network delay (ideal)              0.00       0.00
  input external delay                     0.02       0.02 r
  y[22] (in)                               0.03       0.05 r
  U141/ZN (CKND2)                          0.12       0.17 f
  U97/ZN (INVD1)                           0.23       0.40 r
  U347/Z (AO22D0)                          0.08       0.48 r
  U349/ZN (XNR2D0)                         0.07       0.55 r
  U437/ZN (XNR3D0)                         0.12       0.67 r
  intadd_1_U24/CO (FA1D0)                  0.08       0.75 r
  intadd_1_U23/CO (FA1D0)                  0.05       0.80 r
  intadd_1_U22/CO (FA1D0)                  0.05       0.85 r
  intadd_1_U21/S (FA1D0)                   0.07       0.92 f
  U213/ZN (INVD0)                          0.05       0.97 r
  U449/ZN (NR3D0)                          0.04       1.01 f
  U477/ZN (AOI221D0)                       0.10       1.11 r
  intadd_0_U26/S (FA1D0)                   0.08       1.19 f
  U296/ZN (MAOI222D0)                      0.06       1.25 r
  U297/ZN (INVD0)                          0.03       1.28 f
  intadd_0_U25/CO (FA1D0)                  0.08       1.36 f
  intadd_0_U24/CO (FA1D0)                  0.06       1.42 f
  intadd_0_U23/CO (FA1D0)                  0.06       1.47 f
  intadd_0_U22/CO (FA1D0)                  0.06       1.53 f
  intadd_0_U21/CO (FA1D0)                  0.06       1.58 f
  intadd_0_U20/CO (FA1D0)                  0.06       1.64 f
  intadd_0_U19/CO (FA1D0)                  0.06       1.69 f
  intadd_0_U18/CO (FA1D0)                  0.06       1.75 f
  intadd_0_U17/CO (FA1D0)                  0.06       1.80 f
  intadd_0_U16/CO (FA1D0)                  0.06       1.86 f
  intadd_0_U15/CO (FA1D0)                  0.06       1.91 f
  intadd_0_U14/CO (FA1D0)                  0.06       1.97 f
  intadd_0_U13/CO (FA1D0)                  0.06       2.03 f
  intadd_0_U12/CO (FA1D0)                  0.06       2.08 f
  intadd_0_U11/CO (FA1D0)                  0.06       2.14 f
  intadd_0_U10/CO (FA1D0)                  0.06       2.19 f
  intadd_0_U9/CO (FA1D0)                   0.06       2.25 f
  intadd_0_U8/CO (FA1D0)                   0.06       2.30 f
  intadd_0_U7/CO (FA1D0)                   0.06       2.36 f
  intadd_0_U6/CO (FA1D0)                   0.06       2.41 f
  intadd_0_U5/CO (FA1D0)                   0.06       2.47 f
  intadd_0_U4/CO (FA1D0)                   0.06       2.52 f
  intadd_0_U3/CO (FA1D0)                   0.06       2.58 f
  intadd_0_U2/CO (FA1D0)                   0.05       2.63 f
  U125/ZN (XNR3D0)                         0.09       2.72 r
  U138/ZN (CKND2D0)                        0.04       2.76 f
  U147/ZN (INVD0)                          0.13       2.89 r
  U207/ZN (AOI22D0)                        0.05       2.94 f
  U209/ZN (CKND2D0)                        0.06       3.00 r
  result[4] (out)                          0.00       3.00 r
  data arrival time                                   3.00

  clock vclk (rise edge)                  10.00      10.00
  clock network delay (ideal)              0.00      10.00
  output external delay                   -0.02       9.98
  data required time                                  9.98
  -----------------------------------------------------------
  data required time                                  9.98
  data arrival time                                  -3.00
  -----------------------------------------------------------
  slack (MET)                                         6.98


  Startpoint: y[22] (input port clocked by vclk)
  Endpoint: result[1] (output port clocked by vclk)
  Path Group: vclk
  Path Type: max

  Des/Clust/Port     Wire Load Model       Library
  ------------------------------------------------
  oadm_fixed_l1_div_paceio_opt ZeroWireload tcbn65gplustc_ccs

  Point                                    Incr       Path
  -----------------------------------------------------------
  clock vclk (rise edge)                   0.00       0.00
  clock network delay (ideal)              0.00       0.00
  input external delay                     0.02       0.02 r
  y[22] (in)                               0.03       0.05 r
  U141/ZN (CKND2)                          0.12       0.17 f
  U97/ZN (INVD1)                           0.23       0.40 r
  U347/Z (AO22D0)                          0.08       0.48 r
  U349/ZN (XNR2D0)                         0.07       0.55 r
  U437/ZN (XNR3D0)                         0.12       0.67 r
  intadd_1_U24/CO (FA1D0)                  0.08       0.75 r
  intadd_1_U23/CO (FA1D0)                  0.05       0.80 r
  intadd_1_U22/CO (FA1D0)                  0.05       0.85 r
  intadd_1_U21/S (FA1D0)                   0.07       0.92 f
  U213/ZN (INVD0)                          0.05       0.97 r
  U449/ZN (NR3D0)                          0.04       1.01 f
  U477/ZN (AOI221D0)                       0.10       1.11 r
  intadd_0_U26/S (FA1D0)                   0.08       1.19 f
  U296/ZN (MAOI222D0)                      0.06       1.25 r
  U297/ZN (INVD0)                          0.03       1.28 f
  intadd_0_U25/CO (FA1D0)                  0.08       1.36 f
  intadd_0_U24/CO (FA1D0)                  0.06       1.42 f
  intadd_0_U23/CO (FA1D0)                  0.06       1.47 f
  intadd_0_U22/CO (FA1D0)                  0.06       1.53 f
  intadd_0_U21/CO (FA1D0)                  0.06       1.58 f
  intadd_0_U20/CO (FA1D0)                  0.06       1.64 f
  intadd_0_U19/CO (FA1D0)                  0.06       1.69 f
  intadd_0_U18/CO (FA1D0)                  0.06       1.75 f
  intadd_0_U17/CO (FA1D0)                  0.06       1.80 f
  intadd_0_U16/CO (FA1D0)                  0.06       1.86 f
  intadd_0_U15/CO (FA1D0)                  0.06       1.91 f
  intadd_0_U14/CO (FA1D0)                  0.06       1.97 f
  intadd_0_U13/CO (FA1D0)                  0.06       2.03 f
  intadd_0_U12/CO (FA1D0)                  0.06       2.08 f
  intadd_0_U11/CO (FA1D0)                  0.06       2.14 f
  intadd_0_U10/CO (FA1D0)                  0.06       2.19 f
  intadd_0_U9/CO (FA1D0)                   0.06       2.25 f
  intadd_0_U8/CO (FA1D0)                   0.06       2.30 f
  intadd_0_U7/CO (FA1D0)                   0.06       2.36 f
  intadd_0_U6/CO (FA1D0)                   0.06       2.41 f
  intadd_0_U5/CO (FA1D0)                   0.06       2.47 f
  intadd_0_U4/CO (FA1D0)                   0.06       2.52 f
  intadd_0_U3/CO (FA1D0)                   0.06       2.58 f
  intadd_0_U2/CO (FA1D0)                   0.05       2.63 f
  U125/ZN (XNR3D0)                         0.08       2.71 f
  U126/Z (CKAN2D1)                         0.13       2.84 f
  U206/Z (AO222D0)                         0.16       3.00 f
  result[1] (out)                          0.00       3.00 f
  data arrival time                                   3.00

  clock vclk (rise edge)                  10.00      10.00
  clock network delay (ideal)              0.00      10.00
  output external delay                   -0.02       9.98
  data required time                                  9.98
  -----------------------------------------------------------
  data required time                                  9.98
  data arrival time                                  -3.00
  -----------------------------------------------------------
  slack (MET)                                         6.98


  Startpoint: y[22] (input port clocked by vclk)
  Endpoint: result[13] (output port clocked by vclk)
  Path Group: vclk
  Path Type: max

  Des/Clust/Port     Wire Load Model       Library
  ------------------------------------------------
  oadm_fixed_l1_div_paceio_opt ZeroWireload tcbn65gplustc_ccs

  Point                                    Incr       Path
  -----------------------------------------------------------
  clock vclk (rise edge)                   0.00       0.00
  clock network delay (ideal)              0.00       0.00
  input external delay                     0.02       0.02 r
  y[22] (in)                               0.03       0.05 r
  U141/ZN (CKND2)                          0.12       0.17 f
  U97/ZN (INVD1)                           0.23       0.40 r
  U347/Z (AO22D0)                          0.08       0.48 r
  U349/ZN (XNR2D0)                         0.07       0.55 r
  U437/ZN (XNR3D0)                         0.12       0.67 r
  intadd_1_U24/CO (FA1D0)                  0.08       0.75 r
  intadd_1_U23/CO (FA1D0)                  0.05       0.80 r
  intadd_1_U22/CO (FA1D0)                  0.05       0.85 r
  intadd_1_U21/S (FA1D0)                   0.07       0.92 f
  U213/ZN (INVD0)                          0.05       0.97 r
  U449/ZN (NR3D0)                          0.04       1.01 f
  U477/ZN (AOI221D0)                       0.10       1.11 r
  intadd_0_U26/S (FA1D0)                   0.08       1.19 f
  U296/ZN (MAOI222D0)                      0.06       1.25 r
  U297/ZN (INVD0)                          0.03       1.28 f
  intadd_0_U25/CO (FA1D0)                  0.08       1.36 f
  intadd_0_U24/CO (FA1D0)                  0.06       1.42 f
  intadd_0_U23/CO (FA1D0)                  0.06       1.47 f
  intadd_0_U22/CO (FA1D0)                  0.06       1.53 f
  intadd_0_U21/CO (FA1D0)                  0.06       1.58 f
  intadd_0_U20/CO (FA1D0)                  0.06       1.64 f
  intadd_0_U19/CO (FA1D0)                  0.06       1.69 f
  intadd_0_U18/CO (FA1D0)                  0.06       1.75 f
  intadd_0_U17/CO (FA1D0)                  0.06       1.80 f
  intadd_0_U16/CO (FA1D0)                  0.06       1.86 f
  intadd_0_U15/CO (FA1D0)                  0.06       1.91 f
  intadd_0_U14/CO (FA1D0)                  0.06       1.97 f
  intadd_0_U13/CO (FA1D0)                  0.06       2.03 f
  intadd_0_U12/CO (FA1D0)                  0.06       2.08 f
  intadd_0_U11/CO (FA1D0)                  0.06       2.14 f
  intadd_0_U10/CO (FA1D0)                  0.06       2.19 f
  intadd_0_U9/CO (FA1D0)                   0.06       2.25 f
  intadd_0_U8/CO (FA1D0)                   0.06       2.30 f
  intadd_0_U7/CO (FA1D0)                   0.06       2.36 f
  intadd_0_U6/CO (FA1D0)                   0.06       2.41 f
  intadd_0_U5/CO (FA1D0)                   0.06       2.47 f
  intadd_0_U4/CO (FA1D0)                   0.06       2.52 f
  intadd_0_U3/CO (FA1D0)                   0.06       2.58 f
  intadd_0_U2/CO (FA1D0)                   0.05       2.63 f
  U125/ZN (XNR3D0)                         0.09       2.72 r
  U138/ZN (CKND2D0)                        0.04       2.76 f
  U147/ZN (INVD0)                          0.13       2.89 r
  U182/ZN (AOI22D0)                        0.04       2.93 f
  U184/ZN (CKND2D0)                        0.06       2.99 r
  result[13] (out)                         0.00       2.99 r
  data arrival time                                   2.99

  clock vclk (rise edge)                  10.00      10.00
  clock network delay (ideal)              0.00      10.00
  output external delay                   -0.02       9.98
  data required time                                  9.98
  -----------------------------------------------------------
  data required time                                  9.98
  data arrival time                                  -2.99
  -----------------------------------------------------------
  slack (MET)                                         6.99


  Startpoint: y[22] (input port clocked by vclk)
  Endpoint: result[12] (output port clocked by vclk)
  Path Group: vclk
  Path Type: max

  Des/Clust/Port     Wire Load Model       Library
  ------------------------------------------------
  oadm_fixed_l1_div_paceio_opt ZeroWireload tcbn65gplustc_ccs

  Point                                    Incr       Path
  -----------------------------------------------------------
  clock vclk (rise edge)                   0.00       0.00
  clock network delay (ideal)              0.00       0.00
  input external delay                     0.02       0.02 r
  y[22] (in)                               0.03       0.05 r
  U141/ZN (CKND2)                          0.12       0.17 f
  U97/ZN (INVD1)                           0.23       0.40 r
  U347/Z (AO22D0)                          0.08       0.48 r
  U349/ZN (XNR2D0)                         0.07       0.55 r
  U437/ZN (XNR3D0)                         0.12       0.67 r
  intadd_1_U24/CO (FA1D0)                  0.08       0.75 r
  intadd_1_U23/CO (FA1D0)                  0.05       0.80 r
  intadd_1_U22/CO (FA1D0)                  0.05       0.85 r
  intadd_1_U21/S (FA1D0)                   0.07       0.92 f
  U213/ZN (INVD0)                          0.05       0.97 r
  U449/ZN (NR3D0)                          0.04       1.01 f
  U477/ZN (AOI221D0)                       0.10       1.11 r
  intadd_0_U26/S (FA1D0)                   0.08       1.19 f
  U296/ZN (MAOI222D0)                      0.06       1.25 r
  U297/ZN (INVD0)                          0.03       1.28 f
  intadd_0_U25/CO (FA1D0)                  0.08       1.36 f
  intadd_0_U24/CO (FA1D0)                  0.06       1.42 f
  intadd_0_U23/CO (FA1D0)                  0.06       1.47 f
  intadd_0_U22/CO (FA1D0)                  0.06       1.53 f
  intadd_0_U21/CO (FA1D0)                  0.06       1.58 f
  intadd_0_U20/CO (FA1D0)                  0.06       1.64 f
  intadd_0_U19/CO (FA1D0)                  0.06       1.69 f
  intadd_0_U18/CO (FA1D0)                  0.06       1.75 f
  intadd_0_U17/CO (FA1D0)                  0.06       1.80 f
  intadd_0_U16/CO (FA1D0)                  0.06       1.86 f
  intadd_0_U15/CO (FA1D0)                  0.06       1.91 f
  intadd_0_U14/CO (FA1D0)                  0.06       1.97 f
  intadd_0_U13/CO (FA1D0)                  0.06       2.03 f
  intadd_0_U12/CO (FA1D0)                  0.06       2.08 f
  intadd_0_U11/CO (FA1D0)                  0.06       2.14 f
  intadd_0_U10/CO (FA1D0)                  0.06       2.19 f
  intadd_0_U9/CO (FA1D0)                   0.06       2.25 f
  intadd_0_U8/CO (FA1D0)                   0.06       2.30 f
  intadd_0_U7/CO (FA1D0)                   0.06       2.36 f
  intadd_0_U6/CO (FA1D0)                   0.06       2.41 f
  intadd_0_U5/CO (FA1D0)                   0.06       2.47 f
  intadd_0_U4/CO (FA1D0)                   0.06       2.52 f
  intadd_0_U3/CO (FA1D0)                   0.06       2.58 f
  intadd_0_U2/CO (FA1D0)                   0.05       2.63 f
  U125/ZN (XNR3D0)                         0.09       2.72 r
  U138/ZN (CKND2D0)                        0.04       2.76 f
  U147/ZN (INVD0)                          0.13       2.89 r
  U173/ZN (AOI22D0)                        0.04       2.93 f
  U175/ZN (CKND2D0)                        0.06       2.99 r
  result[12] (out)                         0.00       2.99 r
  data arrival time                                   2.99

  clock vclk (rise edge)                  10.00      10.00
  clock network delay (ideal)              0.00      10.00
  output external delay                   -0.02       9.98
  data required time                                  9.98
  -----------------------------------------------------------
  data required time                                  9.98
  data arrival time                                  -2.99
  -----------------------------------------------------------
  slack (MET)                                         6.99


  Startpoint: y[22] (input port clocked by vclk)
  Endpoint: result[11] (output port clocked by vclk)
  Path Group: vclk
  Path Type: max

  Des/Clust/Port     Wire Load Model       Library
  ------------------------------------------------
  oadm_fixed_l1_div_paceio_opt ZeroWireload tcbn65gplustc_ccs

  Point                                    Incr       Path
  -----------------------------------------------------------
  clock vclk (rise edge)                   0.00       0.00
  clock network delay (ideal)              0.00       0.00
  input external delay                     0.02       0.02 r
  y[22] (in)                               0.03       0.05 r
  U141/ZN (CKND2)                          0.12       0.17 f
  U97/ZN (INVD1)                           0.23       0.40 r
  U347/Z (AO22D0)                          0.08       0.48 r
  U349/ZN (XNR2D0)                         0.07       0.55 r
  U437/ZN (XNR3D0)                         0.12       0.67 r
  intadd_1_U24/CO (FA1D0)                  0.08       0.75 r
  intadd_1_U23/CO (FA1D0)                  0.05       0.80 r
  intadd_1_U22/CO (FA1D0)                  0.05       0.85 r
  intadd_1_U21/S (FA1D0)                   0.07       0.92 f
  U213/ZN (INVD0)                          0.05       0.97 r
  U449/ZN (NR3D0)                          0.04       1.01 f
  U477/ZN (AOI221D0)                       0.10       1.11 r
  intadd_0_U26/S (FA1D0)                   0.08       1.19 f
  U296/ZN (MAOI222D0)                      0.06       1.25 r
  U297/ZN (INVD0)                          0.03       1.28 f
  intadd_0_U25/CO (FA1D0)                  0.08       1.36 f
  intadd_0_U24/CO (FA1D0)                  0.06       1.42 f
  intadd_0_U23/CO (FA1D0)                  0.06       1.47 f
  intadd_0_U22/CO (FA1D0)                  0.06       1.53 f
  intadd_0_U21/CO (FA1D0)                  0.06       1.58 f
  intadd_0_U20/CO (FA1D0)                  0.06       1.64 f
  intadd_0_U19/CO (FA1D0)                  0.06       1.69 f
  intadd_0_U18/CO (FA1D0)                  0.06       1.75 f
  intadd_0_U17/CO (FA1D0)                  0.06       1.80 f
  intadd_0_U16/CO (FA1D0)                  0.06       1.86 f
  intadd_0_U15/CO (FA1D0)                  0.06       1.91 f
  intadd_0_U14/CO (FA1D0)                  0.06       1.97 f
  intadd_0_U13/CO (FA1D0)                  0.06       2.03 f
  intadd_0_U12/CO (FA1D0)                  0.06       2.08 f
  intadd_0_U11/CO (FA1D0)                  0.06       2.14 f
  intadd_0_U10/CO (FA1D0)                  0.06       2.19 f
  intadd_0_U9/CO (FA1D0)                   0.06       2.25 f
  intadd_0_U8/CO (FA1D0)                   0.06       2.30 f
  intadd_0_U7/CO (FA1D0)                   0.06       2.36 f
  intadd_0_U6/CO (FA1D0)                   0.06       2.41 f
  intadd_0_U5/CO (FA1D0)                   0.06       2.47 f
  intadd_0_U4/CO (FA1D0)                   0.06       2.52 f
  intadd_0_U3/CO (FA1D0)                   0.06       2.58 f
  intadd_0_U2/CO (FA1D0)                   0.05       2.63 f
  U125/ZN (XNR3D0)                         0.09       2.72 r
  U138/ZN (CKND2D0)                        0.04       2.76 f
  U147/ZN (INVD0)                          0.13       2.89 r
  U179/ZN (AOI22D0)                        0.04       2.93 f
  U181/ZN (CKND2D0)                        0.06       2.99 r
  result[11] (out)                         0.00       2.99 r
  data arrival time                                   2.99

  clock vclk (rise edge)                  10.00      10.00
  clock network delay (ideal)              0.00      10.00
  output external delay                   -0.02       9.98
  data required time                                  9.98
  -----------------------------------------------------------
  data required time                                  9.98
  data arrival time                                  -2.99
  -----------------------------------------------------------
  slack (MET)                                         6.99


  Startpoint: y[22] (input port clocked by vclk)
  Endpoint: result[10] (output port clocked by vclk)
  Path Group: vclk
  Path Type: max

  Des/Clust/Port     Wire Load Model       Library
  ------------------------------------------------
  oadm_fixed_l1_div_paceio_opt ZeroWireload tcbn65gplustc_ccs

  Point                                    Incr       Path
  -----------------------------------------------------------
  clock vclk (rise edge)                   0.00       0.00
  clock network delay (ideal)              0.00       0.00
  input external delay                     0.02       0.02 r
  y[22] (in)                               0.03       0.05 r
  U141/ZN (CKND2)                          0.12       0.17 f
  U97/ZN (INVD1)                           0.23       0.40 r
  U347/Z (AO22D0)                          0.08       0.48 r
  U349/ZN (XNR2D0)                         0.07       0.55 r
  U437/ZN (XNR3D0)                         0.12       0.67 r
  intadd_1_U24/CO (FA1D0)                  0.08       0.75 r
  intadd_1_U23/CO (FA1D0)                  0.05       0.80 r
  intadd_1_U22/CO (FA1D0)                  0.05       0.85 r
  intadd_1_U21/S (FA1D0)                   0.07       0.92 f
  U213/ZN (INVD0)                          0.05       0.97 r
  U449/ZN (NR3D0)                          0.04       1.01 f
  U477/ZN (AOI221D0)                       0.10       1.11 r
  intadd_0_U26/S (FA1D0)                   0.08       1.19 f
  U296/ZN (MAOI222D0)                      0.06       1.25 r
  U297/ZN (INVD0)                          0.03       1.28 f
  intadd_0_U25/CO (FA1D0)                  0.08       1.36 f
  intadd_0_U24/CO (FA1D0)                  0.06       1.42 f
  intadd_0_U23/CO (FA1D0)                  0.06       1.47 f
  intadd_0_U22/CO (FA1D0)                  0.06       1.53 f
  intadd_0_U21/CO (FA1D0)                  0.06       1.58 f
  intadd_0_U20/CO (FA1D0)                  0.06       1.64 f
  intadd_0_U19/CO (FA1D0)                  0.06       1.69 f
  intadd_0_U18/CO (FA1D0)                  0.06       1.75 f
  intadd_0_U17/CO (FA1D0)                  0.06       1.80 f
  intadd_0_U16/CO (FA1D0)                  0.06       1.86 f
  intadd_0_U15/CO (FA1D0)                  0.06       1.91 f
  intadd_0_U14/CO (FA1D0)                  0.06       1.97 f
  intadd_0_U13/CO (FA1D0)                  0.06       2.03 f
  intadd_0_U12/CO (FA1D0)                  0.06       2.08 f
  intadd_0_U11/CO (FA1D0)                  0.06       2.14 f
  intadd_0_U10/CO (FA1D0)                  0.06       2.19 f
  intadd_0_U9/CO (FA1D0)                   0.06       2.25 f
  intadd_0_U8/CO (FA1D0)                   0.06       2.30 f
  intadd_0_U7/CO (FA1D0)                   0.06       2.36 f
  intadd_0_U6/CO (FA1D0)                   0.06       2.41 f
  intadd_0_U5/CO (FA1D0)                   0.06       2.47 f
  intadd_0_U4/CO (FA1D0)                   0.06       2.52 f
  intadd_0_U3/CO (FA1D0)                   0.06       2.58 f
  intadd_0_U2/CO (FA1D0)                   0.05       2.63 f
  U125/ZN (XNR3D0)                         0.09       2.72 r
  U138/ZN (CKND2D0)                        0.04       2.76 f
  U147/ZN (INVD0)                          0.13       2.89 r
  U185/ZN (AOI22D0)                        0.04       2.93 f
  U187/ZN (CKND2D0)                        0.06       2.99 r
  result[10] (out)                         0.00       2.99 r
  data arrival time                                   2.99

  clock vclk (rise edge)                  10.00      10.00
  clock network delay (ideal)              0.00      10.00
  output external delay                   -0.02       9.98
  data required time                                  9.98
  -----------------------------------------------------------
  data required time                                  9.98
  data arrival time                                  -2.99
  -----------------------------------------------------------
  slack (MET)                                         6.99


  Startpoint: y[22] (input port clocked by vclk)
  Endpoint: result[9] (output port clocked by vclk)
  Path Group: vclk
  Path Type: max

  Des/Clust/Port     Wire Load Model       Library
  ------------------------------------------------
  oadm_fixed_l1_div_paceio_opt ZeroWireload tcbn65gplustc_ccs

  Point                                    Incr       Path
  -----------------------------------------------------------
  clock vclk (rise edge)                   0.00       0.00
  clock network delay (ideal)              0.00       0.00
  input external delay                     0.02       0.02 r
  y[22] (in)                               0.03       0.05 r
  U141/ZN (CKND2)                          0.12       0.17 f
  U97/ZN (INVD1)                           0.23       0.40 r
  U347/Z (AO22D0)                          0.08       0.48 r
  U349/ZN (XNR2D0)                         0.07       0.55 r
  U437/ZN (XNR3D0)                         0.12       0.67 r
  intadd_1_U24/CO (FA1D0)                  0.08       0.75 r
  intadd_1_U23/CO (FA1D0)                  0.05       0.80 r
  intadd_1_U22/CO (FA1D0)                  0.05       0.85 r
  intadd_1_U21/S (FA1D0)                   0.07       0.92 f
  U213/ZN (INVD0)                          0.05       0.97 r
  U449/ZN (NR3D0)                          0.04       1.01 f
  U477/ZN (AOI221D0)                       0.10       1.11 r
  intadd_0_U26/S (FA1D0)                   0.08       1.19 f
  U296/ZN (MAOI222D0)                      0.06       1.25 r
  U297/ZN (INVD0)                          0.03       1.28 f
  intadd_0_U25/CO (FA1D0)                  0.08       1.36 f
  intadd_0_U24/CO (FA1D0)                  0.06       1.42 f
  intadd_0_U23/CO (FA1D0)                  0.06       1.47 f
  intadd_0_U22/CO (FA1D0)                  0.06       1.53 f
  intadd_0_U21/CO (FA1D0)                  0.06       1.58 f
  intadd_0_U20/CO (FA1D0)                  0.06       1.64 f
  intadd_0_U19/CO (FA1D0)                  0.06       1.69 f
  intadd_0_U18/CO (FA1D0)                  0.06       1.75 f
  intadd_0_U17/CO (FA1D0)                  0.06       1.80 f
  intadd_0_U16/CO (FA1D0)                  0.06       1.86 f
  intadd_0_U15/CO (FA1D0)                  0.06       1.91 f
  intadd_0_U14/CO (FA1D0)                  0.06       1.97 f
  intadd_0_U13/CO (FA1D0)                  0.06       2.03 f
  intadd_0_U12/CO (FA1D0)                  0.06       2.08 f
  intadd_0_U11/CO (FA1D0)                  0.06       2.14 f
  intadd_0_U10/CO (FA1D0)                  0.06       2.19 f
  intadd_0_U9/CO (FA1D0)                   0.06       2.25 f
  intadd_0_U8/CO (FA1D0)                   0.06       2.30 f
  intadd_0_U7/CO (FA1D0)                   0.06       2.36 f
  intadd_0_U6/CO (FA1D0)                   0.06       2.41 f
  intadd_0_U5/CO (FA1D0)                   0.06       2.47 f
  intadd_0_U4/CO (FA1D0)                   0.06       2.52 f
  intadd_0_U3/CO (FA1D0)                   0.06       2.58 f
  intadd_0_U2/CO (FA1D0)                   0.05       2.63 f
  U125/ZN (XNR3D0)                         0.09       2.72 r
  U138/ZN (CKND2D0)                        0.04       2.76 f
  U147/ZN (INVD0)                          0.13       2.89 r
  U158/ZN (AOI22D0)                        0.04       2.93 f
  U160/ZN (CKND2D0)                        0.06       2.99 r
  result[9] (out)                          0.00       2.99 r
  data arrival time                                   2.99

  clock vclk (rise edge)                  10.00      10.00
  clock network delay (ideal)              0.00      10.00
  output external delay                   -0.02       9.98
  data required time                                  9.98
  -----------------------------------------------------------
  data required time                                  9.98
  data arrival time                                  -2.99
  -----------------------------------------------------------
  slack (MET)                                         6.99


  Startpoint: y[22] (input port clocked by vclk)
  Endpoint: result[8] (output port clocked by vclk)
  Path Group: vclk
  Path Type: max

  Des/Clust/Port     Wire Load Model       Library
  ------------------------------------------------
  oadm_fixed_l1_div_paceio_opt ZeroWireload tcbn65gplustc_ccs

  Point                                    Incr       Path
  -----------------------------------------------------------
  clock vclk (rise edge)                   0.00       0.00
  clock network delay (ideal)              0.00       0.00
  input external delay                     0.02       0.02 r
  y[22] (in)                               0.03       0.05 r
  U141/ZN (CKND2)                          0.12       0.17 f
  U97/ZN (INVD1)                           0.23       0.40 r
  U347/Z (AO22D0)                          0.08       0.48 r
  U349/ZN (XNR2D0)                         0.07       0.55 r
  U437/ZN (XNR3D0)                         0.12       0.67 r
  intadd_1_U24/CO (FA1D0)                  0.08       0.75 r
  intadd_1_U23/CO (FA1D0)                  0.05       0.80 r
  intadd_1_U22/CO (FA1D0)                  0.05       0.85 r
  intadd_1_U21/S (FA1D0)                   0.07       0.92 f
  U213/ZN (INVD0)                          0.05       0.97 r
  U449/ZN (NR3D0)                          0.04       1.01 f
  U477/ZN (AOI221D0)                       0.10       1.11 r
  intadd_0_U26/S (FA1D0)                   0.08       1.19 f
  U296/ZN (MAOI222D0)                      0.06       1.25 r
  U297/ZN (INVD0)                          0.03       1.28 f
  intadd_0_U25/CO (FA1D0)                  0.08       1.36 f
  intadd_0_U24/CO (FA1D0)                  0.06       1.42 f
  intadd_0_U23/CO (FA1D0)                  0.06       1.47 f
  intadd_0_U22/CO (FA1D0)                  0.06       1.53 f
  intadd_0_U21/CO (FA1D0)                  0.06       1.58 f
  intadd_0_U20/CO (FA1D0)                  0.06       1.64 f
  intadd_0_U19/CO (FA1D0)                  0.06       1.69 f
  intadd_0_U18/CO (FA1D0)                  0.06       1.75 f
  intadd_0_U17/CO (FA1D0)                  0.06       1.80 f
  intadd_0_U16/CO (FA1D0)                  0.06       1.86 f
  intadd_0_U15/CO (FA1D0)                  0.06       1.91 f
  intadd_0_U14/CO (FA1D0)                  0.06       1.97 f
  intadd_0_U13/CO (FA1D0)                  0.06       2.03 f
  intadd_0_U12/CO (FA1D0)                  0.06       2.08 f
  intadd_0_U11/CO (FA1D0)                  0.06       2.14 f
  intadd_0_U10/CO (FA1D0)                  0.06       2.19 f
  intadd_0_U9/CO (FA1D0)                   0.06       2.25 f
  intadd_0_U8/CO (FA1D0)                   0.06       2.30 f
  intadd_0_U7/CO (FA1D0)                   0.06       2.36 f
  intadd_0_U6/CO (FA1D0)                   0.06       2.41 f
  intadd_0_U5/CO (FA1D0)                   0.06       2.47 f
  intadd_0_U4/CO (FA1D0)                   0.06       2.52 f
  intadd_0_U3/CO (FA1D0)                   0.06       2.58 f
  intadd_0_U2/CO (FA1D0)                   0.05       2.63 f
  U125/ZN (XNR3D0)                         0.09       2.72 r
  U138/ZN (CKND2D0)                        0.04       2.76 f
  U147/ZN (INVD0)                          0.13       2.89 r
  U197/ZN (AOI22D0)                        0.04       2.93 f
  U199/ZN (CKND2D0)                        0.06       2.99 r
  result[8] (out)                          0.00       2.99 r
  data arrival time                                   2.99

  clock vclk (rise edge)                  10.00      10.00
  clock network delay (ideal)              0.00      10.00
  output external delay                   -0.02       9.98
  data required time                                  9.98
  -----------------------------------------------------------
  data required time                                  9.98
  data arrival time                                  -2.99
  -----------------------------------------------------------
  slack (MET)                                         6.99


  Startpoint: y[22] (input port clocked by vclk)
  Endpoint: result[7] (output port clocked by vclk)
  Path Group: vclk
  Path Type: max

  Des/Clust/Port     Wire Load Model       Library
  ------------------------------------------------
  oadm_fixed_l1_div_paceio_opt ZeroWireload tcbn65gplustc_ccs

  Point                                    Incr       Path
  -----------------------------------------------------------
  clock vclk (rise edge)                   0.00       0.00
  clock network delay (ideal)              0.00       0.00
  input external delay                     0.02       0.02 r
  y[22] (in)                               0.03       0.05 r
  U141/ZN (CKND2)                          0.12       0.17 f
  U97/ZN (INVD1)                           0.23       0.40 r
  U347/Z (AO22D0)                          0.08       0.48 r
  U349/ZN (XNR2D0)                         0.07       0.55 r
  U437/ZN (XNR3D0)                         0.12       0.67 r
  intadd_1_U24/CO (FA1D0)                  0.08       0.75 r
  intadd_1_U23/CO (FA1D0)                  0.05       0.80 r
  intadd_1_U22/CO (FA1D0)                  0.05       0.85 r
  intadd_1_U21/S (FA1D0)                   0.07       0.92 f
  U213/ZN (INVD0)                          0.05       0.97 r
  U449/ZN (NR3D0)                          0.04       1.01 f
  U477/ZN (AOI221D0)                       0.10       1.11 r
  intadd_0_U26/S (FA1D0)                   0.08       1.19 f
  U296/ZN (MAOI222D0)                      0.06       1.25 r
  U297/ZN (INVD0)                          0.03       1.28 f
  intadd_0_U25/CO (FA1D0)                  0.08       1.36 f
  intadd_0_U24/CO (FA1D0)                  0.06       1.42 f
  intadd_0_U23/CO (FA1D0)                  0.06       1.47 f
  intadd_0_U22/CO (FA1D0)                  0.06       1.53 f
  intadd_0_U21/CO (FA1D0)                  0.06       1.58 f
  intadd_0_U20/CO (FA1D0)                  0.06       1.64 f
  intadd_0_U19/CO (FA1D0)                  0.06       1.69 f
  intadd_0_U18/CO (FA1D0)                  0.06       1.75 f
  intadd_0_U17/CO (FA1D0)                  0.06       1.80 f
  intadd_0_U16/CO (FA1D0)                  0.06       1.86 f
  intadd_0_U15/CO (FA1D0)                  0.06       1.91 f
  intadd_0_U14/CO (FA1D0)                  0.06       1.97 f
  intadd_0_U13/CO (FA1D0)                  0.06       2.03 f
  intadd_0_U12/CO (FA1D0)                  0.06       2.08 f
  intadd_0_U11/CO (FA1D0)                  0.06       2.14 f
  intadd_0_U10/CO (FA1D0)                  0.06       2.19 f
  intadd_0_U9/CO (FA1D0)                   0.06       2.25 f
  intadd_0_U8/CO (FA1D0)                   0.06       2.30 f
  intadd_0_U7/CO (FA1D0)                   0.06       2.36 f
  intadd_0_U6/CO (FA1D0)                   0.06       2.41 f
  intadd_0_U5/CO (FA1D0)                   0.06       2.47 f
  intadd_0_U4/CO (FA1D0)                   0.06       2.52 f
  intadd_0_U3/CO (FA1D0)                   0.06       2.58 f
  intadd_0_U2/CO (FA1D0)                   0.05       2.63 f
  U125/ZN (XNR3D0)                         0.09       2.72 r
  U138/ZN (CKND2D0)                        0.04       2.76 f
  U147/ZN (INVD0)                          0.13       2.89 r
  U200/ZN (AOI22D0)                        0.04       2.93 f
  U202/ZN (CKND2D0)                        0.06       2.99 r
  result[7] (out)                          0.00       2.99 r
  data arrival time                                   2.99

  clock vclk (rise edge)                  10.00      10.00
  clock network delay (ideal)              0.00      10.00
  output external delay                   -0.02       9.98
  data required time                                  9.98
  -----------------------------------------------------------
  data required time                                  9.98
  data arrival time                                  -2.99
  -----------------------------------------------------------
  slack (MET)                                         6.99


  Startpoint: y[22] (input port clocked by vclk)
  Endpoint: result[6] (output port clocked by vclk)
  Path Group: vclk
  Path Type: max

  Des/Clust/Port     Wire Load Model       Library
  ------------------------------------------------
  oadm_fixed_l1_div_paceio_opt ZeroWireload tcbn65gplustc_ccs

  Point                                    Incr       Path
  -----------------------------------------------------------
  clock vclk (rise edge)                   0.00       0.00
  clock network delay (ideal)              0.00       0.00
  input external delay                     0.02       0.02 r
  y[22] (in)                               0.03       0.05 r
  U141/ZN (CKND2)                          0.12       0.17 f
  U97/ZN (INVD1)                           0.23       0.40 r
  U347/Z (AO22D0)                          0.08       0.48 r
  U349/ZN (XNR2D0)                         0.07       0.55 r
  U437/ZN (XNR3D0)                         0.12       0.67 r
  intadd_1_U24/CO (FA1D0)                  0.08       0.75 r
  intadd_1_U23/CO (FA1D0)                  0.05       0.80 r
  intadd_1_U22/CO (FA1D0)                  0.05       0.85 r
  intadd_1_U21/S (FA1D0)                   0.07       0.92 f
  U213/ZN (INVD0)                          0.05       0.97 r
  U449/ZN (NR3D0)                          0.04       1.01 f
  U477/ZN (AOI221D0)                       0.10       1.11 r
  intadd_0_U26/S (FA1D0)                   0.08       1.19 f
  U296/ZN (MAOI222D0)                      0.06       1.25 r
  U297/ZN (INVD0)                          0.03       1.28 f
  intadd_0_U25/CO (FA1D0)                  0.08       1.36 f
  intadd_0_U24/CO (FA1D0)                  0.06       1.42 f
  intadd_0_U23/CO (FA1D0)                  0.06       1.47 f
  intadd_0_U22/CO (FA1D0)                  0.06       1.53 f
  intadd_0_U21/CO (FA1D0)                  0.06       1.58 f
  intadd_0_U20/CO (FA1D0)                  0.06       1.64 f
  intadd_0_U19/CO (FA1D0)                  0.06       1.69 f
  intadd_0_U18/CO (FA1D0)                  0.06       1.75 f
  intadd_0_U17/CO (FA1D0)                  0.06       1.80 f
  intadd_0_U16/CO (FA1D0)                  0.06       1.86 f
  intadd_0_U15/CO (FA1D0)                  0.06       1.91 f
  intadd_0_U14/CO (FA1D0)                  0.06       1.97 f
  intadd_0_U13/CO (FA1D0)                  0.06       2.03 f
  intadd_0_U12/CO (FA1D0)                  0.06       2.08 f
  intadd_0_U11/CO (FA1D0)                  0.06       2.14 f
  intadd_0_U10/CO (FA1D0)                  0.06       2.19 f
  intadd_0_U9/CO (FA1D0)                   0.06       2.25 f
  intadd_0_U8/CO (FA1D0)                   0.06       2.30 f
  intadd_0_U7/CO (FA1D0)                   0.06       2.36 f
  intadd_0_U6/CO (FA1D0)                   0.06       2.41 f
  intadd_0_U5/CO (FA1D0)                   0.06       2.47 f
  intadd_0_U4/CO (FA1D0)                   0.06       2.52 f
  intadd_0_U3/CO (FA1D0)                   0.06       2.58 f
  intadd_0_U2/CO (FA1D0)                   0.05       2.63 f
  U125/ZN (XNR3D0)                         0.09       2.72 r
  U138/ZN (CKND2D0)                        0.04       2.76 f
  U147/ZN (INVD0)                          0.13       2.89 r
  U188/ZN (AOI22D0)                        0.04       2.93 f
  U190/ZN (CKND2D0)                        0.06       2.99 r
  result[6] (out)                          0.00       2.99 r
  data arrival time                                   2.99

  clock vclk (rise edge)                  10.00      10.00
  clock network delay (ideal)              0.00      10.00
  output external delay                   -0.02       9.98
  data required time                                  9.98
  -----------------------------------------------------------
  data required time                                  9.98
  data arrival time                                  -2.99
  -----------------------------------------------------------
  slack (MET)                                         6.99


  Startpoint: y[22] (input port clocked by vclk)
  Endpoint: result[2] (output port clocked by vclk)
  Path Group: vclk
  Path Type: max

  Des/Clust/Port     Wire Load Model       Library
  ------------------------------------------------
  oadm_fixed_l1_div_paceio_opt ZeroWireload tcbn65gplustc_ccs

  Point                                    Incr       Path
  -----------------------------------------------------------
  clock vclk (rise edge)                   0.00       0.00
  clock network delay (ideal)              0.00       0.00
  input external delay                     0.02       0.02 r
  y[22] (in)                               0.03       0.05 r
  U141/ZN (CKND2)                          0.12       0.17 f
  U97/ZN (INVD1)                           0.23       0.40 r
  U347/Z (AO22D0)                          0.08       0.48 r
  U349/ZN (XNR2D0)                         0.07       0.55 r
  U437/ZN (XNR3D0)                         0.12       0.67 r
  intadd_1_U24/CO (FA1D0)                  0.08       0.75 r
  intadd_1_U23/CO (FA1D0)                  0.05       0.80 r
  intadd_1_U22/CO (FA1D0)                  0.05       0.85 r
  intadd_1_U21/S (FA1D0)                   0.07       0.92 f
  U213/ZN (INVD0)                          0.05       0.97 r
  U449/ZN (NR3D0)                          0.04       1.01 f
  U477/ZN (AOI221D0)                       0.10       1.11 r
  intadd_0_U26/S (FA1D0)                   0.08       1.19 f
  U296/ZN (MAOI222D0)                      0.06       1.25 r
  U297/ZN (INVD0)                          0.03       1.28 f
  intadd_0_U25/CO (FA1D0)                  0.08       1.36 f
  intadd_0_U24/CO (FA1D0)                  0.06       1.42 f
  intadd_0_U23/CO (FA1D0)                  0.06       1.47 f
  intadd_0_U22/CO (FA1D0)                  0.06       1.53 f
  intadd_0_U21/CO (FA1D0)                  0.06       1.58 f
  intadd_0_U20/CO (FA1D0)                  0.06       1.64 f
  intadd_0_U19/CO (FA1D0)                  0.06       1.69 f
  intadd_0_U18/CO (FA1D0)                  0.06       1.75 f
  intadd_0_U17/CO (FA1D0)                  0.06       1.80 f
  intadd_0_U16/CO (FA1D0)                  0.06       1.86 f
  intadd_0_U15/CO (FA1D0)                  0.06       1.91 f
  intadd_0_U14/CO (FA1D0)                  0.06       1.97 f
  intadd_0_U13/CO (FA1D0)                  0.06       2.03 f
  intadd_0_U12/CO (FA1D0)                  0.06       2.08 f
  intadd_0_U11/CO (FA1D0)                  0.06       2.14 f
  intadd_0_U10/CO (FA1D0)                  0.06       2.19 f
  intadd_0_U9/CO (FA1D0)                   0.06       2.25 f
  intadd_0_U8/CO (FA1D0)                   0.06       2.30 f
  intadd_0_U7/CO (FA1D0)                   0.06       2.36 f
  intadd_0_U6/CO (FA1D0)                   0.06       2.41 f
  intadd_0_U5/CO (FA1D0)                   0.06       2.47 f
  intadd_0_U4/CO (FA1D0)                   0.06       2.52 f
  intadd_0_U3/CO (FA1D0)                   0.06       2.58 f
  intadd_0_U2/CO (FA1D0)                   0.05       2.63 f
  U125/ZN (XNR3D0)                         0.09       2.72 r
  U138/ZN (CKND2D0)                        0.04       2.76 f
  U147/ZN (INVD0)                          0.13       2.89 r
  U191/ZN (AOI22D0)                        0.04       2.93 f
  U193/ZN (CKND2D0)                        0.06       2.99 r
  result[2] (out)                          0.00       2.99 r
  data arrival time                                   2.99

  clock vclk (rise edge)                  10.00      10.00
  clock network delay (ideal)              0.00      10.00
  output external delay                   -0.02       9.98
  data required time                                  9.98
  -----------------------------------------------------------
  data required time                                  9.98
  data arrival time                                  -2.99
  -----------------------------------------------------------
  slack (MET)                                         6.99


1
