****************************************
Report : timing
	-path_type full
	-delay_type max
	-nworst 10
	-slack_lesser_than 1000.00000
	-max_paths 10
	-sort_by slack
Design : input_l1_mask_b4
Version: U-2022.12-SP5
Date   : Sat Sep  5 14:53:07 2026
****************************************


  Startpoint: y[22] (input port clocked by vclk)
  Endpoint: result[30] (output port clocked by vclk)
  Path Group: vclk
  Path Type: max

  Point                                                   Incr       Path
  ------------------------------------------------------------------------------
  clock vclk (rise edge)                               0.00000    0.00000
  clock network delay (ideal)                          0.00000    0.00000
  input external delay                                 0.02000    0.02000 r
  y[22] (in)                                           0.00773    0.02773 r
  dut/fp_wrapper/U58/Z (CKBD1)                         0.15276    0.18049 r
  dut/mask_only_plane/mult_42/U102/ZN (CKND0)          0.06518    0.24567 f
  dut/mask_only_plane/mult_42/U131/ZN (OAI22D0)        0.07242    0.31809 r
  dut/mask_only_plane/mult_42/U15/S (FA1D0)            0.12296    0.44105 f
  dut/mask_only_plane/mult_42/U5/CO (FA1D0)            0.08064    0.52169 f
  dut/mask_only_plane/mult_42/U4/CO (FA1D0)            0.05517    0.57686 f
  dut/mask_only_plane/mult_42/U3/S (FA1D0)             0.07667    0.65352 r
  dut/mask_only_plane/U11/CO (FA1D0)                   0.08340    0.73693 r
  dut/mask_only_plane/U9/S (FA1D0)                     0.07029    0.80721 r
  dut/mask_only_plane/U7/CO (FA1D0)                    0.09565    0.90286 r
  dut/mask_only_plane/U10/Z (XOR4D0)                   0.11210    1.01497 r
  dut/mask_only_plane/U5/ZN (XNR3D0)                   0.08636    1.10133 f
  dut/mult_69/U163/ZN (MUX2ND0)                        0.04593    1.14726 r
  dut/mult_69/U28/S (CMPE42D1)                         0.18143    1.32869 f
  dut/mult_69/U8/CO (FA1D0)                            0.07871    1.40740 f
  dut/mult_69/U7/CO (FA1D0)                            0.05524    1.46264 f
  dut/mult_69/U6/CO (FA1D0)                            0.05524    1.51789 f
  dut/mult_69/U5/CO (FA1D0)                            0.05524    1.57313 f
  dut/mult_69/U4/CO (FA1D0)                            0.05524    1.62838 f
  dut/mult_69/U3/CO (FA1D0)                            0.05251    1.68088 f
  dut/mult_69/U155/Z (XOR3D0)                          0.10900    1.78989 r
  dut/mult_69/U154/Z (XOR3D0)                          0.07127    1.86116 f
  dut/U18/ZN (INVD1)                                   0.05401    1.91517 r
  dut/U5/ZN (ND2D1)                                    0.07189    1.98705 f
  dut/U4/ZN (ND2D1)                                    0.09006    2.07711 r
  dut/fp_wrapper/U43/CO (FA1D0)                        0.09913    2.17625 r
  dut/fp_wrapper/U44/CO (FA1D0)                        0.05086    2.22711 r
  dut/fp_wrapper/U45/CO (FA1D0)                        0.05086    2.27797 r
  dut/fp_wrapper/U46/CO (FA1D0)                        0.05086    2.32884 r
  dut/fp_wrapper/U47/CO (FA1D0)                        0.05086    2.37970 r
  dut/fp_wrapper/U48/CO (FA1D0)                        0.05175    2.43145 r
  dut/fp_wrapper/U57/Z (XOR3D1)                        0.07798    2.50943 f
  result[30] (out)                                     0.00000    2.50943 f
  data arrival time                                               2.50943

  clock vclk (rise edge)                              10.00000   10.00000
  clock network delay (ideal)                          0.00000   10.00000
  clock reconvergence pessimism                        0.00000   10.00000
  output external delay                               -0.02000    9.98000
  data required time                                              9.98000
  ------------------------------------------------------------------------------
  data required time                                              9.98000
  data arrival time                                              -2.50943
  ------------------------------------------------------------------------------
  slack (MET)                                                     7.47057


  Startpoint: y[22] (input port clocked by vclk)
  Endpoint: result[30] (output port clocked by vclk)
  Path Group: vclk
  Path Type: max

  Point                                                   Incr       Path
  ------------------------------------------------------------------------------
  clock vclk (rise edge)                               0.00000    0.00000
  clock network delay (ideal)                          0.00000    0.00000
  input external delay                                 0.02000    0.02000 r
  y[22] (in)                                           0.00773    0.02773 r
  dut/fp_wrapper/U58/Z (CKBD1)                         0.15276    0.18049 r
  dut/mask_only_plane/mult_42/U102/ZN (CKND0)          0.06518    0.24567 f
  dut/mask_only_plane/mult_42/U131/ZN (OAI22D0)        0.07242    0.31809 r
  dut/mask_only_plane/mult_42/U15/S (FA1D0)            0.12296    0.44105 f
  dut/mask_only_plane/mult_42/U5/S (FA1D0)             0.10177    0.54282 f
  dut/mask_only_plane/U35/CO (FA1D0)                   0.08053    0.62335 f
  dut/mask_only_plane/U6/CO (FA1D0)                    0.05525    0.67859 f
  dut/mask_only_plane/U11/CO (FA1D0)                   0.05524    0.73384 f
  dut/mask_only_plane/U9/S (FA1D0)                     0.06990    0.80374 r
  dut/mask_only_plane/U7/CO (FA1D0)                    0.09565    0.89938 r
  dut/mask_only_plane/U10/Z (XOR4D0)                   0.11210    1.01149 r
  dut/mask_only_plane/U5/ZN (XNR3D0)                   0.08636    1.09785 f
  dut/mult_69/U163/ZN (MUX2ND0)                        0.04593    1.14378 r
  dut/mult_69/U28/S (CMPE42D1)                         0.18143    1.32521 f
  dut/mult_69/U8/CO (FA1D0)                            0.07871    1.40392 f
  dut/mult_69/U7/CO (FA1D0)                            0.05524    1.45917 f
  dut/mult_69/U6/CO (FA1D0)                            0.05524    1.51441 f
  dut/mult_69/U5/CO (FA1D0)                            0.05524    1.56965 f
  dut/mult_69/U4/CO (FA1D0)                            0.05524    1.62490 f
  dut/mult_69/U3/CO (FA1D0)                            0.05251    1.67741 f
  dut/mult_69/U155/Z (XOR3D0)                          0.10900    1.78641 r
  dut/mult_69/U154/Z (XOR3D0)                          0.07127    1.85768 f
  dut/U18/ZN (INVD1)                                   0.05401    1.91169 r
  dut/U5/ZN (ND2D1)                                    0.07189    1.98358 f
  dut/U4/ZN (ND2D1)                                    0.09006    2.07364 r
  dut/fp_wrapper/U43/CO (FA1D0)                        0.09913    2.17277 r
  dut/fp_wrapper/U44/CO (FA1D0)                        0.05086    2.22363 r
  dut/fp_wrapper/U45/CO (FA1D0)                        0.05086    2.27449 r
  dut/fp_wrapper/U46/CO (FA1D0)                        0.05086    2.32536 r
  dut/fp_wrapper/U47/CO (FA1D0)                        0.05086    2.37622 r
  dut/fp_wrapper/U48/CO (FA1D0)                        0.05175    2.42797 r
  dut/fp_wrapper/U57/Z (XOR3D1)                        0.07798    2.50595 f
  result[30] (out)                                     0.00000    2.50595 f
  data arrival time                                               2.50595

  clock vclk (rise edge)                              10.00000   10.00000
  clock network delay (ideal)                          0.00000   10.00000
  clock reconvergence pessimism                        0.00000   10.00000
  output external delay                               -0.02000    9.98000
  data required time                                              9.98000
  ------------------------------------------------------------------------------
  data required time                                              9.98000
  data arrival time                                              -2.50595
  ------------------------------------------------------------------------------
  slack (MET)                                                     7.47405


  Startpoint: y[22] (input port clocked by vclk)
  Endpoint: result[30] (output port clocked by vclk)
  Path Group: vclk
  Path Type: max

  Point                                                   Incr       Path
  ------------------------------------------------------------------------------
  clock vclk (rise edge)                               0.00000    0.00000
  clock network delay (ideal)                          0.00000    0.00000
  input external delay                                 0.02000    0.02000 r
  y[22] (in)                                           0.00773    0.02773 r
  dut/fp_wrapper/U58/Z (CKBD1)                         0.15276    0.18049 r
  dut/mask_only_plane/mult_42/U102/ZN (CKND0)          0.06518    0.24567 f
  dut/mask_only_plane/mult_42/U131/ZN (OAI22D0)        0.07242    0.31809 r
  dut/mask_only_plane/mult_42/U15/S (FA1D0)            0.12296    0.44105 f
  dut/mask_only_plane/mult_42/U5/CO (FA1D0)            0.08064    0.52169 f
  dut/mask_only_plane/mult_42/U4/S (FA1D0)             0.07660    0.59828 r
  dut/mask_only_plane/U6/CO (FA1D0)                    0.08338    0.68166 r
  dut/mask_only_plane/U11/S (FA1D0)                    0.07029    0.75194 r
  dut/mask_only_plane/U12/CO (FA1D0)                   0.09207    0.84402 r
  dut/mask_only_plane/U7/CO (FA1D0)                    0.05429    0.89831 r
  dut/mask_only_plane/U10/Z (XOR4D0)                   0.11210    1.01042 r
  dut/mask_only_plane/U5/ZN (XNR3D0)                   0.08636    1.09678 f
  dut/mult_69/U163/ZN (MUX2ND0)                        0.04593    1.14271 r
  dut/mult_69/U28/S (CMPE42D1)                         0.18143    1.32414 f
  dut/mult_69/U8/CO (FA1D0)                            0.07871    1.40285 f
  dut/mult_69/U7/CO (FA1D0)                            0.05524    1.45809 f
  dut/mult_69/U6/CO (FA1D0)                            0.05524    1.51334 f
  dut/mult_69/U5/CO (FA1D0)                            0.05524    1.56858 f
  dut/mult_69/U4/CO (FA1D0)                            0.05524    1.62383 f
  dut/mult_69/U3/CO (FA1D0)                            0.05251    1.67634 f
  dut/mult_69/U155/Z (XOR3D0)                          0.10900    1.78534 r
  dut/mult_69/U154/Z (XOR3D0)                          0.07127    1.85661 f
  dut/U18/ZN (INVD1)                                   0.05401    1.91062 r
  dut/U5/ZN (ND2D1)                                    0.07189    1.98250 f
  dut/U4/ZN (ND2D1)                                    0.09006    2.07257 r
  dut/fp_wrapper/U43/CO (FA1D0)                        0.09913    2.17170 r
  dut/fp_wrapper/U44/CO (FA1D0)                        0.05086    2.22256 r
  dut/fp_wrapper/U45/CO (FA1D0)                        0.05086    2.27342 r
  dut/fp_wrapper/U46/CO (FA1D0)                        0.05086    2.32429 r
  dut/fp_wrapper/U47/CO (FA1D0)                        0.05086    2.37515 r
  dut/fp_wrapper/U48/CO (FA1D0)                        0.05175    2.42690 r
  dut/fp_wrapper/U57/Z (XOR3D1)                        0.07798    2.50488 f
  result[30] (out)                                     0.00000    2.50488 f
  data arrival time                                               2.50488

  clock vclk (rise edge)                              10.00000   10.00000
  clock network delay (ideal)                          0.00000   10.00000
  clock reconvergence pessimism                        0.00000   10.00000
  output external delay                               -0.02000    9.98000
  data required time                                              9.98000
  ------------------------------------------------------------------------------
  data required time                                              9.98000
  data arrival time                                              -2.50488
  ------------------------------------------------------------------------------
  slack (MET)                                                     7.47512


  Startpoint: y[22] (input port clocked by vclk)
  Endpoint: result[30] (output port clocked by vclk)
  Path Group: vclk
  Path Type: max

  Point                                                   Incr       Path
  ------------------------------------------------------------------------------
  clock vclk (rise edge)                               0.00000    0.00000
  clock network delay (ideal)                          0.00000    0.00000
  input external delay                                 0.02000    0.02000 r
  y[22] (in)                                           0.00773    0.02773 r
  dut/fp_wrapper/U58/Z (CKBD1)                         0.15276    0.18049 r
  dut/mask_only_plane/mult_42/U102/ZN (CKND0)          0.06518    0.24567 f
  dut/mask_only_plane/mult_42/U131/ZN (OAI22D0)        0.07242    0.31809 r
  dut/mask_only_plane/mult_42/U15/S (FA1D0)            0.12296    0.44105 f
  dut/mask_only_plane/mult_42/U5/CO (FA1D0)            0.08064    0.52169 f
  dut/mask_only_plane/mult_42/U4/S (FA1D0)             0.07660    0.59828 r
  dut/mask_only_plane/U6/CO (FA1D0)                    0.08338    0.68166 r
  dut/mask_only_plane/U11/CO (FA1D0)                   0.05068    0.73234 r
  dut/mask_only_plane/U9/S (FA1D0)                     0.07029    0.80263 r
  dut/mask_only_plane/U7/CO (FA1D0)                    0.09565    0.89828 r
  dut/mask_only_plane/U10/Z (XOR4D0)                   0.11210    1.01038 r
  dut/mask_only_plane/U5/ZN (XNR3D0)                   0.08636    1.09674 f
  dut/mult_69/U163/ZN (MUX2ND0)                        0.04593    1.14268 r
  dut/mult_69/U28/S (CMPE42D1)                         0.18143    1.32410 f
  dut/mult_69/U8/CO (FA1D0)                            0.07871    1.40281 f
  dut/mult_69/U7/CO (FA1D0)                            0.05524    1.45806 f
  dut/mult_69/U6/CO (FA1D0)                            0.05524    1.51330 f
  dut/mult_69/U5/CO (FA1D0)                            0.05524    1.56855 f
  dut/mult_69/U4/CO (FA1D0)                            0.05524    1.62379 f
  dut/mult_69/U3/CO (FA1D0)                            0.05251    1.67630 f
  dut/mult_69/U155/Z (XOR3D0)                          0.10900    1.78530 r
  dut/mult_69/U154/Z (XOR3D0)                          0.07127    1.85658 f
  dut/U18/ZN (INVD1)                                   0.05401    1.91058 r
  dut/U5/ZN (ND2D1)                                    0.07189    1.98247 f
  dut/U4/ZN (ND2D1)                                    0.09006    2.07253 r
  dut/fp_wrapper/U43/CO (FA1D0)                        0.09913    2.17166 r
  dut/fp_wrapper/U44/CO (FA1D0)                        0.05086    2.22252 r
  dut/fp_wrapper/U45/CO (FA1D0)                        0.05086    2.27339 r
  dut/fp_wrapper/U46/CO (FA1D0)                        0.05086    2.32425 r
  dut/fp_wrapper/U47/CO (FA1D0)                        0.05086    2.37511 r
  dut/fp_wrapper/U48/CO (FA1D0)                        0.05175    2.42686 r
  dut/fp_wrapper/U57/Z (XOR3D1)                        0.07798    2.50484 f
  result[30] (out)                                     0.00000    2.50484 f
  data arrival time                                               2.50484

  clock vclk (rise edge)                              10.00000   10.00000
  clock network delay (ideal)                          0.00000   10.00000
  clock reconvergence pessimism                        0.00000   10.00000
  output external delay                               -0.02000    9.98000
  data required time                                              9.98000
  ------------------------------------------------------------------------------
  data required time                                              9.98000
  data arrival time                                              -2.50484
  ------------------------------------------------------------------------------
  slack (MET)                                                     7.47516


  Startpoint: y[22] (input port clocked by vclk)
  Endpoint: result[30] (output port clocked by vclk)
  Path Group: vclk
  Path Type: max

  Point                                                   Incr       Path
  ------------------------------------------------------------------------------
  clock vclk (rise edge)                               0.00000    0.00000
  clock network delay (ideal)                          0.00000    0.00000
  input external delay                                 0.02000    0.02000 r
  y[22] (in)                                           0.00773    0.02773 r
  dut/fp_wrapper/U58/Z (CKBD1)                         0.15276    0.18049 r
  dut/mask_only_plane/mult_42/U102/ZN (CKND0)          0.06518    0.24567 f
  dut/mask_only_plane/mult_42/U131/ZN (OAI22D0)        0.07242    0.31809 r
  dut/mask_only_plane/mult_42/U15/S (FA1D0)            0.12296    0.44105 f
  dut/mask_only_plane/mult_42/U5/CO (FA1D0)            0.08064    0.52169 f
  dut/mask_only_plane/mult_42/U4/CO (FA1D0)            0.05517    0.57686 f
  dut/mask_only_plane/mult_42/U3/CO (FA1D0)            0.05524    0.63210 f
  dut/mask_only_plane/mult_42/U2/S (FA1D0)             0.07667    0.70877 r
  dut/mask_only_plane/U9/S (FA1D0)                     0.09241    0.80118 r
  dut/mask_only_plane/U7/CO (FA1D0)                    0.09565    0.89683 r
  dut/mask_only_plane/U10/Z (XOR4D0)                   0.11210    1.00893 r
  dut/mask_only_plane/U5/ZN (XNR3D0)                   0.08636    1.09529 f
  dut/mult_69/U163/ZN (MUX2ND0)                        0.04593    1.14123 r
  dut/mult_69/U28/S (CMPE42D1)                         0.18143    1.32265 f
  dut/mult_69/U8/CO (FA1D0)                            0.07871    1.40136 f
  dut/mult_69/U7/CO (FA1D0)                            0.05524    1.45661 f
  dut/mult_69/U6/CO (FA1D0)                            0.05524    1.51185 f
  dut/mult_69/U5/CO (FA1D0)                            0.05524    1.56710 f
  dut/mult_69/U4/CO (FA1D0)                            0.05524    1.62234 f
  dut/mult_69/U3/CO (FA1D0)                            0.05251    1.67485 f
  dut/mult_69/U155/Z (XOR3D0)                          0.10900    1.78385 r
  dut/mult_69/U154/Z (XOR3D0)                          0.07127    1.85513 f
  dut/U18/ZN (INVD1)                                   0.05401    1.90913 r
  dut/U5/ZN (ND2D1)                                    0.07189    1.98102 f
  dut/U4/ZN (ND2D1)                                    0.09006    2.07108 r
  dut/fp_wrapper/U43/CO (FA1D0)                        0.09913    2.17021 r
  dut/fp_wrapper/U44/CO (FA1D0)                        0.05086    2.22107 r
  dut/fp_wrapper/U45/CO (FA1D0)                        0.05086    2.27194 r
  dut/fp_wrapper/U46/CO (FA1D0)                        0.05086    2.32280 r
  dut/fp_wrapper/U47/CO (FA1D0)                        0.05086    2.37366 r
  dut/fp_wrapper/U48/CO (FA1D0)                        0.05175    2.42541 r
  dut/fp_wrapper/U57/Z (XOR3D1)                        0.07798    2.50339 f
  result[30] (out)                                     0.00000    2.50339 f
  data arrival time                                               2.50339

  clock vclk (rise edge)                              10.00000   10.00000
  clock network delay (ideal)                          0.00000   10.00000
  clock reconvergence pessimism                        0.00000   10.00000
  output external delay                               -0.02000    9.98000
  data required time                                              9.98000
  ------------------------------------------------------------------------------
  data required time                                              9.98000
  data arrival time                                              -2.50339
  ------------------------------------------------------------------------------
  slack (MET)                                                     7.47661


  Startpoint: y[22] (input port clocked by vclk)
  Endpoint: result[30] (output port clocked by vclk)
  Path Group: vclk
  Path Type: max

  Point                                                   Incr       Path
  ------------------------------------------------------------------------------
  clock vclk (rise edge)                               0.00000    0.00000
  clock network delay (ideal)                          0.00000    0.00000
  input external delay                                 0.02000    0.02000 r
  y[22] (in)                                           0.00773    0.02773 r
  dut/fp_wrapper/U58/Z (CKBD1)                         0.15276    0.18049 r
  dut/mask_only_plane/mult_42/U102/ZN (CKND0)          0.06518    0.24567 f
  dut/mask_only_plane/mult_42/U131/ZN (OAI22D0)        0.07242    0.31809 r
  dut/mask_only_plane/mult_42/U15/S (FA1D0)            0.11769    0.43578 r
  dut/mask_only_plane/mult_42/U5/S (FA1D0)             0.10445    0.54023 f
  dut/mask_only_plane/U35/CO (FA1D0)                   0.08053    0.62076 f
  dut/mask_only_plane/U6/CO (FA1D0)                    0.05525    0.67600 f
  dut/mask_only_plane/U11/CO (FA1D0)                   0.05524    0.73125 f
  dut/mask_only_plane/U9/S (FA1D0)                     0.06990    0.80115 r
  dut/mask_only_plane/U7/CO (FA1D0)                    0.09565    0.89679 r
  dut/mask_only_plane/U10/Z (XOR4D0)                   0.11210    1.00890 r
  dut/mask_only_plane/U5/ZN (XNR3D0)                   0.08636    1.09526 f
  dut/mult_69/U163/ZN (MUX2ND0)                        0.04593    1.14119 r
  dut/mult_69/U28/S (CMPE42D1)                         0.18143    1.32262 f
  dut/mult_69/U8/CO (FA1D0)                            0.07871    1.40133 f
  dut/mult_69/U7/CO (FA1D0)                            0.05524    1.45657 f
  dut/mult_69/U6/CO (FA1D0)                            0.05524    1.51182 f
  dut/mult_69/U5/CO (FA1D0)                            0.05524    1.56706 f
  dut/mult_69/U4/CO (FA1D0)                            0.05524    1.62231 f
  dut/mult_69/U3/CO (FA1D0)                            0.05251    1.67482 f
  dut/mult_69/U155/Z (XOR3D0)                          0.10900    1.78382 r
  dut/mult_69/U154/Z (XOR3D0)                          0.07127    1.85509 f
  dut/U18/ZN (INVD1)                                   0.05401    1.90910 r
  dut/U5/ZN (ND2D1)                                    0.07189    1.98098 f
  dut/U4/ZN (ND2D1)                                    0.09006    2.07105 r
  dut/fp_wrapper/U43/CO (FA1D0)                        0.09913    2.17018 r
  dut/fp_wrapper/U44/CO (FA1D0)                        0.05086    2.22104 r
  dut/fp_wrapper/U45/CO (FA1D0)                        0.05086    2.27190 r
  dut/fp_wrapper/U46/CO (FA1D0)                        0.05086    2.32277 r
  dut/fp_wrapper/U47/CO (FA1D0)                        0.05086    2.37363 r
  dut/fp_wrapper/U48/CO (FA1D0)                        0.05175    2.42538 r
  dut/fp_wrapper/U57/Z (XOR3D1)                        0.07798    2.50336 f
  result[30] (out)                                     0.00000    2.50336 f
  data arrival time                                               2.50336

  clock vclk (rise edge)                              10.00000   10.00000
  clock network delay (ideal)                          0.00000   10.00000
  clock reconvergence pessimism                        0.00000   10.00000
  output external delay                               -0.02000    9.98000
  data required time                                              9.98000
  ------------------------------------------------------------------------------
  data required time                                              9.98000
  data arrival time                                              -2.50336
  ------------------------------------------------------------------------------
  slack (MET)                                                     7.47664


  Startpoint: y[22] (input port clocked by vclk)
  Endpoint: result[30] (output port clocked by vclk)
  Path Group: vclk
  Path Type: max

  Point                                                   Incr       Path
  ------------------------------------------------------------------------------
  clock vclk (rise edge)                               0.00000    0.00000
  clock network delay (ideal)                          0.00000    0.00000
  input external delay                                 0.02000    0.02000 r
  y[22] (in)                                           0.00773    0.02773 r
  dut/fp_wrapper/U58/Z (CKBD1)                         0.15276    0.18049 r
  dut/mask_only_plane/mult_42/U102/ZN (CKND0)          0.06518    0.24567 f
  dut/mask_only_plane/mult_42/U131/ZN (OAI22D0)        0.07242    0.31809 r
  dut/mask_only_plane/mult_42/U15/S (FA1D0)            0.11769    0.43578 r
  dut/mask_only_plane/mult_42/U5/CO (FA1D0)            0.08341    0.51919 r
  dut/mask_only_plane/mult_42/U4/S (FA1D0)             0.07705    0.59624 r
  dut/mask_only_plane/U6/CO (FA1D0)                    0.08338    0.67961 r
  dut/mask_only_plane/U11/S (FA1D0)                    0.07029    0.74990 r
  dut/mask_only_plane/U12/CO (FA1D0)                   0.09207    0.84197 r
  dut/mask_only_plane/U7/CO (FA1D0)                    0.05429    0.89627 r
  dut/mask_only_plane/U10/Z (XOR4D0)                   0.11210    1.00837 r
  dut/mask_only_plane/U5/ZN (XNR3D0)                   0.08636    1.09473 f
  dut/mult_69/U163/ZN (MUX2ND0)                        0.04593    1.14067 r
  dut/mult_69/U28/S (CMPE42D1)                         0.18143    1.32209 f
  dut/mult_69/U8/CO (FA1D0)                            0.07871    1.40080 f
  dut/mult_69/U7/CO (FA1D0)                            0.05524    1.45605 f
  dut/mult_69/U6/CO (FA1D0)                            0.05524    1.51129 f
  dut/mult_69/U5/CO (FA1D0)                            0.05524    1.56654 f
  dut/mult_69/U4/CO (FA1D0)                            0.05524    1.62178 f
  dut/mult_69/U3/CO (FA1D0)                            0.05251    1.67429 f
  dut/mult_69/U155/Z (XOR3D0)                          0.10900    1.78329 r
  dut/mult_69/U154/Z (XOR3D0)                          0.07127    1.85457 f
  dut/U18/ZN (INVD1)                                   0.05401    1.90857 r
  dut/U5/ZN (ND2D1)                                    0.07189    1.98046 f
  dut/U4/ZN (ND2D1)                                    0.09006    2.07052 r
  dut/fp_wrapper/U43/CO (FA1D0)                        0.09913    2.16965 r
  dut/fp_wrapper/U44/CO (FA1D0)                        0.05086    2.22051 r
  dut/fp_wrapper/U45/CO (FA1D0)                        0.05086    2.27138 r
  dut/fp_wrapper/U46/CO (FA1D0)                        0.05086    2.32224 r
  dut/fp_wrapper/U47/CO (FA1D0)                        0.05086    2.37310 r
  dut/fp_wrapper/U48/CO (FA1D0)                        0.05175    2.42485 r
  dut/fp_wrapper/U57/Z (XOR3D1)                        0.07798    2.50283 f
  result[30] (out)                                     0.00000    2.50283 f
  data arrival time                                               2.50283

  clock vclk (rise edge)                              10.00000   10.00000
  clock network delay (ideal)                          0.00000   10.00000
  clock reconvergence pessimism                        0.00000   10.00000
  output external delay                               -0.02000    9.98000
  data required time                                              9.98000
  ------------------------------------------------------------------------------
  data required time                                              9.98000
  data arrival time                                              -2.50283
  ------------------------------------------------------------------------------
  slack (MET)                                                     7.47717


  Startpoint: y[22] (input port clocked by vclk)
  Endpoint: result[30] (output port clocked by vclk)
  Path Group: vclk
  Path Type: max

  Point                                                   Incr       Path
  ------------------------------------------------------------------------------
  clock vclk (rise edge)                               0.00000    0.00000
  clock network delay (ideal)                          0.00000    0.00000
  input external delay                                 0.02000    0.02000 r
  y[22] (in)                                           0.00773    0.02773 r
  dut/fp_wrapper/U58/Z (CKBD1)                         0.15276    0.18049 r
  dut/mask_only_plane/mult_42/U102/ZN (CKND0)          0.06518    0.24567 f
  dut/mask_only_plane/mult_42/U131/ZN (OAI22D0)        0.07242    0.31809 r
  dut/mask_only_plane/mult_42/U15/S (FA1D0)            0.11769    0.43578 r
  dut/mask_only_plane/mult_42/U5/CO (FA1D0)            0.08341    0.51919 r
  dut/mask_only_plane/mult_42/U4/CO (FA1D0)            0.05068    0.56987 r
  dut/mask_only_plane/mult_42/U3/S (FA1D0)             0.07706    0.64692 r
  dut/mask_only_plane/U11/CO (FA1D0)                   0.08340    0.73033 r
  dut/mask_only_plane/U9/S (FA1D0)                     0.07029    0.80061 r
  dut/mask_only_plane/U7/CO (FA1D0)                    0.09565    0.89626 r
  dut/mask_only_plane/U10/Z (XOR4D0)                   0.11210    1.00836 r
  dut/mask_only_plane/U5/ZN (XNR3D0)                   0.08636    1.09473 f
  dut/mult_69/U163/ZN (MUX2ND0)                        0.04593    1.14066 r
  dut/mult_69/U28/S (CMPE42D1)                         0.18143    1.32209 f
  dut/mult_69/U8/CO (FA1D0)                            0.07871    1.40080 f
  dut/mult_69/U7/CO (FA1D0)                            0.05524    1.45604 f
  dut/mult_69/U6/CO (FA1D0)                            0.05524    1.51129 f
  dut/mult_69/U5/CO (FA1D0)                            0.05524    1.56653 f
  dut/mult_69/U4/CO (FA1D0)                            0.05524    1.62177 f
  dut/mult_69/U3/CO (FA1D0)                            0.05251    1.67428 f
  dut/mult_69/U155/Z (XOR3D0)                          0.10900    1.78329 r
  dut/mult_69/U154/Z (XOR3D0)                          0.07127    1.85456 f
  dut/U18/ZN (INVD1)                                   0.05401    1.90857 r
  dut/U5/ZN (ND2D1)                                    0.07189    1.98045 f
  dut/U4/ZN (ND2D1)                                    0.09006    2.07051 r
  dut/fp_wrapper/U43/CO (FA1D0)                        0.09913    2.16964 r
  dut/fp_wrapper/U44/CO (FA1D0)                        0.05086    2.22051 r
  dut/fp_wrapper/U45/CO (FA1D0)                        0.05086    2.27137 r
  dut/fp_wrapper/U46/CO (FA1D0)                        0.05086    2.32223 r
  dut/fp_wrapper/U47/CO (FA1D0)                        0.05086    2.37310 r
  dut/fp_wrapper/U48/CO (FA1D0)                        0.05175    2.42484 r
  dut/fp_wrapper/U57/Z (XOR3D1)                        0.07798    2.50283 f
  result[30] (out)                                     0.00000    2.50283 f
  data arrival time                                               2.50283

  clock vclk (rise edge)                              10.00000   10.00000
  clock network delay (ideal)                          0.00000   10.00000
  clock reconvergence pessimism                        0.00000   10.00000
  output external delay                               -0.02000    9.98000
  data required time                                              9.98000
  ------------------------------------------------------------------------------
  data required time                                              9.98000
  data arrival time                                              -2.50283
  ------------------------------------------------------------------------------
  slack (MET)                                                     7.47717


  Startpoint: y[22] (input port clocked by vclk)
  Endpoint: result[30] (output port clocked by vclk)
  Path Group: vclk
  Path Type: max

  Point                                                   Incr       Path
  ------------------------------------------------------------------------------
  clock vclk (rise edge)                               0.00000    0.00000
  clock network delay (ideal)                          0.00000    0.00000
  input external delay                                 0.02000    0.02000 r
  y[22] (in)                                           0.00773    0.02773 r
  dut/fp_wrapper/U58/Z (CKBD1)                         0.15276    0.18049 r
  dut/mask_only_plane/mult_42/U102/ZN (CKND0)          0.06518    0.24567 f
  dut/mask_only_plane/mult_42/U131/ZN (OAI22D0)        0.07242    0.31809 r
  dut/mask_only_plane/mult_42/U15/S (FA1D0)            0.11769    0.43578 r
  dut/mask_only_plane/mult_42/U5/CO (FA1D0)            0.08341    0.51919 r
  dut/mask_only_plane/mult_42/U4/S (FA1D0)             0.07705    0.59624 r
  dut/mask_only_plane/U6/CO (FA1D0)                    0.08338    0.67961 r
  dut/mask_only_plane/U11/CO (FA1D0)                   0.05068    0.73030 r
  dut/mask_only_plane/U9/S (FA1D0)                     0.07029    0.80058 r
  dut/mask_only_plane/U7/CO (FA1D0)                    0.09565    0.89623 r
  dut/mask_only_plane/U10/Z (XOR4D0)                   0.11210    1.00834 r
  dut/mask_only_plane/U5/ZN (XNR3D0)                   0.08636    1.09470 f
  dut/mult_69/U163/ZN (MUX2ND0)                        0.04593    1.14063 r
  dut/mult_69/U28/S (CMPE42D1)                         0.18143    1.32206 f
  dut/mult_69/U8/CO (FA1D0)                            0.07871    1.40077 f
  dut/mult_69/U7/CO (FA1D0)                            0.05524    1.45601 f
  dut/mult_69/U6/CO (FA1D0)                            0.05524    1.51126 f
  dut/mult_69/U5/CO (FA1D0)                            0.05524    1.56650 f
  dut/mult_69/U4/CO (FA1D0)                            0.05524    1.62175 f
  dut/mult_69/U3/CO (FA1D0)                            0.05251    1.67425 f
  dut/mult_69/U155/Z (XOR3D0)                          0.10900    1.78326 r
  dut/mult_69/U154/Z (XOR3D0)                          0.07127    1.85453 f
  dut/U18/ZN (INVD1)                                   0.05401    1.90854 r
  dut/U5/ZN (ND2D1)                                    0.07189    1.98042 f
  dut/U4/ZN (ND2D1)                                    0.09006    2.07048 r
  dut/fp_wrapper/U43/CO (FA1D0)                        0.09913    2.16962 r
  dut/fp_wrapper/U44/CO (FA1D0)                        0.05086    2.22048 r
  dut/fp_wrapper/U45/CO (FA1D0)                        0.05086    2.27134 r
  dut/fp_wrapper/U46/CO (FA1D0)                        0.05086    2.32221 r
  dut/fp_wrapper/U47/CO (FA1D0)                        0.05086    2.37307 r
  dut/fp_wrapper/U48/CO (FA1D0)                        0.05175    2.42482 r
  dut/fp_wrapper/U57/Z (XOR3D1)                        0.07798    2.50280 f
  result[30] (out)                                     0.00000    2.50280 f
  data arrival time                                               2.50280

  clock vclk (rise edge)                              10.00000   10.00000
  clock network delay (ideal)                          0.00000   10.00000
  clock reconvergence pessimism                        0.00000   10.00000
  output external delay                               -0.02000    9.98000
  data required time                                              9.98000
  ------------------------------------------------------------------------------
  data required time                                              9.98000
  data arrival time                                              -2.50280
  ------------------------------------------------------------------------------
  slack (MET)                                                     7.47720


  Startpoint: y[22] (input port clocked by vclk)
  Endpoint: result[30] (output port clocked by vclk)
  Path Group: vclk
  Path Type: max

  Point                                                   Incr       Path
  ------------------------------------------------------------------------------
  clock vclk (rise edge)                               0.00000    0.00000
  clock network delay (ideal)                          0.00000    0.00000
  input external delay                                 0.02000    0.02000 r
  y[22] (in)                                           0.00773    0.02773 r
  dut/fp_wrapper/U58/Z (CKBD1)                         0.15276    0.18049 r
  dut/mask_only_plane/mult_42/U102/ZN (CKND0)          0.06518    0.24567 f
  dut/mask_only_plane/mult_42/U131/ZN (OAI22D0)        0.07242    0.31809 r
  dut/mask_only_plane/mult_42/U15/S (FA1D0)            0.12296    0.44105 f
  dut/mask_only_plane/mult_42/U5/CO (FA1D0)            0.08064    0.52169 f
  dut/mask_only_plane/mult_42/U4/CO (FA1D0)            0.05517    0.57686 f
  dut/mask_only_plane/mult_42/U3/S (FA1D0)             0.07667    0.65352 r
  dut/mask_only_plane/U11/CO (FA1D0)                   0.08340    0.73693 r
  dut/mask_only_plane/U9/S (FA1D0)                     0.07029    0.80721 r
  dut/mask_only_plane/U7/CO (FA1D0)                    0.09565    0.90286 r
  dut/mask_only_plane/U10/Z (XOR4D0)                   0.11210    1.01497 r
  dut/mask_only_plane/U5/ZN (XNR3D0)                   0.08636    1.10133 f
  dut/mult_69/U163/ZN (MUX2ND0)                        0.04593    1.14726 r
  dut/mult_69/U28/S (CMPE42D1)                         0.18143    1.32869 f
  dut/mult_69/U8/CO (FA1D0)                            0.07871    1.40740 f
  dut/mult_69/U7/CO (FA1D0)                            0.05524    1.46264 f
  dut/mult_69/U6/CO (FA1D0)                            0.05524    1.51789 f
  dut/mult_69/U5/CO (FA1D0)                            0.05524    1.57313 f
  dut/mult_69/U4/CO (FA1D0)                            0.05524    1.62838 f
  dut/mult_69/U3/CO (FA1D0)                            0.05251    1.68088 f
  dut/mult_69/U155/Z (XOR3D0)                          0.10900    1.78989 r
  dut/mult_69/U154/Z (XOR3D0)                          0.07127    1.86116 f
  dut/U18/ZN (INVD1)                                   0.05401    1.91517 r
  dut/U17/ZN (ND2D1)                                   0.06779    1.98296 f
  dut/U4/ZN (ND2D1)                                    0.08635    2.06930 r
  dut/fp_wrapper/U43/CO (FA1D0)                        0.09913    2.16844 r
  dut/fp_wrapper/U44/CO (FA1D0)                        0.05086    2.21930 r
  dut/fp_wrapper/U45/CO (FA1D0)                        0.05086    2.27016 r
  dut/fp_wrapper/U46/CO (FA1D0)                        0.05086    2.32102 r
  dut/fp_wrapper/U47/CO (FA1D0)                        0.05086    2.37189 r
  dut/fp_wrapper/U48/CO (FA1D0)                        0.05175    2.42363 r
  dut/fp_wrapper/U57/Z (XOR3D1)                        0.07798    2.50162 f
  result[30] (out)                                     0.00000    2.50162 f
  data arrival time                                               2.50162

  clock vclk (rise edge)                              10.00000   10.00000
  clock network delay (ideal)                          0.00000   10.00000
  clock reconvergence pessimism                        0.00000   10.00000
  output external delay                               -0.02000    9.98000
  data required time                                              9.98000
  ------------------------------------------------------------------------------
  data required time                                              9.98000
  data arrival time                                              -2.50162
  ------------------------------------------------------------------------------
  slack (MET)                                                     7.47838

Warning: report_timing has satisfied the max_paths criteria. There are 21 further endpoints which have paths of interest with slack less than 1000.00000 that were not considered when generating this report. (UITE-502)

1
