****************************************
Report : qor
Design : oadm_fixed_l0_div_root_opt
Version: U-2022.12-SP5
Date   : Thu Sep  3 02:37:09 2026
****************************************

  Timing Path Group 'vclk' (max_delay/setup)
  ---------------------------------------------
  Levels of Logic:                           32
  Critical Path Length:                    1.99
  Critical Path Slack:                     7.99
  Total Negative Slack:                    0.00
  No. of Violating Paths:                     0
  ---------------------------------------------

  Timing Path Group 'vclk' (min_delay/hold)
  ---------------------------------------------
  Levels of Logic:                            1
  Critical Path Length:                    0.08
  Critical Path Slack:                     0.10
  Total Negative Slack:                    0.00
  No. of Violating Paths:                     0
  ---------------------------------------------

  Area
  ---------------------------------------------
  Net Interconnect area:                   0.00
  Total cell area:                       422.64
  Design Area:                           422.64
  Area Cost:                            -422.64
  ---------------------------------------------


  Cell & Pin Count
  ---------------------------------------------
  Pin Count:                                511
  Hierarchical Cell Count:                    0
  Hierarchical Port Count:                    0
  Leaf Cell Count:                          145
  ---------------------------------------------


  Design Rule Violations
  ---------------------------------------------
  Total No. of Pins in Design:              511
  max_capacitance Count:                      2
  max_capacitance Cost:                    0.00
  Total DRC Cost:                          0.00
  ---------------------------------------------

1
