 
****************************************
Report : timing
        -path full
        -delay max
        -nworst 10
        -max_paths 10
Design : oadm_fixed_l1_mul_root_opt_aggressive
Version: U-2022.12-SP7
Date   : Thu Sep  3 12:57:06 2026
****************************************

Operating Conditions: NCCOM   Library: tcbn65gplustc_ccs
Wire Load Model Mode: segmented

  Startpoint: y[22] (input port clocked by vclk)
  Endpoint: result[30] (output port clocked by vclk)
  Path Group: vclk
  Path Type: max

  Des/Clust/Port     Wire Load Model       Library
  ------------------------------------------------
  fp32_normal_finite_wrapper ZeroWireload  tcbn65gplustc_ccs
  oadm_fixed_l1_mul_root_opt_aggressive ZeroWireload tcbn65gplustc_ccs
  oadm_fixed_mul_root_opt_LEVEL1_RESIDUAL_DROP16 ZeroWireload tcbn65gplustc_ccs
  oadm_fixed_mul_plane_root_opt_LEVEL1_RESIDUAL_DROP16_DW_mult_tc_1 ZeroWireload tcbn65gplustc_ccs
  oadm_fixed_mul_plane_root_opt_LEVEL1_RESIDUAL_DROP16 ZeroWireload tcbn65gplustc_ccs

  Point                                                                                                  Incr       Path
  -------------------------------------------------------------------------------------------------------------------------
  clock vclk (rise edge)                                                                                 0.00       0.00
  clock network delay (ideal)                                                                            0.00       0.00
  input external delay                                                                                   0.02       0.02 r
  y[22] (in)                                                                                             0.01       0.03 r
  impl/y[22] (oadm_fixed_mul_root_opt_LEVEL1_RESIDUAL_DROP16)                                            0.00       0.03 r
  impl/fp_wrapper/y[22] (fp32_normal_finite_wrapper)                                                     0.00       0.03 r
  impl/fp_wrapper/U92/Z (CKBD1)                                                                          0.05       0.08 r
  impl/fp_wrapper/fraction_y[22] (fp32_normal_finite_wrapper)                                            0.00       0.08 r
  impl/plane/y_mantissa[22] (oadm_fixed_mul_plane_root_opt_LEVEL1_RESIDUAL_DROP16)                       0.00       0.08 r
  impl/plane/mult_33/b[3] (oadm_fixed_mul_plane_root_opt_LEVEL1_RESIDUAL_DROP16_DW_mult_tc_1)            0.00       0.08 r
  impl/plane/mult_33/U70/ZN (CKND0)                                                                      0.03       0.11 f
  impl/plane/mult_33/U95/ZN (NR2D0)                                                                      0.06       0.16 r
  impl/plane/mult_33/U89/Z (AO222D0)                                                                     0.08       0.24 r
  impl/plane/mult_33/U88/Z (XOR3D0)                                                                      0.12       0.36 f
  impl/plane/mult_33/U78/Z (AN2D0)                                                                       0.04       0.40 f
  impl/plane/mult_33/U7/CO (FA1D0)                                                                       0.05       0.45 f
  impl/plane/mult_33/U6/CO (FA1D0)                                                                       0.06       0.51 f
  impl/plane/mult_33/U5/CO (FA1D0)                                                                       0.06       0.56 f
  impl/plane/mult_33/U4/S (FA1D0)                                                                        0.08       0.64 r
  impl/plane/mult_33/product[9] (oadm_fixed_mul_plane_root_opt_LEVEL1_RESIDUAL_DROP16_DW_mult_tc_1)      0.00       0.64 r
  impl/plane/U42/CO (FA1D0)                                                                              0.08       0.73 r
  impl/plane/U41/CO (FA1D0)                                                                              0.05       0.78 r
  impl/plane/U28/CO (FA1D0)                                                                              0.05       0.82 r
  impl/plane/U5/ZN (XNR3D0)                                                                              0.11       0.94 r
  impl/plane/U24/Z (XOR3D1)                                                                              0.11       1.05 f
  impl/plane/plane_value[24] (oadm_fixed_mul_plane_root_opt_LEVEL1_RESIDUAL_DROP16)                      0.00       1.05 f
  impl/U6/ZN (NR3D0)                                                                                     0.13       1.17 r
  impl/U3/ZN (INVD1)                                                                                     0.03       1.20 f
  impl/U5/ZN (IND2D1)                                                                                    0.08       1.28 r
  impl/fp_wrapper/exponent_adjust[1] (fp32_normal_finite_wrapper)                                        0.00       1.28 r
  impl/fp_wrapper/U38/CO (FA1D0)                                                                         0.10       1.37 r
  impl/fp_wrapper/U39/CO (FA1D0)                                                                         0.05       1.43 r
  impl/fp_wrapper/U40/CO (FA1D0)                                                                         0.05       1.48 r
  impl/fp_wrapper/U41/CO (FA1D0)                                                                         0.05       1.53 r
  impl/fp_wrapper/U42/CO (FA1D0)                                                                         0.05       1.58 r
  impl/fp_wrapper/U43/CO (FA1D0)                                                                         0.05       1.63 r
  impl/fp_wrapper/U52/Z (XOR3D1)                                                                         0.08       1.71 f
  impl/fp_wrapper/result[30] (fp32_normal_finite_wrapper)                                                0.00       1.71 f
  impl/result[30] (oadm_fixed_mul_root_opt_LEVEL1_RESIDUAL_DROP16)                                       0.00       1.71 f
  result[30] (out)                                                                                       0.00       1.71 f
  data arrival time                                                                                                 1.71

  clock vclk (rise edge)                                                                                10.00      10.00
  clock network delay (ideal)                                                                            0.00      10.00
  output external delay                                                                                 -0.02       9.98
  data required time                                                                                                9.98
  -------------------------------------------------------------------------------------------------------------------------
  data required time                                                                                                9.98
  data arrival time                                                                                                -1.71
  -------------------------------------------------------------------------------------------------------------------------
  slack (MET)                                                                                                       8.27


  Startpoint: y[22] (input port clocked by vclk)
  Endpoint: result[30] (output port clocked by vclk)
  Path Group: vclk
  Path Type: max

  Des/Clust/Port     Wire Load Model       Library
  ------------------------------------------------
  fp32_normal_finite_wrapper ZeroWireload  tcbn65gplustc_ccs
  oadm_fixed_l1_mul_root_opt_aggressive ZeroWireload tcbn65gplustc_ccs
  oadm_fixed_mul_root_opt_LEVEL1_RESIDUAL_DROP16 ZeroWireload tcbn65gplustc_ccs
  oadm_fixed_mul_plane_root_opt_LEVEL1_RESIDUAL_DROP16_DW_mult_tc_1 ZeroWireload tcbn65gplustc_ccs
  oadm_fixed_mul_plane_root_opt_LEVEL1_RESIDUAL_DROP16 ZeroWireload tcbn65gplustc_ccs

  Point                                                                                                  Incr       Path
  -------------------------------------------------------------------------------------------------------------------------
  clock vclk (rise edge)                                                                                 0.00       0.00
  clock network delay (ideal)                                                                            0.00       0.00
  input external delay                                                                                   0.02       0.02 r
  y[22] (in)                                                                                             0.01       0.03 r
  impl/y[22] (oadm_fixed_mul_root_opt_LEVEL1_RESIDUAL_DROP16)                                            0.00       0.03 r
  impl/fp_wrapper/y[22] (fp32_normal_finite_wrapper)                                                     0.00       0.03 r
  impl/fp_wrapper/U92/Z (CKBD1)                                                                          0.05       0.08 r
  impl/fp_wrapper/fraction_y[22] (fp32_normal_finite_wrapper)                                            0.00       0.08 r
  impl/plane/y_mantissa[22] (oadm_fixed_mul_plane_root_opt_LEVEL1_RESIDUAL_DROP16)                       0.00       0.08 r
  impl/plane/mult_33/b[3] (oadm_fixed_mul_plane_root_opt_LEVEL1_RESIDUAL_DROP16_DW_mult_tc_1)            0.00       0.08 r
  impl/plane/mult_33/U70/ZN (CKND0)                                                                      0.03       0.11 f
  impl/plane/mult_33/U95/ZN (NR2D0)                                                                      0.06       0.16 r
  impl/plane/mult_33/U89/Z (AO222D0)                                                                     0.08       0.24 r
  impl/plane/mult_33/U88/Z (XOR3D0)                                                                      0.12       0.36 f
  impl/plane/mult_33/U78/Z (AN2D0)                                                                       0.04       0.40 f
  impl/plane/mult_33/U7/CO (FA1D0)                                                                       0.05       0.45 f
  impl/plane/mult_33/U6/CO (FA1D0)                                                                       0.06       0.51 f
  impl/plane/mult_33/U5/CO (FA1D0)                                                                       0.06       0.56 f
  impl/plane/mult_33/U4/S (FA1D0)                                                                        0.08       0.64 r
  impl/plane/mult_33/product[9] (oadm_fixed_mul_plane_root_opt_LEVEL1_RESIDUAL_DROP16_DW_mult_tc_1)      0.00       0.64 r
  impl/plane/U42/CO (FA1D0)                                                                              0.08       0.73 r
  impl/plane/U41/CO (FA1D0)                                                                              0.05       0.78 r
  impl/plane/U28/CO (FA1D0)                                                                              0.05       0.82 r
  impl/plane/U5/ZN (XNR3D0)                                                                              0.11       0.94 r
  impl/plane/U24/Z (XOR3D1)                                                                              0.11       1.05 f
  impl/plane/plane_value[24] (oadm_fixed_mul_plane_root_opt_LEVEL1_RESIDUAL_DROP16)                      0.00       1.05 f
  impl/U6/ZN (NR3D0)                                                                                     0.13       1.17 r
  impl/U3/ZN (INVD1)                                                                                     0.03       1.20 f
  impl/U5/ZN (IND2D1)                                                                                    0.08       1.28 r
  impl/fp_wrapper/exponent_adjust[1] (fp32_normal_finite_wrapper)                                        0.00       1.28 r
  impl/fp_wrapper/U38/CO (FA1D0)                                                                         0.10       1.37 r
  impl/fp_wrapper/U39/CO (FA1D0)                                                                         0.05       1.43 r
  impl/fp_wrapper/U40/CO (FA1D0)                                                                         0.05       1.48 r
  impl/fp_wrapper/U41/CO (FA1D0)                                                                         0.05       1.53 r
  impl/fp_wrapper/U42/CO (FA1D0)                                                                         0.05       1.58 r
  impl/fp_wrapper/U43/CO (FA1D0)                                                                         0.05       1.63 r
  impl/fp_wrapper/U52/Z (XOR3D1)                                                                         0.08       1.71 f
  impl/fp_wrapper/result[30] (fp32_normal_finite_wrapper)                                                0.00       1.71 f
  impl/result[30] (oadm_fixed_mul_root_opt_LEVEL1_RESIDUAL_DROP16)                                       0.00       1.71 f
  result[30] (out)                                                                                       0.00       1.71 f
  data arrival time                                                                                                 1.71

  clock vclk (rise edge)                                                                                10.00      10.00
  clock network delay (ideal)                                                                            0.00      10.00
  output external delay                                                                                 -0.02       9.98
  data required time                                                                                                9.98
  -------------------------------------------------------------------------------------------------------------------------
  data required time                                                                                                9.98
  data arrival time                                                                                                -1.71
  -------------------------------------------------------------------------------------------------------------------------
  slack (MET)                                                                                                       8.27


  Startpoint: y[22] (input port clocked by vclk)
  Endpoint: result[30] (output port clocked by vclk)
  Path Group: vclk
  Path Type: max

  Des/Clust/Port     Wire Load Model       Library
  ------------------------------------------------
  fp32_normal_finite_wrapper ZeroWireload  tcbn65gplustc_ccs
  oadm_fixed_l1_mul_root_opt_aggressive ZeroWireload tcbn65gplustc_ccs
  oadm_fixed_mul_root_opt_LEVEL1_RESIDUAL_DROP16 ZeroWireload tcbn65gplustc_ccs
  oadm_fixed_mul_plane_root_opt_LEVEL1_RESIDUAL_DROP16_DW_mult_tc_1 ZeroWireload tcbn65gplustc_ccs
  oadm_fixed_mul_plane_root_opt_LEVEL1_RESIDUAL_DROP16 ZeroWireload tcbn65gplustc_ccs

  Point                                                                                                  Incr       Path
  -------------------------------------------------------------------------------------------------------------------------
  clock vclk (rise edge)                                                                                 0.00       0.00
  clock network delay (ideal)                                                                            0.00       0.00
  input external delay                                                                                   0.02       0.02 r
  y[22] (in)                                                                                             0.01       0.03 r
  impl/y[22] (oadm_fixed_mul_root_opt_LEVEL1_RESIDUAL_DROP16)                                            0.00       0.03 r
  impl/fp_wrapper/y[22] (fp32_normal_finite_wrapper)                                                     0.00       0.03 r
  impl/fp_wrapper/U92/Z (CKBD1)                                                                          0.05       0.08 r
  impl/fp_wrapper/fraction_y[22] (fp32_normal_finite_wrapper)                                            0.00       0.08 r
  impl/plane/y_mantissa[22] (oadm_fixed_mul_plane_root_opt_LEVEL1_RESIDUAL_DROP16)                       0.00       0.08 r
  impl/plane/mult_33/b[3] (oadm_fixed_mul_plane_root_opt_LEVEL1_RESIDUAL_DROP16_DW_mult_tc_1)            0.00       0.08 r
  impl/plane/mult_33/U70/ZN (CKND0)                                                                      0.03       0.11 f
  impl/plane/mult_33/U95/ZN (NR2D0)                                                                      0.06       0.16 r
  impl/plane/mult_33/U89/Z (AO222D0)                                                                     0.08       0.24 r
  impl/plane/mult_33/U88/Z (XOR3D0)                                                                      0.12       0.36 f
  impl/plane/mult_33/U78/Z (AN2D0)                                                                       0.04       0.40 f
  impl/plane/mult_33/U7/CO (FA1D0)                                                                       0.05       0.45 f
  impl/plane/mult_33/U6/CO (FA1D0)                                                                       0.06       0.51 f
  impl/plane/mult_33/U5/CO (FA1D0)                                                                       0.06       0.56 f
  impl/plane/mult_33/U4/S (FA1D0)                                                                        0.08       0.64 r
  impl/plane/mult_33/product[9] (oadm_fixed_mul_plane_root_opt_LEVEL1_RESIDUAL_DROP16_DW_mult_tc_1)      0.00       0.64 r
  impl/plane/U42/CO (FA1D0)                                                                              0.08       0.73 r
  impl/plane/U41/CO (FA1D0)                                                                              0.05       0.78 r
  impl/plane/U28/CO (FA1D0)                                                                              0.05       0.82 r
  impl/plane/U5/ZN (XNR3D0)                                                                              0.11       0.94 r
  impl/plane/U24/Z (XOR3D1)                                                                              0.11       1.05 f
  impl/plane/plane_value[24] (oadm_fixed_mul_plane_root_opt_LEVEL1_RESIDUAL_DROP16)                      0.00       1.05 f
  impl/U6/ZN (NR3D0)                                                                                     0.13       1.17 r
  impl/U3/ZN (INVD1)                                                                                     0.03       1.20 f
  impl/U5/ZN (IND2D1)                                                                                    0.08       1.28 r
  impl/fp_wrapper/exponent_adjust[1] (fp32_normal_finite_wrapper)                                        0.00       1.28 r
  impl/fp_wrapper/U38/CO (FA1D0)                                                                         0.10       1.37 r
  impl/fp_wrapper/U39/CO (FA1D0)                                                                         0.05       1.43 r
  impl/fp_wrapper/U40/CO (FA1D0)                                                                         0.05       1.48 r
  impl/fp_wrapper/U41/CO (FA1D0)                                                                         0.05       1.53 r
  impl/fp_wrapper/U42/CO (FA1D0)                                                                         0.05       1.58 r
  impl/fp_wrapper/U43/CO (FA1D0)                                                                         0.05       1.63 r
  impl/fp_wrapper/U52/Z (XOR3D1)                                                                         0.08       1.71 f
  impl/fp_wrapper/result[30] (fp32_normal_finite_wrapper)                                                0.00       1.71 f
  impl/result[30] (oadm_fixed_mul_root_opt_LEVEL1_RESIDUAL_DROP16)                                       0.00       1.71 f
  result[30] (out)                                                                                       0.00       1.71 f
  data arrival time                                                                                                 1.71

  clock vclk (rise edge)                                                                                10.00      10.00
  clock network delay (ideal)                                                                            0.00      10.00
  output external delay                                                                                 -0.02       9.98
  data required time                                                                                                9.98
  -------------------------------------------------------------------------------------------------------------------------
  data required time                                                                                                9.98
  data arrival time                                                                                                -1.71
  -------------------------------------------------------------------------------------------------------------------------
  slack (MET)                                                                                                       8.27


  Startpoint: y[22] (input port clocked by vclk)
  Endpoint: result[30] (output port clocked by vclk)
  Path Group: vclk
  Path Type: max

  Des/Clust/Port     Wire Load Model       Library
  ------------------------------------------------
  fp32_normal_finite_wrapper ZeroWireload  tcbn65gplustc_ccs
  oadm_fixed_l1_mul_root_opt_aggressive ZeroWireload tcbn65gplustc_ccs
  oadm_fixed_mul_root_opt_LEVEL1_RESIDUAL_DROP16 ZeroWireload tcbn65gplustc_ccs
  oadm_fixed_mul_plane_root_opt_LEVEL1_RESIDUAL_DROP16_DW_mult_tc_1 ZeroWireload tcbn65gplustc_ccs
  oadm_fixed_mul_plane_root_opt_LEVEL1_RESIDUAL_DROP16 ZeroWireload tcbn65gplustc_ccs

  Point                                                                                                  Incr       Path
  -------------------------------------------------------------------------------------------------------------------------
  clock vclk (rise edge)                                                                                 0.00       0.00
  clock network delay (ideal)                                                                            0.00       0.00
  input external delay                                                                                   0.02       0.02 r
  y[22] (in)                                                                                             0.01       0.03 r
  impl/y[22] (oadm_fixed_mul_root_opt_LEVEL1_RESIDUAL_DROP16)                                            0.00       0.03 r
  impl/fp_wrapper/y[22] (fp32_normal_finite_wrapper)                                                     0.00       0.03 r
  impl/fp_wrapper/U92/Z (CKBD1)                                                                          0.05       0.08 r
  impl/fp_wrapper/fraction_y[22] (fp32_normal_finite_wrapper)                                            0.00       0.08 r
  impl/plane/y_mantissa[22] (oadm_fixed_mul_plane_root_opt_LEVEL1_RESIDUAL_DROP16)                       0.00       0.08 r
  impl/plane/mult_33/b[3] (oadm_fixed_mul_plane_root_opt_LEVEL1_RESIDUAL_DROP16_DW_mult_tc_1)            0.00       0.08 r
  impl/plane/mult_33/U70/ZN (CKND0)                                                                      0.03       0.11 f
  impl/plane/mult_33/U95/ZN (NR2D0)                                                                      0.06       0.16 r
  impl/plane/mult_33/U89/Z (AO222D0)                                                                     0.08       0.24 r
  impl/plane/mult_33/U88/Z (XOR3D0)                                                                      0.12       0.36 f
  impl/plane/mult_33/U78/Z (AN2D0)                                                                       0.04       0.40 f
  impl/plane/mult_33/U7/CO (FA1D0)                                                                       0.05       0.45 f
  impl/plane/mult_33/U6/CO (FA1D0)                                                                       0.06       0.51 f
  impl/plane/mult_33/U5/CO (FA1D0)                                                                       0.06       0.56 f
  impl/plane/mult_33/U4/S (FA1D0)                                                                        0.08       0.64 r
  impl/plane/mult_33/product[9] (oadm_fixed_mul_plane_root_opt_LEVEL1_RESIDUAL_DROP16_DW_mult_tc_1)      0.00       0.64 r
  impl/plane/U42/CO (FA1D0)                                                                              0.08       0.73 r
  impl/plane/U41/CO (FA1D0)                                                                              0.05       0.78 r
  impl/plane/U28/CO (FA1D0)                                                                              0.05       0.82 r
  impl/plane/U5/ZN (XNR3D0)                                                                              0.11       0.94 r
  impl/plane/U24/Z (XOR3D1)                                                                              0.11       1.05 f
  impl/plane/plane_value[24] (oadm_fixed_mul_plane_root_opt_LEVEL1_RESIDUAL_DROP16)                      0.00       1.05 f
  impl/U6/ZN (NR3D0)                                                                                     0.13       1.17 r
  impl/U3/ZN (INVD1)                                                                                     0.03       1.20 f
  impl/U5/ZN (IND2D1)                                                                                    0.08       1.28 r
  impl/fp_wrapper/exponent_adjust[1] (fp32_normal_finite_wrapper)                                        0.00       1.28 r
  impl/fp_wrapper/U38/CO (FA1D0)                                                                         0.10       1.37 r
  impl/fp_wrapper/U39/CO (FA1D0)                                                                         0.05       1.43 r
  impl/fp_wrapper/U40/CO (FA1D0)                                                                         0.05       1.48 r
  impl/fp_wrapper/U41/CO (FA1D0)                                                                         0.05       1.53 r
  impl/fp_wrapper/U42/CO (FA1D0)                                                                         0.05       1.58 r
  impl/fp_wrapper/U43/CO (FA1D0)                                                                         0.05       1.63 r
  impl/fp_wrapper/U52/Z (XOR3D1)                                                                         0.08       1.71 f
  impl/fp_wrapper/result[30] (fp32_normal_finite_wrapper)                                                0.00       1.71 f
  impl/result[30] (oadm_fixed_mul_root_opt_LEVEL1_RESIDUAL_DROP16)                                       0.00       1.71 f
  result[30] (out)                                                                                       0.00       1.71 f
  data arrival time                                                                                                 1.71

  clock vclk (rise edge)                                                                                10.00      10.00
  clock network delay (ideal)                                                                            0.00      10.00
  output external delay                                                                                 -0.02       9.98
  data required time                                                                                                9.98
  -------------------------------------------------------------------------------------------------------------------------
  data required time                                                                                                9.98
  data arrival time                                                                                                -1.71
  -------------------------------------------------------------------------------------------------------------------------
  slack (MET)                                                                                                       8.27


  Startpoint: y[22] (input port clocked by vclk)
  Endpoint: result[30] (output port clocked by vclk)
  Path Group: vclk
  Path Type: max

  Des/Clust/Port     Wire Load Model       Library
  ------------------------------------------------
  fp32_normal_finite_wrapper ZeroWireload  tcbn65gplustc_ccs
  oadm_fixed_l1_mul_root_opt_aggressive ZeroWireload tcbn65gplustc_ccs
  oadm_fixed_mul_root_opt_LEVEL1_RESIDUAL_DROP16 ZeroWireload tcbn65gplustc_ccs
  oadm_fixed_mul_plane_root_opt_LEVEL1_RESIDUAL_DROP16_DW_mult_tc_1 ZeroWireload tcbn65gplustc_ccs
  oadm_fixed_mul_plane_root_opt_LEVEL1_RESIDUAL_DROP16 ZeroWireload tcbn65gplustc_ccs

  Point                                                                                                  Incr       Path
  -------------------------------------------------------------------------------------------------------------------------
  clock vclk (rise edge)                                                                                 0.00       0.00
  clock network delay (ideal)                                                                            0.00       0.00
  input external delay                                                                                   0.02       0.02 r
  y[22] (in)                                                                                             0.01       0.03 r
  impl/y[22] (oadm_fixed_mul_root_opt_LEVEL1_RESIDUAL_DROP16)                                            0.00       0.03 r
  impl/fp_wrapper/y[22] (fp32_normal_finite_wrapper)                                                     0.00       0.03 r
  impl/fp_wrapper/U92/Z (CKBD1)                                                                          0.05       0.08 r
  impl/fp_wrapper/fraction_y[22] (fp32_normal_finite_wrapper)                                            0.00       0.08 r
  impl/plane/y_mantissa[22] (oadm_fixed_mul_plane_root_opt_LEVEL1_RESIDUAL_DROP16)                       0.00       0.08 r
  impl/plane/mult_33/b[3] (oadm_fixed_mul_plane_root_opt_LEVEL1_RESIDUAL_DROP16_DW_mult_tc_1)            0.00       0.08 r
  impl/plane/mult_33/U70/ZN (CKND0)                                                                      0.03       0.11 f
  impl/plane/mult_33/U95/ZN (NR2D0)                                                                      0.06       0.16 r
  impl/plane/mult_33/U89/Z (AO222D0)                                                                     0.08       0.24 r
  impl/plane/mult_33/U88/Z (XOR3D0)                                                                      0.12       0.36 f
  impl/plane/mult_33/U78/Z (AN2D0)                                                                       0.04       0.40 f
  impl/plane/mult_33/U7/CO (FA1D0)                                                                       0.05       0.45 f
  impl/plane/mult_33/U6/CO (FA1D0)                                                                       0.06       0.51 f
  impl/plane/mult_33/U5/CO (FA1D0)                                                                       0.06       0.56 f
  impl/plane/mult_33/U4/S (FA1D0)                                                                        0.08       0.64 r
  impl/plane/mult_33/product[9] (oadm_fixed_mul_plane_root_opt_LEVEL1_RESIDUAL_DROP16_DW_mult_tc_1)      0.00       0.64 r
  impl/plane/U42/CO (FA1D0)                                                                              0.08       0.73 r
  impl/plane/U41/CO (FA1D0)                                                                              0.05       0.78 r
  impl/plane/U28/CO (FA1D0)                                                                              0.05       0.82 r
  impl/plane/U5/ZN (XNR3D0)                                                                              0.11       0.94 r
  impl/plane/U24/Z (XOR3D1)                                                                              0.11       1.05 f
  impl/plane/plane_value[24] (oadm_fixed_mul_plane_root_opt_LEVEL1_RESIDUAL_DROP16)                      0.00       1.05 f
  impl/U6/ZN (NR3D0)                                                                                     0.13       1.17 r
  impl/U3/ZN (INVD1)                                                                                     0.03       1.20 f
  impl/U5/ZN (IND2D1)                                                                                    0.08       1.28 r
  impl/fp_wrapper/exponent_adjust[1] (fp32_normal_finite_wrapper)                                        0.00       1.28 r
  impl/fp_wrapper/U38/CO (FA1D0)                                                                         0.10       1.37 r
  impl/fp_wrapper/U39/CO (FA1D0)                                                                         0.05       1.43 r
  impl/fp_wrapper/U40/CO (FA1D0)                                                                         0.05       1.48 r
  impl/fp_wrapper/U41/CO (FA1D0)                                                                         0.05       1.53 r
  impl/fp_wrapper/U42/CO (FA1D0)                                                                         0.05       1.58 r
  impl/fp_wrapper/U43/CO (FA1D0)                                                                         0.05       1.63 r
  impl/fp_wrapper/U52/Z (XOR3D1)                                                                         0.08       1.71 f
  impl/fp_wrapper/result[30] (fp32_normal_finite_wrapper)                                                0.00       1.71 f
  impl/result[30] (oadm_fixed_mul_root_opt_LEVEL1_RESIDUAL_DROP16)                                       0.00       1.71 f
  result[30] (out)                                                                                       0.00       1.71 f
  data arrival time                                                                                                 1.71

  clock vclk (rise edge)                                                                                10.00      10.00
  clock network delay (ideal)                                                                            0.00      10.00
  output external delay                                                                                 -0.02       9.98
  data required time                                                                                                9.98
  -------------------------------------------------------------------------------------------------------------------------
  data required time                                                                                                9.98
  data arrival time                                                                                                -1.71
  -------------------------------------------------------------------------------------------------------------------------
  slack (MET)                                                                                                       8.27


  Startpoint: y[22] (input port clocked by vclk)
  Endpoint: result[30] (output port clocked by vclk)
  Path Group: vclk
  Path Type: max

  Des/Clust/Port     Wire Load Model       Library
  ------------------------------------------------
  fp32_normal_finite_wrapper ZeroWireload  tcbn65gplustc_ccs
  oadm_fixed_l1_mul_root_opt_aggressive ZeroWireload tcbn65gplustc_ccs
  oadm_fixed_mul_root_opt_LEVEL1_RESIDUAL_DROP16 ZeroWireload tcbn65gplustc_ccs
  oadm_fixed_mul_plane_root_opt_LEVEL1_RESIDUAL_DROP16_DW_mult_tc_1 ZeroWireload tcbn65gplustc_ccs
  oadm_fixed_mul_plane_root_opt_LEVEL1_RESIDUAL_DROP16 ZeroWireload tcbn65gplustc_ccs

  Point                                                                                                  Incr       Path
  -------------------------------------------------------------------------------------------------------------------------
  clock vclk (rise edge)                                                                                 0.00       0.00
  clock network delay (ideal)                                                                            0.00       0.00
  input external delay                                                                                   0.02       0.02 r
  y[22] (in)                                                                                             0.01       0.03 r
  impl/y[22] (oadm_fixed_mul_root_opt_LEVEL1_RESIDUAL_DROP16)                                            0.00       0.03 r
  impl/fp_wrapper/y[22] (fp32_normal_finite_wrapper)                                                     0.00       0.03 r
  impl/fp_wrapper/U92/Z (CKBD1)                                                                          0.05       0.08 r
  impl/fp_wrapper/fraction_y[22] (fp32_normal_finite_wrapper)                                            0.00       0.08 r
  impl/plane/y_mantissa[22] (oadm_fixed_mul_plane_root_opt_LEVEL1_RESIDUAL_DROP16)                       0.00       0.08 r
  impl/plane/mult_33/b[3] (oadm_fixed_mul_plane_root_opt_LEVEL1_RESIDUAL_DROP16_DW_mult_tc_1)            0.00       0.08 r
  impl/plane/mult_33/U70/ZN (CKND0)                                                                      0.03       0.11 f
  impl/plane/mult_33/U95/ZN (NR2D0)                                                                      0.06       0.16 r
  impl/plane/mult_33/U89/Z (AO222D0)                                                                     0.08       0.24 r
  impl/plane/mult_33/U88/Z (XOR3D0)                                                                      0.12       0.36 f
  impl/plane/mult_33/U78/Z (AN2D0)                                                                       0.04       0.40 f
  impl/plane/mult_33/U7/CO (FA1D0)                                                                       0.05       0.45 f
  impl/plane/mult_33/U6/CO (FA1D0)                                                                       0.06       0.51 f
  impl/plane/mult_33/U5/CO (FA1D0)                                                                       0.06       0.56 f
  impl/plane/mult_33/U4/S (FA1D0)                                                                        0.08       0.64 r
  impl/plane/mult_33/product[9] (oadm_fixed_mul_plane_root_opt_LEVEL1_RESIDUAL_DROP16_DW_mult_tc_1)      0.00       0.64 r
  impl/plane/U42/CO (FA1D0)                                                                              0.08       0.73 r
  impl/plane/U41/CO (FA1D0)                                                                              0.05       0.78 r
  impl/plane/U28/CO (FA1D0)                                                                              0.05       0.82 r
  impl/plane/U5/ZN (XNR3D0)                                                                              0.11       0.94 r
  impl/plane/U24/Z (XOR3D1)                                                                              0.11       1.05 f
  impl/plane/plane_value[24] (oadm_fixed_mul_plane_root_opt_LEVEL1_RESIDUAL_DROP16)                      0.00       1.05 f
  impl/U6/ZN (NR3D0)                                                                                     0.13       1.17 r
  impl/U3/ZN (INVD1)                                                                                     0.03       1.20 f
  impl/U5/ZN (IND2D1)                                                                                    0.08       1.28 r
  impl/fp_wrapper/exponent_adjust[1] (fp32_normal_finite_wrapper)                                        0.00       1.28 r
  impl/fp_wrapper/U38/CO (FA1D0)                                                                         0.10       1.37 r
  impl/fp_wrapper/U39/CO (FA1D0)                                                                         0.05       1.43 r
  impl/fp_wrapper/U40/CO (FA1D0)                                                                         0.05       1.48 r
  impl/fp_wrapper/U41/CO (FA1D0)                                                                         0.05       1.53 r
  impl/fp_wrapper/U42/CO (FA1D0)                                                                         0.05       1.58 r
  impl/fp_wrapper/U43/CO (FA1D0)                                                                         0.05       1.63 r
  impl/fp_wrapper/U52/Z (XOR3D1)                                                                         0.08       1.71 f
  impl/fp_wrapper/result[30] (fp32_normal_finite_wrapper)                                                0.00       1.71 f
  impl/result[30] (oadm_fixed_mul_root_opt_LEVEL1_RESIDUAL_DROP16)                                       0.00       1.71 f
  result[30] (out)                                                                                       0.00       1.71 f
  data arrival time                                                                                                 1.71

  clock vclk (rise edge)                                                                                10.00      10.00
  clock network delay (ideal)                                                                            0.00      10.00
  output external delay                                                                                 -0.02       9.98
  data required time                                                                                                9.98
  -------------------------------------------------------------------------------------------------------------------------
  data required time                                                                                                9.98
  data arrival time                                                                                                -1.71
  -------------------------------------------------------------------------------------------------------------------------
  slack (MET)                                                                                                       8.27


  Startpoint: y[22] (input port clocked by vclk)
  Endpoint: result[30] (output port clocked by vclk)
  Path Group: vclk
  Path Type: max

  Des/Clust/Port     Wire Load Model       Library
  ------------------------------------------------
  fp32_normal_finite_wrapper ZeroWireload  tcbn65gplustc_ccs
  oadm_fixed_l1_mul_root_opt_aggressive ZeroWireload tcbn65gplustc_ccs
  oadm_fixed_mul_root_opt_LEVEL1_RESIDUAL_DROP16 ZeroWireload tcbn65gplustc_ccs
  oadm_fixed_mul_plane_root_opt_LEVEL1_RESIDUAL_DROP16_DW_mult_tc_1 ZeroWireload tcbn65gplustc_ccs
  oadm_fixed_mul_plane_root_opt_LEVEL1_RESIDUAL_DROP16 ZeroWireload tcbn65gplustc_ccs

  Point                                                                                                  Incr       Path
  -------------------------------------------------------------------------------------------------------------------------
  clock vclk (rise edge)                                                                                 0.00       0.00
  clock network delay (ideal)                                                                            0.00       0.00
  input external delay                                                                                   0.02       0.02 r
  y[22] (in)                                                                                             0.01       0.03 r
  impl/y[22] (oadm_fixed_mul_root_opt_LEVEL1_RESIDUAL_DROP16)                                            0.00       0.03 r
  impl/fp_wrapper/y[22] (fp32_normal_finite_wrapper)                                                     0.00       0.03 r
  impl/fp_wrapper/U92/Z (CKBD1)                                                                          0.05       0.08 r
  impl/fp_wrapper/fraction_y[22] (fp32_normal_finite_wrapper)                                            0.00       0.08 r
  impl/plane/y_mantissa[22] (oadm_fixed_mul_plane_root_opt_LEVEL1_RESIDUAL_DROP16)                       0.00       0.08 r
  impl/plane/mult_33/b[3] (oadm_fixed_mul_plane_root_opt_LEVEL1_RESIDUAL_DROP16_DW_mult_tc_1)            0.00       0.08 r
  impl/plane/mult_33/U70/ZN (CKND0)                                                                      0.03       0.11 f
  impl/plane/mult_33/U95/ZN (NR2D0)                                                                      0.06       0.16 r
  impl/plane/mult_33/U89/Z (AO222D0)                                                                     0.08       0.24 r
  impl/plane/mult_33/U88/Z (XOR3D0)                                                                      0.12       0.36 f
  impl/plane/mult_33/U78/Z (AN2D0)                                                                       0.04       0.40 f
  impl/plane/mult_33/U7/CO (FA1D0)                                                                       0.05       0.45 f
  impl/plane/mult_33/U6/CO (FA1D0)                                                                       0.06       0.51 f
  impl/plane/mult_33/U5/CO (FA1D0)                                                                       0.06       0.56 f
  impl/plane/mult_33/U4/S (FA1D0)                                                                        0.08       0.64 r
  impl/plane/mult_33/product[9] (oadm_fixed_mul_plane_root_opt_LEVEL1_RESIDUAL_DROP16_DW_mult_tc_1)      0.00       0.64 r
  impl/plane/U42/CO (FA1D0)                                                                              0.08       0.73 r
  impl/plane/U41/CO (FA1D0)                                                                              0.05       0.78 r
  impl/plane/U28/CO (FA1D0)                                                                              0.05       0.82 r
  impl/plane/U5/ZN (XNR3D0)                                                                              0.11       0.94 r
  impl/plane/U24/Z (XOR3D1)                                                                              0.11       1.05 f
  impl/plane/plane_value[24] (oadm_fixed_mul_plane_root_opt_LEVEL1_RESIDUAL_DROP16)                      0.00       1.05 f
  impl/U6/ZN (NR3D0)                                                                                     0.13       1.17 r
  impl/U3/ZN (INVD1)                                                                                     0.03       1.20 f
  impl/U5/ZN (IND2D1)                                                                                    0.08       1.28 r
  impl/fp_wrapper/exponent_adjust[1] (fp32_normal_finite_wrapper)                                        0.00       1.28 r
  impl/fp_wrapper/U38/CO (FA1D0)                                                                         0.10       1.37 r
  impl/fp_wrapper/U39/CO (FA1D0)                                                                         0.05       1.43 r
  impl/fp_wrapper/U40/CO (FA1D0)                                                                         0.05       1.48 r
  impl/fp_wrapper/U41/CO (FA1D0)                                                                         0.05       1.53 r
  impl/fp_wrapper/U42/CO (FA1D0)                                                                         0.05       1.58 r
  impl/fp_wrapper/U43/CO (FA1D0)                                                                         0.05       1.63 r
  impl/fp_wrapper/U52/Z (XOR3D1)                                                                         0.08       1.71 f
  impl/fp_wrapper/result[30] (fp32_normal_finite_wrapper)                                                0.00       1.71 f
  impl/result[30] (oadm_fixed_mul_root_opt_LEVEL1_RESIDUAL_DROP16)                                       0.00       1.71 f
  result[30] (out)                                                                                       0.00       1.71 f
  data arrival time                                                                                                 1.71

  clock vclk (rise edge)                                                                                10.00      10.00
  clock network delay (ideal)                                                                            0.00      10.00
  output external delay                                                                                 -0.02       9.98
  data required time                                                                                                9.98
  -------------------------------------------------------------------------------------------------------------------------
  data required time                                                                                                9.98
  data arrival time                                                                                                -1.71
  -------------------------------------------------------------------------------------------------------------------------
  slack (MET)                                                                                                       8.27


  Startpoint: y[22] (input port clocked by vclk)
  Endpoint: result[30] (output port clocked by vclk)
  Path Group: vclk
  Path Type: max

  Des/Clust/Port     Wire Load Model       Library
  ------------------------------------------------
  fp32_normal_finite_wrapper ZeroWireload  tcbn65gplustc_ccs
  oadm_fixed_l1_mul_root_opt_aggressive ZeroWireload tcbn65gplustc_ccs
  oadm_fixed_mul_root_opt_LEVEL1_RESIDUAL_DROP16 ZeroWireload tcbn65gplustc_ccs
  oadm_fixed_mul_plane_root_opt_LEVEL1_RESIDUAL_DROP16_DW_mult_tc_1 ZeroWireload tcbn65gplustc_ccs
  oadm_fixed_mul_plane_root_opt_LEVEL1_RESIDUAL_DROP16 ZeroWireload tcbn65gplustc_ccs

  Point                                                                                                  Incr       Path
  -------------------------------------------------------------------------------------------------------------------------
  clock vclk (rise edge)                                                                                 0.00       0.00
  clock network delay (ideal)                                                                            0.00       0.00
  input external delay                                                                                   0.02       0.02 r
  y[22] (in)                                                                                             0.01       0.03 r
  impl/y[22] (oadm_fixed_mul_root_opt_LEVEL1_RESIDUAL_DROP16)                                            0.00       0.03 r
  impl/fp_wrapper/y[22] (fp32_normal_finite_wrapper)                                                     0.00       0.03 r
  impl/fp_wrapper/U92/Z (CKBD1)                                                                          0.05       0.08 r
  impl/fp_wrapper/fraction_y[22] (fp32_normal_finite_wrapper)                                            0.00       0.08 r
  impl/plane/y_mantissa[22] (oadm_fixed_mul_plane_root_opt_LEVEL1_RESIDUAL_DROP16)                       0.00       0.08 r
  impl/plane/mult_33/b[3] (oadm_fixed_mul_plane_root_opt_LEVEL1_RESIDUAL_DROP16_DW_mult_tc_1)            0.00       0.08 r
  impl/plane/mult_33/U70/ZN (CKND0)                                                                      0.03       0.11 f
  impl/plane/mult_33/U95/ZN (NR2D0)                                                                      0.06       0.16 r
  impl/plane/mult_33/U89/Z (AO222D0)                                                                     0.08       0.24 r
  impl/plane/mult_33/U88/Z (XOR3D0)                                                                      0.12       0.36 f
  impl/plane/mult_33/U78/Z (AN2D0)                                                                       0.04       0.40 f
  impl/plane/mult_33/U7/CO (FA1D0)                                                                       0.05       0.45 f
  impl/plane/mult_33/U6/CO (FA1D0)                                                                       0.06       0.51 f
  impl/plane/mult_33/U5/CO (FA1D0)                                                                       0.06       0.56 f
  impl/plane/mult_33/U4/S (FA1D0)                                                                        0.08       0.64 r
  impl/plane/mult_33/product[9] (oadm_fixed_mul_plane_root_opt_LEVEL1_RESIDUAL_DROP16_DW_mult_tc_1)      0.00       0.64 r
  impl/plane/U42/CO (FA1D0)                                                                              0.08       0.73 r
  impl/plane/U41/CO (FA1D0)                                                                              0.05       0.78 r
  impl/plane/U28/CO (FA1D0)                                                                              0.05       0.82 r
  impl/plane/U5/ZN (XNR3D0)                                                                              0.11       0.94 r
  impl/plane/U24/Z (XOR3D1)                                                                              0.11       1.05 f
  impl/plane/plane_value[24] (oadm_fixed_mul_plane_root_opt_LEVEL1_RESIDUAL_DROP16)                      0.00       1.05 f
  impl/U6/ZN (NR3D0)                                                                                     0.13       1.17 r
  impl/U3/ZN (INVD1)                                                                                     0.03       1.20 f
  impl/U5/ZN (IND2D1)                                                                                    0.08       1.28 r
  impl/fp_wrapper/exponent_adjust[1] (fp32_normal_finite_wrapper)                                        0.00       1.28 r
  impl/fp_wrapper/U38/CO (FA1D0)                                                                         0.10       1.37 r
  impl/fp_wrapper/U39/CO (FA1D0)                                                                         0.05       1.43 r
  impl/fp_wrapper/U40/CO (FA1D0)                                                                         0.05       1.48 r
  impl/fp_wrapper/U41/CO (FA1D0)                                                                         0.05       1.53 r
  impl/fp_wrapper/U42/CO (FA1D0)                                                                         0.05       1.58 r
  impl/fp_wrapper/U43/CO (FA1D0)                                                                         0.05       1.63 r
  impl/fp_wrapper/U52/Z (XOR3D1)                                                                         0.08       1.71 f
  impl/fp_wrapper/result[30] (fp32_normal_finite_wrapper)                                                0.00       1.71 f
  impl/result[30] (oadm_fixed_mul_root_opt_LEVEL1_RESIDUAL_DROP16)                                       0.00       1.71 f
  result[30] (out)                                                                                       0.00       1.71 f
  data arrival time                                                                                                 1.71

  clock vclk (rise edge)                                                                                10.00      10.00
  clock network delay (ideal)                                                                            0.00      10.00
  output external delay                                                                                 -0.02       9.98
  data required time                                                                                                9.98
  -------------------------------------------------------------------------------------------------------------------------
  data required time                                                                                                9.98
  data arrival time                                                                                                -1.71
  -------------------------------------------------------------------------------------------------------------------------
  slack (MET)                                                                                                       8.27


  Startpoint: y[22] (input port clocked by vclk)
  Endpoint: result[30] (output port clocked by vclk)
  Path Group: vclk
  Path Type: max

  Des/Clust/Port     Wire Load Model       Library
  ------------------------------------------------
  fp32_normal_finite_wrapper ZeroWireload  tcbn65gplustc_ccs
  oadm_fixed_l1_mul_root_opt_aggressive ZeroWireload tcbn65gplustc_ccs
  oadm_fixed_mul_root_opt_LEVEL1_RESIDUAL_DROP16 ZeroWireload tcbn65gplustc_ccs
  oadm_fixed_mul_plane_root_opt_LEVEL1_RESIDUAL_DROP16_DW_mult_tc_1 ZeroWireload tcbn65gplustc_ccs
  oadm_fixed_mul_plane_root_opt_LEVEL1_RESIDUAL_DROP16 ZeroWireload tcbn65gplustc_ccs

  Point                                                                                                  Incr       Path
  -------------------------------------------------------------------------------------------------------------------------
  clock vclk (rise edge)                                                                                 0.00       0.00
  clock network delay (ideal)                                                                            0.00       0.00
  input external delay                                                                                   0.02       0.02 r
  y[22] (in)                                                                                             0.01       0.03 r
  impl/y[22] (oadm_fixed_mul_root_opt_LEVEL1_RESIDUAL_DROP16)                                            0.00       0.03 r
  impl/fp_wrapper/y[22] (fp32_normal_finite_wrapper)                                                     0.00       0.03 r
  impl/fp_wrapper/U92/Z (CKBD1)                                                                          0.05       0.08 r
  impl/fp_wrapper/fraction_y[22] (fp32_normal_finite_wrapper)                                            0.00       0.08 r
  impl/plane/y_mantissa[22] (oadm_fixed_mul_plane_root_opt_LEVEL1_RESIDUAL_DROP16)                       0.00       0.08 r
  impl/plane/mult_33/b[3] (oadm_fixed_mul_plane_root_opt_LEVEL1_RESIDUAL_DROP16_DW_mult_tc_1)            0.00       0.08 r
  impl/plane/mult_33/U70/ZN (CKND0)                                                                      0.03       0.11 f
  impl/plane/mult_33/U95/ZN (NR2D0)                                                                      0.06       0.16 r
  impl/plane/mult_33/U89/Z (AO222D0)                                                                     0.08       0.24 r
  impl/plane/mult_33/U88/Z (XOR3D0)                                                                      0.12       0.36 f
  impl/plane/mult_33/U78/Z (AN2D0)                                                                       0.04       0.40 f
  impl/plane/mult_33/U7/CO (FA1D0)                                                                       0.05       0.45 f
  impl/plane/mult_33/U6/CO (FA1D0)                                                                       0.06       0.51 f
  impl/plane/mult_33/U5/CO (FA1D0)                                                                       0.06       0.56 f
  impl/plane/mult_33/U4/S (FA1D0)                                                                        0.08       0.64 r
  impl/plane/mult_33/product[9] (oadm_fixed_mul_plane_root_opt_LEVEL1_RESIDUAL_DROP16_DW_mult_tc_1)      0.00       0.64 r
  impl/plane/U42/CO (FA1D0)                                                                              0.08       0.73 r
  impl/plane/U41/CO (FA1D0)                                                                              0.05       0.78 r
  impl/plane/U28/CO (FA1D0)                                                                              0.05       0.82 r
  impl/plane/U5/ZN (XNR3D0)                                                                              0.11       0.94 r
  impl/plane/U24/Z (XOR3D1)                                                                              0.11       1.05 f
  impl/plane/plane_value[24] (oadm_fixed_mul_plane_root_opt_LEVEL1_RESIDUAL_DROP16)                      0.00       1.05 f
  impl/U6/ZN (NR3D0)                                                                                     0.13       1.17 r
  impl/U3/ZN (INVD1)                                                                                     0.03       1.20 f
  impl/U5/ZN (IND2D1)                                                                                    0.08       1.28 r
  impl/fp_wrapper/exponent_adjust[1] (fp32_normal_finite_wrapper)                                        0.00       1.28 r
  impl/fp_wrapper/U38/CO (FA1D0)                                                                         0.10       1.37 r
  impl/fp_wrapper/U39/CO (FA1D0)                                                                         0.05       1.43 r
  impl/fp_wrapper/U40/CO (FA1D0)                                                                         0.05       1.48 r
  impl/fp_wrapper/U41/CO (FA1D0)                                                                         0.05       1.53 r
  impl/fp_wrapper/U42/CO (FA1D0)                                                                         0.05       1.58 r
  impl/fp_wrapper/U43/CO (FA1D0)                                                                         0.05       1.63 r
  impl/fp_wrapper/U52/Z (XOR3D1)                                                                         0.08       1.71 f
  impl/fp_wrapper/result[30] (fp32_normal_finite_wrapper)                                                0.00       1.71 f
  impl/result[30] (oadm_fixed_mul_root_opt_LEVEL1_RESIDUAL_DROP16)                                       0.00       1.71 f
  result[30] (out)                                                                                       0.00       1.71 f
  data arrival time                                                                                                 1.71

  clock vclk (rise edge)                                                                                10.00      10.00
  clock network delay (ideal)                                                                            0.00      10.00
  output external delay                                                                                 -0.02       9.98
  data required time                                                                                                9.98
  -------------------------------------------------------------------------------------------------------------------------
  data required time                                                                                                9.98
  data arrival time                                                                                                -1.71
  -------------------------------------------------------------------------------------------------------------------------
  slack (MET)                                                                                                       8.27


  Startpoint: y[22] (input port clocked by vclk)
  Endpoint: result[30] (output port clocked by vclk)
  Path Group: vclk
  Path Type: max

  Des/Clust/Port     Wire Load Model       Library
  ------------------------------------------------
  fp32_normal_finite_wrapper ZeroWireload  tcbn65gplustc_ccs
  oadm_fixed_l1_mul_root_opt_aggressive ZeroWireload tcbn65gplustc_ccs
  oadm_fixed_mul_root_opt_LEVEL1_RESIDUAL_DROP16 ZeroWireload tcbn65gplustc_ccs
  oadm_fixed_mul_plane_root_opt_LEVEL1_RESIDUAL_DROP16_DW_mult_tc_1 ZeroWireload tcbn65gplustc_ccs
  oadm_fixed_mul_plane_root_opt_LEVEL1_RESIDUAL_DROP16 ZeroWireload tcbn65gplustc_ccs

  Point                                                                                                  Incr       Path
  -------------------------------------------------------------------------------------------------------------------------
  clock vclk (rise edge)                                                                                 0.00       0.00
  clock network delay (ideal)                                                                            0.00       0.00
  input external delay                                                                                   0.02       0.02 r
  y[22] (in)                                                                                             0.01       0.03 r
  impl/y[22] (oadm_fixed_mul_root_opt_LEVEL1_RESIDUAL_DROP16)                                            0.00       0.03 r
  impl/fp_wrapper/y[22] (fp32_normal_finite_wrapper)                                                     0.00       0.03 r
  impl/fp_wrapper/U92/Z (CKBD1)                                                                          0.05       0.08 r
  impl/fp_wrapper/fraction_y[22] (fp32_normal_finite_wrapper)                                            0.00       0.08 r
  impl/plane/y_mantissa[22] (oadm_fixed_mul_plane_root_opt_LEVEL1_RESIDUAL_DROP16)                       0.00       0.08 r
  impl/plane/mult_33/b[3] (oadm_fixed_mul_plane_root_opt_LEVEL1_RESIDUAL_DROP16_DW_mult_tc_1)            0.00       0.08 r
  impl/plane/mult_33/U70/ZN (CKND0)                                                                      0.03       0.11 f
  impl/plane/mult_33/U95/ZN (NR2D0)                                                                      0.06       0.16 r
  impl/plane/mult_33/U89/Z (AO222D0)                                                                     0.08       0.24 r
  impl/plane/mult_33/U88/Z (XOR3D0)                                                                      0.12       0.36 f
  impl/plane/mult_33/U78/Z (AN2D0)                                                                       0.04       0.40 f
  impl/plane/mult_33/U7/CO (FA1D0)                                                                       0.05       0.45 f
  impl/plane/mult_33/U6/CO (FA1D0)                                                                       0.06       0.51 f
  impl/plane/mult_33/U5/CO (FA1D0)                                                                       0.06       0.56 f
  impl/plane/mult_33/U4/S (FA1D0)                                                                        0.08       0.64 r
  impl/plane/mult_33/product[9] (oadm_fixed_mul_plane_root_opt_LEVEL1_RESIDUAL_DROP16_DW_mult_tc_1)      0.00       0.64 r
  impl/plane/U42/CO (FA1D0)                                                                              0.08       0.73 r
  impl/plane/U41/CO (FA1D0)                                                                              0.05       0.78 r
  impl/plane/U28/CO (FA1D0)                                                                              0.05       0.82 r
  impl/plane/U5/ZN (XNR3D0)                                                                              0.11       0.94 r
  impl/plane/U24/Z (XOR3D1)                                                                              0.11       1.05 f
  impl/plane/plane_value[24] (oadm_fixed_mul_plane_root_opt_LEVEL1_RESIDUAL_DROP16)                      0.00       1.05 f
  impl/U6/ZN (NR3D0)                                                                                     0.13       1.17 r
  impl/U3/ZN (INVD1)                                                                                     0.03       1.20 f
  impl/U5/ZN (IND2D1)                                                                                    0.08       1.28 r
  impl/fp_wrapper/exponent_adjust[1] (fp32_normal_finite_wrapper)                                        0.00       1.28 r
  impl/fp_wrapper/U38/CO (FA1D0)                                                                         0.10       1.37 r
  impl/fp_wrapper/U39/CO (FA1D0)                                                                         0.05       1.43 r
  impl/fp_wrapper/U40/CO (FA1D0)                                                                         0.05       1.48 r
  impl/fp_wrapper/U41/CO (FA1D0)                                                                         0.05       1.53 r
  impl/fp_wrapper/U42/CO (FA1D0)                                                                         0.05       1.58 r
  impl/fp_wrapper/U43/CO (FA1D0)                                                                         0.05       1.63 r
  impl/fp_wrapper/U52/Z (XOR3D1)                                                                         0.08       1.71 f
  impl/fp_wrapper/result[30] (fp32_normal_finite_wrapper)                                                0.00       1.71 f
  impl/result[30] (oadm_fixed_mul_root_opt_LEVEL1_RESIDUAL_DROP16)                                       0.00       1.71 f
  result[30] (out)                                                                                       0.00       1.71 f
  data arrival time                                                                                                 1.71

  clock vclk (rise edge)                                                                                10.00      10.00
  clock network delay (ideal)                                                                            0.00      10.00
  output external delay                                                                                 -0.02       9.98
  data required time                                                                                                9.98
  -------------------------------------------------------------------------------------------------------------------------
  data required time                                                                                                9.98
  data arrival time                                                                                                -1.71
  -------------------------------------------------------------------------------------------------------------------------
  slack (MET)                                                                                                       8.27


1
