 
****************************************
check_design summary:
Version:     U-2022.12-SP7
Date:        Tue Aug 18 22:55:41 2026
****************************************

                   Name                                            Total
--------------------------------------------------------------------------------
Inputs/Outputs                                                     23
    Unconnected ports (LINT-28)                                    23

Cells                                                               2
    Nets connected to multiple pins on same cell (LINT-33)          2
--------------------------------------------------------------------------------

Warning: In design 'exact_fp32_mul_7stage_DW_lp_piped_fp_mult_J1_0', port 'rst_n' is not connected to any nets. (LINT-28)
Warning: In design 'exact_fp32_mul_7stage_DW_lp_piped_fp_mult_J1_0', port 'rnd[2]' is not connected to any nets. (LINT-28)
Warning: In design 'exact_fp32_mul_7stage_DW_lp_piped_fp_mult_J1_0', port 'rnd[1]' is not connected to any nets. (LINT-28)
Warning: In design 'exact_fp32_mul_7stage_DW_lp_piped_fp_mult_J1_0', port 'rnd[0]' is not connected to any nets. (LINT-28)
Warning: In design 'exact_fp32_mul_7stage_DW_lp_piped_fp_mult_J1_0', port 'status[7]' is not connected to any nets. (LINT-28)
Warning: In design 'exact_fp32_mul_7stage_DW_lp_piped_fp_mult_J1_0', port 'status[6]' is not connected to any nets. (LINT-28)
Warning: In design 'exact_fp32_mul_7stage_DW_lp_piped_fp_mult_J1_0', port 'status[5]' is not connected to any nets. (LINT-28)
Warning: In design 'exact_fp32_mul_7stage_DW_lp_piped_fp_mult_J1_0', port 'status[4]' is not connected to any nets. (LINT-28)
Warning: In design 'exact_fp32_mul_7stage_DW_lp_piped_fp_mult_J1_0', port 'status[3]' is not connected to any nets. (LINT-28)
Warning: In design 'exact_fp32_mul_7stage_DW_lp_piped_fp_mult_J1_0', port 'status[2]' is not connected to any nets. (LINT-28)
Warning: In design 'exact_fp32_mul_7stage_DW_lp_piped_fp_mult_J1_0', port 'status[1]' is not connected to any nets. (LINT-28)
Warning: In design 'exact_fp32_mul_7stage_DW_lp_piped_fp_mult_J1_0', port 'status[0]' is not connected to any nets. (LINT-28)
Warning: In design 'exact_fp32_mul_7stage_DW_lp_piped_fp_mult_J1_0', port 'launch' is not connected to any nets. (LINT-28)
Warning: In design 'exact_fp32_mul_7stage_DW_lp_piped_fp_mult_J1_0', port 'launch_id[0]' is not connected to any nets. (LINT-28)
Warning: In design 'exact_fp32_mul_7stage_DW_lp_piped_fp_mult_J1_0', port 'pipe_full' is not connected to any nets. (LINT-28)
Warning: In design 'exact_fp32_mul_7stage_DW_lp_piped_fp_mult_J1_0', port 'pipe_ovf' is not connected to any nets. (LINT-28)
Warning: In design 'exact_fp32_mul_7stage_DW_lp_piped_fp_mult_J1_0', port 'accept_n' is not connected to any nets. (LINT-28)
Warning: In design 'exact_fp32_mul_7stage_DW_lp_piped_fp_mult_J1_0', port 'arrive' is not connected to any nets. (LINT-28)
Warning: In design 'exact_fp32_mul_7stage_DW_lp_piped_fp_mult_J1_0', port 'arrive_id[0]' is not connected to any nets. (LINT-28)
Warning: In design 'exact_fp32_mul_7stage_DW_lp_piped_fp_mult_J1_0', port 'push_out_n' is not connected to any nets. (LINT-28)
Warning: In design 'exact_fp32_mul_7stage_DW_lp_piped_fp_mult_J1_0', port 'pipe_census[2]' is not connected to any nets. (LINT-28)
Warning: In design 'exact_fp32_mul_7stage_DW_lp_piped_fp_mult_J1_0', port 'pipe_census[1]' is not connected to any nets. (LINT-28)
Warning: In design 'exact_fp32_mul_7stage_DW_lp_piped_fp_mult_J1_0', port 'pipe_census[0]' is not connected to any nets. (LINT-28)
Warning: In design 'exact_fp32_mul_7stage', the same net is connected to more than one pin on submodule 'u_exact_mul'. (LINT-33)
   Net '*Logic1*' is connected to pins 'rst_n', 'rnd[0]'', 'launch'.
Warning: In design 'exact_fp32_mul_7stage', the same net is connected to more than one pin on submodule 'u_exact_mul'. (LINT-33)
   Net '*Logic0*' is connected to pins 'rnd[2]', 'rnd[1]'', 'launch_id[0]', 'accept_n'.
1
 
****************************************
Report : area
Design : exact_fp32_mul_7stage
Version: U-2022.12-SP7
Date   : Tue Aug 18 22:55:41 2026
****************************************

Library(s) Used:

    tcbn65gplustc_ccs (File: /courses/ee6350/pdk2025/tcbn65gplus/TSMCHOME/digital/Front_End/timing_power_noise/CCS/tcbn65gplus_200a/tcbn65gplustc_ccs.db)

Number of ports:                          217
Number of nets:                          2547
Number of cells:                         2133
Number of combinational cells:           1744
Number of sequential cells:               388
Number of macros/black boxes:               0
Number of buf/inv:                        771
Number of references:                       4

Combinational area:               5053.320080
Buf/Inv area:                      923.400037
Noncombinational area:            2653.920059
Macro/Black Box area:                0.000000
Net Interconnect area:      undefined  (Wire load has zero net area)

Total cell area:                  7707.240139
Total area:                 undefined
1
Information: Propagating switching activity (medium effort zero delay simulation). (PWR-6)
Warning: Design has unannotated sequential cell outputs. (PWR-415)
 
****************************************
Report : power
        -hier
        -analysis_effort medium
        -verbose
Design : exact_fp32_mul_7stage
Version: U-2022.12-SP7
Date   : Tue Aug 18 22:55:41 2026
****************************************


Library(s) Used:

    tcbn65gplustc_ccs (File: /courses/ee6350/pdk2025/tcbn65gplus/TSMCHOME/digital/Front_End/timing_power_noise/CCS/tcbn65gplus_200a/tcbn65gplustc_ccs.db)


Operating Conditions: NCCOM   Library: tcbn65gplustc_ccs
Wire Load Model Mode: segmented

Design        Wire Load Model            Library
------------------------------------------------
exact_fp32_mul_7stage  ZeroWireload      tcbn65gplustc_ccs
exact_fp32_mul_7stage_DW_lp_piped_fp_mult_J1_0
                       ZeroWireload      tcbn65gplustc_ccs


Global Operating Voltage = 1    
Power-specific unit information :
    Voltage Units = 1V
    Capacitance Units = 1.000000pf
    Time Units = 1ns
    Dynamic Power Units = 1mW    (derived from V,C,T units)
    Leakage Power Units = 1nW


--------------------------------------------------------------------------------
                                       Switch   Int      Leak     Total
Hierarchy                              Power    Power    Power    Power    %
--------------------------------------------------------------------------------
exact_fp32_mul_7stage                     0.361    3.758 3.99e+04    4.160 100.0
  u_exact_mul (exact_fp32_mul_7stage_DW_lp_piped_fp_mult_J1_0)
                                          0.359    3.752 3.95e+04    4.151  99.8
1
 
****************************************
Report : constraint
        -all_violators
        -verbose
Design : exact_fp32_mul_7stage
Version: U-2022.12-SP7
Date   : Tue Aug 18 22:55:42 2026
****************************************

This design has no violated constraints.

1
 
****************************************
Report : timing
        -path full
        -delay max
        -nworst 20
        -max_paths 20
Design : exact_fp32_mul_7stage
Version: U-2022.12-SP7
Date   : Tue Aug 18 22:55:42 2026
****************************************

Operating Conditions: NCCOM   Library: tcbn65gplustc_ccs
Wire Load Model Mode: segmented

  Startpoint: u_exact_mul/U_fp_mult/mult_x_13/clk_r_REG195_S2
              (rising edge-triggered flip-flop clocked by clk)
  Endpoint: u_exact_mul/U_fp_mult/mult_x_13/clk_r_REG133_S3
            (rising edge-triggered flip-flop clocked by clk)
  Path Group: clk
  Path Type: max

  Des/Clust/Port     Wire Load Model       Library
  ------------------------------------------------
  exact_fp32_mul_7stage
                     ZeroWireload          tcbn65gplustc_ccs
  exact_fp32_mul_7stage_DW_lp_piped_fp_mult_J1_0
                     ZeroWireload          tcbn65gplustc_ccs

  Point                                                   Incr       Path
  --------------------------------------------------------------------------
  clock clk (rise edge)                                   0.00       0.00
  clock network delay (ideal)                             0.00       0.00
  u_exact_mul/U_fp_mult/mult_x_13/clk_r_REG195_S2/CP (DFQD1)
                                                          0.00       0.00 r
  u_exact_mul/U_fp_mult/mult_x_13/clk_r_REG195_S2/Q (DFQD1)
                                                          0.09       0.09 r
  u_exact_mul/U959/Z (CKBD1)                              0.03       0.13 r
  u_exact_mul/U965/Z (CKBD1)                              0.04       0.17 r
  u_exact_mul/U966/ZN (INVD1)                             0.01       0.18 f
  u_exact_mul/U967/ZN (MUX2ND0)                           0.06       0.24 r
  u_exact_mul/U976/ZN (INVD1)                             0.02       0.27 f
  u_exact_mul/U980/ZN (ND3D1)                             0.03       0.30 r
  u_exact_mul/U125/Z (BUFFD1)                             0.04       0.34 r
  u_exact_mul/U384/Z (BUFFD1)                             0.04       0.37 r
  u_exact_mul/U981/ZN (MOAI22D1)                          0.02       0.39 f
  u_exact_mul/U9/ZN (AOI221D0)                            0.10       0.49 r
  u_exact_mul/U982/ZN (MUX2ND0)                           0.08       0.57 f
  u_exact_mul/U996/CO (HA1D0)                             0.05       0.62 f
  u_exact_mul/U_fp_mult/mult_x_13/U256/COX (CMPE42D1)     0.05       0.67 f
  u_exact_mul/U_fp_mult/mult_x_13/U252/COX (CMPE42D1)     0.05       0.72 f
  u_exact_mul/U_fp_mult/mult_x_13/U248/COX (CMPE42D1)     0.05       0.77 f
  u_exact_mul/U1631/COX (CMPE42D1)                        0.05       0.82 f
  u_exact_mul/U1634/COX (CMPE42D1)                        0.05       0.88 f
  u_exact_mul/U_fp_mult/mult_x_13/U236/CO (CMPE42D1)      0.08       0.95 f
  u_exact_mul/U_fp_mult/mult_x_13/U232/CO (CMPE42D1)      0.05       1.00 f
  u_exact_mul/U_fp_mult/mult_x_13/U228/CO (CMPE42D1)      0.06       1.06 f
  u_exact_mul/U1633/COX (CMPE42D1)                        0.09       1.15 f
  u_exact_mul/U_fp_mult/mult_x_13/U219/CO (CMPE42D1)      0.08       1.23 f
  u_exact_mul/U1632/CO (CMPE42D1)                         0.05       1.28 f
  u_exact_mul/U1413/CO (FA1D0)                            0.11       1.39 f
  u_exact_mul/U1629/S (CMPE42D1)                          0.11       1.49 r
  u_exact_mul/U_fp_mult/mult_x_13/clk_r_REG133_S3/D (DFQD1)
                                                          0.00       1.49 r
  data arrival time                                                  1.49

  clock clk (rise edge)                                   1.50       1.50
  clock network delay (ideal)                             0.00       1.50
  u_exact_mul/U_fp_mult/mult_x_13/clk_r_REG133_S3/CP (DFQD1)
                                                          0.00       1.50 r
  library setup time                                     -0.01       1.49
  data required time                                                 1.49
  --------------------------------------------------------------------------
  data required time                                                 1.49
  data arrival time                                                 -1.49
  --------------------------------------------------------------------------
  slack (MET)                                                        0.00


  Startpoint: u_exact_mul/U_fp_mult/mult_x_13/clk_r_REG195_S2
              (rising edge-triggered flip-flop clocked by clk)
  Endpoint: u_exact_mul/U_fp_mult/mult_x_13/clk_r_REG133_S3
            (rising edge-triggered flip-flop clocked by clk)
  Path Group: clk
  Path Type: max

  Des/Clust/Port     Wire Load Model       Library
  ------------------------------------------------
  exact_fp32_mul_7stage
                     ZeroWireload          tcbn65gplustc_ccs
  exact_fp32_mul_7stage_DW_lp_piped_fp_mult_J1_0
                     ZeroWireload          tcbn65gplustc_ccs

  Point                                                   Incr       Path
  --------------------------------------------------------------------------
  clock clk (rise edge)                                   0.00       0.00
  clock network delay (ideal)                             0.00       0.00
  u_exact_mul/U_fp_mult/mult_x_13/clk_r_REG195_S2/CP (DFQD1)
                                                          0.00       0.00 r
  u_exact_mul/U_fp_mult/mult_x_13/clk_r_REG195_S2/Q (DFQD1)
                                                          0.09       0.09 r
  u_exact_mul/U959/Z (CKBD1)                              0.03       0.13 r
  u_exact_mul/U965/Z (CKBD1)                              0.04       0.17 r
  u_exact_mul/U966/ZN (INVD1)                             0.01       0.18 f
  u_exact_mul/U967/ZN (MUX2ND0)                           0.06       0.24 r
  u_exact_mul/U976/ZN (INVD1)                             0.02       0.27 f
  u_exact_mul/U980/ZN (ND3D1)                             0.03       0.30 r
  u_exact_mul/U125/Z (BUFFD1)                             0.04       0.34 r
  u_exact_mul/U384/Z (BUFFD1)                             0.04       0.37 r
  u_exact_mul/U981/ZN (MOAI22D1)                          0.02       0.39 f
  u_exact_mul/U9/ZN (AOI221D0)                            0.10       0.49 r
  u_exact_mul/U982/ZN (MUX2ND0)                           0.08       0.57 f
  u_exact_mul/U996/CO (HA1D0)                             0.05       0.62 f
  u_exact_mul/U_fp_mult/mult_x_13/U256/COX (CMPE42D1)     0.05       0.67 f
  u_exact_mul/U_fp_mult/mult_x_13/U252/COX (CMPE42D1)     0.05       0.72 f
  u_exact_mul/U_fp_mult/mult_x_13/U248/COX (CMPE42D1)     0.05       0.77 f
  u_exact_mul/U1631/COX (CMPE42D1)                        0.05       0.82 f
  u_exact_mul/U1634/COX (CMPE42D1)                        0.05       0.88 f
  u_exact_mul/U_fp_mult/mult_x_13/U236/CO (CMPE42D1)      0.08       0.95 f
  u_exact_mul/U_fp_mult/mult_x_13/U232/CO (CMPE42D1)      0.05       1.00 f
  u_exact_mul/U_fp_mult/mult_x_13/U228/CO (CMPE42D1)      0.06       1.06 f
  u_exact_mul/U1633/COX (CMPE42D1)                        0.09       1.15 f
  u_exact_mul/U_fp_mult/mult_x_13/U219/CO (CMPE42D1)      0.08       1.23 f
  u_exact_mul/U1632/CO (CMPE42D1)                         0.05       1.28 f
  u_exact_mul/U1413/CO (FA1D0)                            0.11       1.39 f
  u_exact_mul/U1629/S (CMPE42D1)                          0.11       1.49 r
  u_exact_mul/U_fp_mult/mult_x_13/clk_r_REG133_S3/D (DFQD1)
                                                          0.00       1.49 r
  data arrival time                                                  1.49

  clock clk (rise edge)                                   1.50       1.50
  clock network delay (ideal)                             0.00       1.50
  u_exact_mul/U_fp_mult/mult_x_13/clk_r_REG133_S3/CP (DFQD1)
                                                          0.00       1.50 r
  library setup time                                     -0.01       1.49
  data required time                                                 1.49
  --------------------------------------------------------------------------
  data required time                                                 1.49
  data arrival time                                                 -1.49
  --------------------------------------------------------------------------
  slack (MET)                                                        0.00


  Startpoint: u_exact_mul/U_fp_mult/mult_x_13/clk_r_REG195_S2
              (rising edge-triggered flip-flop clocked by clk)
  Endpoint: u_exact_mul/U_fp_mult/mult_x_13/clk_r_REG133_S3
            (rising edge-triggered flip-flop clocked by clk)
  Path Group: clk
  Path Type: max

  Des/Clust/Port     Wire Load Model       Library
  ------------------------------------------------
  exact_fp32_mul_7stage
                     ZeroWireload          tcbn65gplustc_ccs
  exact_fp32_mul_7stage_DW_lp_piped_fp_mult_J1_0
                     ZeroWireload          tcbn65gplustc_ccs

  Point                                                   Incr       Path
  --------------------------------------------------------------------------
  clock clk (rise edge)                                   0.00       0.00
  clock network delay (ideal)                             0.00       0.00
  u_exact_mul/U_fp_mult/mult_x_13/clk_r_REG195_S2/CP (DFQD1)
                                                          0.00       0.00 r
  u_exact_mul/U_fp_mult/mult_x_13/clk_r_REG195_S2/Q (DFQD1)
                                                          0.09       0.09 r
  u_exact_mul/U959/Z (CKBD1)                              0.03       0.13 r
  u_exact_mul/U965/Z (CKBD1)                              0.04       0.17 r
  u_exact_mul/U966/ZN (INVD1)                             0.01       0.18 f
  u_exact_mul/U967/ZN (MUX2ND0)                           0.06       0.24 r
  u_exact_mul/U976/ZN (INVD1)                             0.02       0.27 f
  u_exact_mul/U980/ZN (ND3D1)                             0.03       0.30 r
  u_exact_mul/U125/Z (BUFFD1)                             0.04       0.34 r
  u_exact_mul/U384/Z (BUFFD1)                             0.04       0.37 r
  u_exact_mul/U981/ZN (MOAI22D1)                          0.02       0.39 f
  u_exact_mul/U9/ZN (AOI221D0)                            0.10       0.49 r
  u_exact_mul/U982/ZN (MUX2ND0)                           0.08       0.57 f
  u_exact_mul/U996/CO (HA1D0)                             0.05       0.62 f
  u_exact_mul/U_fp_mult/mult_x_13/U256/COX (CMPE42D1)     0.05       0.67 f
  u_exact_mul/U_fp_mult/mult_x_13/U252/COX (CMPE42D1)     0.05       0.72 f
  u_exact_mul/U_fp_mult/mult_x_13/U248/COX (CMPE42D1)     0.05       0.77 f
  u_exact_mul/U1631/COX (CMPE42D1)                        0.05       0.82 f
  u_exact_mul/U1634/COX (CMPE42D1)                        0.05       0.88 f
  u_exact_mul/U_fp_mult/mult_x_13/U236/CO (CMPE42D1)      0.08       0.95 f
  u_exact_mul/U_fp_mult/mult_x_13/U232/CO (CMPE42D1)      0.05       1.00 f
  u_exact_mul/U_fp_mult/mult_x_13/U228/CO (CMPE42D1)      0.06       1.06 f
  u_exact_mul/U1633/COX (CMPE42D1)                        0.09       1.15 f
  u_exact_mul/U_fp_mult/mult_x_13/U219/CO (CMPE42D1)      0.08       1.23 f
  u_exact_mul/U1632/CO (CMPE42D1)                         0.05       1.28 f
  u_exact_mul/U1413/CO (FA1D0)                            0.11       1.39 f
  u_exact_mul/U1629/S (CMPE42D1)                          0.11       1.49 r
  u_exact_mul/U_fp_mult/mult_x_13/clk_r_REG133_S3/D (DFQD1)
                                                          0.00       1.49 r
  data arrival time                                                  1.49

  clock clk (rise edge)                                   1.50       1.50
  clock network delay (ideal)                             0.00       1.50
  u_exact_mul/U_fp_mult/mult_x_13/clk_r_REG133_S3/CP (DFQD1)
                                                          0.00       1.50 r
  library setup time                                     -0.01       1.49
  data required time                                                 1.49
  --------------------------------------------------------------------------
  data required time                                                 1.49
  data arrival time                                                 -1.49
  --------------------------------------------------------------------------
  slack (MET)                                                        0.00


  Startpoint: u_exact_mul/U_fp_mult/mult_x_13/clk_r_REG195_S2
              (rising edge-triggered flip-flop clocked by clk)
  Endpoint: u_exact_mul/U_fp_mult/mult_x_13/clk_r_REG133_S3
            (rising edge-triggered flip-flop clocked by clk)
  Path Group: clk
  Path Type: max

  Des/Clust/Port     Wire Load Model       Library
  ------------------------------------------------
  exact_fp32_mul_7stage
                     ZeroWireload          tcbn65gplustc_ccs
  exact_fp32_mul_7stage_DW_lp_piped_fp_mult_J1_0
                     ZeroWireload          tcbn65gplustc_ccs

  Point                                                   Incr       Path
  --------------------------------------------------------------------------
  clock clk (rise edge)                                   0.00       0.00
  clock network delay (ideal)                             0.00       0.00
  u_exact_mul/U_fp_mult/mult_x_13/clk_r_REG195_S2/CP (DFQD1)
                                                          0.00       0.00 r
  u_exact_mul/U_fp_mult/mult_x_13/clk_r_REG195_S2/Q (DFQD1)
                                                          0.09       0.09 r
  u_exact_mul/U959/Z (CKBD1)                              0.03       0.13 r
  u_exact_mul/U965/Z (CKBD1)                              0.04       0.17 r
  u_exact_mul/U966/ZN (INVD1)                             0.01       0.18 f
  u_exact_mul/U967/ZN (MUX2ND0)                           0.06       0.24 r
  u_exact_mul/U976/ZN (INVD1)                             0.02       0.27 f
  u_exact_mul/U980/ZN (ND3D1)                             0.03       0.30 r
  u_exact_mul/U125/Z (BUFFD1)                             0.04       0.34 r
  u_exact_mul/U384/Z (BUFFD1)                             0.04       0.37 r
  u_exact_mul/U981/ZN (MOAI22D1)                          0.02       0.39 f
  u_exact_mul/U9/ZN (AOI221D0)                            0.10       0.49 r
  u_exact_mul/U982/ZN (MUX2ND0)                           0.08       0.57 f
  u_exact_mul/U996/CO (HA1D0)                             0.05       0.62 f
  u_exact_mul/U_fp_mult/mult_x_13/U256/COX (CMPE42D1)     0.05       0.67 f
  u_exact_mul/U_fp_mult/mult_x_13/U252/COX (CMPE42D1)     0.05       0.72 f
  u_exact_mul/U_fp_mult/mult_x_13/U248/COX (CMPE42D1)     0.05       0.77 f
  u_exact_mul/U1631/COX (CMPE42D1)                        0.05       0.82 f
  u_exact_mul/U1634/COX (CMPE42D1)                        0.05       0.88 f
  u_exact_mul/U_fp_mult/mult_x_13/U236/CO (CMPE42D1)      0.08       0.95 f
  u_exact_mul/U_fp_mult/mult_x_13/U232/CO (CMPE42D1)      0.05       1.00 f
  u_exact_mul/U_fp_mult/mult_x_13/U228/CO (CMPE42D1)      0.06       1.06 f
  u_exact_mul/U1633/COX (CMPE42D1)                        0.09       1.15 f
  u_exact_mul/U_fp_mult/mult_x_13/U219/CO (CMPE42D1)      0.08       1.23 f
  u_exact_mul/U1632/CO (CMPE42D1)                         0.05       1.28 f
  u_exact_mul/U1413/CO (FA1D0)                            0.11       1.39 f
  u_exact_mul/U1629/S (CMPE42D1)                          0.11       1.49 r
  u_exact_mul/U_fp_mult/mult_x_13/clk_r_REG133_S3/D (DFQD1)
                                                          0.00       1.49 r
  data arrival time                                                  1.49

  clock clk (rise edge)                                   1.50       1.50
  clock network delay (ideal)                             0.00       1.50
  u_exact_mul/U_fp_mult/mult_x_13/clk_r_REG133_S3/CP (DFQD1)
                                                          0.00       1.50 r
  library setup time                                     -0.01       1.49
  data required time                                                 1.49
  --------------------------------------------------------------------------
  data required time                                                 1.49
  data arrival time                                                 -1.49
  --------------------------------------------------------------------------
  slack (MET)                                                        0.00


  Startpoint: u_exact_mul/U_fp_mult/mult_x_13/clk_r_REG195_S2
              (rising edge-triggered flip-flop clocked by clk)
  Endpoint: u_exact_mul/U_fp_mult/mult_x_13/clk_r_REG133_S3
            (rising edge-triggered flip-flop clocked by clk)
  Path Group: clk
  Path Type: max

  Des/Clust/Port     Wire Load Model       Library
  ------------------------------------------------
  exact_fp32_mul_7stage
                     ZeroWireload          tcbn65gplustc_ccs
  exact_fp32_mul_7stage_DW_lp_piped_fp_mult_J1_0
                     ZeroWireload          tcbn65gplustc_ccs

  Point                                                   Incr       Path
  --------------------------------------------------------------------------
  clock clk (rise edge)                                   0.00       0.00
  clock network delay (ideal)                             0.00       0.00
  u_exact_mul/U_fp_mult/mult_x_13/clk_r_REG195_S2/CP (DFQD1)
                                                          0.00       0.00 r
  u_exact_mul/U_fp_mult/mult_x_13/clk_r_REG195_S2/Q (DFQD1)
                                                          0.09       0.09 r
  u_exact_mul/U959/Z (CKBD1)                              0.03       0.13 r
  u_exact_mul/U965/Z (CKBD1)                              0.04       0.17 r
  u_exact_mul/U966/ZN (INVD1)                             0.01       0.18 f
  u_exact_mul/U967/ZN (MUX2ND0)                           0.06       0.24 r
  u_exact_mul/U976/ZN (INVD1)                             0.02       0.27 f
  u_exact_mul/U980/ZN (ND3D1)                             0.03       0.30 r
  u_exact_mul/U125/Z (BUFFD1)                             0.04       0.34 r
  u_exact_mul/U384/Z (BUFFD1)                             0.04       0.37 r
  u_exact_mul/U981/ZN (MOAI22D1)                          0.02       0.39 f
  u_exact_mul/U9/ZN (AOI221D0)                            0.10       0.49 r
  u_exact_mul/U982/ZN (MUX2ND0)                           0.08       0.57 f
  u_exact_mul/U996/CO (HA1D0)                             0.05       0.62 f
  u_exact_mul/U_fp_mult/mult_x_13/U256/COX (CMPE42D1)     0.05       0.67 f
  u_exact_mul/U_fp_mult/mult_x_13/U252/COX (CMPE42D1)     0.05       0.72 f
  u_exact_mul/U_fp_mult/mult_x_13/U248/COX (CMPE42D1)     0.05       0.77 f
  u_exact_mul/U1631/COX (CMPE42D1)                        0.05       0.82 f
  u_exact_mul/U1634/COX (CMPE42D1)                        0.05       0.88 f
  u_exact_mul/U_fp_mult/mult_x_13/U236/CO (CMPE42D1)      0.08       0.95 f
  u_exact_mul/U_fp_mult/mult_x_13/U232/CO (CMPE42D1)      0.05       1.00 f
  u_exact_mul/U_fp_mult/mult_x_13/U228/CO (CMPE42D1)      0.06       1.06 f
  u_exact_mul/U1633/COX (CMPE42D1)                        0.09       1.15 f
  u_exact_mul/U_fp_mult/mult_x_13/U219/CO (CMPE42D1)      0.08       1.23 f
  u_exact_mul/U1632/CO (CMPE42D1)                         0.05       1.28 f
  u_exact_mul/U1413/CO (FA1D0)                            0.11       1.39 f
  u_exact_mul/U1629/S (CMPE42D1)                          0.11       1.49 r
  u_exact_mul/U_fp_mult/mult_x_13/clk_r_REG133_S3/D (DFQD1)
                                                          0.00       1.49 r
  data arrival time                                                  1.49

  clock clk (rise edge)                                   1.50       1.50
  clock network delay (ideal)                             0.00       1.50
  u_exact_mul/U_fp_mult/mult_x_13/clk_r_REG133_S3/CP (DFQD1)
                                                          0.00       1.50 r
  library setup time                                     -0.01       1.49
  data required time                                                 1.49
  --------------------------------------------------------------------------
  data required time                                                 1.49
  data arrival time                                                 -1.49
  --------------------------------------------------------------------------
  slack (MET)                                                        0.00


  Startpoint: u_exact_mul/U_fp_mult/mult_x_13/clk_r_REG195_S2
              (rising edge-triggered flip-flop clocked by clk)
  Endpoint: u_exact_mul/U_fp_mult/mult_x_13/clk_r_REG133_S3
            (rising edge-triggered flip-flop clocked by clk)
  Path Group: clk
  Path Type: max

  Des/Clust/Port     Wire Load Model       Library
  ------------------------------------------------
  exact_fp32_mul_7stage
                     ZeroWireload          tcbn65gplustc_ccs
  exact_fp32_mul_7stage_DW_lp_piped_fp_mult_J1_0
                     ZeroWireload          tcbn65gplustc_ccs

  Point                                                   Incr       Path
  --------------------------------------------------------------------------
  clock clk (rise edge)                                   0.00       0.00
  clock network delay (ideal)                             0.00       0.00
  u_exact_mul/U_fp_mult/mult_x_13/clk_r_REG195_S2/CP (DFQD1)
                                                          0.00       0.00 r
  u_exact_mul/U_fp_mult/mult_x_13/clk_r_REG195_S2/Q (DFQD1)
                                                          0.09       0.09 r
  u_exact_mul/U959/Z (CKBD1)                              0.03       0.13 r
  u_exact_mul/U965/Z (CKBD1)                              0.04       0.17 r
  u_exact_mul/U966/ZN (INVD1)                             0.01       0.18 f
  u_exact_mul/U967/ZN (MUX2ND0)                           0.06       0.24 r
  u_exact_mul/U976/ZN (INVD1)                             0.02       0.27 f
  u_exact_mul/U980/ZN (ND3D1)                             0.03       0.30 r
  u_exact_mul/U125/Z (BUFFD1)                             0.04       0.34 r
  u_exact_mul/U384/Z (BUFFD1)                             0.04       0.37 r
  u_exact_mul/U981/ZN (MOAI22D1)                          0.02       0.39 f
  u_exact_mul/U9/ZN (AOI221D0)                            0.10       0.49 r
  u_exact_mul/U982/ZN (MUX2ND0)                           0.08       0.57 f
  u_exact_mul/U996/CO (HA1D0)                             0.05       0.62 f
  u_exact_mul/U_fp_mult/mult_x_13/U256/COX (CMPE42D1)     0.05       0.67 f
  u_exact_mul/U_fp_mult/mult_x_13/U252/COX (CMPE42D1)     0.05       0.72 f
  u_exact_mul/U_fp_mult/mult_x_13/U248/COX (CMPE42D1)     0.05       0.77 f
  u_exact_mul/U1631/COX (CMPE42D1)                        0.05       0.82 f
  u_exact_mul/U1634/COX (CMPE42D1)                        0.05       0.88 f
  u_exact_mul/U_fp_mult/mult_x_13/U236/CO (CMPE42D1)      0.08       0.95 f
  u_exact_mul/U_fp_mult/mult_x_13/U232/CO (CMPE42D1)      0.05       1.00 f
  u_exact_mul/U_fp_mult/mult_x_13/U228/CO (CMPE42D1)      0.06       1.06 f
  u_exact_mul/U1633/COX (CMPE42D1)                        0.09       1.15 f
  u_exact_mul/U_fp_mult/mult_x_13/U219/CO (CMPE42D1)      0.08       1.23 f
  u_exact_mul/U1632/CO (CMPE42D1)                         0.05       1.28 f
  u_exact_mul/U1413/CO (FA1D0)                            0.11       1.39 f
  u_exact_mul/U1629/S (CMPE42D1)                          0.11       1.49 r
  u_exact_mul/U_fp_mult/mult_x_13/clk_r_REG133_S3/D (DFQD1)
                                                          0.00       1.49 r
  data arrival time                                                  1.49

  clock clk (rise edge)                                   1.50       1.50
  clock network delay (ideal)                             0.00       1.50
  u_exact_mul/U_fp_mult/mult_x_13/clk_r_REG133_S3/CP (DFQD1)
                                                          0.00       1.50 r
  library setup time                                     -0.01       1.49
  data required time                                                 1.49
  --------------------------------------------------------------------------
  data required time                                                 1.49
  data arrival time                                                 -1.49
  --------------------------------------------------------------------------
  slack (MET)                                                        0.00


  Startpoint: u_exact_mul/U_fp_mult/mult_x_13/clk_r_REG195_S2
              (rising edge-triggered flip-flop clocked by clk)
  Endpoint: u_exact_mul/U_fp_mult/mult_x_13/clk_r_REG133_S3
            (rising edge-triggered flip-flop clocked by clk)
  Path Group: clk
  Path Type: max

  Des/Clust/Port     Wire Load Model       Library
  ------------------------------------------------
  exact_fp32_mul_7stage
                     ZeroWireload          tcbn65gplustc_ccs
  exact_fp32_mul_7stage_DW_lp_piped_fp_mult_J1_0
                     ZeroWireload          tcbn65gplustc_ccs

  Point                                                   Incr       Path
  --------------------------------------------------------------------------
  clock clk (rise edge)                                   0.00       0.00
  clock network delay (ideal)                             0.00       0.00
  u_exact_mul/U_fp_mult/mult_x_13/clk_r_REG195_S2/CP (DFQD1)
                                                          0.00       0.00 r
  u_exact_mul/U_fp_mult/mult_x_13/clk_r_REG195_S2/Q (DFQD1)
                                                          0.09       0.09 r
  u_exact_mul/U959/Z (CKBD1)                              0.03       0.13 r
  u_exact_mul/U965/Z (CKBD1)                              0.04       0.17 r
  u_exact_mul/U966/ZN (INVD1)                             0.01       0.18 f
  u_exact_mul/U967/ZN (MUX2ND0)                           0.06       0.24 r
  u_exact_mul/U976/ZN (INVD1)                             0.02       0.27 f
  u_exact_mul/U980/ZN (ND3D1)                             0.03       0.30 r
  u_exact_mul/U125/Z (BUFFD1)                             0.04       0.34 r
  u_exact_mul/U384/Z (BUFFD1)                             0.04       0.37 r
  u_exact_mul/U981/ZN (MOAI22D1)                          0.02       0.39 f
  u_exact_mul/U9/ZN (AOI221D0)                            0.10       0.49 r
  u_exact_mul/U982/ZN (MUX2ND0)                           0.08       0.57 f
  u_exact_mul/U996/CO (HA1D0)                             0.05       0.62 f
  u_exact_mul/U_fp_mult/mult_x_13/U256/COX (CMPE42D1)     0.05       0.67 f
  u_exact_mul/U_fp_mult/mult_x_13/U252/COX (CMPE42D1)     0.05       0.72 f
  u_exact_mul/U_fp_mult/mult_x_13/U248/COX (CMPE42D1)     0.05       0.77 f
  u_exact_mul/U1631/COX (CMPE42D1)                        0.05       0.82 f
  u_exact_mul/U1634/COX (CMPE42D1)                        0.05       0.88 f
  u_exact_mul/U_fp_mult/mult_x_13/U236/CO (CMPE42D1)      0.08       0.95 f
  u_exact_mul/U_fp_mult/mult_x_13/U232/CO (CMPE42D1)      0.05       1.00 f
  u_exact_mul/U_fp_mult/mult_x_13/U228/CO (CMPE42D1)      0.06       1.06 f
  u_exact_mul/U1633/COX (CMPE42D1)                        0.09       1.15 f
  u_exact_mul/U_fp_mult/mult_x_13/U219/CO (CMPE42D1)      0.08       1.23 f
  u_exact_mul/U1632/CO (CMPE42D1)                         0.05       1.28 f
  u_exact_mul/U1413/CO (FA1D0)                            0.11       1.39 f
  u_exact_mul/U1629/S (CMPE42D1)                          0.11       1.49 r
  u_exact_mul/U_fp_mult/mult_x_13/clk_r_REG133_S3/D (DFQD1)
                                                          0.00       1.49 r
  data arrival time                                                  1.49

  clock clk (rise edge)                                   1.50       1.50
  clock network delay (ideal)                             0.00       1.50
  u_exact_mul/U_fp_mult/mult_x_13/clk_r_REG133_S3/CP (DFQD1)
                                                          0.00       1.50 r
  library setup time                                     -0.01       1.49
  data required time                                                 1.49
  --------------------------------------------------------------------------
  data required time                                                 1.49
  data arrival time                                                 -1.49
  --------------------------------------------------------------------------
  slack (MET)                                                        0.00


  Startpoint: u_exact_mul/U_fp_mult/mult_x_13/clk_r_REG195_S2
              (rising edge-triggered flip-flop clocked by clk)
  Endpoint: u_exact_mul/U_fp_mult/mult_x_13/clk_r_REG133_S3
            (rising edge-triggered flip-flop clocked by clk)
  Path Group: clk
  Path Type: max

  Des/Clust/Port     Wire Load Model       Library
  ------------------------------------------------
  exact_fp32_mul_7stage
                     ZeroWireload          tcbn65gplustc_ccs
  exact_fp32_mul_7stage_DW_lp_piped_fp_mult_J1_0
                     ZeroWireload          tcbn65gplustc_ccs

  Point                                                   Incr       Path
  --------------------------------------------------------------------------
  clock clk (rise edge)                                   0.00       0.00
  clock network delay (ideal)                             0.00       0.00
  u_exact_mul/U_fp_mult/mult_x_13/clk_r_REG195_S2/CP (DFQD1)
                                                          0.00       0.00 r
  u_exact_mul/U_fp_mult/mult_x_13/clk_r_REG195_S2/Q (DFQD1)
                                                          0.09       0.09 r
  u_exact_mul/U959/Z (CKBD1)                              0.03       0.13 r
  u_exact_mul/U965/Z (CKBD1)                              0.04       0.17 r
  u_exact_mul/U966/ZN (INVD1)                             0.01       0.18 f
  u_exact_mul/U967/ZN (MUX2ND0)                           0.06       0.24 r
  u_exact_mul/U976/ZN (INVD1)                             0.02       0.27 f
  u_exact_mul/U980/ZN (ND3D1)                             0.03       0.30 r
  u_exact_mul/U125/Z (BUFFD1)                             0.04       0.34 r
  u_exact_mul/U384/Z (BUFFD1)                             0.04       0.37 r
  u_exact_mul/U981/ZN (MOAI22D1)                          0.02       0.39 f
  u_exact_mul/U9/ZN (AOI221D0)                            0.10       0.49 r
  u_exact_mul/U982/ZN (MUX2ND0)                           0.08       0.57 f
  u_exact_mul/U996/CO (HA1D0)                             0.05       0.62 f
  u_exact_mul/U_fp_mult/mult_x_13/U256/COX (CMPE42D1)     0.05       0.67 f
  u_exact_mul/U_fp_mult/mult_x_13/U252/COX (CMPE42D1)     0.05       0.72 f
  u_exact_mul/U_fp_mult/mult_x_13/U248/COX (CMPE42D1)     0.05       0.77 f
  u_exact_mul/U1631/COX (CMPE42D1)                        0.05       0.82 f
  u_exact_mul/U1634/COX (CMPE42D1)                        0.05       0.88 f
  u_exact_mul/U_fp_mult/mult_x_13/U236/CO (CMPE42D1)      0.08       0.95 f
  u_exact_mul/U_fp_mult/mult_x_13/U232/CO (CMPE42D1)      0.05       1.00 f
  u_exact_mul/U_fp_mult/mult_x_13/U228/CO (CMPE42D1)      0.06       1.06 f
  u_exact_mul/U1633/COX (CMPE42D1)                        0.09       1.15 f
  u_exact_mul/U_fp_mult/mult_x_13/U219/CO (CMPE42D1)      0.08       1.23 f
  u_exact_mul/U1632/CO (CMPE42D1)                         0.05       1.28 f
  u_exact_mul/U1413/CO (FA1D0)                            0.11       1.39 f
  u_exact_mul/U1629/S (CMPE42D1)                          0.11       1.49 r
  u_exact_mul/U_fp_mult/mult_x_13/clk_r_REG133_S3/D (DFQD1)
                                                          0.00       1.49 r
  data arrival time                                                  1.49

  clock clk (rise edge)                                   1.50       1.50
  clock network delay (ideal)                             0.00       1.50
  u_exact_mul/U_fp_mult/mult_x_13/clk_r_REG133_S3/CP (DFQD1)
                                                          0.00       1.50 r
  library setup time                                     -0.01       1.49
  data required time                                                 1.49
  --------------------------------------------------------------------------
  data required time                                                 1.49
  data arrival time                                                 -1.49
  --------------------------------------------------------------------------
  slack (MET)                                                        0.00


  Startpoint: u_exact_mul/U_fp_mult/mult_x_13/clk_r_REG195_S2
              (rising edge-triggered flip-flop clocked by clk)
  Endpoint: u_exact_mul/U_fp_mult/mult_x_13/clk_r_REG133_S3
            (rising edge-triggered flip-flop clocked by clk)
  Path Group: clk
  Path Type: max

  Des/Clust/Port     Wire Load Model       Library
  ------------------------------------------------
  exact_fp32_mul_7stage
                     ZeroWireload          tcbn65gplustc_ccs
  exact_fp32_mul_7stage_DW_lp_piped_fp_mult_J1_0
                     ZeroWireload          tcbn65gplustc_ccs

  Point                                                   Incr       Path
  --------------------------------------------------------------------------
  clock clk (rise edge)                                   0.00       0.00
  clock network delay (ideal)                             0.00       0.00
  u_exact_mul/U_fp_mult/mult_x_13/clk_r_REG195_S2/CP (DFQD1)
                                                          0.00       0.00 r
  u_exact_mul/U_fp_mult/mult_x_13/clk_r_REG195_S2/Q (DFQD1)
                                                          0.09       0.09 r
  u_exact_mul/U959/Z (CKBD1)                              0.03       0.13 r
  u_exact_mul/U965/Z (CKBD1)                              0.04       0.17 r
  u_exact_mul/U966/ZN (INVD1)                             0.01       0.18 f
  u_exact_mul/U967/ZN (MUX2ND0)                           0.06       0.24 r
  u_exact_mul/U976/ZN (INVD1)                             0.02       0.27 f
  u_exact_mul/U980/ZN (ND3D1)                             0.03       0.30 r
  u_exact_mul/U125/Z (BUFFD1)                             0.04       0.34 r
  u_exact_mul/U384/Z (BUFFD1)                             0.04       0.37 r
  u_exact_mul/U981/ZN (MOAI22D1)                          0.02       0.39 f
  u_exact_mul/U9/ZN (AOI221D0)                            0.10       0.49 r
  u_exact_mul/U982/ZN (MUX2ND0)                           0.08       0.57 f
  u_exact_mul/U996/CO (HA1D0)                             0.05       0.62 f
  u_exact_mul/U_fp_mult/mult_x_13/U256/COX (CMPE42D1)     0.05       0.67 f
  u_exact_mul/U_fp_mult/mult_x_13/U252/COX (CMPE42D1)     0.05       0.72 f
  u_exact_mul/U_fp_mult/mult_x_13/U248/COX (CMPE42D1)     0.05       0.77 f
  u_exact_mul/U1631/COX (CMPE42D1)                        0.05       0.82 f
  u_exact_mul/U1634/COX (CMPE42D1)                        0.05       0.88 f
  u_exact_mul/U_fp_mult/mult_x_13/U236/CO (CMPE42D1)      0.08       0.95 f
  u_exact_mul/U_fp_mult/mult_x_13/U232/CO (CMPE42D1)      0.05       1.00 f
  u_exact_mul/U_fp_mult/mult_x_13/U228/CO (CMPE42D1)      0.06       1.06 f
  u_exact_mul/U1633/COX (CMPE42D1)                        0.09       1.15 f
  u_exact_mul/U_fp_mult/mult_x_13/U219/CO (CMPE42D1)      0.08       1.23 f
  u_exact_mul/U1632/CO (CMPE42D1)                         0.05       1.28 f
  u_exact_mul/U1413/CO (FA1D0)                            0.11       1.39 f
  u_exact_mul/U1629/S (CMPE42D1)                          0.11       1.49 r
  u_exact_mul/U_fp_mult/mult_x_13/clk_r_REG133_S3/D (DFQD1)
                                                          0.00       1.49 r
  data arrival time                                                  1.49

  clock clk (rise edge)                                   1.50       1.50
  clock network delay (ideal)                             0.00       1.50
  u_exact_mul/U_fp_mult/mult_x_13/clk_r_REG133_S3/CP (DFQD1)
                                                          0.00       1.50 r
  library setup time                                     -0.01       1.49
  data required time                                                 1.49
  --------------------------------------------------------------------------
  data required time                                                 1.49
  data arrival time                                                 -1.49
  --------------------------------------------------------------------------
  slack (MET)                                                        0.00


  Startpoint: u_exact_mul/U_fp_mult/mult_x_13/clk_r_REG195_S2
              (rising edge-triggered flip-flop clocked by clk)
  Endpoint: u_exact_mul/U_fp_mult/mult_x_13/clk_r_REG133_S3
            (rising edge-triggered flip-flop clocked by clk)
  Path Group: clk
  Path Type: max

  Des/Clust/Port     Wire Load Model       Library
  ------------------------------------------------
  exact_fp32_mul_7stage
                     ZeroWireload          tcbn65gplustc_ccs
  exact_fp32_mul_7stage_DW_lp_piped_fp_mult_J1_0
                     ZeroWireload          tcbn65gplustc_ccs

  Point                                                   Incr       Path
  --------------------------------------------------------------------------
  clock clk (rise edge)                                   0.00       0.00
  clock network delay (ideal)                             0.00       0.00
  u_exact_mul/U_fp_mult/mult_x_13/clk_r_REG195_S2/CP (DFQD1)
                                                          0.00       0.00 r
  u_exact_mul/U_fp_mult/mult_x_13/clk_r_REG195_S2/Q (DFQD1)
                                                          0.09       0.09 r
  u_exact_mul/U959/Z (CKBD1)                              0.03       0.13 r
  u_exact_mul/U965/Z (CKBD1)                              0.04       0.17 r
  u_exact_mul/U966/ZN (INVD1)                             0.01       0.18 f
  u_exact_mul/U967/ZN (MUX2ND0)                           0.06       0.24 r
  u_exact_mul/U976/ZN (INVD1)                             0.02       0.27 f
  u_exact_mul/U980/ZN (ND3D1)                             0.03       0.30 r
  u_exact_mul/U125/Z (BUFFD1)                             0.04       0.34 r
  u_exact_mul/U384/Z (BUFFD1)                             0.04       0.37 r
  u_exact_mul/U981/ZN (MOAI22D1)                          0.02       0.39 f
  u_exact_mul/U9/ZN (AOI221D0)                            0.10       0.49 r
  u_exact_mul/U982/ZN (MUX2ND0)                           0.08       0.57 f
  u_exact_mul/U996/CO (HA1D0)                             0.05       0.62 f
  u_exact_mul/U_fp_mult/mult_x_13/U256/COX (CMPE42D1)     0.05       0.67 f
  u_exact_mul/U_fp_mult/mult_x_13/U252/COX (CMPE42D1)     0.05       0.72 f
  u_exact_mul/U_fp_mult/mult_x_13/U248/COX (CMPE42D1)     0.05       0.77 f
  u_exact_mul/U1631/COX (CMPE42D1)                        0.05       0.82 f
  u_exact_mul/U1634/COX (CMPE42D1)                        0.05       0.88 f
  u_exact_mul/U_fp_mult/mult_x_13/U236/CO (CMPE42D1)      0.08       0.95 f
  u_exact_mul/U_fp_mult/mult_x_13/U232/CO (CMPE42D1)      0.05       1.00 f
  u_exact_mul/U_fp_mult/mult_x_13/U228/CO (CMPE42D1)      0.06       1.06 f
  u_exact_mul/U1633/COX (CMPE42D1)                        0.09       1.15 f
  u_exact_mul/U_fp_mult/mult_x_13/U219/CO (CMPE42D1)      0.08       1.23 f
  u_exact_mul/U1632/CO (CMPE42D1)                         0.05       1.28 f
  u_exact_mul/U1413/CO (FA1D0)                            0.11       1.39 f
  u_exact_mul/U1629/S (CMPE42D1)                          0.11       1.49 r
  u_exact_mul/U_fp_mult/mult_x_13/clk_r_REG133_S3/D (DFQD1)
                                                          0.00       1.49 r
  data arrival time                                                  1.49

  clock clk (rise edge)                                   1.50       1.50
  clock network delay (ideal)                             0.00       1.50
  u_exact_mul/U_fp_mult/mult_x_13/clk_r_REG133_S3/CP (DFQD1)
                                                          0.00       1.50 r
  library setup time                                     -0.01       1.49
  data required time                                                 1.49
  --------------------------------------------------------------------------
  data required time                                                 1.49
  data arrival time                                                 -1.49
  --------------------------------------------------------------------------
  slack (MET)                                                        0.00


  Startpoint: u_exact_mul/U_fp_mult/mult_x_13/clk_r_REG195_S2
              (rising edge-triggered flip-flop clocked by clk)
  Endpoint: u_exact_mul/U_fp_mult/mult_x_13/clk_r_REG133_S3
            (rising edge-triggered flip-flop clocked by clk)
  Path Group: clk
  Path Type: max

  Des/Clust/Port     Wire Load Model       Library
  ------------------------------------------------
  exact_fp32_mul_7stage
                     ZeroWireload          tcbn65gplustc_ccs
  exact_fp32_mul_7stage_DW_lp_piped_fp_mult_J1_0
                     ZeroWireload          tcbn65gplustc_ccs

  Point                                                   Incr       Path
  --------------------------------------------------------------------------
  clock clk (rise edge)                                   0.00       0.00
  clock network delay (ideal)                             0.00       0.00
  u_exact_mul/U_fp_mult/mult_x_13/clk_r_REG195_S2/CP (DFQD1)
                                                          0.00       0.00 r
  u_exact_mul/U_fp_mult/mult_x_13/clk_r_REG195_S2/Q (DFQD1)
                                                          0.09       0.09 r
  u_exact_mul/U959/Z (CKBD1)                              0.03       0.13 r
  u_exact_mul/U965/Z (CKBD1)                              0.04       0.17 r
  u_exact_mul/U966/ZN (INVD1)                             0.01       0.18 f
  u_exact_mul/U967/ZN (MUX2ND0)                           0.06       0.24 r
  u_exact_mul/U976/ZN (INVD1)                             0.02       0.27 f
  u_exact_mul/U980/ZN (ND3D1)                             0.03       0.30 r
  u_exact_mul/U125/Z (BUFFD1)                             0.04       0.34 r
  u_exact_mul/U384/Z (BUFFD1)                             0.04       0.37 r
  u_exact_mul/U981/ZN (MOAI22D1)                          0.02       0.39 f
  u_exact_mul/U9/ZN (AOI221D0)                            0.10       0.49 r
  u_exact_mul/U982/ZN (MUX2ND0)                           0.08       0.57 f
  u_exact_mul/U996/CO (HA1D0)                             0.05       0.62 f
  u_exact_mul/U_fp_mult/mult_x_13/U256/COX (CMPE42D1)     0.05       0.67 f
  u_exact_mul/U_fp_mult/mult_x_13/U252/COX (CMPE42D1)     0.05       0.72 f
  u_exact_mul/U_fp_mult/mult_x_13/U248/COX (CMPE42D1)     0.05       0.77 f
  u_exact_mul/U1631/COX (CMPE42D1)                        0.05       0.82 f
  u_exact_mul/U1634/COX (CMPE42D1)                        0.05       0.88 f
  u_exact_mul/U_fp_mult/mult_x_13/U236/CO (CMPE42D1)      0.08       0.95 f
  u_exact_mul/U_fp_mult/mult_x_13/U232/CO (CMPE42D1)      0.05       1.00 f
  u_exact_mul/U_fp_mult/mult_x_13/U228/CO (CMPE42D1)      0.06       1.06 f
  u_exact_mul/U1633/COX (CMPE42D1)                        0.09       1.15 f
  u_exact_mul/U_fp_mult/mult_x_13/U219/CO (CMPE42D1)      0.08       1.23 f
  u_exact_mul/U1632/CO (CMPE42D1)                         0.05       1.28 f
  u_exact_mul/U1413/CO (FA1D0)                            0.11       1.39 f
  u_exact_mul/U1629/S (CMPE42D1)                          0.11       1.49 r
  u_exact_mul/U_fp_mult/mult_x_13/clk_r_REG133_S3/D (DFQD1)
                                                          0.00       1.49 r
  data arrival time                                                  1.49

  clock clk (rise edge)                                   1.50       1.50
  clock network delay (ideal)                             0.00       1.50
  u_exact_mul/U_fp_mult/mult_x_13/clk_r_REG133_S3/CP (DFQD1)
                                                          0.00       1.50 r
  library setup time                                     -0.01       1.49
  data required time                                                 1.49
  --------------------------------------------------------------------------
  data required time                                                 1.49
  data arrival time                                                 -1.49
  --------------------------------------------------------------------------
  slack (MET)                                                        0.00


  Startpoint: u_exact_mul/U_fp_mult/mult_x_13/clk_r_REG195_S2
              (rising edge-triggered flip-flop clocked by clk)
  Endpoint: u_exact_mul/U_fp_mult/mult_x_13/clk_r_REG133_S3
            (rising edge-triggered flip-flop clocked by clk)
  Path Group: clk
  Path Type: max

  Des/Clust/Port     Wire Load Model       Library
  ------------------------------------------------
  exact_fp32_mul_7stage
                     ZeroWireload          tcbn65gplustc_ccs
  exact_fp32_mul_7stage_DW_lp_piped_fp_mult_J1_0
                     ZeroWireload          tcbn65gplustc_ccs

  Point                                                   Incr       Path
  --------------------------------------------------------------------------
  clock clk (rise edge)                                   0.00       0.00
  clock network delay (ideal)                             0.00       0.00
  u_exact_mul/U_fp_mult/mult_x_13/clk_r_REG195_S2/CP (DFQD1)
                                                          0.00       0.00 r
  u_exact_mul/U_fp_mult/mult_x_13/clk_r_REG195_S2/Q (DFQD1)
                                                          0.09       0.09 r
  u_exact_mul/U959/Z (CKBD1)                              0.03       0.13 r
  u_exact_mul/U965/Z (CKBD1)                              0.04       0.17 r
  u_exact_mul/U966/ZN (INVD1)                             0.01       0.18 f
  u_exact_mul/U967/ZN (MUX2ND0)                           0.06       0.24 r
  u_exact_mul/U976/ZN (INVD1)                             0.02       0.27 f
  u_exact_mul/U980/ZN (ND3D1)                             0.03       0.30 r
  u_exact_mul/U125/Z (BUFFD1)                             0.04       0.34 r
  u_exact_mul/U384/Z (BUFFD1)                             0.04       0.37 r
  u_exact_mul/U981/ZN (MOAI22D1)                          0.02       0.39 f
  u_exact_mul/U9/ZN (AOI221D0)                            0.10       0.49 r
  u_exact_mul/U982/ZN (MUX2ND0)                           0.08       0.57 f
  u_exact_mul/U996/CO (HA1D0)                             0.05       0.62 f
  u_exact_mul/U_fp_mult/mult_x_13/U256/COX (CMPE42D1)     0.05       0.67 f
  u_exact_mul/U_fp_mult/mult_x_13/U252/COX (CMPE42D1)     0.05       0.72 f
  u_exact_mul/U_fp_mult/mult_x_13/U248/COX (CMPE42D1)     0.05       0.77 f
  u_exact_mul/U1631/COX (CMPE42D1)                        0.05       0.82 f
  u_exact_mul/U1634/COX (CMPE42D1)                        0.05       0.88 f
  u_exact_mul/U_fp_mult/mult_x_13/U236/CO (CMPE42D1)      0.08       0.95 f
  u_exact_mul/U_fp_mult/mult_x_13/U232/CO (CMPE42D1)      0.05       1.00 f
  u_exact_mul/U_fp_mult/mult_x_13/U228/CO (CMPE42D1)      0.06       1.06 f
  u_exact_mul/U1633/COX (CMPE42D1)                        0.09       1.15 f
  u_exact_mul/U_fp_mult/mult_x_13/U219/CO (CMPE42D1)      0.08       1.23 f
  u_exact_mul/U1632/CO (CMPE42D1)                         0.05       1.28 f
  u_exact_mul/U1413/CO (FA1D0)                            0.11       1.39 f
  u_exact_mul/U1629/S (CMPE42D1)                          0.11       1.49 r
  u_exact_mul/U_fp_mult/mult_x_13/clk_r_REG133_S3/D (DFQD1)
                                                          0.00       1.49 r
  data arrival time                                                  1.49

  clock clk (rise edge)                                   1.50       1.50
  clock network delay (ideal)                             0.00       1.50
  u_exact_mul/U_fp_mult/mult_x_13/clk_r_REG133_S3/CP (DFQD1)
                                                          0.00       1.50 r
  library setup time                                     -0.01       1.49
  data required time                                                 1.49
  --------------------------------------------------------------------------
  data required time                                                 1.49
  data arrival time                                                 -1.49
  --------------------------------------------------------------------------
  slack (MET)                                                        0.00


  Startpoint: u_exact_mul/U_fp_mult/mult_x_13/clk_r_REG195_S2
              (rising edge-triggered flip-flop clocked by clk)
  Endpoint: u_exact_mul/U_fp_mult/mult_x_13/clk_r_REG133_S3
            (rising edge-triggered flip-flop clocked by clk)
  Path Group: clk
  Path Type: max

  Des/Clust/Port     Wire Load Model       Library
  ------------------------------------------------
  exact_fp32_mul_7stage
                     ZeroWireload          tcbn65gplustc_ccs
  exact_fp32_mul_7stage_DW_lp_piped_fp_mult_J1_0
                     ZeroWireload          tcbn65gplustc_ccs

  Point                                                   Incr       Path
  --------------------------------------------------------------------------
  clock clk (rise edge)                                   0.00       0.00
  clock network delay (ideal)                             0.00       0.00
  u_exact_mul/U_fp_mult/mult_x_13/clk_r_REG195_S2/CP (DFQD1)
                                                          0.00       0.00 r
  u_exact_mul/U_fp_mult/mult_x_13/clk_r_REG195_S2/Q (DFQD1)
                                                          0.09       0.09 r
  u_exact_mul/U959/Z (CKBD1)                              0.03       0.13 r
  u_exact_mul/U965/Z (CKBD1)                              0.04       0.17 r
  u_exact_mul/U966/ZN (INVD1)                             0.01       0.18 f
  u_exact_mul/U967/ZN (MUX2ND0)                           0.06       0.24 r
  u_exact_mul/U976/ZN (INVD1)                             0.02       0.27 f
  u_exact_mul/U980/ZN (ND3D1)                             0.03       0.30 r
  u_exact_mul/U125/Z (BUFFD1)                             0.04       0.34 r
  u_exact_mul/U384/Z (BUFFD1)                             0.04       0.37 r
  u_exact_mul/U981/ZN (MOAI22D1)                          0.02       0.39 f
  u_exact_mul/U9/ZN (AOI221D0)                            0.10       0.49 r
  u_exact_mul/U982/ZN (MUX2ND0)                           0.08       0.57 f
  u_exact_mul/U996/CO (HA1D0)                             0.05       0.62 f
  u_exact_mul/U_fp_mult/mult_x_13/U256/COX (CMPE42D1)     0.05       0.67 f
  u_exact_mul/U_fp_mult/mult_x_13/U252/COX (CMPE42D1)     0.05       0.72 f
  u_exact_mul/U_fp_mult/mult_x_13/U248/COX (CMPE42D1)     0.05       0.77 f
  u_exact_mul/U1631/COX (CMPE42D1)                        0.05       0.82 f
  u_exact_mul/U1634/COX (CMPE42D1)                        0.05       0.88 f
  u_exact_mul/U_fp_mult/mult_x_13/U236/CO (CMPE42D1)      0.08       0.95 f
  u_exact_mul/U_fp_mult/mult_x_13/U232/CO (CMPE42D1)      0.05       1.00 f
  u_exact_mul/U_fp_mult/mult_x_13/U228/CO (CMPE42D1)      0.06       1.06 f
  u_exact_mul/U1633/COX (CMPE42D1)                        0.09       1.15 f
  u_exact_mul/U_fp_mult/mult_x_13/U219/CO (CMPE42D1)      0.08       1.23 f
  u_exact_mul/U1632/CO (CMPE42D1)                         0.05       1.28 f
  u_exact_mul/U1413/CO (FA1D0)                            0.11       1.39 f
  u_exact_mul/U1629/S (CMPE42D1)                          0.11       1.49 r
  u_exact_mul/U_fp_mult/mult_x_13/clk_r_REG133_S3/D (DFQD1)
                                                          0.00       1.49 r
  data arrival time                                                  1.49

  clock clk (rise edge)                                   1.50       1.50
  clock network delay (ideal)                             0.00       1.50
  u_exact_mul/U_fp_mult/mult_x_13/clk_r_REG133_S3/CP (DFQD1)
                                                          0.00       1.50 r
  library setup time                                     -0.01       1.49
  data required time                                                 1.49
  --------------------------------------------------------------------------
  data required time                                                 1.49
  data arrival time                                                 -1.49
  --------------------------------------------------------------------------
  slack (MET)                                                        0.00


  Startpoint: u_exact_mul/U_fp_mult/mult_x_13/clk_r_REG195_S2
              (rising edge-triggered flip-flop clocked by clk)
  Endpoint: u_exact_mul/U_fp_mult/mult_x_13/clk_r_REG133_S3
            (rising edge-triggered flip-flop clocked by clk)
  Path Group: clk
  Path Type: max

  Des/Clust/Port     Wire Load Model       Library
  ------------------------------------------------
  exact_fp32_mul_7stage
                     ZeroWireload          tcbn65gplustc_ccs
  exact_fp32_mul_7stage_DW_lp_piped_fp_mult_J1_0
                     ZeroWireload          tcbn65gplustc_ccs

  Point                                                   Incr       Path
  --------------------------------------------------------------------------
  clock clk (rise edge)                                   0.00       0.00
  clock network delay (ideal)                             0.00       0.00
  u_exact_mul/U_fp_mult/mult_x_13/clk_r_REG195_S2/CP (DFQD1)
                                                          0.00       0.00 r
  u_exact_mul/U_fp_mult/mult_x_13/clk_r_REG195_S2/Q (DFQD1)
                                                          0.09       0.09 r
  u_exact_mul/U959/Z (CKBD1)                              0.03       0.13 r
  u_exact_mul/U965/Z (CKBD1)                              0.04       0.17 r
  u_exact_mul/U966/ZN (INVD1)                             0.01       0.18 f
  u_exact_mul/U967/ZN (MUX2ND0)                           0.06       0.24 r
  u_exact_mul/U976/ZN (INVD1)                             0.02       0.27 f
  u_exact_mul/U980/ZN (ND3D1)                             0.03       0.30 r
  u_exact_mul/U125/Z (BUFFD1)                             0.04       0.34 r
  u_exact_mul/U384/Z (BUFFD1)                             0.04       0.37 r
  u_exact_mul/U981/ZN (MOAI22D1)                          0.02       0.39 f
  u_exact_mul/U9/ZN (AOI221D0)                            0.10       0.49 r
  u_exact_mul/U982/ZN (MUX2ND0)                           0.08       0.57 f
  u_exact_mul/U996/CO (HA1D0)                             0.05       0.62 f
  u_exact_mul/U_fp_mult/mult_x_13/U256/COX (CMPE42D1)     0.05       0.67 f
  u_exact_mul/U_fp_mult/mult_x_13/U252/COX (CMPE42D1)     0.05       0.72 f
  u_exact_mul/U_fp_mult/mult_x_13/U248/COX (CMPE42D1)     0.05       0.77 f
  u_exact_mul/U1631/COX (CMPE42D1)                        0.05       0.82 f
  u_exact_mul/U1634/COX (CMPE42D1)                        0.05       0.88 f
  u_exact_mul/U_fp_mult/mult_x_13/U236/CO (CMPE42D1)      0.08       0.95 f
  u_exact_mul/U_fp_mult/mult_x_13/U232/CO (CMPE42D1)      0.05       1.00 f
  u_exact_mul/U_fp_mult/mult_x_13/U228/CO (CMPE42D1)      0.06       1.06 f
  u_exact_mul/U1633/COX (CMPE42D1)                        0.09       1.15 f
  u_exact_mul/U_fp_mult/mult_x_13/U219/CO (CMPE42D1)      0.08       1.23 f
  u_exact_mul/U1632/CO (CMPE42D1)                         0.05       1.28 f
  u_exact_mul/U1413/CO (FA1D0)                            0.11       1.39 f
  u_exact_mul/U1629/S (CMPE42D1)                          0.11       1.49 r
  u_exact_mul/U_fp_mult/mult_x_13/clk_r_REG133_S3/D (DFQD1)
                                                          0.00       1.49 r
  data arrival time                                                  1.49

  clock clk (rise edge)                                   1.50       1.50
  clock network delay (ideal)                             0.00       1.50
  u_exact_mul/U_fp_mult/mult_x_13/clk_r_REG133_S3/CP (DFQD1)
                                                          0.00       1.50 r
  library setup time                                     -0.01       1.49
  data required time                                                 1.49
  --------------------------------------------------------------------------
  data required time                                                 1.49
  data arrival time                                                 -1.49
  --------------------------------------------------------------------------
  slack (MET)                                                        0.00


  Startpoint: u_exact_mul/U_fp_mult/mult_x_13/clk_r_REG195_S2
              (rising edge-triggered flip-flop clocked by clk)
  Endpoint: u_exact_mul/U_fp_mult/mult_x_13/clk_r_REG133_S3
            (rising edge-triggered flip-flop clocked by clk)
  Path Group: clk
  Path Type: max

  Des/Clust/Port     Wire Load Model       Library
  ------------------------------------------------
  exact_fp32_mul_7stage
                     ZeroWireload          tcbn65gplustc_ccs
  exact_fp32_mul_7stage_DW_lp_piped_fp_mult_J1_0
                     ZeroWireload          tcbn65gplustc_ccs

  Point                                                   Incr       Path
  --------------------------------------------------------------------------
  clock clk (rise edge)                                   0.00       0.00
  clock network delay (ideal)                             0.00       0.00
  u_exact_mul/U_fp_mult/mult_x_13/clk_r_REG195_S2/CP (DFQD1)
                                                          0.00       0.00 r
  u_exact_mul/U_fp_mult/mult_x_13/clk_r_REG195_S2/Q (DFQD1)
                                                          0.09       0.09 r
  u_exact_mul/U959/Z (CKBD1)                              0.03       0.13 r
  u_exact_mul/U965/Z (CKBD1)                              0.04       0.17 r
  u_exact_mul/U966/ZN (INVD1)                             0.01       0.18 f
  u_exact_mul/U967/ZN (MUX2ND0)                           0.06       0.24 r
  u_exact_mul/U976/ZN (INVD1)                             0.02       0.27 f
  u_exact_mul/U980/ZN (ND3D1)                             0.03       0.30 r
  u_exact_mul/U125/Z (BUFFD1)                             0.04       0.34 r
  u_exact_mul/U384/Z (BUFFD1)                             0.04       0.37 r
  u_exact_mul/U981/ZN (MOAI22D1)                          0.02       0.39 f
  u_exact_mul/U9/ZN (AOI221D0)                            0.10       0.49 r
  u_exact_mul/U982/ZN (MUX2ND0)                           0.08       0.57 f
  u_exact_mul/U996/CO (HA1D0)                             0.05       0.62 f
  u_exact_mul/U_fp_mult/mult_x_13/U256/COX (CMPE42D1)     0.05       0.67 f
  u_exact_mul/U_fp_mult/mult_x_13/U252/COX (CMPE42D1)     0.05       0.72 f
  u_exact_mul/U_fp_mult/mult_x_13/U248/COX (CMPE42D1)     0.05       0.77 f
  u_exact_mul/U1631/COX (CMPE42D1)                        0.05       0.82 f
  u_exact_mul/U1634/COX (CMPE42D1)                        0.05       0.88 f
  u_exact_mul/U_fp_mult/mult_x_13/U236/CO (CMPE42D1)      0.08       0.95 f
  u_exact_mul/U_fp_mult/mult_x_13/U232/CO (CMPE42D1)      0.05       1.00 f
  u_exact_mul/U_fp_mult/mult_x_13/U228/CO (CMPE42D1)      0.06       1.06 f
  u_exact_mul/U1633/COX (CMPE42D1)                        0.09       1.15 f
  u_exact_mul/U_fp_mult/mult_x_13/U219/CO (CMPE42D1)      0.08       1.23 f
  u_exact_mul/U1632/CO (CMPE42D1)                         0.05       1.28 f
  u_exact_mul/U1413/CO (FA1D0)                            0.11       1.39 f
  u_exact_mul/U1629/S (CMPE42D1)                          0.11       1.49 r
  u_exact_mul/U_fp_mult/mult_x_13/clk_r_REG133_S3/D (DFQD1)
                                                          0.00       1.49 r
  data arrival time                                                  1.49

  clock clk (rise edge)                                   1.50       1.50
  clock network delay (ideal)                             0.00       1.50
  u_exact_mul/U_fp_mult/mult_x_13/clk_r_REG133_S3/CP (DFQD1)
                                                          0.00       1.50 r
  library setup time                                     -0.01       1.49
  data required time                                                 1.49
  --------------------------------------------------------------------------
  data required time                                                 1.49
  data arrival time                                                 -1.49
  --------------------------------------------------------------------------
  slack (MET)                                                        0.00


  Startpoint: u_exact_mul/U_fp_mult/mult_x_13/clk_r_REG195_S2
              (rising edge-triggered flip-flop clocked by clk)
  Endpoint: u_exact_mul/U_fp_mult/mult_x_13/clk_r_REG133_S3
            (rising edge-triggered flip-flop clocked by clk)
  Path Group: clk
  Path Type: max

  Des/Clust/Port     Wire Load Model       Library
  ------------------------------------------------
  exact_fp32_mul_7stage
                     ZeroWireload          tcbn65gplustc_ccs
  exact_fp32_mul_7stage_DW_lp_piped_fp_mult_J1_0
                     ZeroWireload          tcbn65gplustc_ccs

  Point                                                   Incr       Path
  --------------------------------------------------------------------------
  clock clk (rise edge)                                   0.00       0.00
  clock network delay (ideal)                             0.00       0.00
  u_exact_mul/U_fp_mult/mult_x_13/clk_r_REG195_S2/CP (DFQD1)
                                                          0.00       0.00 r
  u_exact_mul/U_fp_mult/mult_x_13/clk_r_REG195_S2/Q (DFQD1)
                                                          0.09       0.09 r
  u_exact_mul/U959/Z (CKBD1)                              0.03       0.13 r
  u_exact_mul/U965/Z (CKBD1)                              0.04       0.17 r
  u_exact_mul/U966/ZN (INVD1)                             0.01       0.18 f
  u_exact_mul/U967/ZN (MUX2ND0)                           0.06       0.24 r
  u_exact_mul/U976/ZN (INVD1)                             0.02       0.27 f
  u_exact_mul/U980/ZN (ND3D1)                             0.03       0.30 r
  u_exact_mul/U125/Z (BUFFD1)                             0.04       0.34 r
  u_exact_mul/U384/Z (BUFFD1)                             0.04       0.37 r
  u_exact_mul/U981/ZN (MOAI22D1)                          0.02       0.39 f
  u_exact_mul/U9/ZN (AOI221D0)                            0.10       0.49 r
  u_exact_mul/U982/ZN (MUX2ND0)                           0.08       0.57 f
  u_exact_mul/U996/CO (HA1D0)                             0.05       0.62 f
  u_exact_mul/U_fp_mult/mult_x_13/U256/COX (CMPE42D1)     0.05       0.67 f
  u_exact_mul/U_fp_mult/mult_x_13/U252/COX (CMPE42D1)     0.05       0.72 f
  u_exact_mul/U_fp_mult/mult_x_13/U248/COX (CMPE42D1)     0.05       0.77 f
  u_exact_mul/U1631/COX (CMPE42D1)                        0.05       0.82 f
  u_exact_mul/U1634/COX (CMPE42D1)                        0.05       0.88 f
  u_exact_mul/U_fp_mult/mult_x_13/U236/CO (CMPE42D1)      0.08       0.95 f
  u_exact_mul/U_fp_mult/mult_x_13/U232/CO (CMPE42D1)      0.05       1.00 f
  u_exact_mul/U_fp_mult/mult_x_13/U228/CO (CMPE42D1)      0.06       1.06 f
  u_exact_mul/U1633/COX (CMPE42D1)                        0.09       1.15 f
  u_exact_mul/U_fp_mult/mult_x_13/U219/CO (CMPE42D1)      0.08       1.23 f
  u_exact_mul/U1632/CO (CMPE42D1)                         0.05       1.28 f
  u_exact_mul/U1413/CO (FA1D0)                            0.11       1.39 f
  u_exact_mul/U1629/S (CMPE42D1)                          0.11       1.49 r
  u_exact_mul/U_fp_mult/mult_x_13/clk_r_REG133_S3/D (DFQD1)
                                                          0.00       1.49 r
  data arrival time                                                  1.49

  clock clk (rise edge)                                   1.50       1.50
  clock network delay (ideal)                             0.00       1.50
  u_exact_mul/U_fp_mult/mult_x_13/clk_r_REG133_S3/CP (DFQD1)
                                                          0.00       1.50 r
  library setup time                                     -0.01       1.49
  data required time                                                 1.49
  --------------------------------------------------------------------------
  data required time                                                 1.49
  data arrival time                                                 -1.49
  --------------------------------------------------------------------------
  slack (MET)                                                        0.00


  Startpoint: u_exact_mul/U_fp_mult/mult_x_13/clk_r_REG195_S2
              (rising edge-triggered flip-flop clocked by clk)
  Endpoint: u_exact_mul/U_fp_mult/mult_x_13/clk_r_REG133_S3
            (rising edge-triggered flip-flop clocked by clk)
  Path Group: clk
  Path Type: max

  Des/Clust/Port     Wire Load Model       Library
  ------------------------------------------------
  exact_fp32_mul_7stage
                     ZeroWireload          tcbn65gplustc_ccs
  exact_fp32_mul_7stage_DW_lp_piped_fp_mult_J1_0
                     ZeroWireload          tcbn65gplustc_ccs

  Point                                                   Incr       Path
  --------------------------------------------------------------------------
  clock clk (rise edge)                                   0.00       0.00
  clock network delay (ideal)                             0.00       0.00
  u_exact_mul/U_fp_mult/mult_x_13/clk_r_REG195_S2/CP (DFQD1)
                                                          0.00       0.00 r
  u_exact_mul/U_fp_mult/mult_x_13/clk_r_REG195_S2/Q (DFQD1)
                                                          0.09       0.09 r
  u_exact_mul/U959/Z (CKBD1)                              0.03       0.13 r
  u_exact_mul/U965/Z (CKBD1)                              0.04       0.17 r
  u_exact_mul/U966/ZN (INVD1)                             0.01       0.18 f
  u_exact_mul/U967/ZN (MUX2ND0)                           0.06       0.24 r
  u_exact_mul/U976/ZN (INVD1)                             0.02       0.27 f
  u_exact_mul/U980/ZN (ND3D1)                             0.03       0.30 r
  u_exact_mul/U125/Z (BUFFD1)                             0.04       0.34 r
  u_exact_mul/U384/Z (BUFFD1)                             0.04       0.37 r
  u_exact_mul/U981/ZN (MOAI22D1)                          0.02       0.39 f
  u_exact_mul/U9/ZN (AOI221D0)                            0.10       0.49 r
  u_exact_mul/U982/ZN (MUX2ND0)                           0.08       0.57 f
  u_exact_mul/U996/CO (HA1D0)                             0.05       0.62 f
  u_exact_mul/U_fp_mult/mult_x_13/U256/COX (CMPE42D1)     0.05       0.67 f
  u_exact_mul/U_fp_mult/mult_x_13/U252/COX (CMPE42D1)     0.05       0.72 f
  u_exact_mul/U_fp_mult/mult_x_13/U248/COX (CMPE42D1)     0.05       0.77 f
  u_exact_mul/U1631/COX (CMPE42D1)                        0.05       0.82 f
  u_exact_mul/U1634/COX (CMPE42D1)                        0.05       0.88 f
  u_exact_mul/U_fp_mult/mult_x_13/U236/CO (CMPE42D1)      0.08       0.95 f
  u_exact_mul/U_fp_mult/mult_x_13/U232/CO (CMPE42D1)      0.05       1.00 f
  u_exact_mul/U_fp_mult/mult_x_13/U228/CO (CMPE42D1)      0.06       1.06 f
  u_exact_mul/U1633/COX (CMPE42D1)                        0.09       1.15 f
  u_exact_mul/U_fp_mult/mult_x_13/U219/CO (CMPE42D1)      0.08       1.23 f
  u_exact_mul/U1632/CO (CMPE42D1)                         0.05       1.28 f
  u_exact_mul/U1413/CO (FA1D0)                            0.11       1.39 f
  u_exact_mul/U1629/S (CMPE42D1)                          0.11       1.49 r
  u_exact_mul/U_fp_mult/mult_x_13/clk_r_REG133_S3/D (DFQD1)
                                                          0.00       1.49 r
  data arrival time                                                  1.49

  clock clk (rise edge)                                   1.50       1.50
  clock network delay (ideal)                             0.00       1.50
  u_exact_mul/U_fp_mult/mult_x_13/clk_r_REG133_S3/CP (DFQD1)
                                                          0.00       1.50 r
  library setup time                                     -0.01       1.49
  data required time                                                 1.49
  --------------------------------------------------------------------------
  data required time                                                 1.49
  data arrival time                                                 -1.49
  --------------------------------------------------------------------------
  slack (MET)                                                        0.00


  Startpoint: u_exact_mul/U_fp_mult/mult_x_13/clk_r_REG195_S2
              (rising edge-triggered flip-flop clocked by clk)
  Endpoint: u_exact_mul/U_fp_mult/mult_x_13/clk_r_REG133_S3
            (rising edge-triggered flip-flop clocked by clk)
  Path Group: clk
  Path Type: max

  Des/Clust/Port     Wire Load Model       Library
  ------------------------------------------------
  exact_fp32_mul_7stage
                     ZeroWireload          tcbn65gplustc_ccs
  exact_fp32_mul_7stage_DW_lp_piped_fp_mult_J1_0
                     ZeroWireload          tcbn65gplustc_ccs

  Point                                                   Incr       Path
  --------------------------------------------------------------------------
  clock clk (rise edge)                                   0.00       0.00
  clock network delay (ideal)                             0.00       0.00
  u_exact_mul/U_fp_mult/mult_x_13/clk_r_REG195_S2/CP (DFQD1)
                                                          0.00       0.00 r
  u_exact_mul/U_fp_mult/mult_x_13/clk_r_REG195_S2/Q (DFQD1)
                                                          0.09       0.09 r
  u_exact_mul/U959/Z (CKBD1)                              0.03       0.13 r
  u_exact_mul/U965/Z (CKBD1)                              0.04       0.17 r
  u_exact_mul/U966/ZN (INVD1)                             0.01       0.18 f
  u_exact_mul/U967/ZN (MUX2ND0)                           0.06       0.24 r
  u_exact_mul/U976/ZN (INVD1)                             0.02       0.27 f
  u_exact_mul/U980/ZN (ND3D1)                             0.03       0.30 r
  u_exact_mul/U125/Z (BUFFD1)                             0.04       0.34 r
  u_exact_mul/U384/Z (BUFFD1)                             0.04       0.37 r
  u_exact_mul/U981/ZN (MOAI22D1)                          0.02       0.39 f
  u_exact_mul/U9/ZN (AOI221D0)                            0.10       0.49 r
  u_exact_mul/U982/ZN (MUX2ND0)                           0.08       0.57 f
  u_exact_mul/U996/CO (HA1D0)                             0.05       0.62 f
  u_exact_mul/U_fp_mult/mult_x_13/U256/COX (CMPE42D1)     0.05       0.67 f
  u_exact_mul/U_fp_mult/mult_x_13/U252/COX (CMPE42D1)     0.05       0.72 f
  u_exact_mul/U_fp_mult/mult_x_13/U248/COX (CMPE42D1)     0.05       0.77 f
  u_exact_mul/U1631/COX (CMPE42D1)                        0.05       0.82 f
  u_exact_mul/U1634/COX (CMPE42D1)                        0.05       0.88 f
  u_exact_mul/U_fp_mult/mult_x_13/U236/CO (CMPE42D1)      0.08       0.95 f
  u_exact_mul/U_fp_mult/mult_x_13/U232/CO (CMPE42D1)      0.05       1.00 f
  u_exact_mul/U_fp_mult/mult_x_13/U228/CO (CMPE42D1)      0.06       1.06 f
  u_exact_mul/U1633/COX (CMPE42D1)                        0.09       1.15 f
  u_exact_mul/U_fp_mult/mult_x_13/U219/CO (CMPE42D1)      0.08       1.23 f
  u_exact_mul/U1632/CO (CMPE42D1)                         0.05       1.28 f
  u_exact_mul/U1413/CO (FA1D0)                            0.11       1.39 f
  u_exact_mul/U1629/S (CMPE42D1)                          0.11       1.49 r
  u_exact_mul/U_fp_mult/mult_x_13/clk_r_REG133_S3/D (DFQD1)
                                                          0.00       1.49 r
  data arrival time                                                  1.49

  clock clk (rise edge)                                   1.50       1.50
  clock network delay (ideal)                             0.00       1.50
  u_exact_mul/U_fp_mult/mult_x_13/clk_r_REG133_S3/CP (DFQD1)
                                                          0.00       1.50 r
  library setup time                                     -0.01       1.49
  data required time                                                 1.49
  --------------------------------------------------------------------------
  data required time                                                 1.49
  data arrival time                                                 -1.49
  --------------------------------------------------------------------------
  slack (MET)                                                        0.00


  Startpoint: u_exact_mul/U_fp_mult/mult_x_13/clk_r_REG195_S2
              (rising edge-triggered flip-flop clocked by clk)
  Endpoint: u_exact_mul/U_fp_mult/mult_x_13/clk_r_REG133_S3
            (rising edge-triggered flip-flop clocked by clk)
  Path Group: clk
  Path Type: max

  Des/Clust/Port     Wire Load Model       Library
  ------------------------------------------------
  exact_fp32_mul_7stage
                     ZeroWireload          tcbn65gplustc_ccs
  exact_fp32_mul_7stage_DW_lp_piped_fp_mult_J1_0
                     ZeroWireload          tcbn65gplustc_ccs

  Point                                                   Incr       Path
  --------------------------------------------------------------------------
  clock clk (rise edge)                                   0.00       0.00
  clock network delay (ideal)                             0.00       0.00
  u_exact_mul/U_fp_mult/mult_x_13/clk_r_REG195_S2/CP (DFQD1)
                                                          0.00       0.00 r
  u_exact_mul/U_fp_mult/mult_x_13/clk_r_REG195_S2/Q (DFQD1)
                                                          0.09       0.09 r
  u_exact_mul/U959/Z (CKBD1)                              0.03       0.13 r
  u_exact_mul/U965/Z (CKBD1)                              0.04       0.17 r
  u_exact_mul/U966/ZN (INVD1)                             0.01       0.18 f
  u_exact_mul/U967/ZN (MUX2ND0)                           0.06       0.24 r
  u_exact_mul/U976/ZN (INVD1)                             0.02       0.27 f
  u_exact_mul/U980/ZN (ND3D1)                             0.03       0.30 r
  u_exact_mul/U125/Z (BUFFD1)                             0.04       0.34 r
  u_exact_mul/U384/Z (BUFFD1)                             0.04       0.37 r
  u_exact_mul/U981/ZN (MOAI22D1)                          0.02       0.39 f
  u_exact_mul/U9/ZN (AOI221D0)                            0.10       0.49 r
  u_exact_mul/U982/ZN (MUX2ND0)                           0.08       0.57 f
  u_exact_mul/U996/CO (HA1D0)                             0.05       0.62 f
  u_exact_mul/U_fp_mult/mult_x_13/U256/COX (CMPE42D1)     0.05       0.67 f
  u_exact_mul/U_fp_mult/mult_x_13/U252/COX (CMPE42D1)     0.05       0.72 f
  u_exact_mul/U_fp_mult/mult_x_13/U248/COX (CMPE42D1)     0.05       0.77 f
  u_exact_mul/U1631/COX (CMPE42D1)                        0.05       0.82 f
  u_exact_mul/U1634/COX (CMPE42D1)                        0.05       0.88 f
  u_exact_mul/U_fp_mult/mult_x_13/U236/CO (CMPE42D1)      0.08       0.95 f
  u_exact_mul/U_fp_mult/mult_x_13/U232/CO (CMPE42D1)      0.05       1.00 f
  u_exact_mul/U_fp_mult/mult_x_13/U228/CO (CMPE42D1)      0.06       1.06 f
  u_exact_mul/U1633/COX (CMPE42D1)                        0.09       1.15 f
  u_exact_mul/U_fp_mult/mult_x_13/U219/CO (CMPE42D1)      0.08       1.23 f
  u_exact_mul/U1632/CO (CMPE42D1)                         0.05       1.28 f
  u_exact_mul/U1413/CO (FA1D0)                            0.11       1.39 f
  u_exact_mul/U1629/S (CMPE42D1)                          0.11       1.49 r
  u_exact_mul/U_fp_mult/mult_x_13/clk_r_REG133_S3/D (DFQD1)
                                                          0.00       1.49 r
  data arrival time                                                  1.49

  clock clk (rise edge)                                   1.50       1.50
  clock network delay (ideal)                             0.00       1.50
  u_exact_mul/U_fp_mult/mult_x_13/clk_r_REG133_S3/CP (DFQD1)
                                                          0.00       1.50 r
  library setup time                                     -0.01       1.49
  data required time                                                 1.49
  --------------------------------------------------------------------------
  data required time                                                 1.49
  data arrival time                                                 -1.49
  --------------------------------------------------------------------------
  slack (MET)                                                        0.00


  Startpoint: u_exact_mul/U_fp_mult/mult_x_13/clk_r_REG195_S2
              (rising edge-triggered flip-flop clocked by clk)
  Endpoint: u_exact_mul/U_fp_mult/mult_x_13/clk_r_REG133_S3
            (rising edge-triggered flip-flop clocked by clk)
  Path Group: clk
  Path Type: max

  Des/Clust/Port     Wire Load Model       Library
  ------------------------------------------------
  exact_fp32_mul_7stage
                     ZeroWireload          tcbn65gplustc_ccs
  exact_fp32_mul_7stage_DW_lp_piped_fp_mult_J1_0
                     ZeroWireload          tcbn65gplustc_ccs

  Point                                                   Incr       Path
  --------------------------------------------------------------------------
  clock clk (rise edge)                                   0.00       0.00
  clock network delay (ideal)                             0.00       0.00
  u_exact_mul/U_fp_mult/mult_x_13/clk_r_REG195_S2/CP (DFQD1)
                                                          0.00       0.00 r
  u_exact_mul/U_fp_mult/mult_x_13/clk_r_REG195_S2/Q (DFQD1)
                                                          0.09       0.09 r
  u_exact_mul/U959/Z (CKBD1)                              0.03       0.13 r
  u_exact_mul/U965/Z (CKBD1)                              0.04       0.17 r
  u_exact_mul/U966/ZN (INVD1)                             0.01       0.18 f
  u_exact_mul/U967/ZN (MUX2ND0)                           0.06       0.24 r
  u_exact_mul/U976/ZN (INVD1)                             0.02       0.27 f
  u_exact_mul/U980/ZN (ND3D1)                             0.03       0.30 r
  u_exact_mul/U125/Z (BUFFD1)                             0.04       0.34 r
  u_exact_mul/U384/Z (BUFFD1)                             0.04       0.37 r
  u_exact_mul/U981/ZN (MOAI22D1)                          0.02       0.39 f
  u_exact_mul/U9/ZN (AOI221D0)                            0.10       0.49 r
  u_exact_mul/U982/ZN (MUX2ND0)                           0.08       0.57 f
  u_exact_mul/U996/CO (HA1D0)                             0.05       0.62 f
  u_exact_mul/U_fp_mult/mult_x_13/U256/COX (CMPE42D1)     0.05       0.67 f
  u_exact_mul/U_fp_mult/mult_x_13/U252/COX (CMPE42D1)     0.05       0.72 f
  u_exact_mul/U_fp_mult/mult_x_13/U248/COX (CMPE42D1)     0.05       0.77 f
  u_exact_mul/U1631/COX (CMPE42D1)                        0.05       0.82 f
  u_exact_mul/U1634/COX (CMPE42D1)                        0.05       0.88 f
  u_exact_mul/U_fp_mult/mult_x_13/U236/CO (CMPE42D1)      0.08       0.95 f
  u_exact_mul/U_fp_mult/mult_x_13/U232/CO (CMPE42D1)      0.05       1.00 f
  u_exact_mul/U_fp_mult/mult_x_13/U228/CO (CMPE42D1)      0.06       1.06 f
  u_exact_mul/U1633/COX (CMPE42D1)                        0.09       1.15 f
  u_exact_mul/U_fp_mult/mult_x_13/U219/CO (CMPE42D1)      0.08       1.23 f
  u_exact_mul/U1632/CO (CMPE42D1)                         0.05       1.28 f
  u_exact_mul/U1413/CO (FA1D0)                            0.11       1.39 f
  u_exact_mul/U1629/S (CMPE42D1)                          0.11       1.49 r
  u_exact_mul/U_fp_mult/mult_x_13/clk_r_REG133_S3/D (DFQD1)
                                                          0.00       1.49 r
  data arrival time                                                  1.49

  clock clk (rise edge)                                   1.50       1.50
  clock network delay (ideal)                             0.00       1.50
  u_exact_mul/U_fp_mult/mult_x_13/clk_r_REG133_S3/CP (DFQD1)
                                                          0.00       1.50 r
  library setup time                                     -0.01       1.49
  data required time                                                 1.49
  --------------------------------------------------------------------------
  data required time                                                 1.49
  data arrival time                                                 -1.49
  --------------------------------------------------------------------------
  slack (MET)                                                        0.00


1
