****************************************
Report : Averaged Power
	-significant_digits
Design : oadm_fixed_l1_mul_root_opt_aggressive
Version: U-2022.12-SP5
Date   : Thu Sep  3 02:46:11 2026
****************************************



  Attributes
  ----------
      i  -  Including register clock pin internal power
      u  -  User defined power group

                        Internal             Switching            Leakage              Total
Power Group             Power                Power                Power                Power               (     %)   Attrs
----------------------------------------------------------------------------------------------------------------------------
clock_network           0.00000e+00          0.00000e+00          0.00000e+00          0.00000e+00         ( 0.00%)   i
register                0.00000e+00          0.00000e+00          0.00000e+00          0.00000e+00         ( 0.00%)   
combinational           1.27876e-05          4.76580e-06          2.86052e-06          2.04139e-05         (100.00%)  
sequential              0.00000e+00          0.00000e+00          0.00000e+00          0.00000e+00         ( 0.00%)   
memory                  0.00000e+00          0.00000e+00          0.00000e+00          0.00000e+00         ( 0.00%)   
io_pad                  0.00000e+00          0.00000e+00          0.00000e+00          0.00000e+00         ( 0.00%)   
black_box               0.00000e+00          0.00000e+00          0.00000e+00          0.00000e+00         ( 0.00%)   

  Net Switching Power  = 4.76580e-06           (23.35%)
  Cell Internal Power  = 1.27876e-05           (62.64%)
  Cell Leakage Power   = 2.86052e-06           (14.01%)
                         -------------------------
Total Power            = 2.04139e-05          (100.00%)

1
