****************************************
Report : reference
Design : oadm_fixed_l4_nopipe
Version: U-2022.12-SP5
Date   : Thu Aug 20 15:40:19 2026
****************************************


Attributes:
    b - black-box (unknown)
    h - hierarchical
    n - noncombinational
    u - contains unmapped logic
    A - abstracted timing model
    E - extracted timing model
    S - Stamp timing model
    Q - Quick timing model (QTM)

Reference          Library       Unit Area   Count    Total Area   Attributes
--------------------------------------------------------------------------------
BUFFD0             tcbn65gplustc_ccs
                                    1.44     1           1.44      
BUFFD1             tcbn65gplustc_ccs
                                    1.44     1           1.44      
INVD0              tcbn65gplustc_ccs
                                    1.08     78         84.24      
oadm_dm_fixed_nopipe_APPROX_LEVEL4
                                 9576.35     1        9576.35      h
--------------------------------------------------------------------------------
Total 4 references                                    9663.47
1
