****************************************
Report : qor
Design : oadm_fixed_l3_mul_root_opt
Version: U-2022.12-SP5
Date   : Thu Sep  3 02:51:45 2026
****************************************

  Timing Path Group 'vclk' (max_delay/setup)
  ---------------------------------------------
  Levels of Logic:                           37
  Critical Path Length:                    2.53
  Critical Path Slack:                     7.45
  Total Negative Slack:                    0.00
  No. of Violating Paths:                     0
  ---------------------------------------------

  Timing Path Group 'vclk' (min_delay/hold)
  ---------------------------------------------
  Levels of Logic:                            1
  Critical Path Length:                    0.08
  Critical Path Slack:                     0.10
  Total Negative Slack:                    0.00
  No. of Violating Paths:                     0
  ---------------------------------------------

  Area
  ---------------------------------------------
  Net Interconnect area:                   0.00
  Total cell area:                      1351.08
  Design Area:                          1351.08
  Area Cost:                           -1351.08
  ---------------------------------------------


  Cell & Pin Count
  ---------------------------------------------
  Pin Count:                               1450
  Hierarchical Cell Count:                    0
  Hierarchical Port Count:                    0
  Leaf Cell Count:                          364
  ---------------------------------------------


  Design Rule Violations
  ---------------------------------------------
  Total No. of Pins in Design:             1450
  max_capacitance Count:                      1
  max_capacitance Cost:                    0.00
  Total DRC Cost:                          0.00
  ---------------------------------------------

1
