 
****************************************
Report : timing
        -path full
        -delay max
        -nworst 10
        -max_paths 10
Design : unified_mul_drop_l0_separate
Version: U-2022.12-SP7
Date   : Wed Sep 16 00:35:43 2026
****************************************

Operating Conditions: NCCOM   Library: tcbn65gplustc_ccs
Wire Load Model Mode: segmented

  Startpoint: x[17] (input port clocked by vclk)
  Endpoint: result[30] (output port clocked by vclk)
  Path Group: vclk
  Path Type: max

  Des/Clust/Port     Wire Load Model       Library
  ------------------------------------------------
  unified_mul_drop_l0_separate ZeroWireload tcbn65gplustc_ccs
  fp32_normal_finite_wrapper ZeroWireload  tcbn65gplustc_ccs
  unified_mul_drop_l0_separate_div_DW_mult_tc_1_DW_mult_tc_3 ZeroWireload tcbn65gplustc_ccs
  unified_mul_drop_l0_separate_div ZeroWireload tcbn65gplustc_ccs
  unified_mul_drop_l0_separate_mul ZeroWireload tcbn65gplustc_ccs
  unified_mul_drop_l0_separate_div_DW01_sub_0 ZeroWireload tcbn65gplustc_ccs

  Point                                                                                         Incr       Path
  ----------------------------------------------------------------------------------------------------------------
  clock vclk (rise edge)                                                                        0.00       0.00
  clock network delay (ideal)                                                                   0.00       0.00
  input external delay                                                                          0.02       0.02 r
  x[17] (in)                                                                                    0.01       0.03 r
  wrapper/x[17] (fp32_normal_finite_wrapper)                                                    0.00       0.03 r
  wrapper/U57/Z (CKBD1)                                                                         0.06       0.09 r
  wrapper/fraction_x[17] (fp32_normal_finite_wrapper)                                           0.00       0.09 r
  div_core/fx[17] (unified_mul_drop_l0_separate_div)                                            0.00       0.09 r
  div_core/mult_7/a[1] (unified_mul_drop_l0_separate_div_DW_mult_tc_1_DW_mult_tc_3)             0.00       0.09 r
  div_core/mult_7/U27/S (FA1D0)                                                                 0.11       0.20 f
  div_core/mult_7/U10/CO (FA1D0)                                                                0.10       0.30 f
  div_core/mult_7/U9/CO (FA1D0)                                                                 0.06       0.36 f
  div_core/mult_7/U8/CO (FA1D0)                                                                 0.06       0.41 f
  div_core/mult_7/U7/CO (FA1D0)                                                                 0.06       0.47 f
  div_core/mult_7/U6/CO (FA1D0)                                                                 0.06       0.52 f
  div_core/mult_7/U5/CO (FA1D0)                                                                 0.06       0.58 f
  div_core/mult_7/U4/CO (FA1D0)                                                                 0.06       0.63 f
  div_core/mult_7/U3/S (FA1D0)                                                                  0.08       0.71 r
  div_core/mult_7/product[12] (unified_mul_drop_l0_separate_div_DW_mult_tc_1_DW_mult_tc_3)      0.00       0.71 r
  div_core/U37/Z (CKXOR2D1)                                                                     0.06       0.77 r
  div_core/sub_0_root_sub_9/A[12] (unified_mul_drop_l0_separate_div_DW01_sub_0)                 0.00       0.77 r
  div_core/sub_0_root_sub_9/U2_12/CO (FA1D0)                                                    0.09       0.87 r
  div_core/sub_0_root_sub_9/U2_13/CO (FA1D0)                                                    0.05       0.92 r
  div_core/sub_0_root_sub_9/U2_14/CO (FA1D0)                                                    0.05       0.97 r
  div_core/sub_0_root_sub_9/U2_15/Z (XOR3D1)                                                    0.07       1.04 f
  div_core/sub_0_root_sub_9/DIFF[15] (unified_mul_drop_l0_separate_div_DW01_sub_0)              0.00       1.04 f
  div_core/value[24] (unified_mul_drop_l0_separate_div)                                         0.00       1.04 f
  U109/ZN (AOI22D1)                                                                             0.15       1.19 r
  U80/ZN (IND3D1)                                                                               0.15       1.34 f
  U78/ZN (ND2D1)                                                                                0.18       1.51 r
  wrapper/exponent_adjust[1] (fp32_normal_finite_wrapper)                                       0.00       1.51 r
  wrapper/U44/CO (FA1D0)                                                                        0.11       1.63 r
  wrapper/U45/CO (FA1D0)                                                                        0.05       1.68 r
  wrapper/U46/CO (FA1D0)                                                                        0.05       1.73 r
  wrapper/U47/CO (FA1D0)                                                                        0.05       1.78 r
  wrapper/U48/CO (FA1D0)                                                                        0.05       1.83 r
  wrapper/U49/CO (FA1D0)                                                                        0.05       1.89 r
  wrapper/U60/Z (XOR3D1)                                                                        0.07       1.95 f
  wrapper/U58/Z (AO22D0)                                                                        0.08       2.03 f
  wrapper/result[30] (fp32_normal_finite_wrapper)                                               0.00       2.03 f
  result[30] (out)                                                                              0.00       2.03 f
  data arrival time                                                                                        2.03

  clock vclk (rise edge)                                                                       10.00      10.00
  clock network delay (ideal)                                                                   0.00      10.00
  output external delay                                                                        -0.02       9.98
  data required time                                                                                       9.98
  ----------------------------------------------------------------------------------------------------------------
  data required time                                                                                       9.98
  data arrival time                                                                                       -2.03
  ----------------------------------------------------------------------------------------------------------------
  slack (MET)                                                                                              7.95


  Startpoint: x[17] (input port clocked by vclk)
  Endpoint: result[30] (output port clocked by vclk)
  Path Group: vclk
  Path Type: max

  Des/Clust/Port     Wire Load Model       Library
  ------------------------------------------------
  unified_mul_drop_l0_separate ZeroWireload tcbn65gplustc_ccs
  fp32_normal_finite_wrapper ZeroWireload  tcbn65gplustc_ccs
  unified_mul_drop_l0_separate_div_DW_mult_tc_1_DW_mult_tc_3 ZeroWireload tcbn65gplustc_ccs
  unified_mul_drop_l0_separate_div ZeroWireload tcbn65gplustc_ccs
  unified_mul_drop_l0_separate_mul ZeroWireload tcbn65gplustc_ccs
  unified_mul_drop_l0_separate_div_DW01_sub_0 ZeroWireload tcbn65gplustc_ccs

  Point                                                                                         Incr       Path
  ----------------------------------------------------------------------------------------------------------------
  clock vclk (rise edge)                                                                        0.00       0.00
  clock network delay (ideal)                                                                   0.00       0.00
  input external delay                                                                          0.02       0.02 r
  x[17] (in)                                                                                    0.01       0.03 r
  wrapper/x[17] (fp32_normal_finite_wrapper)                                                    0.00       0.03 r
  wrapper/U57/Z (CKBD1)                                                                         0.06       0.09 r
  wrapper/fraction_x[17] (fp32_normal_finite_wrapper)                                           0.00       0.09 r
  div_core/fx[17] (unified_mul_drop_l0_separate_div)                                            0.00       0.09 r
  div_core/mult_7/a[1] (unified_mul_drop_l0_separate_div_DW_mult_tc_1_DW_mult_tc_3)             0.00       0.09 r
  div_core/mult_7/U27/S (FA1D0)                                                                 0.11       0.20 f
  div_core/mult_7/U10/CO (FA1D0)                                                                0.10       0.30 f
  div_core/mult_7/U9/CO (FA1D0)                                                                 0.06       0.36 f
  div_core/mult_7/U8/CO (FA1D0)                                                                 0.06       0.41 f
  div_core/mult_7/U7/CO (FA1D0)                                                                 0.06       0.47 f
  div_core/mult_7/U6/CO (FA1D0)                                                                 0.06       0.52 f
  div_core/mult_7/U5/CO (FA1D0)                                                                 0.06       0.58 f
  div_core/mult_7/U4/CO (FA1D0)                                                                 0.06       0.63 f
  div_core/mult_7/U3/S (FA1D0)                                                                  0.08       0.71 r
  div_core/mult_7/product[12] (unified_mul_drop_l0_separate_div_DW_mult_tc_1_DW_mult_tc_3)      0.00       0.71 r
  div_core/U37/Z (CKXOR2D1)                                                                     0.06       0.77 r
  div_core/sub_0_root_sub_9/A[12] (unified_mul_drop_l0_separate_div_DW01_sub_0)                 0.00       0.77 r
  div_core/sub_0_root_sub_9/U2_12/CO (FA1D0)                                                    0.09       0.87 r
  div_core/sub_0_root_sub_9/U2_13/CO (FA1D0)                                                    0.05       0.92 r
  div_core/sub_0_root_sub_9/U2_14/CO (FA1D0)                                                    0.05       0.97 r
  div_core/sub_0_root_sub_9/U2_15/Z (XOR3D1)                                                    0.07       1.04 f
  div_core/sub_0_root_sub_9/DIFF[15] (unified_mul_drop_l0_separate_div_DW01_sub_0)              0.00       1.04 f
  div_core/value[24] (unified_mul_drop_l0_separate_div)                                         0.00       1.04 f
  U109/ZN (AOI22D1)                                                                             0.15       1.19 r
  U80/ZN (IND3D1)                                                                               0.15       1.34 f
  U78/ZN (ND2D1)                                                                                0.18       1.51 r
  wrapper/exponent_adjust[1] (fp32_normal_finite_wrapper)                                       0.00       1.51 r
  wrapper/U44/CO (FA1D0)                                                                        0.11       1.63 r
  wrapper/U45/CO (FA1D0)                                                                        0.05       1.68 r
  wrapper/U46/CO (FA1D0)                                                                        0.05       1.73 r
  wrapper/U47/CO (FA1D0)                                                                        0.05       1.78 r
  wrapper/U48/CO (FA1D0)                                                                        0.05       1.83 r
  wrapper/U49/CO (FA1D0)                                                                        0.05       1.89 r
  wrapper/U60/Z (XOR3D1)                                                                        0.07       1.95 f
  wrapper/U58/Z (AO22D0)                                                                        0.08       2.03 f
  wrapper/result[30] (fp32_normal_finite_wrapper)                                               0.00       2.03 f
  result[30] (out)                                                                              0.00       2.03 f
  data arrival time                                                                                        2.03

  clock vclk (rise edge)                                                                       10.00      10.00
  clock network delay (ideal)                                                                   0.00      10.00
  output external delay                                                                        -0.02       9.98
  data required time                                                                                       9.98
  ----------------------------------------------------------------------------------------------------------------
  data required time                                                                                       9.98
  data arrival time                                                                                       -2.03
  ----------------------------------------------------------------------------------------------------------------
  slack (MET)                                                                                              7.95


  Startpoint: x[17] (input port clocked by vclk)
  Endpoint: result[30] (output port clocked by vclk)
  Path Group: vclk
  Path Type: max

  Des/Clust/Port     Wire Load Model       Library
  ------------------------------------------------
  unified_mul_drop_l0_separate ZeroWireload tcbn65gplustc_ccs
  fp32_normal_finite_wrapper ZeroWireload  tcbn65gplustc_ccs
  unified_mul_drop_l0_separate_div_DW_mult_tc_1_DW_mult_tc_3 ZeroWireload tcbn65gplustc_ccs
  unified_mul_drop_l0_separate_div ZeroWireload tcbn65gplustc_ccs
  unified_mul_drop_l0_separate_mul ZeroWireload tcbn65gplustc_ccs
  unified_mul_drop_l0_separate_div_DW01_sub_0 ZeroWireload tcbn65gplustc_ccs

  Point                                                                                         Incr       Path
  ----------------------------------------------------------------------------------------------------------------
  clock vclk (rise edge)                                                                        0.00       0.00
  clock network delay (ideal)                                                                   0.00       0.00
  input external delay                                                                          0.02       0.02 r
  x[17] (in)                                                                                    0.01       0.03 r
  wrapper/x[17] (fp32_normal_finite_wrapper)                                                    0.00       0.03 r
  wrapper/U57/Z (CKBD1)                                                                         0.06       0.09 r
  wrapper/fraction_x[17] (fp32_normal_finite_wrapper)                                           0.00       0.09 r
  div_core/fx[17] (unified_mul_drop_l0_separate_div)                                            0.00       0.09 r
  div_core/mult_7/a[1] (unified_mul_drop_l0_separate_div_DW_mult_tc_1_DW_mult_tc_3)             0.00       0.09 r
  div_core/mult_7/U27/S (FA1D0)                                                                 0.11       0.20 f
  div_core/mult_7/U10/CO (FA1D0)                                                                0.10       0.30 f
  div_core/mult_7/U9/CO (FA1D0)                                                                 0.06       0.36 f
  div_core/mult_7/U8/CO (FA1D0)                                                                 0.06       0.41 f
  div_core/mult_7/U7/CO (FA1D0)                                                                 0.06       0.47 f
  div_core/mult_7/U6/CO (FA1D0)                                                                 0.06       0.52 f
  div_core/mult_7/U5/CO (FA1D0)                                                                 0.06       0.58 f
  div_core/mult_7/U4/CO (FA1D0)                                                                 0.06       0.63 f
  div_core/mult_7/U3/S (FA1D0)                                                                  0.08       0.71 r
  div_core/mult_7/product[12] (unified_mul_drop_l0_separate_div_DW_mult_tc_1_DW_mult_tc_3)      0.00       0.71 r
  div_core/U37/Z (CKXOR2D1)                                                                     0.06       0.77 r
  div_core/sub_0_root_sub_9/A[12] (unified_mul_drop_l0_separate_div_DW01_sub_0)                 0.00       0.77 r
  div_core/sub_0_root_sub_9/U2_12/CO (FA1D0)                                                    0.09       0.87 r
  div_core/sub_0_root_sub_9/U2_13/CO (FA1D0)                                                    0.05       0.92 r
  div_core/sub_0_root_sub_9/U2_14/CO (FA1D0)                                                    0.05       0.97 r
  div_core/sub_0_root_sub_9/U2_15/Z (XOR3D1)                                                    0.07       1.04 f
  div_core/sub_0_root_sub_9/DIFF[15] (unified_mul_drop_l0_separate_div_DW01_sub_0)              0.00       1.04 f
  div_core/value[24] (unified_mul_drop_l0_separate_div)                                         0.00       1.04 f
  U109/ZN (AOI22D1)                                                                             0.15       1.19 r
  U80/ZN (IND3D1)                                                                               0.15       1.34 f
  U78/ZN (ND2D1)                                                                                0.18       1.51 r
  wrapper/exponent_adjust[1] (fp32_normal_finite_wrapper)                                       0.00       1.51 r
  wrapper/U44/CO (FA1D0)                                                                        0.11       1.63 r
  wrapper/U45/CO (FA1D0)                                                                        0.05       1.68 r
  wrapper/U46/CO (FA1D0)                                                                        0.05       1.73 r
  wrapper/U47/CO (FA1D0)                                                                        0.05       1.78 r
  wrapper/U48/CO (FA1D0)                                                                        0.05       1.83 r
  wrapper/U49/CO (FA1D0)                                                                        0.05       1.89 r
  wrapper/U60/Z (XOR3D1)                                                                        0.07       1.95 f
  wrapper/U58/Z (AO22D0)                                                                        0.08       2.03 f
  wrapper/result[30] (fp32_normal_finite_wrapper)                                               0.00       2.03 f
  result[30] (out)                                                                              0.00       2.03 f
  data arrival time                                                                                        2.03

  clock vclk (rise edge)                                                                       10.00      10.00
  clock network delay (ideal)                                                                   0.00      10.00
  output external delay                                                                        -0.02       9.98
  data required time                                                                                       9.98
  ----------------------------------------------------------------------------------------------------------------
  data required time                                                                                       9.98
  data arrival time                                                                                       -2.03
  ----------------------------------------------------------------------------------------------------------------
  slack (MET)                                                                                              7.95


  Startpoint: x[17] (input port clocked by vclk)
  Endpoint: result[30] (output port clocked by vclk)
  Path Group: vclk
  Path Type: max

  Des/Clust/Port     Wire Load Model       Library
  ------------------------------------------------
  unified_mul_drop_l0_separate ZeroWireload tcbn65gplustc_ccs
  fp32_normal_finite_wrapper ZeroWireload  tcbn65gplustc_ccs
  unified_mul_drop_l0_separate_div_DW_mult_tc_1_DW_mult_tc_3 ZeroWireload tcbn65gplustc_ccs
  unified_mul_drop_l0_separate_div ZeroWireload tcbn65gplustc_ccs
  unified_mul_drop_l0_separate_mul ZeroWireload tcbn65gplustc_ccs
  unified_mul_drop_l0_separate_div_DW01_sub_0 ZeroWireload tcbn65gplustc_ccs

  Point                                                                                         Incr       Path
  ----------------------------------------------------------------------------------------------------------------
  clock vclk (rise edge)                                                                        0.00       0.00
  clock network delay (ideal)                                                                   0.00       0.00
  input external delay                                                                          0.02       0.02 r
  x[17] (in)                                                                                    0.01       0.03 r
  wrapper/x[17] (fp32_normal_finite_wrapper)                                                    0.00       0.03 r
  wrapper/U57/Z (CKBD1)                                                                         0.06       0.09 r
  wrapper/fraction_x[17] (fp32_normal_finite_wrapper)                                           0.00       0.09 r
  div_core/fx[17] (unified_mul_drop_l0_separate_div)                                            0.00       0.09 r
  div_core/mult_7/a[1] (unified_mul_drop_l0_separate_div_DW_mult_tc_1_DW_mult_tc_3)             0.00       0.09 r
  div_core/mult_7/U27/S (FA1D0)                                                                 0.11       0.20 f
  div_core/mult_7/U10/CO (FA1D0)                                                                0.10       0.30 f
  div_core/mult_7/U9/CO (FA1D0)                                                                 0.06       0.36 f
  div_core/mult_7/U8/CO (FA1D0)                                                                 0.06       0.41 f
  div_core/mult_7/U7/CO (FA1D0)                                                                 0.06       0.47 f
  div_core/mult_7/U6/CO (FA1D0)                                                                 0.06       0.52 f
  div_core/mult_7/U5/CO (FA1D0)                                                                 0.06       0.58 f
  div_core/mult_7/U4/CO (FA1D0)                                                                 0.06       0.63 f
  div_core/mult_7/U3/S (FA1D0)                                                                  0.08       0.71 r
  div_core/mult_7/product[12] (unified_mul_drop_l0_separate_div_DW_mult_tc_1_DW_mult_tc_3)      0.00       0.71 r
  div_core/U37/Z (CKXOR2D1)                                                                     0.06       0.77 r
  div_core/sub_0_root_sub_9/A[12] (unified_mul_drop_l0_separate_div_DW01_sub_0)                 0.00       0.77 r
  div_core/sub_0_root_sub_9/U2_12/CO (FA1D0)                                                    0.09       0.87 r
  div_core/sub_0_root_sub_9/U2_13/CO (FA1D0)                                                    0.05       0.92 r
  div_core/sub_0_root_sub_9/U2_14/CO (FA1D0)                                                    0.05       0.97 r
  div_core/sub_0_root_sub_9/U2_15/Z (XOR3D1)                                                    0.07       1.04 f
  div_core/sub_0_root_sub_9/DIFF[15] (unified_mul_drop_l0_separate_div_DW01_sub_0)              0.00       1.04 f
  div_core/value[24] (unified_mul_drop_l0_separate_div)                                         0.00       1.04 f
  U109/ZN (AOI22D1)                                                                             0.15       1.19 r
  U80/ZN (IND3D1)                                                                               0.15       1.34 f
  U78/ZN (ND2D1)                                                                                0.18       1.51 r
  wrapper/exponent_adjust[1] (fp32_normal_finite_wrapper)                                       0.00       1.51 r
  wrapper/U44/CO (FA1D0)                                                                        0.11       1.63 r
  wrapper/U45/CO (FA1D0)                                                                        0.05       1.68 r
  wrapper/U46/CO (FA1D0)                                                                        0.05       1.73 r
  wrapper/U47/CO (FA1D0)                                                                        0.05       1.78 r
  wrapper/U48/CO (FA1D0)                                                                        0.05       1.83 r
  wrapper/U49/CO (FA1D0)                                                                        0.05       1.89 r
  wrapper/U60/Z (XOR3D1)                                                                        0.07       1.95 f
  wrapper/U58/Z (AO22D0)                                                                        0.08       2.03 f
  wrapper/result[30] (fp32_normal_finite_wrapper)                                               0.00       2.03 f
  result[30] (out)                                                                              0.00       2.03 f
  data arrival time                                                                                        2.03

  clock vclk (rise edge)                                                                       10.00      10.00
  clock network delay (ideal)                                                                   0.00      10.00
  output external delay                                                                        -0.02       9.98
  data required time                                                                                       9.98
  ----------------------------------------------------------------------------------------------------------------
  data required time                                                                                       9.98
  data arrival time                                                                                       -2.03
  ----------------------------------------------------------------------------------------------------------------
  slack (MET)                                                                                              7.95


  Startpoint: x[17] (input port clocked by vclk)
  Endpoint: result[30] (output port clocked by vclk)
  Path Group: vclk
  Path Type: max

  Des/Clust/Port     Wire Load Model       Library
  ------------------------------------------------
  unified_mul_drop_l0_separate ZeroWireload tcbn65gplustc_ccs
  fp32_normal_finite_wrapper ZeroWireload  tcbn65gplustc_ccs
  unified_mul_drop_l0_separate_div_DW_mult_tc_1_DW_mult_tc_3 ZeroWireload tcbn65gplustc_ccs
  unified_mul_drop_l0_separate_div ZeroWireload tcbn65gplustc_ccs
  unified_mul_drop_l0_separate_mul ZeroWireload tcbn65gplustc_ccs
  unified_mul_drop_l0_separate_div_DW01_sub_0 ZeroWireload tcbn65gplustc_ccs

  Point                                                                                         Incr       Path
  ----------------------------------------------------------------------------------------------------------------
  clock vclk (rise edge)                                                                        0.00       0.00
  clock network delay (ideal)                                                                   0.00       0.00
  input external delay                                                                          0.02       0.02 r
  x[17] (in)                                                                                    0.01       0.03 r
  wrapper/x[17] (fp32_normal_finite_wrapper)                                                    0.00       0.03 r
  wrapper/U57/Z (CKBD1)                                                                         0.06       0.09 r
  wrapper/fraction_x[17] (fp32_normal_finite_wrapper)                                           0.00       0.09 r
  div_core/fx[17] (unified_mul_drop_l0_separate_div)                                            0.00       0.09 r
  div_core/mult_7/a[1] (unified_mul_drop_l0_separate_div_DW_mult_tc_1_DW_mult_tc_3)             0.00       0.09 r
  div_core/mult_7/U27/S (FA1D0)                                                                 0.11       0.20 f
  div_core/mult_7/U10/CO (FA1D0)                                                                0.10       0.30 f
  div_core/mult_7/U9/CO (FA1D0)                                                                 0.06       0.36 f
  div_core/mult_7/U8/CO (FA1D0)                                                                 0.06       0.41 f
  div_core/mult_7/U7/CO (FA1D0)                                                                 0.06       0.47 f
  div_core/mult_7/U6/CO (FA1D0)                                                                 0.06       0.52 f
  div_core/mult_7/U5/CO (FA1D0)                                                                 0.06       0.58 f
  div_core/mult_7/U4/CO (FA1D0)                                                                 0.06       0.63 f
  div_core/mult_7/U3/S (FA1D0)                                                                  0.08       0.71 r
  div_core/mult_7/product[12] (unified_mul_drop_l0_separate_div_DW_mult_tc_1_DW_mult_tc_3)      0.00       0.71 r
  div_core/U37/Z (CKXOR2D1)                                                                     0.06       0.77 r
  div_core/sub_0_root_sub_9/A[12] (unified_mul_drop_l0_separate_div_DW01_sub_0)                 0.00       0.77 r
  div_core/sub_0_root_sub_9/U2_12/CO (FA1D0)                                                    0.09       0.87 r
  div_core/sub_0_root_sub_9/U2_13/CO (FA1D0)                                                    0.05       0.92 r
  div_core/sub_0_root_sub_9/U2_14/CO (FA1D0)                                                    0.05       0.97 r
  div_core/sub_0_root_sub_9/U2_15/Z (XOR3D1)                                                    0.07       1.04 f
  div_core/sub_0_root_sub_9/DIFF[15] (unified_mul_drop_l0_separate_div_DW01_sub_0)              0.00       1.04 f
  div_core/value[24] (unified_mul_drop_l0_separate_div)                                         0.00       1.04 f
  U109/ZN (AOI22D1)                                                                             0.15       1.19 r
  U80/ZN (IND3D1)                                                                               0.15       1.34 f
  U78/ZN (ND2D1)                                                                                0.18       1.51 r
  wrapper/exponent_adjust[1] (fp32_normal_finite_wrapper)                                       0.00       1.51 r
  wrapper/U44/CO (FA1D0)                                                                        0.11       1.63 r
  wrapper/U45/CO (FA1D0)                                                                        0.05       1.68 r
  wrapper/U46/CO (FA1D0)                                                                        0.05       1.73 r
  wrapper/U47/CO (FA1D0)                                                                        0.05       1.78 r
  wrapper/U48/CO (FA1D0)                                                                        0.05       1.83 r
  wrapper/U49/CO (FA1D0)                                                                        0.05       1.89 r
  wrapper/U60/Z (XOR3D1)                                                                        0.07       1.95 f
  wrapper/U58/Z (AO22D0)                                                                        0.08       2.03 f
  wrapper/result[30] (fp32_normal_finite_wrapper)                                               0.00       2.03 f
  result[30] (out)                                                                              0.00       2.03 f
  data arrival time                                                                                        2.03

  clock vclk (rise edge)                                                                       10.00      10.00
  clock network delay (ideal)                                                                   0.00      10.00
  output external delay                                                                        -0.02       9.98
  data required time                                                                                       9.98
  ----------------------------------------------------------------------------------------------------------------
  data required time                                                                                       9.98
  data arrival time                                                                                       -2.03
  ----------------------------------------------------------------------------------------------------------------
  slack (MET)                                                                                              7.95


  Startpoint: x[17] (input port clocked by vclk)
  Endpoint: result[30] (output port clocked by vclk)
  Path Group: vclk
  Path Type: max

  Des/Clust/Port     Wire Load Model       Library
  ------------------------------------------------
  unified_mul_drop_l0_separate ZeroWireload tcbn65gplustc_ccs
  fp32_normal_finite_wrapper ZeroWireload  tcbn65gplustc_ccs
  unified_mul_drop_l0_separate_div_DW_mult_tc_1_DW_mult_tc_3 ZeroWireload tcbn65gplustc_ccs
  unified_mul_drop_l0_separate_div ZeroWireload tcbn65gplustc_ccs
  unified_mul_drop_l0_separate_mul ZeroWireload tcbn65gplustc_ccs
  unified_mul_drop_l0_separate_div_DW01_sub_0 ZeroWireload tcbn65gplustc_ccs

  Point                                                                                         Incr       Path
  ----------------------------------------------------------------------------------------------------------------
  clock vclk (rise edge)                                                                        0.00       0.00
  clock network delay (ideal)                                                                   0.00       0.00
  input external delay                                                                          0.02       0.02 r
  x[17] (in)                                                                                    0.01       0.03 r
  wrapper/x[17] (fp32_normal_finite_wrapper)                                                    0.00       0.03 r
  wrapper/U57/Z (CKBD1)                                                                         0.06       0.09 r
  wrapper/fraction_x[17] (fp32_normal_finite_wrapper)                                           0.00       0.09 r
  div_core/fx[17] (unified_mul_drop_l0_separate_div)                                            0.00       0.09 r
  div_core/mult_7/a[1] (unified_mul_drop_l0_separate_div_DW_mult_tc_1_DW_mult_tc_3)             0.00       0.09 r
  div_core/mult_7/U27/S (FA1D0)                                                                 0.11       0.20 f
  div_core/mult_7/U10/CO (FA1D0)                                                                0.10       0.30 f
  div_core/mult_7/U9/CO (FA1D0)                                                                 0.06       0.36 f
  div_core/mult_7/U8/CO (FA1D0)                                                                 0.06       0.41 f
  div_core/mult_7/U7/CO (FA1D0)                                                                 0.06       0.47 f
  div_core/mult_7/U6/CO (FA1D0)                                                                 0.06       0.52 f
  div_core/mult_7/U5/CO (FA1D0)                                                                 0.06       0.58 f
  div_core/mult_7/U4/CO (FA1D0)                                                                 0.06       0.63 f
  div_core/mult_7/U3/S (FA1D0)                                                                  0.08       0.71 r
  div_core/mult_7/product[12] (unified_mul_drop_l0_separate_div_DW_mult_tc_1_DW_mult_tc_3)      0.00       0.71 r
  div_core/U37/Z (CKXOR2D1)                                                                     0.06       0.77 r
  div_core/sub_0_root_sub_9/A[12] (unified_mul_drop_l0_separate_div_DW01_sub_0)                 0.00       0.77 r
  div_core/sub_0_root_sub_9/U2_12/CO (FA1D0)                                                    0.09       0.87 r
  div_core/sub_0_root_sub_9/U2_13/CO (FA1D0)                                                    0.05       0.92 r
  div_core/sub_0_root_sub_9/U2_14/CO (FA1D0)                                                    0.05       0.97 r
  div_core/sub_0_root_sub_9/U2_15/Z (XOR3D1)                                                    0.07       1.04 f
  div_core/sub_0_root_sub_9/DIFF[15] (unified_mul_drop_l0_separate_div_DW01_sub_0)              0.00       1.04 f
  div_core/value[24] (unified_mul_drop_l0_separate_div)                                         0.00       1.04 f
  U109/ZN (AOI22D1)                                                                             0.15       1.19 r
  U80/ZN (IND3D1)                                                                               0.15       1.34 f
  U78/ZN (ND2D1)                                                                                0.18       1.51 r
  wrapper/exponent_adjust[1] (fp32_normal_finite_wrapper)                                       0.00       1.51 r
  wrapper/U44/CO (FA1D0)                                                                        0.11       1.63 r
  wrapper/U45/CO (FA1D0)                                                                        0.05       1.68 r
  wrapper/U46/CO (FA1D0)                                                                        0.05       1.73 r
  wrapper/U47/CO (FA1D0)                                                                        0.05       1.78 r
  wrapper/U48/CO (FA1D0)                                                                        0.05       1.83 r
  wrapper/U49/CO (FA1D0)                                                                        0.05       1.89 r
  wrapper/U60/Z (XOR3D1)                                                                        0.07       1.95 f
  wrapper/U58/Z (AO22D0)                                                                        0.08       2.03 f
  wrapper/result[30] (fp32_normal_finite_wrapper)                                               0.00       2.03 f
  result[30] (out)                                                                              0.00       2.03 f
  data arrival time                                                                                        2.03

  clock vclk (rise edge)                                                                       10.00      10.00
  clock network delay (ideal)                                                                   0.00      10.00
  output external delay                                                                        -0.02       9.98
  data required time                                                                                       9.98
  ----------------------------------------------------------------------------------------------------------------
  data required time                                                                                       9.98
  data arrival time                                                                                       -2.03
  ----------------------------------------------------------------------------------------------------------------
  slack (MET)                                                                                              7.95


  Startpoint: x[17] (input port clocked by vclk)
  Endpoint: result[30] (output port clocked by vclk)
  Path Group: vclk
  Path Type: max

  Des/Clust/Port     Wire Load Model       Library
  ------------------------------------------------
  unified_mul_drop_l0_separate ZeroWireload tcbn65gplustc_ccs
  fp32_normal_finite_wrapper ZeroWireload  tcbn65gplustc_ccs
  unified_mul_drop_l0_separate_div_DW_mult_tc_1_DW_mult_tc_3 ZeroWireload tcbn65gplustc_ccs
  unified_mul_drop_l0_separate_div ZeroWireload tcbn65gplustc_ccs
  unified_mul_drop_l0_separate_mul ZeroWireload tcbn65gplustc_ccs
  unified_mul_drop_l0_separate_div_DW01_sub_0 ZeroWireload tcbn65gplustc_ccs

  Point                                                                                         Incr       Path
  ----------------------------------------------------------------------------------------------------------------
  clock vclk (rise edge)                                                                        0.00       0.00
  clock network delay (ideal)                                                                   0.00       0.00
  input external delay                                                                          0.02       0.02 r
  x[17] (in)                                                                                    0.01       0.03 r
  wrapper/x[17] (fp32_normal_finite_wrapper)                                                    0.00       0.03 r
  wrapper/U57/Z (CKBD1)                                                                         0.06       0.09 r
  wrapper/fraction_x[17] (fp32_normal_finite_wrapper)                                           0.00       0.09 r
  div_core/fx[17] (unified_mul_drop_l0_separate_div)                                            0.00       0.09 r
  div_core/mult_7/a[1] (unified_mul_drop_l0_separate_div_DW_mult_tc_1_DW_mult_tc_3)             0.00       0.09 r
  div_core/mult_7/U27/S (FA1D0)                                                                 0.11       0.20 f
  div_core/mult_7/U10/CO (FA1D0)                                                                0.10       0.30 f
  div_core/mult_7/U9/CO (FA1D0)                                                                 0.06       0.36 f
  div_core/mult_7/U8/CO (FA1D0)                                                                 0.06       0.41 f
  div_core/mult_7/U7/CO (FA1D0)                                                                 0.06       0.47 f
  div_core/mult_7/U6/CO (FA1D0)                                                                 0.06       0.52 f
  div_core/mult_7/U5/CO (FA1D0)                                                                 0.06       0.58 f
  div_core/mult_7/U4/CO (FA1D0)                                                                 0.06       0.63 f
  div_core/mult_7/U3/S (FA1D0)                                                                  0.08       0.71 r
  div_core/mult_7/product[12] (unified_mul_drop_l0_separate_div_DW_mult_tc_1_DW_mult_tc_3)      0.00       0.71 r
  div_core/U37/Z (CKXOR2D1)                                                                     0.06       0.77 r
  div_core/sub_0_root_sub_9/A[12] (unified_mul_drop_l0_separate_div_DW01_sub_0)                 0.00       0.77 r
  div_core/sub_0_root_sub_9/U2_12/CO (FA1D0)                                                    0.09       0.87 r
  div_core/sub_0_root_sub_9/U2_13/CO (FA1D0)                                                    0.05       0.92 r
  div_core/sub_0_root_sub_9/U2_14/CO (FA1D0)                                                    0.05       0.97 r
  div_core/sub_0_root_sub_9/U2_15/Z (XOR3D1)                                                    0.07       1.04 f
  div_core/sub_0_root_sub_9/DIFF[15] (unified_mul_drop_l0_separate_div_DW01_sub_0)              0.00       1.04 f
  div_core/value[24] (unified_mul_drop_l0_separate_div)                                         0.00       1.04 f
  U109/ZN (AOI22D1)                                                                             0.15       1.19 r
  U80/ZN (IND3D1)                                                                               0.15       1.34 f
  U78/ZN (ND2D1)                                                                                0.18       1.51 r
  wrapper/exponent_adjust[1] (fp32_normal_finite_wrapper)                                       0.00       1.51 r
  wrapper/U44/CO (FA1D0)                                                                        0.11       1.63 r
  wrapper/U45/CO (FA1D0)                                                                        0.05       1.68 r
  wrapper/U46/CO (FA1D0)                                                                        0.05       1.73 r
  wrapper/U47/CO (FA1D0)                                                                        0.05       1.78 r
  wrapper/U48/CO (FA1D0)                                                                        0.05       1.83 r
  wrapper/U49/CO (FA1D0)                                                                        0.05       1.89 r
  wrapper/U60/Z (XOR3D1)                                                                        0.07       1.95 f
  wrapper/U58/Z (AO22D0)                                                                        0.08       2.03 f
  wrapper/result[30] (fp32_normal_finite_wrapper)                                               0.00       2.03 f
  result[30] (out)                                                                              0.00       2.03 f
  data arrival time                                                                                        2.03

  clock vclk (rise edge)                                                                       10.00      10.00
  clock network delay (ideal)                                                                   0.00      10.00
  output external delay                                                                        -0.02       9.98
  data required time                                                                                       9.98
  ----------------------------------------------------------------------------------------------------------------
  data required time                                                                                       9.98
  data arrival time                                                                                       -2.03
  ----------------------------------------------------------------------------------------------------------------
  slack (MET)                                                                                              7.95


  Startpoint: x[17] (input port clocked by vclk)
  Endpoint: result[30] (output port clocked by vclk)
  Path Group: vclk
  Path Type: max

  Des/Clust/Port     Wire Load Model       Library
  ------------------------------------------------
  unified_mul_drop_l0_separate ZeroWireload tcbn65gplustc_ccs
  fp32_normal_finite_wrapper ZeroWireload  tcbn65gplustc_ccs
  unified_mul_drop_l0_separate_div_DW_mult_tc_1_DW_mult_tc_3 ZeroWireload tcbn65gplustc_ccs
  unified_mul_drop_l0_separate_div ZeroWireload tcbn65gplustc_ccs
  unified_mul_drop_l0_separate_mul ZeroWireload tcbn65gplustc_ccs
  unified_mul_drop_l0_separate_div_DW01_sub_0 ZeroWireload tcbn65gplustc_ccs

  Point                                                                                         Incr       Path
  ----------------------------------------------------------------------------------------------------------------
  clock vclk (rise edge)                                                                        0.00       0.00
  clock network delay (ideal)                                                                   0.00       0.00
  input external delay                                                                          0.02       0.02 r
  x[17] (in)                                                                                    0.01       0.03 r
  wrapper/x[17] (fp32_normal_finite_wrapper)                                                    0.00       0.03 r
  wrapper/U57/Z (CKBD1)                                                                         0.06       0.09 r
  wrapper/fraction_x[17] (fp32_normal_finite_wrapper)                                           0.00       0.09 r
  div_core/fx[17] (unified_mul_drop_l0_separate_div)                                            0.00       0.09 r
  div_core/mult_7/a[1] (unified_mul_drop_l0_separate_div_DW_mult_tc_1_DW_mult_tc_3)             0.00       0.09 r
  div_core/mult_7/U27/S (FA1D0)                                                                 0.11       0.20 f
  div_core/mult_7/U10/CO (FA1D0)                                                                0.10       0.30 f
  div_core/mult_7/U9/CO (FA1D0)                                                                 0.06       0.36 f
  div_core/mult_7/U8/CO (FA1D0)                                                                 0.06       0.41 f
  div_core/mult_7/U7/CO (FA1D0)                                                                 0.06       0.47 f
  div_core/mult_7/U6/CO (FA1D0)                                                                 0.06       0.52 f
  div_core/mult_7/U5/CO (FA1D0)                                                                 0.06       0.58 f
  div_core/mult_7/U4/CO (FA1D0)                                                                 0.06       0.63 f
  div_core/mult_7/U3/S (FA1D0)                                                                  0.08       0.71 r
  div_core/mult_7/product[12] (unified_mul_drop_l0_separate_div_DW_mult_tc_1_DW_mult_tc_3)      0.00       0.71 r
  div_core/U37/Z (CKXOR2D1)                                                                     0.06       0.77 r
  div_core/sub_0_root_sub_9/A[12] (unified_mul_drop_l0_separate_div_DW01_sub_0)                 0.00       0.77 r
  div_core/sub_0_root_sub_9/U2_12/CO (FA1D0)                                                    0.09       0.87 r
  div_core/sub_0_root_sub_9/U2_13/CO (FA1D0)                                                    0.05       0.92 r
  div_core/sub_0_root_sub_9/U2_14/CO (FA1D0)                                                    0.05       0.97 r
  div_core/sub_0_root_sub_9/U2_15/Z (XOR3D1)                                                    0.07       1.04 f
  div_core/sub_0_root_sub_9/DIFF[15] (unified_mul_drop_l0_separate_div_DW01_sub_0)              0.00       1.04 f
  div_core/value[24] (unified_mul_drop_l0_separate_div)                                         0.00       1.04 f
  U109/ZN (AOI22D1)                                                                             0.15       1.19 r
  U80/ZN (IND3D1)                                                                               0.15       1.34 f
  U78/ZN (ND2D1)                                                                                0.18       1.51 r
  wrapper/exponent_adjust[1] (fp32_normal_finite_wrapper)                                       0.00       1.51 r
  wrapper/U44/CO (FA1D0)                                                                        0.11       1.63 r
  wrapper/U45/CO (FA1D0)                                                                        0.05       1.68 r
  wrapper/U46/CO (FA1D0)                                                                        0.05       1.73 r
  wrapper/U47/CO (FA1D0)                                                                        0.05       1.78 r
  wrapper/U48/CO (FA1D0)                                                                        0.05       1.83 r
  wrapper/U49/CO (FA1D0)                                                                        0.05       1.89 r
  wrapper/U60/Z (XOR3D1)                                                                        0.07       1.95 f
  wrapper/U58/Z (AO22D0)                                                                        0.08       2.03 f
  wrapper/result[30] (fp32_normal_finite_wrapper)                                               0.00       2.03 f
  result[30] (out)                                                                              0.00       2.03 f
  data arrival time                                                                                        2.03

  clock vclk (rise edge)                                                                       10.00      10.00
  clock network delay (ideal)                                                                   0.00      10.00
  output external delay                                                                        -0.02       9.98
  data required time                                                                                       9.98
  ----------------------------------------------------------------------------------------------------------------
  data required time                                                                                       9.98
  data arrival time                                                                                       -2.03
  ----------------------------------------------------------------------------------------------------------------
  slack (MET)                                                                                              7.95


  Startpoint: x[17] (input port clocked by vclk)
  Endpoint: result[30] (output port clocked by vclk)
  Path Group: vclk
  Path Type: max

  Des/Clust/Port     Wire Load Model       Library
  ------------------------------------------------
  unified_mul_drop_l0_separate ZeroWireload tcbn65gplustc_ccs
  fp32_normal_finite_wrapper ZeroWireload  tcbn65gplustc_ccs
  unified_mul_drop_l0_separate_div_DW_mult_tc_1_DW_mult_tc_3 ZeroWireload tcbn65gplustc_ccs
  unified_mul_drop_l0_separate_div ZeroWireload tcbn65gplustc_ccs
  unified_mul_drop_l0_separate_mul ZeroWireload tcbn65gplustc_ccs
  unified_mul_drop_l0_separate_div_DW01_sub_0 ZeroWireload tcbn65gplustc_ccs

  Point                                                                                         Incr       Path
  ----------------------------------------------------------------------------------------------------------------
  clock vclk (rise edge)                                                                        0.00       0.00
  clock network delay (ideal)                                                                   0.00       0.00
  input external delay                                                                          0.02       0.02 r
  x[17] (in)                                                                                    0.01       0.03 r
  wrapper/x[17] (fp32_normal_finite_wrapper)                                                    0.00       0.03 r
  wrapper/U57/Z (CKBD1)                                                                         0.06       0.09 r
  wrapper/fraction_x[17] (fp32_normal_finite_wrapper)                                           0.00       0.09 r
  div_core/fx[17] (unified_mul_drop_l0_separate_div)                                            0.00       0.09 r
  div_core/mult_7/a[1] (unified_mul_drop_l0_separate_div_DW_mult_tc_1_DW_mult_tc_3)             0.00       0.09 r
  div_core/mult_7/U27/S (FA1D0)                                                                 0.11       0.20 f
  div_core/mult_7/U10/CO (FA1D0)                                                                0.10       0.30 f
  div_core/mult_7/U9/CO (FA1D0)                                                                 0.06       0.36 f
  div_core/mult_7/U8/CO (FA1D0)                                                                 0.06       0.41 f
  div_core/mult_7/U7/CO (FA1D0)                                                                 0.06       0.47 f
  div_core/mult_7/U6/CO (FA1D0)                                                                 0.06       0.52 f
  div_core/mult_7/U5/CO (FA1D0)                                                                 0.06       0.58 f
  div_core/mult_7/U4/CO (FA1D0)                                                                 0.06       0.63 f
  div_core/mult_7/U3/S (FA1D0)                                                                  0.08       0.71 r
  div_core/mult_7/product[12] (unified_mul_drop_l0_separate_div_DW_mult_tc_1_DW_mult_tc_3)      0.00       0.71 r
  div_core/U37/Z (CKXOR2D1)                                                                     0.06       0.77 r
  div_core/sub_0_root_sub_9/A[12] (unified_mul_drop_l0_separate_div_DW01_sub_0)                 0.00       0.77 r
  div_core/sub_0_root_sub_9/U2_12/CO (FA1D0)                                                    0.09       0.87 r
  div_core/sub_0_root_sub_9/U2_13/CO (FA1D0)                                                    0.05       0.92 r
  div_core/sub_0_root_sub_9/U2_14/CO (FA1D0)                                                    0.05       0.97 r
  div_core/sub_0_root_sub_9/U2_15/Z (XOR3D1)                                                    0.07       1.04 f
  div_core/sub_0_root_sub_9/DIFF[15] (unified_mul_drop_l0_separate_div_DW01_sub_0)              0.00       1.04 f
  div_core/value[24] (unified_mul_drop_l0_separate_div)                                         0.00       1.04 f
  U109/ZN (AOI22D1)                                                                             0.15       1.19 r
  U80/ZN (IND3D1)                                                                               0.15       1.34 f
  U78/ZN (ND2D1)                                                                                0.18       1.51 r
  wrapper/exponent_adjust[1] (fp32_normal_finite_wrapper)                                       0.00       1.51 r
  wrapper/U44/CO (FA1D0)                                                                        0.11       1.63 r
  wrapper/U45/CO (FA1D0)                                                                        0.05       1.68 r
  wrapper/U46/CO (FA1D0)                                                                        0.05       1.73 r
  wrapper/U47/CO (FA1D0)                                                                        0.05       1.78 r
  wrapper/U48/CO (FA1D0)                                                                        0.05       1.83 r
  wrapper/U49/CO (FA1D0)                                                                        0.05       1.89 r
  wrapper/U60/Z (XOR3D1)                                                                        0.07       1.95 f
  wrapper/U58/Z (AO22D0)                                                                        0.08       2.03 f
  wrapper/result[30] (fp32_normal_finite_wrapper)                                               0.00       2.03 f
  result[30] (out)                                                                              0.00       2.03 f
  data arrival time                                                                                        2.03

  clock vclk (rise edge)                                                                       10.00      10.00
  clock network delay (ideal)                                                                   0.00      10.00
  output external delay                                                                        -0.02       9.98
  data required time                                                                                       9.98
  ----------------------------------------------------------------------------------------------------------------
  data required time                                                                                       9.98
  data arrival time                                                                                       -2.03
  ----------------------------------------------------------------------------------------------------------------
  slack (MET)                                                                                              7.95


  Startpoint: x[17] (input port clocked by vclk)
  Endpoint: result[30] (output port clocked by vclk)
  Path Group: vclk
  Path Type: max

  Des/Clust/Port     Wire Load Model       Library
  ------------------------------------------------
  unified_mul_drop_l0_separate ZeroWireload tcbn65gplustc_ccs
  fp32_normal_finite_wrapper ZeroWireload  tcbn65gplustc_ccs
  unified_mul_drop_l0_separate_div_DW_mult_tc_1_DW_mult_tc_3 ZeroWireload tcbn65gplustc_ccs
  unified_mul_drop_l0_separate_div ZeroWireload tcbn65gplustc_ccs
  unified_mul_drop_l0_separate_mul ZeroWireload tcbn65gplustc_ccs
  unified_mul_drop_l0_separate_div_DW01_sub_0 ZeroWireload tcbn65gplustc_ccs

  Point                                                                                         Incr       Path
  ----------------------------------------------------------------------------------------------------------------
  clock vclk (rise edge)                                                                        0.00       0.00
  clock network delay (ideal)                                                                   0.00       0.00
  input external delay                                                                          0.02       0.02 r
  x[17] (in)                                                                                    0.01       0.03 r
  wrapper/x[17] (fp32_normal_finite_wrapper)                                                    0.00       0.03 r
  wrapper/U57/Z (CKBD1)                                                                         0.06       0.09 r
  wrapper/fraction_x[17] (fp32_normal_finite_wrapper)                                           0.00       0.09 r
  div_core/fx[17] (unified_mul_drop_l0_separate_div)                                            0.00       0.09 r
  div_core/mult_7/a[1] (unified_mul_drop_l0_separate_div_DW_mult_tc_1_DW_mult_tc_3)             0.00       0.09 r
  div_core/mult_7/U27/S (FA1D0)                                                                 0.11       0.20 f
  div_core/mult_7/U10/CO (FA1D0)                                                                0.10       0.30 f
  div_core/mult_7/U9/CO (FA1D0)                                                                 0.06       0.36 f
  div_core/mult_7/U8/CO (FA1D0)                                                                 0.06       0.41 f
  div_core/mult_7/U7/CO (FA1D0)                                                                 0.06       0.47 f
  div_core/mult_7/U6/CO (FA1D0)                                                                 0.06       0.52 f
  div_core/mult_7/U5/CO (FA1D0)                                                                 0.06       0.58 f
  div_core/mult_7/U4/CO (FA1D0)                                                                 0.06       0.63 f
  div_core/mult_7/U3/S (FA1D0)                                                                  0.08       0.71 r
  div_core/mult_7/product[12] (unified_mul_drop_l0_separate_div_DW_mult_tc_1_DW_mult_tc_3)      0.00       0.71 r
  div_core/U37/Z (CKXOR2D1)                                                                     0.06       0.77 r
  div_core/sub_0_root_sub_9/A[12] (unified_mul_drop_l0_separate_div_DW01_sub_0)                 0.00       0.77 r
  div_core/sub_0_root_sub_9/U2_12/CO (FA1D0)                                                    0.09       0.87 r
  div_core/sub_0_root_sub_9/U2_13/CO (FA1D0)                                                    0.05       0.92 r
  div_core/sub_0_root_sub_9/U2_14/CO (FA1D0)                                                    0.05       0.97 r
  div_core/sub_0_root_sub_9/U2_15/Z (XOR3D1)                                                    0.07       1.04 f
  div_core/sub_0_root_sub_9/DIFF[15] (unified_mul_drop_l0_separate_div_DW01_sub_0)              0.00       1.04 f
  div_core/value[24] (unified_mul_drop_l0_separate_div)                                         0.00       1.04 f
  U109/ZN (AOI22D1)                                                                             0.15       1.19 r
  U80/ZN (IND3D1)                                                                               0.15       1.34 f
  U78/ZN (ND2D1)                                                                                0.18       1.51 r
  wrapper/exponent_adjust[1] (fp32_normal_finite_wrapper)                                       0.00       1.51 r
  wrapper/U44/CO (FA1D0)                                                                        0.11       1.63 r
  wrapper/U45/CO (FA1D0)                                                                        0.05       1.68 r
  wrapper/U46/CO (FA1D0)                                                                        0.05       1.73 r
  wrapper/U47/CO (FA1D0)                                                                        0.05       1.78 r
  wrapper/U48/CO (FA1D0)                                                                        0.05       1.83 r
  wrapper/U49/CO (FA1D0)                                                                        0.05       1.89 r
  wrapper/U60/Z (XOR3D1)                                                                        0.07       1.95 f
  wrapper/U58/Z (AO22D0)                                                                        0.08       2.03 f
  wrapper/result[30] (fp32_normal_finite_wrapper)                                               0.00       2.03 f
  result[30] (out)                                                                              0.00       2.03 f
  data arrival time                                                                                        2.03

  clock vclk (rise edge)                                                                       10.00      10.00
  clock network delay (ideal)                                                                   0.00      10.00
  output external delay                                                                        -0.02       9.98
  data required time                                                                                       9.98
  ----------------------------------------------------------------------------------------------------------------
  data required time                                                                                       9.98
  data arrival time                                                                                       -2.03
  ----------------------------------------------------------------------------------------------------------------
  slack (MET)                                                                                              7.95


1
