 
****************************************
check_design summary:
Version:     U-2022.12-SP7
Date:        Wed Sep 16 00:35:43 2026
****************************************

                   Name                                            Total
--------------------------------------------------------------------------------
Inputs/Outputs                                                    253
    Unloaded inputs (LINT-8)                                        4
    Unconnected ports (LINT-28)                                   234
    Shorted outputs (LINT-31)                                       7
    Constant outputs (LINT-52)                                      8

Cells                                                             111
    Connected to power or ground (LINT-32)                        104
    Nets connected to multiple pins on same cell (LINT-33)          7

Nets                                                                4
    Unloaded nets (LINT-2)                                          4
--------------------------------------------------------------------------------

Warning: In design 'unified_mul_drop_l0_separate', net 'div_core/sub_0_root_sub_9/B[13]' driven by pin 'div_core/sub_0_root_sub_9/B[13]' has no loads. (LINT-2)
Warning: In design 'unified_mul_drop_l0_separate', net 'div_core/sub_0_root_sub_9/B[16]' driven by pin 'div_core/sub_0_root_sub_9/B[16]' has no loads. (LINT-2)
Warning: In design 'unified_mul_drop_l0_separate', net 'div_core/sub_0_root_sub_9/B[15]' driven by pin 'div_core/sub_0_root_sub_9/B[15]' has no loads. (LINT-2)
Warning: In design 'unified_mul_drop_l0_separate', net 'div_core/sub_0_root_sub_9/B[14]' driven by pin 'div_core/sub_0_root_sub_9/B[14]' has no loads. (LINT-2)
Warning: In design 'unified_mul_drop_l0_separate_div_DW01_sub_0', input port 'B[16]' is unloaded. (LINT-8)
Warning: In design 'unified_mul_drop_l0_separate_div_DW01_sub_0', input port 'B[15]' is unloaded. (LINT-8)
Warning: In design 'unified_mul_drop_l0_separate_div_DW01_sub_0', input port 'B[14]' is unloaded. (LINT-8)
Warning: In design 'unified_mul_drop_l0_separate_div_DW01_sub_0', input port 'B[13]' is unloaded. (LINT-8)
Warning: In design 'unified_mul_drop_l0_separate', port 'x[15]' is not connected to any nets. (LINT-28)
Warning: In design 'unified_mul_drop_l0_separate', port 'x[14]' is not connected to any nets. (LINT-28)
Warning: In design 'unified_mul_drop_l0_separate', port 'x[13]' is not connected to any nets. (LINT-28)
Warning: In design 'unified_mul_drop_l0_separate', port 'x[12]' is not connected to any nets. (LINT-28)
Warning: In design 'unified_mul_drop_l0_separate', port 'x[11]' is not connected to any nets. (LINT-28)
Warning: In design 'unified_mul_drop_l0_separate', port 'x[10]' is not connected to any nets. (LINT-28)
Warning: In design 'unified_mul_drop_l0_separate', port 'x[9]' is not connected to any nets. (LINT-28)
Warning: In design 'unified_mul_drop_l0_separate', port 'x[8]' is not connected to any nets. (LINT-28)
Warning: In design 'unified_mul_drop_l0_separate', port 'x[7]' is not connected to any nets. (LINT-28)
Warning: In design 'unified_mul_drop_l0_separate', port 'x[6]' is not connected to any nets. (LINT-28)
Warning: In design 'unified_mul_drop_l0_separate', port 'x[5]' is not connected to any nets. (LINT-28)
Warning: In design 'unified_mul_drop_l0_separate', port 'x[4]' is not connected to any nets. (LINT-28)
Warning: In design 'unified_mul_drop_l0_separate', port 'x[3]' is not connected to any nets. (LINT-28)
Warning: In design 'unified_mul_drop_l0_separate', port 'x[2]' is not connected to any nets. (LINT-28)
Warning: In design 'unified_mul_drop_l0_separate', port 'x[1]' is not connected to any nets. (LINT-28)
Warning: In design 'unified_mul_drop_l0_separate', port 'x[0]' is not connected to any nets. (LINT-28)
Warning: In design 'unified_mul_drop_l0_separate', port 'y[15]' is not connected to any nets. (LINT-28)
Warning: In design 'unified_mul_drop_l0_separate', port 'y[14]' is not connected to any nets. (LINT-28)
Warning: In design 'unified_mul_drop_l0_separate', port 'y[13]' is not connected to any nets. (LINT-28)
Warning: In design 'unified_mul_drop_l0_separate', port 'y[12]' is not connected to any nets. (LINT-28)
Warning: In design 'unified_mul_drop_l0_separate', port 'y[11]' is not connected to any nets. (LINT-28)
Warning: In design 'unified_mul_drop_l0_separate', port 'y[10]' is not connected to any nets. (LINT-28)
Warning: In design 'unified_mul_drop_l0_separate', port 'y[9]' is not connected to any nets. (LINT-28)
Warning: In design 'unified_mul_drop_l0_separate', port 'y[8]' is not connected to any nets. (LINT-28)
Warning: In design 'unified_mul_drop_l0_separate', port 'y[7]' is not connected to any nets. (LINT-28)
Warning: In design 'unified_mul_drop_l0_separate', port 'y[6]' is not connected to any nets. (LINT-28)
Warning: In design 'unified_mul_drop_l0_separate', port 'y[5]' is not connected to any nets. (LINT-28)
Warning: In design 'unified_mul_drop_l0_separate', port 'y[4]' is not connected to any nets. (LINT-28)
Warning: In design 'unified_mul_drop_l0_separate', port 'y[3]' is not connected to any nets. (LINT-28)
Warning: In design 'unified_mul_drop_l0_separate', port 'y[2]' is not connected to any nets. (LINT-28)
Warning: In design 'unified_mul_drop_l0_separate', port 'y[1]' is not connected to any nets. (LINT-28)
Warning: In design 'unified_mul_drop_l0_separate', port 'y[0]' is not connected to any nets. (LINT-28)
Warning: In design 'unified_mul_drop_l0_separate_div', port 'fx[15]' is not connected to any nets. (LINT-28)
Warning: In design 'unified_mul_drop_l0_separate_div', port 'fx[14]' is not connected to any nets. (LINT-28)
Warning: In design 'unified_mul_drop_l0_separate_div', port 'fx[13]' is not connected to any nets. (LINT-28)
Warning: In design 'unified_mul_drop_l0_separate_div', port 'fx[12]' is not connected to any nets. (LINT-28)
Warning: In design 'unified_mul_drop_l0_separate_div', port 'fx[11]' is not connected to any nets. (LINT-28)
Warning: In design 'unified_mul_drop_l0_separate_div', port 'fx[10]' is not connected to any nets. (LINT-28)
Warning: In design 'unified_mul_drop_l0_separate_div', port 'fx[9]' is not connected to any nets. (LINT-28)
Warning: In design 'unified_mul_drop_l0_separate_div', port 'fx[8]' is not connected to any nets. (LINT-28)
Warning: In design 'unified_mul_drop_l0_separate_div', port 'fx[7]' is not connected to any nets. (LINT-28)
Warning: In design 'unified_mul_drop_l0_separate_div', port 'fx[6]' is not connected to any nets. (LINT-28)
Warning: In design 'unified_mul_drop_l0_separate_div', port 'fx[5]' is not connected to any nets. (LINT-28)
Warning: In design 'unified_mul_drop_l0_separate_div', port 'fx[4]' is not connected to any nets. (LINT-28)
Warning: In design 'unified_mul_drop_l0_separate_div', port 'fx[3]' is not connected to any nets. (LINT-28)
Warning: In design 'unified_mul_drop_l0_separate_div', port 'fx[2]' is not connected to any nets. (LINT-28)
Warning: In design 'unified_mul_drop_l0_separate_div', port 'fx[1]' is not connected to any nets. (LINT-28)
Warning: In design 'unified_mul_drop_l0_separate_div', port 'fx[0]' is not connected to any nets. (LINT-28)
Warning: In design 'unified_mul_drop_l0_separate_div', port 'fy[15]' is not connected to any nets. (LINT-28)
Warning: In design 'unified_mul_drop_l0_separate_div', port 'fy[14]' is not connected to any nets. (LINT-28)
Warning: In design 'unified_mul_drop_l0_separate_div', port 'fy[13]' is not connected to any nets. (LINT-28)
Warning: In design 'unified_mul_drop_l0_separate_div', port 'fy[12]' is not connected to any nets. (LINT-28)
Warning: In design 'unified_mul_drop_l0_separate_div', port 'fy[11]' is not connected to any nets. (LINT-28)
Warning: In design 'unified_mul_drop_l0_separate_div', port 'fy[10]' is not connected to any nets. (LINT-28)
Warning: In design 'unified_mul_drop_l0_separate_div', port 'fy[9]' is not connected to any nets. (LINT-28)
Warning: In design 'unified_mul_drop_l0_separate_div', port 'fy[8]' is not connected to any nets. (LINT-28)
Warning: In design 'unified_mul_drop_l0_separate_div', port 'fy[7]' is not connected to any nets. (LINT-28)
Warning: In design 'unified_mul_drop_l0_separate_div', port 'fy[6]' is not connected to any nets. (LINT-28)
Warning: In design 'unified_mul_drop_l0_separate_div', port 'fy[5]' is not connected to any nets. (LINT-28)
Warning: In design 'unified_mul_drop_l0_separate_div', port 'fy[4]' is not connected to any nets. (LINT-28)
Warning: In design 'unified_mul_drop_l0_separate_div', port 'fy[3]' is not connected to any nets. (LINT-28)
Warning: In design 'unified_mul_drop_l0_separate_div', port 'fy[2]' is not connected to any nets. (LINT-28)
Warning: In design 'unified_mul_drop_l0_separate_div', port 'fy[1]' is not connected to any nets. (LINT-28)
Warning: In design 'unified_mul_drop_l0_separate_div', port 'fy[0]' is not connected to any nets. (LINT-28)
Warning: In design 'unified_mul_drop_l0_separate_div', port 'value[28]' is not connected to any nets. (LINT-28)
Warning: In design 'unified_mul_drop_l0_separate_div', port 'value[27]' is not connected to any nets. (LINT-28)
Warning: In design 'unified_mul_drop_l0_separate_div', port 'value[26]' is not connected to any nets. (LINT-28)
Warning: In design 'unified_mul_drop_l0_separate_div', port 'value[25]' is not connected to any nets. (LINT-28)
Warning: In design 'unified_mul_drop_l0_separate_div', port 'value[8]' is not connected to any nets. (LINT-28)
Warning: In design 'unified_mul_drop_l0_separate_div', port 'value[7]' is not connected to any nets. (LINT-28)
Warning: In design 'unified_mul_drop_l0_separate_div', port 'value[6]' is not connected to any nets. (LINT-28)
Warning: In design 'unified_mul_drop_l0_separate_div', port 'value[5]' is not connected to any nets. (LINT-28)
Warning: In design 'unified_mul_drop_l0_separate_div', port 'value[4]' is not connected to any nets. (LINT-28)
Warning: In design 'unified_mul_drop_l0_separate_div', port 'value[3]' is not connected to any nets. (LINT-28)
Warning: In design 'unified_mul_drop_l0_separate_div', port 'value[2]' is not connected to any nets. (LINT-28)
Warning: In design 'unified_mul_drop_l0_separate_div', port 'value[1]' is not connected to any nets. (LINT-28)
Warning: In design 'unified_mul_drop_l0_separate_div', port 'value[0]' is not connected to any nets. (LINT-28)
Warning: In design 'unified_mul_drop_l0_separate_mul', port 'fx[15]' is not connected to any nets. (LINT-28)
Warning: In design 'unified_mul_drop_l0_separate_mul', port 'fx[14]' is not connected to any nets. (LINT-28)
Warning: In design 'unified_mul_drop_l0_separate_mul', port 'fx[13]' is not connected to any nets. (LINT-28)
Warning: In design 'unified_mul_drop_l0_separate_mul', port 'fx[12]' is not connected to any nets. (LINT-28)
Warning: In design 'unified_mul_drop_l0_separate_mul', port 'fx[11]' is not connected to any nets. (LINT-28)
Warning: In design 'unified_mul_drop_l0_separate_mul', port 'fx[10]' is not connected to any nets. (LINT-28)
Warning: In design 'unified_mul_drop_l0_separate_mul', port 'fx[9]' is not connected to any nets. (LINT-28)
Warning: In design 'unified_mul_drop_l0_separate_mul', port 'fx[8]' is not connected to any nets. (LINT-28)
Warning: In design 'unified_mul_drop_l0_separate_mul', port 'fx[7]' is not connected to any nets. (LINT-28)
Warning: In design 'unified_mul_drop_l0_separate_mul', port 'fx[6]' is not connected to any nets. (LINT-28)
Warning: In design 'unified_mul_drop_l0_separate_mul', port 'fx[5]' is not connected to any nets. (LINT-28)
Warning: In design 'unified_mul_drop_l0_separate_mul', port 'fx[4]' is not connected to any nets. (LINT-28)
Warning: In design 'unified_mul_drop_l0_separate_mul', port 'fx[3]' is not connected to any nets. (LINT-28)
Warning: In design 'unified_mul_drop_l0_separate_mul', port 'fx[2]' is not connected to any nets. (LINT-28)
Warning: In design 'unified_mul_drop_l0_separate_mul', port 'fx[1]' is not connected to any nets. (LINT-28)
Warning: In design 'unified_mul_drop_l0_separate_mul', port 'fx[0]' is not connected to any nets. (LINT-28)
Warning: In design 'unified_mul_drop_l0_separate_mul', port 'fy[15]' is not connected to any nets. (LINT-28)
Warning: In design 'unified_mul_drop_l0_separate_mul', port 'fy[14]' is not connected to any nets. (LINT-28)
Warning: In design 'unified_mul_drop_l0_separate_mul', port 'fy[13]' is not connected to any nets. (LINT-28)
Warning: In design 'unified_mul_drop_l0_separate_mul', port 'fy[12]' is not connected to any nets. (LINT-28)
Warning: In design 'unified_mul_drop_l0_separate_mul', port 'fy[11]' is not connected to any nets. (LINT-28)
Warning: In design 'unified_mul_drop_l0_separate_mul', port 'fy[10]' is not connected to any nets. (LINT-28)
Warning: In design 'unified_mul_drop_l0_separate_mul', port 'fy[9]' is not connected to any nets. (LINT-28)
Warning: In design 'unified_mul_drop_l0_separate_mul', port 'fy[8]' is not connected to any nets. (LINT-28)
Warning: In design 'unified_mul_drop_l0_separate_mul', port 'fy[7]' is not connected to any nets. (LINT-28)
Warning: In design 'unified_mul_drop_l0_separate_mul', port 'fy[6]' is not connected to any nets. (LINT-28)
Warning: In design 'unified_mul_drop_l0_separate_mul', port 'fy[5]' is not connected to any nets. (LINT-28)
Warning: In design 'unified_mul_drop_l0_separate_mul', port 'fy[4]' is not connected to any nets. (LINT-28)
Warning: In design 'unified_mul_drop_l0_separate_mul', port 'fy[3]' is not connected to any nets. (LINT-28)
Warning: In design 'unified_mul_drop_l0_separate_mul', port 'fy[2]' is not connected to any nets. (LINT-28)
Warning: In design 'unified_mul_drop_l0_separate_mul', port 'fy[1]' is not connected to any nets. (LINT-28)
Warning: In design 'unified_mul_drop_l0_separate_mul', port 'fy[0]' is not connected to any nets. (LINT-28)
Warning: In design 'unified_mul_drop_l0_separate_mul', port 'value[28]' is not connected to any nets. (LINT-28)
Warning: In design 'unified_mul_drop_l0_separate_mul', port 'value[27]' is not connected to any nets. (LINT-28)
Warning: In design 'unified_mul_drop_l0_separate_mul', port 'value[26]' is not connected to any nets. (LINT-28)
Warning: In design 'unified_mul_drop_l0_separate_mul', port 'value[25]' is not connected to any nets. (LINT-28)
Warning: In design 'unified_mul_drop_l0_separate_mul', port 'value[14]' is not connected to any nets. (LINT-28)
Warning: In design 'unified_mul_drop_l0_separate_mul', port 'value[13]' is not connected to any nets. (LINT-28)
Warning: In design 'unified_mul_drop_l0_separate_mul', port 'value[12]' is not connected to any nets. (LINT-28)
Warning: In design 'unified_mul_drop_l0_separate_mul', port 'value[11]' is not connected to any nets. (LINT-28)
Warning: In design 'unified_mul_drop_l0_separate_mul', port 'value[10]' is not connected to any nets. (LINT-28)
Warning: In design 'unified_mul_drop_l0_separate_mul', port 'value[9]' is not connected to any nets. (LINT-28)
Warning: In design 'unified_mul_drop_l0_separate_mul', port 'value[8]' is not connected to any nets. (LINT-28)
Warning: In design 'unified_mul_drop_l0_separate_mul', port 'value[7]' is not connected to any nets. (LINT-28)
Warning: In design 'unified_mul_drop_l0_separate_mul', port 'value[6]' is not connected to any nets. (LINT-28)
Warning: In design 'unified_mul_drop_l0_separate_mul', port 'value[5]' is not connected to any nets. (LINT-28)
Warning: In design 'unified_mul_drop_l0_separate_mul', port 'value[4]' is not connected to any nets. (LINT-28)
Warning: In design 'unified_mul_drop_l0_separate_mul', port 'value[3]' is not connected to any nets. (LINT-28)
Warning: In design 'unified_mul_drop_l0_separate_mul', port 'value[2]' is not connected to any nets. (LINT-28)
Warning: In design 'unified_mul_drop_l0_separate_mul', port 'value[1]' is not connected to any nets. (LINT-28)
Warning: In design 'unified_mul_drop_l0_separate_mul', port 'value[0]' is not connected to any nets. (LINT-28)
Warning: In design 'fp32_normal_finite_wrapper', port 'x[15]' is not connected to any nets. (LINT-28)
Warning: In design 'fp32_normal_finite_wrapper', port 'x[14]' is not connected to any nets. (LINT-28)
Warning: In design 'fp32_normal_finite_wrapper', port 'x[13]' is not connected to any nets. (LINT-28)
Warning: In design 'fp32_normal_finite_wrapper', port 'x[12]' is not connected to any nets. (LINT-28)
Warning: In design 'fp32_normal_finite_wrapper', port 'x[11]' is not connected to any nets. (LINT-28)
Warning: In design 'fp32_normal_finite_wrapper', port 'x[10]' is not connected to any nets. (LINT-28)
Warning: In design 'fp32_normal_finite_wrapper', port 'x[9]' is not connected to any nets. (LINT-28)
Warning: In design 'fp32_normal_finite_wrapper', port 'x[8]' is not connected to any nets. (LINT-28)
Warning: In design 'fp32_normal_finite_wrapper', port 'x[7]' is not connected to any nets. (LINT-28)
Warning: In design 'fp32_normal_finite_wrapper', port 'x[6]' is not connected to any nets. (LINT-28)
Warning: In design 'fp32_normal_finite_wrapper', port 'x[5]' is not connected to any nets. (LINT-28)
Warning: In design 'fp32_normal_finite_wrapper', port 'x[4]' is not connected to any nets. (LINT-28)
Warning: In design 'fp32_normal_finite_wrapper', port 'x[3]' is not connected to any nets. (LINT-28)
Warning: In design 'fp32_normal_finite_wrapper', port 'x[2]' is not connected to any nets. (LINT-28)
Warning: In design 'fp32_normal_finite_wrapper', port 'x[1]' is not connected to any nets. (LINT-28)
Warning: In design 'fp32_normal_finite_wrapper', port 'x[0]' is not connected to any nets. (LINT-28)
Warning: In design 'fp32_normal_finite_wrapper', port 'y[15]' is not connected to any nets. (LINT-28)
Warning: In design 'fp32_normal_finite_wrapper', port 'y[14]' is not connected to any nets. (LINT-28)
Warning: In design 'fp32_normal_finite_wrapper', port 'y[13]' is not connected to any nets. (LINT-28)
Warning: In design 'fp32_normal_finite_wrapper', port 'y[12]' is not connected to any nets. (LINT-28)
Warning: In design 'fp32_normal_finite_wrapper', port 'y[11]' is not connected to any nets. (LINT-28)
Warning: In design 'fp32_normal_finite_wrapper', port 'y[10]' is not connected to any nets. (LINT-28)
Warning: In design 'fp32_normal_finite_wrapper', port 'y[9]' is not connected to any nets. (LINT-28)
Warning: In design 'fp32_normal_finite_wrapper', port 'y[8]' is not connected to any nets. (LINT-28)
Warning: In design 'fp32_normal_finite_wrapper', port 'y[7]' is not connected to any nets. (LINT-28)
Warning: In design 'fp32_normal_finite_wrapper', port 'y[6]' is not connected to any nets. (LINT-28)
Warning: In design 'fp32_normal_finite_wrapper', port 'y[5]' is not connected to any nets. (LINT-28)
Warning: In design 'fp32_normal_finite_wrapper', port 'y[4]' is not connected to any nets. (LINT-28)
Warning: In design 'fp32_normal_finite_wrapper', port 'y[3]' is not connected to any nets. (LINT-28)
Warning: In design 'fp32_normal_finite_wrapper', port 'y[2]' is not connected to any nets. (LINT-28)
Warning: In design 'fp32_normal_finite_wrapper', port 'y[1]' is not connected to any nets. (LINT-28)
Warning: In design 'fp32_normal_finite_wrapper', port 'y[0]' is not connected to any nets. (LINT-28)
Warning: In design 'fp32_normal_finite_wrapper', port 'fraction_x[15]' is not connected to any nets. (LINT-28)
Warning: In design 'fp32_normal_finite_wrapper', port 'fraction_x[14]' is not connected to any nets. (LINT-28)
Warning: In design 'fp32_normal_finite_wrapper', port 'fraction_x[13]' is not connected to any nets. (LINT-28)
Warning: In design 'fp32_normal_finite_wrapper', port 'fraction_x[12]' is not connected to any nets. (LINT-28)
Warning: In design 'fp32_normal_finite_wrapper', port 'fraction_x[11]' is not connected to any nets. (LINT-28)
Warning: In design 'fp32_normal_finite_wrapper', port 'fraction_x[10]' is not connected to any nets. (LINT-28)
Warning: In design 'fp32_normal_finite_wrapper', port 'fraction_x[9]' is not connected to any nets. (LINT-28)
Warning: In design 'fp32_normal_finite_wrapper', port 'fraction_x[8]' is not connected to any nets. (LINT-28)
Warning: In design 'fp32_normal_finite_wrapper', port 'fraction_x[7]' is not connected to any nets. (LINT-28)
Warning: In design 'fp32_normal_finite_wrapper', port 'fraction_x[6]' is not connected to any nets. (LINT-28)
Warning: In design 'fp32_normal_finite_wrapper', port 'fraction_x[5]' is not connected to any nets. (LINT-28)
Warning: In design 'fp32_normal_finite_wrapper', port 'fraction_x[4]' is not connected to any nets. (LINT-28)
Warning: In design 'fp32_normal_finite_wrapper', port 'fraction_x[3]' is not connected to any nets. (LINT-28)
Warning: In design 'fp32_normal_finite_wrapper', port 'fraction_x[2]' is not connected to any nets. (LINT-28)
Warning: In design 'fp32_normal_finite_wrapper', port 'fraction_x[1]' is not connected to any nets. (LINT-28)
Warning: In design 'fp32_normal_finite_wrapper', port 'fraction_x[0]' is not connected to any nets. (LINT-28)
Warning: In design 'fp32_normal_finite_wrapper', port 'fraction_y[15]' is not connected to any nets. (LINT-28)
Warning: In design 'fp32_normal_finite_wrapper', port 'fraction_y[14]' is not connected to any nets. (LINT-28)
Warning: In design 'fp32_normal_finite_wrapper', port 'fraction_y[13]' is not connected to any nets. (LINT-28)
Warning: In design 'fp32_normal_finite_wrapper', port 'fraction_y[12]' is not connected to any nets. (LINT-28)
Warning: In design 'fp32_normal_finite_wrapper', port 'fraction_y[11]' is not connected to any nets. (LINT-28)
Warning: In design 'fp32_normal_finite_wrapper', port 'fraction_y[10]' is not connected to any nets. (LINT-28)
Warning: In design 'fp32_normal_finite_wrapper', port 'fraction_y[9]' is not connected to any nets. (LINT-28)
Warning: In design 'fp32_normal_finite_wrapper', port 'fraction_y[8]' is not connected to any nets. (LINT-28)
Warning: In design 'fp32_normal_finite_wrapper', port 'fraction_y[7]' is not connected to any nets. (LINT-28)
Warning: In design 'fp32_normal_finite_wrapper', port 'fraction_y[6]' is not connected to any nets. (LINT-28)
Warning: In design 'fp32_normal_finite_wrapper', port 'fraction_y[5]' is not connected to any nets. (LINT-28)
Warning: In design 'fp32_normal_finite_wrapper', port 'fraction_y[4]' is not connected to any nets. (LINT-28)
Warning: In design 'fp32_normal_finite_wrapper', port 'fraction_y[3]' is not connected to any nets. (LINT-28)
Warning: In design 'fp32_normal_finite_wrapper', port 'fraction_y[2]' is not connected to any nets. (LINT-28)
Warning: In design 'fp32_normal_finite_wrapper', port 'fraction_y[1]' is not connected to any nets. (LINT-28)
Warning: In design 'fp32_normal_finite_wrapper', port 'fraction_y[0]' is not connected to any nets. (LINT-28)
Warning: In design 'fp32_normal_finite_wrapper', port 'result_fraction[7]' is not connected to any nets. (LINT-28)
Warning: In design 'fp32_normal_finite_wrapper', port 'result_fraction[6]' is not connected to any nets. (LINT-28)
Warning: In design 'fp32_normal_finite_wrapper', port 'result_fraction[5]' is not connected to any nets. (LINT-28)
Warning: In design 'fp32_normal_finite_wrapper', port 'result_fraction[4]' is not connected to any nets. (LINT-28)
Warning: In design 'fp32_normal_finite_wrapper', port 'result_fraction[3]' is not connected to any nets. (LINT-28)
Warning: In design 'fp32_normal_finite_wrapper', port 'result_fraction[2]' is not connected to any nets. (LINT-28)
Warning: In design 'fp32_normal_finite_wrapper', port 'result_fraction[1]' is not connected to any nets. (LINT-28)
Warning: In design 'fp32_normal_finite_wrapper', port 'result_fraction[0]' is not connected to any nets. (LINT-28)
Warning: In design 'fp32_normal_finite_wrapper', port 'result[7]' is not connected to any nets. (LINT-28)
Warning: In design 'fp32_normal_finite_wrapper', port 'result[6]' is not connected to any nets. (LINT-28)
Warning: In design 'fp32_normal_finite_wrapper', port 'result[5]' is not connected to any nets. (LINT-28)
Warning: In design 'fp32_normal_finite_wrapper', port 'result[4]' is not connected to any nets. (LINT-28)
Warning: In design 'fp32_normal_finite_wrapper', port 'result[3]' is not connected to any nets. (LINT-28)
Warning: In design 'fp32_normal_finite_wrapper', port 'result[2]' is not connected to any nets. (LINT-28)
Warning: In design 'fp32_normal_finite_wrapper', port 'result[1]' is not connected to any nets. (LINT-28)
Warning: In design 'fp32_normal_finite_wrapper', port 'result[0]' is not connected to any nets. (LINT-28)
Warning: In design 'unified_mul_drop_l0_separate_div_DW01_sub_0', port 'A[17]' is not connected to any nets. (LINT-28)
Warning: In design 'unified_mul_drop_l0_separate_div_DW01_sub_0', port 'A[16]' is not connected to any nets. (LINT-28)
Warning: In design 'unified_mul_drop_l0_separate_div_DW01_sub_0', port 'CI' is not connected to any nets. (LINT-28)
Warning: In design 'unified_mul_drop_l0_separate_div_DW01_sub_0', port 'DIFF[17]' is not connected to any nets. (LINT-28)
Warning: In design 'unified_mul_drop_l0_separate_div_DW01_sub_0', port 'DIFF[16]' is not connected to any nets. (LINT-28)
Warning: In design 'unified_mul_drop_l0_separate_div_DW01_sub_0', port 'CO' is not connected to any nets. (LINT-28)
Warning: In design 'unified_mul_drop_l0_separate_div_DW_mult_tc_0_DW_mult_tc_2', port 'b[7]' is not connected to any nets. (LINT-28)
Warning: In design 'unified_mul_drop_l0_separate_div_DW_mult_tc_0_DW_mult_tc_2', port 'b[6]' is not connected to any nets. (LINT-28)
Warning: In design 'unified_mul_drop_l0_separate_div_DW_mult_tc_0_DW_mult_tc_2', port 'b[5]' is not connected to any nets. (LINT-28)
Warning: In design 'unified_mul_drop_l0_separate_div_DW_mult_tc_0_DW_mult_tc_2', port 'b[4]' is not connected to any nets. (LINT-28)
Warning: In design 'unified_mul_drop_l0_separate_div_DW_mult_tc_0_DW_mult_tc_2', port 'b[3]' is not connected to any nets. (LINT-28)
Warning: In design 'unified_mul_drop_l0_separate_div_DW_mult_tc_0_DW_mult_tc_2', port 'b[2]' is not connected to any nets. (LINT-28)
Warning: In design 'unified_mul_drop_l0_separate_div_DW_mult_tc_0_DW_mult_tc_2', port 'b[1]' is not connected to any nets. (LINT-28)
Warning: In design 'unified_mul_drop_l0_separate_div_DW_mult_tc_0_DW_mult_tc_2', port 'b[0]' is not connected to any nets. (LINT-28)
Warning: In design 'unified_mul_drop_l0_separate_div_DW_mult_tc_1_DW_mult_tc_3', port 'b[7]' is not connected to any nets. (LINT-28)
Warning: In design 'unified_mul_drop_l0_separate_div_DW_mult_tc_1_DW_mult_tc_3', port 'b[6]' is not connected to any nets. (LINT-28)
Warning: In design 'unified_mul_drop_l0_separate_div_DW_mult_tc_1_DW_mult_tc_3', port 'b[5]' is not connected to any nets. (LINT-28)
Warning: In design 'unified_mul_drop_l0_separate_div_DW_mult_tc_1_DW_mult_tc_3', port 'b[4]' is not connected to any nets. (LINT-28)
Warning: In design 'unified_mul_drop_l0_separate_div_DW_mult_tc_1_DW_mult_tc_3', port 'b[3]' is not connected to any nets. (LINT-28)
Warning: In design 'unified_mul_drop_l0_separate_div_DW_mult_tc_1_DW_mult_tc_3', port 'b[2]' is not connected to any nets. (LINT-28)
Warning: In design 'unified_mul_drop_l0_separate_div_DW_mult_tc_1_DW_mult_tc_3', port 'b[1]' is not connected to any nets. (LINT-28)
Warning: In design 'unified_mul_drop_l0_separate_div_DW_mult_tc_1_DW_mult_tc_3', port 'b[0]' is not connected to any nets. (LINT-28)
Warning: In design 'fp32_normal_finite_wrapper_DW01_add_1_DW01_add_4', port 'CI' is not connected to any nets. (LINT-28)
Warning: In design 'fp32_normal_finite_wrapper_DW01_add_1_DW01_add_4', port 'CO' is not connected to any nets. (LINT-28)
Warning: In design 'fp32_normal_finite_wrapper_DW01_add_3_DW01_add_6', port 'CI' is not connected to any nets. (LINT-28)
Warning: In design 'fp32_normal_finite_wrapper_DW01_add_3_DW01_add_6', port 'CO' is not connected to any nets. (LINT-28)
Warning: In design 'unified_mul_drop_l0_separate', output port 'result[7]' is connected directly to output port 'result[1]'. (LINT-31)
Warning: In design 'unified_mul_drop_l0_separate', output port 'result[7]' is connected directly to output port 'result[2]'. (LINT-31)
Warning: In design 'unified_mul_drop_l0_separate', output port 'result[7]' is connected directly to output port 'result[3]'. (LINT-31)
Warning: In design 'unified_mul_drop_l0_separate', output port 'result[7]' is connected directly to output port 'result[4]'. (LINT-31)
Warning: In design 'unified_mul_drop_l0_separate', output port 'result[7]' is connected directly to output port 'result[5]'. (LINT-31)
Warning: In design 'unified_mul_drop_l0_separate', output port 'result[7]' is connected directly to output port 'result[6]'. (LINT-31)
Warning: In design 'unified_mul_drop_l0_separate', output port 'result[7]' is connected directly to output port 'result[0]'. (LINT-31)
Warning: In design 'unified_mul_drop_l0_separate', a pin on submodule 'div_core' is connected to logic 1 or logic 0. (LINT-32)
   Pin 'fx[15]' is connected to logic 0. 
Warning: In design 'unified_mul_drop_l0_separate', a pin on submodule 'div_core' is connected to logic 1 or logic 0. (LINT-32)
   Pin 'fx[14]' is connected to logic 0. 
Warning: In design 'unified_mul_drop_l0_separate', a pin on submodule 'div_core' is connected to logic 1 or logic 0. (LINT-32)
   Pin 'fx[13]' is connected to logic 0. 
Warning: In design 'unified_mul_drop_l0_separate', a pin on submodule 'div_core' is connected to logic 1 or logic 0. (LINT-32)
   Pin 'fx[12]' is connected to logic 0. 
Warning: In design 'unified_mul_drop_l0_separate', a pin on submodule 'div_core' is connected to logic 1 or logic 0. (LINT-32)
   Pin 'fx[11]' is connected to logic 0. 
Warning: In design 'unified_mul_drop_l0_separate', a pin on submodule 'div_core' is connected to logic 1 or logic 0. (LINT-32)
   Pin 'fx[10]' is connected to logic 0. 
Warning: In design 'unified_mul_drop_l0_separate', a pin on submodule 'div_core' is connected to logic 1 or logic 0. (LINT-32)
   Pin 'fx[9]' is connected to logic 0. 
Warning: In design 'unified_mul_drop_l0_separate', a pin on submodule 'div_core' is connected to logic 1 or logic 0. (LINT-32)
   Pin 'fx[8]' is connected to logic 0. 
Warning: In design 'unified_mul_drop_l0_separate', a pin on submodule 'div_core' is connected to logic 1 or logic 0. (LINT-32)
   Pin 'fx[7]' is connected to logic 0. 
Warning: In design 'unified_mul_drop_l0_separate', a pin on submodule 'div_core' is connected to logic 1 or logic 0. (LINT-32)
   Pin 'fx[6]' is connected to logic 0. 
Warning: In design 'unified_mul_drop_l0_separate', a pin on submodule 'div_core' is connected to logic 1 or logic 0. (LINT-32)
   Pin 'fx[5]' is connected to logic 0. 
Warning: In design 'unified_mul_drop_l0_separate', a pin on submodule 'div_core' is connected to logic 1 or logic 0. (LINT-32)
   Pin 'fx[4]' is connected to logic 0. 
Warning: In design 'unified_mul_drop_l0_separate', a pin on submodule 'div_core' is connected to logic 1 or logic 0. (LINT-32)
   Pin 'fx[3]' is connected to logic 0. 
Warning: In design 'unified_mul_drop_l0_separate', a pin on submodule 'div_core' is connected to logic 1 or logic 0. (LINT-32)
   Pin 'fx[2]' is connected to logic 0. 
Warning: In design 'unified_mul_drop_l0_separate', a pin on submodule 'div_core' is connected to logic 1 or logic 0. (LINT-32)
   Pin 'fx[1]' is connected to logic 0. 
Warning: In design 'unified_mul_drop_l0_separate', a pin on submodule 'div_core' is connected to logic 1 or logic 0. (LINT-32)
   Pin 'fx[0]' is connected to logic 0. 
Warning: In design 'unified_mul_drop_l0_separate', a pin on submodule 'div_core' is connected to logic 1 or logic 0. (LINT-32)
   Pin 'fy[15]' is connected to logic 0. 
Warning: In design 'unified_mul_drop_l0_separate', a pin on submodule 'div_core' is connected to logic 1 or logic 0. (LINT-32)
   Pin 'fy[14]' is connected to logic 0. 
Warning: In design 'unified_mul_drop_l0_separate', a pin on submodule 'div_core' is connected to logic 1 or logic 0. (LINT-32)
   Pin 'fy[13]' is connected to logic 0. 
Warning: In design 'unified_mul_drop_l0_separate', a pin on submodule 'div_core' is connected to logic 1 or logic 0. (LINT-32)
   Pin 'fy[12]' is connected to logic 0. 
Warning: In design 'unified_mul_drop_l0_separate', a pin on submodule 'div_core' is connected to logic 1 or logic 0. (LINT-32)
   Pin 'fy[11]' is connected to logic 0. 
Warning: In design 'unified_mul_drop_l0_separate', a pin on submodule 'div_core' is connected to logic 1 or logic 0. (LINT-32)
   Pin 'fy[10]' is connected to logic 0. 
Warning: In design 'unified_mul_drop_l0_separate', a pin on submodule 'div_core' is connected to logic 1 or logic 0. (LINT-32)
   Pin 'fy[9]' is connected to logic 0. 
Warning: In design 'unified_mul_drop_l0_separate', a pin on submodule 'div_core' is connected to logic 1 or logic 0. (LINT-32)
   Pin 'fy[8]' is connected to logic 0. 
Warning: In design 'unified_mul_drop_l0_separate', a pin on submodule 'div_core' is connected to logic 1 or logic 0. (LINT-32)
   Pin 'fy[7]' is connected to logic 0. 
Warning: In design 'unified_mul_drop_l0_separate', a pin on submodule 'div_core' is connected to logic 1 or logic 0. (LINT-32)
   Pin 'fy[6]' is connected to logic 0. 
Warning: In design 'unified_mul_drop_l0_separate', a pin on submodule 'div_core' is connected to logic 1 or logic 0. (LINT-32)
   Pin 'fy[5]' is connected to logic 0. 
Warning: In design 'unified_mul_drop_l0_separate', a pin on submodule 'div_core' is connected to logic 1 or logic 0. (LINT-32)
   Pin 'fy[4]' is connected to logic 0. 
Warning: In design 'unified_mul_drop_l0_separate', a pin on submodule 'div_core' is connected to logic 1 or logic 0. (LINT-32)
   Pin 'fy[3]' is connected to logic 0. 
Warning: In design 'unified_mul_drop_l0_separate', a pin on submodule 'div_core' is connected to logic 1 or logic 0. (LINT-32)
   Pin 'fy[2]' is connected to logic 0. 
Warning: In design 'unified_mul_drop_l0_separate', a pin on submodule 'div_core' is connected to logic 1 or logic 0. (LINT-32)
   Pin 'fy[1]' is connected to logic 0. 
Warning: In design 'unified_mul_drop_l0_separate', a pin on submodule 'div_core' is connected to logic 1 or logic 0. (LINT-32)
   Pin 'fy[0]' is connected to logic 0. 
Warning: In design 'unified_mul_drop_l0_separate', a pin on submodule 'mul_core' is connected to logic 1 or logic 0. (LINT-32)
   Pin 'fx[15]' is connected to logic 0. 
Warning: In design 'unified_mul_drop_l0_separate', a pin on submodule 'mul_core' is connected to logic 1 or logic 0. (LINT-32)
   Pin 'fx[14]' is connected to logic 0. 
Warning: In design 'unified_mul_drop_l0_separate', a pin on submodule 'mul_core' is connected to logic 1 or logic 0. (LINT-32)
   Pin 'fx[13]' is connected to logic 0. 
Warning: In design 'unified_mul_drop_l0_separate', a pin on submodule 'mul_core' is connected to logic 1 or logic 0. (LINT-32)
   Pin 'fx[12]' is connected to logic 0. 
Warning: In design 'unified_mul_drop_l0_separate', a pin on submodule 'mul_core' is connected to logic 1 or logic 0. (LINT-32)
   Pin 'fx[11]' is connected to logic 0. 
Warning: In design 'unified_mul_drop_l0_separate', a pin on submodule 'mul_core' is connected to logic 1 or logic 0. (LINT-32)
   Pin 'fx[10]' is connected to logic 0. 
Warning: In design 'unified_mul_drop_l0_separate', a pin on submodule 'mul_core' is connected to logic 1 or logic 0. (LINT-32)
   Pin 'fx[9]' is connected to logic 0. 
Warning: In design 'unified_mul_drop_l0_separate', a pin on submodule 'mul_core' is connected to logic 1 or logic 0. (LINT-32)
   Pin 'fx[8]' is connected to logic 0. 
Warning: In design 'unified_mul_drop_l0_separate', a pin on submodule 'mul_core' is connected to logic 1 or logic 0. (LINT-32)
   Pin 'fx[7]' is connected to logic 0. 
Warning: In design 'unified_mul_drop_l0_separate', a pin on submodule 'mul_core' is connected to logic 1 or logic 0. (LINT-32)
   Pin 'fx[6]' is connected to logic 0. 
Warning: In design 'unified_mul_drop_l0_separate', a pin on submodule 'mul_core' is connected to logic 1 or logic 0. (LINT-32)
   Pin 'fx[5]' is connected to logic 0. 
Warning: In design 'unified_mul_drop_l0_separate', a pin on submodule 'mul_core' is connected to logic 1 or logic 0. (LINT-32)
   Pin 'fx[4]' is connected to logic 0. 
Warning: In design 'unified_mul_drop_l0_separate', a pin on submodule 'mul_core' is connected to logic 1 or logic 0. (LINT-32)
   Pin 'fx[3]' is connected to logic 0. 
Warning: In design 'unified_mul_drop_l0_separate', a pin on submodule 'mul_core' is connected to logic 1 or logic 0. (LINT-32)
   Pin 'fx[2]' is connected to logic 0. 
Warning: In design 'unified_mul_drop_l0_separate', a pin on submodule 'mul_core' is connected to logic 1 or logic 0. (LINT-32)
   Pin 'fx[1]' is connected to logic 0. 
Warning: In design 'unified_mul_drop_l0_separate', a pin on submodule 'mul_core' is connected to logic 1 or logic 0. (LINT-32)
   Pin 'fx[0]' is connected to logic 0. 
Warning: In design 'unified_mul_drop_l0_separate', a pin on submodule 'mul_core' is connected to logic 1 or logic 0. (LINT-32)
   Pin 'fy[15]' is connected to logic 0. 
Warning: In design 'unified_mul_drop_l0_separate', a pin on submodule 'mul_core' is connected to logic 1 or logic 0. (LINT-32)
   Pin 'fy[14]' is connected to logic 0. 
Warning: In design 'unified_mul_drop_l0_separate', a pin on submodule 'mul_core' is connected to logic 1 or logic 0. (LINT-32)
   Pin 'fy[13]' is connected to logic 0. 
Warning: In design 'unified_mul_drop_l0_separate', a pin on submodule 'mul_core' is connected to logic 1 or logic 0. (LINT-32)
   Pin 'fy[12]' is connected to logic 0. 
Warning: In design 'unified_mul_drop_l0_separate', a pin on submodule 'mul_core' is connected to logic 1 or logic 0. (LINT-32)
   Pin 'fy[11]' is connected to logic 0. 
Warning: In design 'unified_mul_drop_l0_separate', a pin on submodule 'mul_core' is connected to logic 1 or logic 0. (LINT-32)
   Pin 'fy[10]' is connected to logic 0. 
Warning: In design 'unified_mul_drop_l0_separate', a pin on submodule 'mul_core' is connected to logic 1 or logic 0. (LINT-32)
   Pin 'fy[9]' is connected to logic 0. 
Warning: In design 'unified_mul_drop_l0_separate', a pin on submodule 'mul_core' is connected to logic 1 or logic 0. (LINT-32)
   Pin 'fy[8]' is connected to logic 0. 
Warning: In design 'unified_mul_drop_l0_separate', a pin on submodule 'mul_core' is connected to logic 1 or logic 0. (LINT-32)
   Pin 'fy[7]' is connected to logic 0. 
Warning: In design 'unified_mul_drop_l0_separate', a pin on submodule 'mul_core' is connected to logic 1 or logic 0. (LINT-32)
   Pin 'fy[6]' is connected to logic 0. 
Warning: In design 'unified_mul_drop_l0_separate', a pin on submodule 'mul_core' is connected to logic 1 or logic 0. (LINT-32)
   Pin 'fy[5]' is connected to logic 0. 
Warning: In design 'unified_mul_drop_l0_separate', a pin on submodule 'mul_core' is connected to logic 1 or logic 0. (LINT-32)
   Pin 'fy[4]' is connected to logic 0. 
Warning: In design 'unified_mul_drop_l0_separate', a pin on submodule 'mul_core' is connected to logic 1 or logic 0. (LINT-32)
   Pin 'fy[3]' is connected to logic 0. 
Warning: In design 'unified_mul_drop_l0_separate', a pin on submodule 'mul_core' is connected to logic 1 or logic 0. (LINT-32)
   Pin 'fy[2]' is connected to logic 0. 
Warning: In design 'unified_mul_drop_l0_separate', a pin on submodule 'mul_core' is connected to logic 1 or logic 0. (LINT-32)
   Pin 'fy[1]' is connected to logic 0. 
Warning: In design 'unified_mul_drop_l0_separate', a pin on submodule 'mul_core' is connected to logic 1 or logic 0. (LINT-32)
   Pin 'fy[0]' is connected to logic 0. 
Warning: In design 'unified_mul_drop_l0_separate', a pin on submodule 'wrapper' is connected to logic 1 or logic 0. (LINT-32)
   Pin 'x[15]' is connected to logic 0. 
Warning: In design 'unified_mul_drop_l0_separate', a pin on submodule 'wrapper' is connected to logic 1 or logic 0. (LINT-32)
   Pin 'x[14]' is connected to logic 0. 
Warning: In design 'unified_mul_drop_l0_separate', a pin on submodule 'wrapper' is connected to logic 1 or logic 0. (LINT-32)
   Pin 'x[13]' is connected to logic 0. 
Warning: In design 'unified_mul_drop_l0_separate', a pin on submodule 'wrapper' is connected to logic 1 or logic 0. (LINT-32)
   Pin 'x[12]' is connected to logic 0. 
Warning: In design 'unified_mul_drop_l0_separate', a pin on submodule 'wrapper' is connected to logic 1 or logic 0. (LINT-32)
   Pin 'x[11]' is connected to logic 0. 
Warning: In design 'unified_mul_drop_l0_separate', a pin on submodule 'wrapper' is connected to logic 1 or logic 0. (LINT-32)
   Pin 'x[10]' is connected to logic 0. 
Warning: In design 'unified_mul_drop_l0_separate', a pin on submodule 'wrapper' is connected to logic 1 or logic 0. (LINT-32)
   Pin 'x[9]' is connected to logic 0. 
Warning: In design 'unified_mul_drop_l0_separate', a pin on submodule 'wrapper' is connected to logic 1 or logic 0. (LINT-32)
   Pin 'x[8]' is connected to logic 0. 
Warning: In design 'unified_mul_drop_l0_separate', a pin on submodule 'wrapper' is connected to logic 1 or logic 0. (LINT-32)
   Pin 'x[7]' is connected to logic 0. 
Warning: In design 'unified_mul_drop_l0_separate', a pin on submodule 'wrapper' is connected to logic 1 or logic 0. (LINT-32)
   Pin 'x[6]' is connected to logic 0. 
Warning: In design 'unified_mul_drop_l0_separate', a pin on submodule 'wrapper' is connected to logic 1 or logic 0. (LINT-32)
   Pin 'x[5]' is connected to logic 0. 
Warning: In design 'unified_mul_drop_l0_separate', a pin on submodule 'wrapper' is connected to logic 1 or logic 0. (LINT-32)
   Pin 'x[4]' is connected to logic 0. 
Warning: In design 'unified_mul_drop_l0_separate', a pin on submodule 'wrapper' is connected to logic 1 or logic 0. (LINT-32)
   Pin 'x[3]' is connected to logic 0. 
Warning: In design 'unified_mul_drop_l0_separate', a pin on submodule 'wrapper' is connected to logic 1 or logic 0. (LINT-32)
   Pin 'x[2]' is connected to logic 0. 
Warning: In design 'unified_mul_drop_l0_separate', a pin on submodule 'wrapper' is connected to logic 1 or logic 0. (LINT-32)
   Pin 'x[1]' is connected to logic 0. 
Warning: In design 'unified_mul_drop_l0_separate', a pin on submodule 'wrapper' is connected to logic 1 or logic 0. (LINT-32)
   Pin 'x[0]' is connected to logic 0. 
Warning: In design 'unified_mul_drop_l0_separate', a pin on submodule 'wrapper' is connected to logic 1 or logic 0. (LINT-32)
   Pin 'y[15]' is connected to logic 0. 
Warning: In design 'unified_mul_drop_l0_separate', a pin on submodule 'wrapper' is connected to logic 1 or logic 0. (LINT-32)
   Pin 'y[14]' is connected to logic 0. 
Warning: In design 'unified_mul_drop_l0_separate', a pin on submodule 'wrapper' is connected to logic 1 or logic 0. (LINT-32)
   Pin 'y[13]' is connected to logic 0. 
Warning: In design 'unified_mul_drop_l0_separate', a pin on submodule 'wrapper' is connected to logic 1 or logic 0. (LINT-32)
   Pin 'y[12]' is connected to logic 0. 
Warning: In design 'unified_mul_drop_l0_separate', a pin on submodule 'wrapper' is connected to logic 1 or logic 0. (LINT-32)
   Pin 'y[11]' is connected to logic 0. 
Warning: In design 'unified_mul_drop_l0_separate', a pin on submodule 'wrapper' is connected to logic 1 or logic 0. (LINT-32)
   Pin 'y[10]' is connected to logic 0. 
Warning: In design 'unified_mul_drop_l0_separate', a pin on submodule 'wrapper' is connected to logic 1 or logic 0. (LINT-32)
   Pin 'y[9]' is connected to logic 0. 
Warning: In design 'unified_mul_drop_l0_separate', a pin on submodule 'wrapper' is connected to logic 1 or logic 0. (LINT-32)
   Pin 'y[8]' is connected to logic 0. 
Warning: In design 'unified_mul_drop_l0_separate', a pin on submodule 'wrapper' is connected to logic 1 or logic 0. (LINT-32)
   Pin 'y[7]' is connected to logic 0. 
Warning: In design 'unified_mul_drop_l0_separate', a pin on submodule 'wrapper' is connected to logic 1 or logic 0. (LINT-32)
   Pin 'y[6]' is connected to logic 0. 
Warning: In design 'unified_mul_drop_l0_separate', a pin on submodule 'wrapper' is connected to logic 1 or logic 0. (LINT-32)
   Pin 'y[5]' is connected to logic 0. 
Warning: In design 'unified_mul_drop_l0_separate', a pin on submodule 'wrapper' is connected to logic 1 or logic 0. (LINT-32)
   Pin 'y[4]' is connected to logic 0. 
Warning: In design 'unified_mul_drop_l0_separate', a pin on submodule 'wrapper' is connected to logic 1 or logic 0. (LINT-32)
   Pin 'y[3]' is connected to logic 0. 
Warning: In design 'unified_mul_drop_l0_separate', a pin on submodule 'wrapper' is connected to logic 1 or logic 0. (LINT-32)
   Pin 'y[2]' is connected to logic 0. 
Warning: In design 'unified_mul_drop_l0_separate', a pin on submodule 'wrapper' is connected to logic 1 or logic 0. (LINT-32)
   Pin 'y[1]' is connected to logic 0. 
Warning: In design 'unified_mul_drop_l0_separate', a pin on submodule 'wrapper' is connected to logic 1 or logic 0. (LINT-32)
   Pin 'y[0]' is connected to logic 0. 
Warning: In design 'unified_mul_drop_l0_separate', a pin on submodule 'wrapper' is connected to logic 1 or logic 0. (LINT-32)
   Pin 'result_fraction[7]' is connected to logic 0. 
Warning: In design 'unified_mul_drop_l0_separate', a pin on submodule 'wrapper' is connected to logic 1 or logic 0. (LINT-32)
   Pin 'result_fraction[6]' is connected to logic 0. 
Warning: In design 'unified_mul_drop_l0_separate', a pin on submodule 'wrapper' is connected to logic 1 or logic 0. (LINT-32)
   Pin 'result_fraction[5]' is connected to logic 0. 
Warning: In design 'unified_mul_drop_l0_separate', a pin on submodule 'wrapper' is connected to logic 1 or logic 0. (LINT-32)
   Pin 'result_fraction[4]' is connected to logic 0. 
Warning: In design 'unified_mul_drop_l0_separate', a pin on submodule 'wrapper' is connected to logic 1 or logic 0. (LINT-32)
   Pin 'result_fraction[3]' is connected to logic 0. 
Warning: In design 'unified_mul_drop_l0_separate', a pin on submodule 'wrapper' is connected to logic 1 or logic 0. (LINT-32)
   Pin 'result_fraction[2]' is connected to logic 0. 
Warning: In design 'unified_mul_drop_l0_separate', a pin on submodule 'wrapper' is connected to logic 1 or logic 0. (LINT-32)
   Pin 'result_fraction[1]' is connected to logic 0. 
Warning: In design 'unified_mul_drop_l0_separate', a pin on submodule 'wrapper' is connected to logic 1 or logic 0. (LINT-32)
   Pin 'result_fraction[0]' is connected to logic 0. 
Warning: In design 'unified_mul_drop_l0_separate', the same net is connected to more than one pin on submodule 'wrapper'. (LINT-33)
   Net 'exponent_adjust[2]' is connected to pins 'exponent_adjust[2]', 'exponent_adjust[1]''.
Warning: In design 'unified_mul_drop_l0_separate_div', the same net is connected to more than one pin on submodule 'mult_7'. (LINT-33)
   Net 'n21' is connected to pins 'b[7]', 'b[5]'', 'b[2]', 'b[1]'.
Warning: In design 'unified_mul_drop_l0_separate_div', the same net is connected to more than one pin on submodule 'mult_7'. (LINT-33)
   Net 'n100' is connected to pins 'b[6]', 'b[4]'', 'b[3]', 'b[0]'.
Warning: In design 'unified_mul_drop_l0_separate_div', the same net is connected to more than one pin on submodule 'mult_7_S2'. (LINT-33)
   Net 'n21' is connected to pins 'b[7]', 'b[5]'', 'b[2]', 'b[1]'.
Warning: In design 'unified_mul_drop_l0_separate_div', the same net is connected to more than one pin on submodule 'mult_7_S2'. (LINT-33)
   Net 'n100' is connected to pins 'b[6]', 'b[4]'', 'b[3]', 'b[0]'.
Warning: In design 'unified_mul_drop_l0_separate_div', the same net is connected to more than one pin on submodule 'sub_0_root_sub_9'. (LINT-33)
   Net 'n21' is connected to pins 'A[17]', 'A[16]'', 'CI'.
Warning: In design 'unified_mul_drop_l0_separate_div', the same net is connected to more than one pin on submodule 'sub_0_root_sub_9'. (LINT-33)
   Net 'py_15' is connected to pins 'B[17]', 'B[16]'', 'B[15]', 'B[14]'.
Warning: In design 'unified_mul_drop_l0_separate', output port 'result[7]' is connected directly to 'logic 0'. (LINT-52)
Warning: In design 'unified_mul_drop_l0_separate', output port 'result[6]' is connected directly to 'logic 0'. (LINT-52)
Warning: In design 'unified_mul_drop_l0_separate', output port 'result[5]' is connected directly to 'logic 0'. (LINT-52)
Warning: In design 'unified_mul_drop_l0_separate', output port 'result[4]' is connected directly to 'logic 0'. (LINT-52)
Warning: In design 'unified_mul_drop_l0_separate', output port 'result[3]' is connected directly to 'logic 0'. (LINT-52)
Warning: In design 'unified_mul_drop_l0_separate', output port 'result[2]' is connected directly to 'logic 0'. (LINT-52)
Warning: In design 'unified_mul_drop_l0_separate', output port 'result[1]' is connected directly to 'logic 0'. (LINT-52)
Warning: In design 'unified_mul_drop_l0_separate', output port 'result[0]' is connected directly to 'logic 0'. (LINT-52)
1
 
****************************************
Report : area
Design : unified_mul_drop_l0_separate
Version: U-2022.12-SP7
Date   : Wed Sep 16 00:35:43 2026
****************************************

Library(s) Used:

    tcbn65gplustc_ccs (File: /courses/ee6350/pdk2025/tcbn65gplus/TSMCHOME/digital/Front_End/timing_power_noise/CCS/tcbn65gplus_200a/tcbn65gplustc_ccs.db)

Number of ports:                          584
Number of nets:                           821
Number of cells:                          421
Number of combinational cells:            308
Number of sequential cells:                 0
Number of macros/black boxes:               0
Number of buf/inv:                         76
Number of references:                      14

Combinational area:               1302.480009
Buf/Inv area:                       95.400004
Noncombinational area:               0.000000
Macro/Black Box area:                0.000000
Net Interconnect area:      undefined  (Wire load has zero net area)

Total cell area:                  1302.480009
Total area:                 undefined
1
 
****************************************
Report : area
Design : unified_mul_drop_l0_separate
Version: U-2022.12-SP7
Date   : Wed Sep 16 00:35:43 2026
****************************************

Library(s) Used:

    tcbn65gplustc_ccs (File: /courses/ee6350/pdk2025/tcbn65gplus/TSMCHOME/digital/Front_End/timing_power_noise/CCS/tcbn65gplus_200a/tcbn65gplustc_ccs.db)

Number of ports:                          584
Number of nets:                           821
Number of cells:                          421
Number of combinational cells:            308
Number of sequential cells:                 0
Number of macros/black boxes:               0
Number of buf/inv:                         76
Number of references:                      14

Combinational area:               1302.480009
Buf/Inv area:                       95.400004
Noncombinational area:               0.000000
Macro/Black Box area:                0.000000
Net Interconnect area:      undefined  (Wire load has zero net area)

Total cell area:                  1302.480009
Total area:                 undefined

Hierarchical area distribution
------------------------------

                                  Global cell area          Local cell area
                                  ------------------  ---------------------------- 
Hierarchical cell                 Absolute   Percent  Combi-     Noncombi-  Black-
                                  Total      Total    national   national   boxes   Design
--------------------------------  ---------  -------  ---------  ---------  ------  ----------------------------------------------------------
unified_mul_drop_l0_separate      1302.4800    100.0   123.8400     0.0000  0.0000  unified_mul_drop_l0_separate
div_core                           564.8400     43.4    55.8000     0.0000  0.0000  unified_mul_drop_l0_separate_div
div_core/mult_7                    178.5600     13.7   178.5600     0.0000  0.0000  unified_mul_drop_l0_separate_div_DW_mult_tc_1_DW_mult_tc_3
div_core/mult_7_S2                 178.5600     13.7   178.5600     0.0000  0.0000  unified_mul_drop_l0_separate_div_DW_mult_tc_0_DW_mult_tc_2
div_core/sub_0_root_sub_9          151.9200     11.7   151.9200     0.0000  0.0000  unified_mul_drop_l0_separate_div_DW01_sub_0
mul_core                           234.7200     18.0   234.7200     0.0000  0.0000  unified_mul_drop_l0_separate_mul
wrapper                            379.0800     29.1   247.3200     0.0000  0.0000  fp32_normal_finite_wrapper
wrapper/add_1_root_add_0_root_add_22_2
                                    65.8800      5.1    65.8800     0.0000  0.0000  fp32_normal_finite_wrapper_DW01_add_1_DW01_add_4
wrapper/add_1_root_add_0_root_add_25_2
                                    65.8800      5.1    65.8800     0.0000  0.0000  fp32_normal_finite_wrapper_DW01_add_3_DW01_add_6
--------------------------------  ---------  -------  ---------  ---------  ------  ----------------------------------------------------------
Total                                                 1302.4800     0.0000  0.0000

1
Information: Propagating switching activity (medium effort zero delay simulation). (PWR-6)
Warning: Design has unannotated primary inputs. (PWR-414)
 
****************************************
Report : power
        -hier
        -analysis_effort medium
        -verbose
Design : unified_mul_drop_l0_separate
Version: U-2022.12-SP7
Date   : Wed Sep 16 00:35:43 2026
****************************************


Library(s) Used:

    tcbn65gplustc_ccs (File: /courses/ee6350/pdk2025/tcbn65gplus/TSMCHOME/digital/Front_End/timing_power_noise/CCS/tcbn65gplus_200a/tcbn65gplustc_ccs.db)


Operating Conditions: NCCOM   Library: tcbn65gplustc_ccs
Wire Load Model Mode: segmented

Design        Wire Load Model            Library
------------------------------------------------
unified_mul_drop_l0_separate
                       ZeroWireload      tcbn65gplustc_ccs
unified_mul_drop_l0_separate_div
                       ZeroWireload      tcbn65gplustc_ccs
unified_mul_drop_l0_separate_mul
                       ZeroWireload      tcbn65gplustc_ccs
fp32_normal_finite_wrapper
                       ZeroWireload      tcbn65gplustc_ccs
unified_mul_drop_l0_separate_div_DW01_sub_0
                       ZeroWireload      tcbn65gplustc_ccs
unified_mul_drop_l0_separate_div_DW_mult_tc_0_DW_mult_tc_2
                       ZeroWireload      tcbn65gplustc_ccs
unified_mul_drop_l0_separate_div_DW_mult_tc_1_DW_mult_tc_3
                       ZeroWireload      tcbn65gplustc_ccs
fp32_normal_finite_wrapper_DW01_add_1_DW01_add_4
                       ZeroWireload      tcbn65gplustc_ccs
fp32_normal_finite_wrapper_DW01_add_3_DW01_add_6
                       ZeroWireload      tcbn65gplustc_ccs


Global Operating Voltage = 1    
Power-specific unit information :
    Voltage Units = 1V
    Capacitance Units = 1.000000pf
    Time Units = 1ns
    Dynamic Power Units = 1mW    (derived from V,C,T units)
    Leakage Power Units = 1nW


--------------------------------------------------------------------------------
                                       Switch   Int      Leak     Total
Hierarchy                              Power    Power    Power    Power    %
--------------------------------------------------------------------------------
unified_mul_drop_l0_separate           1.05e-02 3.32e-02 8.28e+03 5.21e-02 100.0
  wrapper (fp32_normal_finite_wrapper) 3.75e-03 1.02e-02 2.51e+03 1.65e-02  31.7
    add_1_root_add_0_root_add_22_2 (fp32_normal_finite_wrapper_DW01_add_1_DW01_add_4)
                                       2.64e-04 1.70e-03  451.277 2.42e-03   4.6
    add_1_root_add_0_root_add_25_2 (fp32_normal_finite_wrapper_DW01_add_3_DW01_add_6)
                                       2.70e-04 1.76e-03  456.027 2.48e-03   4.8
  mul_core (unified_mul_drop_l0_separate_mul)
                                       1.21e-03 5.79e-03 1.58e+03 8.58e-03  16.5
  div_core (unified_mul_drop_l0_separate_div)
                                       3.34e-03 1.48e-02 3.69e+03 2.19e-02  42.0
    sub_0_root_sub_9 (unified_mul_drop_l0_separate_div_DW01_sub_0)
                                       1.09e-03 5.43e-03 1.02e+03 7.54e-03  14.5
    mult_7_S2 (unified_mul_drop_l0_separate_div_DW_mult_tc_0_DW_mult_tc_2)
                                       7.73e-04 4.11e-03 1.18e+03 6.06e-03  11.6
    mult_7 (unified_mul_drop_l0_separate_div_DW_mult_tc_1_DW_mult_tc_3)
                                       9.92e-04 4.12e-03 1.18e+03 6.30e-03  12.1
1
 
****************************************
Report : constraint
        -all_violators
        -verbose
Design : unified_mul_drop_l0_separate
Version: U-2022.12-SP7
Date   : Wed Sep 16 00:35:43 2026
****************************************


    Design: unified_mul_drop_l0_separate

    max_area               0.00
  - Current Area        1302.48
  ------------------------------
    Slack              -1302.48  (VIOLATED)


1
