****************************************
Report : timing
	-path_type full
	-delay_type max
	-nworst 10
	-slack_lesser_than 1000.00000
	-max_paths 10
	-sort_by slack
Design : oadm_fixed_l2_div_paceio_opt
Version: U-2022.12-SP5
Date   : Thu Aug 20 20:28:49 2026
****************************************


  Startpoint: y[21] (input port clocked by vclk)
  Endpoint: result[30] (output port clocked by vclk)
  Path Group: vclk
  Path Type: max

  Point                                                   Incr       Path
  ------------------------------------------------------------------------------
  clock vclk (rise edge)                               0.00000    0.00000
  clock network delay (ideal)                          0.00000    0.00000
  input external delay                                 0.02000    0.02000 r
  y[21] (in)                                           0.00588    0.02588 r
  U126/Z (BUFFD0)                                      0.15522    0.18110 r
  U110/ZN (NR2XD0)                                     0.15479    0.33589 f
  U128/ZN (INVD0)                                      0.21260    0.54849 r
  U132/ZN (CKND2D0)                                    0.14038    0.68887 f
  U133/ZN (INVD1)                                      0.16814    0.85701 r
  U565/ZN (AOI22D0)                                    0.07242    0.92943 f
  U567/S (FA1D0)                                       0.11418    1.04362 f
  intadd_0_U26/CO (FA1D0)                              0.10158    1.14520 f
  intadd_0_U25/S (FA1D0)                               0.06605    1.21125 r
  U434/ZN (INVD0)                                      0.01642    1.22767 f
  U447/ZN (NR2D0)                                      0.05830    1.28597 r
  U532/ZN (AOI21D0)                                    0.03754    1.32351 f
  intadd_1_U24/CO (FA1D0)                              0.08520    1.40871 f
  intadd_1_U23/CO (FA1D0)                              0.05524    1.46396 f
  intadd_1_U22/CO (FA1D0)                              0.05524    1.51920 f
  intadd_1_U21/CO (FA1D0)                              0.05524    1.57445 f
  intadd_1_U20/CO (FA1D0)                              0.05524    1.62969 f
  intadd_1_U19/CO (FA1D0)                              0.05524    1.68494 f
  intadd_1_U18/CO (FA1D0)                              0.05524    1.74018 f
  intadd_1_U17/CO (FA1D0)                              0.05524    1.79543 f
  intadd_1_U16/CO (FA1D0)                              0.05524    1.85067 f
  intadd_1_U15/CO (FA1D0)                              0.05524    1.90591 f
  intadd_1_U14/CO (FA1D0)                              0.05524    1.96116 f
  intadd_1_U13/CO (FA1D0)                              0.05524    2.01640 f
  intadd_1_U12/CO (FA1D0)                              0.05524    2.07165 f
  intadd_1_U11/CO (FA1D0)                              0.05524    2.12689 f
  intadd_1_U10/CO (FA1D0)                              0.05524    2.18214 f
  intadd_1_U9/CO (FA1D0)                               0.05524    2.23738 f
  intadd_1_U8/CO (FA1D0)                               0.05524    2.29263 f
  intadd_1_U7/CO (FA1D0)                               0.05524    2.34787 f
  intadd_1_U6/CO (FA1D0)                               0.05524    2.40311 f
  intadd_1_U5/CO (FA1D0)                               0.05524    2.45836 f
  intadd_1_U4/CO (FA1D0)                               0.05524    2.51360 f
  intadd_1_U3/CO (FA1D0)                               0.05524    2.56885 f
  intadd_1_U2/CO (FA1D0)                               0.05192    2.62077 f
  U209/Z (OR2D0)                                       0.04615    2.66692 f
  U179/ZN (CKND2D0)                                    0.03142    2.69833 r
  U180/Z (XOR3D0)                                      0.12021    2.81854 f
  U409/ZN (NR2D0)                                      0.05835    2.87689 r
  mult_x_3_U54/S (CMPE42D1)                            0.20135    3.07824 f
  intadd_2_U6/CO (FA1D0)                               0.10009    3.17833 f
  intadd_2_U5/CO (FA1D0)                               0.05524    3.23357 f
  intadd_2_U4/CO (FA1D0)                               0.05524    3.28882 f
  intadd_2_U3/CO (FA1D0)                               0.05524    3.34406 f
  intadd_2_U2/CO (FA1D0)                               0.05289    3.39695 f
  U192/ZN (XNR3D0)                                     0.09150    3.48845 r
  U203/ZN (CKND2D0)                                    0.03717    3.52562 f
  U208/ZN (CKND2D0)                                    0.17483    3.70046 r
  U555/Z (XOR2D0)                                      0.08249    3.78295 f
  DP_OP_70J1_123_228_U9/CO (FA1D0)                     0.10354    3.88648 f
  DP_OP_70J1_123_228_U8/CO (FA1D0)                     0.05525    3.94174 f
  DP_OP_70J1_123_228_U7/CO (FA1D0)                     0.05524    3.99698 f
  DP_OP_70J1_123_228_U6/CO (FA1D0)                     0.05524    4.05223 f
  DP_OP_70J1_123_228_U5/CO (FA1D0)                     0.05524    4.10747 f
  DP_OP_70J1_123_228_U4/CO (FA1D0)                     0.05524    4.16272 f
  DP_OP_70J1_123_228_U3/CO (FA1D0)                     0.05251    4.21522 f
  U177/Z (XOR3D0)                                      0.10733    4.32255 r
  U213/Z (MUX2D0)                                      0.06189    4.38444 r
  result[30] (out)                                     0.00000    4.38444 r
  data arrival time                                               4.38444

  clock vclk (rise edge)                              10.00000   10.00000
  clock network delay (ideal)                          0.00000   10.00000
  clock reconvergence pessimism                        0.00000   10.00000
  output external delay                               -0.02000    9.98000
  data required time                                              9.98000
  ------------------------------------------------------------------------------
  data required time                                              9.98000
  data arrival time                                              -4.38444
  ------------------------------------------------------------------------------
  slack (MET)                                                     5.59556


  Startpoint: y[21] (input port clocked by vclk)
  Endpoint: result[30] (output port clocked by vclk)
  Path Group: vclk
  Path Type: max

  Point                                                   Incr       Path
  ------------------------------------------------------------------------------
  clock vclk (rise edge)                               0.00000    0.00000
  clock network delay (ideal)                          0.00000    0.00000
  input external delay                                 0.02000    0.02000 r
  y[21] (in)                                           0.00588    0.02588 r
  U126/Z (BUFFD0)                                      0.15522    0.18110 r
  U110/ZN (NR2XD0)                                     0.15479    0.33589 f
  U128/ZN (INVD0)                                      0.21260    0.54849 r
  U132/ZN (CKND2D0)                                    0.14038    0.68887 f
  U133/ZN (INVD1)                                      0.16814    0.85701 r
  U565/ZN (AOI22D0)                                    0.07242    0.92943 f
  U567/S (FA1D0)                                       0.11418    1.04362 f
  intadd_0_U26/CO (FA1D0)                              0.10158    1.14520 f
  intadd_0_U25/CO (FA1D0)                              0.05527    1.20047 f
  intadd_0_U24/CO (FA1D0)                              0.05525    1.25571 f
  intadd_0_U23/S (FA1D0)                               0.06603    1.32174 r
  U144/ZN (INVD0)                                      0.01673    1.33847 f
  U145/ZN (NR2D0)                                      0.04695    1.38542 r
  U146/ZN (CKND2D0)                                    0.03928    1.42470 f
  U451/Z (OA21D0)                                      0.04681    1.47151 f
  intadd_1_U21/CO (FA1D0)                              0.10067    1.57218 f
  intadd_1_U20/CO (FA1D0)                              0.05524    1.62742 f
  intadd_1_U19/CO (FA1D0)                              0.05524    1.68267 f
  intadd_1_U18/CO (FA1D0)                              0.05524    1.73791 f
  intadd_1_U17/CO (FA1D0)                              0.05524    1.79316 f
  intadd_1_U16/CO (FA1D0)                              0.05524    1.84840 f
  intadd_1_U15/CO (FA1D0)                              0.05524    1.90365 f
  intadd_1_U14/CO (FA1D0)                              0.05524    1.95889 f
  intadd_1_U13/CO (FA1D0)                              0.05524    2.01413 f
  intadd_1_U12/CO (FA1D0)                              0.05524    2.06938 f
  intadd_1_U11/CO (FA1D0)                              0.05524    2.12462 f
  intadd_1_U10/CO (FA1D0)                              0.05524    2.17987 f
  intadd_1_U9/CO (FA1D0)                               0.05524    2.23511 f
  intadd_1_U8/CO (FA1D0)                               0.05524    2.29036 f
  intadd_1_U7/CO (FA1D0)                               0.05524    2.34560 f
  intadd_1_U6/CO (FA1D0)                               0.05524    2.40085 f
  intadd_1_U5/CO (FA1D0)                               0.05524    2.45609 f
  intadd_1_U4/CO (FA1D0)                               0.05524    2.51133 f
  intadd_1_U3/CO (FA1D0)                               0.05524    2.56658 f
  intadd_1_U2/CO (FA1D0)                               0.05192    2.61850 f
  U209/Z (OR2D0)                                       0.04615    2.66465 f
  U179/ZN (CKND2D0)                                    0.03142    2.69607 r
  U180/Z (XOR3D0)                                      0.12021    2.81627 f
  U409/ZN (NR2D0)                                      0.05835    2.87462 r
  mult_x_3_U54/S (CMPE42D1)                            0.20135    3.07597 f
  intadd_2_U6/CO (FA1D0)                               0.10009    3.17606 f
  intadd_2_U5/CO (FA1D0)                               0.05524    3.23130 f
  intadd_2_U4/CO (FA1D0)                               0.05524    3.28655 f
  intadd_2_U3/CO (FA1D0)                               0.05524    3.34179 f
  intadd_2_U2/CO (FA1D0)                               0.05289    3.39468 f
  U192/ZN (XNR3D0)                                     0.09150    3.48618 r
  U203/ZN (CKND2D0)                                    0.03717    3.52335 f
  U208/ZN (CKND2D0)                                    0.17483    3.69819 r
  U555/Z (XOR2D0)                                      0.08249    3.78068 f
  DP_OP_70J1_123_228_U9/CO (FA1D0)                     0.10354    3.88422 f
  DP_OP_70J1_123_228_U8/CO (FA1D0)                     0.05525    3.93947 f
  DP_OP_70J1_123_228_U7/CO (FA1D0)                     0.05524    3.99471 f
  DP_OP_70J1_123_228_U6/CO (FA1D0)                     0.05524    4.04996 f
  DP_OP_70J1_123_228_U5/CO (FA1D0)                     0.05524    4.10520 f
  DP_OP_70J1_123_228_U4/CO (FA1D0)                     0.05524    4.16045 f
  DP_OP_70J1_123_228_U3/CO (FA1D0)                     0.05251    4.21296 f
  U177/Z (XOR3D0)                                      0.10733    4.32028 r
  U213/Z (MUX2D0)                                      0.06189    4.38217 r
  result[30] (out)                                     0.00000    4.38217 r
  data arrival time                                               4.38217

  clock vclk (rise edge)                              10.00000   10.00000
  clock network delay (ideal)                          0.00000   10.00000
  clock reconvergence pessimism                        0.00000   10.00000
  output external delay                               -0.02000    9.98000
  data required time                                              9.98000
  ------------------------------------------------------------------------------
  data required time                                              9.98000
  data arrival time                                              -4.38217
  ------------------------------------------------------------------------------
  slack (MET)                                                     5.59783


  Startpoint: y[21] (input port clocked by vclk)
  Endpoint: result[30] (output port clocked by vclk)
  Path Group: vclk
  Path Type: max

  Point                                                   Incr       Path
  ------------------------------------------------------------------------------
  clock vclk (rise edge)                               0.00000    0.00000
  clock network delay (ideal)                          0.00000    0.00000
  input external delay                                 0.02000    0.02000 r
  y[21] (in)                                           0.00588    0.02588 r
  U126/Z (BUFFD0)                                      0.15522    0.18110 r
  U110/ZN (NR2XD0)                                     0.15479    0.33589 f
  U128/ZN (INVD0)                                      0.21260    0.54849 r
  U132/ZN (CKND2D0)                                    0.14038    0.68887 f
  U133/ZN (INVD1)                                      0.16814    0.85701 r
  U565/ZN (AOI22D0)                                    0.07242    0.92943 f
  U567/S (FA1D0)                                       0.11418    1.04362 f
  intadd_0_U26/CO (FA1D0)                              0.10158    1.14520 f
  intadd_0_U25/S (FA1D0)                               0.06605    1.21125 r
  U434/ZN (INVD0)                                      0.01642    1.22767 f
  U447/ZN (NR2D0)                                      0.05830    1.28597 r
  U532/ZN (AOI21D0)                                    0.03754    1.32351 f
  intadd_1_U24/CO (FA1D0)                              0.08520    1.40871 f
  intadd_1_U23/CO (FA1D0)                              0.05524    1.46396 f
  intadd_1_U22/CO (FA1D0)                              0.05524    1.51920 f
  intadd_1_U21/CO (FA1D0)                              0.05524    1.57445 f
  intadd_1_U20/CO (FA1D0)                              0.05524    1.62969 f
  intadd_1_U19/CO (FA1D0)                              0.05524    1.68494 f
  intadd_1_U18/CO (FA1D0)                              0.05524    1.74018 f
  intadd_1_U17/CO (FA1D0)                              0.05524    1.79543 f
  intadd_1_U16/CO (FA1D0)                              0.05524    1.85067 f
  intadd_1_U15/CO (FA1D0)                              0.05524    1.90591 f
  intadd_1_U14/CO (FA1D0)                              0.05524    1.96116 f
  intadd_1_U13/CO (FA1D0)                              0.05524    2.01640 f
  intadd_1_U12/CO (FA1D0)                              0.05524    2.07165 f
  intadd_1_U11/CO (FA1D0)                              0.05524    2.12689 f
  intadd_1_U10/CO (FA1D0)                              0.05524    2.18214 f
  intadd_1_U9/CO (FA1D0)                               0.05524    2.23738 f
  intadd_1_U8/CO (FA1D0)                               0.05524    2.29263 f
  intadd_1_U7/CO (FA1D0)                               0.05524    2.34787 f
  intadd_1_U6/CO (FA1D0)                               0.05524    2.40311 f
  intadd_1_U5/CO (FA1D0)                               0.05524    2.45836 f
  intadd_1_U4/CO (FA1D0)                               0.05524    2.51360 f
  intadd_1_U3/CO (FA1D0)                               0.05524    2.56885 f
  intadd_1_U2/CO (FA1D0)                               0.05192    2.62077 f
  U209/Z (OR2D0)                                       0.04615    2.66692 f
  U179/ZN (CKND2D0)                                    0.03142    2.69833 r
  U180/Z (XOR3D0)                                      0.12021    2.81854 f
  U409/ZN (NR2D0)                                      0.05835    2.87689 r
  mult_x_3_U54/S (CMPE42D1)                            0.20135    3.07824 f
  intadd_2_U6/CO (FA1D0)                               0.10009    3.17833 f
  intadd_2_U5/CO (FA1D0)                               0.05524    3.23357 f
  intadd_2_U4/CO (FA1D0)                               0.05524    3.28882 f
  intadd_2_U3/CO (FA1D0)                               0.05524    3.34406 f
  intadd_2_U2/CO (FA1D0)                               0.05289    3.39695 f
  U192/ZN (XNR3D0)                                     0.09150    3.48845 r
  U203/ZN (CKND2D0)                                    0.03717    3.52562 f
  U208/ZN (CKND2D0)                                    0.17483    3.70046 r
  U555/Z (XOR2D0)                                      0.08249    3.78295 f
  DP_OP_70J1_123_228_U9/CO (FA1D0)                     0.10354    3.88648 f
  DP_OP_70J1_123_228_U8/CO (FA1D0)                     0.05525    3.94174 f
  DP_OP_70J1_123_228_U7/CO (FA1D0)                     0.05524    3.99698 f
  DP_OP_70J1_123_228_U6/CO (FA1D0)                     0.05524    4.05223 f
  DP_OP_70J1_123_228_U5/CO (FA1D0)                     0.05524    4.10747 f
  DP_OP_70J1_123_228_U4/CO (FA1D0)                     0.05524    4.16272 f
  DP_OP_70J1_123_228_U3/CO (FA1D0)                     0.05251    4.21522 f
  U177/Z (XOR3D0)                                      0.09521    4.31043 f
  U213/Z (MUX2D0)                                      0.06829    4.37872 f
  result[30] (out)                                     0.00000    4.37872 f
  data arrival time                                               4.37872

  clock vclk (rise edge)                              10.00000   10.00000
  clock network delay (ideal)                          0.00000   10.00000
  clock reconvergence pessimism                        0.00000   10.00000
  output external delay                               -0.02000    9.98000
  data required time                                              9.98000
  ------------------------------------------------------------------------------
  data required time                                              9.98000
  data arrival time                                              -4.37872
  ------------------------------------------------------------------------------
  slack (MET)                                                     5.60128


  Startpoint: y[21] (input port clocked by vclk)
  Endpoint: result[30] (output port clocked by vclk)
  Path Group: vclk
  Path Type: max

  Point                                                   Incr       Path
  ------------------------------------------------------------------------------
  clock vclk (rise edge)                               0.00000    0.00000
  clock network delay (ideal)                          0.00000    0.00000
  input external delay                                 0.02000    0.02000 r
  y[21] (in)                                           0.00588    0.02588 r
  U126/Z (BUFFD0)                                      0.15522    0.18110 r
  U110/ZN (NR2XD0)                                     0.15479    0.33589 f
  U128/ZN (INVD0)                                      0.21260    0.54849 r
  U132/ZN (CKND2D0)                                    0.14038    0.68887 f
  U133/ZN (INVD1)                                      0.16814    0.85701 r
  U565/ZN (AOI22D0)                                    0.07242    0.92943 f
  U567/S (FA1D0)                                       0.11418    1.04362 f
  intadd_0_U26/CO (FA1D0)                              0.10158    1.14520 f
  intadd_0_U25/CO (FA1D0)                              0.05527    1.20047 f
  intadd_0_U24/CO (FA1D0)                              0.05525    1.25571 f
  intadd_0_U23/S (FA1D0)                               0.06603    1.32174 r
  U144/ZN (INVD0)                                      0.01673    1.33847 f
  U145/ZN (NR2D0)                                      0.04695    1.38542 r
  U146/ZN (CKND2D0)                                    0.03928    1.42470 f
  U451/Z (OA21D0)                                      0.04681    1.47151 f
  intadd_1_U21/CO (FA1D0)                              0.10067    1.57218 f
  intadd_1_U20/CO (FA1D0)                              0.05524    1.62742 f
  intadd_1_U19/CO (FA1D0)                              0.05524    1.68267 f
  intadd_1_U18/CO (FA1D0)                              0.05524    1.73791 f
  intadd_1_U17/CO (FA1D0)                              0.05524    1.79316 f
  intadd_1_U16/CO (FA1D0)                              0.05524    1.84840 f
  intadd_1_U15/CO (FA1D0)                              0.05524    1.90365 f
  intadd_1_U14/CO (FA1D0)                              0.05524    1.95889 f
  intadd_1_U13/CO (FA1D0)                              0.05524    2.01413 f
  intadd_1_U12/CO (FA1D0)                              0.05524    2.06938 f
  intadd_1_U11/CO (FA1D0)                              0.05524    2.12462 f
  intadd_1_U10/CO (FA1D0)                              0.05524    2.17987 f
  intadd_1_U9/CO (FA1D0)                               0.05524    2.23511 f
  intadd_1_U8/CO (FA1D0)                               0.05524    2.29036 f
  intadd_1_U7/CO (FA1D0)                               0.05524    2.34560 f
  intadd_1_U6/CO (FA1D0)                               0.05524    2.40085 f
  intadd_1_U5/CO (FA1D0)                               0.05524    2.45609 f
  intadd_1_U4/CO (FA1D0)                               0.05524    2.51133 f
  intadd_1_U3/CO (FA1D0)                               0.05524    2.56658 f
  intadd_1_U2/CO (FA1D0)                               0.05192    2.61850 f
  U209/Z (OR2D0)                                       0.04615    2.66465 f
  U179/ZN (CKND2D0)                                    0.03142    2.69607 r
  U180/Z (XOR3D0)                                      0.12021    2.81627 f
  U409/ZN (NR2D0)                                      0.05835    2.87462 r
  mult_x_3_U54/S (CMPE42D1)                            0.20135    3.07597 f
  intadd_2_U6/CO (FA1D0)                               0.10009    3.17606 f
  intadd_2_U5/CO (FA1D0)                               0.05524    3.23130 f
  intadd_2_U4/CO (FA1D0)                               0.05524    3.28655 f
  intadd_2_U3/CO (FA1D0)                               0.05524    3.34179 f
  intadd_2_U2/CO (FA1D0)                               0.05289    3.39468 f
  U192/ZN (XNR3D0)                                     0.09150    3.48618 r
  U203/ZN (CKND2D0)                                    0.03717    3.52335 f
  U208/ZN (CKND2D0)                                    0.17483    3.69819 r
  U555/Z (XOR2D0)                                      0.08249    3.78068 f
  DP_OP_70J1_123_228_U9/CO (FA1D0)                     0.10354    3.88422 f
  DP_OP_70J1_123_228_U8/CO (FA1D0)                     0.05525    3.93947 f
  DP_OP_70J1_123_228_U7/CO (FA1D0)                     0.05524    3.99471 f
  DP_OP_70J1_123_228_U6/CO (FA1D0)                     0.05524    4.04996 f
  DP_OP_70J1_123_228_U5/CO (FA1D0)                     0.05524    4.10520 f
  DP_OP_70J1_123_228_U4/CO (FA1D0)                     0.05524    4.16045 f
  DP_OP_70J1_123_228_U3/CO (FA1D0)                     0.05251    4.21296 f
  U177/Z (XOR3D0)                                      0.09521    4.30816 f
  U213/Z (MUX2D0)                                      0.06829    4.37645 f
  result[30] (out)                                     0.00000    4.37645 f
  data arrival time                                               4.37645

  clock vclk (rise edge)                              10.00000   10.00000
  clock network delay (ideal)                          0.00000   10.00000
  clock reconvergence pessimism                        0.00000   10.00000
  output external delay                               -0.02000    9.98000
  data required time                                              9.98000
  ------------------------------------------------------------------------------
  data required time                                              9.98000
  data arrival time                                              -4.37645
  ------------------------------------------------------------------------------
  slack (MET)                                                     5.60355


  Startpoint: y[21] (input port clocked by vclk)
  Endpoint: result[30] (output port clocked by vclk)
  Path Group: vclk
  Path Type: max

  Point                                                   Incr       Path
  ------------------------------------------------------------------------------
  clock vclk (rise edge)                               0.00000    0.00000
  clock network delay (ideal)                          0.00000    0.00000
  input external delay                                 0.02000    0.02000 r
  y[21] (in)                                           0.00588    0.02588 r
  U126/Z (BUFFD0)                                      0.15522    0.18110 r
  U110/ZN (NR2XD0)                                     0.15479    0.33589 f
  U128/ZN (INVD0)                                      0.21260    0.54849 r
  U132/ZN (CKND2D0)                                    0.14038    0.68887 f
  U133/ZN (INVD1)                                      0.16814    0.85701 r
  U565/ZN (AOI22D0)                                    0.07242    0.92943 f
  U567/S (FA1D0)                                       0.11418    1.04362 f
  intadd_0_U26/CO (FA1D0)                              0.10158    1.14520 f
  intadd_0_U25/CO (FA1D0)                              0.05527    1.20047 f
  intadd_0_U24/CO (FA1D0)                              0.05524    1.25571 f
  intadd_0_U23/CO (FA1D0)                              0.05524    1.31096 f
  intadd_0_U22/CO (FA1D0)                              0.05524    1.36620 f
  intadd_0_U21/CO (FA1D0)                              0.05524    1.42144 f
  intadd_0_U20/CO (FA1D0)                              0.05524    1.47669 f
  intadd_0_U19/CO (FA1D0)                              0.05524    1.53193 f
  intadd_0_U18/CO (FA1D0)                              0.05524    1.58718 f
  intadd_0_U17/CO (FA1D0)                              0.05524    1.64242 f
  intadd_0_U16/CO (FA1D0)                              0.05524    1.69767 f
  intadd_0_U15/CO (FA1D0)                              0.05524    1.75291 f
  intadd_0_U14/CO (FA1D0)                              0.05524    1.80816 f
  intadd_0_U13/CO (FA1D0)                              0.05524    1.86340 f
  intadd_0_U12/CO (FA1D0)                              0.05524    1.91864 f
  intadd_0_U11/CO (FA1D0)                              0.05524    1.97389 f
  intadd_0_U10/CO (FA1D0)                              0.05524    2.02913 f
  intadd_0_U9/CO (FA1D0)                               0.05524    2.08438 f
  intadd_0_U8/CO (FA1D0)                               0.05524    2.13962 f
  intadd_0_U7/CO (FA1D0)                               0.05524    2.19487 f
  intadd_0_U6/CO (FA1D0)                               0.05524    2.25011 f
  intadd_0_U5/CO (FA1D0)                               0.05524    2.30535 f
  intadd_0_U4/CO (FA1D0)                               0.05524    2.36060 f
  intadd_0_U3/S (FA1D0)                                0.06603    2.42662 r
  U174/ZN (INVD0)                                      0.01673    2.44335 f
  U175/ZN (NR2D0)                                      0.04099    2.48434 r
  U547/ZN (AOI21D0)                                    0.02747    2.51182 f
  intadd_1_U2/CO (FA1D0)                               0.10065    2.61247 f
  U209/Z (OR2D0)                                       0.04615    2.65862 f
  U179/ZN (CKND2D0)                                    0.03142    2.69004 r
  U180/Z (XOR3D0)                                      0.12021    2.81024 f
  U409/ZN (NR2D0)                                      0.05835    2.86860 r
  mult_x_3_U54/S (CMPE42D1)                            0.20135    3.06994 f
  intadd_2_U6/CO (FA1D0)                               0.10009    3.17003 f
  intadd_2_U5/CO (FA1D0)                               0.05524    3.22527 f
  intadd_2_U4/CO (FA1D0)                               0.05524    3.28052 f
  intadd_2_U3/CO (FA1D0)                               0.05524    3.33576 f
  intadd_2_U2/CO (FA1D0)                               0.05289    3.38865 f
  U192/ZN (XNR3D0)                                     0.09150    3.48015 r
  U203/ZN (CKND2D0)                                    0.03717    3.51732 f
  U208/ZN (CKND2D0)                                    0.17483    3.69216 r
  U555/Z (XOR2D0)                                      0.08249    3.77465 f
  DP_OP_70J1_123_228_U9/CO (FA1D0)                     0.10354    3.87819 f
  DP_OP_70J1_123_228_U8/CO (FA1D0)                     0.05525    3.93344 f
  DP_OP_70J1_123_228_U7/CO (FA1D0)                     0.05524    3.98868 f
  DP_OP_70J1_123_228_U6/CO (FA1D0)                     0.05524    4.04393 f
  DP_OP_70J1_123_228_U5/CO (FA1D0)                     0.05524    4.09917 f
  DP_OP_70J1_123_228_U4/CO (FA1D0)                     0.05524    4.15442 f
  DP_OP_70J1_123_228_U3/CO (FA1D0)                     0.05251    4.20693 f
  U177/Z (XOR3D0)                                      0.10733    4.31425 r
  U213/Z (MUX2D0)                                      0.06189    4.37614 r
  result[30] (out)                                     0.00000    4.37614 r
  data arrival time                                               4.37614

  clock vclk (rise edge)                              10.00000   10.00000
  clock network delay (ideal)                          0.00000   10.00000
  clock reconvergence pessimism                        0.00000   10.00000
  output external delay                               -0.02000    9.98000
  data required time                                              9.98000
  ------------------------------------------------------------------------------
  data required time                                              9.98000
  data arrival time                                              -4.37614
  ------------------------------------------------------------------------------
  slack (MET)                                                     5.60386


  Startpoint: y[21] (input port clocked by vclk)
  Endpoint: result[30] (output port clocked by vclk)
  Path Group: vclk
  Path Type: max

  Point                                                   Incr       Path
  ------------------------------------------------------------------------------
  clock vclk (rise edge)                               0.00000    0.00000
  clock network delay (ideal)                          0.00000    0.00000
  input external delay                                 0.02000    0.02000 r
  y[21] (in)                                           0.00588    0.02588 r
  U126/Z (BUFFD0)                                      0.15522    0.18110 r
  U110/ZN (NR2XD0)                                     0.15479    0.33589 f
  U128/ZN (INVD0)                                      0.21260    0.54849 r
  U132/ZN (CKND2D0)                                    0.14038    0.68887 f
  U133/ZN (INVD1)                                      0.16814    0.85701 r
  U565/ZN (AOI22D0)                                    0.07242    0.92943 f
  U567/S (FA1D0)                                       0.11418    1.04362 f
  intadd_0_U26/CO (FA1D0)                              0.10158    1.14520 f
  intadd_0_U25/S (FA1D0)                               0.06605    1.21125 r
  U434/ZN (INVD0)                                      0.01642    1.22767 f
  U447/ZN (NR2D0)                                      0.05830    1.28597 r
  U532/ZN (AOI21D0)                                    0.03754    1.32351 f
  intadd_1_U24/CO (FA1D0)                              0.08520    1.40871 f
  intadd_1_U23/CO (FA1D0)                              0.05524    1.46396 f
  intadd_1_U22/CO (FA1D0)                              0.05524    1.51920 f
  intadd_1_U21/CO (FA1D0)                              0.05524    1.57445 f
  intadd_1_U20/CO (FA1D0)                              0.05524    1.62969 f
  intadd_1_U19/CO (FA1D0)                              0.05524    1.68494 f
  intadd_1_U18/CO (FA1D0)                              0.05524    1.74018 f
  intadd_1_U17/CO (FA1D0)                              0.05524    1.79543 f
  intadd_1_U16/CO (FA1D0)                              0.05524    1.85067 f
  intadd_1_U15/CO (FA1D0)                              0.05524    1.90591 f
  intadd_1_U14/CO (FA1D0)                              0.05524    1.96116 f
  intadd_1_U13/CO (FA1D0)                              0.05524    2.01640 f
  intadd_1_U12/CO (FA1D0)                              0.05524    2.07165 f
  intadd_1_U11/CO (FA1D0)                              0.05524    2.12689 f
  intadd_1_U10/CO (FA1D0)                              0.05524    2.18214 f
  intadd_1_U9/CO (FA1D0)                               0.05524    2.23738 f
  intadd_1_U8/CO (FA1D0)                               0.05524    2.29263 f
  intadd_1_U7/CO (FA1D0)                               0.05524    2.34787 f
  intadd_1_U6/CO (FA1D0)                               0.05524    2.40311 f
  intadd_1_U5/CO (FA1D0)                               0.05524    2.45836 f
  intadd_1_U4/CO (FA1D0)                               0.05524    2.51360 f
  intadd_1_U3/CO (FA1D0)                               0.05524    2.56885 f
  intadd_1_U2/CO (FA1D0)                               0.05192    2.62077 f
  U209/Z (OR2D0)                                       0.04615    2.66692 f
  U179/ZN (CKND2D0)                                    0.03142    2.69833 r
  U180/Z (XOR3D0)                                      0.12021    2.81854 f
  U409/ZN (NR2D0)                                      0.05835    2.87689 r
  mult_x_3_U54/S (CMPE42D1)                            0.20135    3.07824 f
  intadd_2_U6/CO (FA1D0)                               0.10009    3.17833 f
  intadd_2_U5/CO (FA1D0)                               0.05524    3.23357 f
  intadd_2_U4/CO (FA1D0)                               0.05524    3.28882 f
  intadd_2_U3/CO (FA1D0)                               0.05524    3.34406 f
  intadd_2_U2/CO (FA1D0)                               0.05289    3.39695 f
  U192/ZN (XNR3D0)                                     0.09150    3.48845 r
  U191/ZN (CKND2D0)                                    0.03167    3.52012 f
  U208/ZN (CKND2D0)                                    0.17090    3.69102 r
  U555/Z (XOR2D0)                                      0.08249    3.77352 f
  DP_OP_70J1_123_228_U9/CO (FA1D0)                     0.10354    3.87705 f
  DP_OP_70J1_123_228_U8/CO (FA1D0)                     0.05525    3.93230 f
  DP_OP_70J1_123_228_U7/CO (FA1D0)                     0.05524    3.98755 f
  DP_OP_70J1_123_228_U6/CO (FA1D0)                     0.05524    4.04279 f
  DP_OP_70J1_123_228_U5/CO (FA1D0)                     0.05524    4.09804 f
  DP_OP_70J1_123_228_U4/CO (FA1D0)                     0.05524    4.15328 f
  DP_OP_70J1_123_228_U3/CO (FA1D0)                     0.05251    4.20579 f
  U177/Z (XOR3D0)                                      0.10733    4.31312 r
  U213/Z (MUX2D0)                                      0.06189    4.37501 r
  result[30] (out)                                     0.00000    4.37501 r
  data arrival time                                               4.37501

  clock vclk (rise edge)                              10.00000   10.00000
  clock network delay (ideal)                          0.00000   10.00000
  clock reconvergence pessimism                        0.00000   10.00000
  output external delay                               -0.02000    9.98000
  data required time                                              9.98000
  ------------------------------------------------------------------------------
  data required time                                              9.98000
  data arrival time                                              -4.37501
  ------------------------------------------------------------------------------
  slack (MET)                                                     5.60499


  Startpoint: y[21] (input port clocked by vclk)
  Endpoint: result[30] (output port clocked by vclk)
  Path Group: vclk
  Path Type: max

  Point                                                   Incr       Path
  ------------------------------------------------------------------------------
  clock vclk (rise edge)                               0.00000    0.00000
  clock network delay (ideal)                          0.00000    0.00000
  input external delay                                 0.02000    0.02000 r
  y[21] (in)                                           0.00588    0.02588 r
  U126/Z (BUFFD0)                                      0.15522    0.18110 r
  U110/ZN (NR2XD0)                                     0.15479    0.33589 f
  U128/ZN (INVD0)                                      0.21260    0.54849 r
  U132/ZN (CKND2D0)                                    0.14038    0.68887 f
  U133/ZN (INVD1)                                      0.16814    0.85701 r
  U565/ZN (AOI22D0)                                    0.07242    0.92943 f
  U567/S (FA1D0)                                       0.11418    1.04362 f
  intadd_0_U26/CO (FA1D0)                              0.10158    1.14520 f
  intadd_0_U25/S (FA1D0)                               0.06605    1.21125 r
  U434/ZN (INVD0)                                      0.01642    1.22767 f
  U447/ZN (NR2D0)                                      0.05830    1.28597 r
  U532/ZN (AOI21D0)                                    0.03754    1.32351 f
  intadd_1_U24/CO (FA1D0)                              0.08520    1.40871 f
  intadd_1_U23/CO (FA1D0)                              0.05524    1.46396 f
  intadd_1_U22/CO (FA1D0)                              0.05524    1.51920 f
  intadd_1_U21/CO (FA1D0)                              0.05524    1.57445 f
  intadd_1_U20/CO (FA1D0)                              0.05524    1.62969 f
  intadd_1_U19/CO (FA1D0)                              0.05524    1.68494 f
  intadd_1_U18/CO (FA1D0)                              0.05524    1.74018 f
  intadd_1_U17/CO (FA1D0)                              0.05524    1.79543 f
  intadd_1_U16/CO (FA1D0)                              0.05524    1.85067 f
  intadd_1_U15/CO (FA1D0)                              0.05524    1.90591 f
  intadd_1_U14/CO (FA1D0)                              0.05524    1.96116 f
  intadd_1_U13/CO (FA1D0)                              0.05524    2.01640 f
  intadd_1_U12/CO (FA1D0)                              0.05524    2.07165 f
  intadd_1_U11/CO (FA1D0)                              0.05524    2.12689 f
  intadd_1_U10/CO (FA1D0)                              0.05524    2.18214 f
  intadd_1_U9/CO (FA1D0)                               0.05524    2.23738 f
  intadd_1_U8/CO (FA1D0)                               0.05524    2.29263 f
  intadd_1_U7/CO (FA1D0)                               0.05524    2.34787 f
  intadd_1_U6/CO (FA1D0)                               0.05524    2.40311 f
  intadd_1_U5/CO (FA1D0)                               0.05524    2.45836 f
  intadd_1_U4/CO (FA1D0)                               0.05524    2.51360 f
  intadd_1_U3/CO (FA1D0)                               0.05524    2.56885 f
  intadd_1_U2/CO (FA1D0)                               0.05192    2.62077 f
  U209/Z (OR2D0)                                       0.04615    2.66692 f
  U179/ZN (CKND2D0)                                    0.03142    2.69833 r
  U180/Z (XOR3D0)                                      0.12021    2.81854 f
  U409/ZN (NR2D0)                                      0.05835    2.87689 r
  mult_x_3_U54/S (CMPE42D1)                            0.20135    3.07824 f
  intadd_2_U6/CO (FA1D0)                               0.10009    3.17833 f
  intadd_2_U5/CO (FA1D0)                               0.05524    3.23357 f
  intadd_2_U4/CO (FA1D0)                               0.05524    3.28882 f
  intadd_2_U3/CO (FA1D0)                               0.05524    3.34406 f
  intadd_2_U2/CO (FA1D0)                               0.05289    3.39695 f
  U192/ZN (XNR3D0)                                     0.09150    3.48845 r
  U203/ZN (CKND2D0)                                    0.03717    3.52562 f
  U208/ZN (CKND2D0)                                    0.17483    3.70046 r
  U555/Z (XOR2D0)                                      0.09068    3.79114 r
  DP_OP_70J1_123_228_U9/CO (FA1D0)                     0.09358    3.88472 r
  DP_OP_70J1_123_228_U8/CO (FA1D0)                     0.05215    3.93687 r
  DP_OP_70J1_123_228_U7/CO (FA1D0)                     0.05071    3.98757 r
  DP_OP_70J1_123_228_U6/CO (FA1D0)                     0.05215    4.03972 r
  DP_OP_70J1_123_228_U5/CO (FA1D0)                     0.05215    4.09187 r
  DP_OP_70J1_123_228_U4/CO (FA1D0)                     0.05215    4.14402 r
  DP_OP_70J1_123_228_U3/CO (FA1D0)                     0.04924    4.19326 r
  U177/Z (XOR3D0)                                      0.11320    4.30646 f
  U213/Z (MUX2D0)                                      0.06829    4.37474 f
  result[30] (out)                                     0.00000    4.37474 f
  data arrival time                                               4.37474

  clock vclk (rise edge)                              10.00000   10.00000
  clock network delay (ideal)                          0.00000   10.00000
  clock reconvergence pessimism                        0.00000   10.00000
  output external delay                               -0.02000    9.98000
  data required time                                              9.98000
  ------------------------------------------------------------------------------
  data required time                                              9.98000
  data arrival time                                              -4.37474
  ------------------------------------------------------------------------------
  slack (MET)                                                     5.60526


  Startpoint: y[21] (input port clocked by vclk)
  Endpoint: result[30] (output port clocked by vclk)
  Path Group: vclk
  Path Type: max

  Point                                                   Incr       Path
  ------------------------------------------------------------------------------
  clock vclk (rise edge)                               0.00000    0.00000
  clock network delay (ideal)                          0.00000    0.00000
  input external delay                                 0.02000    0.02000 r
  y[21] (in)                                           0.00588    0.02588 r
  U126/Z (BUFFD0)                                      0.15522    0.18110 r
  U110/ZN (NR2XD0)                                     0.15479    0.33589 f
  U128/ZN (INVD0)                                      0.21260    0.54849 r
  U132/ZN (CKND2D0)                                    0.14038    0.68887 f
  U133/ZN (INVD1)                                      0.16814    0.85701 r
  U565/ZN (AOI22D0)                                    0.07242    0.92943 f
  U567/S (FA1D0)                                       0.11418    1.04362 f
  intadd_0_U26/CO (FA1D0)                              0.10158    1.14520 f
  intadd_0_U25/CO (FA1D0)                              0.05527    1.20047 f
  intadd_0_U24/CO (FA1D0)                              0.05525    1.25571 f
  intadd_0_U23/S (FA1D0)                               0.06603    1.32174 r
  U144/ZN (INVD0)                                      0.01673    1.33847 f
  U145/ZN (NR2D0)                                      0.04695    1.38542 r
  U146/ZN (CKND2D0)                                    0.03928    1.42470 f
  U451/Z (OA21D0)                                      0.04681    1.47151 f
  intadd_1_U21/CO (FA1D0)                              0.10067    1.57218 f
  intadd_1_U20/CO (FA1D0)                              0.05524    1.62742 f
  intadd_1_U19/CO (FA1D0)                              0.05524    1.68267 f
  intadd_1_U18/CO (FA1D0)                              0.05524    1.73791 f
  intadd_1_U17/CO (FA1D0)                              0.05524    1.79316 f
  intadd_1_U16/CO (FA1D0)                              0.05524    1.84840 f
  intadd_1_U15/CO (FA1D0)                              0.05524    1.90365 f
  intadd_1_U14/CO (FA1D0)                              0.05524    1.95889 f
  intadd_1_U13/CO (FA1D0)                              0.05524    2.01413 f
  intadd_1_U12/CO (FA1D0)                              0.05524    2.06938 f
  intadd_1_U11/CO (FA1D0)                              0.05524    2.12462 f
  intadd_1_U10/CO (FA1D0)                              0.05524    2.17987 f
  intadd_1_U9/CO (FA1D0)                               0.05524    2.23511 f
  intadd_1_U8/CO (FA1D0)                               0.05524    2.29036 f
  intadd_1_U7/CO (FA1D0)                               0.05524    2.34560 f
  intadd_1_U6/CO (FA1D0)                               0.05524    2.40085 f
  intadd_1_U5/CO (FA1D0)                               0.05524    2.45609 f
  intadd_1_U4/CO (FA1D0)                               0.05524    2.51133 f
  intadd_1_U3/CO (FA1D0)                               0.05524    2.56658 f
  intadd_1_U2/CO (FA1D0)                               0.05192    2.61850 f
  U209/Z (OR2D0)                                       0.04615    2.66465 f
  U179/ZN (CKND2D0)                                    0.03142    2.69607 r
  U180/Z (XOR3D0)                                      0.12021    2.81627 f
  U409/ZN (NR2D0)                                      0.05835    2.87462 r
  mult_x_3_U54/S (CMPE42D1)                            0.20135    3.07597 f
  intadd_2_U6/CO (FA1D0)                               0.10009    3.17606 f
  intadd_2_U5/CO (FA1D0)                               0.05524    3.23130 f
  intadd_2_U4/CO (FA1D0)                               0.05524    3.28655 f
  intadd_2_U3/CO (FA1D0)                               0.05524    3.34179 f
  intadd_2_U2/CO (FA1D0)                               0.05289    3.39468 f
  U192/ZN (XNR3D0)                                     0.09150    3.48618 r
  U191/ZN (CKND2D0)                                    0.03167    3.51785 f
  U208/ZN (CKND2D0)                                    0.17090    3.68875 r
  U555/Z (XOR2D0)                                      0.08249    3.77125 f
  DP_OP_70J1_123_228_U9/CO (FA1D0)                     0.10354    3.87478 f
  DP_OP_70J1_123_228_U8/CO (FA1D0)                     0.05525    3.93004 f
  DP_OP_70J1_123_228_U7/CO (FA1D0)                     0.05524    3.98528 f
  DP_OP_70J1_123_228_U6/CO (FA1D0)                     0.05524    4.04053 f
  DP_OP_70J1_123_228_U5/CO (FA1D0)                     0.05524    4.09577 f
  DP_OP_70J1_123_228_U4/CO (FA1D0)                     0.05524    4.15101 f
  DP_OP_70J1_123_228_U3/CO (FA1D0)                     0.05251    4.20352 f
  U177/Z (XOR3D0)                                      0.10733    4.31085 r
  U213/Z (MUX2D0)                                      0.06189    4.37274 r
  result[30] (out)                                     0.00000    4.37274 r
  data arrival time                                               4.37274

  clock vclk (rise edge)                              10.00000   10.00000
  clock network delay (ideal)                          0.00000   10.00000
  clock reconvergence pessimism                        0.00000   10.00000
  output external delay                               -0.02000    9.98000
  data required time                                              9.98000
  ------------------------------------------------------------------------------
  data required time                                              9.98000
  data arrival time                                              -4.37274
  ------------------------------------------------------------------------------
  slack (MET)                                                     5.60726


  Startpoint: y[21] (input port clocked by vclk)
  Endpoint: result[30] (output port clocked by vclk)
  Path Group: vclk
  Path Type: max

  Point                                                   Incr       Path
  ------------------------------------------------------------------------------
  clock vclk (rise edge)                               0.00000    0.00000
  clock network delay (ideal)                          0.00000    0.00000
  input external delay                                 0.02000    0.02000 r
  y[21] (in)                                           0.00588    0.02588 r
  U126/Z (BUFFD0)                                      0.15522    0.18110 r
  U110/ZN (NR2XD0)                                     0.15479    0.33589 f
  U128/ZN (INVD0)                                      0.21260    0.54849 r
  U132/ZN (CKND2D0)                                    0.14038    0.68887 f
  U133/ZN (INVD1)                                      0.16814    0.85701 r
  U565/ZN (AOI22D0)                                    0.07242    0.92943 f
  U567/S (FA1D0)                                       0.11418    1.04362 f
  intadd_0_U26/CO (FA1D0)                              0.10158    1.14520 f
  intadd_0_U25/CO (FA1D0)                              0.05527    1.20047 f
  intadd_0_U24/CO (FA1D0)                              0.05525    1.25571 f
  intadd_0_U23/S (FA1D0)                               0.06603    1.32174 r
  U144/ZN (INVD0)                                      0.01673    1.33847 f
  U145/ZN (NR2D0)                                      0.04695    1.38542 r
  U146/ZN (CKND2D0)                                    0.03928    1.42470 f
  U451/Z (OA21D0)                                      0.04681    1.47151 f
  intadd_1_U21/CO (FA1D0)                              0.10067    1.57218 f
  intadd_1_U20/CO (FA1D0)                              0.05524    1.62742 f
  intadd_1_U19/CO (FA1D0)                              0.05524    1.68267 f
  intadd_1_U18/CO (FA1D0)                              0.05524    1.73791 f
  intadd_1_U17/CO (FA1D0)                              0.05524    1.79316 f
  intadd_1_U16/CO (FA1D0)                              0.05524    1.84840 f
  intadd_1_U15/CO (FA1D0)                              0.05524    1.90365 f
  intadd_1_U14/CO (FA1D0)                              0.05524    1.95889 f
  intadd_1_U13/CO (FA1D0)                              0.05524    2.01413 f
  intadd_1_U12/CO (FA1D0)                              0.05524    2.06938 f
  intadd_1_U11/CO (FA1D0)                              0.05524    2.12462 f
  intadd_1_U10/CO (FA1D0)                              0.05524    2.17987 f
  intadd_1_U9/CO (FA1D0)                               0.05524    2.23511 f
  intadd_1_U8/CO (FA1D0)                               0.05524    2.29036 f
  intadd_1_U7/CO (FA1D0)                               0.05524    2.34560 f
  intadd_1_U6/CO (FA1D0)                               0.05524    2.40085 f
  intadd_1_U5/CO (FA1D0)                               0.05524    2.45609 f
  intadd_1_U4/CO (FA1D0)                               0.05524    2.51133 f
  intadd_1_U3/CO (FA1D0)                               0.05524    2.56658 f
  intadd_1_U2/CO (FA1D0)                               0.05192    2.61850 f
  U209/Z (OR2D0)                                       0.04615    2.66465 f
  U179/ZN (CKND2D0)                                    0.03142    2.69607 r
  U180/Z (XOR3D0)                                      0.12021    2.81627 f
  U409/ZN (NR2D0)                                      0.05835    2.87462 r
  mult_x_3_U54/S (CMPE42D1)                            0.20135    3.07597 f
  intadd_2_U6/CO (FA1D0)                               0.10009    3.17606 f
  intadd_2_U5/CO (FA1D0)                               0.05524    3.23130 f
  intadd_2_U4/CO (FA1D0)                               0.05524    3.28655 f
  intadd_2_U3/CO (FA1D0)                               0.05524    3.34179 f
  intadd_2_U2/CO (FA1D0)                               0.05289    3.39468 f
  U192/ZN (XNR3D0)                                     0.09150    3.48618 r
  U203/ZN (CKND2D0)                                    0.03717    3.52335 f
  U208/ZN (CKND2D0)                                    0.17483    3.69819 r
  U555/Z (XOR2D0)                                      0.09068    3.78887 r
  DP_OP_70J1_123_228_U9/CO (FA1D0)                     0.09358    3.88245 r
  DP_OP_70J1_123_228_U8/CO (FA1D0)                     0.05215    3.93460 r
  DP_OP_70J1_123_228_U7/CO (FA1D0)                     0.05071    3.98531 r
  DP_OP_70J1_123_228_U6/CO (FA1D0)                     0.05215    4.03745 r
  DP_OP_70J1_123_228_U5/CO (FA1D0)                     0.05215    4.08960 r
  DP_OP_70J1_123_228_U4/CO (FA1D0)                     0.05215    4.14175 r
  DP_OP_70J1_123_228_U3/CO (FA1D0)                     0.04924    4.19099 r
  U177/Z (XOR3D0)                                      0.11320    4.30419 f
  U213/Z (MUX2D0)                                      0.06829    4.37248 f
  result[30] (out)                                     0.00000    4.37248 f
  data arrival time                                               4.37248

  clock vclk (rise edge)                              10.00000   10.00000
  clock network delay (ideal)                          0.00000   10.00000
  clock reconvergence pessimism                        0.00000   10.00000
  output external delay                               -0.02000    9.98000
  data required time                                              9.98000
  ------------------------------------------------------------------------------
  data required time                                              9.98000
  data arrival time                                              -4.37248
  ------------------------------------------------------------------------------
  slack (MET)                                                     5.60752


  Startpoint: y[21] (input port clocked by vclk)
  Endpoint: result[30] (output port clocked by vclk)
  Path Group: vclk
  Path Type: max

  Point                                                   Incr       Path
  ------------------------------------------------------------------------------
  clock vclk (rise edge)                               0.00000    0.00000
  clock network delay (ideal)                          0.00000    0.00000
  input external delay                                 0.02000    0.02000 r
  y[21] (in)                                           0.00588    0.02588 r
  U126/Z (BUFFD0)                                      0.15522    0.18110 r
  U110/ZN (NR2XD0)                                     0.15479    0.33589 f
  U128/ZN (INVD0)                                      0.21260    0.54849 r
  U132/ZN (CKND2D0)                                    0.14038    0.68887 f
  U133/ZN (INVD1)                                      0.16814    0.85701 r
  U565/ZN (AOI22D0)                                    0.07242    0.92943 f
  U567/S (FA1D0)                                       0.11418    1.04362 f
  intadd_0_U26/CO (FA1D0)                              0.10158    1.14520 f
  intadd_0_U25/CO (FA1D0)                              0.05527    1.20047 f
  intadd_0_U24/CO (FA1D0)                              0.05524    1.25571 f
  intadd_0_U23/CO (FA1D0)                              0.05524    1.31096 f
  intadd_0_U22/S (FA1D0)                               0.07128    1.38224 r
  U146/ZN (CKND2D0)                                    0.03265    1.41488 f
  U451/Z (OA21D0)                                      0.04681    1.46170 f
  intadd_1_U21/CO (FA1D0)                              0.10067    1.56237 f
  intadd_1_U20/CO (FA1D0)                              0.05524    1.61761 f
  intadd_1_U19/CO (FA1D0)                              0.05524    1.67286 f
  intadd_1_U18/CO (FA1D0)                              0.05524    1.72810 f
  intadd_1_U17/CO (FA1D0)                              0.05524    1.78334 f
  intadd_1_U16/CO (FA1D0)                              0.05524    1.83859 f
  intadd_1_U15/CO (FA1D0)                              0.05524    1.89383 f
  intadd_1_U14/CO (FA1D0)                              0.05524    1.94908 f
  intadd_1_U13/CO (FA1D0)                              0.05524    2.00432 f
  intadd_1_U12/CO (FA1D0)                              0.05524    2.05957 f
  intadd_1_U11/CO (FA1D0)                              0.05524    2.11481 f
  intadd_1_U10/CO (FA1D0)                              0.05524    2.17006 f
  intadd_1_U9/CO (FA1D0)                               0.05524    2.22530 f
  intadd_1_U8/CO (FA1D0)                               0.05524    2.28054 f
  intadd_1_U7/CO (FA1D0)                               0.05524    2.33579 f
  intadd_1_U6/CO (FA1D0)                               0.05524    2.39103 f
  intadd_1_U5/CO (FA1D0)                               0.05524    2.44628 f
  intadd_1_U4/CO (FA1D0)                               0.05524    2.50152 f
  intadd_1_U3/CO (FA1D0)                               0.05524    2.55677 f
  intadd_1_U2/CO (FA1D0)                               0.05192    2.60869 f
  U209/Z (OR2D0)                                       0.04615    2.65484 f
  U179/ZN (CKND2D0)                                    0.03142    2.68625 r
  U180/Z (XOR3D0)                                      0.12021    2.80646 f
  U409/ZN (NR2D0)                                      0.05835    2.86481 r
  mult_x_3_U54/S (CMPE42D1)                            0.20135    3.06616 f
  intadd_2_U6/CO (FA1D0)                               0.10009    3.16625 f
  intadd_2_U5/CO (FA1D0)                               0.05524    3.22149 f
  intadd_2_U4/CO (FA1D0)                               0.05524    3.27674 f
  intadd_2_U3/CO (FA1D0)                               0.05524    3.33198 f
  intadd_2_U2/CO (FA1D0)                               0.05289    3.38487 f
  U192/ZN (XNR3D0)                                     0.09150    3.47637 r
  U203/ZN (CKND2D0)                                    0.03717    3.51354 f
  U208/ZN (CKND2D0)                                    0.17483    3.68837 r
  U555/Z (XOR2D0)                                      0.08249    3.77087 f
  DP_OP_70J1_123_228_U9/CO (FA1D0)                     0.10354    3.87440 f
  DP_OP_70J1_123_228_U8/CO (FA1D0)                     0.05525    3.92966 f
  DP_OP_70J1_123_228_U7/CO (FA1D0)                     0.05524    3.98490 f
  DP_OP_70J1_123_228_U6/CO (FA1D0)                     0.05524    4.04015 f
  DP_OP_70J1_123_228_U5/CO (FA1D0)                     0.05524    4.09539 f
  DP_OP_70J1_123_228_U4/CO (FA1D0)                     0.05524    4.15064 f
  DP_OP_70J1_123_228_U3/CO (FA1D0)                     0.05251    4.20314 f
  U177/Z (XOR3D0)                                      0.10733    4.31047 r
  U213/Z (MUX2D0)                                      0.06189    4.37236 r
  result[30] (out)                                     0.00000    4.37236 r
  data arrival time                                               4.37236

  clock vclk (rise edge)                              10.00000   10.00000
  clock network delay (ideal)                          0.00000   10.00000
  clock reconvergence pessimism                        0.00000   10.00000
  output external delay                               -0.02000    9.98000
  data required time                                              9.98000
  ------------------------------------------------------------------------------
  data required time                                              9.98000
  data arrival time                                              -4.37236
  ------------------------------------------------------------------------------
  slack (MET)                                                     5.60764

Warning: report_timing has satisfied the max_paths criteria. There are 31 further endpoints which have paths of interest with slack less than 1000.00000 that were not considered when generating this report. (UITE-502)

1
