****************************************
Report : timing
	-path_type full
	-delay_type max
	-input_pins
	-nets
	-slack_lesser_than 1000.00000
	-max_paths 3
	-transition_time
	-capacitance
	-sort_by slack
Design : oadm_fixed_l2_divmul_root_opt
Version: U-2022.12-SP5
Date   : Sat Sep  5 23:02:57 2026
****************************************


  Startpoint: divide_mode
               (input port clocked by vclk)
  Endpoint: result[22] (output port clocked by vclk)
  Path Group: vclk
  Path Type: max

  Point                       Fanout    Cap      Trans       Incr       Path
  -----------------------------------------------------------------------------
  clock vclk (rise edge)                       0.00000    0.00000    0.00000
  clock network delay (ideal)                             0.00000    0.00000
  input external delay                                    0.02000    0.02000 r
  divide_mode (in)                             0.02172    0.00773    0.02773 r
  divide_mode (net)              1  0.00137 
  U2/I (CKBD1)                                 0.02172    0.00000    0.02773 r
  U2/Z (CKBD1)                                 0.32553    0.18727    0.21499 r
  n3 (net)                      52  0.05565 
  implementation/U153/B1 (INR2D1)              0.32553    0.00000    0.21499 r
  implementation/U153/ZN (INR2D1)              0.06229    0.01558    0.23058 f
  implementation/y_shared_residual[1] (net)
                                 1  0.00122 
  implementation/mult_63/U115/I (INVD1)        0.06229    0.00000    0.23058 f
  implementation/mult_63/U115/ZN (INVD1)       0.03981    0.03404    0.26462 r
  implementation/mult_63/n159 (net)
                                 4  0.00403 
  implementation/mult_63/U128/A2 (CKXOR2D0)    0.03981    0.00000    0.26462 r
  implementation/mult_63/U128/Z (CKXOR2D0)     0.03400    0.07757    0.34219 f
  implementation/mult_63/n163 (net)
                                 2  0.00157 
  implementation/mult_63/U125/B2 (OAI22D0)     0.03400    0.00000    0.34219 f
  implementation/mult_63/U125/ZN (OAI22D0)     0.10159    0.06703    0.40922 r
  implementation/mult_63/n55 (net)
                                 1  0.00222 
  implementation/mult_63/U26/A (HA1D0)         0.10159    0.00000    0.40922 r
  implementation/mult_63/U26/S (HA1D0)         0.02435    0.07315    0.48237 f
  implementation/mult_63/n36 (net)
                                 1  0.00136 
  implementation/mult_63/U12/A (FA1D0)         0.02435    0.00000    0.48237 f
  implementation/mult_63/U12/CO (FA1D0)        0.02512    0.10099    0.58337 f
  implementation/mult_63/n11 (net)
                                 1  0.00125 
  implementation/mult_63/U11/CI (FA1D0)        0.02512    0.00000    0.58337 f
  implementation/mult_63/U11/CO (FA1D0)        0.02511    0.05525    0.63861 f
  implementation/mult_63/n10 (net)
                                 1  0.00125 
  implementation/mult_63/U10/CI (FA1D0)        0.02511    0.00000    0.63861 f
  implementation/mult_63/U10/CO (FA1D0)        0.02511    0.05524    0.69386 f
  implementation/mult_63/n9 (net)
                                 1  0.00125 
  implementation/mult_63/U9/CI (FA1D0)         0.02511    0.00000    0.69386 f
  implementation/mult_63/U9/CO (FA1D0)         0.02511    0.05524    0.74910 f
  implementation/mult_63/n8 (net)
                                 1  0.00125 
  implementation/mult_63/U8/CI (FA1D0)         0.02511    0.00000    0.74910 f
  implementation/mult_63/U8/CO (FA1D0)         0.02511    0.05524    0.80435 f
  implementation/mult_63/n7 (net)
                                 1  0.00125 
  implementation/mult_63/U7/CI (FA1D0)         0.02511    0.00000    0.80435 f
  implementation/mult_63/U7/CO (FA1D0)         0.02511    0.05524    0.85959 f
  implementation/mult_63/n6 (net)
                                 1  0.00125 
  implementation/mult_63/U6/CI (FA1D0)         0.02511    0.00000    0.85959 f
  implementation/mult_63/U6/CO (FA1D0)         0.02511    0.05524    0.91484 f
  implementation/mult_63/n5 (net)
                                 1  0.00125 
  implementation/mult_63/U5/CI (FA1D0)         0.02511    0.00000    0.91484 f
  implementation/mult_63/U5/CO (FA1D0)         0.02511    0.05524    0.97008 f
  implementation/mult_63/n4 (net)
                                 1  0.00125 
  implementation/mult_63/U4/CI (FA1D0)         0.02511    0.00000    0.97008 f
  implementation/mult_63/U4/CO (FA1D0)         0.02511    0.05524    1.02532 f
  implementation/mult_63/n3 (net)
                                 1  0.00125 
  implementation/mult_63/U3/CI (FA1D0)         0.02511    0.00000    1.02532 f
  implementation/mult_63/U3/CO (FA1D0)         0.02511    0.05524    1.08057 f
  implementation/mult_63/n2 (net)
                                 1  0.00125 
  implementation/mult_63/U2/CI (FA1D0)         0.02511    0.00000    1.08057 f
  implementation/mult_63/U2/S (FA1D0)          0.02940    0.06204    1.14261 f
  implementation/mult_63/product[13] (net)
                                 2  0.00208 
  implementation/U22/I (INVD1)                 0.02940    0.00000    1.14261 f
  implementation/U22/ZN (INVD1)                0.02605    0.02213    1.16474 r
  implementation/n50 (net)       2  0.00287 
  implementation/U177/A2 (CKXOR2D1)            0.02605    0.00000    1.16474 r
  implementation/U177/Z (CKXOR2D1)             0.02053    0.05882    1.22356 f
  implementation/N42 (net)       1  0.00107 
  implementation/U87/B1 (AO22D0)               0.02053    0.00000    1.22356 f
  implementation/U87/Z (AO22D0)                0.03649    0.06793    1.29149 f
  implementation/N66 (net)       1  0.00235 
  implementation/U86/B (FA1D0)                 0.03649    0.00000    1.29149 f
  implementation/U86/CO (FA1D0)                0.02511    0.08232    1.37381 f
  implementation/add_0_root_add_0_root_add_80_3_carry[22] (net)
                                 1  0.00125 
  implementation/U84/CI (FA1D0)                0.02511    0.00000    1.37381 f
  implementation/U84/S (FA1D0)                 0.03770    0.07553    1.44934 r
  implementation/plane_value[22] (net)
                                 2  0.00239 
  implementation/mult_113/U113/I (INVD1)       0.03770    0.00000    1.44934 r
  implementation/mult_113/U113/ZN (INVD1)      0.02495    0.02265    1.47200 f
  implementation/mult_113/n178 (net)
                                 6  0.00457 
  implementation/mult_113/U163/A2 (NR2D0)      0.02495    0.00000    1.47200 f
  implementation/mult_113/U163/ZN (NR2D0)      0.06623    0.04566    1.51766 r
  implementation/mult_113/n115 (net)
                                 1  0.00209 
  implementation/mult_113/U33/B (CMPE42D1)     0.06623    0.00000    1.51766 r
  implementation/mult_113/U33/S (CMPE42D1)     0.02130    0.18938    1.70704 f
  implementation/mult_113/n57 (net)
                                 1  0.00136 
  implementation/mult_113/U11/A (FA1D0)        0.02130    0.00000    1.70704 f
  implementation/mult_113/U11/CO (FA1D0)       0.02511    0.10007    1.80711 f
  implementation/mult_113/n10 (net)
                                 1  0.00125 
  implementation/mult_113/U10/CI (FA1D0)       0.02511    0.00000    1.80711 f
  implementation/mult_113/U10/CO (FA1D0)       0.02511    0.05524    1.86235 f
  implementation/mult_113/n9 (net)
                                 1  0.00125 
  implementation/mult_113/U9/CI (FA1D0)        0.02511    0.00000    1.86235 f
  implementation/mult_113/U9/CO (FA1D0)        0.02511    0.05524    1.91760 f
  implementation/mult_113/n8 (net)
                                 1  0.00125 
  implementation/mult_113/U8/CI (FA1D0)        0.02511    0.00000    1.91760 f
  implementation/mult_113/U8/CO (FA1D0)        0.02511    0.05524    1.97284 f
  implementation/mult_113/n7 (net)
                                 1  0.00125 
  implementation/mult_113/U7/CI (FA1D0)        0.02511    0.00000    1.97284 f
  implementation/mult_113/U7/CO (FA1D0)        0.02511    0.05524    2.02808 f
  implementation/mult_113/n6 (net)
                                 1  0.00125 
  implementation/mult_113/U6/CI (FA1D0)        0.02511    0.00000    2.02808 f
  implementation/mult_113/U6/CO (FA1D0)        0.02511    0.05524    2.08333 f
  implementation/mult_113/n5 (net)
                                 1  0.00125 
  implementation/mult_113/U5/CI (FA1D0)        0.02511    0.00000    2.08333 f
  implementation/mult_113/U5/CO (FA1D0)        0.02511    0.05524    2.13857 f
  implementation/mult_113/n4 (net)
                                 1  0.00125 
  implementation/mult_113/U4/CI (FA1D0)        0.02511    0.00000    2.13857 f
  implementation/mult_113/U4/CO (FA1D0)        0.02511    0.05524    2.19382 f
  implementation/mult_113/n3 (net)
                                 1  0.00125 
  implementation/mult_113/U3/CI (FA1D0)        0.02511    0.00000    2.19382 f
  implementation/mult_113/U3/CO (FA1D0)        0.02511    0.05524    2.24906 f
  implementation/mult_113/n2 (net)
                                 1  0.00125 
  implementation/mult_113/U2/CI (FA1D0)        0.02511    0.00000    2.24906 f
  implementation/mult_113/U2/CO (FA1D0)        0.02445    0.05454    2.30360 f
  implementation/mult_113/product[16] (net)
                                 1  0.00114 
  implementation/U47/A2 (AOI22D1)              0.02445    0.00000    2.30360 f
  implementation/U47/ZN (AOI22D1)              0.27951    0.15115    2.45475 r
  implementation/n28 (net)      20  0.02074 
  implementation/U21/B2 (IND3D1)               0.27951    0.00000    2.45475 r
  implementation/U21/ZN (IND3D1)               0.20501    0.16096    2.61571 f
  implementation/n580 (net)     16  0.01711 
  implementation/U63/B1 (OA22D0)               0.20501    0.00000    2.61571 f
  implementation/U63/Z (OA22D0)                0.03217    0.10047    2.71618 f
  implementation/n550 (net)      1  0.00085 
  implementation/U62/C (OAI221D0)              0.03217    0.00000    2.71618 f
  implementation/U62/ZN (OAI221D0)             0.10451    0.03891    2.75509 r
  implementation/normalized_fraction[22] (net)
                                 1  0.00137 
  implementation/fp_wrapper/U105/I (CKBD1)     0.10451    0.00000    2.75509 r
  implementation/fp_wrapper/U105/Z (CKBD1)     0.03043    0.04329    2.79838 r
  implementation/fp_wrapper/result[22] (net)
                                 1  0.00400 
  result[22] (out)                             0.03043    0.00000    2.79838 r
  result[22] (net)               1 
  data arrival time                                                  2.79838

  clock vclk (rise edge)                       0.00000   10.00000   10.00000
  clock network delay (ideal)                             0.00000   10.00000
  clock reconvergence pessimism                           0.00000   10.00000
  output external delay                                  -0.02000    9.98000
  data required time                                                 9.98000
  -----------------------------------------------------------------------------
  data required time                                                 9.98000
  data arrival time                                                 -2.79838
  -----------------------------------------------------------------------------
  slack (MET)                                                        7.18162


  Startpoint: divide_mode
               (input port clocked by vclk)
  Endpoint: result[21] (output port clocked by vclk)
  Path Group: vclk
  Path Type: max

  Point                       Fanout    Cap      Trans       Incr       Path
  -----------------------------------------------------------------------------
  clock vclk (rise edge)                       0.00000    0.00000    0.00000
  clock network delay (ideal)                             0.00000    0.00000
  input external delay                                    0.02000    0.02000 r
  divide_mode (in)                             0.02172    0.00773    0.02773 r
  divide_mode (net)              1  0.00137 
  U2/I (CKBD1)                                 0.02172    0.00000    0.02773 r
  U2/Z (CKBD1)                                 0.32553    0.18727    0.21499 r
  n3 (net)                      52  0.05565 
  implementation/U153/B1 (INR2D1)              0.32553    0.00000    0.21499 r
  implementation/U153/ZN (INR2D1)              0.06229    0.01558    0.23058 f
  implementation/y_shared_residual[1] (net)
                                 1  0.00122 
  implementation/mult_63/U115/I (INVD1)        0.06229    0.00000    0.23058 f
  implementation/mult_63/U115/ZN (INVD1)       0.03981    0.03404    0.26462 r
  implementation/mult_63/n159 (net)
                                 4  0.00403 
  implementation/mult_63/U128/A2 (CKXOR2D0)    0.03981    0.00000    0.26462 r
  implementation/mult_63/U128/Z (CKXOR2D0)     0.03400    0.07757    0.34219 f
  implementation/mult_63/n163 (net)
                                 2  0.00157 
  implementation/mult_63/U125/B2 (OAI22D0)     0.03400    0.00000    0.34219 f
  implementation/mult_63/U125/ZN (OAI22D0)     0.10159    0.06703    0.40922 r
  implementation/mult_63/n55 (net)
                                 1  0.00222 
  implementation/mult_63/U26/A (HA1D0)         0.10159    0.00000    0.40922 r
  implementation/mult_63/U26/S (HA1D0)         0.02435    0.07315    0.48237 f
  implementation/mult_63/n36 (net)
                                 1  0.00136 
  implementation/mult_63/U12/A (FA1D0)         0.02435    0.00000    0.48237 f
  implementation/mult_63/U12/CO (FA1D0)        0.02512    0.10099    0.58337 f
  implementation/mult_63/n11 (net)
                                 1  0.00125 
  implementation/mult_63/U11/CI (FA1D0)        0.02512    0.00000    0.58337 f
  implementation/mult_63/U11/CO (FA1D0)        0.02511    0.05525    0.63861 f
  implementation/mult_63/n10 (net)
                                 1  0.00125 
  implementation/mult_63/U10/CI (FA1D0)        0.02511    0.00000    0.63861 f
  implementation/mult_63/U10/CO (FA1D0)        0.02511    0.05524    0.69386 f
  implementation/mult_63/n9 (net)
                                 1  0.00125 
  implementation/mult_63/U9/CI (FA1D0)         0.02511    0.00000    0.69386 f
  implementation/mult_63/U9/CO (FA1D0)         0.02511    0.05524    0.74910 f
  implementation/mult_63/n8 (net)
                                 1  0.00125 
  implementation/mult_63/U8/CI (FA1D0)         0.02511    0.00000    0.74910 f
  implementation/mult_63/U8/CO (FA1D0)         0.02511    0.05524    0.80435 f
  implementation/mult_63/n7 (net)
                                 1  0.00125 
  implementation/mult_63/U7/CI (FA1D0)         0.02511    0.00000    0.80435 f
  implementation/mult_63/U7/CO (FA1D0)         0.02511    0.05524    0.85959 f
  implementation/mult_63/n6 (net)
                                 1  0.00125 
  implementation/mult_63/U6/CI (FA1D0)         0.02511    0.00000    0.85959 f
  implementation/mult_63/U6/CO (FA1D0)         0.02511    0.05524    0.91484 f
  implementation/mult_63/n5 (net)
                                 1  0.00125 
  implementation/mult_63/U5/CI (FA1D0)         0.02511    0.00000    0.91484 f
  implementation/mult_63/U5/CO (FA1D0)         0.02511    0.05524    0.97008 f
  implementation/mult_63/n4 (net)
                                 1  0.00125 
  implementation/mult_63/U4/CI (FA1D0)         0.02511    0.00000    0.97008 f
  implementation/mult_63/U4/CO (FA1D0)         0.02511    0.05524    1.02532 f
  implementation/mult_63/n3 (net)
                                 1  0.00125 
  implementation/mult_63/U3/CI (FA1D0)         0.02511    0.00000    1.02532 f
  implementation/mult_63/U3/CO (FA1D0)         0.02511    0.05524    1.08057 f
  implementation/mult_63/n2 (net)
                                 1  0.00125 
  implementation/mult_63/U2/CI (FA1D0)         0.02511    0.00000    1.08057 f
  implementation/mult_63/U2/S (FA1D0)          0.02940    0.06204    1.14261 f
  implementation/mult_63/product[13] (net)
                                 2  0.00208 
  implementation/U22/I (INVD1)                 0.02940    0.00000    1.14261 f
  implementation/U22/ZN (INVD1)                0.02605    0.02213    1.16474 r
  implementation/n50 (net)       2  0.00287 
  implementation/U177/A2 (CKXOR2D1)            0.02605    0.00000    1.16474 r
  implementation/U177/Z (CKXOR2D1)             0.02053    0.05882    1.22356 f
  implementation/N42 (net)       1  0.00107 
  implementation/U87/B1 (AO22D0)               0.02053    0.00000    1.22356 f
  implementation/U87/Z (AO22D0)                0.03649    0.06793    1.29149 f
  implementation/N66 (net)       1  0.00235 
  implementation/U86/B (FA1D0)                 0.03649    0.00000    1.29149 f
  implementation/U86/CO (FA1D0)                0.02511    0.08232    1.37381 f
  implementation/add_0_root_add_0_root_add_80_3_carry[22] (net)
                                 1  0.00125 
  implementation/U84/CI (FA1D0)                0.02511    0.00000    1.37381 f
  implementation/U84/S (FA1D0)                 0.03770    0.07553    1.44934 r
  implementation/plane_value[22] (net)
                                 2  0.00239 
  implementation/mult_113/U113/I (INVD1)       0.03770    0.00000    1.44934 r
  implementation/mult_113/U113/ZN (INVD1)      0.02495    0.02265    1.47200 f
  implementation/mult_113/n178 (net)
                                 6  0.00457 
  implementation/mult_113/U163/A2 (NR2D0)      0.02495    0.00000    1.47200 f
  implementation/mult_113/U163/ZN (NR2D0)      0.06623    0.04566    1.51766 r
  implementation/mult_113/n115 (net)
                                 1  0.00209 
  implementation/mult_113/U33/B (CMPE42D1)     0.06623    0.00000    1.51766 r
  implementation/mult_113/U33/S (CMPE42D1)     0.02130    0.18938    1.70704 f
  implementation/mult_113/n57 (net)
                                 1  0.00136 
  implementation/mult_113/U11/A (FA1D0)        0.02130    0.00000    1.70704 f
  implementation/mult_113/U11/CO (FA1D0)       0.02511    0.10007    1.80711 f
  implementation/mult_113/n10 (net)
                                 1  0.00125 
  implementation/mult_113/U10/CI (FA1D0)       0.02511    0.00000    1.80711 f
  implementation/mult_113/U10/CO (FA1D0)       0.02511    0.05524    1.86235 f
  implementation/mult_113/n9 (net)
                                 1  0.00125 
  implementation/mult_113/U9/CI (FA1D0)        0.02511    0.00000    1.86235 f
  implementation/mult_113/U9/CO (FA1D0)        0.02511    0.05524    1.91760 f
  implementation/mult_113/n8 (net)
                                 1  0.00125 
  implementation/mult_113/U8/CI (FA1D0)        0.02511    0.00000    1.91760 f
  implementation/mult_113/U8/CO (FA1D0)        0.02511    0.05524    1.97284 f
  implementation/mult_113/n7 (net)
                                 1  0.00125 
  implementation/mult_113/U7/CI (FA1D0)        0.02511    0.00000    1.97284 f
  implementation/mult_113/U7/CO (FA1D0)        0.02511    0.05524    2.02808 f
  implementation/mult_113/n6 (net)
                                 1  0.00125 
  implementation/mult_113/U6/CI (FA1D0)        0.02511    0.00000    2.02808 f
  implementation/mult_113/U6/CO (FA1D0)        0.02511    0.05524    2.08333 f
  implementation/mult_113/n5 (net)
                                 1  0.00125 
  implementation/mult_113/U5/CI (FA1D0)        0.02511    0.00000    2.08333 f
  implementation/mult_113/U5/CO (FA1D0)        0.02511    0.05524    2.13857 f
  implementation/mult_113/n4 (net)
                                 1  0.00125 
  implementation/mult_113/U4/CI (FA1D0)        0.02511    0.00000    2.13857 f
  implementation/mult_113/U4/CO (FA1D0)        0.02511    0.05524    2.19382 f
  implementation/mult_113/n3 (net)
                                 1  0.00125 
  implementation/mult_113/U3/CI (FA1D0)        0.02511    0.00000    2.19382 f
  implementation/mult_113/U3/CO (FA1D0)        0.02511    0.05524    2.24906 f
  implementation/mult_113/n2 (net)
                                 1  0.00125 
  implementation/mult_113/U2/CI (FA1D0)        0.02511    0.00000    2.24906 f
  implementation/mult_113/U2/CO (FA1D0)        0.02445    0.05454    2.30360 f
  implementation/mult_113/product[16] (net)
                                 1  0.00114 
  implementation/U47/A2 (AOI22D1)              0.02445    0.00000    2.30360 f
  implementation/U47/ZN (AOI22D1)              0.27951    0.15115    2.45475 r
  implementation/n28 (net)      20  0.02074 
  implementation/U21/B2 (IND3D1)               0.27951    0.00000    2.45475 r
  implementation/U21/ZN (IND3D1)               0.20501    0.16096    2.61571 f
  implementation/n580 (net)     16  0.01711 
  implementation/U65/B1 (OA22D0)               0.20501    0.00000    2.61571 f
  implementation/U65/Z (OA22D0)                0.03217    0.10047    2.71618 f
  implementation/n600 (net)      1  0.00085 
  implementation/U64/C (OAI221D0)              0.03217    0.00000    2.71618 f
  implementation/U64/ZN (OAI221D0)             0.10451    0.03891    2.75509 r
  implementation/normalized_fraction[21] (net)
                                 1  0.00137 
  implementation/fp_wrapper/U106/I (CKBD1)     0.10451    0.00000    2.75509 r
  implementation/fp_wrapper/U106/Z (CKBD1)     0.03043    0.04329    2.79838 r
  implementation/fp_wrapper/result[21] (net)
                                 1  0.00400 
  result[21] (out)                             0.03043    0.00000    2.79838 r
  result[21] (net)               1 
  data arrival time                                                  2.79838

  clock vclk (rise edge)                       0.00000   10.00000   10.00000
  clock network delay (ideal)                             0.00000   10.00000
  clock reconvergence pessimism                           0.00000   10.00000
  output external delay                                  -0.02000    9.98000
  data required time                                                 9.98000
  -----------------------------------------------------------------------------
  data required time                                                 9.98000
  data arrival time                                                 -2.79838
  -----------------------------------------------------------------------------
  slack (MET)                                                        7.18162


  Startpoint: divide_mode
               (input port clocked by vclk)
  Endpoint: result[20] (output port clocked by vclk)
  Path Group: vclk
  Path Type: max

  Point                       Fanout    Cap      Trans       Incr       Path
  -----------------------------------------------------------------------------
  clock vclk (rise edge)                       0.00000    0.00000    0.00000
  clock network delay (ideal)                             0.00000    0.00000
  input external delay                                    0.02000    0.02000 r
  divide_mode (in)                             0.02172    0.00773    0.02773 r
  divide_mode (net)              1  0.00137 
  U2/I (CKBD1)                                 0.02172    0.00000    0.02773 r
  U2/Z (CKBD1)                                 0.32553    0.18727    0.21499 r
  n3 (net)                      52  0.05565 
  implementation/U153/B1 (INR2D1)              0.32553    0.00000    0.21499 r
  implementation/U153/ZN (INR2D1)              0.06229    0.01558    0.23058 f
  implementation/y_shared_residual[1] (net)
                                 1  0.00122 
  implementation/mult_63/U115/I (INVD1)        0.06229    0.00000    0.23058 f
  implementation/mult_63/U115/ZN (INVD1)       0.03981    0.03404    0.26462 r
  implementation/mult_63/n159 (net)
                                 4  0.00403 
  implementation/mult_63/U128/A2 (CKXOR2D0)    0.03981    0.00000    0.26462 r
  implementation/mult_63/U128/Z (CKXOR2D0)     0.03400    0.07757    0.34219 f
  implementation/mult_63/n163 (net)
                                 2  0.00157 
  implementation/mult_63/U125/B2 (OAI22D0)     0.03400    0.00000    0.34219 f
  implementation/mult_63/U125/ZN (OAI22D0)     0.10159    0.06703    0.40922 r
  implementation/mult_63/n55 (net)
                                 1  0.00222 
  implementation/mult_63/U26/A (HA1D0)         0.10159    0.00000    0.40922 r
  implementation/mult_63/U26/S (HA1D0)         0.02435    0.07315    0.48237 f
  implementation/mult_63/n36 (net)
                                 1  0.00136 
  implementation/mult_63/U12/A (FA1D0)         0.02435    0.00000    0.48237 f
  implementation/mult_63/U12/CO (FA1D0)        0.02512    0.10099    0.58337 f
  implementation/mult_63/n11 (net)
                                 1  0.00125 
  implementation/mult_63/U11/CI (FA1D0)        0.02512    0.00000    0.58337 f
  implementation/mult_63/U11/CO (FA1D0)        0.02511    0.05525    0.63861 f
  implementation/mult_63/n10 (net)
                                 1  0.00125 
  implementation/mult_63/U10/CI (FA1D0)        0.02511    0.00000    0.63861 f
  implementation/mult_63/U10/CO (FA1D0)        0.02511    0.05524    0.69386 f
  implementation/mult_63/n9 (net)
                                 1  0.00125 
  implementation/mult_63/U9/CI (FA1D0)         0.02511    0.00000    0.69386 f
  implementation/mult_63/U9/CO (FA1D0)         0.02511    0.05524    0.74910 f
  implementation/mult_63/n8 (net)
                                 1  0.00125 
  implementation/mult_63/U8/CI (FA1D0)         0.02511    0.00000    0.74910 f
  implementation/mult_63/U8/CO (FA1D0)         0.02511    0.05524    0.80435 f
  implementation/mult_63/n7 (net)
                                 1  0.00125 
  implementation/mult_63/U7/CI (FA1D0)         0.02511    0.00000    0.80435 f
  implementation/mult_63/U7/CO (FA1D0)         0.02511    0.05524    0.85959 f
  implementation/mult_63/n6 (net)
                                 1  0.00125 
  implementation/mult_63/U6/CI (FA1D0)         0.02511    0.00000    0.85959 f
  implementation/mult_63/U6/CO (FA1D0)         0.02511    0.05524    0.91484 f
  implementation/mult_63/n5 (net)
                                 1  0.00125 
  implementation/mult_63/U5/CI (FA1D0)         0.02511    0.00000    0.91484 f
  implementation/mult_63/U5/CO (FA1D0)         0.02511    0.05524    0.97008 f
  implementation/mult_63/n4 (net)
                                 1  0.00125 
  implementation/mult_63/U4/CI (FA1D0)         0.02511    0.00000    0.97008 f
  implementation/mult_63/U4/CO (FA1D0)         0.02511    0.05524    1.02532 f
  implementation/mult_63/n3 (net)
                                 1  0.00125 
  implementation/mult_63/U3/CI (FA1D0)         0.02511    0.00000    1.02532 f
  implementation/mult_63/U3/CO (FA1D0)         0.02511    0.05524    1.08057 f
  implementation/mult_63/n2 (net)
                                 1  0.00125 
  implementation/mult_63/U2/CI (FA1D0)         0.02511    0.00000    1.08057 f
  implementation/mult_63/U2/S (FA1D0)          0.02940    0.06204    1.14261 f
  implementation/mult_63/product[13] (net)
                                 2  0.00208 
  implementation/U22/I (INVD1)                 0.02940    0.00000    1.14261 f
  implementation/U22/ZN (INVD1)                0.02605    0.02213    1.16474 r
  implementation/n50 (net)       2  0.00287 
  implementation/U177/A2 (CKXOR2D1)            0.02605    0.00000    1.16474 r
  implementation/U177/Z (CKXOR2D1)             0.02053    0.05882    1.22356 f
  implementation/N42 (net)       1  0.00107 
  implementation/U87/B1 (AO22D0)               0.02053    0.00000    1.22356 f
  implementation/U87/Z (AO22D0)                0.03649    0.06793    1.29149 f
  implementation/N66 (net)       1  0.00235 
  implementation/U86/B (FA1D0)                 0.03649    0.00000    1.29149 f
  implementation/U86/CO (FA1D0)                0.02511    0.08232    1.37381 f
  implementation/add_0_root_add_0_root_add_80_3_carry[22] (net)
                                 1  0.00125 
  implementation/U84/CI (FA1D0)                0.02511    0.00000    1.37381 f
  implementation/U84/S (FA1D0)                 0.03770    0.07553    1.44934 r
  implementation/plane_value[22] (net)
                                 2  0.00239 
  implementation/mult_113/U113/I (INVD1)       0.03770    0.00000    1.44934 r
  implementation/mult_113/U113/ZN (INVD1)      0.02495    0.02265    1.47200 f
  implementation/mult_113/n178 (net)
                                 6  0.00457 
  implementation/mult_113/U163/A2 (NR2D0)      0.02495    0.00000    1.47200 f
  implementation/mult_113/U163/ZN (NR2D0)      0.06623    0.04566    1.51766 r
  implementation/mult_113/n115 (net)
                                 1  0.00209 
  implementation/mult_113/U33/B (CMPE42D1)     0.06623    0.00000    1.51766 r
  implementation/mult_113/U33/S (CMPE42D1)     0.02130    0.18938    1.70704 f
  implementation/mult_113/n57 (net)
                                 1  0.00136 
  implementation/mult_113/U11/A (FA1D0)        0.02130    0.00000    1.70704 f
  implementation/mult_113/U11/CO (FA1D0)       0.02511    0.10007    1.80711 f
  implementation/mult_113/n10 (net)
                                 1  0.00125 
  implementation/mult_113/U10/CI (FA1D0)       0.02511    0.00000    1.80711 f
  implementation/mult_113/U10/CO (FA1D0)       0.02511    0.05524    1.86235 f
  implementation/mult_113/n9 (net)
                                 1  0.00125 
  implementation/mult_113/U9/CI (FA1D0)        0.02511    0.00000    1.86235 f
  implementation/mult_113/U9/CO (FA1D0)        0.02511    0.05524    1.91760 f
  implementation/mult_113/n8 (net)
                                 1  0.00125 
  implementation/mult_113/U8/CI (FA1D0)        0.02511    0.00000    1.91760 f
  implementation/mult_113/U8/CO (FA1D0)        0.02511    0.05524    1.97284 f
  implementation/mult_113/n7 (net)
                                 1  0.00125 
  implementation/mult_113/U7/CI (FA1D0)        0.02511    0.00000    1.97284 f
  implementation/mult_113/U7/CO (FA1D0)        0.02511    0.05524    2.02808 f
  implementation/mult_113/n6 (net)
                                 1  0.00125 
  implementation/mult_113/U6/CI (FA1D0)        0.02511    0.00000    2.02808 f
  implementation/mult_113/U6/CO (FA1D0)        0.02511    0.05524    2.08333 f
  implementation/mult_113/n5 (net)
                                 1  0.00125 
  implementation/mult_113/U5/CI (FA1D0)        0.02511    0.00000    2.08333 f
  implementation/mult_113/U5/CO (FA1D0)        0.02511    0.05524    2.13857 f
  implementation/mult_113/n4 (net)
                                 1  0.00125 
  implementation/mult_113/U4/CI (FA1D0)        0.02511    0.00000    2.13857 f
  implementation/mult_113/U4/CO (FA1D0)        0.02511    0.05524    2.19382 f
  implementation/mult_113/n3 (net)
                                 1  0.00125 
  implementation/mult_113/U3/CI (FA1D0)        0.02511    0.00000    2.19382 f
  implementation/mult_113/U3/CO (FA1D0)        0.02511    0.05524    2.24906 f
  implementation/mult_113/n2 (net)
                                 1  0.00125 
  implementation/mult_113/U2/CI (FA1D0)        0.02511    0.00000    2.24906 f
  implementation/mult_113/U2/CO (FA1D0)        0.02445    0.05454    2.30360 f
  implementation/mult_113/product[16] (net)
                                 1  0.00114 
  implementation/U47/A2 (AOI22D1)              0.02445    0.00000    2.30360 f
  implementation/U47/ZN (AOI22D1)              0.27951    0.15115    2.45475 r
  implementation/n28 (net)      20  0.02074 
  implementation/U21/B2 (IND3D1)               0.27951    0.00000    2.45475 r
  implementation/U21/ZN (IND3D1)               0.20501    0.16096    2.61571 f
  implementation/n580 (net)     16  0.01711 
  implementation/U71/B1 (OA22D0)               0.20501    0.00000    2.61571 f
  implementation/U71/Z (OA22D0)                0.03217    0.10047    2.71618 f
  implementation/n620 (net)      1  0.00085 
  implementation/U70/C (OAI221D0)              0.03217    0.00000    2.71618 f
  implementation/U70/ZN (OAI221D0)             0.10451    0.03891    2.75509 r
  implementation/normalized_fraction[20] (net)
                                 1  0.00137 
  implementation/fp_wrapper/U107/I (CKBD1)     0.10451    0.00000    2.75509 r
  implementation/fp_wrapper/U107/Z (CKBD1)     0.03043    0.04329    2.79838 r
  implementation/fp_wrapper/result[20] (net)
                                 1  0.00400 
  result[20] (out)                             0.03043    0.00000    2.79838 r
  result[20] (net)               1 
  data arrival time                                                  2.79838

  clock vclk (rise edge)                       0.00000   10.00000   10.00000
  clock network delay (ideal)                             0.00000   10.00000
  clock reconvergence pessimism                           0.00000   10.00000
  output external delay                                  -0.02000    9.98000
  data required time                                                 9.98000
  -----------------------------------------------------------------------------
  data required time                                                 9.98000
  data arrival time                                                 -2.79838
  -----------------------------------------------------------------------------
  slack (MET)                                                        7.18162


1
