****************************************
Report : Averaged Power
	-hierarchy
	-significant_digits
Design : plsad_m8_fp32_paceio
Version: U-2022.12-SP5
Date   : Fri Sep  4 01:19:30 2026
****************************************



                                      Int      Switch   Leak     Total
Hierarchy                             Power    Power    Power    Power    %
----------------------------------------------------------------------------------
plsad_m8_fp32_paceio                  1.43e-05 5.92e-06 3.92e-06 2.41e-05 100.0
  impl (plsad_fp32_paceio_EXACT_MSB_BITS8)
                                      1.43e-05 5.92e-06 3.92e-06 2.41e-05 100.0
    wrapper (FP_DIV_WRAPPER_32_width_trunc13_width_mantissa10_width_shift1)
                                      5.03e-06 2.04e-06 1.29e-06 8.35e-06  34.6
      shared_wrapper (fp32_normal_finite_wrapper)
                                      5.03e-06 2.04e-06 1.29e-06 8.35e-06  34.6
        add_1_root_add_0_root_add_22_2 (fp32_normal_finite_wrapper_DW01_add_1_DW01_add_7)
                                      1.70e-06 2.63e-07 4.52e-07 2.41e-06  10.0
    core (plsad_mantissa_div_EXACT_MSB_BITS8)
                                      9.27e-06 3.89e-06 2.63e-06 1.58e-05  65.4
      approximate_sum (plsad_loa4_EXACT_MSB_BITS8)
                                      6.72e-06 1.49e-06 1.70e-06 9.91e-06  41.1
        add_2_root_add_0_root_add_23_4 (plsad_loa4_EXACT_MSB_BITS8_DW01_add_2)
                                      1.54e-06 3.19e-07 4.44e-07 2.30e-06   9.5
        add_0_root_add_0_root_add_23_4 (plsad_loa4_EXACT_MSB_BITS8_DW01_add_0)
                                      2.16e-06 4.48e-07 4.46e-07 3.05e-06  12.6
        add_1_root_add_0_root_add_23_4 (plsad_loa4_EXACT_MSB_BITS8_DW01_add_1)
                                      1.84e-06 2.85e-07 4.49e-07 2.57e-06  10.7
1
