****************************************
Report : qor
Design : plsad_m8_fp32_paceio
Version: U-2022.12-SP5
Date   : Fri Sep  4 01:19:29 2026
****************************************

  Timing Path Group 'vclk' (max_delay/setup)
  ---------------------------------------------
  Levels of Logic:                           26
  Critical Path Length:                    1.74
  Critical Path Slack:                     8.24
  Total Negative Slack:                    0.00
  No. of Violating Paths:                     0
  ---------------------------------------------

  Timing Path Group 'vclk' (min_delay/hold)
  ---------------------------------------------
  Levels of Logic:                            1
  Critical Path Length:                    0.07
  Critical Path Slack:                     0.09
  Total Negative Slack:                    0.00
  No. of Violating Paths:                     0
  ---------------------------------------------

  Area
  ---------------------------------------------
  Net Interconnect area:                   0.00
  Total cell area:                       659.88
  Design Area:                           659.88
  Area Cost:                            -659.88
  ---------------------------------------------


  Cell & Pin Count
  ---------------------------------------------
  Pin Count:                                748
  Hierarchical Cell Count:                    9
  Hierarchical Port Count:                  602
  Leaf Cell Count:                          197
  ---------------------------------------------


  Design Rule Violations
  ---------------------------------------------
  Total No. of Pins in Design:              748
  Total DRC Cost:                          0.00
  ---------------------------------------------

1
