****************************************
Report : Averaged Power
	-significant_digits
Design : fig8_pace_l2_d12
Version: U-2022.12-SP5
Date   : Sat Sep  5 12:58:24 2026
****************************************



  Attributes
  ----------
      i  -  Including register clock pin internal power
      u  -  User defined power group

                        Internal             Switching            Leakage              Total
Power Group             Power                Power                Power                Power               (     %)   Attrs
----------------------------------------------------------------------------------------------------------------------------
clock_network           0.00000e+00          0.00000e+00          0.00000e+00          0.00000e+00         ( 0.00%)   i
register                0.00000e+00          0.00000e+00          0.00000e+00          0.00000e+00         ( 0.00%)   
combinational           2.41353e-05          9.42772e-06          5.01510e-06          3.85781e-05         (100.00%)  
sequential              0.00000e+00          0.00000e+00          0.00000e+00          0.00000e+00         ( 0.00%)   
memory                  0.00000e+00          0.00000e+00          0.00000e+00          0.00000e+00         ( 0.00%)   
io_pad                  0.00000e+00          0.00000e+00          0.00000e+00          0.00000e+00         ( 0.00%)   
black_box               0.00000e+00          0.00000e+00          0.00000e+00          0.00000e+00         ( 0.00%)   

  Net Switching Power  = 9.42772e-06           (24.44%)
  Cell Internal Power  = 2.41353e-05           (62.56%)
  Cell Leakage Power   = 5.01510e-06           (13.00%)
                         -------------------------
Total Power            = 3.85781e-05          (100.00%)

1
