1
 
****************************************
Report : area
Design : exact_fp32_divmul_nopipe
Version: U-2022.12-SP7
Date   : Sat Aug 22 01:18:38 2026
****************************************

Library(s) Used:

    tcbn65gplustc_ccs (File: /courses/ee6350/pdk2025/tcbn65gplus/TSMCHOME/digital/Front_End/timing_power_noise/CCS/tcbn65gplus_200a/tcbn65gplustc_ccs.db)

Number of ports:                           97
Number of nets:                          8395
Number of cells:                         7162
Number of combinational cells:           7162
Number of sequential cells:                 0
Number of macros/black boxes:               0
Number of buf/inv:                       2272
Number of references:                      93

Combinational area:              22880.880042
Buf/Inv area:                     2634.480105
Noncombinational area:               0.000000
Macro/Black Box area:                0.000000
Net Interconnect area:      undefined  (Wire load has zero net area)

Total cell area:                 22880.880042
Total area:                 undefined
1
 
****************************************
Report : area
Design : exact_fp32_divmul_nopipe
Version: U-2022.12-SP7
Date   : Sat Aug 22 01:18:38 2026
****************************************

Library(s) Used:

    tcbn65gplustc_ccs (File: /courses/ee6350/pdk2025/tcbn65gplus/TSMCHOME/digital/Front_End/timing_power_noise/CCS/tcbn65gplus_200a/tcbn65gplustc_ccs.db)

Number of ports:                           97
Number of nets:                          8395
Number of cells:                         7162
Number of combinational cells:           7162
Number of sequential cells:                 0
Number of macros/black boxes:               0
Number of buf/inv:                       2272
Number of references:                      93

Combinational area:              22880.880042
Buf/Inv area:                     2634.480105
Noncombinational area:               0.000000
Macro/Black Box area:                0.000000
Net Interconnect area:      undefined  (Wire load has zero net area)

Total cell area:                 22880.880042
Total area:                 undefined

Hierarchical area distribution
------------------------------

                                  Global cell area            Local cell area
                                  -------------------  ----------------------------- 
Hierarchical cell                 Absolute    Percent  Combi-      Noncombi-  Black-
                                  Total       Total    national    national   boxes   Design
--------------------------------  ----------  -------  ----------  ---------  ------  ---------
exact_fp32_divmul_nopipe          22880.8800    100.0  22880.8800     0.0000  0.0000  exact_fp32_divmul_nopipe
--------------------------------  ----------  -------  ----------  ---------  ------  ---------
Total                                                  22880.8800     0.0000  0.0000

1
Information: Propagating switching activity (medium effort zero delay simulation). (PWR-6)
 
****************************************
Report : power
        -analysis_effort medium
Design : exact_fp32_divmul_nopipe
Version: U-2022.12-SP7
Date   : Sat Aug 22 01:18:39 2026
****************************************


Library(s) Used:

    tcbn65gplustc_ccs (File: /courses/ee6350/pdk2025/tcbn65gplus/TSMCHOME/digital/Front_End/timing_power_noise/CCS/tcbn65gplus_200a/tcbn65gplustc_ccs.db)


Operating Conditions: NCCOM   Library: tcbn65gplustc_ccs
Wire Load Model Mode: segmented

Design        Wire Load Model            Library
------------------------------------------------
exact_fp32_divmul_nopipe
                       ZeroWireload      tcbn65gplustc_ccs


Global Operating Voltage = 1    
Power-specific unit information :
    Voltage Units = 1V
    Capacitance Units = 1.000000pf
    Time Units = 1ns
    Dynamic Power Units = 1mW    (derived from V,C,T units)
    Leakage Power Units = 1nW


Attributes
----------
i - Including register clock pin internal power


  Cell Internal Power  =   1.2181 mW   (74%)
  Net Switching Power  = 425.3970 uW   (26%)
                         ---------
Total Dynamic Power    =   1.6435 mW  (100%)

Cell Leakage Power     = 118.5772 uW

Information: report_power power group summary does not include estimated clock tree power. (PWR-789)

                 Internal         Switching           Leakage            Total
Power Group      Power            Power               Power              Power   (   %    )  Attrs
--------------------------------------------------------------------------------------------------
io_pad             0.0000            0.0000            0.0000            0.0000  (   0.00%)
memory             0.0000            0.0000            0.0000            0.0000  (   0.00%)
black_box          0.0000            0.0000            0.0000            0.0000  (   0.00%)
clock_network      0.0000            0.0000            0.0000            0.0000  (   0.00%)  i
register           0.0000            0.0000            0.0000            0.0000  (   0.00%)
sequential         0.0000            0.0000            0.0000            0.0000  (   0.00%)
combinational      1.2181            0.4254        1.1858e+05            1.7621  ( 100.00%)
--------------------------------------------------------------------------------------------------
Total              1.2181 mW         0.4254 mW     1.1858e+05 nW         1.7621 mW
1
 
****************************************
Report : constraint
        -all_violators
        -verbose
Design : exact_fp32_divmul_nopipe
Version: U-2022.12-SP7
Date   : Sat Aug 22 01:18:39 2026
****************************************


    Net: n2591

    max_fanout             4.00
  - Fanout                 9.00
  ------------------------------
    Slack                 -5.00  (VIOLATED)


    Net: n17

    max_fanout             4.00
  - Fanout                 8.00
  ------------------------------
    Slack                 -4.00  (VIOLATED)


    Net: n745

    max_fanout             4.00
  - Fanout                 8.00
  ------------------------------
    Slack                 -4.00  (VIOLATED)


    Net: n763

    max_fanout             4.00
  - Fanout                 7.00
  ------------------------------
    Slack                 -3.00  (VIOLATED)


    Net: n787

    max_fanout             4.00
  - Fanout                 7.00
  ------------------------------
    Slack                 -3.00  (VIOLATED)


    Net: n1098

    max_fanout             4.00
  - Fanout                 7.00
  ------------------------------
    Slack                 -3.00  (VIOLATED)


    Net: n1544

    max_fanout             4.00
  - Fanout                 7.00
  ------------------------------
    Slack                 -3.00  (VIOLATED)


    Net: n5407

    max_fanout             4.00
  - Fanout                 7.00
  ------------------------------
    Slack                 -3.00  (VIOLATED)


    Net: n5409

    max_fanout             4.00
  - Fanout                 7.00
  ------------------------------
    Slack                 -3.00  (VIOLATED)


    Net: n5639

    max_fanout             4.00
  - Fanout                 7.00
  ------------------------------
    Slack                 -3.00  (VIOLATED)


    Net: n5647

    max_fanout             4.00
  - Fanout                 7.00
  ------------------------------
    Slack                 -3.00  (VIOLATED)


    Net: n5740

    max_fanout             4.00
  - Fanout                 7.00
  ------------------------------
    Slack                 -3.00  (VIOLATED)


    Net: intadd_1_SUM_0_

    max_fanout             4.00
  - Fanout                 6.00
  ------------------------------
    Slack                 -2.00  (VIOLATED)


    Net: intadd_1_SUM_2_

    max_fanout             4.00
  - Fanout                 6.00
  ------------------------------
    Slack                 -2.00  (VIOLATED)


    Net: n18

    max_fanout             4.00
  - Fanout                 6.00
  ------------------------------
    Slack                 -2.00  (VIOLATED)


    Net: n387

    max_fanout             4.00
  - Fanout                 6.00
  ------------------------------
    Slack                 -2.00  (VIOLATED)


    Net: n388

    max_fanout             4.00
  - Fanout                 6.00
  ------------------------------
    Slack                 -2.00  (VIOLATED)


    Net: n725

    max_fanout             4.00
  - Fanout                 6.00
  ------------------------------
    Slack                 -2.00  (VIOLATED)


    Net: n750

    max_fanout             4.00
  - Fanout                 6.00
  ------------------------------
    Slack                 -2.00  (VIOLATED)


    Net: n767

    max_fanout             4.00
  - Fanout                 6.00
  ------------------------------
    Slack                 -2.00  (VIOLATED)


    Net: n771

    max_fanout             4.00
  - Fanout                 6.00
  ------------------------------
    Slack                 -2.00  (VIOLATED)


    Net: n776

    max_fanout             4.00
  - Fanout                 6.00
  ------------------------------
    Slack                 -2.00  (VIOLATED)


    Net: n779

    max_fanout             4.00
  - Fanout                 6.00
  ------------------------------
    Slack                 -2.00  (VIOLATED)


    Net: n780

    max_fanout             4.00
  - Fanout                 6.00
  ------------------------------
    Slack                 -2.00  (VIOLATED)


    Net: n781

    max_fanout             4.00
  - Fanout                 6.00
  ------------------------------
    Slack                 -2.00  (VIOLATED)


    Net: n783

    max_fanout             4.00
  - Fanout                 6.00
  ------------------------------
    Slack                 -2.00  (VIOLATED)


    Net: n784

    max_fanout             4.00
  - Fanout                 6.00
  ------------------------------
    Slack                 -2.00  (VIOLATED)


    Net: n785

    max_fanout             4.00
  - Fanout                 6.00
  ------------------------------
    Slack                 -2.00  (VIOLATED)


    Net: n789

    max_fanout             4.00
  - Fanout                 6.00
  ------------------------------
    Slack                 -2.00  (VIOLATED)


    Net: n791

    max_fanout             4.00
  - Fanout                 6.00
  ------------------------------
    Slack                 -2.00  (VIOLATED)


    Net: n792

    max_fanout             4.00
  - Fanout                 6.00
  ------------------------------
    Slack                 -2.00  (VIOLATED)


    Net: n793

    max_fanout             4.00
  - Fanout                 6.00
  ------------------------------
    Slack                 -2.00  (VIOLATED)


    Net: n796

    max_fanout             4.00
  - Fanout                 6.00
  ------------------------------
    Slack                 -2.00  (VIOLATED)


    Net: n797

    max_fanout             4.00
  - Fanout                 6.00
  ------------------------------
    Slack                 -2.00  (VIOLATED)


    Net: n798

    max_fanout             4.00
  - Fanout                 6.00
  ------------------------------
    Slack                 -2.00  (VIOLATED)


    Net: n799

    max_fanout             4.00
  - Fanout                 6.00
  ------------------------------
    Slack                 -2.00  (VIOLATED)


    Net: n801

    max_fanout             4.00
  - Fanout                 6.00
  ------------------------------
    Slack                 -2.00  (VIOLATED)


    Net: n804

    max_fanout             4.00
  - Fanout                 6.00
  ------------------------------
    Slack                 -2.00  (VIOLATED)


    Net: n809

    max_fanout             4.00
  - Fanout                 6.00
  ------------------------------
    Slack                 -2.00  (VIOLATED)


    Net: n812

    max_fanout             4.00
  - Fanout                 6.00
  ------------------------------
    Slack                 -2.00  (VIOLATED)


    Net: n817

    max_fanout             4.00
  - Fanout                 6.00
  ------------------------------
    Slack                 -2.00  (VIOLATED)


    Net: n842

    max_fanout             4.00
  - Fanout                 6.00
  ------------------------------
    Slack                 -2.00  (VIOLATED)


    Net: n1040

    max_fanout             4.00
  - Fanout                 6.00
  ------------------------------
    Slack                 -2.00  (VIOLATED)


    Net: n1044

    max_fanout             4.00
  - Fanout                 6.00
  ------------------------------
    Slack                 -2.00  (VIOLATED)


    Net: n1048

    max_fanout             4.00
  - Fanout                 6.00
  ------------------------------
    Slack                 -2.00  (VIOLATED)


    Net: n1053

    max_fanout             4.00
  - Fanout                 6.00
  ------------------------------
    Slack                 -2.00  (VIOLATED)


    Net: n1057

    max_fanout             4.00
  - Fanout                 6.00
  ------------------------------
    Slack                 -2.00  (VIOLATED)


    Net: n1061

    max_fanout             4.00
  - Fanout                 6.00
  ------------------------------
    Slack                 -2.00  (VIOLATED)


    Net: n1065

    max_fanout             4.00
  - Fanout                 6.00
  ------------------------------
    Slack                 -2.00  (VIOLATED)


    Net: n1066

    max_fanout             4.00
  - Fanout                 6.00
  ------------------------------
    Slack                 -2.00  (VIOLATED)


    Net: n1069

    max_fanout             4.00
  - Fanout                 6.00
  ------------------------------
    Slack                 -2.00  (VIOLATED)


    Net: n1070

    max_fanout             4.00
  - Fanout                 6.00
  ------------------------------
    Slack                 -2.00  (VIOLATED)


    Net: n1071

    max_fanout             4.00
  - Fanout                 6.00
  ------------------------------
    Slack                 -2.00  (VIOLATED)


    Net: n1074

    max_fanout             4.00
  - Fanout                 6.00
  ------------------------------
    Slack                 -2.00  (VIOLATED)


    Net: n1075

    max_fanout             4.00
  - Fanout                 6.00
  ------------------------------
    Slack                 -2.00  (VIOLATED)


    Net: n1076

    max_fanout             4.00
  - Fanout                 6.00
  ------------------------------
    Slack                 -2.00  (VIOLATED)


    Net: n1078

    max_fanout             4.00
  - Fanout                 6.00
  ------------------------------
    Slack                 -2.00  (VIOLATED)


    Net: n1079

    max_fanout             4.00
  - Fanout                 6.00
  ------------------------------
    Slack                 -2.00  (VIOLATED)


    Net: n1080

    max_fanout             4.00
  - Fanout                 6.00
  ------------------------------
    Slack                 -2.00  (VIOLATED)


    Net: n1082

    max_fanout             4.00
  - Fanout                 6.00
  ------------------------------
    Slack                 -2.00  (VIOLATED)


    Net: n1083

    max_fanout             4.00
  - Fanout                 6.00
  ------------------------------
    Slack                 -2.00  (VIOLATED)


    Net: n1084

    max_fanout             4.00
  - Fanout                 6.00
  ------------------------------
    Slack                 -2.00  (VIOLATED)


    Net: n1086

    max_fanout             4.00
  - Fanout                 6.00
  ------------------------------
    Slack                 -2.00  (VIOLATED)


    Net: n1087

    max_fanout             4.00
  - Fanout                 6.00
  ------------------------------
    Slack                 -2.00  (VIOLATED)


    Net: n1088

    max_fanout             4.00
  - Fanout                 6.00
  ------------------------------
    Slack                 -2.00  (VIOLATED)


    Net: n1090

    max_fanout             4.00
  - Fanout                 6.00
  ------------------------------
    Slack                 -2.00  (VIOLATED)


    Net: n1091

    max_fanout             4.00
  - Fanout                 6.00
  ------------------------------
    Slack                 -2.00  (VIOLATED)


    Net: n1092

    max_fanout             4.00
  - Fanout                 6.00
  ------------------------------
    Slack                 -2.00  (VIOLATED)


    Net: n1094

    max_fanout             4.00
  - Fanout                 6.00
  ------------------------------
    Slack                 -2.00  (VIOLATED)


    Net: n1096

    max_fanout             4.00
  - Fanout                 6.00
  ------------------------------
    Slack                 -2.00  (VIOLATED)


    Net: n1099

    max_fanout             4.00
  - Fanout                 6.00
  ------------------------------
    Slack                 -2.00  (VIOLATED)


    Net: n1100

    max_fanout             4.00
  - Fanout                 6.00
  ------------------------------
    Slack                 -2.00  (VIOLATED)


    Net: n1102

    max_fanout             4.00
  - Fanout                 6.00
  ------------------------------
    Slack                 -2.00  (VIOLATED)


    Net: n1103

    max_fanout             4.00
  - Fanout                 6.00
  ------------------------------
    Slack                 -2.00  (VIOLATED)


    Net: n1104

    max_fanout             4.00
  - Fanout                 6.00
  ------------------------------
    Slack                 -2.00  (VIOLATED)


    Net: n1106

    max_fanout             4.00
  - Fanout                 6.00
  ------------------------------
    Slack                 -2.00  (VIOLATED)


    Net: n1107

    max_fanout             4.00
  - Fanout                 6.00
  ------------------------------
    Slack                 -2.00  (VIOLATED)


    Net: n1108

    max_fanout             4.00
  - Fanout                 6.00
  ------------------------------
    Slack                 -2.00  (VIOLATED)


    Net: n1109

    max_fanout             4.00
  - Fanout                 6.00
  ------------------------------
    Slack                 -2.00  (VIOLATED)


    Net: n1110

    max_fanout             4.00
  - Fanout                 6.00
  ------------------------------
    Slack                 -2.00  (VIOLATED)


    Net: n1111

    max_fanout             4.00
  - Fanout                 6.00
  ------------------------------
    Slack                 -2.00  (VIOLATED)


    Net: n1112

    max_fanout             4.00
  - Fanout                 6.00
  ------------------------------
    Slack                 -2.00  (VIOLATED)


    Net: n1113

    max_fanout             4.00
  - Fanout                 6.00
  ------------------------------
    Slack                 -2.00  (VIOLATED)


    Net: n1359

    max_fanout             4.00
  - Fanout                 6.00
  ------------------------------
    Slack                 -2.00  (VIOLATED)


    Net: n1440

    max_fanout             4.00
  - Fanout                 6.00
  ------------------------------
    Slack                 -2.00  (VIOLATED)


    Net: n1477

    max_fanout             4.00
  - Fanout                 6.00
  ------------------------------
    Slack                 -2.00  (VIOLATED)


    Net: n1505

    max_fanout             4.00
  - Fanout                 6.00
  ------------------------------
    Slack                 -2.00  (VIOLATED)


    Net: n1568

    max_fanout             4.00
  - Fanout                 6.00
  ------------------------------
    Slack                 -2.00  (VIOLATED)


    Net: n1599

    max_fanout             4.00
  - Fanout                 6.00
  ------------------------------
    Slack                 -2.00  (VIOLATED)


    Net: n1604

    max_fanout             4.00
  - Fanout                 6.00
  ------------------------------
    Slack                 -2.00  (VIOLATED)


    Net: n1614

    max_fanout             4.00
  - Fanout                 6.00
  ------------------------------
    Slack                 -2.00  (VIOLATED)


    Net: n1615

    max_fanout             4.00
  - Fanout                 6.00
  ------------------------------
    Slack                 -2.00  (VIOLATED)


    Net: n1616

    max_fanout             4.00
  - Fanout                 6.00
  ------------------------------
    Slack                 -2.00  (VIOLATED)


    Net: n1636

    max_fanout             4.00
  - Fanout                 6.00
  ------------------------------
    Slack                 -2.00  (VIOLATED)


    Net: n1915

    max_fanout             4.00
  - Fanout                 6.00
  ------------------------------
    Slack                 -2.00  (VIOLATED)


    Net: n2596

    max_fanout             4.00
  - Fanout                 6.00
  ------------------------------
    Slack                 -2.00  (VIOLATED)


    Net: n2621

    max_fanout             4.00
  - Fanout                 6.00
  ------------------------------
    Slack                 -2.00  (VIOLATED)


    Net: n2625

    max_fanout             4.00
  - Fanout                 6.00
  ------------------------------
    Slack                 -2.00  (VIOLATED)


    Net: n2688

    max_fanout             4.00
  - Fanout                 6.00
  ------------------------------
    Slack                 -2.00  (VIOLATED)


    Net: n2692

    max_fanout             4.00
  - Fanout                 6.00
  ------------------------------
    Slack                 -2.00  (VIOLATED)


    Net: n2782

    max_fanout             4.00
  - Fanout                 6.00
  ------------------------------
    Slack                 -2.00  (VIOLATED)


    Net: n2786

    max_fanout             4.00
  - Fanout                 6.00
  ------------------------------
    Slack                 -2.00  (VIOLATED)


    Net: n2855

    max_fanout             4.00
  - Fanout                 6.00
  ------------------------------
    Slack                 -2.00  (VIOLATED)


    Net: n2859

    max_fanout             4.00
  - Fanout                 6.00
  ------------------------------
    Slack                 -2.00  (VIOLATED)


    Net: n2930

    max_fanout             4.00
  - Fanout                 6.00
  ------------------------------
    Slack                 -2.00  (VIOLATED)


    Net: n2934

    max_fanout             4.00
  - Fanout                 6.00
  ------------------------------
    Slack                 -2.00  (VIOLATED)


    Net: n3011

    max_fanout             4.00
  - Fanout                 6.00
  ------------------------------
    Slack                 -2.00  (VIOLATED)


    Net: n3015

    max_fanout             4.00
  - Fanout                 6.00
  ------------------------------
    Slack                 -2.00  (VIOLATED)


    Net: n3094

    max_fanout             4.00
  - Fanout                 6.00
  ------------------------------
    Slack                 -2.00  (VIOLATED)


    Net: n3098

    max_fanout             4.00
  - Fanout                 6.00
  ------------------------------
    Slack                 -2.00  (VIOLATED)


    Net: n3183

    max_fanout             4.00
  - Fanout                 6.00
  ------------------------------
    Slack                 -2.00  (VIOLATED)


    Net: n3187

    max_fanout             4.00
  - Fanout                 6.00
  ------------------------------
    Slack                 -2.00  (VIOLATED)


    Net: n3277

    max_fanout             4.00
  - Fanout                 6.00
  ------------------------------
    Slack                 -2.00  (VIOLATED)


    Net: n3281

    max_fanout             4.00
  - Fanout                 6.00
  ------------------------------
    Slack                 -2.00  (VIOLATED)


    Net: n3366

    max_fanout             4.00
  - Fanout                 6.00
  ------------------------------
    Slack                 -2.00  (VIOLATED)


    Net: n3370

    max_fanout             4.00
  - Fanout                 6.00
  ------------------------------
    Slack                 -2.00  (VIOLATED)


    Net: n3383

    max_fanout             4.00
  - Fanout                 6.00
  ------------------------------
    Slack                 -2.00  (VIOLATED)


    Net: n3422

    max_fanout             4.00
  - Fanout                 6.00
  ------------------------------
    Slack                 -2.00  (VIOLATED)


    Net: n3544

    max_fanout             4.00
  - Fanout                 6.00
  ------------------------------
    Slack                 -2.00  (VIOLATED)


    Net: n3645

    max_fanout             4.00
  - Fanout                 6.00
  ------------------------------
    Slack                 -2.00  (VIOLATED)


    Net: n3654

    max_fanout             4.00
  - Fanout                 6.00
  ------------------------------
    Slack                 -2.00  (VIOLATED)


    Net: n5370

    max_fanout             4.00
  - Fanout                 6.00
  ------------------------------
    Slack                 -2.00  (VIOLATED)


    Net: n5618

    max_fanout             4.00
  - Fanout                 6.00
  ------------------------------
    Slack                 -2.00  (VIOLATED)


    Net: n5622

    max_fanout             4.00
  - Fanout                 6.00
  ------------------------------
    Slack                 -2.00  (VIOLATED)


    Net: n5676

    max_fanout             4.00
  - Fanout                 6.00
  ------------------------------
    Slack                 -2.00  (VIOLATED)


    Net: n5731

    max_fanout             4.00
  - Fanout                 6.00
  ------------------------------
    Slack                 -2.00  (VIOLATED)


    Net: n5743

    max_fanout             4.00
  - Fanout                 6.00
  ------------------------------
    Slack                 -2.00  (VIOLATED)


    Net: n5978

    max_fanout             4.00
  - Fanout                 6.00
  ------------------------------
    Slack                 -2.00  (VIOLATED)


    Net: n6006

    max_fanout             4.00
  - Fanout                 6.00
  ------------------------------
    Slack                 -2.00  (VIOLATED)


    Net: n6103

    max_fanout             4.00
  - Fanout                 6.00
  ------------------------------
    Slack                 -2.00  (VIOLATED)


    Net: n6666

    max_fanout             4.00
  - Fanout                 6.00
  ------------------------------
    Slack                 -2.00  (VIOLATED)


    Net: n6667

    max_fanout             4.00
  - Fanout                 6.00
  ------------------------------
    Slack                 -2.00  (VIOLATED)


    Net: n6844

    max_fanout             4.00
  - Fanout                 6.00
  ------------------------------
    Slack                 -2.00  (VIOLATED)


    Net: n6876

    max_fanout             4.00
  - Fanout                 6.00
  ------------------------------
    Slack                 -2.00  (VIOLATED)


    Net: n6903

    max_fanout             4.00
  - Fanout                 6.00
  ------------------------------
    Slack                 -2.00  (VIOLATED)


    Net: n6905

    max_fanout             4.00
  - Fanout                 6.00
  ------------------------------
    Slack                 -2.00  (VIOLATED)


    Net: n7168

    max_fanout             4.00
  - Fanout                 6.00
  ------------------------------
    Slack                 -2.00  (VIOLATED)


    Net: n7171

    max_fanout             4.00
  - Fanout                 6.00
  ------------------------------
    Slack                 -2.00  (VIOLATED)


    Net: n7227

    max_fanout             4.00
  - Fanout                 6.00
  ------------------------------
    Slack                 -2.00  (VIOLATED)


    Net: u_div_u_exact_div_DP_OP_117_127_3084_n952

    max_fanout             4.00
  - Fanout                 6.00
  ------------------------------
    Slack                 -2.00  (VIOLATED)


    Net: intadd_1_SUM_5_

    max_fanout             4.00
  - Fanout                 5.00
  ------------------------------
    Slack                 -1.00  (VIOLATED)


    Net: n649

    max_fanout             4.00
  - Fanout                 5.00
  ------------------------------
    Slack                 -1.00  (VIOLATED)


    Net: n653

    max_fanout             4.00
  - Fanout                 5.00
  ------------------------------
    Slack                 -1.00  (VIOLATED)


    Net: n662

    max_fanout             4.00
  - Fanout                 5.00
  ------------------------------
    Slack                 -1.00  (VIOLATED)


    Net: n666

    max_fanout             4.00
  - Fanout                 5.00
  ------------------------------
    Slack                 -1.00  (VIOLATED)


    Net: n675

    max_fanout             4.00
  - Fanout                 5.00
  ------------------------------
    Slack                 -1.00  (VIOLATED)


    Net: n676

    max_fanout             4.00
  - Fanout                 5.00
  ------------------------------
    Slack                 -1.00  (VIOLATED)


    Net: n680

    max_fanout             4.00
  - Fanout                 5.00
  ------------------------------
    Slack                 -1.00  (VIOLATED)


    Net: n686

    max_fanout             4.00
  - Fanout                 5.00
  ------------------------------
    Slack                 -1.00  (VIOLATED)


    Net: n689

    max_fanout             4.00
  - Fanout                 5.00
  ------------------------------
    Slack                 -1.00  (VIOLATED)


    Net: n690

    max_fanout             4.00
  - Fanout                 5.00
  ------------------------------
    Slack                 -1.00  (VIOLATED)


    Net: n694

    max_fanout             4.00
  - Fanout                 5.00
  ------------------------------
    Slack                 -1.00  (VIOLATED)


    Net: n699

    max_fanout             4.00
  - Fanout                 5.00
  ------------------------------
    Slack                 -1.00  (VIOLATED)


    Net: n704

    max_fanout             4.00
  - Fanout                 5.00
  ------------------------------
    Slack                 -1.00  (VIOLATED)


    Net: n709

    max_fanout             4.00
  - Fanout                 5.00
  ------------------------------
    Slack                 -1.00  (VIOLATED)


    Net: n714

    max_fanout             4.00
  - Fanout                 5.00
  ------------------------------
    Slack                 -1.00  (VIOLATED)


    Net: n715

    max_fanout             4.00
  - Fanout                 5.00
  ------------------------------
    Slack                 -1.00  (VIOLATED)


    Net: n717

    max_fanout             4.00
  - Fanout                 5.00
  ------------------------------
    Slack                 -1.00  (VIOLATED)


    Net: n718

    max_fanout             4.00
  - Fanout                 5.00
  ------------------------------
    Slack                 -1.00  (VIOLATED)


    Net: n719

    max_fanout             4.00
  - Fanout                 5.00
  ------------------------------
    Slack                 -1.00  (VIOLATED)


    Net: n721

    max_fanout             4.00
  - Fanout                 5.00
  ------------------------------
    Slack                 -1.00  (VIOLATED)


    Net: n722

    max_fanout             4.00
  - Fanout                 5.00
  ------------------------------
    Slack                 -1.00  (VIOLATED)


    Net: n723

    max_fanout             4.00
  - Fanout                 5.00
  ------------------------------
    Slack                 -1.00  (VIOLATED)


    Net: n727

    max_fanout             4.00
  - Fanout                 5.00
  ------------------------------
    Slack                 -1.00  (VIOLATED)


    Net: n729

    max_fanout             4.00
  - Fanout                 5.00
  ------------------------------
    Slack                 -1.00  (VIOLATED)


    Net: n730

    max_fanout             4.00
  - Fanout                 5.00
  ------------------------------
    Slack                 -1.00  (VIOLATED)


    Net: n731

    max_fanout             4.00
  - Fanout                 5.00
  ------------------------------
    Slack                 -1.00  (VIOLATED)


    Net: n733

    max_fanout             4.00
  - Fanout                 5.00
  ------------------------------
    Slack                 -1.00  (VIOLATED)


    Net: n734

    max_fanout             4.00
  - Fanout                 5.00
  ------------------------------
    Slack                 -1.00  (VIOLATED)


    Net: n735

    max_fanout             4.00
  - Fanout                 5.00
  ------------------------------
    Slack                 -1.00  (VIOLATED)


    Net: n737

    max_fanout             4.00
  - Fanout                 5.00
  ------------------------------
    Slack                 -1.00  (VIOLATED)


    Net: n738

    max_fanout             4.00
  - Fanout                 5.00
  ------------------------------
    Slack                 -1.00  (VIOLATED)


    Net: n739

    max_fanout             4.00
  - Fanout                 5.00
  ------------------------------
    Slack                 -1.00  (VIOLATED)


    Net: n741

    max_fanout             4.00
  - Fanout                 5.00
  ------------------------------
    Slack                 -1.00  (VIOLATED)


    Net: n742

    max_fanout             4.00
  - Fanout                 5.00
  ------------------------------
    Slack                 -1.00  (VIOLATED)


    Net: n743

    max_fanout             4.00
  - Fanout                 5.00
  ------------------------------
    Slack                 -1.00  (VIOLATED)


    Net: n752

    max_fanout             4.00
  - Fanout                 5.00
  ------------------------------
    Slack                 -1.00  (VIOLATED)


    Net: n753

    max_fanout             4.00
  - Fanout                 5.00
  ------------------------------
    Slack                 -1.00  (VIOLATED)


    Net: n755

    max_fanout             4.00
  - Fanout                 5.00
  ------------------------------
    Slack                 -1.00  (VIOLATED)


    Net: n756

    max_fanout             4.00
  - Fanout                 5.00
  ------------------------------
    Slack                 -1.00  (VIOLATED)


    Net: n757

    max_fanout             4.00
  - Fanout                 5.00
  ------------------------------
    Slack                 -1.00  (VIOLATED)


    Net: n758

    max_fanout             4.00
  - Fanout                 5.00
  ------------------------------
    Slack                 -1.00  (VIOLATED)


    Net: n759

    max_fanout             4.00
  - Fanout                 5.00
  ------------------------------
    Slack                 -1.00  (VIOLATED)


    Net: n760

    max_fanout             4.00
  - Fanout                 5.00
  ------------------------------
    Slack                 -1.00  (VIOLATED)


    Net: n761

    max_fanout             4.00
  - Fanout                 5.00
  ------------------------------
    Slack                 -1.00  (VIOLATED)


    Net: n762

    max_fanout             4.00
  - Fanout                 5.00
  ------------------------------
    Slack                 -1.00  (VIOLATED)


    Net: n765

    max_fanout             4.00
  - Fanout                 5.00
  ------------------------------
    Slack                 -1.00  (VIOLATED)


    Net: n766

    max_fanout             4.00
  - Fanout                 5.00
  ------------------------------
    Slack                 -1.00  (VIOLATED)


    Net: n768

    max_fanout             4.00
  - Fanout                 5.00
  ------------------------------
    Slack                 -1.00  (VIOLATED)


    Net: n769

    max_fanout             4.00
  - Fanout                 5.00
  ------------------------------
    Slack                 -1.00  (VIOLATED)


    Net: n770

    max_fanout             4.00
  - Fanout                 5.00
  ------------------------------
    Slack                 -1.00  (VIOLATED)


    Net: n772

    max_fanout             4.00
  - Fanout                 5.00
  ------------------------------
    Slack                 -1.00  (VIOLATED)


    Net: n773

    max_fanout             4.00
  - Fanout                 5.00
  ------------------------------
    Slack                 -1.00  (VIOLATED)


    Net: n774

    max_fanout             4.00
  - Fanout                 5.00
  ------------------------------
    Slack                 -1.00  (VIOLATED)


    Net: n775

    max_fanout             4.00
  - Fanout                 5.00
  ------------------------------
    Slack                 -1.00  (VIOLATED)


    Net: n777

    max_fanout             4.00
  - Fanout                 5.00
  ------------------------------
    Slack                 -1.00  (VIOLATED)


    Net: n778

    max_fanout             4.00
  - Fanout                 5.00
  ------------------------------
    Slack                 -1.00  (VIOLATED)


    Net: n782

    max_fanout             4.00
  - Fanout                 5.00
  ------------------------------
    Slack                 -1.00  (VIOLATED)


    Net: n786

    max_fanout             4.00
  - Fanout                 5.00
  ------------------------------
    Slack                 -1.00  (VIOLATED)


    Net: n788

    max_fanout             4.00
  - Fanout                 5.00
  ------------------------------
    Slack                 -1.00  (VIOLATED)


    Net: n790

    max_fanout             4.00
  - Fanout                 5.00
  ------------------------------
    Slack                 -1.00  (VIOLATED)


    Net: n794

    max_fanout             4.00
  - Fanout                 5.00
  ------------------------------
    Slack                 -1.00  (VIOLATED)


    Net: n800

    max_fanout             4.00
  - Fanout                 5.00
  ------------------------------
    Slack                 -1.00  (VIOLATED)


    Net: n805

    max_fanout             4.00
  - Fanout                 5.00
  ------------------------------
    Slack                 -1.00  (VIOLATED)


    Net: n808

    max_fanout             4.00
  - Fanout                 5.00
  ------------------------------
    Slack                 -1.00  (VIOLATED)


    Net: n813

    max_fanout             4.00
  - Fanout                 5.00
  ------------------------------
    Slack                 -1.00  (VIOLATED)


    Net: n816

    max_fanout             4.00
  - Fanout                 5.00
  ------------------------------
    Slack                 -1.00  (VIOLATED)


    Net: n820

    max_fanout             4.00
  - Fanout                 5.00
  ------------------------------
    Slack                 -1.00  (VIOLATED)


    Net: n821

    max_fanout             4.00
  - Fanout                 5.00
  ------------------------------
    Slack                 -1.00  (VIOLATED)


    Net: n822

    max_fanout             4.00
  - Fanout                 5.00
  ------------------------------
    Slack                 -1.00  (VIOLATED)


    Net: n824

    max_fanout             4.00
  - Fanout                 5.00
  ------------------------------
    Slack                 -1.00  (VIOLATED)


    Net: n825

    max_fanout             4.00
  - Fanout                 5.00
  ------------------------------
    Slack                 -1.00  (VIOLATED)


    Net: n826

    max_fanout             4.00
  - Fanout                 5.00
  ------------------------------
    Slack                 -1.00  (VIOLATED)


    Net: n828

    max_fanout             4.00
  - Fanout                 5.00
  ------------------------------
    Slack                 -1.00  (VIOLATED)


    Net: n829

    max_fanout             4.00
  - Fanout                 5.00
  ------------------------------
    Slack                 -1.00  (VIOLATED)


    Net: n830

    max_fanout             4.00
  - Fanout                 5.00
  ------------------------------
    Slack                 -1.00  (VIOLATED)


    Net: n832

    max_fanout             4.00
  - Fanout                 5.00
  ------------------------------
    Slack                 -1.00  (VIOLATED)


    Net: n833

    max_fanout             4.00
  - Fanout                 5.00
  ------------------------------
    Slack                 -1.00  (VIOLATED)


    Net: n834

    max_fanout             4.00
  - Fanout                 5.00
  ------------------------------
    Slack                 -1.00  (VIOLATED)


    Net: n836

    max_fanout             4.00
  - Fanout                 5.00
  ------------------------------
    Slack                 -1.00  (VIOLATED)


    Net: n837

    max_fanout             4.00
  - Fanout                 5.00
  ------------------------------
    Slack                 -1.00  (VIOLATED)


    Net: n838

    max_fanout             4.00
  - Fanout                 5.00
  ------------------------------
    Slack                 -1.00  (VIOLATED)


    Net: n840

    max_fanout             4.00
  - Fanout                 5.00
  ------------------------------
    Slack                 -1.00  (VIOLATED)


    Net: n844

    max_fanout             4.00
  - Fanout                 5.00
  ------------------------------
    Slack                 -1.00  (VIOLATED)


    Net: n845

    max_fanout             4.00
  - Fanout                 5.00
  ------------------------------
    Slack                 -1.00  (VIOLATED)


    Net: n888

    max_fanout             4.00
  - Fanout                 5.00
  ------------------------------
    Slack                 -1.00  (VIOLATED)


    Net: n976

    max_fanout             4.00
  - Fanout                 5.00
  ------------------------------
    Slack                 -1.00  (VIOLATED)


    Net: n980

    max_fanout             4.00
  - Fanout                 5.00
  ------------------------------
    Slack                 -1.00  (VIOLATED)


    Net: n981

    max_fanout             4.00
  - Fanout                 5.00
  ------------------------------
    Slack                 -1.00  (VIOLATED)


    Net: n984

    max_fanout             4.00
  - Fanout                 5.00
  ------------------------------
    Slack                 -1.00  (VIOLATED)


    Net: n985

    max_fanout             4.00
  - Fanout                 5.00
  ------------------------------
    Slack                 -1.00  (VIOLATED)


    Net: n989

    max_fanout             4.00
  - Fanout                 5.00
  ------------------------------
    Slack                 -1.00  (VIOLATED)


    Net: n993

    max_fanout             4.00
  - Fanout                 5.00
  ------------------------------
    Slack                 -1.00  (VIOLATED)


    Net: n996

    max_fanout             4.00
  - Fanout                 5.00
  ------------------------------
    Slack                 -1.00  (VIOLATED)


    Net: n997

    max_fanout             4.00
  - Fanout                 5.00
  ------------------------------
    Slack                 -1.00  (VIOLATED)


    Net: n1001

    max_fanout             4.00
  - Fanout                 5.00
  ------------------------------
    Slack                 -1.00  (VIOLATED)


    Net: n1004

    max_fanout             4.00
  - Fanout                 5.00
  ------------------------------
    Slack                 -1.00  (VIOLATED)


    Net: n1005

    max_fanout             4.00
  - Fanout                 5.00
  ------------------------------
    Slack                 -1.00  (VIOLATED)


    Net: n1009

    max_fanout             4.00
  - Fanout                 5.00
  ------------------------------
    Slack                 -1.00  (VIOLATED)


    Net: n1012

    max_fanout             4.00
  - Fanout                 5.00
  ------------------------------
    Slack                 -1.00  (VIOLATED)


    Net: n1013

    max_fanout             4.00
  - Fanout                 5.00
  ------------------------------
    Slack                 -1.00  (VIOLATED)


    Net: n1014

    max_fanout             4.00
  - Fanout                 5.00
  ------------------------------
    Slack                 -1.00  (VIOLATED)


    Net: n1016

    max_fanout             4.00
  - Fanout                 5.00
  ------------------------------
    Slack                 -1.00  (VIOLATED)


    Net: n1017

    max_fanout             4.00
  - Fanout                 5.00
  ------------------------------
    Slack                 -1.00  (VIOLATED)


    Net: n1018

    max_fanout             4.00
  - Fanout                 5.00
  ------------------------------
    Slack                 -1.00  (VIOLATED)


    Net: n1020

    max_fanout             4.00
  - Fanout                 5.00
  ------------------------------
    Slack                 -1.00  (VIOLATED)


    Net: n1021

    max_fanout             4.00
  - Fanout                 5.00
  ------------------------------
    Slack                 -1.00  (VIOLATED)


    Net: n1022

    max_fanout             4.00
  - Fanout                 5.00
  ------------------------------
    Slack                 -1.00  (VIOLATED)


    Net: n1023

    max_fanout             4.00
  - Fanout                 5.00
  ------------------------------
    Slack                 -1.00  (VIOLATED)


    Net: n1024

    max_fanout             4.00
  - Fanout                 5.00
  ------------------------------
    Slack                 -1.00  (VIOLATED)


    Net: n1025

    max_fanout             4.00
  - Fanout                 5.00
  ------------------------------
    Slack                 -1.00  (VIOLATED)


    Net: n1026

    max_fanout             4.00
  - Fanout                 5.00
  ------------------------------
    Slack                 -1.00  (VIOLATED)


    Net: n1027

    max_fanout             4.00
  - Fanout                 5.00
  ------------------------------
    Slack                 -1.00  (VIOLATED)


    Net: n1028

    max_fanout             4.00
  - Fanout                 5.00
  ------------------------------
    Slack                 -1.00  (VIOLATED)


    Net: n1029

    max_fanout             4.00
  - Fanout                 5.00
  ------------------------------
    Slack                 -1.00  (VIOLATED)


    Net: n1030

    max_fanout             4.00
  - Fanout                 5.00
  ------------------------------
    Slack                 -1.00  (VIOLATED)


    Net: n1031

    max_fanout             4.00
  - Fanout                 5.00
  ------------------------------
    Slack                 -1.00  (VIOLATED)


    Net: n1032

    max_fanout             4.00
  - Fanout                 5.00
  ------------------------------
    Slack                 -1.00  (VIOLATED)


    Net: n1033

    max_fanout             4.00
  - Fanout                 5.00
  ------------------------------
    Slack                 -1.00  (VIOLATED)


    Net: n1034

    max_fanout             4.00
  - Fanout                 5.00
  ------------------------------
    Slack                 -1.00  (VIOLATED)


    Net: n1035

    max_fanout             4.00
  - Fanout                 5.00
  ------------------------------
    Slack                 -1.00  (VIOLATED)


    Net: n1036

    max_fanout             4.00
  - Fanout                 5.00
  ------------------------------
    Slack                 -1.00  (VIOLATED)


    Net: n1038

    max_fanout             4.00
  - Fanout                 5.00
  ------------------------------
    Slack                 -1.00  (VIOLATED)


    Net: n1039

    max_fanout             4.00
  - Fanout                 5.00
  ------------------------------
    Slack                 -1.00  (VIOLATED)


    Net: n1041

    max_fanout             4.00
  - Fanout                 5.00
  ------------------------------
    Slack                 -1.00  (VIOLATED)


    Net: n1042

    max_fanout             4.00
  - Fanout                 5.00
  ------------------------------
    Slack                 -1.00  (VIOLATED)


    Net: n1043

    max_fanout             4.00
  - Fanout                 5.00
  ------------------------------
    Slack                 -1.00  (VIOLATED)


    Net: n1045

    max_fanout             4.00
  - Fanout                 5.00
  ------------------------------
    Slack                 -1.00  (VIOLATED)


    Net: n1046

    max_fanout             4.00
  - Fanout                 5.00
  ------------------------------
    Slack                 -1.00  (VIOLATED)


    Net: n1047

    max_fanout             4.00
  - Fanout                 5.00
  ------------------------------
    Slack                 -1.00  (VIOLATED)


    Net: n1049

    max_fanout             4.00
  - Fanout                 5.00
  ------------------------------
    Slack                 -1.00  (VIOLATED)


    Net: n1050

    max_fanout             4.00
  - Fanout                 5.00
  ------------------------------
    Slack                 -1.00  (VIOLATED)


    Net: n1051

    max_fanout             4.00
  - Fanout                 5.00
  ------------------------------
    Slack                 -1.00  (VIOLATED)


    Net: n1054

    max_fanout             4.00
  - Fanout                 5.00
  ------------------------------
    Slack                 -1.00  (VIOLATED)


    Net: n1055

    max_fanout             4.00
  - Fanout                 5.00
  ------------------------------
    Slack                 -1.00  (VIOLATED)


    Net: n1056

    max_fanout             4.00
  - Fanout                 5.00
  ------------------------------
    Slack                 -1.00  (VIOLATED)


    Net: n1058

    max_fanout             4.00
  - Fanout                 5.00
  ------------------------------
    Slack                 -1.00  (VIOLATED)


    Net: n1059

    max_fanout             4.00
  - Fanout                 5.00
  ------------------------------
    Slack                 -1.00  (VIOLATED)


    Net: n1060

    max_fanout             4.00
  - Fanout                 5.00
  ------------------------------
    Slack                 -1.00  (VIOLATED)


    Net: n1062

    max_fanout             4.00
  - Fanout                 5.00
  ------------------------------
    Slack                 -1.00  (VIOLATED)


    Net: n1063

    max_fanout             4.00
  - Fanout                 5.00
  ------------------------------
    Slack                 -1.00  (VIOLATED)


    Net: n1064

    max_fanout             4.00
  - Fanout                 5.00
  ------------------------------
    Slack                 -1.00  (VIOLATED)


    Net: n1067

    max_fanout             4.00
  - Fanout                 5.00
  ------------------------------
    Slack                 -1.00  (VIOLATED)


    Net: n1068

    max_fanout             4.00
  - Fanout                 5.00
  ------------------------------
    Slack                 -1.00  (VIOLATED)


    Net: n1072

    max_fanout             4.00
  - Fanout                 5.00
  ------------------------------
    Slack                 -1.00  (VIOLATED)


    Net: n1077

    max_fanout             4.00
  - Fanout                 5.00
  ------------------------------
    Slack                 -1.00  (VIOLATED)


    Net: n1081

    max_fanout             4.00
  - Fanout                 5.00
  ------------------------------
    Slack                 -1.00  (VIOLATED)


    Net: n1085

    max_fanout             4.00
  - Fanout                 5.00
  ------------------------------
    Slack                 -1.00  (VIOLATED)


    Net: n1089

    max_fanout             4.00
  - Fanout                 5.00
  ------------------------------
    Slack                 -1.00  (VIOLATED)


    Net: n1093

    max_fanout             4.00
  - Fanout                 5.00
  ------------------------------
    Slack                 -1.00  (VIOLATED)


    Net: n1095

    max_fanout             4.00
  - Fanout                 5.00
  ------------------------------
    Slack                 -1.00  (VIOLATED)


    Net: n1097

    max_fanout             4.00
  - Fanout                 5.00
  ------------------------------
    Slack                 -1.00  (VIOLATED)


    Net: n1105

    max_fanout             4.00
  - Fanout                 5.00
  ------------------------------
    Slack                 -1.00  (VIOLATED)


    Net: n1114

    max_fanout             4.00
  - Fanout                 5.00
  ------------------------------
    Slack                 -1.00  (VIOLATED)


    Net: n1115

    max_fanout             4.00
  - Fanout                 5.00
  ------------------------------
    Slack                 -1.00  (VIOLATED)


    Net: n1118

    max_fanout             4.00
  - Fanout                 5.00
  ------------------------------
    Slack                 -1.00  (VIOLATED)


    Net: n1119

    max_fanout             4.00
  - Fanout                 5.00
  ------------------------------
    Slack                 -1.00  (VIOLATED)


    Net: n1123

    max_fanout             4.00
  - Fanout                 5.00
  ------------------------------
    Slack                 -1.00  (VIOLATED)


    Net: n1125

    max_fanout             4.00
  - Fanout                 5.00
  ------------------------------
    Slack                 -1.00  (VIOLATED)


    Net: n1126

    max_fanout             4.00
  - Fanout                 5.00
  ------------------------------
    Slack                 -1.00  (VIOLATED)


    Net: n1127

    max_fanout             4.00
  - Fanout                 5.00
  ------------------------------
    Slack                 -1.00  (VIOLATED)


    Net: n1130

    max_fanout             4.00
  - Fanout                 5.00
  ------------------------------
    Slack                 -1.00  (VIOLATED)


    Net: n1131

    max_fanout             4.00
  - Fanout                 5.00
  ------------------------------
    Slack                 -1.00  (VIOLATED)


    Net: n1134

    max_fanout             4.00
  - Fanout                 5.00
  ------------------------------
    Slack                 -1.00  (VIOLATED)


    Net: n1135

    max_fanout             4.00
  - Fanout                 5.00
  ------------------------------
    Slack                 -1.00  (VIOLATED)


    Net: n1138

    max_fanout             4.00
  - Fanout                 5.00
  ------------------------------
    Slack                 -1.00  (VIOLATED)


    Net: n1139

    max_fanout             4.00
  - Fanout                 5.00
  ------------------------------
    Slack                 -1.00  (VIOLATED)


    Net: n1142

    max_fanout             4.00
  - Fanout                 5.00
  ------------------------------
    Slack                 -1.00  (VIOLATED)


    Net: n1143

    max_fanout             4.00
  - Fanout                 5.00
  ------------------------------
    Slack                 -1.00  (VIOLATED)


    Net: n1146

    max_fanout             4.00
  - Fanout                 5.00
  ------------------------------
    Slack                 -1.00  (VIOLATED)


    Net: n1147

    max_fanout             4.00
  - Fanout                 5.00
  ------------------------------
    Slack                 -1.00  (VIOLATED)


    Net: n1150

    max_fanout             4.00
  - Fanout                 5.00
  ------------------------------
    Slack                 -1.00  (VIOLATED)


    Net: n1152

    max_fanout             4.00
  - Fanout                 5.00
  ------------------------------
    Slack                 -1.00  (VIOLATED)


    Net: n1154

    max_fanout             4.00
  - Fanout                 5.00
  ------------------------------
    Slack                 -1.00  (VIOLATED)


    Net: n1155

    max_fanout             4.00
  - Fanout                 5.00
  ------------------------------
    Slack                 -1.00  (VIOLATED)


    Net: n1158

    max_fanout             4.00
  - Fanout                 5.00
  ------------------------------
    Slack                 -1.00  (VIOLATED)


    Net: n1159

    max_fanout             4.00
  - Fanout                 5.00
  ------------------------------
    Slack                 -1.00  (VIOLATED)


    Net: n1160

    max_fanout             4.00
  - Fanout                 5.00
  ------------------------------
    Slack                 -1.00  (VIOLATED)


    Net: n1161

    max_fanout             4.00
  - Fanout                 5.00
  ------------------------------
    Slack                 -1.00  (VIOLATED)


    Net: n1162

    max_fanout             4.00
  - Fanout                 5.00
  ------------------------------
    Slack                 -1.00  (VIOLATED)


    Net: n1163

    max_fanout             4.00
  - Fanout                 5.00
  ------------------------------
    Slack                 -1.00  (VIOLATED)


    Net: n1164

    max_fanout             4.00
  - Fanout                 5.00
  ------------------------------
    Slack                 -1.00  (VIOLATED)


    Net: n1165

    max_fanout             4.00
  - Fanout                 5.00
  ------------------------------
    Slack                 -1.00  (VIOLATED)


    Net: n1166

    max_fanout             4.00
  - Fanout                 5.00
  ------------------------------
    Slack                 -1.00  (VIOLATED)


    Net: n1167

    max_fanout             4.00
  - Fanout                 5.00
  ------------------------------
    Slack                 -1.00  (VIOLATED)


    Net: n1168

    max_fanout             4.00
  - Fanout                 5.00
  ------------------------------
    Slack                 -1.00  (VIOLATED)


    Net: n1169

    max_fanout             4.00
  - Fanout                 5.00
  ------------------------------
    Slack                 -1.00  (VIOLATED)


    Net: n1170

    max_fanout             4.00
  - Fanout                 5.00
  ------------------------------
    Slack                 -1.00  (VIOLATED)


    Net: n1171

    max_fanout             4.00
  - Fanout                 5.00
  ------------------------------
    Slack                 -1.00  (VIOLATED)


    Net: n1172

    max_fanout             4.00
  - Fanout                 5.00
  ------------------------------
    Slack                 -1.00  (VIOLATED)


    Net: n1173

    max_fanout             4.00
  - Fanout                 5.00
  ------------------------------
    Slack                 -1.00  (VIOLATED)


    Net: n1174

    max_fanout             4.00
  - Fanout                 5.00
  ------------------------------
    Slack                 -1.00  (VIOLATED)


    Net: n1175

    max_fanout             4.00
  - Fanout                 5.00
  ------------------------------
    Slack                 -1.00  (VIOLATED)


    Net: n1176

    max_fanout             4.00
  - Fanout                 5.00
  ------------------------------
    Slack                 -1.00  (VIOLATED)


    Net: n1177

    max_fanout             4.00
  - Fanout                 5.00
  ------------------------------
    Slack                 -1.00  (VIOLATED)


    Net: n1178

    max_fanout             4.00
  - Fanout                 5.00
  ------------------------------
    Slack                 -1.00  (VIOLATED)


    Net: n1179

    max_fanout             4.00
  - Fanout                 5.00
  ------------------------------
    Slack                 -1.00  (VIOLATED)


    Net: n1180

    max_fanout             4.00
  - Fanout                 5.00
  ------------------------------
    Slack                 -1.00  (VIOLATED)


    Net: n1181

    max_fanout             4.00
  - Fanout                 5.00
  ------------------------------
    Slack                 -1.00  (VIOLATED)


    Net: n1182

    max_fanout             4.00
  - Fanout                 5.00
  ------------------------------
    Slack                 -1.00  (VIOLATED)


    Net: n1183

    max_fanout             4.00
  - Fanout                 5.00
  ------------------------------
    Slack                 -1.00  (VIOLATED)


    Net: n1184

    max_fanout             4.00
  - Fanout                 5.00
  ------------------------------
    Slack                 -1.00  (VIOLATED)


    Net: n1185

    max_fanout             4.00
  - Fanout                 5.00
  ------------------------------
    Slack                 -1.00  (VIOLATED)


    Net: n1186

    max_fanout             4.00
  - Fanout                 5.00
  ------------------------------
    Slack                 -1.00  (VIOLATED)


    Net: n1187

    max_fanout             4.00
  - Fanout                 5.00
  ------------------------------
    Slack                 -1.00  (VIOLATED)


    Net: n1188

    max_fanout             4.00
  - Fanout                 5.00
  ------------------------------
    Slack                 -1.00  (VIOLATED)


    Net: n1189

    max_fanout             4.00
  - Fanout                 5.00
  ------------------------------
    Slack                 -1.00  (VIOLATED)


    Net: n1190

    max_fanout             4.00
  - Fanout                 5.00
  ------------------------------
    Slack                 -1.00  (VIOLATED)


    Net: n1191

    max_fanout             4.00
  - Fanout                 5.00
  ------------------------------
    Slack                 -1.00  (VIOLATED)


    Net: n1192

    max_fanout             4.00
  - Fanout                 5.00
  ------------------------------
    Slack                 -1.00  (VIOLATED)


    Net: n1193

    max_fanout             4.00
  - Fanout                 5.00
  ------------------------------
    Slack                 -1.00  (VIOLATED)


    Net: n1194

    max_fanout             4.00
  - Fanout                 5.00
  ------------------------------
    Slack                 -1.00  (VIOLATED)


    Net: n1195

    max_fanout             4.00
  - Fanout                 5.00
  ------------------------------
    Slack                 -1.00  (VIOLATED)


    Net: n1196

    max_fanout             4.00
  - Fanout                 5.00
  ------------------------------
    Slack                 -1.00  (VIOLATED)


    Net: n1197

    max_fanout             4.00
  - Fanout                 5.00
  ------------------------------
    Slack                 -1.00  (VIOLATED)


    Net: n1198

    max_fanout             4.00
  - Fanout                 5.00
  ------------------------------
    Slack                 -1.00  (VIOLATED)


    Net: n1199

    max_fanout             4.00
  - Fanout                 5.00
  ------------------------------
    Slack                 -1.00  (VIOLATED)


    Net: n1200

    max_fanout             4.00
  - Fanout                 5.00
  ------------------------------
    Slack                 -1.00  (VIOLATED)


    Net: n1201

    max_fanout             4.00
  - Fanout                 5.00
  ------------------------------
    Slack                 -1.00  (VIOLATED)


    Net: n1202

    max_fanout             4.00
  - Fanout                 5.00
  ------------------------------
    Slack                 -1.00  (VIOLATED)


    Net: n1203

    max_fanout             4.00
  - Fanout                 5.00
  ------------------------------
    Slack                 -1.00  (VIOLATED)


    Net: n1450

    max_fanout             4.00
  - Fanout                 5.00
  ------------------------------
    Slack                 -1.00  (VIOLATED)


    Net: n1476

    max_fanout             4.00
  - Fanout                 5.00
  ------------------------------
    Slack                 -1.00  (VIOLATED)


    Net: n1502

    max_fanout             4.00
  - Fanout                 5.00
  ------------------------------
    Slack                 -1.00  (VIOLATED)


    Net: n1511

    max_fanout             4.00
  - Fanout                 5.00
  ------------------------------
    Slack                 -1.00  (VIOLATED)


    Net: n1540

    max_fanout             4.00
  - Fanout                 5.00
  ------------------------------
    Slack                 -1.00  (VIOLATED)


    Net: n1556

    max_fanout             4.00
  - Fanout                 5.00
  ------------------------------
    Slack                 -1.00  (VIOLATED)


    Net: n1560

    max_fanout             4.00
  - Fanout                 5.00
  ------------------------------
    Slack                 -1.00  (VIOLATED)


    Net: n1580

    max_fanout             4.00
  - Fanout                 5.00
  ------------------------------
    Slack                 -1.00  (VIOLATED)


    Net: n1583

    max_fanout             4.00
  - Fanout                 5.00
  ------------------------------
    Slack                 -1.00  (VIOLATED)


    Net: n1602

    max_fanout             4.00
  - Fanout                 5.00
  ------------------------------
    Slack                 -1.00  (VIOLATED)


    Net: n1612

    max_fanout             4.00
  - Fanout                 5.00
  ------------------------------
    Slack                 -1.00  (VIOLATED)


    Net: n1613

    max_fanout             4.00
  - Fanout                 5.00
  ------------------------------
    Slack                 -1.00  (VIOLATED)


    Net: n1845

    max_fanout             4.00
  - Fanout                 5.00
  ------------------------------
    Slack                 -1.00  (VIOLATED)


    Net: n1955

    max_fanout             4.00
  - Fanout                 5.00
  ------------------------------
    Slack                 -1.00  (VIOLATED)


    Net: n2284

    max_fanout             4.00
  - Fanout                 5.00
  ------------------------------
    Slack                 -1.00  (VIOLATED)


    Net: n2598

    max_fanout             4.00
  - Fanout                 5.00
  ------------------------------
    Slack                 -1.00  (VIOLATED)


    Net: n2627

    max_fanout             4.00
  - Fanout                 5.00
  ------------------------------
    Slack                 -1.00  (VIOLATED)


    Net: n2695

    max_fanout             4.00
  - Fanout                 5.00
  ------------------------------
    Slack                 -1.00  (VIOLATED)


    Net: n2789

    max_fanout             4.00
  - Fanout                 5.00
  ------------------------------
    Slack                 -1.00  (VIOLATED)


    Net: n2862

    max_fanout             4.00
  - Fanout                 5.00
  ------------------------------
    Slack                 -1.00  (VIOLATED)


    Net: n2937

    max_fanout             4.00
  - Fanout                 5.00
  ------------------------------
    Slack                 -1.00  (VIOLATED)


    Net: n3018

    max_fanout             4.00
  - Fanout                 5.00
  ------------------------------
    Slack                 -1.00  (VIOLATED)


    Net: n3101

    max_fanout             4.00
  - Fanout                 5.00
  ------------------------------
    Slack                 -1.00  (VIOLATED)


    Net: n3190

    max_fanout             4.00
  - Fanout                 5.00
  ------------------------------
    Slack                 -1.00  (VIOLATED)


    Net: n3284

    max_fanout             4.00
  - Fanout                 5.00
  ------------------------------
    Slack                 -1.00  (VIOLATED)


    Net: n3376

    max_fanout             4.00
  - Fanout                 5.00
  ------------------------------
    Slack                 -1.00  (VIOLATED)


    Net: n3899

    max_fanout             4.00
  - Fanout                 5.00
  ------------------------------
    Slack                 -1.00  (VIOLATED)


    Net: n3959

    max_fanout             4.00
  - Fanout                 5.00
  ------------------------------
    Slack                 -1.00  (VIOLATED)


    Net: n4017

    max_fanout             4.00
  - Fanout                 5.00
  ------------------------------
    Slack                 -1.00  (VIOLATED)


    Net: n4137

    max_fanout             4.00
  - Fanout                 5.00
  ------------------------------
    Slack                 -1.00  (VIOLATED)


    Net: n4202

    max_fanout             4.00
  - Fanout                 5.00
  ------------------------------
    Slack                 -1.00  (VIOLATED)


    Net: n4221

    max_fanout             4.00
  - Fanout                 5.00
  ------------------------------
    Slack                 -1.00  (VIOLATED)


    Net: n4229

    max_fanout             4.00
  - Fanout                 5.00
  ------------------------------
    Slack                 -1.00  (VIOLATED)


    Net: n4235

    max_fanout             4.00
  - Fanout                 5.00
  ------------------------------
    Slack                 -1.00  (VIOLATED)


    Net: n4243

    max_fanout             4.00
  - Fanout                 5.00
  ------------------------------
    Slack                 -1.00  (VIOLATED)


    Net: n4508

    max_fanout             4.00
  - Fanout                 5.00
  ------------------------------
    Slack                 -1.00  (VIOLATED)


    Net: n4830

    max_fanout             4.00
  - Fanout                 5.00
  ------------------------------
    Slack                 -1.00  (VIOLATED)


    Net: n4975

    max_fanout             4.00
  - Fanout                 5.00
  ------------------------------
    Slack                 -1.00  (VIOLATED)


    Net: n5247

    max_fanout             4.00
  - Fanout                 5.00
  ------------------------------
    Slack                 -1.00  (VIOLATED)


    Net: n5251

    max_fanout             4.00
  - Fanout                 5.00
  ------------------------------
    Slack                 -1.00  (VIOLATED)


    Net: n5394

    max_fanout             4.00
  - Fanout                 5.00
  ------------------------------
    Slack                 -1.00  (VIOLATED)


    Net: n5412

    max_fanout             4.00
  - Fanout                 5.00
  ------------------------------
    Slack                 -1.00  (VIOLATED)


    Net: n5603

    max_fanout             4.00
  - Fanout                 5.00
  ------------------------------
    Slack                 -1.00  (VIOLATED)


    Net: n5607

    max_fanout             4.00
  - Fanout                 5.00
  ------------------------------
    Slack                 -1.00  (VIOLATED)


    Net: n5677

    max_fanout             4.00
  - Fanout                 5.00
  ------------------------------
    Slack                 -1.00  (VIOLATED)


    Net: n5688

    max_fanout             4.00
  - Fanout                 5.00
  ------------------------------
    Slack                 -1.00  (VIOLATED)


    Net: n5691

    max_fanout             4.00
  - Fanout                 5.00
  ------------------------------
    Slack                 -1.00  (VIOLATED)


    Net: n5692

    max_fanout             4.00
  - Fanout                 5.00
  ------------------------------
    Slack                 -1.00  (VIOLATED)


    Net: n5705

    max_fanout             4.00
  - Fanout                 5.00
  ------------------------------
    Slack                 -1.00  (VIOLATED)


    Net: n5718

    max_fanout             4.00
  - Fanout                 5.00
  ------------------------------
    Slack                 -1.00  (VIOLATED)


    Net: n5719

    max_fanout             4.00
  - Fanout                 5.00
  ------------------------------
    Slack                 -1.00  (VIOLATED)


    Net: n5725

    max_fanout             4.00
  - Fanout                 5.00
  ------------------------------
    Slack                 -1.00  (VIOLATED)


    Net: n5727

    max_fanout             4.00
  - Fanout                 5.00
  ------------------------------
    Slack                 -1.00  (VIOLATED)


    Net: n5954

    max_fanout             4.00
  - Fanout                 5.00
  ------------------------------
    Slack                 -1.00  (VIOLATED)


    Net: n5973

    max_fanout             4.00
  - Fanout                 5.00
  ------------------------------
    Slack                 -1.00  (VIOLATED)


    Net: n6216

    max_fanout             4.00
  - Fanout                 5.00
  ------------------------------
    Slack                 -1.00  (VIOLATED)


    Net: n6286

    max_fanout             4.00
  - Fanout                 5.00
  ------------------------------
    Slack                 -1.00  (VIOLATED)


    Net: n6287

    max_fanout             4.00
  - Fanout                 5.00
  ------------------------------
    Slack                 -1.00  (VIOLATED)


    Net: n6563

    max_fanout             4.00
  - Fanout                 5.00
  ------------------------------
    Slack                 -1.00  (VIOLATED)


    Net: n6622

    max_fanout             4.00
  - Fanout                 5.00
  ------------------------------
    Slack                 -1.00  (VIOLATED)


    Net: n6644

    max_fanout             4.00
  - Fanout                 5.00
  ------------------------------
    Slack                 -1.00  (VIOLATED)


    Net: n6651

    max_fanout             4.00
  - Fanout                 5.00
  ------------------------------
    Slack                 -1.00  (VIOLATED)


    Net: n6665

    max_fanout             4.00
  - Fanout                 5.00
  ------------------------------
    Slack                 -1.00  (VIOLATED)


    Net: n6780

    max_fanout             4.00
  - Fanout                 5.00
  ------------------------------
    Slack                 -1.00  (VIOLATED)


    Net: n6849

    max_fanout             4.00
  - Fanout                 5.00
  ------------------------------
    Slack                 -1.00  (VIOLATED)


    Net: n6855

    max_fanout             4.00
  - Fanout                 5.00
  ------------------------------
    Slack                 -1.00  (VIOLATED)


    Net: n6893

    max_fanout             4.00
  - Fanout                 5.00
  ------------------------------
    Slack                 -1.00  (VIOLATED)


    Net: n6902

    max_fanout             4.00
  - Fanout                 5.00
  ------------------------------
    Slack                 -1.00  (VIOLATED)


    Net: n6922

    max_fanout             4.00
  - Fanout                 5.00
  ------------------------------
    Slack                 -1.00  (VIOLATED)


    Net: n7027

    max_fanout             4.00
  - Fanout                 5.00
  ------------------------------
    Slack                 -1.00  (VIOLATED)


    Net: n7029

    max_fanout             4.00
  - Fanout                 5.00
  ------------------------------
    Slack                 -1.00  (VIOLATED)


    Net: n7160

    max_fanout             4.00
  - Fanout                 5.00
  ------------------------------
    Slack                 -1.00  (VIOLATED)


    Net: n7172

    max_fanout             4.00
  - Fanout                 5.00
  ------------------------------
    Slack                 -1.00  (VIOLATED)


    Net: n7218

    max_fanout             4.00
  - Fanout                 5.00
  ------------------------------
    Slack                 -1.00  (VIOLATED)


    Net: x[12]

    max_fanout             4.00
  - Fanout                 5.00
  ------------------------------
    Slack                 -1.00  (VIOLATED)


    Net: x[19]

    max_fanout             4.00
  - Fanout                 5.00
  ------------------------------
    Slack                 -1.00  (VIOLATED)


    Net: x[21]

    max_fanout             4.00
  - Fanout                 5.00
  ------------------------------
    Slack                 -1.00  (VIOLATED)


    Design: exact_fp32_divmul_nopipe

    max_area               0.00
  - Current Area       22880.88
  ------------------------------
    Slack              -22880.88  (VIOLATED)


1
