****************************************
Report : timing
	-path_type full
	-delay_type max
	-input_pins
	-nets
	-slack_lesser_than 1000.00000
	-max_paths 3
	-transition_time
	-capacitance
	-sort_by slack
Design : oadm_fixed_l0_divmul_unshared
Version: U-2022.12-SP5
Date   : Sat Sep  5 23:01:44 2026
****************************************


  Startpoint: y[19] (input port clocked by vclk)
  Endpoint: result[22] (output port clocked by vclk)
  Path Group: vclk
  Path Type: max

  Point                       Fanout    Cap      Trans       Incr       Path
  -----------------------------------------------------------------------------
  clock vclk (rise edge)                       0.00000    0.00000    0.00000
  clock network delay (ideal)                             0.00000    0.00000
  input external delay                                    0.02000    0.02000 r
  y[19] (in)                                   0.02172    0.00773    0.02773 r
  y[19] (net)                    1  0.00137 
  implementation/fp_wrapper/U97/I (CKBD1)      0.02172    0.00000    0.02773 r
  implementation/fp_wrapper/U97/Z (CKBD1)      0.05666    0.04735    0.07508 r
  implementation/fp_wrapper/fraction_y[19] (net)
                                 4  0.00885 
  implementation/div_plane/mult_44_U7/A (HA1D0)
                                               0.05666    0.00000    0.07508 r
  implementation/div_plane/mult_44_U7/S (HA1D0)
                                               0.02208    0.06184    0.13692 f
  implementation/div_plane/y_product_4_ (net)
                                 1  0.00122 
  implementation/div_plane/U19/I (INVD1)       0.02208    0.00000    0.13692 f
  implementation/div_plane/U19/ZN (INVD1)      0.02279    0.01939    0.15631 r
  implementation/div_plane/n5 (net)
                                 1  0.00259 
  implementation/div_plane/U18/B (FA1D0)       0.02279    0.00000    0.15631 r
  implementation/div_plane/U18/CO (FA1D0)      0.02652    0.07881    0.23512 r
  implementation/div_plane/sub_0_root_sub_58_carry[19] (net)
                                 1  0.00135 
  implementation/div_plane/U16/CI (FA1D0)      0.02652    0.00000    0.23512 r
  implementation/div_plane/U16/CO (FA1D0)      0.02647    0.05070    0.28582 r
  implementation/div_plane/sub_0_root_sub_58_carry[20] (net)
                                 1  0.00135 
  implementation/div_plane/U14/CI (FA1D0)      0.02647    0.00000    0.28582 r
  implementation/div_plane/U14/CO (FA1D0)      0.02647    0.05069    0.33651 r
  implementation/div_plane/sub_0_root_sub_58_carry[21] (net)
                                 1  0.00135 
  implementation/div_plane/U10/CI (FA1D0)      0.02647    0.00000    0.33651 r
  implementation/div_plane/U10/CO (FA1D0)      0.02647    0.05068    0.38719 r
  implementation/div_plane/sub_0_root_sub_58_carry[22] (net)
                                 1  0.00135 
  implementation/div_plane/U7/CI (FA1D0)       0.02647    0.00000    0.38719 r
  implementation/div_plane/U7/CO (FA1D0)       0.02647    0.05068    0.43788 r
  implementation/div_plane/sub_0_root_sub_58_carry[23] (net)
                                 1  0.00135 
  implementation/div_plane/U9/CI (FA1D0)       0.02647    0.00000    0.43788 r
  implementation/div_plane/U9/CO (FA1D0)       0.02778    0.05157    0.48945 r
  implementation/div_plane/sub_0_root_sub_58_carry[24] (net)
                                 1  0.00148 
  implementation/div_plane/U6/A3 (XOR3D1)      0.02778    0.00000    0.48945 r
  implementation/div_plane/U6/Z (XOR3D1)       0.02748    0.07401    0.56346 f
  implementation/div_plane/plane_exact[24] (net)
                                 3  0.00282 
  implementation/mult_82/U35/I (INVD1)         0.02748    0.00000    0.56346 f
  implementation/mult_82/U35/ZN (INVD1)        0.03435    0.02722    0.59068 r
  implementation/mult_82/n64 (net)
                                 2  0.00452 
  implementation/mult_82/U20/B (FA1D0)         0.03435    0.00000    0.59068 r
  implementation/mult_82/U20/S (FA1D0)         0.02531    0.09816    0.68884 f
  implementation/mult_82/n18 (net)
                                 1  0.00136 
  implementation/mult_82/U9/A (FA1D0)          0.02531    0.00000    0.68884 f
  implementation/mult_82/U9/CO (FA1D0)         0.02511    0.10128    0.79012 f
  implementation/mult_82/n6 (net)
                                 1  0.00125 
  implementation/mult_82/U8/CI (FA1D0)         0.02511    0.00000    0.79012 f
  implementation/mult_82/U8/CO (FA1D0)         0.02511    0.05524    0.84536 f
  implementation/mult_82/n5 (net)
                                 1  0.00125 
  implementation/mult_82/U7/CI (FA1D0)         0.02511    0.00000    0.84536 f
  implementation/mult_82/U7/CO (FA1D0)         0.02511    0.05524    0.90061 f
  implementation/mult_82/n4 (net)
                                 1  0.00125 
  implementation/mult_82/U6/CI (FA1D0)         0.02511    0.00000    0.90061 f
  implementation/mult_82/U6/CO (FA1D0)         0.03271    0.06291    0.96352 f
  implementation/mult_82/n3 (net)
                                 2  0.00257 
  implementation/mult_82/U46/A1 (NR2D0)        0.03271    0.00000    0.96352 f
  implementation/mult_82/U46/ZN (NR2D0)        0.07571    0.05379    1.01731 r
  implementation/mult_82/n72 (net)
                                 2  0.00270 
  implementation/mult_82/U44/A1 (CKND2D0)      0.07571    0.00000    1.01731 r
  implementation/mult_82/U44/ZN (CKND2D0)      0.04302    0.03593    1.05324 f
  implementation/mult_82/n71 (net)
                                 1  0.00181 
  implementation/mult_82/U43/A1 (XNR2D0)       0.04302    0.00000    1.05324 f
  implementation/mult_82/U43/ZN (XNR2D0)       0.02388    0.04778    1.10102 f
  implementation/mult_82/product[12] (net)
                                 1  0.00113 
  implementation/U35/A1 (AOI22D1)              0.02388    0.00000    1.10102 f
  implementation/U35/ZN (AOI22D1)              0.09094    0.05128    1.15230 r
  implementation/n31 (net)       4  0.00440 
  implementation/U6/B1 (IND3D1)                0.09094    0.00000    1.15230 r
  implementation/U6/ZN (IND3D1)                0.14728    0.10645    1.25875 f
  implementation/n18 (net)      13  0.01389 
  implementation/U11/B1 (OA22D0)               0.14728    0.00000    1.25875 f
  implementation/U11/Z (OA22D0)                0.02930    0.08977    1.34853 f
  implementation/n32 (net)       1  0.00085 
  implementation/U10/C (OAI221D0)              0.02930    0.00000    1.34853 f
  implementation/U10/ZN (OAI221D0)             0.09546    0.03803    1.38656 r
  implementation/normalized_fraction[22] (net)
                                 1  0.00137 
  implementation/fp_wrapper/U101/I (CKBD1)     0.09546    0.00000    1.38656 r
  implementation/fp_wrapper/U101/Z (CKBD1)     0.03019    0.04266    1.42922 r
  implementation/fp_wrapper/result[22] (net)
                                 1  0.00400 
  result[22] (out)                             0.03019    0.00000    1.42922 r
  result[22] (net)               1 
  data arrival time                                                  1.42922

  clock vclk (rise edge)                       0.00000   10.00000   10.00000
  clock network delay (ideal)                             0.00000   10.00000
  clock reconvergence pessimism                           0.00000   10.00000
  output external delay                                  -0.02000    9.98000
  data required time                                                 9.98000
  -----------------------------------------------------------------------------
  data required time                                                 9.98000
  data arrival time                                                 -1.42922
  -----------------------------------------------------------------------------
  slack (MET)                                                        8.55078


  Startpoint: y[19] (input port clocked by vclk)
  Endpoint: result[21] (output port clocked by vclk)
  Path Group: vclk
  Path Type: max

  Point                       Fanout    Cap      Trans       Incr       Path
  -----------------------------------------------------------------------------
  clock vclk (rise edge)                       0.00000    0.00000    0.00000
  clock network delay (ideal)                             0.00000    0.00000
  input external delay                                    0.02000    0.02000 r
  y[19] (in)                                   0.02172    0.00773    0.02773 r
  y[19] (net)                    1  0.00137 
  implementation/fp_wrapper/U97/I (CKBD1)      0.02172    0.00000    0.02773 r
  implementation/fp_wrapper/U97/Z (CKBD1)      0.05666    0.04735    0.07508 r
  implementation/fp_wrapper/fraction_y[19] (net)
                                 4  0.00885 
  implementation/div_plane/mult_44_U7/A (HA1D0)
                                               0.05666    0.00000    0.07508 r
  implementation/div_plane/mult_44_U7/S (HA1D0)
                                               0.02208    0.06184    0.13692 f
  implementation/div_plane/y_product_4_ (net)
                                 1  0.00122 
  implementation/div_plane/U19/I (INVD1)       0.02208    0.00000    0.13692 f
  implementation/div_plane/U19/ZN (INVD1)      0.02279    0.01939    0.15631 r
  implementation/div_plane/n5 (net)
                                 1  0.00259 
  implementation/div_plane/U18/B (FA1D0)       0.02279    0.00000    0.15631 r
  implementation/div_plane/U18/CO (FA1D0)      0.02652    0.07881    0.23512 r
  implementation/div_plane/sub_0_root_sub_58_carry[19] (net)
                                 1  0.00135 
  implementation/div_plane/U16/CI (FA1D0)      0.02652    0.00000    0.23512 r
  implementation/div_plane/U16/CO (FA1D0)      0.02647    0.05070    0.28582 r
  implementation/div_plane/sub_0_root_sub_58_carry[20] (net)
                                 1  0.00135 
  implementation/div_plane/U14/CI (FA1D0)      0.02647    0.00000    0.28582 r
  implementation/div_plane/U14/CO (FA1D0)      0.02647    0.05069    0.33651 r
  implementation/div_plane/sub_0_root_sub_58_carry[21] (net)
                                 1  0.00135 
  implementation/div_plane/U10/CI (FA1D0)      0.02647    0.00000    0.33651 r
  implementation/div_plane/U10/CO (FA1D0)      0.02647    0.05068    0.38719 r
  implementation/div_plane/sub_0_root_sub_58_carry[22] (net)
                                 1  0.00135 
  implementation/div_plane/U7/CI (FA1D0)       0.02647    0.00000    0.38719 r
  implementation/div_plane/U7/CO (FA1D0)       0.02647    0.05068    0.43788 r
  implementation/div_plane/sub_0_root_sub_58_carry[23] (net)
                                 1  0.00135 
  implementation/div_plane/U9/CI (FA1D0)       0.02647    0.00000    0.43788 r
  implementation/div_plane/U9/CO (FA1D0)       0.02778    0.05157    0.48945 r
  implementation/div_plane/sub_0_root_sub_58_carry[24] (net)
                                 1  0.00148 
  implementation/div_plane/U6/A3 (XOR3D1)      0.02778    0.00000    0.48945 r
  implementation/div_plane/U6/Z (XOR3D1)       0.02748    0.07401    0.56346 f
  implementation/div_plane/plane_exact[24] (net)
                                 3  0.00282 
  implementation/mult_82/U35/I (INVD1)         0.02748    0.00000    0.56346 f
  implementation/mult_82/U35/ZN (INVD1)        0.03435    0.02722    0.59068 r
  implementation/mult_82/n64 (net)
                                 2  0.00452 
  implementation/mult_82/U20/B (FA1D0)         0.03435    0.00000    0.59068 r
  implementation/mult_82/U20/S (FA1D0)         0.02531    0.09816    0.68884 f
  implementation/mult_82/n18 (net)
                                 1  0.00136 
  implementation/mult_82/U9/A (FA1D0)          0.02531    0.00000    0.68884 f
  implementation/mult_82/U9/CO (FA1D0)         0.02511    0.10128    0.79012 f
  implementation/mult_82/n6 (net)
                                 1  0.00125 
  implementation/mult_82/U8/CI (FA1D0)         0.02511    0.00000    0.79012 f
  implementation/mult_82/U8/CO (FA1D0)         0.02511    0.05524    0.84536 f
  implementation/mult_82/n5 (net)
                                 1  0.00125 
  implementation/mult_82/U7/CI (FA1D0)         0.02511    0.00000    0.84536 f
  implementation/mult_82/U7/CO (FA1D0)         0.02511    0.05524    0.90061 f
  implementation/mult_82/n4 (net)
                                 1  0.00125 
  implementation/mult_82/U6/CI (FA1D0)         0.02511    0.00000    0.90061 f
  implementation/mult_82/U6/CO (FA1D0)         0.03271    0.06291    0.96352 f
  implementation/mult_82/n3 (net)
                                 2  0.00257 
  implementation/mult_82/U46/A1 (NR2D0)        0.03271    0.00000    0.96352 f
  implementation/mult_82/U46/ZN (NR2D0)        0.07571    0.05379    1.01731 r
  implementation/mult_82/n72 (net)
                                 2  0.00270 
  implementation/mult_82/U44/A1 (CKND2D0)      0.07571    0.00000    1.01731 r
  implementation/mult_82/U44/ZN (CKND2D0)      0.04302    0.03593    1.05324 f
  implementation/mult_82/n71 (net)
                                 1  0.00181 
  implementation/mult_82/U43/A1 (XNR2D0)       0.04302    0.00000    1.05324 f
  implementation/mult_82/U43/ZN (XNR2D0)       0.02388    0.04778    1.10102 f
  implementation/mult_82/product[12] (net)
                                 1  0.00113 
  implementation/U35/A1 (AOI22D1)              0.02388    0.00000    1.10102 f
  implementation/U35/ZN (AOI22D1)              0.09094    0.05128    1.15230 r
  implementation/n31 (net)       4  0.00440 
  implementation/U6/B1 (IND3D1)                0.09094    0.00000    1.15230 r
  implementation/U6/ZN (IND3D1)                0.14728    0.10645    1.25875 f
  implementation/n18 (net)      13  0.01389 
  implementation/U13/B1 (OA22D0)               0.14728    0.00000    1.25875 f
  implementation/U13/Z (OA22D0)                0.02930    0.08977    1.34853 f
  implementation/n35 (net)       1  0.00085 
  implementation/U12/C (OAI221D0)              0.02930    0.00000    1.34853 f
  implementation/U12/ZN (OAI221D0)             0.09546    0.03803    1.38656 r
  implementation/normalized_fraction[21] (net)
                                 1  0.00137 
  implementation/fp_wrapper/U102/I (CKBD1)     0.09546    0.00000    1.38656 r
  implementation/fp_wrapper/U102/Z (CKBD1)     0.03019    0.04266    1.42922 r
  implementation/fp_wrapper/result[21] (net)
                                 1  0.00400 
  result[21] (out)                             0.03019    0.00000    1.42922 r
  result[21] (net)               1 
  data arrival time                                                  1.42922

  clock vclk (rise edge)                       0.00000   10.00000   10.00000
  clock network delay (ideal)                             0.00000   10.00000
  clock reconvergence pessimism                           0.00000   10.00000
  output external delay                                  -0.02000    9.98000
  data required time                                                 9.98000
  -----------------------------------------------------------------------------
  data required time                                                 9.98000
  data arrival time                                                 -1.42922
  -----------------------------------------------------------------------------
  slack (MET)                                                        8.55078


  Startpoint: y[19] (input port clocked by vclk)
  Endpoint: result[20] (output port clocked by vclk)
  Path Group: vclk
  Path Type: max

  Point                       Fanout    Cap      Trans       Incr       Path
  -----------------------------------------------------------------------------
  clock vclk (rise edge)                       0.00000    0.00000    0.00000
  clock network delay (ideal)                             0.00000    0.00000
  input external delay                                    0.02000    0.02000 r
  y[19] (in)                                   0.02172    0.00773    0.02773 r
  y[19] (net)                    1  0.00137 
  implementation/fp_wrapper/U97/I (CKBD1)      0.02172    0.00000    0.02773 r
  implementation/fp_wrapper/U97/Z (CKBD1)      0.05666    0.04735    0.07508 r
  implementation/fp_wrapper/fraction_y[19] (net)
                                 4  0.00885 
  implementation/div_plane/mult_44_U7/A (HA1D0)
                                               0.05666    0.00000    0.07508 r
  implementation/div_plane/mult_44_U7/S (HA1D0)
                                               0.02208    0.06184    0.13692 f
  implementation/div_plane/y_product_4_ (net)
                                 1  0.00122 
  implementation/div_plane/U19/I (INVD1)       0.02208    0.00000    0.13692 f
  implementation/div_plane/U19/ZN (INVD1)      0.02279    0.01939    0.15631 r
  implementation/div_plane/n5 (net)
                                 1  0.00259 
  implementation/div_plane/U18/B (FA1D0)       0.02279    0.00000    0.15631 r
  implementation/div_plane/U18/CO (FA1D0)      0.02652    0.07881    0.23512 r
  implementation/div_plane/sub_0_root_sub_58_carry[19] (net)
                                 1  0.00135 
  implementation/div_plane/U16/CI (FA1D0)      0.02652    0.00000    0.23512 r
  implementation/div_plane/U16/CO (FA1D0)      0.02647    0.05070    0.28582 r
  implementation/div_plane/sub_0_root_sub_58_carry[20] (net)
                                 1  0.00135 
  implementation/div_plane/U14/CI (FA1D0)      0.02647    0.00000    0.28582 r
  implementation/div_plane/U14/CO (FA1D0)      0.02647    0.05069    0.33651 r
  implementation/div_plane/sub_0_root_sub_58_carry[21] (net)
                                 1  0.00135 
  implementation/div_plane/U10/CI (FA1D0)      0.02647    0.00000    0.33651 r
  implementation/div_plane/U10/CO (FA1D0)      0.02647    0.05068    0.38719 r
  implementation/div_plane/sub_0_root_sub_58_carry[22] (net)
                                 1  0.00135 
  implementation/div_plane/U7/CI (FA1D0)       0.02647    0.00000    0.38719 r
  implementation/div_plane/U7/CO (FA1D0)       0.02647    0.05068    0.43788 r
  implementation/div_plane/sub_0_root_sub_58_carry[23] (net)
                                 1  0.00135 
  implementation/div_plane/U9/CI (FA1D0)       0.02647    0.00000    0.43788 r
  implementation/div_plane/U9/CO (FA1D0)       0.02778    0.05157    0.48945 r
  implementation/div_plane/sub_0_root_sub_58_carry[24] (net)
                                 1  0.00148 
  implementation/div_plane/U6/A3 (XOR3D1)      0.02778    0.00000    0.48945 r
  implementation/div_plane/U6/Z (XOR3D1)       0.02748    0.07401    0.56346 f
  implementation/div_plane/plane_exact[24] (net)
                                 3  0.00282 
  implementation/mult_82/U35/I (INVD1)         0.02748    0.00000    0.56346 f
  implementation/mult_82/U35/ZN (INVD1)        0.03435    0.02722    0.59068 r
  implementation/mult_82/n64 (net)
                                 2  0.00452 
  implementation/mult_82/U20/B (FA1D0)         0.03435    0.00000    0.59068 r
  implementation/mult_82/U20/S (FA1D0)         0.02531    0.09816    0.68884 f
  implementation/mult_82/n18 (net)
                                 1  0.00136 
  implementation/mult_82/U9/A (FA1D0)          0.02531    0.00000    0.68884 f
  implementation/mult_82/U9/CO (FA1D0)         0.02511    0.10128    0.79012 f
  implementation/mult_82/n6 (net)
                                 1  0.00125 
  implementation/mult_82/U8/CI (FA1D0)         0.02511    0.00000    0.79012 f
  implementation/mult_82/U8/CO (FA1D0)         0.02511    0.05524    0.84536 f
  implementation/mult_82/n5 (net)
                                 1  0.00125 
  implementation/mult_82/U7/CI (FA1D0)         0.02511    0.00000    0.84536 f
  implementation/mult_82/U7/CO (FA1D0)         0.02511    0.05524    0.90061 f
  implementation/mult_82/n4 (net)
                                 1  0.00125 
  implementation/mult_82/U6/CI (FA1D0)         0.02511    0.00000    0.90061 f
  implementation/mult_82/U6/CO (FA1D0)         0.03271    0.06291    0.96352 f
  implementation/mult_82/n3 (net)
                                 2  0.00257 
  implementation/mult_82/U46/A1 (NR2D0)        0.03271    0.00000    0.96352 f
  implementation/mult_82/U46/ZN (NR2D0)        0.07571    0.05379    1.01731 r
  implementation/mult_82/n72 (net)
                                 2  0.00270 
  implementation/mult_82/U44/A1 (CKND2D0)      0.07571    0.00000    1.01731 r
  implementation/mult_82/U44/ZN (CKND2D0)      0.04302    0.03593    1.05324 f
  implementation/mult_82/n71 (net)
                                 1  0.00181 
  implementation/mult_82/U43/A1 (XNR2D0)       0.04302    0.00000    1.05324 f
  implementation/mult_82/U43/ZN (XNR2D0)       0.02388    0.04778    1.10102 f
  implementation/mult_82/product[12] (net)
                                 1  0.00113 
  implementation/U35/A1 (AOI22D1)              0.02388    0.00000    1.10102 f
  implementation/U35/ZN (AOI22D1)              0.09094    0.05128    1.15230 r
  implementation/n31 (net)       4  0.00440 
  implementation/U6/B1 (IND3D1)                0.09094    0.00000    1.15230 r
  implementation/U6/ZN (IND3D1)                0.14728    0.10645    1.25875 f
  implementation/n18 (net)      13  0.01389 
  implementation/U27/B1 (OA22D0)               0.14728    0.00000    1.25875 f
  implementation/U27/Z (OA22D0)                0.02930    0.08977    1.34853 f
  implementation/n37 (net)       1  0.00085 
  implementation/U26/C (OAI221D0)              0.02930    0.00000    1.34853 f
  implementation/U26/ZN (OAI221D0)             0.09546    0.03803    1.38656 r
  implementation/normalized_fraction[20] (net)
                                 1  0.00137 
  implementation/fp_wrapper/U103/I (CKBD1)     0.09546    0.00000    1.38656 r
  implementation/fp_wrapper/U103/Z (CKBD1)     0.03019    0.04266    1.42922 r
  implementation/fp_wrapper/result[20] (net)
                                 1  0.00400 
  result[20] (out)                             0.03019    0.00000    1.42922 r
  result[20] (net)               1 
  data arrival time                                                  1.42922

  clock vclk (rise edge)                       0.00000   10.00000   10.00000
  clock network delay (ideal)                             0.00000   10.00000
  clock reconvergence pessimism                           0.00000   10.00000
  output external delay                                  -0.02000    9.98000
  data required time                                                 9.98000
  -----------------------------------------------------------------------------
  data required time                                                 9.98000
  data arrival time                                                 -1.42922
  -----------------------------------------------------------------------------
  slack (MET)                                                        8.55078


1
