****************************************
Report : qor
Design : oadm_fixed_l3_divmul_root_opt_binary
Version: U-2022.12-SP5
Date   : Sun Sep  6 00:20:20 2026
****************************************

  Timing Path Group 'vclk' (max_delay/setup)
  ---------------------------------------------
  Levels of Logic:                           47
  Critical Path Length:                    3.58
  Critical Path Slack:                     6.40
  Total Negative Slack:                    0.00
  No. of Violating Paths:                     0
  ---------------------------------------------

  Timing Path Group 'vclk' (min_delay/hold)
  ---------------------------------------------
  Levels of Logic:                            1
  Critical Path Length:                    0.07
  Critical Path Slack:                     0.09
  Total Negative Slack:                    0.00
  No. of Violating Paths:                     0
  ---------------------------------------------

  Area
  ---------------------------------------------
  Net Interconnect area:                   0.00
  Total cell area:                      2730.95
  Design Area:                          2730.95
  Area Cost:                           -2730.95
  ---------------------------------------------


  Cell & Pin Count
  ---------------------------------------------
  Pin Count:                               2625
  Hierarchical Cell Count:                    8
  Hierarchical Port Count:                  455
  Leaf Cell Count:                          716
  ---------------------------------------------


  Design Rule Violations
  ---------------------------------------------
  Total No. of Pins in Design:             2625
  max_capacitance Count:                      1
  max_capacitance Cost:                    0.00
  Total DRC Cost:                          0.00
  ---------------------------------------------

1
