****************************************
Report : qor
Design : oadm_l0_centered_index_div_paceio_opt
Version: U-2022.12-SP5
Date   : Wed Sep  2 16:06:19 2026
****************************************

  Timing Path Group 'vclk' (max_delay/setup)
  ---------------------------------------------
  Levels of Logic:                           51
  Critical Path Length:                    3.15
  Critical Path Slack:                     6.83
  Total Negative Slack:                    0.00
  No. of Violating Paths:                     0
  ---------------------------------------------

  Timing Path Group 'vclk' (min_delay/hold)
  ---------------------------------------------
  Levels of Logic:                            1
  Critical Path Length:                    0.08
  Critical Path Slack:                     0.10
  Total Negative Slack:                    0.00
  No. of Violating Paths:                     0
  ---------------------------------------------

  Area
  ---------------------------------------------
  Net Interconnect area:                   0.00
  Total cell area:                      1287.72
  Design Area:                          1287.72
  Area Cost:                           -1287.72
  ---------------------------------------------


  Cell & Pin Count
  ---------------------------------------------
  Pin Count:                               1179
  Hierarchical Cell Count:                    0
  Hierarchical Port Count:                    0
  Leaf Cell Count:                          304
  ---------------------------------------------


  Design Rule Violations
  ---------------------------------------------
  Total No. of Pins in Design:             1179
  max_capacitance Count:                      2
  max_capacitance Cost:                    0.00
  Total DRC Cost:                          0.00
  ---------------------------------------------

1
