****************************************
Report : reference
Design : input_l2_mask_b8
Version: U-2022.12-SP5
Date   : Sat Sep  5 15:10:30 2026
****************************************


Attributes:
    b - black-box (unknown)
    h - hierarchical
    n - noncombinational
    u - contains unmapped logic
    A - abstracted timing model
    E - extracted timing model
    S - Stamp timing model
    Q - Quick timing model (QTM)

Reference          Library       Unit Area   Count    Total Area   Attributes
--------------------------------------------------------------------------------
oadm_input_trial_8_0_2_16_16_8_cb_88_61_49
                                 1484.64     1        1484.64      h
--------------------------------------------------------------------------------
Total 1 references                                    1484.64
1
