 
****************************************
Report : timing
        -path full
        -delay max
        -max_paths 1
Design : oad_div_l3
Version: U-2022.12-SP7
Date   : Sun Aug  9 14:44:26 2026
****************************************

Operating Conditions: NCCOM   Library: tcbn65gplustc_ccs
Wire Load Model Mode: segmented

  Startpoint: impl/divider/mantissa_core/y_index_s4_reg[1]
              (rising edge-triggered flip-flop clocked by clk)
  Endpoint: impl/divider/mantissa_core/division_scale/product_stage_reg[36]
            (rising edge-triggered flip-flop clocked by clk)
  Path Group: clk
  Path Type: max

  Des/Clust/Port     Wire Load Model       Library
  ------------------------------------------------
  recip_scale_fixed_APPROX_LEVEL3_VALUE_WIDTH29 ZeroWireload tcbn65gplustc_ccs
  oadm_core_fixed_APPROX_LEVEL3 ZeroWireload tcbn65gplustc_ccs
  oadm_dm_fixed_APPROX_LEVEL3 ZeroWireload tcbn65gplustc_ccs
  oad_div_l3         ZeroWireload          tcbn65gplustc_ccs
  oad_div_fixed_APPROX_LEVEL3 ZeroWireload tcbn65gplustc_ccs

  Point                                                                                                            Incr       Path
  -----------------------------------------------------------------------------------------------------------------------------------
  clock clk (rise edge)                                                                                            0.00       0.00
  clock network delay (ideal)                                                                                      0.00       0.00
  impl/divider/mantissa_core/y_index_s4_reg[1]/CP (DFD1)                                                           0.00       0.00 r
  impl/divider/mantissa_core/y_index_s4_reg[1]/Q (DFD1)                                                            0.10       0.10 f
  impl/divider/mantissa_core/division_scale/y_fraction_msb[1] (recip_scale_fixed_APPROX_LEVEL3_VALUE_WIDTH29)      0.00       0.10 f
  impl/divider/mantissa_core/division_scale/U535/ZN (NR2D1)                                                        0.03       0.13 r
  impl/divider/mantissa_core/division_scale/U386/ZN (ND2D1)                                                        0.03       0.17 f
  impl/divider/mantissa_core/division_scale/U385/ZN (INVD1)                                                        0.02       0.19 r
  impl/divider/mantissa_core/division_scale/U340/ZN (NR2D1)                                                        0.01       0.20 f
  impl/divider/mantissa_core/division_scale/U500/ZN (INVD1)                                                        0.02       0.22 r
  impl/divider/mantissa_core/division_scale/U501/ZN (INVD1)                                                        0.02       0.24 f
  impl/divider/mantissa_core/division_scale/U549/ZN (ND2D1)                                                        0.03       0.27 r
  impl/divider/mantissa_core/division_scale/U550/Z (BUFFD2)                                                        0.03       0.30 r
  impl/divider/mantissa_core/division_scale/U551/Z (BUFFD2)                                                        0.03       0.33 r
  impl/divider/mantissa_core/division_scale/U562/ZN (ND2D1)                                                        0.02       0.35 f
  impl/divider/mantissa_core/division_scale/U563/ZN (ND2D1)                                                        0.02       0.37 r
  impl/divider/mantissa_core/division_scale/U416/Z (CKXOR2D1)                                                      0.05       0.42 f
  impl/divider/mantissa_core/division_scale/U417/ZN (INVD1)                                                        0.03       0.44 r
  impl/divider/mantissa_core/division_scale/U712/ZN (OAI21D1)                                                      0.02       0.47 f
  impl/divider/mantissa_core/division_scale/U713/Z (CKXOR2D1)                                                      0.06       0.52 r
  impl/divider/mantissa_core/division_scale/U200/S (FA1D1)                                                         0.06       0.59 r
  impl/divider/mantissa_core/division_scale/DP_OP_33_153_1564/U294/CO (CMPE42D1)                                   0.17       0.76 f
  impl/divider/mantissa_core/division_scale/U23/ZN (NR2D0)                                                         0.06       0.82 r
  impl/divider/mantissa_core/division_scale/U690/ZN (OAI21D1)                                                      0.02       0.84 f
  impl/divider/mantissa_core/division_scale/U691/ZN (AOI21D1)                                                      0.04       0.88 r
  impl/divider/mantissa_core/division_scale/U692/ZN (OAI21D1)                                                      0.03       0.91 f
  impl/divider/mantissa_core/division_scale/U693/ZN (AOI21D1)                                                      0.04       0.95 r
  impl/divider/mantissa_core/division_scale/U697/ZN (OAI21D1)                                                      0.03       0.97 f
  impl/divider/mantissa_core/division_scale/U144/ZN (AOI21D1)                                                      0.04       1.01 r
  impl/divider/mantissa_core/division_scale/U698/ZN (OAI21D1)                                                      0.03       1.04 f
  impl/divider/mantissa_core/division_scale/U699/ZN (AOI21D1)                                                      0.04       1.08 r
  impl/divider/mantissa_core/division_scale/U700/ZN (OAI21D1)                                                      0.03       1.11 f
  impl/divider/mantissa_core/division_scale/U131/ZN (IOA21D1)                                                      0.04       1.16 f
  impl/divider/mantissa_core/division_scale/U717/CO (FA1D0)                                                        0.06       1.22 f
  impl/divider/mantissa_core/division_scale/U706/CO (FA1D2)                                                        0.05       1.27 f
  impl/divider/mantissa_core/division_scale/U78/ZN (INVD1)                                                         0.02       1.28 r
  impl/divider/mantissa_core/division_scale/U708/ZN (OAI21D1)                                                      0.02       1.30 f
  impl/divider/mantissa_core/division_scale/U129/CO (FA1D1)                                                        0.04       1.34 f
  impl/divider/mantissa_core/division_scale/U761/CO (FA1D0)                                                        0.06       1.41 f
  impl/divider/mantissa_core/division_scale/U128/CO (FA1D1)                                                        0.04       1.45 f
  impl/divider/mantissa_core/division_scale/U127/Z (CKXOR2D1)                                                      0.04       1.49 r
  impl/divider/mantissa_core/division_scale/product_stage_reg[36]/D (DFQD1)                                        0.00       1.49 r
  data arrival time                                                                                                           1.49

  clock clk (rise edge)                                                                                            1.50       1.50
  clock network delay (ideal)                                                                                      0.00       1.50
  impl/divider/mantissa_core/division_scale/product_stage_reg[36]/CP (DFQD1)                                       0.00       1.50 r
  library setup time                                                                                               0.00       1.50
  data required time                                                                                                          1.50
  -----------------------------------------------------------------------------------------------------------------------------------
  data required time                                                                                                          1.50
  data arrival time                                                                                                          -1.49
  -----------------------------------------------------------------------------------------------------------------------------------
  slack (MET)                                                                                                                 0.00


1
