 
****************************************
Report : timing
        -path full
        -delay max
        -nworst 10
        -max_paths 10
Design : fig8_pace_l2_d17
Version: U-2022.12-SP7
Date   : Sat Sep  5 13:01:43 2026
****************************************

Operating Conditions: NCCOM   Library: tcbn65gplustc_ccs
Wire Load Model Mode: segmented

  Startpoint: x[17] (input port clocked by vclk)
  Endpoint: result[30] (output port clocked by vclk)
  Path Group: vclk
  Path Type: max

  Des/Clust/Port     Wire Load Model       Library
  ------------------------------------------------
  fp32_normal_finite_wrapper ZeroWireload  tcbn65gplustc_ccs
  fig8_pace_l2_d17   ZeroWireload          tcbn65gplustc_ccs
  FP_DIV_WRAPPER_32_width_trunc17 ZeroWireload tcbn65gplustc_ccs
  Mantissa_Div_L2_MANTISSA_WIDTH6_DW01_sub_1_DW01_sub_2 ZeroWireload tcbn65gplustc_ccs
  Mantissa_Div_L2_MANTISSA_WIDTH6 ZeroWireload tcbn65gplustc_ccs
  CSA3_2_Array_WIDTH8_1 ZeroWireload       tcbn65gplustc_ccs
  Mantissa_Div_L2_MANTISSA_WIDTH6_DW01_add_0 ZeroWireload tcbn65gplustc_ccs

  Point                                                                     Incr       Path
  --------------------------------------------------------------------------------------------
  clock vclk (rise edge)                                                    0.00       0.00
  clock network delay (ideal)                                               0.00       0.00
  input external delay                                                      0.02       0.02 r
  x[17] (in)                                                                0.01       0.03 r
  shell/x[17] (FP_DIV_WRAPPER_32_width_trunc17)                             0.00       0.03 r
  shell/shared_wrapper/x[17] (fp32_normal_finite_wrapper)                   0.00       0.03 r
  shell/shared_wrapper/U92/Z (CKBD1)                                        0.03       0.06 r
  shell/shared_wrapper/fraction_x[17] (fp32_normal_finite_wrapper)          0.00       0.06 r
  shell/mantissa_x[0] (FP_DIV_WRAPPER_32_width_trunc17)                     0.00       0.06 r
  core/Mantissa_X[0] (Mantissa_Div_L2_MANTISSA_WIDTH6)                      0.00       0.06 r
  core/U44/ZN (INR2D0)                                                      0.05       0.11 r
  core/U45/Z (AN2D0)                                                        0.04       0.16 r
  core/U46/ZN (OAI22D0)                                                     0.04       0.19 f
  core/U47/ZN (NR2D0)                                                       0.03       0.23 r
  core/U48/ZN (MOAI22D0)                                                    0.03       0.26 f
  core/U19/CO (FA1D0)                                                       0.06       0.31 f
  core/U24/CO (FA1D0)                                                       0.06       0.37 f
  core/U27/S (FA1D0)                                                        0.06       0.43 f
  core/U21/Z (AO222D1)                                                      0.07       0.50 f
  core/Stage_2_1/In_3[2] (CSA3_2_Array_WIDTH8_1)                            0.00       0.50 f
  core/Stage_2_1/U6/Z (CKXOR2D1)                                            0.05       0.55 r
  core/Stage_2_1/S[2] (CSA3_2_Array_WIDTH8_1)                               0.00       0.55 r
  core/add_68/A[2] (Mantissa_Div_L2_MANTISSA_WIDTH6_DW01_add_0)             0.00       0.55 r
  core/add_68/U1_2/CO (FA1D0)                                               0.09       0.64 r
  core/add_68/U1_3/CO (FA1D0)                                               0.05       0.69 r
  core/add_68/U1_4/CO (FA1D0)                                               0.05       0.74 r
  core/add_68/U1_5/CO (FA1D0)                                               0.05       0.79 r
  core/add_68/U1_6/CO (FA1D0)                                               0.05       0.84 r
  core/add_68/U1_7/Z (XOR3D1)                                               0.08       0.92 f
  core/add_68/SUM[7] (Mantissa_Div_L2_MANTISSA_WIDTH6_DW01_add_0)           0.00       0.92 f
  core/Shift (Mantissa_Div_L2_MANTISSA_WIDTH6)                              0.00       0.92 f
  U2/ZN (INVD1)                                                             0.08       1.00 r
  shell/shift[0] (FP_DIV_WRAPPER_32_width_trunc17)                          0.00       1.00 r
  shell/shared_wrapper/exponent_adjust[1] (fp32_normal_finite_wrapper)      0.00       1.00 r
  shell/shared_wrapper/U39/CO (FA1D0)                                       0.10       1.10 r
  shell/shared_wrapper/U40/CO (FA1D0)                                       0.05       1.15 r
  shell/shared_wrapper/U41/CO (FA1D0)                                       0.05       1.20 r
  shell/shared_wrapper/U42/CO (FA1D0)                                       0.05       1.25 r
  shell/shared_wrapper/U43/CO (FA1D0)                                       0.05       1.31 r
  shell/shared_wrapper/U44/CO (FA1D0)                                       0.05       1.36 r
  shell/shared_wrapper/U53/Z (XOR3D1)                                       0.08       1.44 f
  shell/shared_wrapper/result[30] (fp32_normal_finite_wrapper)              0.00       1.44 f
  shell/out0[30] (FP_DIV_WRAPPER_32_width_trunc17)                          0.00       1.44 f
  result[30] (out)                                                          0.00       1.44 f
  data arrival time                                                                    1.44

  clock vclk (rise edge)                                                   10.00      10.00
  clock network delay (ideal)                                               0.00      10.00
  output external delay                                                    -0.02       9.98
  data required time                                                                   9.98
  --------------------------------------------------------------------------------------------
  data required time                                                                   9.98
  data arrival time                                                                   -1.44
  --------------------------------------------------------------------------------------------
  slack (MET)                                                                          8.54


  Startpoint: x[17] (input port clocked by vclk)
  Endpoint: result[30] (output port clocked by vclk)
  Path Group: vclk
  Path Type: max

  Des/Clust/Port     Wire Load Model       Library
  ------------------------------------------------
  fp32_normal_finite_wrapper ZeroWireload  tcbn65gplustc_ccs
  fig8_pace_l2_d17   ZeroWireload          tcbn65gplustc_ccs
  FP_DIV_WRAPPER_32_width_trunc17 ZeroWireload tcbn65gplustc_ccs
  Mantissa_Div_L2_MANTISSA_WIDTH6_DW01_sub_1_DW01_sub_2 ZeroWireload tcbn65gplustc_ccs
  Mantissa_Div_L2_MANTISSA_WIDTH6 ZeroWireload tcbn65gplustc_ccs
  CSA3_2_Array_WIDTH8_1 ZeroWireload       tcbn65gplustc_ccs
  Mantissa_Div_L2_MANTISSA_WIDTH6_DW01_add_0 ZeroWireload tcbn65gplustc_ccs

  Point                                                                     Incr       Path
  --------------------------------------------------------------------------------------------
  clock vclk (rise edge)                                                    0.00       0.00
  clock network delay (ideal)                                               0.00       0.00
  input external delay                                                      0.02       0.02 r
  x[17] (in)                                                                0.01       0.03 r
  shell/x[17] (FP_DIV_WRAPPER_32_width_trunc17)                             0.00       0.03 r
  shell/shared_wrapper/x[17] (fp32_normal_finite_wrapper)                   0.00       0.03 r
  shell/shared_wrapper/U92/Z (CKBD1)                                        0.03       0.06 r
  shell/shared_wrapper/fraction_x[17] (fp32_normal_finite_wrapper)          0.00       0.06 r
  shell/mantissa_x[0] (FP_DIV_WRAPPER_32_width_trunc17)                     0.00       0.06 r
  core/Mantissa_X[0] (Mantissa_Div_L2_MANTISSA_WIDTH6)                      0.00       0.06 r
  core/U44/ZN (INR2D0)                                                      0.05       0.11 r
  core/U45/Z (AN2D0)                                                        0.04       0.16 r
  core/U46/ZN (OAI22D0)                                                     0.04       0.19 f
  core/U47/ZN (NR2D0)                                                       0.03       0.23 r
  core/U48/ZN (MOAI22D0)                                                    0.03       0.26 f
  core/U19/CO (FA1D0)                                                       0.06       0.31 f
  core/U24/CO (FA1D0)                                                       0.06       0.37 f
  core/U27/S (FA1D0)                                                        0.06       0.43 f
  core/U21/Z (AO222D1)                                                      0.07       0.50 f
  core/Stage_2_1/In_3[2] (CSA3_2_Array_WIDTH8_1)                            0.00       0.50 f
  core/Stage_2_1/U6/Z (CKXOR2D1)                                            0.05       0.55 r
  core/Stage_2_1/S[2] (CSA3_2_Array_WIDTH8_1)                               0.00       0.55 r
  core/add_68/A[2] (Mantissa_Div_L2_MANTISSA_WIDTH6_DW01_add_0)             0.00       0.55 r
  core/add_68/U1_2/CO (FA1D0)                                               0.09       0.64 r
  core/add_68/U1_3/CO (FA1D0)                                               0.05       0.69 r
  core/add_68/U1_4/CO (FA1D0)                                               0.05       0.74 r
  core/add_68/U1_5/CO (FA1D0)                                               0.05       0.79 r
  core/add_68/U1_6/CO (FA1D0)                                               0.05       0.84 r
  core/add_68/U1_7/Z (XOR3D1)                                               0.08       0.92 f
  core/add_68/SUM[7] (Mantissa_Div_L2_MANTISSA_WIDTH6_DW01_add_0)           0.00       0.92 f
  core/Shift (Mantissa_Div_L2_MANTISSA_WIDTH6)                              0.00       0.92 f
  U2/ZN (INVD1)                                                             0.08       1.00 r
  shell/shift[0] (FP_DIV_WRAPPER_32_width_trunc17)                          0.00       1.00 r
  shell/shared_wrapper/exponent_adjust[1] (fp32_normal_finite_wrapper)      0.00       1.00 r
  shell/shared_wrapper/U39/CO (FA1D0)                                       0.10       1.10 r
  shell/shared_wrapper/U40/CO (FA1D0)                                       0.05       1.15 r
  shell/shared_wrapper/U41/CO (FA1D0)                                       0.05       1.20 r
  shell/shared_wrapper/U42/CO (FA1D0)                                       0.05       1.25 r
  shell/shared_wrapper/U43/CO (FA1D0)                                       0.05       1.31 r
  shell/shared_wrapper/U44/CO (FA1D0)                                       0.05       1.36 r
  shell/shared_wrapper/U53/Z (XOR3D1)                                       0.08       1.44 f
  shell/shared_wrapper/result[30] (fp32_normal_finite_wrapper)              0.00       1.44 f
  shell/out0[30] (FP_DIV_WRAPPER_32_width_trunc17)                          0.00       1.44 f
  result[30] (out)                                                          0.00       1.44 f
  data arrival time                                                                    1.44

  clock vclk (rise edge)                                                   10.00      10.00
  clock network delay (ideal)                                               0.00      10.00
  output external delay                                                    -0.02       9.98
  data required time                                                                   9.98
  --------------------------------------------------------------------------------------------
  data required time                                                                   9.98
  data arrival time                                                                   -1.44
  --------------------------------------------------------------------------------------------
  slack (MET)                                                                          8.54


  Startpoint: x[17] (input port clocked by vclk)
  Endpoint: result[30] (output port clocked by vclk)
  Path Group: vclk
  Path Type: max

  Des/Clust/Port     Wire Load Model       Library
  ------------------------------------------------
  fp32_normal_finite_wrapper ZeroWireload  tcbn65gplustc_ccs
  fig8_pace_l2_d17   ZeroWireload          tcbn65gplustc_ccs
  FP_DIV_WRAPPER_32_width_trunc17 ZeroWireload tcbn65gplustc_ccs
  Mantissa_Div_L2_MANTISSA_WIDTH6_DW01_sub_1_DW01_sub_2 ZeroWireload tcbn65gplustc_ccs
  Mantissa_Div_L2_MANTISSA_WIDTH6 ZeroWireload tcbn65gplustc_ccs
  CSA3_2_Array_WIDTH8_1 ZeroWireload       tcbn65gplustc_ccs
  Mantissa_Div_L2_MANTISSA_WIDTH6_DW01_add_0 ZeroWireload tcbn65gplustc_ccs

  Point                                                                     Incr       Path
  --------------------------------------------------------------------------------------------
  clock vclk (rise edge)                                                    0.00       0.00
  clock network delay (ideal)                                               0.00       0.00
  input external delay                                                      0.02       0.02 r
  x[17] (in)                                                                0.01       0.03 r
  shell/x[17] (FP_DIV_WRAPPER_32_width_trunc17)                             0.00       0.03 r
  shell/shared_wrapper/x[17] (fp32_normal_finite_wrapper)                   0.00       0.03 r
  shell/shared_wrapper/U92/Z (CKBD1)                                        0.03       0.06 r
  shell/shared_wrapper/fraction_x[17] (fp32_normal_finite_wrapper)          0.00       0.06 r
  shell/mantissa_x[0] (FP_DIV_WRAPPER_32_width_trunc17)                     0.00       0.06 r
  core/Mantissa_X[0] (Mantissa_Div_L2_MANTISSA_WIDTH6)                      0.00       0.06 r
  core/U44/ZN (INR2D0)                                                      0.05       0.11 r
  core/U45/Z (AN2D0)                                                        0.04       0.16 r
  core/U46/ZN (OAI22D0)                                                     0.04       0.19 f
  core/U47/ZN (NR2D0)                                                       0.03       0.23 r
  core/U48/ZN (MOAI22D0)                                                    0.03       0.26 f
  core/U19/CO (FA1D0)                                                       0.06       0.31 f
  core/U24/CO (FA1D0)                                                       0.06       0.37 f
  core/U27/S (FA1D0)                                                        0.06       0.43 f
  core/U21/Z (AO222D1)                                                      0.07       0.50 f
  core/Stage_2_1/In_3[2] (CSA3_2_Array_WIDTH8_1)                            0.00       0.50 f
  core/Stage_2_1/U6/Z (CKXOR2D1)                                            0.05       0.55 r
  core/Stage_2_1/S[2] (CSA3_2_Array_WIDTH8_1)                               0.00       0.55 r
  core/add_68/A[2] (Mantissa_Div_L2_MANTISSA_WIDTH6_DW01_add_0)             0.00       0.55 r
  core/add_68/U1_2/CO (FA1D0)                                               0.09       0.64 r
  core/add_68/U1_3/CO (FA1D0)                                               0.05       0.69 r
  core/add_68/U1_4/CO (FA1D0)                                               0.05       0.74 r
  core/add_68/U1_5/CO (FA1D0)                                               0.05       0.79 r
  core/add_68/U1_6/CO (FA1D0)                                               0.05       0.84 r
  core/add_68/U1_7/Z (XOR3D1)                                               0.08       0.92 f
  core/add_68/SUM[7] (Mantissa_Div_L2_MANTISSA_WIDTH6_DW01_add_0)           0.00       0.92 f
  core/Shift (Mantissa_Div_L2_MANTISSA_WIDTH6)                              0.00       0.92 f
  U2/ZN (INVD1)                                                             0.08       1.00 r
  shell/shift[0] (FP_DIV_WRAPPER_32_width_trunc17)                          0.00       1.00 r
  shell/shared_wrapper/exponent_adjust[1] (fp32_normal_finite_wrapper)      0.00       1.00 r
  shell/shared_wrapper/U39/CO (FA1D0)                                       0.10       1.10 r
  shell/shared_wrapper/U40/CO (FA1D0)                                       0.05       1.15 r
  shell/shared_wrapper/U41/CO (FA1D0)                                       0.05       1.20 r
  shell/shared_wrapper/U42/CO (FA1D0)                                       0.05       1.25 r
  shell/shared_wrapper/U43/CO (FA1D0)                                       0.05       1.31 r
  shell/shared_wrapper/U44/CO (FA1D0)                                       0.05       1.36 r
  shell/shared_wrapper/U53/Z (XOR3D1)                                       0.08       1.44 f
  shell/shared_wrapper/result[30] (fp32_normal_finite_wrapper)              0.00       1.44 f
  shell/out0[30] (FP_DIV_WRAPPER_32_width_trunc17)                          0.00       1.44 f
  result[30] (out)                                                          0.00       1.44 f
  data arrival time                                                                    1.44

  clock vclk (rise edge)                                                   10.00      10.00
  clock network delay (ideal)                                               0.00      10.00
  output external delay                                                    -0.02       9.98
  data required time                                                                   9.98
  --------------------------------------------------------------------------------------------
  data required time                                                                   9.98
  data arrival time                                                                   -1.44
  --------------------------------------------------------------------------------------------
  slack (MET)                                                                          8.54


  Startpoint: x[17] (input port clocked by vclk)
  Endpoint: result[30] (output port clocked by vclk)
  Path Group: vclk
  Path Type: max

  Des/Clust/Port     Wire Load Model       Library
  ------------------------------------------------
  fp32_normal_finite_wrapper ZeroWireload  tcbn65gplustc_ccs
  fig8_pace_l2_d17   ZeroWireload          tcbn65gplustc_ccs
  FP_DIV_WRAPPER_32_width_trunc17 ZeroWireload tcbn65gplustc_ccs
  Mantissa_Div_L2_MANTISSA_WIDTH6_DW01_sub_1_DW01_sub_2 ZeroWireload tcbn65gplustc_ccs
  Mantissa_Div_L2_MANTISSA_WIDTH6 ZeroWireload tcbn65gplustc_ccs
  CSA3_2_Array_WIDTH8_1 ZeroWireload       tcbn65gplustc_ccs
  Mantissa_Div_L2_MANTISSA_WIDTH6_DW01_add_0 ZeroWireload tcbn65gplustc_ccs

  Point                                                                     Incr       Path
  --------------------------------------------------------------------------------------------
  clock vclk (rise edge)                                                    0.00       0.00
  clock network delay (ideal)                                               0.00       0.00
  input external delay                                                      0.02       0.02 r
  x[17] (in)                                                                0.01       0.03 r
  shell/x[17] (FP_DIV_WRAPPER_32_width_trunc17)                             0.00       0.03 r
  shell/shared_wrapper/x[17] (fp32_normal_finite_wrapper)                   0.00       0.03 r
  shell/shared_wrapper/U92/Z (CKBD1)                                        0.03       0.06 r
  shell/shared_wrapper/fraction_x[17] (fp32_normal_finite_wrapper)          0.00       0.06 r
  shell/mantissa_x[0] (FP_DIV_WRAPPER_32_width_trunc17)                     0.00       0.06 r
  core/Mantissa_X[0] (Mantissa_Div_L2_MANTISSA_WIDTH6)                      0.00       0.06 r
  core/U44/ZN (INR2D0)                                                      0.05       0.11 r
  core/U45/Z (AN2D0)                                                        0.04       0.16 r
  core/U46/ZN (OAI22D0)                                                     0.04       0.19 f
  core/U47/ZN (NR2D0)                                                       0.03       0.23 r
  core/U48/ZN (MOAI22D0)                                                    0.03       0.26 f
  core/U19/CO (FA1D0)                                                       0.06       0.31 f
  core/U24/CO (FA1D0)                                                       0.06       0.37 f
  core/U27/S (FA1D0)                                                        0.06       0.43 f
  core/U21/Z (AO222D1)                                                      0.07       0.50 f
  core/Stage_2_1/In_3[2] (CSA3_2_Array_WIDTH8_1)                            0.00       0.50 f
  core/Stage_2_1/U6/Z (CKXOR2D1)                                            0.05       0.55 r
  core/Stage_2_1/S[2] (CSA3_2_Array_WIDTH8_1)                               0.00       0.55 r
  core/add_68/A[2] (Mantissa_Div_L2_MANTISSA_WIDTH6_DW01_add_0)             0.00       0.55 r
  core/add_68/U1_2/CO (FA1D0)                                               0.09       0.64 r
  core/add_68/U1_3/CO (FA1D0)                                               0.05       0.69 r
  core/add_68/U1_4/CO (FA1D0)                                               0.05       0.74 r
  core/add_68/U1_5/CO (FA1D0)                                               0.05       0.79 r
  core/add_68/U1_6/CO (FA1D0)                                               0.05       0.84 r
  core/add_68/U1_7/Z (XOR3D1)                                               0.08       0.92 f
  core/add_68/SUM[7] (Mantissa_Div_L2_MANTISSA_WIDTH6_DW01_add_0)           0.00       0.92 f
  core/Shift (Mantissa_Div_L2_MANTISSA_WIDTH6)                              0.00       0.92 f
  U2/ZN (INVD1)                                                             0.08       1.00 r
  shell/shift[0] (FP_DIV_WRAPPER_32_width_trunc17)                          0.00       1.00 r
  shell/shared_wrapper/exponent_adjust[1] (fp32_normal_finite_wrapper)      0.00       1.00 r
  shell/shared_wrapper/U39/CO (FA1D0)                                       0.10       1.10 r
  shell/shared_wrapper/U40/CO (FA1D0)                                       0.05       1.15 r
  shell/shared_wrapper/U41/CO (FA1D0)                                       0.05       1.20 r
  shell/shared_wrapper/U42/CO (FA1D0)                                       0.05       1.25 r
  shell/shared_wrapper/U43/CO (FA1D0)                                       0.05       1.31 r
  shell/shared_wrapper/U44/CO (FA1D0)                                       0.05       1.36 r
  shell/shared_wrapper/U53/Z (XOR3D1)                                       0.08       1.44 f
  shell/shared_wrapper/result[30] (fp32_normal_finite_wrapper)              0.00       1.44 f
  shell/out0[30] (FP_DIV_WRAPPER_32_width_trunc17)                          0.00       1.44 f
  result[30] (out)                                                          0.00       1.44 f
  data arrival time                                                                    1.44

  clock vclk (rise edge)                                                   10.00      10.00
  clock network delay (ideal)                                               0.00      10.00
  output external delay                                                    -0.02       9.98
  data required time                                                                   9.98
  --------------------------------------------------------------------------------------------
  data required time                                                                   9.98
  data arrival time                                                                   -1.44
  --------------------------------------------------------------------------------------------
  slack (MET)                                                                          8.54


  Startpoint: x[17] (input port clocked by vclk)
  Endpoint: result[30] (output port clocked by vclk)
  Path Group: vclk
  Path Type: max

  Des/Clust/Port     Wire Load Model       Library
  ------------------------------------------------
  fp32_normal_finite_wrapper ZeroWireload  tcbn65gplustc_ccs
  fig8_pace_l2_d17   ZeroWireload          tcbn65gplustc_ccs
  FP_DIV_WRAPPER_32_width_trunc17 ZeroWireload tcbn65gplustc_ccs
  Mantissa_Div_L2_MANTISSA_WIDTH6_DW01_sub_1_DW01_sub_2 ZeroWireload tcbn65gplustc_ccs
  Mantissa_Div_L2_MANTISSA_WIDTH6 ZeroWireload tcbn65gplustc_ccs
  CSA3_2_Array_WIDTH8_1 ZeroWireload       tcbn65gplustc_ccs
  Mantissa_Div_L2_MANTISSA_WIDTH6_DW01_add_0 ZeroWireload tcbn65gplustc_ccs

  Point                                                                     Incr       Path
  --------------------------------------------------------------------------------------------
  clock vclk (rise edge)                                                    0.00       0.00
  clock network delay (ideal)                                               0.00       0.00
  input external delay                                                      0.02       0.02 r
  x[17] (in)                                                                0.01       0.03 r
  shell/x[17] (FP_DIV_WRAPPER_32_width_trunc17)                             0.00       0.03 r
  shell/shared_wrapper/x[17] (fp32_normal_finite_wrapper)                   0.00       0.03 r
  shell/shared_wrapper/U92/Z (CKBD1)                                        0.03       0.06 r
  shell/shared_wrapper/fraction_x[17] (fp32_normal_finite_wrapper)          0.00       0.06 r
  shell/mantissa_x[0] (FP_DIV_WRAPPER_32_width_trunc17)                     0.00       0.06 r
  core/Mantissa_X[0] (Mantissa_Div_L2_MANTISSA_WIDTH6)                      0.00       0.06 r
  core/U44/ZN (INR2D0)                                                      0.05       0.11 r
  core/U45/Z (AN2D0)                                                        0.04       0.16 r
  core/U46/ZN (OAI22D0)                                                     0.04       0.19 f
  core/U47/ZN (NR2D0)                                                       0.03       0.23 r
  core/U48/ZN (MOAI22D0)                                                    0.03       0.26 f
  core/U19/CO (FA1D0)                                                       0.06       0.31 f
  core/U24/CO (FA1D0)                                                       0.06       0.37 f
  core/U27/S (FA1D0)                                                        0.06       0.43 f
  core/U21/Z (AO222D1)                                                      0.07       0.50 f
  core/Stage_2_1/In_3[2] (CSA3_2_Array_WIDTH8_1)                            0.00       0.50 f
  core/Stage_2_1/U6/Z (CKXOR2D1)                                            0.05       0.55 r
  core/Stage_2_1/S[2] (CSA3_2_Array_WIDTH8_1)                               0.00       0.55 r
  core/add_68/A[2] (Mantissa_Div_L2_MANTISSA_WIDTH6_DW01_add_0)             0.00       0.55 r
  core/add_68/U1_2/CO (FA1D0)                                               0.09       0.64 r
  core/add_68/U1_3/CO (FA1D0)                                               0.05       0.69 r
  core/add_68/U1_4/CO (FA1D0)                                               0.05       0.74 r
  core/add_68/U1_5/CO (FA1D0)                                               0.05       0.79 r
  core/add_68/U1_6/CO (FA1D0)                                               0.05       0.84 r
  core/add_68/U1_7/Z (XOR3D1)                                               0.08       0.92 f
  core/add_68/SUM[7] (Mantissa_Div_L2_MANTISSA_WIDTH6_DW01_add_0)           0.00       0.92 f
  core/Shift (Mantissa_Div_L2_MANTISSA_WIDTH6)                              0.00       0.92 f
  U2/ZN (INVD1)                                                             0.08       1.00 r
  shell/shift[0] (FP_DIV_WRAPPER_32_width_trunc17)                          0.00       1.00 r
  shell/shared_wrapper/exponent_adjust[1] (fp32_normal_finite_wrapper)      0.00       1.00 r
  shell/shared_wrapper/U39/CO (FA1D0)                                       0.10       1.10 r
  shell/shared_wrapper/U40/CO (FA1D0)                                       0.05       1.15 r
  shell/shared_wrapper/U41/CO (FA1D0)                                       0.05       1.20 r
  shell/shared_wrapper/U42/CO (FA1D0)                                       0.05       1.25 r
  shell/shared_wrapper/U43/CO (FA1D0)                                       0.05       1.31 r
  shell/shared_wrapper/U44/CO (FA1D0)                                       0.05       1.36 r
  shell/shared_wrapper/U53/Z (XOR3D1)                                       0.08       1.44 f
  shell/shared_wrapper/result[30] (fp32_normal_finite_wrapper)              0.00       1.44 f
  shell/out0[30] (FP_DIV_WRAPPER_32_width_trunc17)                          0.00       1.44 f
  result[30] (out)                                                          0.00       1.44 f
  data arrival time                                                                    1.44

  clock vclk (rise edge)                                                   10.00      10.00
  clock network delay (ideal)                                               0.00      10.00
  output external delay                                                    -0.02       9.98
  data required time                                                                   9.98
  --------------------------------------------------------------------------------------------
  data required time                                                                   9.98
  data arrival time                                                                   -1.44
  --------------------------------------------------------------------------------------------
  slack (MET)                                                                          8.54


  Startpoint: x[17] (input port clocked by vclk)
  Endpoint: result[30] (output port clocked by vclk)
  Path Group: vclk
  Path Type: max

  Des/Clust/Port     Wire Load Model       Library
  ------------------------------------------------
  fp32_normal_finite_wrapper ZeroWireload  tcbn65gplustc_ccs
  fig8_pace_l2_d17   ZeroWireload          tcbn65gplustc_ccs
  FP_DIV_WRAPPER_32_width_trunc17 ZeroWireload tcbn65gplustc_ccs
  Mantissa_Div_L2_MANTISSA_WIDTH6_DW01_sub_1_DW01_sub_2 ZeroWireload tcbn65gplustc_ccs
  Mantissa_Div_L2_MANTISSA_WIDTH6 ZeroWireload tcbn65gplustc_ccs
  CSA3_2_Array_WIDTH8_1 ZeroWireload       tcbn65gplustc_ccs
  Mantissa_Div_L2_MANTISSA_WIDTH6_DW01_add_0 ZeroWireload tcbn65gplustc_ccs

  Point                                                                     Incr       Path
  --------------------------------------------------------------------------------------------
  clock vclk (rise edge)                                                    0.00       0.00
  clock network delay (ideal)                                               0.00       0.00
  input external delay                                                      0.02       0.02 r
  x[17] (in)                                                                0.01       0.03 r
  shell/x[17] (FP_DIV_WRAPPER_32_width_trunc17)                             0.00       0.03 r
  shell/shared_wrapper/x[17] (fp32_normal_finite_wrapper)                   0.00       0.03 r
  shell/shared_wrapper/U92/Z (CKBD1)                                        0.03       0.06 r
  shell/shared_wrapper/fraction_x[17] (fp32_normal_finite_wrapper)          0.00       0.06 r
  shell/mantissa_x[0] (FP_DIV_WRAPPER_32_width_trunc17)                     0.00       0.06 r
  core/Mantissa_X[0] (Mantissa_Div_L2_MANTISSA_WIDTH6)                      0.00       0.06 r
  core/U44/ZN (INR2D0)                                                      0.05       0.11 r
  core/U45/Z (AN2D0)                                                        0.04       0.16 r
  core/U46/ZN (OAI22D0)                                                     0.04       0.19 f
  core/U47/ZN (NR2D0)                                                       0.03       0.23 r
  core/U48/ZN (MOAI22D0)                                                    0.03       0.26 f
  core/U19/CO (FA1D0)                                                       0.06       0.31 f
  core/U24/CO (FA1D0)                                                       0.06       0.37 f
  core/U27/S (FA1D0)                                                        0.06       0.43 f
  core/U21/Z (AO222D1)                                                      0.07       0.50 f
  core/Stage_2_1/In_3[2] (CSA3_2_Array_WIDTH8_1)                            0.00       0.50 f
  core/Stage_2_1/U6/Z (CKXOR2D1)                                            0.05       0.55 r
  core/Stage_2_1/S[2] (CSA3_2_Array_WIDTH8_1)                               0.00       0.55 r
  core/add_68/A[2] (Mantissa_Div_L2_MANTISSA_WIDTH6_DW01_add_0)             0.00       0.55 r
  core/add_68/U1_2/CO (FA1D0)                                               0.09       0.64 r
  core/add_68/U1_3/CO (FA1D0)                                               0.05       0.69 r
  core/add_68/U1_4/CO (FA1D0)                                               0.05       0.74 r
  core/add_68/U1_5/CO (FA1D0)                                               0.05       0.79 r
  core/add_68/U1_6/CO (FA1D0)                                               0.05       0.84 r
  core/add_68/U1_7/Z (XOR3D1)                                               0.08       0.92 f
  core/add_68/SUM[7] (Mantissa_Div_L2_MANTISSA_WIDTH6_DW01_add_0)           0.00       0.92 f
  core/Shift (Mantissa_Div_L2_MANTISSA_WIDTH6)                              0.00       0.92 f
  U2/ZN (INVD1)                                                             0.08       1.00 r
  shell/shift[0] (FP_DIV_WRAPPER_32_width_trunc17)                          0.00       1.00 r
  shell/shared_wrapper/exponent_adjust[1] (fp32_normal_finite_wrapper)      0.00       1.00 r
  shell/shared_wrapper/U39/CO (FA1D0)                                       0.10       1.10 r
  shell/shared_wrapper/U40/CO (FA1D0)                                       0.05       1.15 r
  shell/shared_wrapper/U41/CO (FA1D0)                                       0.05       1.20 r
  shell/shared_wrapper/U42/CO (FA1D0)                                       0.05       1.25 r
  shell/shared_wrapper/U43/CO (FA1D0)                                       0.05       1.31 r
  shell/shared_wrapper/U44/CO (FA1D0)                                       0.05       1.36 r
  shell/shared_wrapper/U53/Z (XOR3D1)                                       0.08       1.44 f
  shell/shared_wrapper/result[30] (fp32_normal_finite_wrapper)              0.00       1.44 f
  shell/out0[30] (FP_DIV_WRAPPER_32_width_trunc17)                          0.00       1.44 f
  result[30] (out)                                                          0.00       1.44 f
  data arrival time                                                                    1.44

  clock vclk (rise edge)                                                   10.00      10.00
  clock network delay (ideal)                                               0.00      10.00
  output external delay                                                    -0.02       9.98
  data required time                                                                   9.98
  --------------------------------------------------------------------------------------------
  data required time                                                                   9.98
  data arrival time                                                                   -1.44
  --------------------------------------------------------------------------------------------
  slack (MET)                                                                          8.54


  Startpoint: x[17] (input port clocked by vclk)
  Endpoint: result[30] (output port clocked by vclk)
  Path Group: vclk
  Path Type: max

  Des/Clust/Port     Wire Load Model       Library
  ------------------------------------------------
  fp32_normal_finite_wrapper ZeroWireload  tcbn65gplustc_ccs
  fig8_pace_l2_d17   ZeroWireload          tcbn65gplustc_ccs
  FP_DIV_WRAPPER_32_width_trunc17 ZeroWireload tcbn65gplustc_ccs
  Mantissa_Div_L2_MANTISSA_WIDTH6_DW01_sub_1_DW01_sub_2 ZeroWireload tcbn65gplustc_ccs
  Mantissa_Div_L2_MANTISSA_WIDTH6 ZeroWireload tcbn65gplustc_ccs
  CSA3_2_Array_WIDTH8_1 ZeroWireload       tcbn65gplustc_ccs
  Mantissa_Div_L2_MANTISSA_WIDTH6_DW01_add_0 ZeroWireload tcbn65gplustc_ccs

  Point                                                                     Incr       Path
  --------------------------------------------------------------------------------------------
  clock vclk (rise edge)                                                    0.00       0.00
  clock network delay (ideal)                                               0.00       0.00
  input external delay                                                      0.02       0.02 r
  x[17] (in)                                                                0.01       0.03 r
  shell/x[17] (FP_DIV_WRAPPER_32_width_trunc17)                             0.00       0.03 r
  shell/shared_wrapper/x[17] (fp32_normal_finite_wrapper)                   0.00       0.03 r
  shell/shared_wrapper/U92/Z (CKBD1)                                        0.03       0.06 r
  shell/shared_wrapper/fraction_x[17] (fp32_normal_finite_wrapper)          0.00       0.06 r
  shell/mantissa_x[0] (FP_DIV_WRAPPER_32_width_trunc17)                     0.00       0.06 r
  core/Mantissa_X[0] (Mantissa_Div_L2_MANTISSA_WIDTH6)                      0.00       0.06 r
  core/U44/ZN (INR2D0)                                                      0.05       0.11 r
  core/U45/Z (AN2D0)                                                        0.04       0.16 r
  core/U46/ZN (OAI22D0)                                                     0.04       0.19 f
  core/U47/ZN (NR2D0)                                                       0.03       0.23 r
  core/U48/ZN (MOAI22D0)                                                    0.03       0.26 f
  core/U19/CO (FA1D0)                                                       0.06       0.31 f
  core/U24/CO (FA1D0)                                                       0.06       0.37 f
  core/U27/S (FA1D0)                                                        0.06       0.43 f
  core/U21/Z (AO222D1)                                                      0.07       0.50 f
  core/Stage_2_1/In_3[2] (CSA3_2_Array_WIDTH8_1)                            0.00       0.50 f
  core/Stage_2_1/U6/Z (CKXOR2D1)                                            0.05       0.55 r
  core/Stage_2_1/S[2] (CSA3_2_Array_WIDTH8_1)                               0.00       0.55 r
  core/add_68/A[2] (Mantissa_Div_L2_MANTISSA_WIDTH6_DW01_add_0)             0.00       0.55 r
  core/add_68/U1_2/CO (FA1D0)                                               0.09       0.64 r
  core/add_68/U1_3/CO (FA1D0)                                               0.05       0.69 r
  core/add_68/U1_4/CO (FA1D0)                                               0.05       0.74 r
  core/add_68/U1_5/CO (FA1D0)                                               0.05       0.79 r
  core/add_68/U1_6/CO (FA1D0)                                               0.05       0.84 r
  core/add_68/U1_7/Z (XOR3D1)                                               0.08       0.92 f
  core/add_68/SUM[7] (Mantissa_Div_L2_MANTISSA_WIDTH6_DW01_add_0)           0.00       0.92 f
  core/Shift (Mantissa_Div_L2_MANTISSA_WIDTH6)                              0.00       0.92 f
  U2/ZN (INVD1)                                                             0.08       1.00 r
  shell/shift[0] (FP_DIV_WRAPPER_32_width_trunc17)                          0.00       1.00 r
  shell/shared_wrapper/exponent_adjust[1] (fp32_normal_finite_wrapper)      0.00       1.00 r
  shell/shared_wrapper/U39/CO (FA1D0)                                       0.10       1.10 r
  shell/shared_wrapper/U40/CO (FA1D0)                                       0.05       1.15 r
  shell/shared_wrapper/U41/CO (FA1D0)                                       0.05       1.20 r
  shell/shared_wrapper/U42/CO (FA1D0)                                       0.05       1.25 r
  shell/shared_wrapper/U43/CO (FA1D0)                                       0.05       1.31 r
  shell/shared_wrapper/U44/CO (FA1D0)                                       0.05       1.36 r
  shell/shared_wrapper/U53/Z (XOR3D1)                                       0.08       1.44 f
  shell/shared_wrapper/result[30] (fp32_normal_finite_wrapper)              0.00       1.44 f
  shell/out0[30] (FP_DIV_WRAPPER_32_width_trunc17)                          0.00       1.44 f
  result[30] (out)                                                          0.00       1.44 f
  data arrival time                                                                    1.44

  clock vclk (rise edge)                                                   10.00      10.00
  clock network delay (ideal)                                               0.00      10.00
  output external delay                                                    -0.02       9.98
  data required time                                                                   9.98
  --------------------------------------------------------------------------------------------
  data required time                                                                   9.98
  data arrival time                                                                   -1.44
  --------------------------------------------------------------------------------------------
  slack (MET)                                                                          8.54


  Startpoint: x[17] (input port clocked by vclk)
  Endpoint: result[30] (output port clocked by vclk)
  Path Group: vclk
  Path Type: max

  Des/Clust/Port     Wire Load Model       Library
  ------------------------------------------------
  fp32_normal_finite_wrapper ZeroWireload  tcbn65gplustc_ccs
  fig8_pace_l2_d17   ZeroWireload          tcbn65gplustc_ccs
  FP_DIV_WRAPPER_32_width_trunc17 ZeroWireload tcbn65gplustc_ccs
  Mantissa_Div_L2_MANTISSA_WIDTH6_DW01_sub_1_DW01_sub_2 ZeroWireload tcbn65gplustc_ccs
  Mantissa_Div_L2_MANTISSA_WIDTH6 ZeroWireload tcbn65gplustc_ccs
  CSA3_2_Array_WIDTH8_1 ZeroWireload       tcbn65gplustc_ccs
  Mantissa_Div_L2_MANTISSA_WIDTH6_DW01_add_0 ZeroWireload tcbn65gplustc_ccs

  Point                                                                     Incr       Path
  --------------------------------------------------------------------------------------------
  clock vclk (rise edge)                                                    0.00       0.00
  clock network delay (ideal)                                               0.00       0.00
  input external delay                                                      0.02       0.02 r
  x[17] (in)                                                                0.01       0.03 r
  shell/x[17] (FP_DIV_WRAPPER_32_width_trunc17)                             0.00       0.03 r
  shell/shared_wrapper/x[17] (fp32_normal_finite_wrapper)                   0.00       0.03 r
  shell/shared_wrapper/U92/Z (CKBD1)                                        0.03       0.06 r
  shell/shared_wrapper/fraction_x[17] (fp32_normal_finite_wrapper)          0.00       0.06 r
  shell/mantissa_x[0] (FP_DIV_WRAPPER_32_width_trunc17)                     0.00       0.06 r
  core/Mantissa_X[0] (Mantissa_Div_L2_MANTISSA_WIDTH6)                      0.00       0.06 r
  core/U44/ZN (INR2D0)                                                      0.05       0.11 r
  core/U45/Z (AN2D0)                                                        0.04       0.16 r
  core/U46/ZN (OAI22D0)                                                     0.04       0.19 f
  core/U47/ZN (NR2D0)                                                       0.03       0.23 r
  core/U48/ZN (MOAI22D0)                                                    0.03       0.26 f
  core/U19/CO (FA1D0)                                                       0.06       0.31 f
  core/U24/CO (FA1D0)                                                       0.06       0.37 f
  core/U27/S (FA1D0)                                                        0.06       0.43 f
  core/U21/Z (AO222D1)                                                      0.07       0.50 f
  core/Stage_2_1/In_3[2] (CSA3_2_Array_WIDTH8_1)                            0.00       0.50 f
  core/Stage_2_1/U6/Z (CKXOR2D1)                                            0.05       0.55 r
  core/Stage_2_1/S[2] (CSA3_2_Array_WIDTH8_1)                               0.00       0.55 r
  core/add_68/A[2] (Mantissa_Div_L2_MANTISSA_WIDTH6_DW01_add_0)             0.00       0.55 r
  core/add_68/U1_2/CO (FA1D0)                                               0.09       0.64 r
  core/add_68/U1_3/CO (FA1D0)                                               0.05       0.69 r
  core/add_68/U1_4/CO (FA1D0)                                               0.05       0.74 r
  core/add_68/U1_5/CO (FA1D0)                                               0.05       0.79 r
  core/add_68/U1_6/CO (FA1D0)                                               0.05       0.84 r
  core/add_68/U1_7/Z (XOR3D1)                                               0.08       0.92 f
  core/add_68/SUM[7] (Mantissa_Div_L2_MANTISSA_WIDTH6_DW01_add_0)           0.00       0.92 f
  core/Shift (Mantissa_Div_L2_MANTISSA_WIDTH6)                              0.00       0.92 f
  U2/ZN (INVD1)                                                             0.08       1.00 r
  shell/shift[0] (FP_DIV_WRAPPER_32_width_trunc17)                          0.00       1.00 r
  shell/shared_wrapper/exponent_adjust[1] (fp32_normal_finite_wrapper)      0.00       1.00 r
  shell/shared_wrapper/U39/CO (FA1D0)                                       0.10       1.10 r
  shell/shared_wrapper/U40/CO (FA1D0)                                       0.05       1.15 r
  shell/shared_wrapper/U41/CO (FA1D0)                                       0.05       1.20 r
  shell/shared_wrapper/U42/CO (FA1D0)                                       0.05       1.25 r
  shell/shared_wrapper/U43/CO (FA1D0)                                       0.05       1.31 r
  shell/shared_wrapper/U44/CO (FA1D0)                                       0.05       1.36 r
  shell/shared_wrapper/U53/Z (XOR3D1)                                       0.08       1.44 f
  shell/shared_wrapper/result[30] (fp32_normal_finite_wrapper)              0.00       1.44 f
  shell/out0[30] (FP_DIV_WRAPPER_32_width_trunc17)                          0.00       1.44 f
  result[30] (out)                                                          0.00       1.44 f
  data arrival time                                                                    1.44

  clock vclk (rise edge)                                                   10.00      10.00
  clock network delay (ideal)                                               0.00      10.00
  output external delay                                                    -0.02       9.98
  data required time                                                                   9.98
  --------------------------------------------------------------------------------------------
  data required time                                                                   9.98
  data arrival time                                                                   -1.44
  --------------------------------------------------------------------------------------------
  slack (MET)                                                                          8.54


  Startpoint: x[17] (input port clocked by vclk)
  Endpoint: result[30] (output port clocked by vclk)
  Path Group: vclk
  Path Type: max

  Des/Clust/Port     Wire Load Model       Library
  ------------------------------------------------
  fp32_normal_finite_wrapper ZeroWireload  tcbn65gplustc_ccs
  fig8_pace_l2_d17   ZeroWireload          tcbn65gplustc_ccs
  FP_DIV_WRAPPER_32_width_trunc17 ZeroWireload tcbn65gplustc_ccs
  Mantissa_Div_L2_MANTISSA_WIDTH6_DW01_sub_1_DW01_sub_2 ZeroWireload tcbn65gplustc_ccs
  Mantissa_Div_L2_MANTISSA_WIDTH6 ZeroWireload tcbn65gplustc_ccs
  CSA3_2_Array_WIDTH8_1 ZeroWireload       tcbn65gplustc_ccs
  Mantissa_Div_L2_MANTISSA_WIDTH6_DW01_add_0 ZeroWireload tcbn65gplustc_ccs

  Point                                                                     Incr       Path
  --------------------------------------------------------------------------------------------
  clock vclk (rise edge)                                                    0.00       0.00
  clock network delay (ideal)                                               0.00       0.00
  input external delay                                                      0.02       0.02 r
  x[17] (in)                                                                0.01       0.03 r
  shell/x[17] (FP_DIV_WRAPPER_32_width_trunc17)                             0.00       0.03 r
  shell/shared_wrapper/x[17] (fp32_normal_finite_wrapper)                   0.00       0.03 r
  shell/shared_wrapper/U92/Z (CKBD1)                                        0.03       0.06 r
  shell/shared_wrapper/fraction_x[17] (fp32_normal_finite_wrapper)          0.00       0.06 r
  shell/mantissa_x[0] (FP_DIV_WRAPPER_32_width_trunc17)                     0.00       0.06 r
  core/Mantissa_X[0] (Mantissa_Div_L2_MANTISSA_WIDTH6)                      0.00       0.06 r
  core/U44/ZN (INR2D0)                                                      0.05       0.11 r
  core/U45/Z (AN2D0)                                                        0.04       0.16 r
  core/U46/ZN (OAI22D0)                                                     0.04       0.19 f
  core/U47/ZN (NR2D0)                                                       0.03       0.23 r
  core/U48/ZN (MOAI22D0)                                                    0.03       0.26 f
  core/U19/CO (FA1D0)                                                       0.06       0.31 f
  core/U24/CO (FA1D0)                                                       0.06       0.37 f
  core/U27/S (FA1D0)                                                        0.06       0.43 f
  core/U21/Z (AO222D1)                                                      0.07       0.50 f
  core/Stage_2_1/In_3[2] (CSA3_2_Array_WIDTH8_1)                            0.00       0.50 f
  core/Stage_2_1/U6/Z (CKXOR2D1)                                            0.05       0.55 r
  core/Stage_2_1/S[2] (CSA3_2_Array_WIDTH8_1)                               0.00       0.55 r
  core/add_68/A[2] (Mantissa_Div_L2_MANTISSA_WIDTH6_DW01_add_0)             0.00       0.55 r
  core/add_68/U1_2/CO (FA1D0)                                               0.09       0.64 r
  core/add_68/U1_3/CO (FA1D0)                                               0.05       0.69 r
  core/add_68/U1_4/CO (FA1D0)                                               0.05       0.74 r
  core/add_68/U1_5/CO (FA1D0)                                               0.05       0.79 r
  core/add_68/U1_6/CO (FA1D0)                                               0.05       0.84 r
  core/add_68/U1_7/Z (XOR3D1)                                               0.08       0.92 f
  core/add_68/SUM[7] (Mantissa_Div_L2_MANTISSA_WIDTH6_DW01_add_0)           0.00       0.92 f
  core/Shift (Mantissa_Div_L2_MANTISSA_WIDTH6)                              0.00       0.92 f
  U2/ZN (INVD1)                                                             0.08       1.00 r
  shell/shift[0] (FP_DIV_WRAPPER_32_width_trunc17)                          0.00       1.00 r
  shell/shared_wrapper/exponent_adjust[1] (fp32_normal_finite_wrapper)      0.00       1.00 r
  shell/shared_wrapper/U39/CO (FA1D0)                                       0.10       1.10 r
  shell/shared_wrapper/U40/CO (FA1D0)                                       0.05       1.15 r
  shell/shared_wrapper/U41/CO (FA1D0)                                       0.05       1.20 r
  shell/shared_wrapper/U42/CO (FA1D0)                                       0.05       1.25 r
  shell/shared_wrapper/U43/CO (FA1D0)                                       0.05       1.31 r
  shell/shared_wrapper/U44/CO (FA1D0)                                       0.05       1.36 r
  shell/shared_wrapper/U53/Z (XOR3D1)                                       0.08       1.44 f
  shell/shared_wrapper/result[30] (fp32_normal_finite_wrapper)              0.00       1.44 f
  shell/out0[30] (FP_DIV_WRAPPER_32_width_trunc17)                          0.00       1.44 f
  result[30] (out)                                                          0.00       1.44 f
  data arrival time                                                                    1.44

  clock vclk (rise edge)                                                   10.00      10.00
  clock network delay (ideal)                                               0.00      10.00
  output external delay                                                    -0.02       9.98
  data required time                                                                   9.98
  --------------------------------------------------------------------------------------------
  data required time                                                                   9.98
  data arrival time                                                                   -1.44
  --------------------------------------------------------------------------------------------
  slack (MET)                                                                          8.54


  Startpoint: x[17] (input port clocked by vclk)
  Endpoint: result[30] (output port clocked by vclk)
  Path Group: vclk
  Path Type: max

  Des/Clust/Port     Wire Load Model       Library
  ------------------------------------------------
  fp32_normal_finite_wrapper ZeroWireload  tcbn65gplustc_ccs
  fig8_pace_l2_d17   ZeroWireload          tcbn65gplustc_ccs
  FP_DIV_WRAPPER_32_width_trunc17 ZeroWireload tcbn65gplustc_ccs
  Mantissa_Div_L2_MANTISSA_WIDTH6_DW01_sub_1_DW01_sub_2 ZeroWireload tcbn65gplustc_ccs
  Mantissa_Div_L2_MANTISSA_WIDTH6 ZeroWireload tcbn65gplustc_ccs
  CSA3_2_Array_WIDTH8_1 ZeroWireload       tcbn65gplustc_ccs
  Mantissa_Div_L2_MANTISSA_WIDTH6_DW01_add_0 ZeroWireload tcbn65gplustc_ccs

  Point                                                                     Incr       Path
  --------------------------------------------------------------------------------------------
  clock vclk (rise edge)                                                    0.00       0.00
  clock network delay (ideal)                                               0.00       0.00
  input external delay                                                      0.02       0.02 r
  x[17] (in)                                                                0.01       0.03 r
  shell/x[17] (FP_DIV_WRAPPER_32_width_trunc17)                             0.00       0.03 r
  shell/shared_wrapper/x[17] (fp32_normal_finite_wrapper)                   0.00       0.03 r
  shell/shared_wrapper/U92/Z (CKBD1)                                        0.03       0.06 r
  shell/shared_wrapper/fraction_x[17] (fp32_normal_finite_wrapper)          0.00       0.06 r
  shell/mantissa_x[0] (FP_DIV_WRAPPER_32_width_trunc17)                     0.00       0.06 r
  core/Mantissa_X[0] (Mantissa_Div_L2_MANTISSA_WIDTH6)                      0.00       0.06 r
  core/U44/ZN (INR2D0)                                                      0.05       0.11 r
  core/U45/Z (AN2D0)                                                        0.04       0.16 r
  core/U46/ZN (OAI22D0)                                                     0.04       0.19 f
  core/U47/ZN (NR2D0)                                                       0.03       0.23 r
  core/U48/ZN (MOAI22D0)                                                    0.03       0.26 f
  core/U19/CO (FA1D0)                                                       0.06       0.31 f
  core/U24/CO (FA1D0)                                                       0.06       0.37 f
  core/U27/S (FA1D0)                                                        0.06       0.43 f
  core/U21/Z (AO222D1)                                                      0.07       0.50 f
  core/Stage_2_1/In_3[2] (CSA3_2_Array_WIDTH8_1)                            0.00       0.50 f
  core/Stage_2_1/U6/Z (CKXOR2D1)                                            0.05       0.55 r
  core/Stage_2_1/S[2] (CSA3_2_Array_WIDTH8_1)                               0.00       0.55 r
  core/add_68/A[2] (Mantissa_Div_L2_MANTISSA_WIDTH6_DW01_add_0)             0.00       0.55 r
  core/add_68/U1_2/CO (FA1D0)                                               0.09       0.64 r
  core/add_68/U1_3/CO (FA1D0)                                               0.05       0.69 r
  core/add_68/U1_4/CO (FA1D0)                                               0.05       0.74 r
  core/add_68/U1_5/CO (FA1D0)                                               0.05       0.79 r
  core/add_68/U1_6/CO (FA1D0)                                               0.05       0.84 r
  core/add_68/U1_7/Z (XOR3D1)                                               0.08       0.92 f
  core/add_68/SUM[7] (Mantissa_Div_L2_MANTISSA_WIDTH6_DW01_add_0)           0.00       0.92 f
  core/Shift (Mantissa_Div_L2_MANTISSA_WIDTH6)                              0.00       0.92 f
  U2/ZN (INVD1)                                                             0.08       1.00 r
  shell/shift[0] (FP_DIV_WRAPPER_32_width_trunc17)                          0.00       1.00 r
  shell/shared_wrapper/exponent_adjust[1] (fp32_normal_finite_wrapper)      0.00       1.00 r
  shell/shared_wrapper/U39/CO (FA1D0)                                       0.10       1.10 r
  shell/shared_wrapper/U40/CO (FA1D0)                                       0.05       1.15 r
  shell/shared_wrapper/U41/CO (FA1D0)                                       0.05       1.20 r
  shell/shared_wrapper/U42/CO (FA1D0)                                       0.05       1.25 r
  shell/shared_wrapper/U43/CO (FA1D0)                                       0.05       1.31 r
  shell/shared_wrapper/U44/CO (FA1D0)                                       0.05       1.36 r
  shell/shared_wrapper/U53/Z (XOR3D1)                                       0.08       1.44 f
  shell/shared_wrapper/result[30] (fp32_normal_finite_wrapper)              0.00       1.44 f
  shell/out0[30] (FP_DIV_WRAPPER_32_width_trunc17)                          0.00       1.44 f
  result[30] (out)                                                          0.00       1.44 f
  data arrival time                                                                    1.44

  clock vclk (rise edge)                                                   10.00      10.00
  clock network delay (ideal)                                               0.00      10.00
  output external delay                                                    -0.02       9.98
  data required time                                                                   9.98
  --------------------------------------------------------------------------------------------
  data required time                                                                   9.98
  data arrival time                                                                   -1.44
  --------------------------------------------------------------------------------------------
  slack (MET)                                                                          8.54


1
