****************************************
Report : Averaged Power
	-hierarchy
	-significant_digits
Design : oadm_fixed_l3_mul_root_opt_aggressive
Version: U-2022.12-SP5
Date   : Thu Sep  3 13:02:52 2026
****************************************



                                      Int      Switch   Leak     Total
Hierarchy                             Power    Power    Power    Power    %
----------------------------------------------------------------------------------
oadm_fixed_l3_mul_root_opt_aggressive 4.36e-05 1.47e-05 8.99e-06 6.73e-05 100.0
  impl (oadm_fixed_mul_root_opt_LEVEL3_RESIDUAL_DROP12)
                                      4.36e-05 1.47e-05 8.99e-06 6.73e-05 100.0
    plane (oadm_fixed_mul_plane_root_opt_LEVEL3_RESIDUAL_DROP12)
                                      3.46e-05 9.21e-06 7.02e-06 5.08e-05  75.5
      mult_46 (oadm_fixed_mul_plane_root_opt_LEVEL3_RESIDUAL_DROP12_DW_mult_uns_0)
                                      4.57e-06 1.02e-06 1.17e-06 6.76e-06  10.0
      mult_33 (oadm_fixed_mul_plane_root_opt_LEVEL3_RESIDUAL_DROP12_DW_mult_tc_1)
                                      7.45e-06 2.16e-06 1.72e-06 1.13e-05  16.8
      mult_35 (oadm_fixed_mul_plane_root_opt_LEVEL3_RESIDUAL_DROP12_DW_mult_tc_0)
                                      7.42e-06 2.25e-06 1.72e-06 1.14e-05  16.9
    fp_wrapper (fp32_normal_finite_wrapper)
                                      6.60e-06 3.75e-06 1.56e-06 1.19e-05  17.7
      add_1_root_add_0_root_add_25_2 (fp32_normal_finite_wrapper_DW01_add_3_DW01_add_9)
                                      1.84e-06 2.82e-07 4.52e-07 2.57e-06   3.8
1
