****************************************
Report : Averaged Power
	-significant_digits
Design : oadm_fixed_l3_mul_root_opt_aggressive
Version: U-2022.12-SP5
Date   : Thu Sep  3 13:02:52 2026
****************************************



  Attributes
  ----------
      i  -  Including register clock pin internal power
      u  -  User defined power group

                        Internal             Switching            Leakage              Total
Power Group             Power                Power                Power                Power               (     %)   Attrs
----------------------------------------------------------------------------------------------------------------------------
clock_network           0.00000e+00          0.00000e+00          0.00000e+00          0.00000e+00         ( 0.00%)   i
register                0.00000e+00          0.00000e+00          0.00000e+00          0.00000e+00         ( 0.00%)   
combinational           4.35822e-05          1.47289e-05          8.98549e-06          6.72966e-05         (100.00%)  
sequential              0.00000e+00          0.00000e+00          0.00000e+00          0.00000e+00         ( 0.00%)   
memory                  0.00000e+00          0.00000e+00          0.00000e+00          0.00000e+00         ( 0.00%)   
io_pad                  0.00000e+00          0.00000e+00          0.00000e+00          0.00000e+00         ( 0.00%)   
black_box               0.00000e+00          0.00000e+00          0.00000e+00          0.00000e+00         ( 0.00%)   

  Net Switching Power  = 1.47289e-05           (21.89%)
  Cell Internal Power  = 4.35822e-05           (64.76%)
  Cell Leakage Power   = 8.98549e-06           (13.35%)
                         -------------------------
Total Power            = 6.72966e-05          (100.00%)

1
