****************************************
Report : qor
Design : oadm_runtime_drop_r18_s16
Version: U-2022.12-SP5
Date   : Thu Sep  3 19:00:06 2026
****************************************

  Timing Path Group 'vclk' (max_delay/setup)
  ---------------------------------------------
  Levels of Logic:                           42
  Critical Path Length:                    3.17
  Critical Path Slack:                     6.81
  Total Negative Slack:                    0.00
  No. of Violating Paths:                     0
  ---------------------------------------------

  Timing Path Group 'vclk' (min_delay/hold)
  ---------------------------------------------
  Levels of Logic:                            1
  Critical Path Length:                    0.07
  Critical Path Slack:                     0.09
  Total Negative Slack:                    0.00
  No. of Violating Paths:                     0
  ---------------------------------------------

  Area
  ---------------------------------------------
  Net Interconnect area:                   0.00
  Total cell area:                      2306.88
  Design Area:                          2306.88
  Area Cost:                           -2306.88
  ---------------------------------------------


  Cell & Pin Count
  ---------------------------------------------
  Pin Count:                               2428
  Hierarchical Cell Count:                    9
  Hierarchical Port Count:                  500
  Leaf Cell Count:                          658
  ---------------------------------------------


  Design Rule Violations
  ---------------------------------------------
  Total No. of Pins in Design:             2428
  max_capacitance Count:                      1
  max_capacitance Cost:                    0.00
  Total DRC Cost:                          0.00
  ---------------------------------------------

1
