****************************************
Report : qor
Design : unified_mul_drop_l1_shared
Version: U-2022.12-SP5
Date   : Wed Sep 16 00:42:11 2026
****************************************

  Timing Path Group 'vclk' (max_delay/setup)
  ---------------------------------------------
  Levels of Logic:                           39
  Critical Path Length:                    2.64
  Critical Path Slack:                     7.34
  Total Negative Slack:                    0.00
  No. of Violating Paths:                     0
  ---------------------------------------------

  Timing Path Group 'vclk' (min_delay/hold)
  ---------------------------------------------
  Levels of Logic:                            1
  Critical Path Length:                    0.07
  Critical Path Slack:                     0.09
  Total Negative Slack:                    0.00
  No. of Violating Paths:                     0
  ---------------------------------------------

  Area
  ---------------------------------------------
  Net Interconnect area:                   0.00
  Total cell area:                      1812.96
  Design Area:                          1812.96
  Area Cost:                           -1812.96
  ---------------------------------------------


  Cell & Pin Count
  ---------------------------------------------
  Pin Count:                               1799
  Hierarchical Cell Count:                    8
  Hierarchical Port Count:                  482
  Leaf Cell Count:                          494
  ---------------------------------------------


  Design Rule Violations
  ---------------------------------------------
  Total No. of Pins in Design:             1799
  max_capacitance Count:                      1
  max_capacitance Cost:                    0.00
  Total DRC Cost:                          0.00
  ---------------------------------------------

1
