****************************************
Report : timing
	-path_type full
	-delay_type max
	-nworst 10
	-slack_lesser_than 1000.00000
	-max_paths 10
	-sort_by slack
Design : unified_mul_drop_l1_shared
Version: U-2022.12-SP5
Date   : Wed Sep 16 00:42:11 2026
****************************************


  Startpoint: divide_mode
               (input port clocked by vclk)
  Endpoint: result[30] (output port clocked by vclk)
  Path Group: vclk
  Path Type: max

  Point                                                   Incr       Path
  ------------------------------------------------------------------------------
  clock vclk (rise edge)                               0.00000    0.00000
  clock network delay (ideal)                          0.00000    0.00000
  input external delay                                 0.02000    0.02000 r
  divide_mode (in)                                     0.00773    0.02773 r
  U131/Z (CKBD1)                                       0.09806    0.12579 r
  shared_core/U5/ZN (CKND0)                            0.14058    0.26638 f
  shared_core/U87/ZN (ND3D1)                           0.06162    0.32800 r
  shared_core/U49/ZN (ND3D1)                           0.03999    0.36799 f
  shared_core/U31/ZN (IND2D1)                          0.05934    0.42733 f
  shared_core/U48/ZN (INR2D1)                          0.03947    0.46680 r
  shared_core/U33/ZN (ND2D1)                           0.02185    0.48865 f
  shared_core/mult_20_S2/U142/ZN (INVD1)               0.02432    0.51297 r
  shared_core/mult_20_S2/U172/Z (CKXOR2D0)             0.07471    0.58768 f
  shared_core/mult_20_S2/U169/ZN (OAI22D0)             0.05580    0.64348 r
  shared_core/mult_20_S2/U31/S (FA1D0)                 0.11356    0.75703 f
  shared_core/mult_20_S2/U12/CO (FA1D0)                0.10156    0.85859 f
  shared_core/mult_20_S2/U11/CO (FA1D0)                0.05524    0.91384 f
  shared_core/mult_20_S2/U10/CO (FA1D0)                0.05524    0.96908 f
  shared_core/mult_20_S2/U9/CO (FA1D0)                 0.05524    1.02432 f
  shared_core/mult_20_S2/U8/CO (FA1D0)                 0.05524    1.07957 f
  shared_core/mult_20_S2/U7/CO (FA1D0)                 0.05524    1.13481 f
  shared_core/mult_20_S2/U6/CO (FA1D0)                 0.05524    1.19006 f
  shared_core/mult_20_S2/U5/CO (FA1D0)                 0.05524    1.24530 f
  shared_core/mult_20_S2/U4/CO (FA1D0)                 0.05524    1.30055 f
  shared_core/mult_20_S2/U3/CO (FA1D0)                 0.05524    1.35579 f
  shared_core/mult_20_S2/U2/S (FA1D0)                  0.07426    1.43006 r
  shared_core/U32/ZN (INVD1)                           0.01729    1.44734 f
  shared_core/U111/Z (CKXOR2D1)                        0.05590    1.50324 r
  shared_core/U50/Z (AO22D0)                           0.05194    1.55518 r
  shared_core/add_0_root_add_23_2/U1_14/CO (FA1D0)     0.09344    1.64862 r
  shared_core/add_0_root_add_23_2/U1_15/CO (FA1D0)     0.05157    1.70019 r
  shared_core/add_0_root_add_23_2/U1_16/Z (XOR3D1)     0.07503    1.77522 f
  U84/ZN (NR3D0)                                       0.19280    1.96802 r
  U79/ZN (INVD1)                                       0.02673    1.99474 f
  U78/ZN (IND2D1)                                      0.13461    2.12935 r
  wrapper/U47/CO (FA1D0)                               0.11171    2.24106 r
  wrapper/U48/CO (FA1D0)                               0.05151    2.29257 r
  wrapper/U49/CO (FA1D0)                               0.05151    2.34409 r
  wrapper/U50/CO (FA1D0)                               0.05151    2.39560 r
  wrapper/U51/CO (FA1D0)                               0.05151    2.44712 r
  wrapper/U52/CO (FA1D0)                               0.05240    2.49952 r
  wrapper/U62/Z (XOR3D1)                               0.06688    2.56640 f
  wrapper/U60/Z (AO22D0)                               0.07701    2.64341 f
  result[30] (out)                                     0.00000    2.64341 f
  data arrival time                                               2.64341

  clock vclk (rise edge)                              10.00000   10.00000
  clock network delay (ideal)                          0.00000   10.00000
  clock reconvergence pessimism                        0.00000   10.00000
  output external delay                               -0.02000    9.98000
  data required time                                              9.98000
  ------------------------------------------------------------------------------
  data required time                                              9.98000
  data arrival time                                              -2.64341
  ------------------------------------------------------------------------------
  slack (MET)                                                     7.33659


  Startpoint: divide_mode
               (input port clocked by vclk)
  Endpoint: result[30] (output port clocked by vclk)
  Path Group: vclk
  Path Type: max

  Point                                                   Incr       Path
  ------------------------------------------------------------------------------
  clock vclk (rise edge)                               0.00000    0.00000
  clock network delay (ideal)                          0.00000    0.00000
  input external delay                                 0.02000    0.02000 r
  divide_mode (in)                                     0.00773    0.02773 r
  U131/Z (CKBD1)                                       0.09806    0.12579 r
  shared_core/U5/ZN (CKND0)                            0.14058    0.26638 f
  shared_core/U88/ZN (ND3D1)                           0.05873    0.32511 r
  shared_core/U49/ZN (ND3D1)                           0.03909    0.36420 f
  shared_core/U31/ZN (IND2D1)                          0.05934    0.42354 f
  shared_core/U48/ZN (INR2D1)                          0.03947    0.46301 r
  shared_core/U33/ZN (ND2D1)                           0.02185    0.48486 f
  shared_core/mult_20_S2/U142/ZN (INVD1)               0.02432    0.50918 r
  shared_core/mult_20_S2/U172/Z (CKXOR2D0)             0.07471    0.58389 f
  shared_core/mult_20_S2/U169/ZN (OAI22D0)             0.05580    0.63969 r
  shared_core/mult_20_S2/U31/S (FA1D0)                 0.11356    0.75324 f
  shared_core/mult_20_S2/U12/CO (FA1D0)                0.10156    0.85480 f
  shared_core/mult_20_S2/U11/CO (FA1D0)                0.05524    0.91005 f
  shared_core/mult_20_S2/U10/CO (FA1D0)                0.05524    0.96529 f
  shared_core/mult_20_S2/U9/CO (FA1D0)                 0.05524    1.02054 f
  shared_core/mult_20_S2/U8/CO (FA1D0)                 0.05524    1.07578 f
  shared_core/mult_20_S2/U7/CO (FA1D0)                 0.05524    1.13103 f
  shared_core/mult_20_S2/U6/CO (FA1D0)                 0.05524    1.18627 f
  shared_core/mult_20_S2/U5/CO (FA1D0)                 0.05524    1.24151 f
  shared_core/mult_20_S2/U4/CO (FA1D0)                 0.05524    1.29676 f
  shared_core/mult_20_S2/U3/CO (FA1D0)                 0.05524    1.35200 f
  shared_core/mult_20_S2/U2/S (FA1D0)                  0.07426    1.42627 r
  shared_core/U32/ZN (INVD1)                           0.01729    1.44355 f
  shared_core/U111/Z (CKXOR2D1)                        0.05590    1.49945 r
  shared_core/U50/Z (AO22D0)                           0.05194    1.55139 r
  shared_core/add_0_root_add_23_2/U1_14/CO (FA1D0)     0.09344    1.64483 r
  shared_core/add_0_root_add_23_2/U1_15/CO (FA1D0)     0.05157    1.69640 r
  shared_core/add_0_root_add_23_2/U1_16/Z (XOR3D1)     0.07503    1.77143 f
  U84/ZN (NR3D0)                                       0.19280    1.96423 r
  U79/ZN (INVD1)                                       0.02673    1.99096 f
  U78/ZN (IND2D1)                                      0.13461    2.12556 r
  wrapper/U47/CO (FA1D0)                               0.11171    2.23727 r
  wrapper/U48/CO (FA1D0)                               0.05151    2.28879 r
  wrapper/U49/CO (FA1D0)                               0.05151    2.34030 r
  wrapper/U50/CO (FA1D0)                               0.05151    2.39182 r
  wrapper/U51/CO (FA1D0)                               0.05151    2.44333 r
  wrapper/U52/CO (FA1D0)                               0.05240    2.49573 r
  wrapper/U62/Z (XOR3D1)                               0.06688    2.56261 f
  wrapper/U60/Z (AO22D0)                               0.07701    2.63963 f
  result[30] (out)                                     0.00000    2.63963 f
  data arrival time                                               2.63963

  clock vclk (rise edge)                              10.00000   10.00000
  clock network delay (ideal)                          0.00000   10.00000
  clock reconvergence pessimism                        0.00000   10.00000
  output external delay                               -0.02000    9.98000
  data required time                                              9.98000
  ------------------------------------------------------------------------------
  data required time                                              9.98000
  data arrival time                                              -2.63963
  ------------------------------------------------------------------------------
  slack (MET)                                                     7.34037


  Startpoint: divide_mode
               (input port clocked by vclk)
  Endpoint: result[30] (output port clocked by vclk)
  Path Group: vclk
  Path Type: max

  Point                                                   Incr       Path
  ------------------------------------------------------------------------------
  clock vclk (rise edge)                               0.00000    0.00000
  clock network delay (ideal)                          0.00000    0.00000
  input external delay                                 0.02000    0.02000 r
  divide_mode (in)                                     0.00773    0.02773 r
  U131/Z (CKBD1)                                       0.09806    0.12579 r
  shared_core/U5/ZN (CKND0)                            0.14058    0.26638 f
  shared_core/U87/ZN (ND3D1)                           0.06162    0.32800 r
  shared_core/U49/ZN (ND3D1)                           0.03999    0.36799 f
  shared_core/U31/ZN (IND2D1)                          0.05934    0.42733 f
  shared_core/U48/ZN (INR2D1)                          0.03947    0.46680 r
  shared_core/U33/ZN (ND2D1)                           0.02185    0.48865 f
  shared_core/mult_20_S2/U142/ZN (INVD1)               0.02432    0.51297 r
  shared_core/mult_20_S2/U172/Z (CKXOR2D0)             0.07471    0.58768 f
  shared_core/mult_20_S2/U169/ZN (OAI22D0)             0.05580    0.64348 r
  shared_core/mult_20_S2/U31/S (FA1D0)                 0.11356    0.75703 f
  shared_core/mult_20_S2/U12/CO (FA1D0)                0.10156    0.85859 f
  shared_core/mult_20_S2/U11/CO (FA1D0)                0.05524    0.91384 f
  shared_core/mult_20_S2/U10/CO (FA1D0)                0.05524    0.96908 f
  shared_core/mult_20_S2/U9/CO (FA1D0)                 0.05524    1.02432 f
  shared_core/mult_20_S2/U8/CO (FA1D0)                 0.05524    1.07957 f
  shared_core/mult_20_S2/U7/CO (FA1D0)                 0.05524    1.13481 f
  shared_core/mult_20_S2/U6/CO (FA1D0)                 0.05524    1.19006 f
  shared_core/mult_20_S2/U5/CO (FA1D0)                 0.05524    1.24530 f
  shared_core/mult_20_S2/U4/CO (FA1D0)                 0.05524    1.30055 f
  shared_core/mult_20_S2/U3/S (FA1D0)                  0.07426    1.37481 r
  shared_core/U18/ZN (INVD1)                           0.01729    1.39210 f
  shared_core/U110/Z (CKXOR2D1)                        0.05590    1.44799 r
  shared_core/U53/Z (AO22D0)                           0.05194    1.49994 r
  shared_core/add_0_root_add_23_2/U1_13/CO (FA1D0)     0.09344    1.59338 r
  shared_core/add_0_root_add_23_2/U1_14/CO (FA1D0)     0.05068    1.64406 r
  shared_core/add_0_root_add_23_2/U1_15/CO (FA1D0)     0.05157    1.69563 r
  shared_core/add_0_root_add_23_2/U1_16/Z (XOR3D1)     0.07503    1.77066 f
  U84/ZN (NR3D0)                                       0.19280    1.96346 r
  U79/ZN (INVD1)                                       0.02673    1.99018 f
  U78/ZN (IND2D1)                                      0.13461    2.12479 r
  wrapper/U47/CO (FA1D0)                               0.11171    2.23650 r
  wrapper/U48/CO (FA1D0)                               0.05151    2.28802 r
  wrapper/U49/CO (FA1D0)                               0.05151    2.33953 r
  wrapper/U50/CO (FA1D0)                               0.05151    2.39104 r
  wrapper/U51/CO (FA1D0)                               0.05151    2.44256 r
  wrapper/U52/CO (FA1D0)                               0.05240    2.49496 r
  wrapper/U62/Z (XOR3D1)                               0.06688    2.56184 f
  wrapper/U60/Z (AO22D0)                               0.07701    2.63886 f
  result[30] (out)                                     0.00000    2.63886 f
  data arrival time                                               2.63886

  clock vclk (rise edge)                              10.00000   10.00000
  clock network delay (ideal)                          0.00000   10.00000
  clock reconvergence pessimism                        0.00000   10.00000
  output external delay                               -0.02000    9.98000
  data required time                                              9.98000
  ------------------------------------------------------------------------------
  data required time                                              9.98000
  data arrival time                                              -2.63886
  ------------------------------------------------------------------------------
  slack (MET)                                                     7.34114


  Startpoint: divide_mode
               (input port clocked by vclk)
  Endpoint: result[30] (output port clocked by vclk)
  Path Group: vclk
  Path Type: max

  Point                                                   Incr       Path
  ------------------------------------------------------------------------------
  clock vclk (rise edge)                               0.00000    0.00000
  clock network delay (ideal)                          0.00000    0.00000
  input external delay                                 0.02000    0.02000 r
  divide_mode (in)                                     0.00773    0.02773 r
  U131/Z (CKBD1)                                       0.09806    0.12579 r
  shared_core/U5/ZN (CKND0)                            0.14058    0.26638 f
  shared_core/U87/ZN (ND3D1)                           0.06162    0.32800 r
  shared_core/U49/ZN (ND3D1)                           0.03999    0.36799 f
  shared_core/U31/ZN (IND2D1)                          0.05934    0.42733 f
  shared_core/U48/ZN (INR2D1)                          0.03947    0.46680 r
  shared_core/U33/ZN (ND2D1)                           0.02185    0.48865 f
  shared_core/mult_20_S2/U142/ZN (INVD1)               0.02432    0.51297 r
  shared_core/mult_20_S2/U172/Z (CKXOR2D0)             0.07471    0.58768 f
  shared_core/mult_20_S2/U169/ZN (OAI22D0)             0.05580    0.64348 r
  shared_core/mult_20_S2/U31/S (FA1D0)                 0.11356    0.75703 f
  shared_core/mult_20_S2/U12/CO (FA1D0)                0.10156    0.85859 f
  shared_core/mult_20_S2/U11/CO (FA1D0)                0.05524    0.91384 f
  shared_core/mult_20_S2/U10/CO (FA1D0)                0.05524    0.96908 f
  shared_core/mult_20_S2/U9/CO (FA1D0)                 0.05524    1.02432 f
  shared_core/mult_20_S2/U8/CO (FA1D0)                 0.05524    1.07957 f
  shared_core/mult_20_S2/U7/CO (FA1D0)                 0.05524    1.13481 f
  shared_core/mult_20_S2/U6/CO (FA1D0)                 0.05524    1.19006 f
  shared_core/mult_20_S2/U5/CO (FA1D0)                 0.05524    1.24530 f
  shared_core/mult_20_S2/U4/CO (FA1D0)                 0.05524    1.30055 f
  shared_core/mult_20_S2/U3/CO (FA1D0)                 0.05524    1.35579 f
  shared_core/mult_20_S2/U2/S (FA1D0)                  0.06204    1.41784 f
  shared_core/U32/ZN (INVD1)                           0.02213    1.43997 r
  shared_core/U111/Z (CKXOR2D1)                        0.05784    1.49781 r
  shared_core/U50/Z (AO22D0)                           0.05194    1.54975 r
  shared_core/add_0_root_add_23_2/U1_14/CO (FA1D0)     0.09344    1.64319 r
  shared_core/add_0_root_add_23_2/U1_15/CO (FA1D0)     0.05157    1.69476 r
  shared_core/add_0_root_add_23_2/U1_16/Z (XOR3D1)     0.07503    1.76979 f
  U84/ZN (NR3D0)                                       0.19280    1.96259 r
  U79/ZN (INVD1)                                       0.02673    1.98931 f
  U78/ZN (IND2D1)                                      0.13461    2.12392 r
  wrapper/U47/CO (FA1D0)                               0.11171    2.23563 r
  wrapper/U48/CO (FA1D0)                               0.05151    2.28715 r
  wrapper/U49/CO (FA1D0)                               0.05151    2.33866 r
  wrapper/U50/CO (FA1D0)                               0.05151    2.39017 r
  wrapper/U51/CO (FA1D0)                               0.05151    2.44169 r
  wrapper/U52/CO (FA1D0)                               0.05240    2.49409 r
  wrapper/U62/Z (XOR3D1)                               0.06688    2.56097 f
  wrapper/U60/Z (AO22D0)                               0.07701    2.63799 f
  result[30] (out)                                     0.00000    2.63799 f
  data arrival time                                               2.63799

  clock vclk (rise edge)                              10.00000   10.00000
  clock network delay (ideal)                          0.00000   10.00000
  clock reconvergence pessimism                        0.00000   10.00000
  output external delay                               -0.02000    9.98000
  data required time                                              9.98000
  ------------------------------------------------------------------------------
  data required time                                              9.98000
  data arrival time                                              -2.63799
  ------------------------------------------------------------------------------
  slack (MET)                                                     7.34201


  Startpoint: divide_mode
               (input port clocked by vclk)
  Endpoint: result[30] (output port clocked by vclk)
  Path Group: vclk
  Path Type: max

  Point                                                   Incr       Path
  ------------------------------------------------------------------------------
  clock vclk (rise edge)                               0.00000    0.00000
  clock network delay (ideal)                          0.00000    0.00000
  input external delay                                 0.02000    0.02000 r
  divide_mode (in)                                     0.00773    0.02773 r
  U131/Z (CKBD1)                                       0.09806    0.12579 r
  shared_core/U5/ZN (CKND0)                            0.14058    0.26638 f
  shared_core/U87/ZN (ND3D1)                           0.06162    0.32800 r
  shared_core/U49/ZN (ND3D1)                           0.03999    0.36799 f
  shared_core/U31/ZN (IND2D1)                          0.05934    0.42733 f
  shared_core/U48/ZN (INR2D1)                          0.03947    0.46680 r
  shared_core/U33/ZN (ND2D1)                           0.02185    0.48865 f
  shared_core/mult_20_S2/U142/ZN (INVD1)               0.02432    0.51297 r
  shared_core/mult_20_S2/U172/Z (CKXOR2D0)             0.07471    0.58768 f
  shared_core/mult_20_S2/U169/ZN (OAI22D0)             0.05580    0.64348 r
  shared_core/mult_20_S2/U31/S (FA1D0)                 0.11356    0.75703 f
  shared_core/mult_20_S2/U12/CO (FA1D0)                0.10156    0.85859 f
  shared_core/mult_20_S2/U11/CO (FA1D0)                0.05524    0.91384 f
  shared_core/mult_20_S2/U10/CO (FA1D0)                0.05524    0.96908 f
  shared_core/mult_20_S2/U9/CO (FA1D0)                 0.05524    1.02432 f
  shared_core/mult_20_S2/U8/CO (FA1D0)                 0.05524    1.07957 f
  shared_core/mult_20_S2/U7/CO (FA1D0)                 0.05524    1.13481 f
  shared_core/mult_20_S2/U6/CO (FA1D0)                 0.05524    1.19006 f
  shared_core/mult_20_S2/U5/CO (FA1D0)                 0.05524    1.24530 f
  shared_core/mult_20_S2/U4/CO (FA1D0)                 0.05524    1.30055 f
  shared_core/mult_20_S2/U3/CO (FA1D0)                 0.05524    1.35579 f
  shared_core/mult_20_S2/U2/S (FA1D0)                  0.06204    1.41784 f
  shared_core/U32/ZN (INVD1)                           0.02213    1.43997 r
  shared_core/U111/Z (CKXOR2D1)                        0.05882    1.49879 f
  shared_core/U50/Z (AO22D0)                           0.06260    1.56138 f
  shared_core/add_0_root_add_23_2/U1_14/CO (FA1D0)     0.10273    1.66412 f
  shared_core/add_0_root_add_23_2/U1_15/CO (FA1D0)     0.05598    1.72010 f
  shared_core/add_0_root_add_23_2/U1_16/Z (XOR3D1)     0.04910    1.76921 f
  U84/ZN (NR3D0)                                       0.19280    1.96200 r
  U79/ZN (INVD1)                                       0.02673    1.98873 f
  U78/ZN (IND2D1)                                      0.13461    2.12334 r
  wrapper/U47/CO (FA1D0)                               0.11171    2.23505 r
  wrapper/U48/CO (FA1D0)                               0.05151    2.28656 r
  wrapper/U49/CO (FA1D0)                               0.05151    2.33807 r
  wrapper/U50/CO (FA1D0)                               0.05151    2.38959 r
  wrapper/U51/CO (FA1D0)                               0.05151    2.44110 r
  wrapper/U52/CO (FA1D0)                               0.05240    2.49350 r
  wrapper/U62/Z (XOR3D1)                               0.06688    2.56039 f
  wrapper/U60/Z (AO22D0)                               0.07701    2.63740 f
  result[30] (out)                                     0.00000    2.63740 f
  data arrival time                                               2.63740

  clock vclk (rise edge)                              10.00000   10.00000
  clock network delay (ideal)                          0.00000   10.00000
  clock reconvergence pessimism                        0.00000   10.00000
  output external delay                               -0.02000    9.98000
  data required time                                              9.98000
  ------------------------------------------------------------------------------
  data required time                                              9.98000
  data arrival time                                              -2.63740
  ------------------------------------------------------------------------------
  slack (MET)                                                     7.34260


  Startpoint: divide_mode
               (input port clocked by vclk)
  Endpoint: result[30] (output port clocked by vclk)
  Path Group: vclk
  Path Type: max

  Point                                                   Incr       Path
  ------------------------------------------------------------------------------
  clock vclk (rise edge)                               0.00000    0.00000
  clock network delay (ideal)                          0.00000    0.00000
  input external delay                                 0.02000    0.02000 r
  divide_mode (in)                                     0.00773    0.02773 r
  U131/Z (CKBD1)                                       0.09806    0.12579 r
  shared_core/U5/ZN (CKND0)                            0.14058    0.26638 f
  shared_core/U87/ZN (ND3D1)                           0.06162    0.32800 r
  shared_core/U49/ZN (ND3D1)                           0.03999    0.36799 f
  shared_core/U31/ZN (IND2D1)                          0.05934    0.42733 f
  shared_core/U48/ZN (INR2D1)                          0.03947    0.46680 r
  shared_core/U33/ZN (ND2D1)                           0.02185    0.48865 f
  shared_core/mult_20_S2/U142/ZN (INVD1)               0.02432    0.51297 r
  shared_core/mult_20_S2/U172/Z (CKXOR2D0)             0.07471    0.58768 f
  shared_core/mult_20_S2/U169/ZN (OAI22D0)             0.05580    0.64348 r
  shared_core/mult_20_S2/U31/S (FA1D0)                 0.11356    0.75703 f
  shared_core/mult_20_S2/U12/CO (FA1D0)                0.10156    0.85859 f
  shared_core/mult_20_S2/U11/CO (FA1D0)                0.05524    0.91384 f
  shared_core/mult_20_S2/U10/CO (FA1D0)                0.05524    0.96908 f
  shared_core/mult_20_S2/U9/CO (FA1D0)                 0.05524    1.02432 f
  shared_core/mult_20_S2/U8/CO (FA1D0)                 0.05524    1.07957 f
  shared_core/mult_20_S2/U7/CO (FA1D0)                 0.05524    1.13481 f
  shared_core/mult_20_S2/U6/CO (FA1D0)                 0.05524    1.19006 f
  shared_core/mult_20_S2/U5/CO (FA1D0)                 0.05524    1.24530 f
  shared_core/mult_20_S2/U4/CO (FA1D0)                 0.05524    1.30055 f
  shared_core/mult_20_S2/U3/S (FA1D0)                  0.06204    1.36259 f
  shared_core/U18/ZN (INVD1)                           0.02203    1.38462 r
  shared_core/U110/Z (CKXOR2D1)                        0.05880    1.44343 f
  shared_core/U53/Z (AO22D0)                           0.06260    1.50602 f
  shared_core/add_0_root_add_23_2/U1_13/CO (FA1D0)     0.10273    1.60876 f
  shared_core/add_0_root_add_23_2/U1_14/CO (FA1D0)     0.05524    1.66400 f
  shared_core/add_0_root_add_23_2/U1_15/CO (FA1D0)     0.05598    1.71999 f
  shared_core/add_0_root_add_23_2/U1_16/Z (XOR3D1)     0.04910    1.76909 f
  U84/ZN (NR3D0)                                       0.19280    1.96189 r
  U79/ZN (INVD1)                                       0.02673    1.98861 f
  U78/ZN (IND2D1)                                      0.13461    2.12322 r
  wrapper/U47/CO (FA1D0)                               0.11171    2.23493 r
  wrapper/U48/CO (FA1D0)                               0.05151    2.28645 r
  wrapper/U49/CO (FA1D0)                               0.05151    2.33796 r
  wrapper/U50/CO (FA1D0)                               0.05151    2.38947 r
  wrapper/U51/CO (FA1D0)                               0.05151    2.44099 r
  wrapper/U52/CO (FA1D0)                               0.05240    2.49339 r
  wrapper/U62/Z (XOR3D1)                               0.06688    2.56027 f
  wrapper/U60/Z (AO22D0)                               0.07701    2.63728 f
  result[30] (out)                                     0.00000    2.63728 f
  data arrival time                                               2.63728

  clock vclk (rise edge)                              10.00000   10.00000
  clock network delay (ideal)                          0.00000   10.00000
  clock reconvergence pessimism                        0.00000   10.00000
  output external delay                               -0.02000    9.98000
  data required time                                              9.98000
  ------------------------------------------------------------------------------
  data required time                                              9.98000
  data arrival time                                              -2.63728
  ------------------------------------------------------------------------------
  slack (MET)                                                     7.34271


  Startpoint: divide_mode
               (input port clocked by vclk)
  Endpoint: result[30] (output port clocked by vclk)
  Path Group: vclk
  Path Type: max

  Point                                                   Incr       Path
  ------------------------------------------------------------------------------
  clock vclk (rise edge)                               0.00000    0.00000
  clock network delay (ideal)                          0.00000    0.00000
  input external delay                                 0.02000    0.02000 r
  divide_mode (in)                                     0.00773    0.02773 r
  U131/Z (CKBD1)                                       0.09806    0.12579 r
  shared_core/U5/ZN (CKND0)                            0.14058    0.26638 f
  shared_core/U87/ZN (ND3D1)                           0.06162    0.32800 r
  shared_core/U49/ZN (ND3D1)                           0.03999    0.36799 f
  shared_core/U31/ZN (IND2D1)                          0.05934    0.42733 f
  shared_core/U48/ZN (INR2D1)                          0.03947    0.46680 r
  shared_core/U33/ZN (ND2D1)                           0.02185    0.48865 f
  shared_core/mult_20_S2/U142/ZN (INVD1)               0.02432    0.51297 r
  shared_core/mult_20_S2/U172/Z (CKXOR2D0)             0.07471    0.58768 f
  shared_core/mult_20_S2/U169/ZN (OAI22D0)             0.05580    0.64348 r
  shared_core/mult_20_S2/U31/S (FA1D0)                 0.11356    0.75703 f
  shared_core/mult_20_S2/U12/CO (FA1D0)                0.10156    0.85859 f
  shared_core/mult_20_S2/U11/CO (FA1D0)                0.05524    0.91384 f
  shared_core/mult_20_S2/U10/CO (FA1D0)                0.05524    0.96908 f
  shared_core/mult_20_S2/U9/CO (FA1D0)                 0.05524    1.02432 f
  shared_core/mult_20_S2/U8/CO (FA1D0)                 0.05524    1.07957 f
  shared_core/mult_20_S2/U7/CO (FA1D0)                 0.05524    1.13481 f
  shared_core/mult_20_S2/U6/CO (FA1D0)                 0.05524    1.19006 f
  shared_core/mult_20_S2/U5/CO (FA1D0)                 0.05524    1.24530 f
  shared_core/mult_20_S2/U4/S (FA1D0)                  0.06204    1.30735 f
  shared_core/U19/ZN (INVD1)                           0.02203    1.32938 r
  shared_core/U109/Z (CKXOR2D1)                        0.05880    1.38818 f
  shared_core/U54/Z (AO22D0)                           0.06260    1.45078 f
  shared_core/add_0_root_add_23_2/U1_12/CO (FA1D0)     0.10273    1.55351 f
  shared_core/add_0_root_add_23_2/U1_13/CO (FA1D0)     0.05524    1.60876 f
  shared_core/add_0_root_add_23_2/U1_14/CO (FA1D0)     0.05524    1.66400 f
  shared_core/add_0_root_add_23_2/U1_15/CO (FA1D0)     0.05598    1.71999 f
  shared_core/add_0_root_add_23_2/U1_16/Z (XOR3D1)     0.04910    1.76909 f
  U84/ZN (NR3D0)                                       0.19280    1.96189 r
  U79/ZN (INVD1)                                       0.02673    1.98861 f
  U78/ZN (IND2D1)                                      0.13461    2.12322 r
  wrapper/U47/CO (FA1D0)                               0.11171    2.23493 r
  wrapper/U48/CO (FA1D0)                               0.05151    2.28644 r
  wrapper/U49/CO (FA1D0)                               0.05151    2.33796 r
  wrapper/U50/CO (FA1D0)                               0.05151    2.38947 r
  wrapper/U51/CO (FA1D0)                               0.05151    2.44099 r
  wrapper/U52/CO (FA1D0)                               0.05240    2.49339 r
  wrapper/U62/Z (XOR3D1)                               0.06688    2.56027 f
  wrapper/U60/Z (AO22D0)                               0.07701    2.63728 f
  result[30] (out)                                     0.00000    2.63728 f
  data arrival time                                               2.63728

  clock vclk (rise edge)                              10.00000   10.00000
  clock network delay (ideal)                          0.00000   10.00000
  clock reconvergence pessimism                        0.00000   10.00000
  output external delay                               -0.02000    9.98000
  data required time                                              9.98000
  ------------------------------------------------------------------------------
  data required time                                              9.98000
  data arrival time                                              -2.63728
  ------------------------------------------------------------------------------
  slack (MET)                                                     7.34272


  Startpoint: divide_mode
               (input port clocked by vclk)
  Endpoint: result[30] (output port clocked by vclk)
  Path Group: vclk
  Path Type: max

  Point                                                   Incr       Path
  ------------------------------------------------------------------------------
  clock vclk (rise edge)                               0.00000    0.00000
  clock network delay (ideal)                          0.00000    0.00000
  input external delay                                 0.02000    0.02000 r
  divide_mode (in)                                     0.00773    0.02773 r
  U131/Z (CKBD1)                                       0.09806    0.12579 r
  shared_core/U5/ZN (CKND0)                            0.14058    0.26638 f
  shared_core/U87/ZN (ND3D1)                           0.06162    0.32800 r
  shared_core/U49/ZN (ND3D1)                           0.03999    0.36799 f
  shared_core/U31/ZN (IND2D1)                          0.05934    0.42733 f
  shared_core/U48/ZN (INR2D1)                          0.03947    0.46680 r
  shared_core/U33/ZN (ND2D1)                           0.02185    0.48865 f
  shared_core/mult_20_S2/U142/ZN (INVD1)               0.02432    0.51297 r
  shared_core/mult_20_S2/U172/Z (CKXOR2D0)             0.07471    0.58768 f
  shared_core/mult_20_S2/U169/ZN (OAI22D0)             0.05580    0.64348 r
  shared_core/mult_20_S2/U31/S (FA1D0)                 0.11356    0.75703 f
  shared_core/mult_20_S2/U12/CO (FA1D0)                0.10156    0.85859 f
  shared_core/mult_20_S2/U11/CO (FA1D0)                0.05524    0.91384 f
  shared_core/mult_20_S2/U10/CO (FA1D0)                0.05524    0.96908 f
  shared_core/mult_20_S2/U9/CO (FA1D0)                 0.05524    1.02432 f
  shared_core/mult_20_S2/U8/CO (FA1D0)                 0.05524    1.07957 f
  shared_core/mult_20_S2/U7/CO (FA1D0)                 0.05524    1.13481 f
  shared_core/mult_20_S2/U6/CO (FA1D0)                 0.05524    1.19006 f
  shared_core/mult_20_S2/U5/S (FA1D0)                  0.06204    1.25210 f
  shared_core/U22/ZN (INVD1)                           0.02203    1.27414 r
  shared_core/U108/Z (CKXOR2D1)                        0.05880    1.33294 f
  shared_core/U56/Z (AO22D0)                           0.06260    1.39553 f
  shared_core/add_0_root_add_23_2/U1_11/CO (FA1D0)     0.10273    1.49827 f
  shared_core/add_0_root_add_23_2/U1_12/CO (FA1D0)     0.05524    1.55351 f
  shared_core/add_0_root_add_23_2/U1_13/CO (FA1D0)     0.05524    1.60876 f
  shared_core/add_0_root_add_23_2/U1_14/CO (FA1D0)     0.05524    1.66400 f
  shared_core/add_0_root_add_23_2/U1_15/CO (FA1D0)     0.05598    1.71999 f
  shared_core/add_0_root_add_23_2/U1_16/Z (XOR3D1)     0.04910    1.76909 f
  U84/ZN (NR3D0)                                       0.19280    1.96189 r
  U79/ZN (INVD1)                                       0.02673    1.98861 f
  U78/ZN (IND2D1)                                      0.13461    2.12322 r
  wrapper/U47/CO (FA1D0)                               0.11171    2.23493 r
  wrapper/U48/CO (FA1D0)                               0.05151    2.28644 r
  wrapper/U49/CO (FA1D0)                               0.05151    2.33796 r
  wrapper/U50/CO (FA1D0)                               0.05151    2.38947 r
  wrapper/U51/CO (FA1D0)                               0.05151    2.44099 r
  wrapper/U52/CO (FA1D0)                               0.05240    2.49339 r
  wrapper/U62/Z (XOR3D1)                               0.06688    2.56027 f
  wrapper/U60/Z (AO22D0)                               0.07701    2.63728 f
  result[30] (out)                                     0.00000    2.63728 f
  data arrival time                                               2.63728

  clock vclk (rise edge)                              10.00000   10.00000
  clock network delay (ideal)                          0.00000   10.00000
  clock reconvergence pessimism                        0.00000   10.00000
  output external delay                               -0.02000    9.98000
  data required time                                              9.98000
  ------------------------------------------------------------------------------
  data required time                                              9.98000
  data arrival time                                              -2.63728
  ------------------------------------------------------------------------------
  slack (MET)                                                     7.34272


  Startpoint: divide_mode
               (input port clocked by vclk)
  Endpoint: result[30] (output port clocked by vclk)
  Path Group: vclk
  Path Type: max

  Point                                                   Incr       Path
  ------------------------------------------------------------------------------
  clock vclk (rise edge)                               0.00000    0.00000
  clock network delay (ideal)                          0.00000    0.00000
  input external delay                                 0.02000    0.02000 r
  divide_mode (in)                                     0.00773    0.02773 r
  U131/Z (CKBD1)                                       0.09806    0.12579 r
  shared_core/U5/ZN (CKND0)                            0.14058    0.26638 f
  shared_core/U87/ZN (ND3D1)                           0.06162    0.32800 r
  shared_core/U49/ZN (ND3D1)                           0.03999    0.36799 f
  shared_core/U31/ZN (IND2D1)                          0.05934    0.42733 f
  shared_core/U48/ZN (INR2D1)                          0.03947    0.46680 r
  shared_core/U33/ZN (ND2D1)                           0.02185    0.48865 f
  shared_core/mult_20_S2/U142/ZN (INVD1)               0.02432    0.51297 r
  shared_core/mult_20_S2/U172/Z (CKXOR2D0)             0.07471    0.58768 f
  shared_core/mult_20_S2/U169/ZN (OAI22D0)             0.05580    0.64348 r
  shared_core/mult_20_S2/U31/S (FA1D0)                 0.11356    0.75703 f
  shared_core/mult_20_S2/U12/CO (FA1D0)                0.10156    0.85859 f
  shared_core/mult_20_S2/U11/S (FA1D0)                 0.06204    0.92064 f
  shared_core/U38/ZN (INVD1)                           0.02203    0.94267 r
  shared_core/U102/Z (CKXOR2D1)                        0.05880    1.00147 f
  shared_core/U69/Z (AO22D0)                           0.06260    1.06407 f
  shared_core/add_0_root_add_23_2/U1_5/CO (FA1D0)      0.10273    1.16680 f
  shared_core/add_0_root_add_23_2/U1_6/CO (FA1D0)      0.05524    1.22205 f
  shared_core/add_0_root_add_23_2/U1_7/CO (FA1D0)      0.05524    1.27729 f
  shared_core/add_0_root_add_23_2/U1_8/CO (FA1D0)      0.05524    1.33254 f
  shared_core/add_0_root_add_23_2/U1_9/CO (FA1D0)      0.05524    1.38778 f
  shared_core/add_0_root_add_23_2/U1_10/CO (FA1D0)     0.05524    1.44302 f
  shared_core/add_0_root_add_23_2/U1_11/CO (FA1D0)     0.05524    1.49827 f
  shared_core/add_0_root_add_23_2/U1_12/CO (FA1D0)     0.05524    1.55351 f
  shared_core/add_0_root_add_23_2/U1_13/CO (FA1D0)     0.05524    1.60876 f
  shared_core/add_0_root_add_23_2/U1_14/CO (FA1D0)     0.05524    1.66400 f
  shared_core/add_0_root_add_23_2/U1_15/CO (FA1D0)     0.05598    1.71999 f
  shared_core/add_0_root_add_23_2/U1_16/Z (XOR3D1)     0.04910    1.76909 f
  U84/ZN (NR3D0)                                       0.19280    1.96189 r
  U79/ZN (INVD1)                                       0.02673    1.98861 f
  U78/ZN (IND2D1)                                      0.13461    2.12322 r
  wrapper/U47/CO (FA1D0)                               0.11171    2.23493 r
  wrapper/U48/CO (FA1D0)                               0.05151    2.28644 r
  wrapper/U49/CO (FA1D0)                               0.05151    2.33796 r
  wrapper/U50/CO (FA1D0)                               0.05151    2.38947 r
  wrapper/U51/CO (FA1D0)                               0.05151    2.44099 r
  wrapper/U52/CO (FA1D0)                               0.05240    2.49339 r
  wrapper/U62/Z (XOR3D1)                               0.06688    2.56027 f
  wrapper/U60/Z (AO22D0)                               0.07701    2.63728 f
  result[30] (out)                                     0.00000    2.63728 f
  data arrival time                                               2.63728

  clock vclk (rise edge)                              10.00000   10.00000
  clock network delay (ideal)                          0.00000   10.00000
  clock reconvergence pessimism                        0.00000   10.00000
  output external delay                               -0.02000    9.98000
  data required time                                              9.98000
  ------------------------------------------------------------------------------
  data required time                                              9.98000
  data arrival time                                              -2.63728
  ------------------------------------------------------------------------------
  slack (MET)                                                     7.34272


  Startpoint: divide_mode
               (input port clocked by vclk)
  Endpoint: result[30] (output port clocked by vclk)
  Path Group: vclk
  Path Type: max

  Point                                                   Incr       Path
  ------------------------------------------------------------------------------
  clock vclk (rise edge)                               0.00000    0.00000
  clock network delay (ideal)                          0.00000    0.00000
  input external delay                                 0.02000    0.02000 r
  divide_mode (in)                                     0.00773    0.02773 r
  U131/Z (CKBD1)                                       0.09806    0.12579 r
  shared_core/U5/ZN (CKND0)                            0.14058    0.26638 f
  shared_core/U87/ZN (ND3D1)                           0.06162    0.32800 r
  shared_core/U49/ZN (ND3D1)                           0.03999    0.36799 f
  shared_core/U31/ZN (IND2D1)                          0.05934    0.42733 f
  shared_core/U48/ZN (INR2D1)                          0.03947    0.46680 r
  shared_core/U33/ZN (ND2D1)                           0.02185    0.48865 f
  shared_core/mult_20_S2/U142/ZN (INVD1)               0.02432    0.51297 r
  shared_core/mult_20_S2/U172/Z (CKXOR2D0)             0.07471    0.58768 f
  shared_core/mult_20_S2/U169/ZN (OAI22D0)             0.05580    0.64348 r
  shared_core/mult_20_S2/U31/S (FA1D0)                 0.11356    0.75703 f
  shared_core/mult_20_S2/U12/CO (FA1D0)                0.10156    0.85859 f
  shared_core/mult_20_S2/U11/CO (FA1D0)                0.05524    0.91384 f
  shared_core/mult_20_S2/U10/S (FA1D0)                 0.06204    0.97588 f
  shared_core/U37/ZN (INVD1)                           0.02203    0.99791 r
  shared_core/U103/Z (CKXOR2D1)                        0.05880    1.05671 f
  shared_core/U64/Z (AO22D0)                           0.06260    1.11931 f
  shared_core/add_0_root_add_23_2/U1_6/CO (FA1D0)      0.10273    1.22205 f
  shared_core/add_0_root_add_23_2/U1_7/CO (FA1D0)      0.05524    1.27729 f
  shared_core/add_0_root_add_23_2/U1_8/CO (FA1D0)      0.05524    1.33253 f
  shared_core/add_0_root_add_23_2/U1_9/CO (FA1D0)      0.05524    1.38778 f
  shared_core/add_0_root_add_23_2/U1_10/CO (FA1D0)     0.05524    1.44302 f
  shared_core/add_0_root_add_23_2/U1_11/CO (FA1D0)     0.05524    1.49827 f
  shared_core/add_0_root_add_23_2/U1_12/CO (FA1D0)     0.05524    1.55351 f
  shared_core/add_0_root_add_23_2/U1_13/CO (FA1D0)     0.05524    1.60876 f
  shared_core/add_0_root_add_23_2/U1_14/CO (FA1D0)     0.05524    1.66400 f
  shared_core/add_0_root_add_23_2/U1_15/CO (FA1D0)     0.05598    1.71998 f
  shared_core/add_0_root_add_23_2/U1_16/Z (XOR3D1)     0.04910    1.76909 f
  U84/ZN (NR3D0)                                       0.19280    1.96189 r
  U79/ZN (INVD1)                                       0.02673    1.98861 f
  U78/ZN (IND2D1)                                      0.13461    2.12322 r
  wrapper/U47/CO (FA1D0)                               0.11171    2.23493 r
  wrapper/U48/CO (FA1D0)                               0.05151    2.28644 r
  wrapper/U49/CO (FA1D0)                               0.05151    2.33796 r
  wrapper/U50/CO (FA1D0)                               0.05151    2.38947 r
  wrapper/U51/CO (FA1D0)                               0.05151    2.44099 r
  wrapper/U52/CO (FA1D0)                               0.05240    2.49338 r
  wrapper/U62/Z (XOR3D1)                               0.06688    2.56027 f
  wrapper/U60/Z (AO22D0)                               0.07701    2.63728 f
  result[30] (out)                                     0.00000    2.63728 f
  data arrival time                                               2.63728

  clock vclk (rise edge)                              10.00000   10.00000
  clock network delay (ideal)                          0.00000   10.00000
  clock reconvergence pessimism                        0.00000   10.00000
  output external delay                               -0.02000    9.98000
  data required time                                              9.98000
  ------------------------------------------------------------------------------
  data required time                                              9.98000
  data arrival time                                              -2.63728
  ------------------------------------------------------------------------------
  slack (MET)                                                     7.34272

Warning: report_timing has satisfied the max_paths criteria. There are 24 further endpoints which have paths of interest with slack less than 1000.00000 that were not considered when generating this report. (UITE-502)

1
