****************************************
Report : qor
Design : oadm_fixed_l3_opt
Version: U-2022.12-SP5
Date   : Thu Sep  3 02:56:30 2026
****************************************

  Timing Path Group 'vclk' (max_delay/setup)
  ---------------------------------------------
  Levels of Logic:                           57
  Critical Path Length:                    4.36
  Critical Path Slack:                     5.62
  Total Negative Slack:                    0.00
  No. of Violating Paths:                     0
  ---------------------------------------------

  Timing Path Group 'vclk' (min_delay/hold)
  ---------------------------------------------
  Levels of Logic:                            1
  Critical Path Length:                    0.08
  Critical Path Slack:                     0.10
  Total Negative Slack:                    0.00
  No. of Violating Paths:                     0
  ---------------------------------------------

  Area
  ---------------------------------------------
  Net Interconnect area:                   0.00
  Total cell area:                      4572.00
  Design Area:                          4572.00
  Area Cost:                           -4572.00
  ---------------------------------------------


  Cell & Pin Count
  ---------------------------------------------
  Pin Count:                               5571
  Hierarchical Cell Count:                    0
  Hierarchical Port Count:                    0
  Leaf Cell Count:                         1547
  ---------------------------------------------


  Design Rule Violations
  ---------------------------------------------
  Total No. of Pins in Design:             5571
  Total DRC Cost:                          0.00
  ---------------------------------------------

1
