****************************************
Report : qor
Design : fig8_pace_l3_d16
Version: U-2022.12-SP5
Date   : Sat Sep  5 13:09:20 2026
****************************************

  Timing Path Group 'vclk' (max_delay/setup)
  ---------------------------------------------
  Levels of Logic:                           33
  Critical Path Length:                    1.89
  Critical Path Slack:                     8.09
  Total Negative Slack:                    0.00
  No. of Violating Paths:                     0
  ---------------------------------------------

  Timing Path Group 'vclk' (min_delay/hold)
  ---------------------------------------------
  Levels of Logic:                            1
  Critical Path Length:                    0.07
  Critical Path Slack:                     0.09
  Total Negative Slack:                    0.00
  No. of Violating Paths:                     0
  ---------------------------------------------

  Area
  ---------------------------------------------
  Net Interconnect area:                   0.00
  Total cell area:                       805.68
  Design Area:                           805.68
  Area Cost:                            -805.68
  ---------------------------------------------


  Cell & Pin Count
  ---------------------------------------------
  Pin Count:                                882
  Hierarchical Cell Count:                   11
  Hierarchical Port Count:                  596
  Leaf Cell Count:                          256
  ---------------------------------------------


  Design Rule Violations
  ---------------------------------------------
  Total No. of Pins in Design:              882
  Total DRC Cost:                          0.00
  ---------------------------------------------

1
