****************************************
Report : timing
	-path_type full
	-delay_type max
	-nworst 10
	-slack_lesser_than 1000.00000
	-max_paths 10
	-sort_by slack
Design : amlib_oam_l0_fp32_common
Version: U-2022.12-SP5
Date   : Thu Sep  3 21:46:43 2026
****************************************


  Startpoint: x[1] (input port clocked by vclk)
  Endpoint: result[30] (output port clocked by vclk)
  Path Group: vclk
  Path Type: max

  Point                                                   Incr       Path
  ------------------------------------------------------------------------------
  clock vclk (rise edge)                               0.00000    0.00000
  clock network delay (ideal)                          0.00000    0.00000
  input external delay                                 0.02000    0.02000 r
  x[1] (in)                                            0.00773    0.02773 r
  impl/fp_wrapper/U108/Z (CKBD1)                       0.03621    0.06394 r
  impl/oam_core/Stage_0_0/U40/Z (CKXOR2D1)             0.06573    0.12967 r
  impl/oam_core/Stage_0_0/U8/Z (CKXOR2D1)              0.06329    0.19296 r
  impl/oam_core/Stage_1_0/U41/Z (CKXOR2D1)             0.06363    0.25659 r
  impl/oam_core/Stage_1_0/U8/Z (CKXOR2D1)              0.06020    0.31679 f
  impl/oam_core/add_131/U1_2/CO (FA1D0)                0.10017    0.41697 f
  impl/oam_core/add_131/U1_3/CO (FA1D0)                0.05513    0.47210 f
  impl/oam_core/add_131/U1_4/CO (FA1D0)                0.05524    0.52734 f
  impl/oam_core/add_131/U1_5/CO (FA1D0)                0.05524    0.58259 f
  impl/oam_core/add_131/U1_6/CO (FA1D0)                0.05524    0.63783 f
  impl/oam_core/add_131/U1_7/CO (FA1D0)                0.05524    0.69308 f
  impl/oam_core/add_131/U1_8/CO (FA1D0)                0.05524    0.74832 f
  impl/oam_core/add_131/U1_9/CO (FA1D0)                0.05524    0.80356 f
  impl/oam_core/add_131/U1_10/CO (FA1D0)               0.05524    0.85881 f
  impl/oam_core/add_131/U1_11/CO (FA1D0)               0.05524    0.91405 f
  impl/oam_core/add_131/U1_12/CO (FA1D0)               0.05524    0.96930 f
  impl/oam_core/add_131/U1_13/CO (FA1D0)               0.05524    1.02454 f
  impl/oam_core/add_131/U1_14/CO (FA1D0)               0.05524    1.07979 f
  impl/oam_core/add_131/U1_15/CO (FA1D0)               0.05524    1.13503 f
  impl/oam_core/add_131/U1_16/CO (FA1D0)               0.05524    1.19028 f
  impl/oam_core/add_131/U1_17/CO (FA1D0)               0.05524    1.24552 f
  impl/oam_core/add_131/U1_18/CO (FA1D0)               0.05524    1.30076 f
  impl/oam_core/add_131/U1_19/CO (FA1D0)               0.05524    1.35601 f
  impl/oam_core/add_131/U1_20/CO (FA1D0)               0.05524    1.41125 f
  impl/oam_core/add_131/U1_21/CO (FA1D0)               0.06573    1.47698 f
  impl/oam_core/add_131/U1/Z (AN2XD1)                  0.02832    1.50530 f
  impl/oam_core/add_131/U1_23/CO (FA1D0)               0.05075    1.55605 f
  impl/oam_core/add_131/U1_24/CO (FA1D0)               0.05587    1.61193 f
  impl/oam_core/add_131/U1_25/Z (XOR3D1)               0.04968    1.66161 f
  impl/U3/ZN (NR2D1)                                   0.12585    1.78746 r
  impl/fp_wrapper/U29/CO (FA1D0)                       0.11133    1.89879 r
  impl/fp_wrapper/U30/CO (FA1D0)                       0.05148    1.95027 r
  impl/fp_wrapper/U31/CO (FA1D0)                       0.05148    2.00176 r
  impl/fp_wrapper/U32/CO (FA1D0)                       0.05148    2.05324 r
  impl/fp_wrapper/U33/CO (FA1D0)                       0.05148    2.10472 r
  impl/fp_wrapper/U34/CO (FA1D0)                       0.05237    2.15709 r
  impl/fp_wrapper/U44/Z (XOR3D1)                       0.07833    2.23543 f
  result[30] (out)                                     0.00000    2.23543 f
  data arrival time                                               2.23543

  clock vclk (rise edge)                              10.00000   10.00000
  clock network delay (ideal)                          0.00000   10.00000
  clock reconvergence pessimism                        0.00000   10.00000
  output external delay                               -0.02000    9.98000
  data required time                                              9.98000
  ------------------------------------------------------------------------------
  data required time                                              9.98000
  data arrival time                                              -2.23543
  ------------------------------------------------------------------------------
  slack (MET)                                                     7.74457


  Startpoint: x[1] (input port clocked by vclk)
  Endpoint: result[30] (output port clocked by vclk)
  Path Group: vclk
  Path Type: max

  Point                                                   Incr       Path
  ------------------------------------------------------------------------------
  clock vclk (rise edge)                               0.00000    0.00000
  clock network delay (ideal)                          0.00000    0.00000
  input external delay                                 0.02000    0.02000 r
  x[1] (in)                                            0.00773    0.02773 r
  impl/fp_wrapper/U108/Z (CKBD1)                       0.03621    0.06394 r
  impl/oam_core/Stage_0_0/U40/Z (CKXOR2D1)             0.06573    0.12967 r
  impl/oam_core/Stage_0_0/U8/Z (CKXOR2D1)              0.06332    0.19299 f
  impl/oam_core/Stage_1_0/U41/Z (CKXOR2D1)             0.06323    0.25621 r
  impl/oam_core/Stage_1_0/U8/Z (CKXOR2D1)              0.06020    0.31642 f
  impl/oam_core/add_131/U1_2/CO (FA1D0)                0.10017    0.41659 f
  impl/oam_core/add_131/U1_3/CO (FA1D0)                0.05513    0.47172 f
  impl/oam_core/add_131/U1_4/CO (FA1D0)                0.05524    0.52697 f
  impl/oam_core/add_131/U1_5/CO (FA1D0)                0.05524    0.58221 f
  impl/oam_core/add_131/U1_6/CO (FA1D0)                0.05524    0.63745 f
  impl/oam_core/add_131/U1_7/CO (FA1D0)                0.05524    0.69270 f
  impl/oam_core/add_131/U1_8/CO (FA1D0)                0.05524    0.74794 f
  impl/oam_core/add_131/U1_9/CO (FA1D0)                0.05524    0.80319 f
  impl/oam_core/add_131/U1_10/CO (FA1D0)               0.05524    0.85843 f
  impl/oam_core/add_131/U1_11/CO (FA1D0)               0.05524    0.91368 f
  impl/oam_core/add_131/U1_12/CO (FA1D0)               0.05524    0.96892 f
  impl/oam_core/add_131/U1_13/CO (FA1D0)               0.05524    1.02417 f
  impl/oam_core/add_131/U1_14/CO (FA1D0)               0.05524    1.07941 f
  impl/oam_core/add_131/U1_15/CO (FA1D0)               0.05524    1.13465 f
  impl/oam_core/add_131/U1_16/CO (FA1D0)               0.05524    1.18990 f
  impl/oam_core/add_131/U1_17/CO (FA1D0)               0.05524    1.24514 f
  impl/oam_core/add_131/U1_18/CO (FA1D0)               0.05524    1.30039 f
  impl/oam_core/add_131/U1_19/CO (FA1D0)               0.05524    1.35563 f
  impl/oam_core/add_131/U1_20/CO (FA1D0)               0.05524    1.41088 f
  impl/oam_core/add_131/U1_21/CO (FA1D0)               0.06573    1.47660 f
  impl/oam_core/add_131/U1/Z (AN2XD1)                  0.02832    1.50493 f
  impl/oam_core/add_131/U1_23/CO (FA1D0)               0.05075    1.55568 f
  impl/oam_core/add_131/U1_24/CO (FA1D0)               0.05587    1.61155 f
  impl/oam_core/add_131/U1_25/Z (XOR3D1)               0.04968    1.66123 f
  impl/U3/ZN (NR2D1)                                   0.12585    1.78708 r
  impl/fp_wrapper/U29/CO (FA1D0)                       0.11133    1.89841 r
  impl/fp_wrapper/U30/CO (FA1D0)                       0.05148    1.94990 r
  impl/fp_wrapper/U31/CO (FA1D0)                       0.05148    2.00138 r
  impl/fp_wrapper/U32/CO (FA1D0)                       0.05148    2.05286 r
  impl/fp_wrapper/U33/CO (FA1D0)                       0.05148    2.10435 r
  impl/fp_wrapper/U34/CO (FA1D0)                       0.05237    2.15672 r
  impl/fp_wrapper/U44/Z (XOR3D1)                       0.07833    2.23505 f
  result[30] (out)                                     0.00000    2.23505 f
  data arrival time                                               2.23505

  clock vclk (rise edge)                              10.00000   10.00000
  clock network delay (ideal)                          0.00000   10.00000
  clock reconvergence pessimism                        0.00000   10.00000
  output external delay                               -0.02000    9.98000
  data required time                                              9.98000
  ------------------------------------------------------------------------------
  data required time                                              9.98000
  data arrival time                                              -2.23505
  ------------------------------------------------------------------------------
  slack (MET)                                                     7.74495


  Startpoint: x[1] (input port clocked by vclk)
  Endpoint: result[30] (output port clocked by vclk)
  Path Group: vclk
  Path Type: max

  Point                                                   Incr       Path
  ------------------------------------------------------------------------------
  clock vclk (rise edge)                               0.00000    0.00000
  clock network delay (ideal)                          0.00000    0.00000
  input external delay                                 0.02000    0.02000 r
  x[1] (in)                                            0.00773    0.02773 r
  impl/fp_wrapper/U108/Z (CKBD1)                       0.03621    0.06394 r
  impl/oam_core/Stage_0_0/U40/Z (CKXOR2D1)             0.06523    0.12916 f
  impl/oam_core/Stage_0_0/U8/Z (CKXOR2D1)              0.06287    0.19203 r
  impl/oam_core/Stage_1_0/U41/Z (CKXOR2D1)             0.06363    0.25566 r
  impl/oam_core/Stage_1_0/U8/Z (CKXOR2D1)              0.06020    0.31586 f
  impl/oam_core/add_131/U1_2/CO (FA1D0)                0.10017    0.41604 f
  impl/oam_core/add_131/U1_3/CO (FA1D0)                0.05513    0.47117 f
  impl/oam_core/add_131/U1_4/CO (FA1D0)                0.05524    0.52641 f
  impl/oam_core/add_131/U1_5/CO (FA1D0)                0.05524    0.58165 f
  impl/oam_core/add_131/U1_6/CO (FA1D0)                0.05524    0.63690 f
  impl/oam_core/add_131/U1_7/CO (FA1D0)                0.05524    0.69214 f
  impl/oam_core/add_131/U1_8/CO (FA1D0)                0.05524    0.74739 f
  impl/oam_core/add_131/U1_9/CO (FA1D0)                0.05524    0.80263 f
  impl/oam_core/add_131/U1_10/CO (FA1D0)               0.05524    0.85788 f
  impl/oam_core/add_131/U1_11/CO (FA1D0)               0.05524    0.91312 f
  impl/oam_core/add_131/U1_12/CO (FA1D0)               0.05524    0.96837 f
  impl/oam_core/add_131/U1_13/CO (FA1D0)               0.05524    1.02361 f
  impl/oam_core/add_131/U1_14/CO (FA1D0)               0.05524    1.07885 f
  impl/oam_core/add_131/U1_15/CO (FA1D0)               0.05524    1.13410 f
  impl/oam_core/add_131/U1_16/CO (FA1D0)               0.05524    1.18934 f
  impl/oam_core/add_131/U1_17/CO (FA1D0)               0.05524    1.24459 f
  impl/oam_core/add_131/U1_18/CO (FA1D0)               0.05524    1.29983 f
  impl/oam_core/add_131/U1_19/CO (FA1D0)               0.05524    1.35508 f
  impl/oam_core/add_131/U1_20/CO (FA1D0)               0.05524    1.41032 f
  impl/oam_core/add_131/U1_21/CO (FA1D0)               0.06573    1.47605 f
  impl/oam_core/add_131/U1/Z (AN2XD1)                  0.02832    1.50437 f
  impl/oam_core/add_131/U1_23/CO (FA1D0)               0.05075    1.55512 f
  impl/oam_core/add_131/U1_24/CO (FA1D0)               0.05587    1.61100 f
  impl/oam_core/add_131/U1_25/Z (XOR3D1)               0.04968    1.66067 f
  impl/U3/ZN (NR2D1)                                   0.12585    1.78653 r
  impl/fp_wrapper/U29/CO (FA1D0)                       0.11133    1.89786 r
  impl/fp_wrapper/U30/CO (FA1D0)                       0.05148    1.94934 r
  impl/fp_wrapper/U31/CO (FA1D0)                       0.05148    2.00082 r
  impl/fp_wrapper/U32/CO (FA1D0)                       0.05148    2.05231 r
  impl/fp_wrapper/U33/CO (FA1D0)                       0.05148    2.10379 r
  impl/fp_wrapper/U34/CO (FA1D0)                       0.05237    2.15616 r
  impl/fp_wrapper/U44/Z (XOR3D1)                       0.07833    2.23449 f
  result[30] (out)                                     0.00000    2.23449 f
  data arrival time                                               2.23449

  clock vclk (rise edge)                              10.00000   10.00000
  clock network delay (ideal)                          0.00000   10.00000
  clock reconvergence pessimism                        0.00000   10.00000
  output external delay                               -0.02000    9.98000
  data required time                                              9.98000
  ------------------------------------------------------------------------------
  data required time                                              9.98000
  data arrival time                                              -2.23449
  ------------------------------------------------------------------------------
  slack (MET)                                                     7.74551


  Startpoint: x[0] (input port clocked by vclk)
  Endpoint: result[30] (output port clocked by vclk)
  Path Group: vclk
  Path Type: max

  Point                                                   Incr       Path
  ------------------------------------------------------------------------------
  clock vclk (rise edge)                               0.00000    0.00000
  clock network delay (ideal)                          0.00000    0.00000
  input external delay                                 0.02000    0.02000 r
  x[0] (in)                                            0.00773    0.02773 r
  impl/fp_wrapper/U109/Z (CKBD1)                       0.03454    0.06227 r
  impl/oam_core/Stage_0_0/U50/Z (CKXOR2D1)             0.06477    0.12703 f
  impl/oam_core/Stage_0_0/U25/Z (AO22D0)               0.07064    0.19768 f
  impl/oam_core/Stage_1_0/U41/Z (CKXOR2D1)             0.05254    0.25022 r
  impl/oam_core/Stage_1_0/U8/Z (CKXOR2D1)              0.06020    0.31042 f
  impl/oam_core/add_131/U1_2/CO (FA1D0)                0.10017    0.41060 f
  impl/oam_core/add_131/U1_3/CO (FA1D0)                0.05513    0.46573 f
  impl/oam_core/add_131/U1_4/CO (FA1D0)                0.05524    0.52097 f
  impl/oam_core/add_131/U1_5/CO (FA1D0)                0.05524    0.57622 f
  impl/oam_core/add_131/U1_6/CO (FA1D0)                0.05524    0.63146 f
  impl/oam_core/add_131/U1_7/CO (FA1D0)                0.05524    0.68670 f
  impl/oam_core/add_131/U1_8/CO (FA1D0)                0.05524    0.74195 f
  impl/oam_core/add_131/U1_9/CO (FA1D0)                0.05524    0.79719 f
  impl/oam_core/add_131/U1_10/CO (FA1D0)               0.05524    0.85244 f
  impl/oam_core/add_131/U1_11/CO (FA1D0)               0.05524    0.90768 f
  impl/oam_core/add_131/U1_12/CO (FA1D0)               0.05524    0.96293 f
  impl/oam_core/add_131/U1_13/CO (FA1D0)               0.05524    1.01817 f
  impl/oam_core/add_131/U1_14/CO (FA1D0)               0.05524    1.07342 f
  impl/oam_core/add_131/U1_15/CO (FA1D0)               0.05524    1.12866 f
  impl/oam_core/add_131/U1_16/CO (FA1D0)               0.05524    1.18391 f
  impl/oam_core/add_131/U1_17/CO (FA1D0)               0.05524    1.23915 f
  impl/oam_core/add_131/U1_18/CO (FA1D0)               0.05524    1.29439 f
  impl/oam_core/add_131/U1_19/CO (FA1D0)               0.05524    1.34964 f
  impl/oam_core/add_131/U1_20/CO (FA1D0)               0.05524    1.40488 f
  impl/oam_core/add_131/U1_21/CO (FA1D0)               0.06573    1.47061 f
  impl/oam_core/add_131/U1/Z (AN2XD1)                  0.02832    1.49893 f
  impl/oam_core/add_131/U1_23/CO (FA1D0)               0.05075    1.54968 f
  impl/oam_core/add_131/U1_24/CO (FA1D0)               0.05587    1.60556 f
  impl/oam_core/add_131/U1_25/Z (XOR3D1)               0.04968    1.65524 f
  impl/U3/ZN (NR2D1)                                   0.12585    1.78109 r
  impl/fp_wrapper/U29/CO (FA1D0)                       0.11133    1.89242 r
  impl/fp_wrapper/U30/CO (FA1D0)                       0.05148    1.94390 r
  impl/fp_wrapper/U31/CO (FA1D0)                       0.05148    1.99539 r
  impl/fp_wrapper/U32/CO (FA1D0)                       0.05148    2.04687 r
  impl/fp_wrapper/U33/CO (FA1D0)                       0.05148    2.09835 r
  impl/fp_wrapper/U34/CO (FA1D0)                       0.05237    2.15072 r
  impl/fp_wrapper/U44/Z (XOR3D1)                       0.07833    2.22906 f
  result[30] (out)                                     0.00000    2.22906 f
  data arrival time                                               2.22906

  clock vclk (rise edge)                              10.00000   10.00000
  clock network delay (ideal)                          0.00000   10.00000
  clock reconvergence pessimism                        0.00000   10.00000
  output external delay                               -0.02000    9.98000
  data required time                                              9.98000
  ------------------------------------------------------------------------------
  data required time                                              9.98000
  data arrival time                                              -2.22906
  ------------------------------------------------------------------------------
  slack (MET)                                                     7.75094


  Startpoint: x[1] (input port clocked by vclk)
  Endpoint: result[30] (output port clocked by vclk)
  Path Group: vclk
  Path Type: max

  Point                                                   Incr       Path
  ------------------------------------------------------------------------------
  clock vclk (rise edge)                               0.00000    0.00000
  clock network delay (ideal)                          0.00000    0.00000
  input external delay                                 0.02000    0.02000 f
  x[1] (in)                                            0.00470    0.02470 f
  impl/fp_wrapper/U108/Z (CKBD1)                       0.03267    0.05737 f
  impl/oam_core/Stage_0_0/U40/Z (CKXOR2D1)             0.06367    0.12104 r
  impl/oam_core/Stage_0_0/U8/Z (CKXOR2D1)              0.06329    0.18434 r
  impl/oam_core/Stage_1_0/U41/Z (CKXOR2D1)             0.06363    0.24797 r
  impl/oam_core/Stage_1_0/U8/Z (CKXOR2D1)              0.06020    0.30817 f
  impl/oam_core/add_131/U1_2/CO (FA1D0)                0.10017    0.40834 f
  impl/oam_core/add_131/U1_3/CO (FA1D0)                0.05513    0.46348 f
  impl/oam_core/add_131/U1_4/CO (FA1D0)                0.05524    0.51872 f
  impl/oam_core/add_131/U1_5/CO (FA1D0)                0.05524    0.57396 f
  impl/oam_core/add_131/U1_6/CO (FA1D0)                0.05524    0.62921 f
  impl/oam_core/add_131/U1_7/CO (FA1D0)                0.05524    0.68445 f
  impl/oam_core/add_131/U1_8/CO (FA1D0)                0.05524    0.73970 f
  impl/oam_core/add_131/U1_9/CO (FA1D0)                0.05524    0.79494 f
  impl/oam_core/add_131/U1_10/CO (FA1D0)               0.05524    0.85019 f
  impl/oam_core/add_131/U1_11/CO (FA1D0)               0.05524    0.90543 f
  impl/oam_core/add_131/U1_12/CO (FA1D0)               0.05524    0.96067 f
  impl/oam_core/add_131/U1_13/CO (FA1D0)               0.05524    1.01592 f
  impl/oam_core/add_131/U1_14/CO (FA1D0)               0.05524    1.07116 f
  impl/oam_core/add_131/U1_15/CO (FA1D0)               0.05524    1.12641 f
  impl/oam_core/add_131/U1_16/CO (FA1D0)               0.05524    1.18165 f
  impl/oam_core/add_131/U1_17/CO (FA1D0)               0.05524    1.23690 f
  impl/oam_core/add_131/U1_18/CO (FA1D0)               0.05524    1.29214 f
  impl/oam_core/add_131/U1_19/CO (FA1D0)               0.05524    1.34739 f
  impl/oam_core/add_131/U1_20/CO (FA1D0)               0.05524    1.40263 f
  impl/oam_core/add_131/U1_21/CO (FA1D0)               0.06573    1.46836 f
  impl/oam_core/add_131/U1/Z (AN2XD1)                  0.02832    1.49668 f
  impl/oam_core/add_131/U1_23/CO (FA1D0)               0.05075    1.54743 f
  impl/oam_core/add_131/U1_24/CO (FA1D0)               0.05587    1.60330 f
  impl/oam_core/add_131/U1_25/Z (XOR3D1)               0.04968    1.65298 f
  impl/U3/ZN (NR2D1)                                   0.12585    1.77884 r
  impl/fp_wrapper/U29/CO (FA1D0)                       0.11133    1.89016 r
  impl/fp_wrapper/U30/CO (FA1D0)                       0.05148    1.94165 r
  impl/fp_wrapper/U31/CO (FA1D0)                       0.05148    1.99313 r
  impl/fp_wrapper/U32/CO (FA1D0)                       0.05148    2.04462 r
  impl/fp_wrapper/U33/CO (FA1D0)                       0.05148    2.09610 r
  impl/fp_wrapper/U34/CO (FA1D0)                       0.05237    2.14847 r
  impl/fp_wrapper/U44/Z (XOR3D1)                       0.07833    2.22680 f
  result[30] (out)                                     0.00000    2.22680 f
  data arrival time                                               2.22680

  clock vclk (rise edge)                              10.00000   10.00000
  clock network delay (ideal)                          0.00000   10.00000
  clock reconvergence pessimism                        0.00000   10.00000
  output external delay                               -0.02000    9.98000
  data required time                                              9.98000
  ------------------------------------------------------------------------------
  data required time                                              9.98000
  data arrival time                                              -2.22680
  ------------------------------------------------------------------------------
  slack (MET)                                                     7.75320


  Startpoint: x[1] (input port clocked by vclk)
  Endpoint: result[30] (output port clocked by vclk)
  Path Group: vclk
  Path Type: max

  Point                                                   Incr       Path
  ------------------------------------------------------------------------------
  clock vclk (rise edge)                               0.00000    0.00000
  clock network delay (ideal)                          0.00000    0.00000
  input external delay                                 0.02000    0.02000 r
  x[1] (in)                                            0.00773    0.02773 r
  impl/fp_wrapper/U108/Z (CKBD1)                       0.03621    0.06394 r
  impl/oam_core/Stage_0_0/U40/Z (CKXOR2D1)             0.06573    0.12967 r
  impl/oam_core/Stage_0_0/U8/Z (CKXOR2D1)              0.06329    0.19296 r
  impl/oam_core/Stage_1_0/U41/Z (CKXOR2D1)             0.06363    0.25659 r
  impl/oam_core/Stage_1_0/U8/Z (CKXOR2D1)              0.06020    0.31679 f
  impl/oam_core/add_131/U1_2/CO (FA1D0)                0.10017    0.41697 f
  impl/oam_core/add_131/U1_3/CO (FA1D0)                0.05513    0.47210 f
  impl/oam_core/add_131/U1_4/CO (FA1D0)                0.05524    0.52734 f
  impl/oam_core/add_131/U1_5/CO (FA1D0)                0.05524    0.58259 f
  impl/oam_core/add_131/U1_6/CO (FA1D0)                0.05524    0.63783 f
  impl/oam_core/add_131/U1_7/CO (FA1D0)                0.05524    0.69308 f
  impl/oam_core/add_131/U1_8/CO (FA1D0)                0.05524    0.74832 f
  impl/oam_core/add_131/U1_9/CO (FA1D0)                0.05524    0.80356 f
  impl/oam_core/add_131/U1_10/CO (FA1D0)               0.05524    0.85881 f
  impl/oam_core/add_131/U1_11/CO (FA1D0)               0.05524    0.91405 f
  impl/oam_core/add_131/U1_12/CO (FA1D0)               0.05524    0.96930 f
  impl/oam_core/add_131/U1_13/CO (FA1D0)               0.05524    1.02454 f
  impl/oam_core/add_131/U1_14/CO (FA1D0)               0.05524    1.07979 f
  impl/oam_core/add_131/U1_15/CO (FA1D0)               0.05524    1.13503 f
  impl/oam_core/add_131/U1_16/CO (FA1D0)               0.05524    1.19028 f
  impl/oam_core/add_131/U1_17/CO (FA1D0)               0.05524    1.24552 f
  impl/oam_core/add_131/U1_18/CO (FA1D0)               0.05524    1.30076 f
  impl/oam_core/add_131/U1_19/CO (FA1D0)               0.05524    1.35601 f
  impl/oam_core/add_131/U1_20/CO (FA1D0)               0.05524    1.41125 f
  impl/oam_core/add_131/U1_21/CO (FA1D0)               0.06573    1.47698 f
  impl/oam_core/add_131/U1/Z (AN2XD1)                  0.02832    1.50530 f
  impl/oam_core/add_131/U1_23/CO (FA1D0)               0.05075    1.55605 f
  impl/oam_core/add_131/U1_24/CO (FA1D0)               0.05587    1.61193 f
  impl/oam_core/add_131/U1_25/Z (XOR3D1)               0.04968    1.66161 f
  impl/U3/ZN (NR2D1)                                   0.12585    1.78746 r
  impl/fp_wrapper/U29/CO (FA1D0)                       0.11133    1.89879 r
  impl/fp_wrapper/U30/CO (FA1D0)                       0.05148    1.95027 r
  impl/fp_wrapper/U31/CO (FA1D0)                       0.05148    2.00176 r
  impl/fp_wrapper/U32/CO (FA1D0)                       0.05148    2.05324 r
  impl/fp_wrapper/U33/CO (FA1D0)                       0.05148    2.10472 r
  impl/fp_wrapper/U34/CO (FA1D0)                       0.05237    2.15709 r
  impl/fp_wrapper/U44/Z (XOR3D1)                       0.06965    2.22675 r
  result[30] (out)                                     0.00000    2.22675 r
  data arrival time                                               2.22675

  clock vclk (rise edge)                              10.00000   10.00000
  clock network delay (ideal)                          0.00000   10.00000
  clock reconvergence pessimism                        0.00000   10.00000
  output external delay                               -0.02000    9.98000
  data required time                                              9.98000
  ------------------------------------------------------------------------------
  data required time                                              9.98000
  data arrival time                                              -2.22675
  ------------------------------------------------------------------------------
  slack (MET)                                                     7.75325


  Startpoint: x[1] (input port clocked by vclk)
  Endpoint: result[30] (output port clocked by vclk)
  Path Group: vclk
  Path Type: max

  Point                                                   Incr       Path
  ------------------------------------------------------------------------------
  clock vclk (rise edge)                               0.00000    0.00000
  clock network delay (ideal)                          0.00000    0.00000
  input external delay                                 0.02000    0.02000 f
  x[1] (in)                                            0.00470    0.02470 f
  impl/fp_wrapper/U108/Z (CKBD1)                       0.03267    0.05737 f
  impl/oam_core/Stage_0_0/U40/Z (CKXOR2D1)             0.06367    0.12104 r
  impl/oam_core/Stage_0_0/U8/Z (CKXOR2D1)              0.06332    0.18436 f
  impl/oam_core/Stage_1_0/U41/Z (CKXOR2D1)             0.06323    0.24759 r
  impl/oam_core/Stage_1_0/U8/Z (CKXOR2D1)              0.06020    0.30780 f
  impl/oam_core/add_131/U1_2/CO (FA1D0)                0.10017    0.40797 f
  impl/oam_core/add_131/U1_3/CO (FA1D0)                0.05513    0.46310 f
  impl/oam_core/add_131/U1_4/CO (FA1D0)                0.05524    0.51834 f
  impl/oam_core/add_131/U1_5/CO (FA1D0)                0.05524    0.57359 f
  impl/oam_core/add_131/U1_6/CO (FA1D0)                0.05524    0.62883 f
  impl/oam_core/add_131/U1_7/CO (FA1D0)                0.05524    0.68408 f
  impl/oam_core/add_131/U1_8/CO (FA1D0)                0.05524    0.73932 f
  impl/oam_core/add_131/U1_9/CO (FA1D0)                0.05524    0.79456 f
  impl/oam_core/add_131/U1_10/CO (FA1D0)               0.05524    0.84981 f
  impl/oam_core/add_131/U1_11/CO (FA1D0)               0.05524    0.90505 f
  impl/oam_core/add_131/U1_12/CO (FA1D0)               0.05524    0.96030 f
  impl/oam_core/add_131/U1_13/CO (FA1D0)               0.05524    1.01554 f
  impl/oam_core/add_131/U1_14/CO (FA1D0)               0.05524    1.07079 f
  impl/oam_core/add_131/U1_15/CO (FA1D0)               0.05524    1.12603 f
  impl/oam_core/add_131/U1_16/CO (FA1D0)               0.05524    1.18128 f
  impl/oam_core/add_131/U1_17/CO (FA1D0)               0.05524    1.23652 f
  impl/oam_core/add_131/U1_18/CO (FA1D0)               0.05524    1.29176 f
  impl/oam_core/add_131/U1_19/CO (FA1D0)               0.05524    1.34701 f
  impl/oam_core/add_131/U1_20/CO (FA1D0)               0.05524    1.40225 f
  impl/oam_core/add_131/U1_21/CO (FA1D0)               0.06573    1.46798 f
  impl/oam_core/add_131/U1/Z (AN2XD1)                  0.02832    1.49631 f
  impl/oam_core/add_131/U1_23/CO (FA1D0)               0.05075    1.54705 f
  impl/oam_core/add_131/U1_24/CO (FA1D0)               0.05587    1.60293 f
  impl/oam_core/add_131/U1_25/Z (XOR3D1)               0.04968    1.65261 f
  impl/U3/ZN (NR2D1)                                   0.12585    1.77846 r
  impl/fp_wrapper/U29/CO (FA1D0)                       0.11133    1.88979 r
  impl/fp_wrapper/U30/CO (FA1D0)                       0.05148    1.94127 r
  impl/fp_wrapper/U31/CO (FA1D0)                       0.05148    1.99276 r
  impl/fp_wrapper/U32/CO (FA1D0)                       0.05148    2.04424 r
  impl/fp_wrapper/U33/CO (FA1D0)                       0.05148    2.09573 r
  impl/fp_wrapper/U34/CO (FA1D0)                       0.05237    2.14809 r
  impl/fp_wrapper/U44/Z (XOR3D1)                       0.07833    2.22643 f
  result[30] (out)                                     0.00000    2.22643 f
  data arrival time                                               2.22643

  clock vclk (rise edge)                              10.00000   10.00000
  clock network delay (ideal)                          0.00000   10.00000
  clock reconvergence pessimism                        0.00000   10.00000
  output external delay                               -0.02000    9.98000
  data required time                                              9.98000
  ------------------------------------------------------------------------------
  data required time                                              9.98000
  data arrival time                                              -2.22643
  ------------------------------------------------------------------------------
  slack (MET)                                                     7.75357


  Startpoint: x[1] (input port clocked by vclk)
  Endpoint: result[30] (output port clocked by vclk)
  Path Group: vclk
  Path Type: max

  Point                                                   Incr       Path
  ------------------------------------------------------------------------------
  clock vclk (rise edge)                               0.00000    0.00000
  clock network delay (ideal)                          0.00000    0.00000
  input external delay                                 0.02000    0.02000 r
  x[1] (in)                                            0.00773    0.02773 r
  impl/fp_wrapper/U108/Z (CKBD1)                       0.03621    0.06394 r
  impl/oam_core/Stage_0_0/U40/Z (CKXOR2D1)             0.06573    0.12967 r
  impl/oam_core/Stage_0_0/U8/Z (CKXOR2D1)              0.06332    0.19299 f
  impl/oam_core/Stage_1_0/U41/Z (CKXOR2D1)             0.06323    0.25621 r
  impl/oam_core/Stage_1_0/U8/Z (CKXOR2D1)              0.06020    0.31642 f
  impl/oam_core/add_131/U1_2/CO (FA1D0)                0.10017    0.41659 f
  impl/oam_core/add_131/U1_3/CO (FA1D0)                0.05513    0.47172 f
  impl/oam_core/add_131/U1_4/CO (FA1D0)                0.05524    0.52697 f
  impl/oam_core/add_131/U1_5/CO (FA1D0)                0.05524    0.58221 f
  impl/oam_core/add_131/U1_6/CO (FA1D0)                0.05524    0.63745 f
  impl/oam_core/add_131/U1_7/CO (FA1D0)                0.05524    0.69270 f
  impl/oam_core/add_131/U1_8/CO (FA1D0)                0.05524    0.74794 f
  impl/oam_core/add_131/U1_9/CO (FA1D0)                0.05524    0.80319 f
  impl/oam_core/add_131/U1_10/CO (FA1D0)               0.05524    0.85843 f
  impl/oam_core/add_131/U1_11/CO (FA1D0)               0.05524    0.91368 f
  impl/oam_core/add_131/U1_12/CO (FA1D0)               0.05524    0.96892 f
  impl/oam_core/add_131/U1_13/CO (FA1D0)               0.05524    1.02417 f
  impl/oam_core/add_131/U1_14/CO (FA1D0)               0.05524    1.07941 f
  impl/oam_core/add_131/U1_15/CO (FA1D0)               0.05524    1.13465 f
  impl/oam_core/add_131/U1_16/CO (FA1D0)               0.05524    1.18990 f
  impl/oam_core/add_131/U1_17/CO (FA1D0)               0.05524    1.24514 f
  impl/oam_core/add_131/U1_18/CO (FA1D0)               0.05524    1.30039 f
  impl/oam_core/add_131/U1_19/CO (FA1D0)               0.05524    1.35563 f
  impl/oam_core/add_131/U1_20/CO (FA1D0)               0.05524    1.41088 f
  impl/oam_core/add_131/U1_21/CO (FA1D0)               0.06573    1.47660 f
  impl/oam_core/add_131/U1/Z (AN2XD1)                  0.02832    1.50493 f
  impl/oam_core/add_131/U1_23/CO (FA1D0)               0.05075    1.55568 f
  impl/oam_core/add_131/U1_24/CO (FA1D0)               0.05587    1.61155 f
  impl/oam_core/add_131/U1_25/Z (XOR3D1)               0.04968    1.66123 f
  impl/U3/ZN (NR2D1)                                   0.12585    1.78708 r
  impl/fp_wrapper/U29/CO (FA1D0)                       0.11133    1.89841 r
  impl/fp_wrapper/U30/CO (FA1D0)                       0.05148    1.94990 r
  impl/fp_wrapper/U31/CO (FA1D0)                       0.05148    2.00138 r
  impl/fp_wrapper/U32/CO (FA1D0)                       0.05148    2.05286 r
  impl/fp_wrapper/U33/CO (FA1D0)                       0.05148    2.10435 r
  impl/fp_wrapper/U34/CO (FA1D0)                       0.05237    2.15672 r
  impl/fp_wrapper/U44/Z (XOR3D1)                       0.06965    2.22637 r
  result[30] (out)                                     0.00000    2.22637 r
  data arrival time                                               2.22637

  clock vclk (rise edge)                              10.00000   10.00000
  clock network delay (ideal)                          0.00000   10.00000
  clock reconvergence pessimism                        0.00000   10.00000
  output external delay                               -0.02000    9.98000
  data required time                                              9.98000
  ------------------------------------------------------------------------------
  data required time                                              9.98000
  data arrival time                                              -2.22637
  ------------------------------------------------------------------------------
  slack (MET)                                                     7.75363


  Startpoint: x[1] (input port clocked by vclk)
  Endpoint: result[30] (output port clocked by vclk)
  Path Group: vclk
  Path Type: max

  Point                                                   Incr       Path
  ------------------------------------------------------------------------------
  clock vclk (rise edge)                               0.00000    0.00000
  clock network delay (ideal)                          0.00000    0.00000
  input external delay                                 0.02000    0.02000 r
  x[1] (in)                                            0.00773    0.02773 r
  impl/fp_wrapper/U108/Z (CKBD1)                       0.03621    0.06394 r
  impl/oam_core/Stage_0_0/U40/Z (CKXOR2D1)             0.06523    0.12916 f
  impl/oam_core/Stage_0_0/U8/Z (CKXOR2D1)              0.06287    0.19203 r
  impl/oam_core/Stage_1_0/U41/Z (CKXOR2D1)             0.06363    0.25566 r
  impl/oam_core/Stage_1_0/U8/Z (CKXOR2D1)              0.06020    0.31586 f
  impl/oam_core/add_131/U1_2/CO (FA1D0)                0.10017    0.41604 f
  impl/oam_core/add_131/U1_3/CO (FA1D0)                0.05513    0.47117 f
  impl/oam_core/add_131/U1_4/CO (FA1D0)                0.05524    0.52641 f
  impl/oam_core/add_131/U1_5/CO (FA1D0)                0.05524    0.58165 f
  impl/oam_core/add_131/U1_6/CO (FA1D0)                0.05524    0.63690 f
  impl/oam_core/add_131/U1_7/CO (FA1D0)                0.05524    0.69214 f
  impl/oam_core/add_131/U1_8/CO (FA1D0)                0.05524    0.74739 f
  impl/oam_core/add_131/U1_9/CO (FA1D0)                0.05524    0.80263 f
  impl/oam_core/add_131/U1_10/CO (FA1D0)               0.05524    0.85788 f
  impl/oam_core/add_131/U1_11/CO (FA1D0)               0.05524    0.91312 f
  impl/oam_core/add_131/U1_12/CO (FA1D0)               0.05524    0.96837 f
  impl/oam_core/add_131/U1_13/CO (FA1D0)               0.05524    1.02361 f
  impl/oam_core/add_131/U1_14/CO (FA1D0)               0.05524    1.07885 f
  impl/oam_core/add_131/U1_15/CO (FA1D0)               0.05524    1.13410 f
  impl/oam_core/add_131/U1_16/CO (FA1D0)               0.05524    1.18934 f
  impl/oam_core/add_131/U1_17/CO (FA1D0)               0.05524    1.24459 f
  impl/oam_core/add_131/U1_18/CO (FA1D0)               0.05524    1.29983 f
  impl/oam_core/add_131/U1_19/CO (FA1D0)               0.05524    1.35508 f
  impl/oam_core/add_131/U1_20/CO (FA1D0)               0.05524    1.41032 f
  impl/oam_core/add_131/U1_21/CO (FA1D0)               0.06573    1.47605 f
  impl/oam_core/add_131/U1/Z (AN2XD1)                  0.02832    1.50437 f
  impl/oam_core/add_131/U1_23/CO (FA1D0)               0.05075    1.55512 f
  impl/oam_core/add_131/U1_24/CO (FA1D0)               0.05587    1.61100 f
  impl/oam_core/add_131/U1_25/Z (XOR3D1)               0.04968    1.66067 f
  impl/U3/ZN (NR2D1)                                   0.12585    1.78653 r
  impl/fp_wrapper/U29/CO (FA1D0)                       0.11133    1.89786 r
  impl/fp_wrapper/U30/CO (FA1D0)                       0.05148    1.94934 r
  impl/fp_wrapper/U31/CO (FA1D0)                       0.05148    2.00082 r
  impl/fp_wrapper/U32/CO (FA1D0)                       0.05148    2.05231 r
  impl/fp_wrapper/U33/CO (FA1D0)                       0.05148    2.10379 r
  impl/fp_wrapper/U34/CO (FA1D0)                       0.05237    2.15616 r
  impl/fp_wrapper/U44/Z (XOR3D1)                       0.06965    2.22582 r
  result[30] (out)                                     0.00000    2.22582 r
  data arrival time                                               2.22582

  clock vclk (rise edge)                              10.00000   10.00000
  clock network delay (ideal)                          0.00000   10.00000
  clock reconvergence pessimism                        0.00000   10.00000
  output external delay                               -0.02000    9.98000
  data required time                                              9.98000
  ------------------------------------------------------------------------------
  data required time                                              9.98000
  data arrival time                                              -2.22582
  ------------------------------------------------------------------------------
  slack (MET)                                                     7.75418


  Startpoint: y[1] (input port clocked by vclk)
  Endpoint: result[30] (output port clocked by vclk)
  Path Group: vclk
  Path Type: max

  Point                                                   Incr       Path
  ------------------------------------------------------------------------------
  clock vclk (rise edge)                               0.00000    0.00000
  clock network delay (ideal)                          0.00000    0.00000
  input external delay                                 0.02000    0.02000 r
  y[1] (in)                                            0.00773    0.02773 r
  impl/fp_wrapper/U45/Z (CKBD1)                        0.03730    0.06503 r
  impl/oam_core/Stage_0_0/U40/Z (CKXOR2D1)             0.05540    0.12043 f
  impl/oam_core/Stage_0_0/U8/Z (CKXOR2D1)              0.06287    0.18329 r
  impl/oam_core/Stage_1_0/U41/Z (CKXOR2D1)             0.06363    0.24692 r
  impl/oam_core/Stage_1_0/U8/Z (CKXOR2D1)              0.06020    0.30713 f
  impl/oam_core/add_131/U1_2/CO (FA1D0)                0.10017    0.40730 f
  impl/oam_core/add_131/U1_3/CO (FA1D0)                0.05513    0.46243 f
  impl/oam_core/add_131/U1_4/CO (FA1D0)                0.05524    0.51767 f
  impl/oam_core/add_131/U1_5/CO (FA1D0)                0.05524    0.57292 f
  impl/oam_core/add_131/U1_6/CO (FA1D0)                0.05524    0.62816 f
  impl/oam_core/add_131/U1_7/CO (FA1D0)                0.05524    0.68341 f
  impl/oam_core/add_131/U1_8/CO (FA1D0)                0.05524    0.73865 f
  impl/oam_core/add_131/U1_9/CO (FA1D0)                0.05524    0.79390 f
  impl/oam_core/add_131/U1_10/CO (FA1D0)               0.05524    0.84914 f
  impl/oam_core/add_131/U1_11/CO (FA1D0)               0.05524    0.90439 f
  impl/oam_core/add_131/U1_12/CO (FA1D0)               0.05524    0.95963 f
  impl/oam_core/add_131/U1_13/CO (FA1D0)               0.05524    1.01487 f
  impl/oam_core/add_131/U1_14/CO (FA1D0)               0.05524    1.07012 f
  impl/oam_core/add_131/U1_15/CO (FA1D0)               0.05524    1.12536 f
  impl/oam_core/add_131/U1_16/CO (FA1D0)               0.05524    1.18061 f
  impl/oam_core/add_131/U1_17/CO (FA1D0)               0.05524    1.23585 f
  impl/oam_core/add_131/U1_18/CO (FA1D0)               0.05524    1.29110 f
  impl/oam_core/add_131/U1_19/CO (FA1D0)               0.05524    1.34634 f
  impl/oam_core/add_131/U1_20/CO (FA1D0)               0.05524    1.40159 f
  impl/oam_core/add_131/U1_21/CO (FA1D0)               0.06573    1.46731 f
  impl/oam_core/add_131/U1/Z (AN2XD1)                  0.02832    1.49564 f
  impl/oam_core/add_131/U1_23/CO (FA1D0)               0.05075    1.54639 f
  impl/oam_core/add_131/U1_24/CO (FA1D0)               0.05587    1.60226 f
  impl/oam_core/add_131/U1_25/Z (XOR3D1)               0.04968    1.65194 f
  impl/U3/ZN (NR2D1)                                   0.12585    1.77779 r
  impl/fp_wrapper/U29/CO (FA1D0)                       0.11133    1.88912 r
  impl/fp_wrapper/U30/CO (FA1D0)                       0.05148    1.94060 r
  impl/fp_wrapper/U31/CO (FA1D0)                       0.05148    1.99209 r
  impl/fp_wrapper/U32/CO (FA1D0)                       0.05148    2.04357 r
  impl/fp_wrapper/U33/CO (FA1D0)                       0.05148    2.09506 r
  impl/fp_wrapper/U34/CO (FA1D0)                       0.05237    2.14743 r
  impl/fp_wrapper/U44/Z (XOR3D1)                       0.07833    2.22576 f
  result[30] (out)                                     0.00000    2.22576 f
  data arrival time                                               2.22576

  clock vclk (rise edge)                              10.00000   10.00000
  clock network delay (ideal)                          0.00000   10.00000
  clock reconvergence pessimism                        0.00000   10.00000
  output external delay                               -0.02000    9.98000
  data required time                                              9.98000
  ------------------------------------------------------------------------------
  data required time                                              9.98000
  data arrival time                                              -2.22576
  ------------------------------------------------------------------------------
  slack (MET)                                                     7.75424

Warning: report_timing has satisfied the max_paths criteria. There are 31 further endpoints which have paths of interest with slack less than 1000.00000 that were not considered when generating this report. (UITE-502)

1
