****************************************
Report : Averaged Power
	-significant_digits
Design : top
Version: U-2022.12-SP5
Date   : Thu Sep  3 12:36:57 2026
****************************************



  Attributes
  ----------
      i  -  Including register clock pin internal power
      u  -  User defined power group

                        Internal             Switching            Leakage              Total
Power Group             Power                Power                Power                Power               (     %)   Attrs
----------------------------------------------------------------------------------------------------------------------------
clock_network           0.00000e+00          0.00000e+00          0.00000e+00          0.00000e+00         ( 0.00%)   i
register                0.00000e+00          0.00000e+00          0.00000e+00          0.00000e+00         ( 0.00%)   
combinational           3.02925e-05          1.26121e-05          6.24822e-06          4.91528e-05         (100.00%)  
sequential              0.00000e+00          0.00000e+00          0.00000e+00          0.00000e+00         ( 0.00%)   
memory                  0.00000e+00          0.00000e+00          0.00000e+00          0.00000e+00         ( 0.00%)   
io_pad                  0.00000e+00          0.00000e+00          0.00000e+00          0.00000e+00         ( 0.00%)   
black_box               0.00000e+00          0.00000e+00          0.00000e+00          0.00000e+00         ( 0.00%)   

  Net Switching Power  = 1.26121e-05           (25.66%)
  Cell Internal Power  = 3.02925e-05           (61.63%)
  Cell Leakage Power   = 6.24822e-06           (12.71%)
                         -------------------------
Total Power            = 4.91528e-05          (100.00%)

1
