****************************************
Report : timing
	-path_type full
	-delay_type max
	-nworst 10
	-slack_lesser_than 1000.00000
	-max_paths 10
	-sort_by slack
Design : top
Version: U-2022.12-SP5
Date   : Thu Sep  3 12:36:55 2026
****************************************


  Startpoint: mantissa_y[1]
               (input port clocked by vclk)
  Endpoint: mantissa_out[22]
               (output port clocked by vclk)
  Path Group: vclk
  Path Type: max

  Point                                                   Incr       Path
  ------------------------------------------------------------------------------
  clock vclk (rise edge)                               0.00000    0.00000
  clock network delay (ideal)                          0.00000    0.00000
  input external delay                                 0.02000    0.02000 r
  mantissa_y[1] (in)                                   0.00433    0.02433 r
  U58/ZN (CKND0)                                       0.01258    0.03691 f
  U59/ZN (CKND0)                                       0.04167    0.07858 r
  OAUM/Stage_0_0/U40/Z (CKXOR2D1)                      0.06073    0.13931 r
  OAUM/Stage_0_0/U8/Z (CKXOR2D1)                       0.06353    0.20284 r
  OAUM/Stage_1_0/U41/Z (CKXOR2D1)                      0.06384    0.26667 r
  OAUM/Stage_1_0/U8/Z (CKXOR2D1)                       0.06020    0.32688 f
  OAUM/add_131/U1_2/CO (FA1D0)                         0.10017    0.42705 f
  OAUM/add_131/U1_3/CO (FA1D0)                         0.05513    0.48218 f
  OAUM/add_131/U1_4/CO (FA1D0)                         0.05524    0.53743 f
  OAUM/add_131/U1_5/CO (FA1D0)                         0.05524    0.59267 f
  OAUM/add_131/U1_6/CO (FA1D0)                         0.05524    0.64791 f
  OAUM/add_131/U1_7/CO (FA1D0)                         0.05524    0.70316 f
  OAUM/add_131/U1_8/CO (FA1D0)                         0.05524    0.75840 f
  OAUM/add_131/U1_9/CO (FA1D0)                         0.05524    0.81365 f
  OAUM/add_131/U1_10/CO (FA1D0)                        0.05524    0.86889 f
  OAUM/add_131/U1_11/CO (FA1D0)                        0.05524    0.92414 f
  OAUM/add_131/U1_12/CO (FA1D0)                        0.05524    0.97938 f
  OAUM/add_131/U1_13/CO (FA1D0)                        0.05524    1.03463 f
  OAUM/add_131/U1_14/CO (FA1D0)                        0.05524    1.08987 f
  OAUM/add_131/U1_15/CO (FA1D0)                        0.05524    1.14511 f
  OAUM/add_131/U1_16/CO (FA1D0)                        0.05524    1.20036 f
  OAUM/add_131/U1_17/CO (FA1D0)                        0.05524    1.25560 f
  OAUM/add_131/U1_18/CO (FA1D0)                        0.05524    1.31085 f
  OAUM/add_131/U1_19/CO (FA1D0)                        0.05524    1.36609 f
  OAUM/add_131/U1_20/CO (FA1D0)                        0.05524    1.42134 f
  OAUM/add_131/U1_21/CO (FA1D0)                        0.06573    1.48706 f
  OAUM/add_131/U1/Z (AN2XD1)                           0.02832    1.51539 f
  OAUM/add_131/U1_23/CO (FA1D0)                        0.05075    1.56614 f
  OAUM/add_131/U1_24/CO (FA1D0)                        0.05587    1.62201 f
  OAUM/add_131/U1_25/Z (XOR3D1)                        0.05316    1.67517 f
  U125/ZN (INR2D1)                                     0.04065    1.71582 r
  U55/Z (AN2XD1)                                       0.03579    1.75160 r
  U118/CO (FA1D0)                                      0.06063    1.81224 r
  U120/Z (AN2XD1)                                      0.04148    1.85372 r
  U121/Z (AN2XD1)                                      0.03815    1.89187 r
  U122/Z (AN2XD1)                                      0.03815    1.93003 r
  U124/Z (AN2XD1)                                      0.03644    1.96647 r
  U123/Z (AN2D0)                                       0.04849    2.01496 r
  U119/Z (CKXOR2D1)                                    0.05480    2.06976 f
  U105/ZN (NR4D0)                                      0.05680    2.12656 r
  U53/ZN (ND2D1)                                       0.02066    2.14722 f
  U106/ZN (IOA21D1)                                    0.07199    2.21921 f
  U102/ZN (INVD1)                                      0.13390    2.35311 r
  U107/Z (OR2D1)                                       0.08012    2.43322 r
  U103/ZN (INVD1)                                      0.07325    2.50648 f
  U12/Z (AO21D1)                                       0.06602    2.57249 f
  mantissa_out[22] (out)                               0.00000    2.57249 f
  data arrival time                                               2.57249

  clock vclk (rise edge)                              10.00000   10.00000
  clock network delay (ideal)                          0.00000   10.00000
  clock reconvergence pessimism                        0.00000   10.00000
  output external delay                               -0.02000    9.98000
  data required time                                              9.98000
  ------------------------------------------------------------------------------
  data required time                                              9.98000
  data arrival time                                              -2.57249
  ------------------------------------------------------------------------------
  slack (MET)                                                     7.40751


  Startpoint: mantissa_y[1]
               (input port clocked by vclk)
  Endpoint: mantissa_out[22]
               (output port clocked by vclk)
  Path Group: vclk
  Path Type: max

  Point                                                   Incr       Path
  ------------------------------------------------------------------------------
  clock vclk (rise edge)                               0.00000    0.00000
  clock network delay (ideal)                          0.00000    0.00000
  input external delay                                 0.02000    0.02000 r
  mantissa_y[1] (in)                                   0.00433    0.02433 r
  U58/ZN (CKND0)                                       0.01258    0.03691 f
  U59/ZN (CKND0)                                       0.04167    0.07858 r
  OAUM/Stage_0_0/U40/Z (CKXOR2D1)                      0.06073    0.13931 r
  OAUM/Stage_0_0/U8/Z (CKXOR2D1)                       0.06346    0.20277 f
  OAUM/Stage_1_0/U41/Z (CKXOR2D1)                      0.06323    0.26600 r
  OAUM/Stage_1_0/U8/Z (CKXOR2D1)                       0.06020    0.32621 f
  OAUM/add_131/U1_2/CO (FA1D0)                         0.10017    0.42638 f
  OAUM/add_131/U1_3/CO (FA1D0)                         0.05513    0.48151 f
  OAUM/add_131/U1_4/CO (FA1D0)                         0.05524    0.53675 f
  OAUM/add_131/U1_5/CO (FA1D0)                         0.05524    0.59200 f
  OAUM/add_131/U1_6/CO (FA1D0)                         0.05524    0.64724 f
  OAUM/add_131/U1_7/CO (FA1D0)                         0.05524    0.70249 f
  OAUM/add_131/U1_8/CO (FA1D0)                         0.05524    0.75773 f
  OAUM/add_131/U1_9/CO (FA1D0)                         0.05524    0.81297 f
  OAUM/add_131/U1_10/CO (FA1D0)                        0.05524    0.86822 f
  OAUM/add_131/U1_11/CO (FA1D0)                        0.05524    0.92346 f
  OAUM/add_131/U1_12/CO (FA1D0)                        0.05524    0.97871 f
  OAUM/add_131/U1_13/CO (FA1D0)                        0.05524    1.03395 f
  OAUM/add_131/U1_14/CO (FA1D0)                        0.05524    1.08920 f
  OAUM/add_131/U1_15/CO (FA1D0)                        0.05524    1.14444 f
  OAUM/add_131/U1_16/CO (FA1D0)                        0.05524    1.19969 f
  OAUM/add_131/U1_17/CO (FA1D0)                        0.05524    1.25493 f
  OAUM/add_131/U1_18/CO (FA1D0)                        0.05524    1.31017 f
  OAUM/add_131/U1_19/CO (FA1D0)                        0.05524    1.36542 f
  OAUM/add_131/U1_20/CO (FA1D0)                        0.05524    1.42066 f
  OAUM/add_131/U1_21/CO (FA1D0)                        0.06573    1.48639 f
  OAUM/add_131/U1/Z (AN2XD1)                           0.02832    1.51471 f
  OAUM/add_131/U1_23/CO (FA1D0)                        0.05075    1.56546 f
  OAUM/add_131/U1_24/CO (FA1D0)                        0.05587    1.62134 f
  OAUM/add_131/U1_25/Z (XOR3D1)                        0.05316    1.67449 f
  U125/ZN (INR2D1)                                     0.04065    1.71514 r
  U55/Z (AN2XD1)                                       0.03579    1.75093 r
  U118/CO (FA1D0)                                      0.06063    1.81156 r
  U120/Z (AN2XD1)                                      0.04148    1.85305 r
  U121/Z (AN2XD1)                                      0.03815    1.89120 r
  U122/Z (AN2XD1)                                      0.03815    1.92935 r
  U124/Z (AN2XD1)                                      0.03644    1.96579 r
  U123/Z (AN2D0)                                       0.04849    2.01428 r
  U119/Z (CKXOR2D1)                                    0.05480    2.06908 f
  U105/ZN (NR4D0)                                      0.05680    2.12589 r
  U53/ZN (ND2D1)                                       0.02066    2.14654 f
  U106/ZN (IOA21D1)                                    0.07199    2.21854 f
  U102/ZN (INVD1)                                      0.13390    2.35243 r
  U107/Z (OR2D1)                                       0.08012    2.43255 r
  U103/ZN (INVD1)                                      0.07325    2.50580 f
  U12/Z (AO21D1)                                       0.06602    2.57182 f
  mantissa_out[22] (out)                               0.00000    2.57182 f
  data arrival time                                               2.57182

  clock vclk (rise edge)                              10.00000   10.00000
  clock network delay (ideal)                          0.00000   10.00000
  clock reconvergence pessimism                        0.00000   10.00000
  output external delay                               -0.02000    9.98000
  data required time                                              9.98000
  ------------------------------------------------------------------------------
  data required time                                              9.98000
  data arrival time                                              -2.57182
  ------------------------------------------------------------------------------
  slack (MET)                                                     7.40818


  Startpoint: mantissa_y[1]
               (input port clocked by vclk)
  Endpoint: mantissa_out[22]
               (output port clocked by vclk)
  Path Group: vclk
  Path Type: max

  Point                                                   Incr       Path
  ------------------------------------------------------------------------------
  clock vclk (rise edge)                               0.00000    0.00000
  clock network delay (ideal)                          0.00000    0.00000
  input external delay                                 0.02000    0.02000 r
  mantissa_y[1] (in)                                   0.00433    0.02433 r
  U58/ZN (CKND0)                                       0.01258    0.03691 f
  U59/ZN (CKND0)                                       0.04167    0.07858 r
  OAUM/Stage_0_0/U40/Z (CKXOR2D1)                      0.06054    0.13912 f
  OAUM/Stage_0_0/U8/Z (CKXOR2D1)                       0.06286    0.20198 r
  OAUM/Stage_1_0/U41/Z (CKXOR2D1)                      0.06384    0.26582 r
  OAUM/Stage_1_0/U8/Z (CKXOR2D1)                       0.06020    0.32602 f
  OAUM/add_131/U1_2/CO (FA1D0)                         0.10017    0.42620 f
  OAUM/add_131/U1_3/CO (FA1D0)                         0.05513    0.48133 f
  OAUM/add_131/U1_4/CO (FA1D0)                         0.05524    0.53657 f
  OAUM/add_131/U1_5/CO (FA1D0)                         0.05524    0.59181 f
  OAUM/add_131/U1_6/CO (FA1D0)                         0.05524    0.64706 f
  OAUM/add_131/U1_7/CO (FA1D0)                         0.05524    0.70230 f
  OAUM/add_131/U1_8/CO (FA1D0)                         0.05524    0.75755 f
  OAUM/add_131/U1_9/CO (FA1D0)                         0.05524    0.81279 f
  OAUM/add_131/U1_10/CO (FA1D0)                        0.05524    0.86804 f
  OAUM/add_131/U1_11/CO (FA1D0)                        0.05524    0.92328 f
  OAUM/add_131/U1_12/CO (FA1D0)                        0.05524    0.97853 f
  OAUM/add_131/U1_13/CO (FA1D0)                        0.05524    1.03377 f
  OAUM/add_131/U1_14/CO (FA1D0)                        0.05524    1.08901 f
  OAUM/add_131/U1_15/CO (FA1D0)                        0.05524    1.14426 f
  OAUM/add_131/U1_16/CO (FA1D0)                        0.05524    1.19950 f
  OAUM/add_131/U1_17/CO (FA1D0)                        0.05524    1.25475 f
  OAUM/add_131/U1_18/CO (FA1D0)                        0.05524    1.30999 f
  OAUM/add_131/U1_19/CO (FA1D0)                        0.05524    1.36524 f
  OAUM/add_131/U1_20/CO (FA1D0)                        0.05524    1.42048 f
  OAUM/add_131/U1_21/CO (FA1D0)                        0.06573    1.48621 f
  OAUM/add_131/U1/Z (AN2XD1)                           0.02832    1.51453 f
  OAUM/add_131/U1_23/CO (FA1D0)                        0.05075    1.56528 f
  OAUM/add_131/U1_24/CO (FA1D0)                        0.05587    1.62116 f
  OAUM/add_131/U1_25/Z (XOR3D1)                        0.05316    1.67431 f
  U125/ZN (INR2D1)                                     0.04065    1.71496 r
  U55/Z (AN2XD1)                                       0.03579    1.75075 r
  U118/CO (FA1D0)                                      0.06063    1.81138 r
  U120/Z (AN2XD1)                                      0.04148    1.85286 r
  U121/Z (AN2XD1)                                      0.03815    1.89102 r
  U122/Z (AN2XD1)                                      0.03815    1.92917 r
  U124/Z (AN2XD1)                                      0.03644    1.96561 r
  U123/Z (AN2D0)                                       0.04849    2.01410 r
  U119/Z (CKXOR2D1)                                    0.05480    2.06890 f
  U105/ZN (NR4D0)                                      0.05680    2.12571 r
  U53/ZN (ND2D1)                                       0.02066    2.14636 f
  U106/ZN (IOA21D1)                                    0.07199    2.21836 f
  U102/ZN (INVD1)                                      0.13390    2.35225 r
  U107/Z (OR2D1)                                       0.08012    2.43237 r
  U103/ZN (INVD1)                                      0.07325    2.50562 f
  U12/Z (AO21D1)                                       0.06602    2.57164 f
  mantissa_out[22] (out)                               0.00000    2.57164 f
  data arrival time                                               2.57164

  clock vclk (rise edge)                              10.00000   10.00000
  clock network delay (ideal)                          0.00000   10.00000
  clock reconvergence pessimism                        0.00000   10.00000
  output external delay                               -0.02000    9.98000
  data required time                                              9.98000
  ------------------------------------------------------------------------------
  data required time                                              9.98000
  data arrival time                                              -2.57164
  ------------------------------------------------------------------------------
  slack (MET)                                                     7.40836


  Startpoint: mantissa_y[0]
               (input port clocked by vclk)
  Endpoint: mantissa_out[22]
               (output port clocked by vclk)
  Path Group: vclk
  Path Type: max

  Point                                                   Incr       Path
  ------------------------------------------------------------------------------
  clock vclk (rise edge)                               0.00000    0.00000
  clock network delay (ideal)                          0.00000    0.00000
  input external delay                                 0.02000    0.02000 r
  mantissa_y[0] (in)                                   0.00433    0.02433 r
  U56/ZN (CKND0)                                       0.01258    0.03691 f
  U57/ZN (CKND0)                                       0.04167    0.07858 r
  OAUM/Stage_0_0/U50/Z (CKXOR2D1)                      0.06054    0.13912 f
  OAUM/Stage_0_0/U25/Z (AO22D0)                        0.07064    0.20976 f
  OAUM/Stage_1_0/U41/Z (CKXOR2D1)                      0.05257    0.26233 r
  OAUM/Stage_1_0/U8/Z (CKXOR2D1)                       0.06020    0.32254 f
  OAUM/add_131/U1_2/CO (FA1D0)                         0.10017    0.42271 f
  OAUM/add_131/U1_3/CO (FA1D0)                         0.05513    0.47784 f
  OAUM/add_131/U1_4/CO (FA1D0)                         0.05524    0.53308 f
  OAUM/add_131/U1_5/CO (FA1D0)                         0.05524    0.58833 f
  OAUM/add_131/U1_6/CO (FA1D0)                         0.05524    0.64357 f
  OAUM/add_131/U1_7/CO (FA1D0)                         0.05524    0.69882 f
  OAUM/add_131/U1_8/CO (FA1D0)                         0.05524    0.75406 f
  OAUM/add_131/U1_9/CO (FA1D0)                         0.05524    0.80931 f
  OAUM/add_131/U1_10/CO (FA1D0)                        0.05524    0.86455 f
  OAUM/add_131/U1_11/CO (FA1D0)                        0.05524    0.91979 f
  OAUM/add_131/U1_12/CO (FA1D0)                        0.05524    0.97504 f
  OAUM/add_131/U1_13/CO (FA1D0)                        0.05524    1.03028 f
  OAUM/add_131/U1_14/CO (FA1D0)                        0.05524    1.08553 f
  OAUM/add_131/U1_15/CO (FA1D0)                        0.05524    1.14077 f
  OAUM/add_131/U1_16/CO (FA1D0)                        0.05524    1.19602 f
  OAUM/add_131/U1_17/CO (FA1D0)                        0.05524    1.25126 f
  OAUM/add_131/U1_18/CO (FA1D0)                        0.05524    1.30651 f
  OAUM/add_131/U1_19/CO (FA1D0)                        0.05524    1.36175 f
  OAUM/add_131/U1_20/CO (FA1D0)                        0.05524    1.41699 f
  OAUM/add_131/U1_21/CO (FA1D0)                        0.06573    1.48272 f
  OAUM/add_131/U1/Z (AN2XD1)                           0.02832    1.51105 f
  OAUM/add_131/U1_23/CO (FA1D0)                        0.05075    1.56179 f
  OAUM/add_131/U1_24/CO (FA1D0)                        0.05587    1.61767 f
  OAUM/add_131/U1_25/Z (XOR3D1)                        0.05316    1.67083 f
  U125/ZN (INR2D1)                                     0.04065    1.71147 r
  U55/Z (AN2XD1)                                       0.03579    1.74726 r
  U118/CO (FA1D0)                                      0.06063    1.80789 r
  U120/Z (AN2XD1)                                      0.04148    1.84938 r
  U121/Z (AN2XD1)                                      0.03815    1.88753 r
  U122/Z (AN2XD1)                                      0.03815    1.92569 r
  U124/Z (AN2XD1)                                      0.03644    1.96213 r
  U123/Z (AN2D0)                                       0.04849    2.01062 r
  U119/Z (CKXOR2D1)                                    0.05480    2.06542 f
  U105/ZN (NR4D0)                                      0.05680    2.12222 r
  U53/ZN (ND2D1)                                       0.02066    2.14288 f
  U106/ZN (IOA21D1)                                    0.07199    2.21487 f
  U102/ZN (INVD1)                                      0.13390    2.34876 r
  U107/Z (OR2D1)                                       0.08012    2.42888 r
  U103/ZN (INVD1)                                      0.07325    2.50213 f
  U12/Z (AO21D1)                                       0.06602    2.56815 f
  mantissa_out[22] (out)                               0.00000    2.56815 f
  data arrival time                                               2.56815

  clock vclk (rise edge)                              10.00000   10.00000
  clock network delay (ideal)                          0.00000   10.00000
  clock reconvergence pessimism                        0.00000   10.00000
  output external delay                               -0.02000    9.98000
  data required time                                              9.98000
  ------------------------------------------------------------------------------
  data required time                                              9.98000
  data arrival time                                              -2.56815
  ------------------------------------------------------------------------------
  slack (MET)                                                     7.41185


  Startpoint: mantissa_y[0]
               (input port clocked by vclk)
  Endpoint: mantissa_out[22]
               (output port clocked by vclk)
  Path Group: vclk
  Path Type: max

  Point                                                   Incr       Path
  ------------------------------------------------------------------------------
  clock vclk (rise edge)                               0.00000    0.00000
  clock network delay (ideal)                          0.00000    0.00000
  input external delay                                 0.02000    0.02000 r
  mantissa_y[0] (in)                                   0.00433    0.02433 r
  U56/ZN (CKND0)                                       0.01258    0.03691 f
  U57/ZN (CKND0)                                       0.04167    0.07858 r
  OAUM/Stage_0_0/U50/Z (CKXOR2D1)                      0.06073    0.13931 r
  OAUM/Stage_0_0/U25/Z (AO22D0)                        0.06281    0.20212 r
  OAUM/Stage_1_0/U41/Z (CKXOR2D1)                      0.05555    0.25767 r
  OAUM/Stage_1_0/U8/Z (CKXOR2D1)                       0.06020    0.31787 f
  OAUM/add_131/U1_2/CO (FA1D0)                         0.10017    0.41804 f
  OAUM/add_131/U1_3/CO (FA1D0)                         0.05513    0.47318 f
  OAUM/add_131/U1_4/CO (FA1D0)                         0.05524    0.52842 f
  OAUM/add_131/U1_5/CO (FA1D0)                         0.05524    0.58366 f
  OAUM/add_131/U1_6/CO (FA1D0)                         0.05524    0.63891 f
  OAUM/add_131/U1_7/CO (FA1D0)                         0.05524    0.69415 f
  OAUM/add_131/U1_8/CO (FA1D0)                         0.05524    0.74940 f
  OAUM/add_131/U1_9/CO (FA1D0)                         0.05524    0.80464 f
  OAUM/add_131/U1_10/CO (FA1D0)                        0.05524    0.85989 f
  OAUM/add_131/U1_11/CO (FA1D0)                        0.05524    0.91513 f
  OAUM/add_131/U1_12/CO (FA1D0)                        0.05524    0.97037 f
  OAUM/add_131/U1_13/CO (FA1D0)                        0.05524    1.02562 f
  OAUM/add_131/U1_14/CO (FA1D0)                        0.05524    1.08086 f
  OAUM/add_131/U1_15/CO (FA1D0)                        0.05524    1.13611 f
  OAUM/add_131/U1_16/CO (FA1D0)                        0.05524    1.19135 f
  OAUM/add_131/U1_17/CO (FA1D0)                        0.05524    1.24660 f
  OAUM/add_131/U1_18/CO (FA1D0)                        0.05524    1.30184 f
  OAUM/add_131/U1_19/CO (FA1D0)                        0.05524    1.35709 f
  OAUM/add_131/U1_20/CO (FA1D0)                        0.05524    1.41233 f
  OAUM/add_131/U1_21/CO (FA1D0)                        0.06573    1.47806 f
  OAUM/add_131/U1/Z (AN2XD1)                           0.02832    1.50638 f
  OAUM/add_131/U1_23/CO (FA1D0)                        0.05075    1.55713 f
  OAUM/add_131/U1_24/CO (FA1D0)                        0.05587    1.61300 f
  OAUM/add_131/U1_25/Z (XOR3D1)                        0.05316    1.66616 f
  U125/ZN (INR2D1)                                     0.04065    1.70681 r
  U55/Z (AN2XD1)                                       0.03579    1.74260 r
  U118/CO (FA1D0)                                      0.06063    1.80323 r
  U120/Z (AN2XD1)                                      0.04148    1.84471 r
  U121/Z (AN2XD1)                                      0.03815    1.88287 r
  U122/Z (AN2XD1)                                      0.03815    1.92102 r
  U124/Z (AN2XD1)                                      0.03644    1.95746 r
  U123/Z (AN2D0)                                       0.04849    2.00595 r
  U119/Z (CKXOR2D1)                                    0.05480    2.06075 f
  U105/ZN (NR4D0)                                      0.05680    2.11755 r
  U53/ZN (ND2D1)                                       0.02066    2.13821 f
  U106/ZN (IOA21D1)                                    0.07199    2.21020 f
  U102/ZN (INVD1)                                      0.13390    2.34410 r
  U107/Z (OR2D1)                                       0.08012    2.42422 r
  U103/ZN (INVD1)                                      0.07325    2.49747 f
  U12/Z (AO21D1)                                       0.06602    2.56349 f
  mantissa_out[22] (out)                               0.00000    2.56349 f
  data arrival time                                               2.56349

  clock vclk (rise edge)                              10.00000   10.00000
  clock network delay (ideal)                          0.00000   10.00000
  clock reconvergence pessimism                        0.00000   10.00000
  output external delay                               -0.02000    9.98000
  data required time                                              9.98000
  ------------------------------------------------------------------------------
  data required time                                              9.98000
  data arrival time                                              -2.56349
  ------------------------------------------------------------------------------
  slack (MET)                                                     7.41651


  Startpoint: mantissa_y[1]
               (input port clocked by vclk)
  Endpoint: mantissa_out[22]
               (output port clocked by vclk)
  Path Group: vclk
  Path Type: max

  Point                                                   Incr       Path
  ------------------------------------------------------------------------------
  clock vclk (rise edge)                               0.00000    0.00000
  clock network delay (ideal)                          0.00000    0.00000
  input external delay                                 0.02000    0.02000 r
  mantissa_y[1] (in)                                   0.00433    0.02433 r
  U58/ZN (CKND0)                                       0.01258    0.03691 f
  U59/ZN (CKND0)                                       0.04167    0.07858 r
  OAUM/Stage_0_0/U40/Z (CKXOR2D1)                      0.06073    0.13931 r
  OAUM/Stage_0_0/U8/Z (CKXOR2D1)                       0.06353    0.20284 r
  OAUM/Stage_1_0/U41/Z (CKXOR2D1)                      0.06384    0.26667 r
  OAUM/Stage_1_0/U8/Z (CKXOR2D1)                       0.06020    0.32688 f
  OAUM/add_131/U1_2/CO (FA1D0)                         0.10017    0.42705 f
  OAUM/add_131/U1_3/CO (FA1D0)                         0.05513    0.48218 f
  OAUM/add_131/U1_4/CO (FA1D0)                         0.05524    0.53743 f
  OAUM/add_131/U1_5/CO (FA1D0)                         0.05524    0.59267 f
  OAUM/add_131/U1_6/CO (FA1D0)                         0.05524    0.64791 f
  OAUM/add_131/U1_7/CO (FA1D0)                         0.05524    0.70316 f
  OAUM/add_131/U1_8/CO (FA1D0)                         0.05524    0.75840 f
  OAUM/add_131/U1_9/CO (FA1D0)                         0.05524    0.81365 f
  OAUM/add_131/U1_10/CO (FA1D0)                        0.05524    0.86889 f
  OAUM/add_131/U1_11/CO (FA1D0)                        0.05524    0.92414 f
  OAUM/add_131/U1_12/CO (FA1D0)                        0.05524    0.97938 f
  OAUM/add_131/U1_13/CO (FA1D0)                        0.05524    1.03463 f
  OAUM/add_131/U1_14/CO (FA1D0)                        0.05524    1.08987 f
  OAUM/add_131/U1_15/CO (FA1D0)                        0.05524    1.14511 f
  OAUM/add_131/U1_16/CO (FA1D0)                        0.05524    1.20036 f
  OAUM/add_131/U1_17/CO (FA1D0)                        0.05524    1.25560 f
  OAUM/add_131/U1_18/CO (FA1D0)                        0.05524    1.31085 f
  OAUM/add_131/U1_19/CO (FA1D0)                        0.05524    1.36609 f
  OAUM/add_131/U1_20/CO (FA1D0)                        0.05524    1.42134 f
  OAUM/add_131/U1_21/CO (FA1D0)                        0.06573    1.48706 f
  OAUM/add_131/U1/Z (AN2XD1)                           0.02832    1.51539 f
  OAUM/add_131/U1_23/CO (FA1D0)                        0.05075    1.56614 f
  OAUM/add_131/U1_24/S (FA1D0)                         0.08188    1.64802 r
  U125/ZN (INR2D1)                                     0.05615    1.70417 r
  U55/Z (AN2XD1)                                       0.03579    1.73995 r
  U118/CO (FA1D0)                                      0.06063    1.80058 r
  U120/Z (AN2XD1)                                      0.04148    1.84207 r
  U121/Z (AN2XD1)                                      0.03815    1.88022 r
  U122/Z (AN2XD1)                                      0.03815    1.91838 r
  U124/Z (AN2XD1)                                      0.03644    1.95482 r
  U123/Z (AN2D0)                                       0.04849    2.00331 r
  U119/Z (CKXOR2D1)                                    0.05480    2.05811 f
  U105/ZN (NR4D0)                                      0.05680    2.11491 r
  U53/ZN (ND2D1)                                       0.02066    2.13557 f
  U106/ZN (IOA21D1)                                    0.07199    2.20756 f
  U102/ZN (INVD1)                                      0.13390    2.34145 r
  U107/Z (OR2D1)                                       0.08012    2.42157 r
  U103/ZN (INVD1)                                      0.07325    2.49483 f
  U12/Z (AO21D1)                                       0.06602    2.56084 f
  mantissa_out[22] (out)                               0.00000    2.56084 f
  data arrival time                                               2.56084

  clock vclk (rise edge)                              10.00000   10.00000
  clock network delay (ideal)                          0.00000   10.00000
  clock reconvergence pessimism                        0.00000   10.00000
  output external delay                               -0.02000    9.98000
  data required time                                              9.98000
  ------------------------------------------------------------------------------
  data required time                                              9.98000
  data arrival time                                              -2.56084
  ------------------------------------------------------------------------------
  slack (MET)                                                     7.41916


  Startpoint: mantissa_y[1]
               (input port clocked by vclk)
  Endpoint: mantissa_out[22]
               (output port clocked by vclk)
  Path Group: vclk
  Path Type: max

  Point                                                   Incr       Path
  ------------------------------------------------------------------------------
  clock vclk (rise edge)                               0.00000    0.00000
  clock network delay (ideal)                          0.00000    0.00000
  input external delay                                 0.02000    0.02000 r
  mantissa_y[1] (in)                                   0.00433    0.02433 r
  U58/ZN (CKND0)                                       0.01258    0.03691 f
  U59/ZN (CKND0)                                       0.04167    0.07858 r
  OAUM/Stage_0_0/U40/Z (CKXOR2D1)                      0.06073    0.13931 r
  OAUM/Stage_0_0/U8/Z (CKXOR2D1)                       0.06353    0.20284 r
  OAUM/Stage_1_0/U41/Z (CKXOR2D1)                      0.06405    0.26688 f
  OAUM/Stage_1_0/U8/Z (CKXOR2D1)                       0.04774    0.31463 f
  OAUM/add_131/U1_2/CO (FA1D0)                         0.10017    0.41480 f
  OAUM/add_131/U1_3/CO (FA1D0)                         0.05513    0.46993 f
  OAUM/add_131/U1_4/CO (FA1D0)                         0.05524    0.52517 f
  OAUM/add_131/U1_5/CO (FA1D0)                         0.05524    0.58042 f
  OAUM/add_131/U1_6/CO (FA1D0)                         0.05524    0.63566 f
  OAUM/add_131/U1_7/CO (FA1D0)                         0.05524    0.69091 f
  OAUM/add_131/U1_8/CO (FA1D0)                         0.05524    0.74615 f
  OAUM/add_131/U1_9/CO (FA1D0)                         0.05524    0.80140 f
  OAUM/add_131/U1_10/CO (FA1D0)                        0.05524    0.85664 f
  OAUM/add_131/U1_11/CO (FA1D0)                        0.05524    0.91189 f
  OAUM/add_131/U1_12/CO (FA1D0)                        0.05524    0.96713 f
  OAUM/add_131/U1_13/CO (FA1D0)                        0.05524    1.02237 f
  OAUM/add_131/U1_14/CO (FA1D0)                        0.05524    1.07762 f
  OAUM/add_131/U1_15/CO (FA1D0)                        0.05524    1.13286 f
  OAUM/add_131/U1_16/CO (FA1D0)                        0.05524    1.18811 f
  OAUM/add_131/U1_17/CO (FA1D0)                        0.05524    1.24335 f
  OAUM/add_131/U1_18/CO (FA1D0)                        0.05524    1.29860 f
  OAUM/add_131/U1_19/CO (FA1D0)                        0.05524    1.35384 f
  OAUM/add_131/U1_20/CO (FA1D0)                        0.05524    1.40909 f
  OAUM/add_131/U1_21/CO (FA1D0)                        0.06573    1.47481 f
  OAUM/add_131/U1/Z (AN2XD1)                           0.02832    1.50314 f
  OAUM/add_131/U1_23/CO (FA1D0)                        0.05075    1.55389 f
  OAUM/add_131/U1_24/CO (FA1D0)                        0.05587    1.60976 f
  OAUM/add_131/U1_25/Z (XOR3D1)                        0.05316    1.66292 f
  U125/ZN (INR2D1)                                     0.04065    1.70357 r
  U55/Z (AN2XD1)                                       0.03579    1.73935 r
  U118/CO (FA1D0)                                      0.06063    1.79998 r
  U120/Z (AN2XD1)                                      0.04148    1.84147 r
  U121/Z (AN2XD1)                                      0.03815    1.87962 r
  U122/Z (AN2XD1)                                      0.03815    1.91778 r
  U124/Z (AN2XD1)                                      0.03644    1.95422 r
  U123/Z (AN2D0)                                       0.04849    2.00271 r
  U119/Z (CKXOR2D1)                                    0.05480    2.05751 f
  U105/ZN (NR4D0)                                      0.05680    2.11431 r
  U53/ZN (ND2D1)                                       0.02066    2.13497 f
  U106/ZN (IOA21D1)                                    0.07199    2.20696 f
  U102/ZN (INVD1)                                      0.13390    2.34085 r
  U107/Z (OR2D1)                                       0.08012    2.42097 r
  U103/ZN (INVD1)                                      0.07325    2.49423 f
  U12/Z (AO21D1)                                       0.06602    2.56024 f
  mantissa_out[22] (out)                               0.00000    2.56024 f
  data arrival time                                               2.56024

  clock vclk (rise edge)                              10.00000   10.00000
  clock network delay (ideal)                          0.00000   10.00000
  clock reconvergence pessimism                        0.00000   10.00000
  output external delay                               -0.02000    9.98000
  data required time                                              9.98000
  ------------------------------------------------------------------------------
  data required time                                              9.98000
  data arrival time                                              -2.56024
  ------------------------------------------------------------------------------
  slack (MET)                                                     7.41976


  Startpoint: mantissa_y[1]
               (input port clocked by vclk)
  Endpoint: mantissa_out[22]
               (output port clocked by vclk)
  Path Group: vclk
  Path Type: max

  Point                                                   Incr       Path
  ------------------------------------------------------------------------------
  clock vclk (rise edge)                               0.00000    0.00000
  clock network delay (ideal)                          0.00000    0.00000
  input external delay                                 0.02000    0.02000 r
  mantissa_y[1] (in)                                   0.00433    0.02433 r
  U58/ZN (CKND0)                                       0.01258    0.03691 f
  U59/ZN (CKND0)                                       0.04167    0.07858 r
  OAUM/Stage_0_0/U40/Z (CKXOR2D1)                      0.06073    0.13931 r
  OAUM/Stage_0_0/U8/Z (CKXOR2D1)                       0.06346    0.20277 f
  OAUM/Stage_1_0/U41/Z (CKXOR2D1)                      0.06323    0.26600 r
  OAUM/Stage_1_0/U8/Z (CKXOR2D1)                       0.06020    0.32621 f
  OAUM/add_131/U1_2/CO (FA1D0)                         0.10017    0.42638 f
  OAUM/add_131/U1_3/CO (FA1D0)                         0.05513    0.48151 f
  OAUM/add_131/U1_4/CO (FA1D0)                         0.05524    0.53675 f
  OAUM/add_131/U1_5/CO (FA1D0)                         0.05524    0.59200 f
  OAUM/add_131/U1_6/CO (FA1D0)                         0.05524    0.64724 f
  OAUM/add_131/U1_7/CO (FA1D0)                         0.05524    0.70249 f
  OAUM/add_131/U1_8/CO (FA1D0)                         0.05524    0.75773 f
  OAUM/add_131/U1_9/CO (FA1D0)                         0.05524    0.81297 f
  OAUM/add_131/U1_10/CO (FA1D0)                        0.05524    0.86822 f
  OAUM/add_131/U1_11/CO (FA1D0)                        0.05524    0.92346 f
  OAUM/add_131/U1_12/CO (FA1D0)                        0.05524    0.97871 f
  OAUM/add_131/U1_13/CO (FA1D0)                        0.05524    1.03395 f
  OAUM/add_131/U1_14/CO (FA1D0)                        0.05524    1.08920 f
  OAUM/add_131/U1_15/CO (FA1D0)                        0.05524    1.14444 f
  OAUM/add_131/U1_16/CO (FA1D0)                        0.05524    1.19969 f
  OAUM/add_131/U1_17/CO (FA1D0)                        0.05524    1.25493 f
  OAUM/add_131/U1_18/CO (FA1D0)                        0.05524    1.31017 f
  OAUM/add_131/U1_19/CO (FA1D0)                        0.05524    1.36542 f
  OAUM/add_131/U1_20/CO (FA1D0)                        0.05524    1.42066 f
  OAUM/add_131/U1_21/CO (FA1D0)                        0.06573    1.48639 f
  OAUM/add_131/U1/Z (AN2XD1)                           0.02832    1.51471 f
  OAUM/add_131/U1_23/CO (FA1D0)                        0.05075    1.56546 f
  OAUM/add_131/U1_24/S (FA1D0)                         0.08188    1.64734 r
  U125/ZN (INR2D1)                                     0.05615    1.70349 r
  U55/Z (AN2XD1)                                       0.03579    1.73928 r
  U118/CO (FA1D0)                                      0.06063    1.79991 r
  U120/Z (AN2XD1)                                      0.04148    1.84139 r
  U121/Z (AN2XD1)                                      0.03815    1.87955 r
  U122/Z (AN2XD1)                                      0.03815    1.91770 r
  U124/Z (AN2XD1)                                      0.03644    1.95414 r
  U123/Z (AN2D0)                                       0.04849    2.00263 r
  U119/Z (CKXOR2D1)                                    0.05480    2.05743 f
  U105/ZN (NR4D0)                                      0.05680    2.11423 r
  U53/ZN (ND2D1)                                       0.02066    2.13489 f
  U106/ZN (IOA21D1)                                    0.07199    2.20688 f
  U102/ZN (INVD1)                                      0.13390    2.34078 r
  U107/Z (OR2D1)                                       0.08012    2.42090 r
  U103/ZN (INVD1)                                      0.07325    2.49415 f
  U12/Z (AO21D1)                                       0.06602    2.56017 f
  mantissa_out[22] (out)                               0.00000    2.56017 f
  data arrival time                                               2.56017

  clock vclk (rise edge)                              10.00000   10.00000
  clock network delay (ideal)                          0.00000   10.00000
  clock reconvergence pessimism                        0.00000   10.00000
  output external delay                               -0.02000    9.98000
  data required time                                              9.98000
  ------------------------------------------------------------------------------
  data required time                                              9.98000
  data arrival time                                              -2.56017
  ------------------------------------------------------------------------------
  slack (MET)                                                     7.41983


  Startpoint: mantissa_y[1]
               (input port clocked by vclk)
  Endpoint: mantissa_out[22]
               (output port clocked by vclk)
  Path Group: vclk
  Path Type: max

  Point                                                   Incr       Path
  ------------------------------------------------------------------------------
  clock vclk (rise edge)                               0.00000    0.00000
  clock network delay (ideal)                          0.00000    0.00000
  input external delay                                 0.02000    0.02000 r
  mantissa_y[1] (in)                                   0.00433    0.02433 r
  U58/ZN (CKND0)                                       0.01258    0.03691 f
  U59/ZN (CKND0)                                       0.04167    0.07858 r
  OAUM/Stage_0_0/U40/Z (CKXOR2D1)                      0.06054    0.13912 f
  OAUM/Stage_0_0/U8/Z (CKXOR2D1)                       0.06286    0.20198 r
  OAUM/Stage_1_0/U41/Z (CKXOR2D1)                      0.06384    0.26582 r
  OAUM/Stage_1_0/U8/Z (CKXOR2D1)                       0.06020    0.32602 f
  OAUM/add_131/U1_2/CO (FA1D0)                         0.10017    0.42620 f
  OAUM/add_131/U1_3/CO (FA1D0)                         0.05513    0.48133 f
  OAUM/add_131/U1_4/CO (FA1D0)                         0.05524    0.53657 f
  OAUM/add_131/U1_5/CO (FA1D0)                         0.05524    0.59181 f
  OAUM/add_131/U1_6/CO (FA1D0)                         0.05524    0.64706 f
  OAUM/add_131/U1_7/CO (FA1D0)                         0.05524    0.70230 f
  OAUM/add_131/U1_8/CO (FA1D0)                         0.05524    0.75755 f
  OAUM/add_131/U1_9/CO (FA1D0)                         0.05524    0.81279 f
  OAUM/add_131/U1_10/CO (FA1D0)                        0.05524    0.86804 f
  OAUM/add_131/U1_11/CO (FA1D0)                        0.05524    0.92328 f
  OAUM/add_131/U1_12/CO (FA1D0)                        0.05524    0.97853 f
  OAUM/add_131/U1_13/CO (FA1D0)                        0.05524    1.03377 f
  OAUM/add_131/U1_14/CO (FA1D0)                        0.05524    1.08901 f
  OAUM/add_131/U1_15/CO (FA1D0)                        0.05524    1.14426 f
  OAUM/add_131/U1_16/CO (FA1D0)                        0.05524    1.19950 f
  OAUM/add_131/U1_17/CO (FA1D0)                        0.05524    1.25475 f
  OAUM/add_131/U1_18/CO (FA1D0)                        0.05524    1.30999 f
  OAUM/add_131/U1_19/CO (FA1D0)                        0.05524    1.36524 f
  OAUM/add_131/U1_20/CO (FA1D0)                        0.05524    1.42048 f
  OAUM/add_131/U1_21/CO (FA1D0)                        0.06573    1.48621 f
  OAUM/add_131/U1/Z (AN2XD1)                           0.02832    1.51453 f
  OAUM/add_131/U1_23/CO (FA1D0)                        0.05075    1.56528 f
  OAUM/add_131/U1_24/S (FA1D0)                         0.08188    1.64716 r
  U125/ZN (INR2D1)                                     0.05615    1.70331 r
  U55/Z (AN2XD1)                                       0.03579    1.73910 r
  U118/CO (FA1D0)                                      0.06063    1.79973 r
  U120/Z (AN2XD1)                                      0.04148    1.84121 r
  U121/Z (AN2XD1)                                      0.03815    1.87937 r
  U122/Z (AN2XD1)                                      0.03815    1.91752 r
  U124/Z (AN2XD1)                                      0.03644    1.95396 r
  U123/Z (AN2D0)                                       0.04849    2.00245 r
  U119/Z (CKXOR2D1)                                    0.05480    2.05725 f
  U105/ZN (NR4D0)                                      0.05680    2.11405 r
  U53/ZN (ND2D1)                                       0.02066    2.13471 f
  U106/ZN (IOA21D1)                                    0.07199    2.20670 f
  U102/ZN (INVD1)                                      0.13390    2.34060 r
  U107/Z (OR2D1)                                       0.08012    2.42072 r
  U103/ZN (INVD1)                                      0.07325    2.49397 f
  U12/Z (AO21D1)                                       0.06602    2.55999 f
  mantissa_out[22] (out)                               0.00000    2.55999 f
  data arrival time                                               2.55999

  clock vclk (rise edge)                              10.00000   10.00000
  clock network delay (ideal)                          0.00000   10.00000
  clock reconvergence pessimism                        0.00000   10.00000
  output external delay                               -0.02000    9.98000
  data required time                                              9.98000
  ------------------------------------------------------------------------------
  data required time                                              9.98000
  data arrival time                                              -2.55999
  ------------------------------------------------------------------------------
  slack (MET)                                                     7.42001


  Startpoint: mantissa_y[1]
               (input port clocked by vclk)
  Endpoint: mantissa_out[22]
               (output port clocked by vclk)
  Path Group: vclk
  Path Type: max

  Point                                                   Incr       Path
  ------------------------------------------------------------------------------
  clock vclk (rise edge)                               0.00000    0.00000
  clock network delay (ideal)                          0.00000    0.00000
  input external delay                                 0.02000    0.02000 f
  mantissa_y[1] (in)                                   0.00265    0.02265 f
  U58/ZN (CKND0)                                       0.01305    0.03570 r
  U59/ZN (CKND0)                                       0.03396    0.06966 f
  OAUM/Stage_0_0/U40/Z (CKXOR2D1)                      0.05682    0.12649 r
  OAUM/Stage_0_0/U8/Z (CKXOR2D1)                       0.06353    0.19001 r
  OAUM/Stage_1_0/U41/Z (CKXOR2D1)                      0.06384    0.25385 r
  OAUM/Stage_1_0/U8/Z (CKXOR2D1)                       0.06020    0.31406 f
  OAUM/add_131/U1_2/CO (FA1D0)                         0.10017    0.41423 f
  OAUM/add_131/U1_3/CO (FA1D0)                         0.05513    0.46936 f
  OAUM/add_131/U1_4/CO (FA1D0)                         0.05524    0.52460 f
  OAUM/add_131/U1_5/CO (FA1D0)                         0.05524    0.57985 f
  OAUM/add_131/U1_6/CO (FA1D0)                         0.05524    0.63509 f
  OAUM/add_131/U1_7/CO (FA1D0)                         0.05524    0.69034 f
  OAUM/add_131/U1_8/CO (FA1D0)                         0.05524    0.74558 f
  OAUM/add_131/U1_9/CO (FA1D0)                         0.05524    0.80083 f
  OAUM/add_131/U1_10/CO (FA1D0)                        0.05524    0.85607 f
  OAUM/add_131/U1_11/CO (FA1D0)                        0.05524    0.91132 f
  OAUM/add_131/U1_12/CO (FA1D0)                        0.05524    0.96656 f
  OAUM/add_131/U1_13/CO (FA1D0)                        0.05524    1.02180 f
  OAUM/add_131/U1_14/CO (FA1D0)                        0.05524    1.07705 f
  OAUM/add_131/U1_15/CO (FA1D0)                        0.05524    1.13229 f
  OAUM/add_131/U1_16/CO (FA1D0)                        0.05524    1.18754 f
  OAUM/add_131/U1_17/CO (FA1D0)                        0.05524    1.24278 f
  OAUM/add_131/U1_18/CO (FA1D0)                        0.05524    1.29803 f
  OAUM/add_131/U1_19/CO (FA1D0)                        0.05524    1.35327 f
  OAUM/add_131/U1_20/CO (FA1D0)                        0.05524    1.40852 f
  OAUM/add_131/U1_21/CO (FA1D0)                        0.06573    1.47424 f
  OAUM/add_131/U1/Z (AN2XD1)                           0.02832    1.50257 f
  OAUM/add_131/U1_23/CO (FA1D0)                        0.05075    1.55332 f
  OAUM/add_131/U1_24/CO (FA1D0)                        0.05587    1.60919 f
  OAUM/add_131/U1_25/Z (XOR3D1)                        0.05316    1.66235 f
  U125/ZN (INR2D1)                                     0.04065    1.70300 r
  U55/Z (AN2XD1)                                       0.03579    1.73878 r
  U118/CO (FA1D0)                                      0.06063    1.79941 r
  U120/Z (AN2XD1)                                      0.04148    1.84090 r
  U121/Z (AN2XD1)                                      0.03815    1.87905 r
  U122/Z (AN2XD1)                                      0.03815    1.91721 r
  U124/Z (AN2XD1)                                      0.03644    1.95365 r
  U123/Z (AN2D0)                                       0.04849    2.00214 r
  U119/Z (CKXOR2D1)                                    0.05480    2.05694 f
  U105/ZN (NR4D0)                                      0.05680    2.11374 r
  U53/ZN (ND2D1)                                       0.02066    2.13440 f
  U106/ZN (IOA21D1)                                    0.07199    2.20639 f
  U102/ZN (INVD1)                                      0.13390    2.34028 r
  U107/Z (OR2D1)                                       0.08012    2.42040 r
  U103/ZN (INVD1)                                      0.07325    2.49366 f
  U12/Z (AO21D1)                                       0.06602    2.55967 f
  mantissa_out[22] (out)                               0.00000    2.55967 f
  data arrival time                                               2.55967

  clock vclk (rise edge)                              10.00000   10.00000
  clock network delay (ideal)                          0.00000   10.00000
  clock reconvergence pessimism                        0.00000   10.00000
  output external delay                               -0.02000    9.98000
  data required time                                              9.98000
  ------------------------------------------------------------------------------
  data required time                                              9.98000
  data arrival time                                              -2.55967
  ------------------------------------------------------------------------------
  slack (MET)                                                     7.42033

Warning: report_timing has satisfied the max_paths criteria. There are 31 further endpoints which have paths of interest with slack less than 1000.00000 that were not considered when generating this report. (UITE-502)

1
