****************************************
Report : reference
Design : pace_fp32_l1
Version: U-2022.12-SP5
Date   : Wed Sep  2 15:35:20 2026
****************************************


Attributes:
    b - black-box (unknown)
    h - hierarchical
    n - noncombinational
    u - contains unmapped logic
    A - abstracted timing model
    E - extracted timing model
    S - Stamp timing model
    Q - Quick timing model (QTM)

Reference          Library       Unit Area   Count    Total Area   Attributes
--------------------------------------------------------------------------------
AO21D0             tcbn65gplustc_ccs
                                    2.52     6          15.12      
AOI21D0            tcbn65gplustc_ccs
                                    2.16     4           8.64      
AOI22D0            tcbn65gplustc_ccs
                                    2.52     22         55.44      
AOI32D0            tcbn65gplustc_ccs
                                    2.88     2           5.76      
CKAN2D0            tcbn65gplustc_ccs
                                    2.16     1           2.16      
CKND0              tcbn65gplustc_ccs
                                    1.08     8           8.64      
CKND2D0            tcbn65gplustc_ccs
                                    1.44     17         24.48      
CKND2D1            tcbn65gplustc_ccs
                                    1.44     5           7.20      
FA1D0              tcbn65gplustc_ccs
                                    9.00     28        252.00      
IAO21D0            tcbn65gplustc_ccs
                                    2.52     1           2.52      
IND2D0             tcbn65gplustc_ccs
                                    2.16     1           2.16      
INR2D0             tcbn65gplustc_ccs
                                    2.16     1           2.16      
INVD0              tcbn65gplustc_ccs
                                    1.08     47         50.76      
MAOI222D0          tcbn65gplustc_ccs
                                    2.88     10         28.80      
MAOI222D1          tcbn65gplustc_ccs
                                    2.88     1           2.88      
MUX2ND0            tcbn65gplustc_ccs
                                    2.88     6          17.28      
ND4D0              tcbn65gplustc_ccs
                                    2.52     1           2.52      
NR2D0              tcbn65gplustc_ccs
                                    1.44     18         25.92      
NR2XD0             tcbn65gplustc_ccs
                                    1.44     1           1.44      
OAI21D0            tcbn65gplustc_ccs
                                    2.16     21         45.36      
OAI31D0            tcbn65gplustc_ccs
                                    2.52     7          17.64      
OAI32D0            tcbn65gplustc_ccs
                                    2.88     1           2.88      
OR2D0              tcbn65gplustc_ccs
                                    2.16     4           8.64      
XNR2D0             tcbn65gplustc_ccs
                                    3.60     1           3.60      
XNR3D0             tcbn65gplustc_ccs
                                    6.12     8          48.96      
XNR4D0             tcbn65gplustc_ccs
                                    9.00     1           9.00      
XOR2D0             tcbn65gplustc_ccs
                                    3.60     3          10.80      
XOR3D0             tcbn65gplustc_ccs
                                    6.12     1           6.12      
--------------------------------------------------------------------------------
Total 28 references                                    668.88
1
