****************************************
Report : qor
Design : input_l3_narrow_b5
Version: U-2022.12-SP5
Date   : Sat Sep  5 15:16:00 2026
****************************************

  Timing Path Group 'vclk' (max_delay/setup)
  ---------------------------------------------
  Levels of Logic:                           35
  Critical Path Length:                    2.61
  Critical Path Slack:                     7.37
  Total Negative Slack:                    0.00
  No. of Violating Paths:                     0
  ---------------------------------------------

  Timing Path Group 'vclk' (min_delay/hold)
  ---------------------------------------------
  Levels of Logic:                            1
  Critical Path Length:                    0.07
  Critical Path Slack:                     0.09
  Total Negative Slack:                    0.00
  No. of Violating Paths:                     0
  ---------------------------------------------

  Area
  ---------------------------------------------
  Net Interconnect area:                   0.00
  Total cell area:                      1356.12
  Design Area:                          1356.12
  Area Cost:                           -1356.12
  ---------------------------------------------


  Cell & Pin Count
  ---------------------------------------------
  Pin Count:                               1231
  Hierarchical Cell Count:                    7
  Hierarchical Port Count:                  415
  Leaf Cell Count:                          338
  ---------------------------------------------


  Design Rule Violations
  ---------------------------------------------
  Total No. of Pins in Design:             1231
  Total DRC Cost:                          0.00
  ---------------------------------------------

1
