****************************************
Report : timing
	-path_type full
	-delay_type min
	-nworst 10
	-slack_lesser_than 1000.0000
	-max_paths 10
	-sort_by slack
Design : oadm_fixed_l2_p6
Version: U-2022.12-SP5
Date   : Thu Aug 20 16:29:59 2026
****************************************


  Startpoint: y[31] (input port clocked by clk)
  Endpoint: impl/impl/cut0/gen_register_data_reg_reg_3_
               (rising edge-triggered flip-flop clocked by clk)
  Path Group: clk
  Path Type: min

  Point                                                   Incr       Path
  ------------------------------------------------------------------------------
  clock clk (rise edge)                                 0.0000     0.0000
  clock network delay (ideal)                           0.0000     0.0000
  input external delay                                  0.0200     0.0200 f
  y[31] (in)                                            0.0053     0.0253 f
  impl/impl/U1776/Z (XOR2D0)                            0.0378     0.0631 f
  impl/impl/cut0/gen_register_data_reg_reg_3_/D (DFQD1)
                                                        0.0000     0.0631 f
  data arrival time                                                0.0631

  clock clk (rise edge)                                 0.0000     0.0000
  clock network delay (ideal)                           0.0000     0.0000
  clock reconvergence pessimism                         0.0000     0.0000
  impl/impl/cut0/gen_register_data_reg_reg_3_/CP (DFQD1)           0.0000 r
  library hold time                                     0.0236     0.0236
  data required time                                               0.0236
  ------------------------------------------------------------------------------
  data required time                                               0.0236
  data arrival time                                               -0.0631
  ------------------------------------------------------------------------------
  slack (MET)                                                      0.0396


  Startpoint: x[0] (input port clocked by clk)
  Endpoint: impl/impl/cut0/gen_register_data_reg_reg_47_
               (rising edge-triggered flip-flop clocked by clk)
  Path Group: clk
  Path Type: min

  Point                                                   Incr       Path
  ------------------------------------------------------------------------------
  clock clk (rise edge)                                 0.0000     0.0000
  clock network delay (ideal)                           0.0000     0.0000
  input external delay                                  0.0200     0.0200 f
  x[0] (in)                                             0.0035     0.0235 f
  U41/Z (BUFFD1)                                        0.0388     0.0623 f
  impl/impl/cut0/gen_register_data_reg_reg_47_/D (DFQD1)
                                                        0.0000     0.0623 f
  data arrival time                                                0.0623

  clock clk (rise edge)                                 0.0000     0.0000
  clock network delay (ideal)                           0.0000     0.0000
  clock reconvergence pessimism                         0.0000     0.0000
  impl/impl/cut0/gen_register_data_reg_reg_47_/CP (DFQD1)          0.0000 r
  library hold time                                     0.0220     0.0220
  data required time                                               0.0220
  ------------------------------------------------------------------------------
  data required time                                               0.0220
  data arrival time                                               -0.0623
  ------------------------------------------------------------------------------
  slack (MET)                                                      0.0403


  Startpoint: y[31] (input port clocked by clk)
  Endpoint: impl/impl/cut0/gen_register_data_reg_reg_3_
               (rising edge-triggered flip-flop clocked by clk)
  Path Group: clk
  Path Type: min

  Point                                                   Incr       Path
  ------------------------------------------------------------------------------
  clock clk (rise edge)                                 0.0000     0.0000
  clock network delay (ideal)                           0.0000     0.0000
  input external delay                                  0.0200     0.0200 r
  y[31] (in)                                            0.0084     0.0284 r
  impl/impl/U1776/Z (XOR2D0)                            0.0403     0.0687 f
  impl/impl/cut0/gen_register_data_reg_reg_3_/D (DFQD1)
                                                        0.0000     0.0687 f
  data arrival time                                                0.0687

  clock clk (rise edge)                                 0.0000     0.0000
  clock network delay (ideal)                           0.0000     0.0000
  clock reconvergence pessimism                         0.0000     0.0000
  impl/impl/cut0/gen_register_data_reg_reg_3_/CP (DFQD1)           0.0000 r
  library hold time                                     0.0236     0.0236
  data required time                                               0.0236
  ------------------------------------------------------------------------------
  data required time                                               0.0236
  data arrival time                                               -0.0687
  ------------------------------------------------------------------------------
  slack (MET)                                                      0.0451


  Startpoint: x[31] (input port clocked by clk)
  Endpoint: impl/impl/cut0/gen_register_data_reg_reg_3_
               (rising edge-triggered flip-flop clocked by clk)
  Path Group: clk
  Path Type: min

  Point                                                   Incr       Path
  ------------------------------------------------------------------------------
  clock clk (rise edge)                                 0.0000     0.0000
  clock network delay (ideal)                           0.0000     0.0000
  input external delay                                  0.0200     0.0200 f
  x[31] (in)                                            0.0030     0.0230 f
  impl/impl/U1776/Z (XOR2D0)                            0.0528     0.0758 f
  impl/impl/cut0/gen_register_data_reg_reg_3_/D (DFQD1)
                                                        0.0000     0.0758 f
  data arrival time                                                0.0758

  clock clk (rise edge)                                 0.0000     0.0000
  clock network delay (ideal)                           0.0000     0.0000
  clock reconvergence pessimism                         0.0000     0.0000
  impl/impl/cut0/gen_register_data_reg_reg_3_/CP (DFQD1)           0.0000 r
  library hold time                                     0.0236     0.0236
  data required time                                               0.0236
  ------------------------------------------------------------------------------
  data required time                                               0.0236
  data arrival time                                               -0.0758
  ------------------------------------------------------------------------------
  slack (MET)                                                      0.0522


  Startpoint: x[31] (input port clocked by clk)
  Endpoint: impl/impl/cut0/gen_register_data_reg_reg_3_
               (rising edge-triggered flip-flop clocked by clk)
  Path Group: clk
  Path Type: min

  Point                                                   Incr       Path
  ------------------------------------------------------------------------------
  clock clk (rise edge)                                 0.0000     0.0000
  clock network delay (ideal)                           0.0000     0.0000
  input external delay                                  0.0200     0.0200 r
  x[31] (in)                                            0.0046     0.0246 r
  impl/impl/U1776/Z (XOR2D0)                            0.0550     0.0796 f
  impl/impl/cut0/gen_register_data_reg_reg_3_/D (DFQD1)
                                                        0.0000     0.0796 f
  data arrival time                                                0.0796

  clock clk (rise edge)                                 0.0000     0.0000
  clock network delay (ideal)                           0.0000     0.0000
  clock reconvergence pessimism                         0.0000     0.0000
  impl/impl/cut0/gen_register_data_reg_reg_3_/CP (DFQD1)           0.0000 r
  library hold time                                     0.0236     0.0236
  data required time                                               0.0236
  ------------------------------------------------------------------------------
  data required time                                               0.0236
  data arrival time                                               -0.0796
  ------------------------------------------------------------------------------
  slack (MET)                                                      0.0561


  Startpoint: y[31] (input port clocked by clk)
  Endpoint: impl/impl/cut0/gen_register_data_reg_reg_3_
               (rising edge-triggered flip-flop clocked by clk)
  Path Group: clk
  Path Type: min

  Point                                                   Incr       Path
  ------------------------------------------------------------------------------
  clock clk (rise edge)                                 0.0000     0.0000
  clock network delay (ideal)                           0.0000     0.0000
  input external delay                                  0.0200     0.0200 r
  y[31] (in)                                            0.0084     0.0284 r
  impl/impl/U1776/Z (XOR2D0)                            0.0366     0.0650 r
  impl/impl/cut0/gen_register_data_reg_reg_3_/D (DFQD1)
                                                        0.0000     0.0650 r
  data arrival time                                                0.0650

  clock clk (rise edge)                                 0.0000     0.0000
  clock network delay (ideal)                           0.0000     0.0000
  clock reconvergence pessimism                         0.0000     0.0000
  impl/impl/cut0/gen_register_data_reg_reg_3_/CP (DFQD1)           0.0000 r
  library hold time                                     0.0054     0.0054
  data required time                                               0.0054
  ------------------------------------------------------------------------------
  data required time                                               0.0054
  data arrival time                                               -0.0650
  ------------------------------------------------------------------------------
  slack (MET)                                                      0.0596


  Startpoint: x[0] (input port clocked by clk)
  Endpoint: impl/impl/cut0/gen_register_data_reg_reg_47_
               (rising edge-triggered flip-flop clocked by clk)
  Path Group: clk
  Path Type: min

  Point                                                   Incr       Path
  ------------------------------------------------------------------------------
  clock clk (rise edge)                                 0.0000     0.0000
  clock network delay (ideal)                           0.0000     0.0000
  input external delay                                  0.0200     0.0200 r
  x[0] (in)                                             0.0059     0.0259 r
  U41/Z (BUFFD1)                                        0.0414     0.0673 r
  impl/impl/cut0/gen_register_data_reg_reg_47_/D (DFQD1)
                                                        0.0000     0.0673 r
  data arrival time                                                0.0673

  clock clk (rise edge)                                 0.0000     0.0000
  clock network delay (ideal)                           0.0000     0.0000
  clock reconvergence pessimism                         0.0000     0.0000
  impl/impl/cut0/gen_register_data_reg_reg_47_/CP (DFQD1)          0.0000 r
  library hold time                                     0.0026     0.0026
  data required time                                               0.0026
  ------------------------------------------------------------------------------
  data required time                                               0.0026
  data arrival time                                               -0.0673
  ------------------------------------------------------------------------------
  slack (MET)                                                      0.0646


  Startpoint: x[31] (input port clocked by clk)
  Endpoint: impl/impl/cut0/gen_register_data_reg_reg_3_
               (rising edge-triggered flip-flop clocked by clk)
  Path Group: clk
  Path Type: min

  Point                                                   Incr       Path
  ------------------------------------------------------------------------------
  clock clk (rise edge)                                 0.0000     0.0000
  clock network delay (ideal)                           0.0000     0.0000
  input external delay                                  0.0200     0.0200 r
  x[31] (in)                                            0.0046     0.0246 r
  impl/impl/U1776/Z (XOR2D0)                            0.0470     0.0717 r
  impl/impl/cut0/gen_register_data_reg_reg_3_/D (DFQD1)
                                                        0.0000     0.0717 r
  data arrival time                                                0.0717

  clock clk (rise edge)                                 0.0000     0.0000
  clock network delay (ideal)                           0.0000     0.0000
  clock reconvergence pessimism                         0.0000     0.0000
  impl/impl/cut0/gen_register_data_reg_reg_3_/CP (DFQD1)           0.0000 r
  library hold time                                     0.0054     0.0054
  data required time                                               0.0054
  ------------------------------------------------------------------------------
  data required time                                               0.0054
  data arrival time                                               -0.0717
  ------------------------------------------------------------------------------
  slack (MET)                                                      0.0662


  Startpoint: y[31] (input port clocked by clk)
  Endpoint: impl/impl/cut0/gen_register_data_reg_reg_3_
               (rising edge-triggered flip-flop clocked by clk)
  Path Group: clk
  Path Type: min

  Point                                                   Incr       Path
  ------------------------------------------------------------------------------
  clock clk (rise edge)                                 0.0000     0.0000
  clock network delay (ideal)                           0.0000     0.0000
  input external delay                                  0.0200     0.0200 f
  y[31] (in)                                            0.0053     0.0253 f
  impl/impl/U1776/Z (XOR2D0)                            0.0467     0.0720 r
  impl/impl/cut0/gen_register_data_reg_reg_3_/D (DFQD1)
                                                        0.0000     0.0720 r
  data arrival time                                                0.0720

  clock clk (rise edge)                                 0.0000     0.0000
  clock network delay (ideal)                           0.0000     0.0000
  clock reconvergence pessimism                         0.0000     0.0000
  impl/impl/cut0/gen_register_data_reg_reg_3_/CP (DFQD1)           0.0000 r
  library hold time                                     0.0054     0.0054
  data required time                                               0.0054
  ------------------------------------------------------------------------------
  data required time                                               0.0054
  data arrival time                                               -0.0720
  ------------------------------------------------------------------------------
  slack (MET)                                                      0.0666


  Startpoint: x[31] (input port clocked by clk)
  Endpoint: impl/impl/cut0/gen_register_data_reg_reg_3_
               (rising edge-triggered flip-flop clocked by clk)
  Path Group: clk
  Path Type: min

  Point                                                   Incr       Path
  ------------------------------------------------------------------------------
  clock clk (rise edge)                                 0.0000     0.0000
  clock network delay (ideal)                           0.0000     0.0000
  input external delay                                  0.0200     0.0200 f
  x[31] (in)                                            0.0030     0.0230 f
  impl/impl/U1776/Z (XOR2D0)                            0.0593     0.0823 r
  impl/impl/cut0/gen_register_data_reg_reg_3_/D (DFQD1)
                                                        0.0000     0.0823 r
  data arrival time                                                0.0823

  clock clk (rise edge)                                 0.0000     0.0000
  clock network delay (ideal)                           0.0000     0.0000
  clock reconvergence pessimism                         0.0000     0.0000
  impl/impl/cut0/gen_register_data_reg_reg_3_/CP (DFQD1)           0.0000 r
  library hold time                                     0.0054     0.0054
  data required time                                               0.0054
  ------------------------------------------------------------------------------
  data required time                                               0.0054
  data arrival time                                               -0.0823
  ------------------------------------------------------------------------------
  slack (MET)                                                      0.0769

Warning: report_timing has satisfied the max_paths criteria. There are 482 further endpoints which have paths of interest with slack less than 1000.0000 that were not considered when generating this report. (UITE-502)

1
