****************************************
Report : reference
Design : exact_fp32_divmul_7stage
Version: U-2022.12-SP5
Date   : Fri Aug 14 02:52:51 2026
****************************************


Attributes:
    b - black-box (unknown)
    h - hierarchical
    n - noncombinational
    u - contains unmapped logic
    A - abstracted timing model
    E - extracted timing model
    S - Stamp timing model
    Q - Quick timing model (QTM)

Reference          Library       Unit Area   Count    Total Area   Attributes
--------------------------------------------------------------------------------
AOI22D0            tcbn65gplustc_ccs
                                    2.52     32         80.64      
BUFFD0             tcbn65gplustc_ccs
                                    1.44     11         15.84      
DFQD1              tcbn65gplustc_ccs
                                    6.84     7          47.88      n
INVD0              tcbn65gplustc_ccs
                                    1.08     74         79.92      
exact_fp32_div_7stage
                                 29573.84    1        29573.84     h
exact_fp32_mul_7stage
                                 7602.07     1        7602.07      h
--------------------------------------------------------------------------------
Total 6 references                                    37400.20
1
