****************************************
Report : Averaged Power
	-significant_digits
Design : fig8_pace_l2_d15
Version: U-2022.12-SP5
Date   : Sat Sep  5 13:00:12 2026
****************************************



  Attributes
  ----------
      i  -  Including register clock pin internal power
      u  -  User defined power group

                        Internal             Switching            Leakage              Total
Power Group             Power                Power                Power                Power               (     %)   Attrs
----------------------------------------------------------------------------------------------------------------------------
clock_network           0.00000e+00          0.00000e+00          0.00000e+00          0.00000e+00         ( 0.00%)   i
register                0.00000e+00          0.00000e+00          0.00000e+00          0.00000e+00         ( 0.00%)   
combinational           1.79781e-05          7.03586e-06          3.90798e-06          2.89219e-05         (100.00%)  
sequential              0.00000e+00          0.00000e+00          0.00000e+00          0.00000e+00         ( 0.00%)   
memory                  0.00000e+00          0.00000e+00          0.00000e+00          0.00000e+00         ( 0.00%)   
io_pad                  0.00000e+00          0.00000e+00          0.00000e+00          0.00000e+00         ( 0.00%)   
black_box               0.00000e+00          0.00000e+00          0.00000e+00          0.00000e+00         ( 0.00%)   

  Net Switching Power  = 7.03586e-06           (24.33%)
  Cell Internal Power  = 1.79781e-05           (62.16%)
  Cell Leakage Power   = 3.90798e-06           (13.51%)
                         -------------------------
Total Power            = 2.89219e-05          (100.00%)

1
