****************************************
Report : reference
Design : fig8_pace_l2_d15
Version: U-2022.12-SP5
Date   : Sat Sep  5 13:00:10 2026
****************************************


Attributes:
    b - black-box (unknown)
    h - hierarchical
    n - noncombinational
    u - contains unmapped logic
    A - abstracted timing model
    E - extracted timing model
    S - Stamp timing model
    Q - Quick timing model (QTM)

Reference          Library       Unit Area   Count    Total Area   Attributes
--------------------------------------------------------------------------------
FP_DIV_WRAPPER_32_width_trunc15
                                  178.56     1         178.56      h
INVD1              tcbn65gplustc_ccs
                                    1.08     1           1.08      
Mantissa_Div_L2_MANTISSA_WIDTH8
                                  459.00     1         459.00      h
--------------------------------------------------------------------------------
Total 3 references                                     638.64
1
