****************************************
Report : Averaged Power
	-significant_digits
Design : absdm_l3_shared
Version: U-2022.12-SP5
Date   : Tue Sep 15 23:12:19 2026
****************************************



  Attributes
  ----------
      i  -  Including register clock pin internal power
      u  -  User defined power group

                        Internal             Switching            Leakage              Total
Power Group             Power                Power                Power                Power               (     %)   Attrs
----------------------------------------------------------------------------------------------------------------------------
clock_network           0.00000e+00          0.00000e+00          0.00000e+00          0.00000e+00         ( 0.00%)   i
register                0.00000e+00          0.00000e+00          0.00000e+00          0.00000e+00         ( 0.00%)   
combinational           2.76354e-05          1.12649e-05          1.66959e-05          5.55961e-05         (100.00%)  
sequential              0.00000e+00          0.00000e+00          0.00000e+00          0.00000e+00         ( 0.00%)   
memory                  0.00000e+00          0.00000e+00          0.00000e+00          0.00000e+00         ( 0.00%)   
io_pad                  0.00000e+00          0.00000e+00          0.00000e+00          0.00000e+00         ( 0.00%)   
black_box               0.00000e+00          0.00000e+00          0.00000e+00          0.00000e+00         ( 0.00%)   

  Net Switching Power  = 1.12649e-05           (20.26%)
  Cell Internal Power  = 2.76354e-05           (49.71%)
  Cell Leakage Power   = 1.66959e-05           (30.03%)
                         -------------------------
Total Power            = 5.55961e-05          (100.00%)

1
