****************************************
Report : timing
	-path_type full
	-delay_type max
	-nworst 10
	-slack_lesser_than 1000.00000
	-max_paths 10
	-sort_by slack
Design : absdm_l3_shared
Version: U-2022.12-SP5
Date   : Tue Sep 15 23:12:17 2026
****************************************


  Startpoint: divide_mode
               (input port clocked by vclk)
  Endpoint: result[30] (output port clocked by vclk)
  Path Group: vclk
  Path Type: max

  Point                                                   Incr       Path
  ------------------------------------------------------------------------------
  clock vclk (rise edge)                               0.00000    0.00000
  clock network delay (ideal)                          0.00000    0.00000
  input external delay                                 0.02000    0.02000 f
  divide_mode (in)                                     0.00470    0.02470 f
  U139/Z (CKBD1)                                       0.07950    0.10420 f
  shared_core/U5/ZN (INVD1)                            0.14745    0.25165 r
  shared_core/U420/ZN (NR2D1)                          0.04254    0.29419 f
  shared_core/U263/Z (AN2XD1)                          0.05174    0.34593 f
  shared_core/U412/ZN (ND2D1)                          0.03171    0.37764 r
  shared_core/U168/ZN (INR3D0)                         0.05800    0.43564 r
  shared_core/U187/Z (AN4XD1)                          0.06277    0.49841 r
  shared_core/U159/ZN (ND4D1)                          0.03961    0.53801 f
  shared_core/U144/ZN (NR4D0)                          0.06013    0.59814 r
  shared_core/U163/ZN (ND4D1)                          0.05268    0.65082 f
  shared_core/U158/ZN (IINR4D0)                        0.05904    0.70986 r
  shared_core/U170/ZN (ND4D1)                          0.16495    0.87481 f
  shared_core/mult_144/U189/ZN (CKND2D0)               0.05781    0.93263 r
  shared_core/mult_144/U120/ZN (OAI211D0)              0.12594    1.05857 f
  shared_core/mult_144/U158/ZN (OAI22D0)               0.08423    1.14280 r
  shared_core/mult_144/U28/S (HA1D0)                   0.07331    1.21611 f
  shared_core/mult_144/U13/CO (FA1D0)                  0.10100    1.31712 f
  shared_core/mult_144/U12/CO (FA1D0)                  0.05524    1.37236 f
  shared_core/mult_144/U11/CO (FA1D0)                  0.05524    1.42760 f
  shared_core/mult_144/U10/CO (FA1D0)                  0.05524    1.48285 f
  shared_core/mult_144/U9/CO (FA1D0)                   0.05524    1.53809 f
  shared_core/mult_144/U8/CO (FA1D0)                   0.05524    1.59334 f
  shared_core/mult_144/U7/CO (FA1D0)                   0.05524    1.64858 f
  shared_core/mult_144/U6/CO (FA1D0)                   0.05524    1.70383 f
  shared_core/mult_144/U5/CO (FA1D0)                   0.05524    1.75907 f
  shared_core/mult_144/U4/CO (FA1D0)                   0.05524    1.81431 f
  shared_core/mult_144/U3/CO (FA1D0)                   0.05524    1.86956 f
  shared_core/mult_144/U2/CO (FA1D0)                   0.05155    1.92111 f
  shared_core/mult_144/U136/ZN (CKND0)                 0.06870    1.98980 r
  shared_core/add_1_root_add_147_2/U1_15/CO (FA1D0)    0.09796    2.08777 r
  shared_core/add_1_root_add_147_2/U1_16/CO (FA1D0)    0.05081    2.13857 r
  shared_core/add_1_root_add_147_2/U1_17/S (FA1D0)     0.07720    2.21577 r
  shared_core/add_0_root_add_147_2/U1_17/CO (FA1D0)    0.08424    2.30001 r
  shared_core/add_0_root_add_147_2/U1_18/Z (XOR3D1)    0.07705    2.37706 f
  U84/ZN (NR3D0)                                       0.20673    2.58379 r
  U78/ZN (IND2D1)                                      0.15319    2.73698 r
  wrapper/U50/CO (FA1D0)                               0.11173    2.84871 r
  wrapper/U51/CO (FA1D0)                               0.05152    2.90023 r
  wrapper/U52/CO (FA1D0)                               0.05152    2.95174 r
  wrapper/U53/CO (FA1D0)                               0.05152    3.00326 r
  wrapper/U54/CO (FA1D0)                               0.05152    3.05477 r
  wrapper/U55/CO (FA1D0)                               0.05240    3.10717 r
  wrapper/U65/Z (XOR3D1)                               0.06688    3.17406 f
  wrapper/U63/Z (AO22D0)                               0.07701    3.25107 f
  result[30] (out)                                     0.00000    3.25107 f
  data arrival time                                               3.25107

  clock vclk (rise edge)                              10.00000   10.00000
  clock network delay (ideal)                          0.00000   10.00000
  clock reconvergence pessimism                        0.00000   10.00000
  output external delay                               -0.02000    9.98000
  data required time                                              9.98000
  ------------------------------------------------------------------------------
  data required time                                              9.98000
  data arrival time                                              -3.25107
  ------------------------------------------------------------------------------
  slack (MET)                                                     6.72893


  Startpoint: divide_mode
               (input port clocked by vclk)
  Endpoint: result[30] (output port clocked by vclk)
  Path Group: vclk
  Path Type: max

  Point                                                   Incr       Path
  ------------------------------------------------------------------------------
  clock vclk (rise edge)                               0.00000    0.00000
  clock network delay (ideal)                          0.00000    0.00000
  input external delay                                 0.02000    0.02000 f
  divide_mode (in)                                     0.00470    0.02470 f
  U139/Z (CKBD1)                                       0.07950    0.10420 f
  shared_core/U5/ZN (INVD1)                            0.14745    0.25165 r
  shared_core/U420/ZN (NR2D1)                          0.04254    0.29419 f
  shared_core/U263/Z (AN2XD1)                          0.05174    0.34593 f
  shared_core/U412/ZN (ND2D1)                          0.03171    0.37764 r
  shared_core/U168/ZN (INR3D0)                         0.05800    0.43564 r
  shared_core/U187/Z (AN4XD1)                          0.06277    0.49841 r
  shared_core/U159/ZN (ND4D1)                          0.03961    0.53801 f
  shared_core/U144/ZN (NR4D0)                          0.06013    0.59814 r
  shared_core/U163/ZN (ND4D1)                          0.05268    0.65082 f
  shared_core/U158/ZN (IINR4D0)                        0.05904    0.70986 r
  shared_core/U170/ZN (ND4D1)                          0.16495    0.87481 f
  shared_core/mult_144/U189/ZN (CKND2D0)               0.05781    0.93263 r
  shared_core/mult_144/U120/ZN (OAI211D0)              0.12594    1.05857 f
  shared_core/mult_144/U158/ZN (OAI22D0)               0.08423    1.14280 r
  shared_core/mult_144/U28/S (HA1D0)                   0.07331    1.21611 f
  shared_core/mult_144/U13/CO (FA1D0)                  0.10100    1.31712 f
  shared_core/mult_144/U12/CO (FA1D0)                  0.05524    1.37236 f
  shared_core/mult_144/U11/CO (FA1D0)                  0.05524    1.42760 f
  shared_core/mult_144/U10/CO (FA1D0)                  0.05524    1.48285 f
  shared_core/mult_144/U9/CO (FA1D0)                   0.05524    1.53809 f
  shared_core/mult_144/U8/CO (FA1D0)                   0.05524    1.59334 f
  shared_core/mult_144/U7/CO (FA1D0)                   0.05524    1.64858 f
  shared_core/mult_144/U6/CO (FA1D0)                   0.05524    1.70383 f
  shared_core/mult_144/U5/CO (FA1D0)                   0.05524    1.75907 f
  shared_core/mult_144/U4/CO (FA1D0)                   0.05524    1.81431 f
  shared_core/mult_144/U3/CO (FA1D0)                   0.05524    1.86956 f
  shared_core/mult_144/U2/CO (FA1D0)                   0.05155    1.92111 f
  shared_core/mult_144/U136/ZN (CKND0)                 0.06870    1.98980 r
  shared_core/add_1_root_add_147_2/U1_15/CO (FA1D0)    0.09796    2.08777 r
  shared_core/add_1_root_add_147_2/U1_16/S (FA1D0)     0.07720    2.16496 r
  shared_core/add_0_root_add_147_2/U1_16/CO (FA1D0)    0.08338    2.24834 r
  shared_core/add_0_root_add_147_2/U1_17/CO (FA1D0)    0.05157    2.29991 r
  shared_core/add_0_root_add_147_2/U1_18/Z (XOR3D1)    0.07705    2.37696 f
  U84/ZN (NR3D0)                                       0.20673    2.58369 r
  U78/ZN (IND2D1)                                      0.15319    2.73688 r
  wrapper/U50/CO (FA1D0)                               0.11173    2.84860 r
  wrapper/U51/CO (FA1D0)                               0.05152    2.90012 r
  wrapper/U52/CO (FA1D0)                               0.05152    2.95164 r
  wrapper/U53/CO (FA1D0)                               0.05152    3.00315 r
  wrapper/U54/CO (FA1D0)                               0.05152    3.05467 r
  wrapper/U55/CO (FA1D0)                               0.05240    3.10707 r
  wrapper/U65/Z (XOR3D1)                               0.06688    3.17395 f
  wrapper/U63/Z (AO22D0)                               0.07701    3.25097 f
  result[30] (out)                                     0.00000    3.25097 f
  data arrival time                                               3.25097

  clock vclk (rise edge)                              10.00000   10.00000
  clock network delay (ideal)                          0.00000   10.00000
  clock reconvergence pessimism                        0.00000   10.00000
  output external delay                               -0.02000    9.98000
  data required time                                              9.98000
  ------------------------------------------------------------------------------
  data required time                                              9.98000
  data arrival time                                              -3.25097
  ------------------------------------------------------------------------------
  slack (MET)                                                     6.72903


  Startpoint: divide_mode
               (input port clocked by vclk)
  Endpoint: result[30] (output port clocked by vclk)
  Path Group: vclk
  Path Type: max

  Point                                                   Incr       Path
  ------------------------------------------------------------------------------
  clock vclk (rise edge)                               0.00000    0.00000
  clock network delay (ideal)                          0.00000    0.00000
  input external delay                                 0.02000    0.02000 f
  divide_mode (in)                                     0.00470    0.02470 f
  U139/Z (CKBD1)                                       0.07950    0.10420 f
  shared_core/U5/ZN (INVD1)                            0.14745    0.25165 r
  shared_core/U538/ZN (NR2D1)                          0.04254    0.29419 f
  shared_core/U217/Z (AN2XD1)                          0.05174    0.34593 f
  shared_core/U426/ZN (ND2D1)                          0.02843    0.37436 r
  shared_core/U175/ZN (INVD1)                          0.02155    0.39591 f
  shared_core/U168/ZN (INR3D0)                         0.03865    0.43456 r
  shared_core/U187/Z (AN4XD1)                          0.06277    0.49733 r
  shared_core/U159/ZN (ND4D1)                          0.03961    0.53693 f
  shared_core/U144/ZN (NR4D0)                          0.06013    0.59706 r
  shared_core/U163/ZN (ND4D1)                          0.05268    0.64974 f
  shared_core/U158/ZN (IINR4D0)                        0.05904    0.70878 r
  shared_core/U170/ZN (ND4D1)                          0.16495    0.87373 f
  shared_core/mult_144/U189/ZN (CKND2D0)               0.05781    0.93154 r
  shared_core/mult_144/U120/ZN (OAI211D0)              0.12594    1.05748 f
  shared_core/mult_144/U158/ZN (OAI22D0)               0.08423    1.14172 r
  shared_core/mult_144/U28/S (HA1D0)                   0.07331    1.21503 f
  shared_core/mult_144/U13/CO (FA1D0)                  0.10100    1.31603 f
  shared_core/mult_144/U12/CO (FA1D0)                  0.05524    1.37128 f
  shared_core/mult_144/U11/CO (FA1D0)                  0.05524    1.42652 f
  shared_core/mult_144/U10/CO (FA1D0)                  0.05524    1.48177 f
  shared_core/mult_144/U9/CO (FA1D0)                   0.05524    1.53701 f
  shared_core/mult_144/U8/CO (FA1D0)                   0.05524    1.59226 f
  shared_core/mult_144/U7/CO (FA1D0)                   0.05524    1.64750 f
  shared_core/mult_144/U6/CO (FA1D0)                   0.05524    1.70274 f
  shared_core/mult_144/U5/CO (FA1D0)                   0.05524    1.75799 f
  shared_core/mult_144/U4/CO (FA1D0)                   0.05524    1.81323 f
  shared_core/mult_144/U3/CO (FA1D0)                   0.05524    1.86848 f
  shared_core/mult_144/U2/CO (FA1D0)                   0.05155    1.92002 f
  shared_core/mult_144/U136/ZN (CKND0)                 0.06870    1.98872 r
  shared_core/add_1_root_add_147_2/U1_15/CO (FA1D0)    0.09796    2.08668 r
  shared_core/add_1_root_add_147_2/U1_16/CO (FA1D0)    0.05081    2.13749 r
  shared_core/add_1_root_add_147_2/U1_17/S (FA1D0)     0.07720    2.21469 r
  shared_core/add_0_root_add_147_2/U1_17/CO (FA1D0)    0.08424    2.29893 r
  shared_core/add_0_root_add_147_2/U1_18/Z (XOR3D1)    0.07705    2.37598 f
  U84/ZN (NR3D0)                                       0.20673    2.58271 r
  U78/ZN (IND2D1)                                      0.15319    2.73590 r
  wrapper/U50/CO (FA1D0)                               0.11173    2.84763 r
  wrapper/U51/CO (FA1D0)                               0.05152    2.89914 r
  wrapper/U52/CO (FA1D0)                               0.05152    2.95066 r
  wrapper/U53/CO (FA1D0)                               0.05152    3.00218 r
  wrapper/U54/CO (FA1D0)                               0.05152    3.05369 r
  wrapper/U55/CO (FA1D0)                               0.05240    3.10609 r
  wrapper/U65/Z (XOR3D1)                               0.06688    3.17298 f
  wrapper/U63/Z (AO22D0)                               0.07701    3.24999 f
  result[30] (out)                                     0.00000    3.24999 f
  data arrival time                                               3.24999

  clock vclk (rise edge)                              10.00000   10.00000
  clock network delay (ideal)                          0.00000   10.00000
  clock reconvergence pessimism                        0.00000   10.00000
  output external delay                               -0.02000    9.98000
  data required time                                              9.98000
  ------------------------------------------------------------------------------
  data required time                                              9.98000
  data arrival time                                              -3.24999
  ------------------------------------------------------------------------------
  slack (MET)                                                     6.73001


  Startpoint: divide_mode
               (input port clocked by vclk)
  Endpoint: result[30] (output port clocked by vclk)
  Path Group: vclk
  Path Type: max

  Point                                                   Incr       Path
  ------------------------------------------------------------------------------
  clock vclk (rise edge)                               0.00000    0.00000
  clock network delay (ideal)                          0.00000    0.00000
  input external delay                                 0.02000    0.02000 f
  divide_mode (in)                                     0.00470    0.02470 f
  U139/Z (CKBD1)                                       0.07950    0.10420 f
  shared_core/U5/ZN (INVD1)                            0.14745    0.25165 r
  shared_core/U538/ZN (NR2D1)                          0.04254    0.29419 f
  shared_core/U217/Z (AN2XD1)                          0.05174    0.34593 f
  shared_core/U426/ZN (ND2D1)                          0.02843    0.37436 r
  shared_core/U175/ZN (INVD1)                          0.02155    0.39591 f
  shared_core/U168/ZN (INR3D0)                         0.03865    0.43456 r
  shared_core/U187/Z (AN4XD1)                          0.06277    0.49733 r
  shared_core/U159/ZN (ND4D1)                          0.03961    0.53693 f
  shared_core/U144/ZN (NR4D0)                          0.06013    0.59706 r
  shared_core/U163/ZN (ND4D1)                          0.05268    0.64974 f
  shared_core/U158/ZN (IINR4D0)                        0.05904    0.70878 r
  shared_core/U170/ZN (ND4D1)                          0.16495    0.87373 f
  shared_core/mult_144/U189/ZN (CKND2D0)               0.05781    0.93154 r
  shared_core/mult_144/U120/ZN (OAI211D0)              0.12594    1.05748 f
  shared_core/mult_144/U158/ZN (OAI22D0)               0.08423    1.14172 r
  shared_core/mult_144/U28/S (HA1D0)                   0.07331    1.21503 f
  shared_core/mult_144/U13/CO (FA1D0)                  0.10100    1.31603 f
  shared_core/mult_144/U12/CO (FA1D0)                  0.05524    1.37128 f
  shared_core/mult_144/U11/CO (FA1D0)                  0.05524    1.42652 f
  shared_core/mult_144/U10/CO (FA1D0)                  0.05524    1.48177 f
  shared_core/mult_144/U9/CO (FA1D0)                   0.05524    1.53701 f
  shared_core/mult_144/U8/CO (FA1D0)                   0.05524    1.59226 f
  shared_core/mult_144/U7/CO (FA1D0)                   0.05524    1.64750 f
  shared_core/mult_144/U6/CO (FA1D0)                   0.05524    1.70274 f
  shared_core/mult_144/U5/CO (FA1D0)                   0.05524    1.75799 f
  shared_core/mult_144/U4/CO (FA1D0)                   0.05524    1.81323 f
  shared_core/mult_144/U3/CO (FA1D0)                   0.05524    1.86848 f
  shared_core/mult_144/U2/CO (FA1D0)                   0.05155    1.92002 f
  shared_core/mult_144/U136/ZN (CKND0)                 0.06870    1.98872 r
  shared_core/add_1_root_add_147_2/U1_15/CO (FA1D0)    0.09796    2.08669 r
  shared_core/add_1_root_add_147_2/U1_16/S (FA1D0)     0.07720    2.16388 r
  shared_core/add_0_root_add_147_2/U1_16/CO (FA1D0)    0.08338    2.24726 r
  shared_core/add_0_root_add_147_2/U1_17/CO (FA1D0)    0.05157    2.29883 r
  shared_core/add_0_root_add_147_2/U1_18/Z (XOR3D1)    0.07705    2.37588 f
  U84/ZN (NR3D0)                                       0.20673    2.58261 r
  U78/ZN (IND2D1)                                      0.15319    2.73580 r
  wrapper/U50/CO (FA1D0)                               0.11173    2.84752 r
  wrapper/U51/CO (FA1D0)                               0.05152    2.89904 r
  wrapper/U52/CO (FA1D0)                               0.05152    2.95055 r
  wrapper/U53/CO (FA1D0)                               0.05152    3.00207 r
  wrapper/U54/CO (FA1D0)                               0.05152    3.05359 r
  wrapper/U55/CO (FA1D0)                               0.05240    3.10599 r
  wrapper/U65/Z (XOR3D1)                               0.06688    3.17287 f
  wrapper/U63/Z (AO22D0)                               0.07701    3.24988 f
  result[30] (out)                                     0.00000    3.24988 f
  data arrival time                                               3.24988

  clock vclk (rise edge)                              10.00000   10.00000
  clock network delay (ideal)                          0.00000   10.00000
  clock reconvergence pessimism                        0.00000   10.00000
  output external delay                               -0.02000    9.98000
  data required time                                              9.98000
  ------------------------------------------------------------------------------
  data required time                                              9.98000
  data arrival time                                              -3.24988
  ------------------------------------------------------------------------------
  slack (MET)                                                     6.73012


  Startpoint: divide_mode
               (input port clocked by vclk)
  Endpoint: result[30] (output port clocked by vclk)
  Path Group: vclk
  Path Type: max

  Point                                                   Incr       Path
  ------------------------------------------------------------------------------
  clock vclk (rise edge)                               0.00000    0.00000
  clock network delay (ideal)                          0.00000    0.00000
  input external delay                                 0.02000    0.02000 f
  divide_mode (in)                                     0.00470    0.02470 f
  U139/Z (CKBD1)                                       0.07950    0.10420 f
  shared_core/U5/ZN (INVD1)                            0.14745    0.25165 r
  shared_core/U538/ZN (NR2D1)                          0.04254    0.29419 f
  shared_core/U414/Z (AN2XD1)                          0.05174    0.34593 f
  shared_core/U411/ZN (ND2D1)                          0.03177    0.37770 r
  shared_core/U239/Z (AN4XD1)                          0.05865    0.43635 r
  shared_core/U238/Z (AN4XD1)                          0.06033    0.49668 r
  shared_core/U149/ZN (IND4D1)                         0.03901    0.53569 f
  shared_core/U153/ZN (INR3D0)                         0.04312    0.57881 r
  shared_core/U116/Z (AN4XD1)                          0.06257    0.64138 r
  shared_core/U30/ZN (INR3D0)                          0.05110    0.69247 r
  shared_core/U9/ZN (ND4D1)                            0.15793    0.85040 f
  shared_core/mult_144_S2/U189/ZN (CKND2D0)            0.05779    0.90819 r
  shared_core/mult_144_S2/U120/ZN (OAI211D0)           0.12593    1.03413 f
  shared_core/mult_144_S2/U158/ZN (OAI22D0)            0.08421    1.11834 r
  shared_core/mult_144_S2/U28/S (HA1D0)                0.07331    1.19165 f
  shared_core/mult_144_S2/U13/CO (FA1D0)               0.10100    1.29265 f
  shared_core/mult_144_S2/U12/CO (FA1D0)               0.05524    1.34789 f
  shared_core/mult_144_S2/U11/CO (FA1D0)               0.05524    1.40314 f
  shared_core/mult_144_S2/U10/CO (FA1D0)               0.05524    1.45838 f
  shared_core/mult_144_S2/U9/CO (FA1D0)                0.05524    1.51363 f
  shared_core/mult_144_S2/U8/CO (FA1D0)                0.05524    1.56887 f
  shared_core/mult_144_S2/U7/CO (FA1D0)                0.05524    1.62412 f
  shared_core/mult_144_S2/U6/CO (FA1D0)                0.05524    1.67936 f
  shared_core/mult_144_S2/U5/CO (FA1D0)                0.05524    1.73461 f
  shared_core/mult_144_S2/U4/CO (FA1D0)                0.05524    1.78985 f
  shared_core/mult_144_S2/U3/CO (FA1D0)                0.05524    1.84509 f
  shared_core/mult_144_S2/U2/S (FA1D0)                 0.06204    1.90714 f
  shared_core/U118/ZN (INVD1)                          0.02213    1.92927 r
  shared_core/U563/Z (CKXOR2D1)                        0.05882    1.98809 f
  shared_core/U394/Z (AO22D0)                          0.06260    2.05069 f
  shared_core/add_0_root_add_147_2/U1_14/CO (FA1D0)    0.10214    2.15282 f
  shared_core/add_0_root_add_147_2/U1_15/CO (FA1D0)    0.05524    2.20807 f
  shared_core/add_0_root_add_147_2/U1_16/CO (FA1D0)    0.05524    2.26331 f
  shared_core/add_0_root_add_147_2/U1_17/CO (FA1D0)    0.05598    2.31929 f
  shared_core/add_0_root_add_147_2/U1_18/Z (XOR3D1)    0.05085    2.37014 f
  U84/ZN (NR3D0)                                       0.20673    2.57687 r
  U78/ZN (IND2D1)                                      0.15319    2.73006 r
  wrapper/U50/CO (FA1D0)                               0.11173    2.84179 r
  wrapper/U51/CO (FA1D0)                               0.05152    2.89330 r
  wrapper/U52/CO (FA1D0)                               0.05152    2.94482 r
  wrapper/U53/CO (FA1D0)                               0.05152    2.99634 r
  wrapper/U54/CO (FA1D0)                               0.05152    3.04785 r
  wrapper/U55/CO (FA1D0)                               0.05240    3.10025 r
  wrapper/U65/Z (XOR3D1)                               0.06688    3.16714 f
  wrapper/U63/Z (AO22D0)                               0.07701    3.24415 f
  result[30] (out)                                     0.00000    3.24415 f
  data arrival time                                               3.24415

  clock vclk (rise edge)                              10.00000   10.00000
  clock network delay (ideal)                          0.00000   10.00000
  clock reconvergence pessimism                        0.00000   10.00000
  output external delay                               -0.02000    9.98000
  data required time                                              9.98000
  ------------------------------------------------------------------------------
  data required time                                              9.98000
  data arrival time                                              -3.24415
  ------------------------------------------------------------------------------
  slack (MET)                                                     6.73585


  Startpoint: divide_mode
               (input port clocked by vclk)
  Endpoint: result[30] (output port clocked by vclk)
  Path Group: vclk
  Path Type: max

  Point                                                   Incr       Path
  ------------------------------------------------------------------------------
  clock vclk (rise edge)                               0.00000    0.00000
  clock network delay (ideal)                          0.00000    0.00000
  input external delay                                 0.02000    0.02000 f
  divide_mode (in)                                     0.00470    0.02470 f
  U139/Z (CKBD1)                                       0.07950    0.10420 f
  shared_core/U5/ZN (INVD1)                            0.14745    0.25165 r
  shared_core/U538/ZN (NR2D1)                          0.04254    0.29419 f
  shared_core/U414/Z (AN2XD1)                          0.05174    0.34593 f
  shared_core/U411/ZN (ND2D1)                          0.03177    0.37770 r
  shared_core/U239/Z (AN4XD1)                          0.05865    0.43635 r
  shared_core/U238/Z (AN4XD1)                          0.06033    0.49668 r
  shared_core/U149/ZN (IND4D1)                         0.03901    0.53569 f
  shared_core/U153/ZN (INR3D0)                         0.04312    0.57881 r
  shared_core/U116/Z (AN4XD1)                          0.06257    0.64138 r
  shared_core/U30/ZN (INR3D0)                          0.05110    0.69247 r
  shared_core/U9/ZN (ND4D1)                            0.15793    0.85040 f
  shared_core/mult_144_S2/U189/ZN (CKND2D0)            0.05779    0.90819 r
  shared_core/mult_144_S2/U120/ZN (OAI211D0)           0.12593    1.03413 f
  shared_core/mult_144_S2/U158/ZN (OAI22D0)            0.08421    1.11834 r
  shared_core/mult_144_S2/U28/S (HA1D0)                0.07331    1.19165 f
  shared_core/mult_144_S2/U13/CO (FA1D0)               0.10100    1.29265 f
  shared_core/mult_144_S2/U12/CO (FA1D0)               0.05524    1.34789 f
  shared_core/mult_144_S2/U11/CO (FA1D0)               0.05524    1.40314 f
  shared_core/mult_144_S2/U10/S (FA1D0)                0.06204    1.46518 f
  shared_core/U176/ZN (INVD1)                          0.02203    1.48722 r
  shared_core/U555/Z (CKXOR2D1)                        0.05880    1.54602 f
  shared_core/U427/Z (AO22D0)                          0.06260    1.60862 f
  shared_core/add_0_root_add_147_2/U1_6/CO (FA1D0)     0.10214    1.71075 f
  shared_core/add_0_root_add_147_2/U1_7/CO (FA1D0)     0.05524    1.76600 f
  shared_core/add_0_root_add_147_2/U1_8/CO (FA1D0)     0.05524    1.82124 f
  shared_core/add_0_root_add_147_2/U1_9/CO (FA1D0)     0.05524    1.87649 f
  shared_core/add_0_root_add_147_2/U1_10/CO (FA1D0)    0.05524    1.93173 f
  shared_core/add_0_root_add_147_2/U1_11/CO (FA1D0)    0.05524    1.98697 f
  shared_core/add_0_root_add_147_2/U1_12/CO (FA1D0)    0.05524    2.04222 f
  shared_core/add_0_root_add_147_2/U1_13/CO (FA1D0)    0.05524    2.09746 f
  shared_core/add_0_root_add_147_2/U1_14/CO (FA1D0)    0.05524    2.15271 f
  shared_core/add_0_root_add_147_2/U1_15/CO (FA1D0)    0.05524    2.20795 f
  shared_core/add_0_root_add_147_2/U1_16/CO (FA1D0)    0.05524    2.26320 f
  shared_core/add_0_root_add_147_2/U1_17/CO (FA1D0)    0.05598    2.31918 f
  shared_core/add_0_root_add_147_2/U1_18/Z (XOR3D1)    0.05085    2.37003 f
  U84/ZN (NR3D0)                                       0.20673    2.57676 r
  U78/ZN (IND2D1)                                      0.15319    2.72995 r
  wrapper/U50/CO (FA1D0)                               0.11173    2.84167 r
  wrapper/U51/CO (FA1D0)                               0.05152    2.89319 r
  wrapper/U52/CO (FA1D0)                               0.05152    2.94471 r
  wrapper/U53/CO (FA1D0)                               0.05152    2.99622 r
  wrapper/U54/CO (FA1D0)                               0.05152    3.04774 r
  wrapper/U55/CO (FA1D0)                               0.05240    3.10014 r
  wrapper/U65/Z (XOR3D1)                               0.06688    3.16702 f
  wrapper/U63/Z (AO22D0)                               0.07701    3.24404 f
  result[30] (out)                                     0.00000    3.24404 f
  data arrival time                                               3.24404

  clock vclk (rise edge)                              10.00000   10.00000
  clock network delay (ideal)                          0.00000   10.00000
  clock reconvergence pessimism                        0.00000   10.00000
  output external delay                               -0.02000    9.98000
  data required time                                              9.98000
  ------------------------------------------------------------------------------
  data required time                                              9.98000
  data arrival time                                              -3.24404
  ------------------------------------------------------------------------------
  slack (MET)                                                     6.73596


  Startpoint: divide_mode
               (input port clocked by vclk)
  Endpoint: result[30] (output port clocked by vclk)
  Path Group: vclk
  Path Type: max

  Point                                                   Incr       Path
  ------------------------------------------------------------------------------
  clock vclk (rise edge)                               0.00000    0.00000
  clock network delay (ideal)                          0.00000    0.00000
  input external delay                                 0.02000    0.02000 f
  divide_mode (in)                                     0.00470    0.02470 f
  U139/Z (CKBD1)                                       0.07950    0.10420 f
  shared_core/U5/ZN (INVD1)                            0.14745    0.25165 r
  shared_core/U538/ZN (NR2D1)                          0.04254    0.29419 f
  shared_core/U414/Z (AN2XD1)                          0.05174    0.34593 f
  shared_core/U411/ZN (ND2D1)                          0.03177    0.37770 r
  shared_core/U239/Z (AN4XD1)                          0.05865    0.43635 r
  shared_core/U238/Z (AN4XD1)                          0.06033    0.49668 r
  shared_core/U149/ZN (IND4D1)                         0.03901    0.53569 f
  shared_core/U153/ZN (INR3D0)                         0.04312    0.57881 r
  shared_core/U116/Z (AN4XD1)                          0.06257    0.64138 r
  shared_core/U30/ZN (INR3D0)                          0.05110    0.69247 r
  shared_core/U9/ZN (ND4D1)                            0.15793    0.85040 f
  shared_core/mult_144_S2/U189/ZN (CKND2D0)            0.05779    0.90819 r
  shared_core/mult_144_S2/U120/ZN (OAI211D0)           0.12593    1.03413 f
  shared_core/mult_144_S2/U158/ZN (OAI22D0)            0.08421    1.11834 r
  shared_core/mult_144_S2/U28/S (HA1D0)                0.07331    1.19165 f
  shared_core/mult_144_S2/U13/CO (FA1D0)               0.10100    1.29265 f
  shared_core/mult_144_S2/U12/CO (FA1D0)               0.05524    1.34789 f
  shared_core/mult_144_S2/U11/CO (FA1D0)               0.05524    1.40314 f
  shared_core/mult_144_S2/U10/CO (FA1D0)               0.05524    1.45838 f
  shared_core/mult_144_S2/U9/CO (FA1D0)                0.05524    1.51363 f
  shared_core/mult_144_S2/U8/CO (FA1D0)                0.05524    1.56887 f
  shared_core/mult_144_S2/U7/S (FA1D0)                 0.06204    1.63092 f
  shared_core/U141/ZN (INVD1)                          0.02203    1.65295 r
  shared_core/U558/Z (CKXOR2D1)                        0.05880    1.71175 f
  shared_core/U410/Z (AO22D0)                          0.06260    1.77435 f
  shared_core/add_0_root_add_147_2/U1_9/CO (FA1D0)     0.10214    1.87649 f
  shared_core/add_0_root_add_147_2/U1_10/CO (FA1D0)    0.05524    1.93173 f
  shared_core/add_0_root_add_147_2/U1_11/CO (FA1D0)    0.05524    1.98697 f
  shared_core/add_0_root_add_147_2/U1_12/CO (FA1D0)    0.05524    2.04222 f
  shared_core/add_0_root_add_147_2/U1_13/CO (FA1D0)    0.05524    2.09746 f
  shared_core/add_0_root_add_147_2/U1_14/CO (FA1D0)    0.05524    2.15271 f
  shared_core/add_0_root_add_147_2/U1_15/CO (FA1D0)    0.05524    2.20795 f
  shared_core/add_0_root_add_147_2/U1_16/CO (FA1D0)    0.05524    2.26320 f
  shared_core/add_0_root_add_147_2/U1_17/CO (FA1D0)    0.05598    2.31918 f
  shared_core/add_0_root_add_147_2/U1_18/Z (XOR3D1)    0.05085    2.37003 f
  U84/ZN (NR3D0)                                       0.20673    2.57676 r
  U78/ZN (IND2D1)                                      0.15319    2.72995 r
  wrapper/U50/CO (FA1D0)                               0.11173    2.84167 r
  wrapper/U51/CO (FA1D0)                               0.05152    2.89319 r
  wrapper/U52/CO (FA1D0)                               0.05152    2.94471 r
  wrapper/U53/CO (FA1D0)                               0.05152    2.99622 r
  wrapper/U54/CO (FA1D0)                               0.05152    3.04774 r
  wrapper/U55/CO (FA1D0)                               0.05240    3.10014 r
  wrapper/U65/Z (XOR3D1)                               0.06688    3.16702 f
  wrapper/U63/Z (AO22D0)                               0.07701    3.24404 f
  result[30] (out)                                     0.00000    3.24404 f
  data arrival time                                               3.24404

  clock vclk (rise edge)                              10.00000   10.00000
  clock network delay (ideal)                          0.00000   10.00000
  clock reconvergence pessimism                        0.00000   10.00000
  output external delay                               -0.02000    9.98000
  data required time                                              9.98000
  ------------------------------------------------------------------------------
  data required time                                              9.98000
  data arrival time                                              -3.24404
  ------------------------------------------------------------------------------
  slack (MET)                                                     6.73596


  Startpoint: divide_mode
               (input port clocked by vclk)
  Endpoint: result[30] (output port clocked by vclk)
  Path Group: vclk
  Path Type: max

  Point                                                   Incr       Path
  ------------------------------------------------------------------------------
  clock vclk (rise edge)                               0.00000    0.00000
  clock network delay (ideal)                          0.00000    0.00000
  input external delay                                 0.02000    0.02000 f
  divide_mode (in)                                     0.00470    0.02470 f
  U139/Z (CKBD1)                                       0.07950    0.10420 f
  shared_core/U5/ZN (INVD1)                            0.14745    0.25165 r
  shared_core/U538/ZN (NR2D1)                          0.04254    0.29419 f
  shared_core/U414/Z (AN2XD1)                          0.05174    0.34593 f
  shared_core/U411/ZN (ND2D1)                          0.03177    0.37770 r
  shared_core/U239/Z (AN4XD1)                          0.05865    0.43635 r
  shared_core/U238/Z (AN4XD1)                          0.06033    0.49668 r
  shared_core/U149/ZN (IND4D1)                         0.03901    0.53569 f
  shared_core/U153/ZN (INR3D0)                         0.04312    0.57881 r
  shared_core/U116/Z (AN4XD1)                          0.06257    0.64138 r
  shared_core/U30/ZN (INR3D0)                          0.05110    0.69247 r
  shared_core/U9/ZN (ND4D1)                            0.15793    0.85040 f
  shared_core/mult_144_S2/U189/ZN (CKND2D0)            0.05779    0.90819 r
  shared_core/mult_144_S2/U120/ZN (OAI211D0)           0.12593    1.03413 f
  shared_core/mult_144_S2/U158/ZN (OAI22D0)            0.08421    1.11834 r
  shared_core/mult_144_S2/U28/S (HA1D0)                0.07331    1.19165 f
  shared_core/mult_144_S2/U13/CO (FA1D0)               0.10100    1.29265 f
  shared_core/mult_144_S2/U12/CO (FA1D0)               0.05524    1.34789 f
  shared_core/mult_144_S2/U11/S (FA1D0)                0.06204    1.40994 f
  shared_core/U188/ZN (INVD1)                          0.02203    1.43197 r
  shared_core/U554/Z (CKXOR2D1)                        0.05880    1.49078 f
  shared_core/U432/Z (AO22D0)                          0.06260    1.55337 f
  shared_core/add_0_root_add_147_2/U1_5/CO (FA1D0)     0.10214    1.65551 f
  shared_core/add_0_root_add_147_2/U1_6/CO (FA1D0)     0.05524    1.71075 f
  shared_core/add_0_root_add_147_2/U1_7/CO (FA1D0)     0.05524    1.76600 f
  shared_core/add_0_root_add_147_2/U1_8/CO (FA1D0)     0.05524    1.82124 f
  shared_core/add_0_root_add_147_2/U1_9/CO (FA1D0)     0.05524    1.87649 f
  shared_core/add_0_root_add_147_2/U1_10/CO (FA1D0)    0.05524    1.93173 f
  shared_core/add_0_root_add_147_2/U1_11/CO (FA1D0)    0.05524    1.98697 f
  shared_core/add_0_root_add_147_2/U1_12/CO (FA1D0)    0.05524    2.04222 f
  shared_core/add_0_root_add_147_2/U1_13/CO (FA1D0)    0.05524    2.09746 f
  shared_core/add_0_root_add_147_2/U1_14/CO (FA1D0)    0.05524    2.15271 f
  shared_core/add_0_root_add_147_2/U1_15/CO (FA1D0)    0.05524    2.20795 f
  shared_core/add_0_root_add_147_2/U1_16/CO (FA1D0)    0.05524    2.26320 f
  shared_core/add_0_root_add_147_2/U1_17/CO (FA1D0)    0.05598    2.31918 f
  shared_core/add_0_root_add_147_2/U1_18/Z (XOR3D1)    0.05085    2.37003 f
  U84/ZN (NR3D0)                                       0.20673    2.57676 r
  U78/ZN (IND2D1)                                      0.15319    2.72995 r
  wrapper/U50/CO (FA1D0)                               0.11173    2.84167 r
  wrapper/U51/CO (FA1D0)                               0.05152    2.89319 r
  wrapper/U52/CO (FA1D0)                               0.05152    2.94471 r
  wrapper/U53/CO (FA1D0)                               0.05152    2.99622 r
  wrapper/U54/CO (FA1D0)                               0.05152    3.04774 r
  wrapper/U55/CO (FA1D0)                               0.05240    3.10014 r
  wrapper/U65/Z (XOR3D1)                               0.06688    3.16702 f
  wrapper/U63/Z (AO22D0)                               0.07701    3.24404 f
  result[30] (out)                                     0.00000    3.24404 f
  data arrival time                                               3.24404

  clock vclk (rise edge)                              10.00000   10.00000
  clock network delay (ideal)                          0.00000   10.00000
  clock reconvergence pessimism                        0.00000   10.00000
  output external delay                               -0.02000    9.98000
  data required time                                              9.98000
  ------------------------------------------------------------------------------
  data required time                                              9.98000
  data arrival time                                              -3.24404
  ------------------------------------------------------------------------------
  slack (MET)                                                     6.73596


  Startpoint: divide_mode
               (input port clocked by vclk)
  Endpoint: result[30] (output port clocked by vclk)
  Path Group: vclk
  Path Type: max

  Point                                                   Incr       Path
  ------------------------------------------------------------------------------
  clock vclk (rise edge)                               0.00000    0.00000
  clock network delay (ideal)                          0.00000    0.00000
  input external delay                                 0.02000    0.02000 f
  divide_mode (in)                                     0.00470    0.02470 f
  U139/Z (CKBD1)                                       0.07950    0.10420 f
  shared_core/U5/ZN (INVD1)                            0.14745    0.25165 r
  shared_core/U538/ZN (NR2D1)                          0.04254    0.29419 f
  shared_core/U414/Z (AN2XD1)                          0.05174    0.34593 f
  shared_core/U411/ZN (ND2D1)                          0.03177    0.37770 r
  shared_core/U239/Z (AN4XD1)                          0.05865    0.43635 r
  shared_core/U238/Z (AN4XD1)                          0.06033    0.49668 r
  shared_core/U149/ZN (IND4D1)                         0.03901    0.53569 f
  shared_core/U153/ZN (INR3D0)                         0.04312    0.57881 r
  shared_core/U116/Z (AN4XD1)                          0.06257    0.64138 r
  shared_core/U30/ZN (INR3D0)                          0.05110    0.69247 r
  shared_core/U9/ZN (ND4D1)                            0.15793    0.85040 f
  shared_core/mult_144_S2/U189/ZN (CKND2D0)            0.05779    0.90819 r
  shared_core/mult_144_S2/U120/ZN (OAI211D0)           0.12593    1.03413 f
  shared_core/mult_144_S2/U158/ZN (OAI22D0)            0.08421    1.11834 r
  shared_core/mult_144_S2/U28/S (HA1D0)                0.07331    1.19165 f
  shared_core/mult_144_S2/U13/CO (FA1D0)               0.10100    1.29265 f
  shared_core/mult_144_S2/U12/CO (FA1D0)               0.05524    1.34789 f
  shared_core/mult_144_S2/U11/CO (FA1D0)               0.05524    1.40314 f
  shared_core/mult_144_S2/U10/CO (FA1D0)               0.05524    1.45838 f
  shared_core/mult_144_S2/U9/CO (FA1D0)                0.05524    1.51363 f
  shared_core/mult_144_S2/U8/S (FA1D0)                 0.06204    1.57567 f
  shared_core/U172/ZN (INVD1)                          0.02203    1.59771 r
  shared_core/U557/Z (CKXOR2D1)                        0.05880    1.65651 f
  shared_core/U413/Z (AO22D0)                          0.06260    1.71911 f
  shared_core/add_0_root_add_147_2/U1_8/CO (FA1D0)     0.10214    1.82124 f
  shared_core/add_0_root_add_147_2/U1_9/CO (FA1D0)     0.05524    1.87649 f
  shared_core/add_0_root_add_147_2/U1_10/CO (FA1D0)    0.05524    1.93173 f
  shared_core/add_0_root_add_147_2/U1_11/CO (FA1D0)    0.05524    1.98697 f
  shared_core/add_0_root_add_147_2/U1_12/CO (FA1D0)    0.05524    2.04222 f
  shared_core/add_0_root_add_147_2/U1_13/CO (FA1D0)    0.05524    2.09746 f
  shared_core/add_0_root_add_147_2/U1_14/CO (FA1D0)    0.05524    2.15271 f
  shared_core/add_0_root_add_147_2/U1_15/CO (FA1D0)    0.05524    2.20795 f
  shared_core/add_0_root_add_147_2/U1_16/CO (FA1D0)    0.05524    2.26320 f
  shared_core/add_0_root_add_147_2/U1_17/CO (FA1D0)    0.05598    2.31918 f
  shared_core/add_0_root_add_147_2/U1_18/Z (XOR3D1)    0.05085    2.37003 f
  U84/ZN (NR3D0)                                       0.20673    2.57676 r
  U78/ZN (IND2D1)                                      0.15319    2.72995 r
  wrapper/U50/CO (FA1D0)                               0.11173    2.84167 r
  wrapper/U51/CO (FA1D0)                               0.05152    2.89319 r
  wrapper/U52/CO (FA1D0)                               0.05152    2.94471 r
  wrapper/U53/CO (FA1D0)                               0.05152    2.99622 r
  wrapper/U54/CO (FA1D0)                               0.05152    3.04774 r
  wrapper/U55/CO (FA1D0)                               0.05240    3.10014 r
  wrapper/U65/Z (XOR3D1)                               0.06688    3.16702 f
  wrapper/U63/Z (AO22D0)                               0.07701    3.24404 f
  result[30] (out)                                     0.00000    3.24404 f
  data arrival time                                               3.24404

  clock vclk (rise edge)                              10.00000   10.00000
  clock network delay (ideal)                          0.00000   10.00000
  clock reconvergence pessimism                        0.00000   10.00000
  output external delay                               -0.02000    9.98000
  data required time                                              9.98000
  ------------------------------------------------------------------------------
  data required time                                              9.98000
  data arrival time                                              -3.24404
  ------------------------------------------------------------------------------
  slack (MET)                                                     6.73596


  Startpoint: divide_mode
               (input port clocked by vclk)
  Endpoint: result[30] (output port clocked by vclk)
  Path Group: vclk
  Path Type: max

  Point                                                   Incr       Path
  ------------------------------------------------------------------------------
  clock vclk (rise edge)                               0.00000    0.00000
  clock network delay (ideal)                          0.00000    0.00000
  input external delay                                 0.02000    0.02000 f
  divide_mode (in)                                     0.00470    0.02470 f
  U139/Z (CKBD1)                                       0.07950    0.10420 f
  shared_core/U5/ZN (INVD1)                            0.14745    0.25165 r
  shared_core/U538/ZN (NR2D1)                          0.04254    0.29419 f
  shared_core/U414/Z (AN2XD1)                          0.05174    0.34593 f
  shared_core/U411/ZN (ND2D1)                          0.03177    0.37770 r
  shared_core/U239/Z (AN4XD1)                          0.05865    0.43635 r
  shared_core/U238/Z (AN4XD1)                          0.06033    0.49668 r
  shared_core/U149/ZN (IND4D1)                         0.03901    0.53569 f
  shared_core/U153/ZN (INR3D0)                         0.04312    0.57881 r
  shared_core/U116/Z (AN4XD1)                          0.06257    0.64138 r
  shared_core/U30/ZN (INR3D0)                          0.05110    0.69247 r
  shared_core/U9/ZN (ND4D1)                            0.15793    0.85040 f
  shared_core/mult_144_S2/U189/ZN (CKND2D0)            0.05779    0.90819 r
  shared_core/mult_144_S2/U120/ZN (OAI211D0)           0.12593    1.03413 f
  shared_core/mult_144_S2/U158/ZN (OAI22D0)            0.08421    1.11834 r
  shared_core/mult_144_S2/U28/S (HA1D0)                0.07331    1.19165 f
  shared_core/mult_144_S2/U13/CO (FA1D0)               0.10100    1.29265 f
  shared_core/mult_144_S2/U12/CO (FA1D0)               0.05524    1.34789 f
  shared_core/mult_144_S2/U11/CO (FA1D0)               0.05524    1.40314 f
  shared_core/mult_144_S2/U10/CO (FA1D0)               0.05524    1.45838 f
  shared_core/mult_144_S2/U9/S (FA1D0)                 0.06204    1.52043 f
  shared_core/U174/ZN (INVD1)                          0.02203    1.54246 r
  shared_core/U556/Z (CKXOR2D1)                        0.05880    1.60126 f
  shared_core/U421/Z (AO22D0)                          0.06260    1.66386 f
  shared_core/add_0_root_add_147_2/U1_7/CO (FA1D0)     0.10214    1.76600 f
  shared_core/add_0_root_add_147_2/U1_8/CO (FA1D0)     0.05524    1.82124 f
  shared_core/add_0_root_add_147_2/U1_9/CO (FA1D0)     0.05524    1.87649 f
  shared_core/add_0_root_add_147_2/U1_10/CO (FA1D0)    0.05524    1.93173 f
  shared_core/add_0_root_add_147_2/U1_11/CO (FA1D0)    0.05524    1.98697 f
  shared_core/add_0_root_add_147_2/U1_12/CO (FA1D0)    0.05524    2.04222 f
  shared_core/add_0_root_add_147_2/U1_13/CO (FA1D0)    0.05524    2.09746 f
  shared_core/add_0_root_add_147_2/U1_14/CO (FA1D0)    0.05524    2.15271 f
  shared_core/add_0_root_add_147_2/U1_15/CO (FA1D0)    0.05524    2.20795 f
  shared_core/add_0_root_add_147_2/U1_16/CO (FA1D0)    0.05524    2.26320 f
  shared_core/add_0_root_add_147_2/U1_17/CO (FA1D0)    0.05598    2.31918 f
  shared_core/add_0_root_add_147_2/U1_18/Z (XOR3D1)    0.05085    2.37003 f
  U84/ZN (NR3D0)                                       0.20673    2.57676 r
  U78/ZN (IND2D1)                                      0.15319    2.72995 r
  wrapper/U50/CO (FA1D0)                               0.11173    2.84167 r
  wrapper/U51/CO (FA1D0)                               0.05152    2.89319 r
  wrapper/U52/CO (FA1D0)                               0.05152    2.94471 r
  wrapper/U53/CO (FA1D0)                               0.05152    2.99622 r
  wrapper/U54/CO (FA1D0)                               0.05152    3.04774 r
  wrapper/U55/CO (FA1D0)                               0.05240    3.10014 r
  wrapper/U65/Z (XOR3D1)                               0.06688    3.16702 f
  wrapper/U63/Z (AO22D0)                               0.07701    3.24404 f
  result[30] (out)                                     0.00000    3.24404 f
  data arrival time                                               3.24404

  clock vclk (rise edge)                              10.00000   10.00000
  clock network delay (ideal)                          0.00000   10.00000
  clock reconvergence pessimism                        0.00000   10.00000
  output external delay                               -0.02000    9.98000
  data required time                                              9.98000
  ------------------------------------------------------------------------------
  data required time                                              9.98000
  data arrival time                                              -3.24404
  ------------------------------------------------------------------------------
  slack (MET)                                                     6.73596

Warning: report_timing has satisfied the max_paths criteria. There are 26 further endpoints which have paths of interest with slack less than 1000.00000 that were not considered when generating this report. (UITE-502)

1
