 
****************************************
Report : timing
        -path full
        -delay min
        -max_paths 1
Design : oad_div_l2
Version: U-2022.12-SP7
Date   : Sun Aug  9 14:43:31 2026
****************************************

Operating Conditions: NCCOM   Library: tcbn65gplustc_ccs
Wire Load Model Mode: segmented

  Startpoint: y[6] (input port clocked by clk)
  Endpoint: impl/divider/mantissa_core/y_s1_reg[6]
            (rising edge-triggered flip-flop clocked by clk)
  Path Group: clk
  Path Type: min

  Des/Clust/Port     Wire Load Model       Library
  ------------------------------------------------
  oadm_core_fixed_APPROX_LEVEL2 ZeroWireload tcbn65gplustc_ccs
  oadm_dm_fixed_APPROX_LEVEL2 ZeroWireload tcbn65gplustc_ccs
  oad_div_l2         ZeroWireload          tcbn65gplustc_ccs
  oad_div_fixed_APPROX_LEVEL2 ZeroWireload tcbn65gplustc_ccs

  Point                                                                         Incr       Path
  ------------------------------------------------------------------------------------------------
  clock clk (rise edge)                                                         0.00       0.00
  clock network delay (ideal)                                                   0.00       0.00
  input external delay                                                          0.02       0.02 f
  y[6] (in)                                                                     0.01       0.03 f
  impl/y[6] (oad_div_fixed_APPROX_LEVEL2)                                       0.00       0.03 f
  impl/divider/y[6] (oadm_dm_fixed_APPROX_LEVEL2)                               0.00       0.03 f
  impl/divider/mantissa_core/y_mantissa[6] (oadm_core_fixed_APPROX_LEVEL2)      0.00       0.03 f
  impl/divider/mantissa_core/y_s1_reg[6]/D (DFQD1)                              0.00       0.03 f
  data arrival time                                                                        0.03

  clock clk (rise edge)                                                         0.00       0.00
  clock network delay (ideal)                                                   0.00       0.00
  impl/divider/mantissa_core/y_s1_reg[6]/CP (DFQD1)                             0.00       0.00 r
  library hold time                                                             0.02       0.02
  data required time                                                                       0.02
  ------------------------------------------------------------------------------------------------
  data required time                                                                       0.02
  data arrival time                                                                       -0.03
  ------------------------------------------------------------------------------------------------
  slack (MET)                                                                              0.01


1
