****************************************
Report : reference
Design : input_l3_mask_b5
Version: U-2022.12-SP5
Date   : Sat Sep  5 15:15:06 2026
****************************************


Attributes:
    b - black-box (unknown)
    h - hierarchical
    n - noncombinational
    u - contains unmapped logic
    A - abstracted timing model
    E - extracted timing model
    S - Stamp timing model
    Q - Quick timing model (QTM)

Reference          Library       Unit Area   Count    Total Area   Attributes
--------------------------------------------------------------------------------
oadm_input_trial_5_0_3_16_16_8_e3_b6_95_7c_69_5a_4e_44
                                 1788.12     1        1788.12      h
--------------------------------------------------------------------------------
Total 1 references                                    1788.12
1
