 
****************************************
check_design summary:
Version:     U-2022.12-SP7
Date:        Thu Sep  3 12:27:57 2026
****************************************

                   Name                                            Total
--------------------------------------------------------------------------------
Inputs/Outputs                                                     99
    Unloaded inputs (LINT-8)                                        7
    Unconnected ports (LINT-28)                                    92

Cells                                                              25
    Connected to power or ground (LINT-32)                         12
    Nets connected to multiple pins on same cell (LINT-33)         13

Nets                                                                7
    Unloaded nets (LINT-2)                                          7
--------------------------------------------------------------------------------

Warning: In design 'oadm_fixed_l1_div_opt', net 'impl/fixed_centered_plane_plane/sub_70/B[2]' driven by pin 'impl/fixed_centered_plane_plane/sub_70/B[2]' has no loads. (LINT-2)
Warning: In design 'oadm_fixed_l1_div_opt', net 'impl/fixed_centered_plane_plane/sub_0_root_sub_67/B[24]' driven by pin 'impl/fixed_centered_plane_plane/sub_0_root_sub_67/B[24]' has no loads. (LINT-2)
Warning: In design 'oadm_fixed_l1_div_opt', net 'impl/fixed_centered_plane_plane/sub_0_root_sub_67/B[25]' driven by pin 'impl/fixed_centered_plane_plane/sub_0_root_sub_67/B[25]' has no loads. (LINT-2)
Warning: In design 'oadm_fixed_l1_div_opt', net 'impl/fixed_centered_plane_plane/sub_0_root_sub_67/B[23]' driven by pin 'impl/fixed_centered_plane_plane/sub_0_root_sub_67/B[23]' has no loads. (LINT-2)
Warning: In design 'oadm_fixed_l1_div_opt', net 'impl/fixed_centered_plane_plane/sub_0_root_sub_67/B[26]' driven by pin 'impl/fixed_centered_plane_plane/sub_0_root_sub_67/B[26]' has no loads. (LINT-2)
Warning: In design 'oadm_fixed_l1_div_opt', net 'impl/fixed_centered_plane_plane/sub_70/A[28]' driven by pin 'impl/fixed_centered_plane_plane/sub_70/A[28]' has no loads. (LINT-2)
Warning: In design 'oadm_fixed_l1_div_opt', net 'impl/fixed_centered_plane_plane/sub_70/A[27]' driven by pin 'impl/fixed_centered_plane_plane/sub_70/A[27]' has no loads. (LINT-2)
Warning: In design 'oadm_fixed_plane_centered_LEVEL1_DW01_sub_0', input port 'A[28]' is unloaded. (LINT-8)
Warning: In design 'oadm_fixed_plane_centered_LEVEL1_DW01_sub_0', input port 'A[27]' is unloaded. (LINT-8)
Warning: In design 'oadm_fixed_plane_centered_LEVEL1_DW01_sub_0', input port 'B[2]' is unloaded. (LINT-8)
Warning: In design 'oadm_fixed_plane_centered_LEVEL1_DW01_sub_3', input port 'B[26]' is unloaded. (LINT-8)
Warning: In design 'oadm_fixed_plane_centered_LEVEL1_DW01_sub_3', input port 'B[25]' is unloaded. (LINT-8)
Warning: In design 'oadm_fixed_plane_centered_LEVEL1_DW01_sub_3', input port 'B[24]' is unloaded. (LINT-8)
Warning: In design 'oadm_fixed_plane_centered_LEVEL1_DW01_sub_3', input port 'B[23]' is unloaded. (LINT-8)
Warning: In design 'oadm_multilevel_opt_FIXED_LEVEL1', port 'level[1]' is not connected to any nets. (LINT-28)
Warning: In design 'oadm_multilevel_opt_FIXED_LEVEL1', port 'level[0]' is not connected to any nets. (LINT-28)
Warning: In design 'oadm_multilevel_opt_FIXED_LEVEL1', port 'divide_mode' is not connected to any nets. (LINT-28)
Warning: In design 'oadm_fixed_plane_centered_LEVEL1', port 'x_mantissa[23]' is not connected to any nets. (LINT-28)
Warning: In design 'oadm_fixed_plane_centered_LEVEL1', port 'y_mantissa[23]' is not connected to any nets. (LINT-28)
Warning: In design 'oadm_fixed_plane_centered_LEVEL1', port 'divide_mode' is not connected to any nets. (LINT-28)
Warning: In design 'oadm_fixed_plane_centered_LEVEL1', port 'plane_exact[28]' is not connected to any nets. (LINT-28)
Warning: In design 'oadm_fixed_plane_centered_LEVEL1', port 'plane_exact[27]' is not connected to any nets. (LINT-28)
Warning: In design 'fp32_normal_finite_wrapper', port 'divide_mode' is not connected to any nets. (LINT-28)
Warning: In design 'oadm_multilevel_rounding_lut_0', port 'level[1]' is not connected to any nets. (LINT-28)
Warning: In design 'oadm_multilevel_rounding_lut_0', port 'level[0]' is not connected to any nets. (LINT-28)
Warning: In design 'oadm_multilevel_rounding_lut_0', port 'x_error[1]' is not connected to any nets. (LINT-28)
Warning: In design 'oadm_multilevel_rounding_lut_0', port 'y_error[1]' is not connected to any nets. (LINT-28)
Warning: In design 'oadm_multilevel_rounding_lut_0', port 'y_error[0]' is not connected to any nets. (LINT-28)
Warning: In design 'oadm_multilevel_rounding_lut_1', port 'level[1]' is not connected to any nets. (LINT-28)
Warning: In design 'oadm_multilevel_rounding_lut_1', port 'level[0]' is not connected to any nets. (LINT-28)
Warning: In design 'oadm_multilevel_rounding_lut_1', port 'x_error[1]' is not connected to any nets. (LINT-28)
Warning: In design 'oadm_multilevel_rounding_lut_1', port 'x_error[0]' is not connected to any nets. (LINT-28)
Warning: In design 'oadm_multilevel_rounding_lut_1', port 'y_error[1]' is not connected to any nets. (LINT-28)
Warning: In design 'oadm_fixed_plane_centered_LEVEL1_DW01_sub_0', port 'B[28]' is not connected to any nets. (LINT-28)
Warning: In design 'oadm_fixed_plane_centered_LEVEL1_DW01_sub_0', port 'B[27]' is not connected to any nets. (LINT-28)
Warning: In design 'oadm_fixed_plane_centered_LEVEL1_DW01_sub_0', port 'B[26]' is not connected to any nets. (LINT-28)
Warning: In design 'oadm_fixed_plane_centered_LEVEL1_DW01_sub_0', port 'B[25]' is not connected to any nets. (LINT-28)
Warning: In design 'oadm_fixed_plane_centered_LEVEL1_DW01_sub_0', port 'B[24]' is not connected to any nets. (LINT-28)
Warning: In design 'oadm_fixed_plane_centered_LEVEL1_DW01_sub_0', port 'B[23]' is not connected to any nets. (LINT-28)
Warning: In design 'oadm_fixed_plane_centered_LEVEL1_DW01_sub_0', port 'B[22]' is not connected to any nets. (LINT-28)
Warning: In design 'oadm_fixed_plane_centered_LEVEL1_DW01_sub_0', port 'B[21]' is not connected to any nets. (LINT-28)
Warning: In design 'oadm_fixed_plane_centered_LEVEL1_DW01_sub_0', port 'B[20]' is not connected to any nets. (LINT-28)
Warning: In design 'oadm_fixed_plane_centered_LEVEL1_DW01_sub_0', port 'B[19]' is not connected to any nets. (LINT-28)
Warning: In design 'oadm_fixed_plane_centered_LEVEL1_DW01_sub_0', port 'B[18]' is not connected to any nets. (LINT-28)
Warning: In design 'oadm_fixed_plane_centered_LEVEL1_DW01_sub_0', port 'B[17]' is not connected to any nets. (LINT-28)
Warning: In design 'oadm_fixed_plane_centered_LEVEL1_DW01_sub_0', port 'B[16]' is not connected to any nets. (LINT-28)
Warning: In design 'oadm_fixed_plane_centered_LEVEL1_DW01_sub_0', port 'B[15]' is not connected to any nets. (LINT-28)
Warning: In design 'oadm_fixed_plane_centered_LEVEL1_DW01_sub_0', port 'B[14]' is not connected to any nets. (LINT-28)
Warning: In design 'oadm_fixed_plane_centered_LEVEL1_DW01_sub_0', port 'B[13]' is not connected to any nets. (LINT-28)
Warning: In design 'oadm_fixed_plane_centered_LEVEL1_DW01_sub_0', port 'B[12]' is not connected to any nets. (LINT-28)
Warning: In design 'oadm_fixed_plane_centered_LEVEL1_DW01_sub_0', port 'B[11]' is not connected to any nets. (LINT-28)
Warning: In design 'oadm_fixed_plane_centered_LEVEL1_DW01_sub_0', port 'B[10]' is not connected to any nets. (LINT-28)
Warning: In design 'oadm_fixed_plane_centered_LEVEL1_DW01_sub_0', port 'B[9]' is not connected to any nets. (LINT-28)
Warning: In design 'oadm_fixed_plane_centered_LEVEL1_DW01_sub_0', port 'B[8]' is not connected to any nets. (LINT-28)
Warning: In design 'oadm_fixed_plane_centered_LEVEL1_DW01_sub_0', port 'B[7]' is not connected to any nets. (LINT-28)
Warning: In design 'oadm_fixed_plane_centered_LEVEL1_DW01_sub_0', port 'B[6]' is not connected to any nets. (LINT-28)
Warning: In design 'oadm_fixed_plane_centered_LEVEL1_DW01_sub_0', port 'B[5]' is not connected to any nets. (LINT-28)
Warning: In design 'oadm_fixed_plane_centered_LEVEL1_DW01_sub_0', port 'B[4]' is not connected to any nets. (LINT-28)
Warning: In design 'oadm_fixed_plane_centered_LEVEL1_DW01_sub_0', port 'B[3]' is not connected to any nets. (LINT-28)
Warning: In design 'oadm_fixed_plane_centered_LEVEL1_DW01_sub_0', port 'CI' is not connected to any nets. (LINT-28)
Warning: In design 'oadm_fixed_plane_centered_LEVEL1_DW01_sub_0', port 'DIFF[28]' is not connected to any nets. (LINT-28)
Warning: In design 'oadm_fixed_plane_centered_LEVEL1_DW01_sub_0', port 'DIFF[27]' is not connected to any nets. (LINT-28)
Warning: In design 'oadm_fixed_plane_centered_LEVEL1_DW01_sub_0', port 'CO' is not connected to any nets. (LINT-28)
Warning: In design 'oadm_fixed_plane_centered_LEVEL1_DW_mult_tc_0', port 'b[5]' is not connected to any nets. (LINT-28)
Warning: In design 'oadm_fixed_plane_centered_LEVEL1_DW_mult_tc_0', port 'b[4]' is not connected to any nets. (LINT-28)
Warning: In design 'oadm_fixed_plane_centered_LEVEL1_DW_mult_tc_0', port 'b[2]' is not connected to any nets. (LINT-28)
Warning: In design 'oadm_fixed_plane_centered_LEVEL1_DW_mult_tc_0', port 'b[1]' is not connected to any nets. (LINT-28)
Warning: In design 'oadm_fixed_plane_centered_LEVEL1_DW_mult_tc_0', port 'b[0]' is not connected to any nets. (LINT-28)
Warning: In design 'oadm_fixed_plane_centered_LEVEL1_DW_mult_tc_0', port 'product[3]' is not connected to any nets. (LINT-28)
Warning: In design 'oadm_fixed_plane_centered_LEVEL1_DW_mult_tc_0', port 'product[2]' is not connected to any nets. (LINT-28)
Warning: In design 'oadm_fixed_plane_centered_LEVEL1_DW_mult_tc_0', port 'product[1]' is not connected to any nets. (LINT-28)
Warning: In design 'oadm_fixed_plane_centered_LEVEL1_DW_mult_tc_0', port 'product[0]' is not connected to any nets. (LINT-28)
Warning: In design 'oadm_fixed_plane_centered_LEVEL1_DW01_sub_3', port 'CI' is not connected to any nets. (LINT-28)
Warning: In design 'oadm_fixed_plane_centered_LEVEL1_DW01_sub_3', port 'CO' is not connected to any nets. (LINT-28)
Warning: In design 'oadm_fixed_plane_centered_LEVEL1_DW_mult_tc_1', port 'b[5]' is not connected to any nets. (LINT-28)
Warning: In design 'oadm_fixed_plane_centered_LEVEL1_DW_mult_tc_1', port 'b[4]' is not connected to any nets. (LINT-28)
Warning: In design 'oadm_fixed_plane_centered_LEVEL1_DW_mult_tc_1', port 'b[2]' is not connected to any nets. (LINT-28)
Warning: In design 'oadm_fixed_plane_centered_LEVEL1_DW_mult_tc_1', port 'b[1]' is not connected to any nets. (LINT-28)
Warning: In design 'oadm_fixed_plane_centered_LEVEL1_DW_mult_tc_1', port 'b[0]' is not connected to any nets. (LINT-28)
Warning: In design 'oadm_fixed_plane_centered_LEVEL1_DW_mult_tc_1', port 'product[3]' is not connected to any nets. (LINT-28)
Warning: In design 'oadm_fixed_plane_centered_LEVEL1_DW_mult_tc_1', port 'product[2]' is not connected to any nets. (LINT-28)
Warning: In design 'oadm_fixed_plane_centered_LEVEL1_DW_mult_tc_1', port 'product[1]' is not connected to any nets. (LINT-28)
Warning: In design 'oadm_fixed_plane_centered_LEVEL1_DW_mult_tc_1', port 'product[0]' is not connected to any nets. (LINT-28)
Warning: In design 'oadm_multilevel_opt_FIXED_LEVEL1_DW_mult_uns_0_DW_mult_uns_2', port 'a[31]' is not connected to any nets. (LINT-28)
Warning: In design 'oadm_multilevel_opt_FIXED_LEVEL1_DW_mult_uns_0_DW_mult_uns_2', port 'a[30]' is not connected to any nets. (LINT-28)
Warning: In design 'oadm_multilevel_opt_FIXED_LEVEL1_DW_mult_uns_0_DW_mult_uns_2', port 'a[29]' is not connected to any nets. (LINT-28)
Warning: In design 'oadm_multilevel_opt_FIXED_LEVEL1_DW_mult_uns_0_DW_mult_uns_2', port 'a[28]' is not connected to any nets. (LINT-28)
Warning: In design 'oadm_multilevel_opt_FIXED_LEVEL1_DW_mult_uns_0_DW_mult_uns_2', port 'b[2]' is not connected to any nets. (LINT-28)
Warning: In design 'oadm_multilevel_opt_FIXED_LEVEL1_DW_mult_uns_0_DW_mult_uns_2', port 'b[1]' is not connected to any nets. (LINT-28)
Warning: In design 'oadm_multilevel_opt_FIXED_LEVEL1_DW_mult_uns_0_DW_mult_uns_2', port 'b[0]' is not connected to any nets. (LINT-28)
Warning: In design 'oadm_multilevel_opt_FIXED_LEVEL1_DW_mult_uns_0_DW_mult_uns_2', port 'product[38]' is not connected to any nets. (LINT-28)
Warning: In design 'oadm_multilevel_opt_FIXED_LEVEL1_DW_mult_uns_0_DW_mult_uns_2', port 'product[37]' is not connected to any nets. (LINT-28)
Warning: In design 'oadm_multilevel_opt_FIXED_LEVEL1_DW_mult_uns_0_DW_mult_uns_2', port 'product[36]' is not connected to any nets. (LINT-28)
Warning: In design 'oadm_multilevel_opt_FIXED_LEVEL1_DW_mult_uns_0_DW_mult_uns_2', port 'product[35]' is not connected to any nets. (LINT-28)
Warning: In design 'oadm_multilevel_opt_FIXED_LEVEL1_DW_mult_uns_0_DW_mult_uns_2', port 'product[34]' is not connected to any nets. (LINT-28)
Warning: In design 'oadm_multilevel_opt_FIXED_LEVEL1_DW_mult_uns_0_DW_mult_uns_2', port 'product[33]' is not connected to any nets. (LINT-28)
Warning: In design 'oadm_multilevel_opt_FIXED_LEVEL1_DW_mult_uns_0_DW_mult_uns_2', port 'product[32]' is not connected to any nets. (LINT-28)
Warning: In design 'oadm_multilevel_opt_FIXED_LEVEL1_DW_mult_uns_0_DW_mult_uns_2', port 'product[6]' is not connected to any nets. (LINT-28)
Warning: In design 'oadm_multilevel_opt_FIXED_LEVEL1_DW_mult_uns_0_DW_mult_uns_2', port 'product[5]' is not connected to any nets. (LINT-28)
Warning: In design 'oadm_multilevel_opt_FIXED_LEVEL1_DW_mult_uns_0_DW_mult_uns_2', port 'product[4]' is not connected to any nets. (LINT-28)
Warning: In design 'oadm_multilevel_opt_FIXED_LEVEL1_DW_mult_uns_0_DW_mult_uns_2', port 'product[3]' is not connected to any nets. (LINT-28)
Warning: In design 'oadm_multilevel_opt_FIXED_LEVEL1_DW_mult_uns_0_DW_mult_uns_2', port 'product[2]' is not connected to any nets. (LINT-28)
Warning: In design 'oadm_multilevel_opt_FIXED_LEVEL1_DW_mult_uns_0_DW_mult_uns_2', port 'product[1]' is not connected to any nets. (LINT-28)
Warning: In design 'oadm_multilevel_opt_FIXED_LEVEL1_DW_mult_uns_0_DW_mult_uns_2', port 'product[0]' is not connected to any nets. (LINT-28)
Warning: In design 'fp32_normal_finite_wrapper_DW01_add_1_DW01_add_9', port 'CI' is not connected to any nets. (LINT-28)
Warning: In design 'fp32_normal_finite_wrapper_DW01_add_1_DW01_add_9', port 'CO' is not connected to any nets. (LINT-28)
Warning: In design 'oadm_fixed_l1_div_opt', a pin on submodule 'impl' is connected to logic 1 or logic 0. (LINT-32)
   Pin 'level[1]' is connected to logic 0. 
Warning: In design 'oadm_fixed_l1_div_opt', a pin on submodule 'impl' is connected to logic 1 or logic 0. (LINT-32)
   Pin 'level[0]' is connected to logic 0. 
Warning: In design 'oadm_fixed_l1_div_opt', a pin on submodule 'impl' is connected to logic 1 or logic 0. (LINT-32)
   Pin 'divide_mode' is connected to logic 0. 
Warning: In design 'oadm_multilevel_opt_FIXED_LEVEL1', a pin on submodule 'fixed_centered_plane_plane' is connected to logic 1 or logic 0. (LINT-32)
   Pin 'x_mantissa[23]' is connected to logic 0. 
Warning: In design 'oadm_multilevel_opt_FIXED_LEVEL1', a pin on submodule 'fixed_centered_plane_plane' is connected to logic 1 or logic 0. (LINT-32)
   Pin 'y_mantissa[23]' is connected to logic 0. 
Warning: In design 'oadm_multilevel_opt_FIXED_LEVEL1', a pin on submodule 'fixed_centered_plane_plane' is connected to logic 1 or logic 0. (LINT-32)
   Pin 'divide_mode' is connected to logic 1. 
Warning: In design 'oadm_multilevel_opt_FIXED_LEVEL1', a pin on submodule 'fp_wrapper' is connected to logic 1 or logic 0. (LINT-32)
   Pin 'divide_mode' is connected to logic 1. 
Warning: In design 'oadm_fixed_plane_centered_LEVEL1', a pin on submodule 'x_rounding_lut' is connected to logic 1 or logic 0. (LINT-32)
   Pin 'level[1]' is connected to logic 0. 
Warning: In design 'oadm_fixed_plane_centered_LEVEL1', a pin on submodule 'x_rounding_lut' is connected to logic 1 or logic 0. (LINT-32)
   Pin 'level[0]' is connected to logic 0. 
Warning: In design 'oadm_fixed_plane_centered_LEVEL1', a pin on submodule 'y_rounding_lut' is connected to logic 1 or logic 0. (LINT-32)
   Pin 'level[1]' is connected to logic 0. 
Warning: In design 'oadm_fixed_plane_centered_LEVEL1', a pin on submodule 'y_rounding_lut' is connected to logic 1 or logic 0. (LINT-32)
   Pin 'level[0]' is connected to logic 0. 
Warning: In design 'oadm_fixed_plane_centered_LEVEL1', a pin on submodule 'sub_70' is connected to logic 1 or logic 0. (LINT-32)
   Pin 'B[2]' is connected to logic 0. 
Warning: In design 'oadm_multilevel_opt_FIXED_LEVEL1', the same net is connected to more than one pin on submodule 'fp_wrapper'. (LINT-33)
   Net 'exponent_adjust[2]' is connected to pins 'exponent_adjust[2]', 'exponent_adjust[1]''.
Warning: In design 'oadm_multilevel_opt_FIXED_LEVEL1', the same net is connected to more than one pin on submodule 'mult_67'. (LINT-33)
   Net 'plane_full[26]' is connected to pins 'a[31]', 'a[30]'', 'a[29]', 'a[28]', 'a[27]', 'a[26]'.
Warning: In design 'oadm_multilevel_opt_FIXED_LEVEL1', the same net is connected to more than one pin on submodule 'mult_67'. (LINT-33)
   Net 'n58' is connected to pins 'b[6]', 'b[4]''.
Warning: In design 'oadm_multilevel_opt_FIXED_LEVEL1', the same net is connected to more than one pin on submodule 'mult_67'. (LINT-33)
   Net 'coefficient_5_' is connected to pins 'b[5]', 'b[3]''.
Warning: In design 'oadm_multilevel_opt_FIXED_LEVEL1', the same net is connected to more than one pin on submodule 'mult_67'. (LINT-33)
   Net 'n3' is connected to pins 'b[2]', 'b[0]''.
Warning: In design 'oadm_fixed_plane_centered_LEVEL1', the same net is connected to more than one pin on submodule 'sub_70'. (LINT-33)
   Net 'centered_plane[28]' is connected to pins 'A[28]', 'A[27]''.
Warning: In design 'oadm_fixed_plane_centered_LEVEL1', the same net is connected to more than one pin on submodule 'sub_70'. (LINT-33)
   Net 'n12' is connected to pins 'B[28]', 'B[27]'', 'B[26]', 'B[25]', 'B[24]', 'B[23]', 'B[22]', 'B[21]', 'B[20]', 'B[19]', 'B[18]', 'B[17]', 'B[16]', 'B[15]', 'B[14]', 'B[13]', 'B[12]', 'B[11]', 'B[10]', 'B[9]', 'B[8]', 'B[7]', 'B[6]', 'B[5]', 'B[4]', 'B[3]', 'CI'.
Warning: In design 'oadm_fixed_plane_centered_LEVEL1', the same net is connected to more than one pin on submodule 'mult_33'. (LINT-33)
   Net 'n12' is connected to pins 'b[5]', 'b[1]'', 'b[0]'.
Warning: In design 'oadm_fixed_plane_centered_LEVEL1', the same net is connected to more than one pin on submodule 'mult_33'. (LINT-33)
   Net 'n13' is connected to pins 'b[4]', 'b[2]''.
Warning: In design 'oadm_fixed_plane_centered_LEVEL1', the same net is connected to more than one pin on submodule 'sub_0_root_sub_67'. (LINT-33)
   Net 'N48' is connected to pins 'A[27]', 'A[26]''.
Warning: In design 'oadm_fixed_plane_centered_LEVEL1', the same net is connected to more than one pin on submodule 'sub_0_root_sub_67'. (LINT-33)
   Net 'y_residual_product_27_' is connected to pins 'B[27]', 'B[26]'', 'B[25]', 'B[24]', 'B[23]'.
Warning: In design 'oadm_fixed_plane_centered_LEVEL1', the same net is connected to more than one pin on submodule 'mult_31'. (LINT-33)
   Net 'n12' is connected to pins 'b[5]', 'b[1]'', 'b[0]'.
Warning: In design 'oadm_fixed_plane_centered_LEVEL1', the same net is connected to more than one pin on submodule 'mult_31'. (LINT-33)
   Net 'n13' is connected to pins 'b[4]', 'b[2]''.
1
 
****************************************
Report : area
Design : oadm_fixed_l1_div_opt
Version: U-2022.12-SP7
Date   : Thu Sep  3 12:27:57 2026
****************************************

Library(s) Used:

    tcbn65gplustc_ccs (File: /courses/ee6350/pdk2025/tcbn65gplus/TSMCHOME/digital/Front_End/timing_power_noise/CCS/tcbn65gplus_200a/tcbn65gplustc_ccs.db)

Number of ports:                          859
Number of nets:                          1648
Number of cells:                          761
Number of combinational cells:            737
Number of sequential cells:                 0
Number of macros/black boxes:               0
Number of buf/inv:                        222
Number of references:                       1

Combinational area:               2854.439994
Buf/Inv area:                      264.960011
Noncombinational area:               0.000000
Macro/Black Box area:                0.000000
Net Interconnect area:      undefined  (Wire load has zero net area)

Total cell area:                  2854.439994
Total area:                 undefined
1
 
****************************************
Report : area
Design : oadm_fixed_l1_div_opt
Version: U-2022.12-SP7
Date   : Thu Sep  3 12:27:57 2026
****************************************

Library(s) Used:

    tcbn65gplustc_ccs (File: /courses/ee6350/pdk2025/tcbn65gplus/TSMCHOME/digital/Front_End/timing_power_noise/CCS/tcbn65gplus_200a/tcbn65gplustc_ccs.db)

Number of ports:                          859
Number of nets:                          1648
Number of cells:                          761
Number of combinational cells:            737
Number of sequential cells:                 0
Number of macros/black boxes:               0
Number of buf/inv:                        222
Number of references:                       1

Combinational area:               2854.439994
Buf/Inv area:                      264.960011
Noncombinational area:               0.000000
Macro/Black Box area:                0.000000
Net Interconnect area:      undefined  (Wire load has zero net area)

Total cell area:                  2854.439994
Total area:                 undefined

Hierarchical area distribution
------------------------------

                                  Global cell area          Local cell area
                                  ------------------  ---------------------------- 
Hierarchical cell                 Absolute   Percent  Combi-     Noncombi-  Black-
                                  Total      Total    national   national   boxes   Design
--------------------------------  ---------  -------  ---------  ---------  ------  ------------------------------------------------------------
oadm_fixed_l1_div_opt             2854.4400    100.0     0.0000     0.0000  0.0000  oadm_fixed_l1_div_opt
impl                              2854.4400    100.0   172.8000     0.0000  0.0000  oadm_multilevel_opt_FIXED_LEVEL1
impl/fixed_centered_plane_plane   1539.0000     53.9    81.7200     0.0000  0.0000  oadm_fixed_plane_centered_LEVEL1
impl/fixed_centered_plane_plane/mult_31
                                   490.3200     17.2   490.3200     0.0000  0.0000  oadm_fixed_plane_centered_LEVEL1_DW_mult_tc_0
impl/fixed_centered_plane_plane/mult_33
                                   490.3200     17.2   490.3200     0.0000  0.0000  oadm_fixed_plane_centered_LEVEL1_DW_mult_tc_1
impl/fixed_centered_plane_plane/sub_0_root_sub_67
                                   270.7200      9.5   270.7200     0.0000  0.0000  oadm_fixed_plane_centered_LEVEL1_DW01_sub_3
impl/fixed_centered_plane_plane/sub_70
                                   161.2800      5.7   161.2800     0.0000  0.0000  oadm_fixed_plane_centered_LEVEL1_DW01_sub_0
impl/fixed_centered_plane_plane/x_rounding_lut
                                    19.0800      0.7    19.0800     0.0000  0.0000  oadm_multilevel_rounding_lut_0
impl/fixed_centered_plane_plane/y_rounding_lut
                                    25.5600      0.9    25.5600     0.0000  0.0000  oadm_multilevel_rounding_lut_1
impl/fp_wrapper                    243.3600      8.5   177.4800     0.0000  0.0000  fp32_normal_finite_wrapper
impl/fp_wrapper/add_1_root_add_0_root_add_22_2
                                    65.8800      2.3    65.8800     0.0000  0.0000  fp32_normal_finite_wrapper_DW01_add_1_DW01_add_9
impl/mult_67                       899.2800     31.5   899.2800     0.0000  0.0000  oadm_multilevel_opt_FIXED_LEVEL1_DW_mult_uns_0_DW_mult_uns_2
--------------------------------  ---------  -------  ---------  ---------  ------  ------------------------------------------------------------
Total                                                 2854.4400     0.0000  0.0000

1
Information: Propagating switching activity (medium effort zero delay simulation). (PWR-6)
Warning: Design has unannotated primary inputs. (PWR-414)
 
****************************************
Report : power
        -hier
        -analysis_effort medium
        -verbose
Design : oadm_fixed_l1_div_opt
Version: U-2022.12-SP7
Date   : Thu Sep  3 12:27:57 2026
****************************************


Library(s) Used:

    tcbn65gplustc_ccs (File: /courses/ee6350/pdk2025/tcbn65gplus/TSMCHOME/digital/Front_End/timing_power_noise/CCS/tcbn65gplus_200a/tcbn65gplustc_ccs.db)


Operating Conditions: NCCOM   Library: tcbn65gplustc_ccs
Wire Load Model Mode: segmented

Design        Wire Load Model            Library
------------------------------------------------
oadm_fixed_l1_div_opt  ZeroWireload      tcbn65gplustc_ccs
oadm_multilevel_opt_FIXED_LEVEL1
                       ZeroWireload      tcbn65gplustc_ccs
oadm_fixed_plane_centered_LEVEL1
                       ZeroWireload      tcbn65gplustc_ccs
fp32_normal_finite_wrapper
                       ZeroWireload      tcbn65gplustc_ccs
oadm_multilevel_rounding_lut_0
                       ZeroWireload      tcbn65gplustc_ccs
oadm_multilevel_rounding_lut_1
                       ZeroWireload      tcbn65gplustc_ccs
oadm_fixed_plane_centered_LEVEL1_DW01_sub_0
                       ZeroWireload      tcbn65gplustc_ccs
oadm_fixed_plane_centered_LEVEL1_DW_mult_tc_0
                       ZeroWireload      tcbn65gplustc_ccs
oadm_fixed_plane_centered_LEVEL1_DW01_sub_3
                       ZeroWireload      tcbn65gplustc_ccs
oadm_fixed_plane_centered_LEVEL1_DW_mult_tc_1
                       ZeroWireload      tcbn65gplustc_ccs
oadm_multilevel_opt_FIXED_LEVEL1_DW_mult_uns_0_DW_mult_uns_2
                       ZeroWireload      tcbn65gplustc_ccs
fp32_normal_finite_wrapper_DW01_add_1_DW01_add_9
                       ZeroWireload      tcbn65gplustc_ccs


Global Operating Voltage = 1    
Power-specific unit information :
    Voltage Units = 1V
    Capacitance Units = 1.000000pf
    Time Units = 1ns
    Dynamic Power Units = 1mW    (derived from V,C,T units)
    Leakage Power Units = 1nW


--------------------------------------------------------------------------------
                                       Switch   Int      Leak     Total
Hierarchy                              Power    Power    Power    Power    %
--------------------------------------------------------------------------------
oadm_fixed_l1_div_opt                  3.41e-02    0.110 1.78e+04    0.162 100.0
  impl (oadm_multilevel_opt_FIXED_LEVEL1)
                                       3.41e-02    0.110 1.78e+04    0.162 100.0
    mult_67 (oadm_multilevel_opt_FIXED_LEVEL1_DW_mult_uns_0_DW_mult_uns_2)
                                       1.14e-02 5.78e-02 6.52e+03 7.57e-02  46.7
    fp_wrapper (fp32_normal_finite_wrapper)
                                       5.30e-03 7.79e-03 1.73e+03 1.48e-02   9.1
      add_1_root_add_0_root_add_22_2 (fp32_normal_finite_wrapper_DW01_add_1_DW01_add_9)
                                       2.62e-04 1.69e-03  452.437 2.41e-03   1.5
    fixed_centered_plane_plane (oadm_fixed_plane_centered_LEVEL1)
                                       1.27e-02 3.90e-02 8.94e+03 6.06e-02  37.4
      mult_31 (oadm_fixed_plane_centered_LEVEL1_DW_mult_tc_0)
                                       2.93e-03 1.05e-02 2.77e+03 1.62e-02  10.0
      sub_0_root_sub_67 (oadm_fixed_plane_centered_LEVEL1_DW01_sub_3)
                                       3.02e-03 1.12e-02 1.84e+03 1.61e-02   9.9
      mult_33 (oadm_fixed_plane_centered_LEVEL1_DW_mult_tc_1)
                                       2.77e-03 1.04e-02 2.77e+03 1.60e-02   9.9
      sub_70 (oadm_fixed_plane_centered_LEVEL1_DW01_sub_0)
                                       3.19e-03 5.13e-03  887.427 9.20e-03   5.7
      y_rounding_lut (oadm_multilevel_rounding_lut_1)
                                       8.45e-05 1.96e-04   99.531 3.80e-04   0.2
      x_rounding_lut (oadm_multilevel_rounding_lut_0)
                                       4.69e-05 1.47e-04   63.066 2.57e-04   0.2
1
 
****************************************
Report : constraint
        -all_violators
        -verbose
Design : oadm_fixed_l1_div_opt
Version: U-2022.12-SP7
Date   : Thu Sep  3 12:27:57 2026
****************************************


    Design: oadm_fixed_l1_div_opt

    max_area               0.00
  - Current Area        2854.44
  ------------------------------
    Slack              -2854.44  (VIOLATED)


1
