****************************************
Report : reference
Design : oadm_fixed_l1_div_dx17_dy16
Version: U-2022.12-SP5
Date   : Fri Sep  4 12:07:06 2026
****************************************


Attributes:
    b - black-box (unknown)
    h - hierarchical
    n - noncombinational
    u - contains unmapped logic
    A - abstracted timing model
    E - extracted timing model
    S - Stamp timing model
    Q - Quick timing model (QTM)

Reference          Library       Unit Area   Count    Total Area   Attributes
--------------------------------------------------------------------------------
oadm_fixed_div_asymmetric_1_17_16_16_7_53_2a
                                 1191.96     1        1191.96      h
--------------------------------------------------------------------------------
Total 1 references                                    1191.96
1
