****************************************
Report : qor
Design : oadm_fixed_l1_div_dx17_dy16
Version: U-2022.12-SP5
Date   : Fri Sep  4 12:07:06 2026
****************************************

  Timing Path Group 'vclk' (max_delay/setup)
  ---------------------------------------------
  Levels of Logic:                           37
  Critical Path Length:                    2.76
  Critical Path Slack:                     7.22
  Total Negative Slack:                    0.00
  No. of Violating Paths:                     0
  ---------------------------------------------

  Timing Path Group 'vclk' (min_delay/hold)
  ---------------------------------------------
  Levels of Logic:                            1
  Critical Path Length:                    0.07
  Critical Path Slack:                     0.09
  Total Negative Slack:                    0.00
  No. of Violating Paths:                     0
  ---------------------------------------------

  Area
  ---------------------------------------------
  Net Interconnect area:                   0.00
  Total cell area:                      1191.96
  Design Area:                          1191.96
  Area Cost:                           -1191.96
  ---------------------------------------------


  Cell & Pin Count
  ---------------------------------------------
  Pin Count:                               1091
  Hierarchical Cell Count:                    7
  Hierarchical Port Count:                  450
  Leaf Cell Count:                          311
  ---------------------------------------------


  Design Rule Violations
  ---------------------------------------------
  Total No. of Pins in Design:             1091
  Total DRC Cost:                          0.00
  ---------------------------------------------

1
