 
****************************************
Report : timing
        -path full
        -delay max
        -nworst 10
        -max_paths 10
Design : oadm_fixed_l2_divmul_root_opt
Version: U-2022.12-SP7
Date   : Thu Sep  3 13:58:50 2026
****************************************

Operating Conditions: NCCOM   Library: tcbn65gplustc_ccs
Wire Load Model Mode: segmented

  Startpoint: divide_mode
              (input port clocked by vclk)
  Endpoint: result[30] (output port clocked by vclk)
  Path Group: vclk
  Path Type: max

  Des/Clust/Port     Wire Load Model       Library
  ------------------------------------------------
  oadm_fixed_l2_divmul_root_opt ZeroWireload tcbn65gplustc_ccs
  fp32_normal_finite_wrapper ZeroWireload  tcbn65gplustc_ccs
  oadm_fixed_divmul_root_opt_2_16_12_16_8_cb_88_61_49 ZeroWireload tcbn65gplustc_ccs
  oadm_fixed_divmul_root_opt_2_16_12_16_8_cb_88_61_49_DW_mult_tc_0 ZeroWireload tcbn65gplustc_ccs
  oadm_fixed_divmul_root_opt_2_16_12_16_8_cb_88_61_49_DW_mult_uns_1 ZeroWireload tcbn65gplustc_ccs

  Point                                                                                                        Incr       Path
  -------------------------------------------------------------------------------------------------------------------------------
  clock vclk (rise edge)                                                                                       0.00       0.00
  clock network delay (ideal)                                                                                  0.00       0.00
  input external delay                                                                                         0.02       0.02 r
  divide_mode (in)                                                                                             0.01       0.03 r
  U2/Z (CKBD1)                                                                                                 0.19       0.22 r
  implementation/divide_mode (oadm_fixed_divmul_root_opt_2_16_12_16_8_cb_88_61_49)                             0.00       0.22 r
  implementation/U153/ZN (INR2D1)                                                                              0.02       0.23 f
  implementation/mult_63/a[1] (oadm_fixed_divmul_root_opt_2_16_12_16_8_cb_88_61_49_DW_mult_tc_0)               0.00       0.23 f
  implementation/mult_63/U115/ZN (INVD1)                                                                       0.03       0.27 r
  implementation/mult_63/U128/Z (CKXOR2D0)                                                                     0.08       0.34 f
  implementation/mult_63/U125/ZN (OAI22D0)                                                                     0.07       0.41 r
  implementation/mult_63/U26/S (HA1D0)                                                                         0.07       0.48 f
  implementation/mult_63/U12/CO (FA1D0)                                                                        0.10       0.58 f
  implementation/mult_63/U11/CO (FA1D0)                                                                        0.06       0.64 f
  implementation/mult_63/U10/CO (FA1D0)                                                                        0.06       0.69 f
  implementation/mult_63/U9/CO (FA1D0)                                                                         0.06       0.75 f
  implementation/mult_63/U8/CO (FA1D0)                                                                         0.06       0.81 f
  implementation/mult_63/U7/CO (FA1D0)                                                                         0.06       0.86 f
  implementation/mult_63/U6/CO (FA1D0)                                                                         0.06       0.92 f
  implementation/mult_63/U5/CO (FA1D0)                                                                         0.06       0.97 f
  implementation/mult_63/U4/CO (FA1D0)                                                                         0.06       1.03 f
  implementation/mult_63/U3/CO (FA1D0)                                                                         0.06       1.08 f
  implementation/mult_63/U2/S (FA1D0)                                                                          0.06       1.14 f
  implementation/mult_63/product[13] (oadm_fixed_divmul_root_opt_2_16_12_16_8_cb_88_61_49_DW_mult_tc_0)        0.00       1.14 f
  implementation/U22/ZN (INVD1)                                                                                0.02       1.17 r
  implementation/U177/Z (CKXOR2D1)                                                                             0.06       1.23 f
  implementation/U87/Z (AO22D0)                                                                                0.07       1.29 f
  implementation/U86/CO (FA1D0)                                                                                0.08       1.38 f
  implementation/U84/S (FA1D0)                                                                                 0.08       1.45 r
  implementation/mult_113/a[6] (oadm_fixed_divmul_root_opt_2_16_12_16_8_cb_88_61_49_DW_mult_uns_1)             0.00       1.45 r
  implementation/mult_113/U113/ZN (INVD1)                                                                      0.02       1.47 f
  implementation/mult_113/U163/ZN (NR2D0)                                                                      0.05       1.52 r
  implementation/mult_113/U33/S (CMPE42D1)                                                                     0.19       1.71 f
  implementation/mult_113/U11/CO (FA1D0)                                                                       0.10       1.81 f
  implementation/mult_113/U10/CO (FA1D0)                                                                       0.06       1.87 f
  implementation/mult_113/U9/CO (FA1D0)                                                                        0.06       1.92 f
  implementation/mult_113/U8/CO (FA1D0)                                                                        0.06       1.98 f
  implementation/mult_113/U7/CO (FA1D0)                                                                        0.06       2.03 f
  implementation/mult_113/U6/CO (FA1D0)                                                                        0.06       2.09 f
  implementation/mult_113/U5/CO (FA1D0)                                                                        0.06       2.14 f
  implementation/mult_113/U4/CO (FA1D0)                                                                        0.06       2.20 f
  implementation/mult_113/U3/CO (FA1D0)                                                                        0.06       2.25 f
  implementation/mult_113/U2/CO (FA1D0)                                                                        0.05       2.31 f
  implementation/mult_113/product[16] (oadm_fixed_divmul_root_opt_2_16_12_16_8_cb_88_61_49_DW_mult_uns_1)      0.00       2.31 f
  implementation/U47/ZN (AOI22D1)                                                                              0.15       2.46 r
  implementation/U21/ZN (IND3D1)                                                                               0.16       2.62 f
  implementation/U9/ZN (ND2D1)                                                                                 0.18       2.80 r
  implementation/fp_wrapper/exponent_adjust[1] (fp32_normal_finite_wrapper)                                    0.00       2.80 r
  implementation/fp_wrapper/U47/CO (FA1D0)                                                                     0.11       2.91 r
  implementation/fp_wrapper/U48/CO (FA1D0)                                                                     0.05       2.96 r
  implementation/fp_wrapper/U49/CO (FA1D0)                                                                     0.05       3.02 r
  implementation/fp_wrapper/U50/CO (FA1D0)                                                                     0.05       3.07 r
  implementation/fp_wrapper/U51/CO (FA1D0)                                                                     0.05       3.12 r
  implementation/fp_wrapper/U52/CO (FA1D0)                                                                     0.05       3.17 r
  implementation/fp_wrapper/U63/Z (XOR3D1)                                                                     0.07       3.24 f
  implementation/fp_wrapper/U61/Z (AO22D0)                                                                     0.08       3.32 f
  implementation/fp_wrapper/result[30] (fp32_normal_finite_wrapper)                                            0.00       3.32 f
  implementation/result[30] (oadm_fixed_divmul_root_opt_2_16_12_16_8_cb_88_61_49)                              0.00       3.32 f
  result[30] (out)                                                                                             0.00       3.32 f
  data arrival time                                                                                                       3.32

  clock vclk (rise edge)                                                                                      10.00      10.00
  clock network delay (ideal)                                                                                  0.00      10.00
  output external delay                                                                                       -0.02       9.98
  data required time                                                                                                      9.98
  -------------------------------------------------------------------------------------------------------------------------------
  data required time                                                                                                      9.98
  data arrival time                                                                                                      -3.32
  -------------------------------------------------------------------------------------------------------------------------------
  slack (MET)                                                                                                             6.66


  Startpoint: divide_mode
              (input port clocked by vclk)
  Endpoint: result[30] (output port clocked by vclk)
  Path Group: vclk
  Path Type: max

  Des/Clust/Port     Wire Load Model       Library
  ------------------------------------------------
  oadm_fixed_l2_divmul_root_opt ZeroWireload tcbn65gplustc_ccs
  fp32_normal_finite_wrapper ZeroWireload  tcbn65gplustc_ccs
  oadm_fixed_divmul_root_opt_2_16_12_16_8_cb_88_61_49 ZeroWireload tcbn65gplustc_ccs
  oadm_fixed_divmul_root_opt_2_16_12_16_8_cb_88_61_49_DW_mult_tc_0 ZeroWireload tcbn65gplustc_ccs
  oadm_fixed_divmul_root_opt_2_16_12_16_8_cb_88_61_49_DW_mult_uns_1 ZeroWireload tcbn65gplustc_ccs

  Point                                                                                                        Incr       Path
  -------------------------------------------------------------------------------------------------------------------------------
  clock vclk (rise edge)                                                                                       0.00       0.00
  clock network delay (ideal)                                                                                  0.00       0.00
  input external delay                                                                                         0.02       0.02 r
  divide_mode (in)                                                                                             0.01       0.03 r
  U2/Z (CKBD1)                                                                                                 0.19       0.22 r
  implementation/divide_mode (oadm_fixed_divmul_root_opt_2_16_12_16_8_cb_88_61_49)                             0.00       0.22 r
  implementation/U153/ZN (INR2D1)                                                                              0.02       0.23 f
  implementation/mult_63/a[1] (oadm_fixed_divmul_root_opt_2_16_12_16_8_cb_88_61_49_DW_mult_tc_0)               0.00       0.23 f
  implementation/mult_63/U115/ZN (INVD1)                                                                       0.03       0.27 r
  implementation/mult_63/U128/Z (CKXOR2D0)                                                                     0.08       0.34 f
  implementation/mult_63/U125/ZN (OAI22D0)                                                                     0.07       0.41 r
  implementation/mult_63/U26/S (HA1D0)                                                                         0.07       0.48 f
  implementation/mult_63/U12/CO (FA1D0)                                                                        0.10       0.58 f
  implementation/mult_63/U11/CO (FA1D0)                                                                        0.06       0.64 f
  implementation/mult_63/U10/CO (FA1D0)                                                                        0.06       0.69 f
  implementation/mult_63/U9/CO (FA1D0)                                                                         0.06       0.75 f
  implementation/mult_63/U8/CO (FA1D0)                                                                         0.06       0.81 f
  implementation/mult_63/U7/CO (FA1D0)                                                                         0.06       0.86 f
  implementation/mult_63/U6/CO (FA1D0)                                                                         0.06       0.92 f
  implementation/mult_63/U5/CO (FA1D0)                                                                         0.06       0.97 f
  implementation/mult_63/U4/CO (FA1D0)                                                                         0.06       1.03 f
  implementation/mult_63/U3/CO (FA1D0)                                                                         0.06       1.08 f
  implementation/mult_63/U2/S (FA1D0)                                                                          0.06       1.14 f
  implementation/mult_63/product[13] (oadm_fixed_divmul_root_opt_2_16_12_16_8_cb_88_61_49_DW_mult_tc_0)        0.00       1.14 f
  implementation/U22/ZN (INVD1)                                                                                0.02       1.17 r
  implementation/U177/Z (CKXOR2D1)                                                                             0.06       1.23 f
  implementation/U87/Z (AO22D0)                                                                                0.07       1.29 f
  implementation/U86/CO (FA1D0)                                                                                0.08       1.38 f
  implementation/U84/S (FA1D0)                                                                                 0.08       1.45 r
  implementation/mult_113/a[6] (oadm_fixed_divmul_root_opt_2_16_12_16_8_cb_88_61_49_DW_mult_uns_1)             0.00       1.45 r
  implementation/mult_113/U113/ZN (INVD1)                                                                      0.02       1.47 f
  implementation/mult_113/U163/ZN (NR2D0)                                                                      0.05       1.52 r
  implementation/mult_113/U33/S (CMPE42D1)                                                                     0.19       1.71 f
  implementation/mult_113/U11/CO (FA1D0)                                                                       0.10       1.81 f
  implementation/mult_113/U10/CO (FA1D0)                                                                       0.06       1.87 f
  implementation/mult_113/U9/CO (FA1D0)                                                                        0.06       1.92 f
  implementation/mult_113/U8/CO (FA1D0)                                                                        0.06       1.98 f
  implementation/mult_113/U7/CO (FA1D0)                                                                        0.06       2.03 f
  implementation/mult_113/U6/CO (FA1D0)                                                                        0.06       2.09 f
  implementation/mult_113/U5/CO (FA1D0)                                                                        0.06       2.14 f
  implementation/mult_113/U4/CO (FA1D0)                                                                        0.06       2.20 f
  implementation/mult_113/U3/CO (FA1D0)                                                                        0.06       2.25 f
  implementation/mult_113/U2/CO (FA1D0)                                                                        0.05       2.31 f
  implementation/mult_113/product[16] (oadm_fixed_divmul_root_opt_2_16_12_16_8_cb_88_61_49_DW_mult_uns_1)      0.00       2.31 f
  implementation/U47/ZN (AOI22D1)                                                                              0.15       2.46 r
  implementation/U21/ZN (IND3D1)                                                                               0.16       2.62 f
  implementation/U9/ZN (ND2D1)                                                                                 0.18       2.80 r
  implementation/fp_wrapper/exponent_adjust[1] (fp32_normal_finite_wrapper)                                    0.00       2.80 r
  implementation/fp_wrapper/U47/CO (FA1D0)                                                                     0.11       2.91 r
  implementation/fp_wrapper/U48/CO (FA1D0)                                                                     0.05       2.96 r
  implementation/fp_wrapper/U49/CO (FA1D0)                                                                     0.05       3.02 r
  implementation/fp_wrapper/U50/CO (FA1D0)                                                                     0.05       3.07 r
  implementation/fp_wrapper/U51/CO (FA1D0)                                                                     0.05       3.12 r
  implementation/fp_wrapper/U52/CO (FA1D0)                                                                     0.05       3.17 r
  implementation/fp_wrapper/U63/Z (XOR3D1)                                                                     0.07       3.24 f
  implementation/fp_wrapper/U61/Z (AO22D0)                                                                     0.08       3.32 f
  implementation/fp_wrapper/result[30] (fp32_normal_finite_wrapper)                                            0.00       3.32 f
  implementation/result[30] (oadm_fixed_divmul_root_opt_2_16_12_16_8_cb_88_61_49)                              0.00       3.32 f
  result[30] (out)                                                                                             0.00       3.32 f
  data arrival time                                                                                                       3.32

  clock vclk (rise edge)                                                                                      10.00      10.00
  clock network delay (ideal)                                                                                  0.00      10.00
  output external delay                                                                                       -0.02       9.98
  data required time                                                                                                      9.98
  -------------------------------------------------------------------------------------------------------------------------------
  data required time                                                                                                      9.98
  data arrival time                                                                                                      -3.32
  -------------------------------------------------------------------------------------------------------------------------------
  slack (MET)                                                                                                             6.66


  Startpoint: divide_mode
              (input port clocked by vclk)
  Endpoint: result[30] (output port clocked by vclk)
  Path Group: vclk
  Path Type: max

  Des/Clust/Port     Wire Load Model       Library
  ------------------------------------------------
  oadm_fixed_l2_divmul_root_opt ZeroWireload tcbn65gplustc_ccs
  fp32_normal_finite_wrapper ZeroWireload  tcbn65gplustc_ccs
  oadm_fixed_divmul_root_opt_2_16_12_16_8_cb_88_61_49 ZeroWireload tcbn65gplustc_ccs
  oadm_fixed_divmul_root_opt_2_16_12_16_8_cb_88_61_49_DW_mult_tc_0 ZeroWireload tcbn65gplustc_ccs
  oadm_fixed_divmul_root_opt_2_16_12_16_8_cb_88_61_49_DW_mult_uns_1 ZeroWireload tcbn65gplustc_ccs

  Point                                                                                                        Incr       Path
  -------------------------------------------------------------------------------------------------------------------------------
  clock vclk (rise edge)                                                                                       0.00       0.00
  clock network delay (ideal)                                                                                  0.00       0.00
  input external delay                                                                                         0.02       0.02 r
  divide_mode (in)                                                                                             0.01       0.03 r
  U2/Z (CKBD1)                                                                                                 0.19       0.22 r
  implementation/divide_mode (oadm_fixed_divmul_root_opt_2_16_12_16_8_cb_88_61_49)                             0.00       0.22 r
  implementation/U153/ZN (INR2D1)                                                                              0.02       0.23 f
  implementation/mult_63/a[1] (oadm_fixed_divmul_root_opt_2_16_12_16_8_cb_88_61_49_DW_mult_tc_0)               0.00       0.23 f
  implementation/mult_63/U115/ZN (INVD1)                                                                       0.03       0.27 r
  implementation/mult_63/U128/Z (CKXOR2D0)                                                                     0.08       0.34 f
  implementation/mult_63/U125/ZN (OAI22D0)                                                                     0.07       0.41 r
  implementation/mult_63/U26/S (HA1D0)                                                                         0.07       0.48 f
  implementation/mult_63/U12/CO (FA1D0)                                                                        0.10       0.58 f
  implementation/mult_63/U11/CO (FA1D0)                                                                        0.06       0.64 f
  implementation/mult_63/U10/CO (FA1D0)                                                                        0.06       0.69 f
  implementation/mult_63/U9/CO (FA1D0)                                                                         0.06       0.75 f
  implementation/mult_63/U8/CO (FA1D0)                                                                         0.06       0.81 f
  implementation/mult_63/U7/CO (FA1D0)                                                                         0.06       0.86 f
  implementation/mult_63/U6/CO (FA1D0)                                                                         0.06       0.92 f
  implementation/mult_63/U5/CO (FA1D0)                                                                         0.06       0.97 f
  implementation/mult_63/U4/CO (FA1D0)                                                                         0.06       1.03 f
  implementation/mult_63/U3/CO (FA1D0)                                                                         0.06       1.08 f
  implementation/mult_63/U2/S (FA1D0)                                                                          0.06       1.14 f
  implementation/mult_63/product[13] (oadm_fixed_divmul_root_opt_2_16_12_16_8_cb_88_61_49_DW_mult_tc_0)        0.00       1.14 f
  implementation/U22/ZN (INVD1)                                                                                0.02       1.17 r
  implementation/U177/Z (CKXOR2D1)                                                                             0.06       1.23 f
  implementation/U87/Z (AO22D0)                                                                                0.07       1.29 f
  implementation/U86/CO (FA1D0)                                                                                0.08       1.38 f
  implementation/U84/S (FA1D0)                                                                                 0.08       1.45 r
  implementation/mult_113/a[6] (oadm_fixed_divmul_root_opt_2_16_12_16_8_cb_88_61_49_DW_mult_uns_1)             0.00       1.45 r
  implementation/mult_113/U113/ZN (INVD1)                                                                      0.02       1.47 f
  implementation/mult_113/U163/ZN (NR2D0)                                                                      0.05       1.52 r
  implementation/mult_113/U33/S (CMPE42D1)                                                                     0.19       1.71 f
  implementation/mult_113/U11/CO (FA1D0)                                                                       0.10       1.81 f
  implementation/mult_113/U10/CO (FA1D0)                                                                       0.06       1.87 f
  implementation/mult_113/U9/CO (FA1D0)                                                                        0.06       1.92 f
  implementation/mult_113/U8/CO (FA1D0)                                                                        0.06       1.98 f
  implementation/mult_113/U7/CO (FA1D0)                                                                        0.06       2.03 f
  implementation/mult_113/U6/CO (FA1D0)                                                                        0.06       2.09 f
  implementation/mult_113/U5/CO (FA1D0)                                                                        0.06       2.14 f
  implementation/mult_113/U4/CO (FA1D0)                                                                        0.06       2.20 f
  implementation/mult_113/U3/CO (FA1D0)                                                                        0.06       2.25 f
  implementation/mult_113/U2/CO (FA1D0)                                                                        0.05       2.31 f
  implementation/mult_113/product[16] (oadm_fixed_divmul_root_opt_2_16_12_16_8_cb_88_61_49_DW_mult_uns_1)      0.00       2.31 f
  implementation/U47/ZN (AOI22D1)                                                                              0.15       2.46 r
  implementation/U21/ZN (IND3D1)                                                                               0.16       2.62 f
  implementation/U9/ZN (ND2D1)                                                                                 0.18       2.80 r
  implementation/fp_wrapper/exponent_adjust[1] (fp32_normal_finite_wrapper)                                    0.00       2.80 r
  implementation/fp_wrapper/U47/CO (FA1D0)                                                                     0.11       2.91 r
  implementation/fp_wrapper/U48/CO (FA1D0)                                                                     0.05       2.96 r
  implementation/fp_wrapper/U49/CO (FA1D0)                                                                     0.05       3.02 r
  implementation/fp_wrapper/U50/CO (FA1D0)                                                                     0.05       3.07 r
  implementation/fp_wrapper/U51/CO (FA1D0)                                                                     0.05       3.12 r
  implementation/fp_wrapper/U52/CO (FA1D0)                                                                     0.05       3.17 r
  implementation/fp_wrapper/U63/Z (XOR3D1)                                                                     0.07       3.24 f
  implementation/fp_wrapper/U61/Z (AO22D0)                                                                     0.08       3.32 f
  implementation/fp_wrapper/result[30] (fp32_normal_finite_wrapper)                                            0.00       3.32 f
  implementation/result[30] (oadm_fixed_divmul_root_opt_2_16_12_16_8_cb_88_61_49)                              0.00       3.32 f
  result[30] (out)                                                                                             0.00       3.32 f
  data arrival time                                                                                                       3.32

  clock vclk (rise edge)                                                                                      10.00      10.00
  clock network delay (ideal)                                                                                  0.00      10.00
  output external delay                                                                                       -0.02       9.98
  data required time                                                                                                      9.98
  -------------------------------------------------------------------------------------------------------------------------------
  data required time                                                                                                      9.98
  data arrival time                                                                                                      -3.32
  -------------------------------------------------------------------------------------------------------------------------------
  slack (MET)                                                                                                             6.66


  Startpoint: divide_mode
              (input port clocked by vclk)
  Endpoint: result[30] (output port clocked by vclk)
  Path Group: vclk
  Path Type: max

  Des/Clust/Port     Wire Load Model       Library
  ------------------------------------------------
  oadm_fixed_l2_divmul_root_opt ZeroWireload tcbn65gplustc_ccs
  fp32_normal_finite_wrapper ZeroWireload  tcbn65gplustc_ccs
  oadm_fixed_divmul_root_opt_2_16_12_16_8_cb_88_61_49 ZeroWireload tcbn65gplustc_ccs
  oadm_fixed_divmul_root_opt_2_16_12_16_8_cb_88_61_49_DW_mult_tc_0 ZeroWireload tcbn65gplustc_ccs
  oadm_fixed_divmul_root_opt_2_16_12_16_8_cb_88_61_49_DW_mult_uns_1 ZeroWireload tcbn65gplustc_ccs

  Point                                                                                                        Incr       Path
  -------------------------------------------------------------------------------------------------------------------------------
  clock vclk (rise edge)                                                                                       0.00       0.00
  clock network delay (ideal)                                                                                  0.00       0.00
  input external delay                                                                                         0.02       0.02 r
  divide_mode (in)                                                                                             0.01       0.03 r
  U2/Z (CKBD1)                                                                                                 0.19       0.22 r
  implementation/divide_mode (oadm_fixed_divmul_root_opt_2_16_12_16_8_cb_88_61_49)                             0.00       0.22 r
  implementation/U153/ZN (INR2D1)                                                                              0.02       0.23 f
  implementation/mult_63/a[1] (oadm_fixed_divmul_root_opt_2_16_12_16_8_cb_88_61_49_DW_mult_tc_0)               0.00       0.23 f
  implementation/mult_63/U115/ZN (INVD1)                                                                       0.03       0.27 r
  implementation/mult_63/U128/Z (CKXOR2D0)                                                                     0.08       0.34 f
  implementation/mult_63/U125/ZN (OAI22D0)                                                                     0.07       0.41 r
  implementation/mult_63/U26/S (HA1D0)                                                                         0.07       0.48 f
  implementation/mult_63/U12/CO (FA1D0)                                                                        0.10       0.58 f
  implementation/mult_63/U11/CO (FA1D0)                                                                        0.06       0.64 f
  implementation/mult_63/U10/CO (FA1D0)                                                                        0.06       0.69 f
  implementation/mult_63/U9/CO (FA1D0)                                                                         0.06       0.75 f
  implementation/mult_63/U8/CO (FA1D0)                                                                         0.06       0.81 f
  implementation/mult_63/U7/CO (FA1D0)                                                                         0.06       0.86 f
  implementation/mult_63/U6/CO (FA1D0)                                                                         0.06       0.92 f
  implementation/mult_63/U5/CO (FA1D0)                                                                         0.06       0.97 f
  implementation/mult_63/U4/CO (FA1D0)                                                                         0.06       1.03 f
  implementation/mult_63/U3/CO (FA1D0)                                                                         0.06       1.08 f
  implementation/mult_63/U2/S (FA1D0)                                                                          0.06       1.14 f
  implementation/mult_63/product[13] (oadm_fixed_divmul_root_opt_2_16_12_16_8_cb_88_61_49_DW_mult_tc_0)        0.00       1.14 f
  implementation/U22/ZN (INVD1)                                                                                0.02       1.17 r
  implementation/U177/Z (CKXOR2D1)                                                                             0.06       1.23 f
  implementation/U87/Z (AO22D0)                                                                                0.07       1.29 f
  implementation/U86/CO (FA1D0)                                                                                0.08       1.38 f
  implementation/U84/S (FA1D0)                                                                                 0.08       1.45 r
  implementation/mult_113/a[6] (oadm_fixed_divmul_root_opt_2_16_12_16_8_cb_88_61_49_DW_mult_uns_1)             0.00       1.45 r
  implementation/mult_113/U113/ZN (INVD1)                                                                      0.02       1.47 f
  implementation/mult_113/U163/ZN (NR2D0)                                                                      0.05       1.52 r
  implementation/mult_113/U33/S (CMPE42D1)                                                                     0.19       1.71 f
  implementation/mult_113/U11/CO (FA1D0)                                                                       0.10       1.81 f
  implementation/mult_113/U10/CO (FA1D0)                                                                       0.06       1.87 f
  implementation/mult_113/U9/CO (FA1D0)                                                                        0.06       1.92 f
  implementation/mult_113/U8/CO (FA1D0)                                                                        0.06       1.98 f
  implementation/mult_113/U7/CO (FA1D0)                                                                        0.06       2.03 f
  implementation/mult_113/U6/CO (FA1D0)                                                                        0.06       2.09 f
  implementation/mult_113/U5/CO (FA1D0)                                                                        0.06       2.14 f
  implementation/mult_113/U4/CO (FA1D0)                                                                        0.06       2.20 f
  implementation/mult_113/U3/CO (FA1D0)                                                                        0.06       2.25 f
  implementation/mult_113/U2/CO (FA1D0)                                                                        0.05       2.31 f
  implementation/mult_113/product[16] (oadm_fixed_divmul_root_opt_2_16_12_16_8_cb_88_61_49_DW_mult_uns_1)      0.00       2.31 f
  implementation/U47/ZN (AOI22D1)                                                                              0.15       2.46 r
  implementation/U21/ZN (IND3D1)                                                                               0.16       2.62 f
  implementation/U9/ZN (ND2D1)                                                                                 0.18       2.80 r
  implementation/fp_wrapper/exponent_adjust[1] (fp32_normal_finite_wrapper)                                    0.00       2.80 r
  implementation/fp_wrapper/U47/CO (FA1D0)                                                                     0.11       2.91 r
  implementation/fp_wrapper/U48/CO (FA1D0)                                                                     0.05       2.96 r
  implementation/fp_wrapper/U49/CO (FA1D0)                                                                     0.05       3.02 r
  implementation/fp_wrapper/U50/CO (FA1D0)                                                                     0.05       3.07 r
  implementation/fp_wrapper/U51/CO (FA1D0)                                                                     0.05       3.12 r
  implementation/fp_wrapper/U52/CO (FA1D0)                                                                     0.05       3.17 r
  implementation/fp_wrapper/U63/Z (XOR3D1)                                                                     0.07       3.24 f
  implementation/fp_wrapper/U61/Z (AO22D0)                                                                     0.08       3.32 f
  implementation/fp_wrapper/result[30] (fp32_normal_finite_wrapper)                                            0.00       3.32 f
  implementation/result[30] (oadm_fixed_divmul_root_opt_2_16_12_16_8_cb_88_61_49)                              0.00       3.32 f
  result[30] (out)                                                                                             0.00       3.32 f
  data arrival time                                                                                                       3.32

  clock vclk (rise edge)                                                                                      10.00      10.00
  clock network delay (ideal)                                                                                  0.00      10.00
  output external delay                                                                                       -0.02       9.98
  data required time                                                                                                      9.98
  -------------------------------------------------------------------------------------------------------------------------------
  data required time                                                                                                      9.98
  data arrival time                                                                                                      -3.32
  -------------------------------------------------------------------------------------------------------------------------------
  slack (MET)                                                                                                             6.66


  Startpoint: divide_mode
              (input port clocked by vclk)
  Endpoint: result[30] (output port clocked by vclk)
  Path Group: vclk
  Path Type: max

  Des/Clust/Port     Wire Load Model       Library
  ------------------------------------------------
  oadm_fixed_l2_divmul_root_opt ZeroWireload tcbn65gplustc_ccs
  fp32_normal_finite_wrapper ZeroWireload  tcbn65gplustc_ccs
  oadm_fixed_divmul_root_opt_2_16_12_16_8_cb_88_61_49 ZeroWireload tcbn65gplustc_ccs
  oadm_fixed_divmul_root_opt_2_16_12_16_8_cb_88_61_49_DW_mult_tc_0 ZeroWireload tcbn65gplustc_ccs
  oadm_fixed_divmul_root_opt_2_16_12_16_8_cb_88_61_49_DW_mult_uns_1 ZeroWireload tcbn65gplustc_ccs

  Point                                                                                                        Incr       Path
  -------------------------------------------------------------------------------------------------------------------------------
  clock vclk (rise edge)                                                                                       0.00       0.00
  clock network delay (ideal)                                                                                  0.00       0.00
  input external delay                                                                                         0.02       0.02 r
  divide_mode (in)                                                                                             0.01       0.03 r
  U2/Z (CKBD1)                                                                                                 0.19       0.22 r
  implementation/divide_mode (oadm_fixed_divmul_root_opt_2_16_12_16_8_cb_88_61_49)                             0.00       0.22 r
  implementation/U153/ZN (INR2D1)                                                                              0.02       0.23 f
  implementation/mult_63/a[1] (oadm_fixed_divmul_root_opt_2_16_12_16_8_cb_88_61_49_DW_mult_tc_0)               0.00       0.23 f
  implementation/mult_63/U115/ZN (INVD1)                                                                       0.03       0.27 r
  implementation/mult_63/U128/Z (CKXOR2D0)                                                                     0.08       0.34 f
  implementation/mult_63/U125/ZN (OAI22D0)                                                                     0.07       0.41 r
  implementation/mult_63/U26/S (HA1D0)                                                                         0.07       0.48 f
  implementation/mult_63/U12/CO (FA1D0)                                                                        0.10       0.58 f
  implementation/mult_63/U11/CO (FA1D0)                                                                        0.06       0.64 f
  implementation/mult_63/U10/CO (FA1D0)                                                                        0.06       0.69 f
  implementation/mult_63/U9/CO (FA1D0)                                                                         0.06       0.75 f
  implementation/mult_63/U8/CO (FA1D0)                                                                         0.06       0.81 f
  implementation/mult_63/U7/CO (FA1D0)                                                                         0.06       0.86 f
  implementation/mult_63/U6/CO (FA1D0)                                                                         0.06       0.92 f
  implementation/mult_63/U5/CO (FA1D0)                                                                         0.06       0.97 f
  implementation/mult_63/U4/CO (FA1D0)                                                                         0.06       1.03 f
  implementation/mult_63/U3/CO (FA1D0)                                                                         0.06       1.08 f
  implementation/mult_63/U2/S (FA1D0)                                                                          0.06       1.14 f
  implementation/mult_63/product[13] (oadm_fixed_divmul_root_opt_2_16_12_16_8_cb_88_61_49_DW_mult_tc_0)        0.00       1.14 f
  implementation/U22/ZN (INVD1)                                                                                0.02       1.17 r
  implementation/U177/Z (CKXOR2D1)                                                                             0.06       1.23 f
  implementation/U87/Z (AO22D0)                                                                                0.07       1.29 f
  implementation/U86/CO (FA1D0)                                                                                0.08       1.38 f
  implementation/U84/S (FA1D0)                                                                                 0.08       1.45 r
  implementation/mult_113/a[6] (oadm_fixed_divmul_root_opt_2_16_12_16_8_cb_88_61_49_DW_mult_uns_1)             0.00       1.45 r
  implementation/mult_113/U113/ZN (INVD1)                                                                      0.02       1.47 f
  implementation/mult_113/U163/ZN (NR2D0)                                                                      0.05       1.52 r
  implementation/mult_113/U33/S (CMPE42D1)                                                                     0.19       1.71 f
  implementation/mult_113/U11/CO (FA1D0)                                                                       0.10       1.81 f
  implementation/mult_113/U10/CO (FA1D0)                                                                       0.06       1.87 f
  implementation/mult_113/U9/CO (FA1D0)                                                                        0.06       1.92 f
  implementation/mult_113/U8/CO (FA1D0)                                                                        0.06       1.98 f
  implementation/mult_113/U7/CO (FA1D0)                                                                        0.06       2.03 f
  implementation/mult_113/U6/CO (FA1D0)                                                                        0.06       2.09 f
  implementation/mult_113/U5/CO (FA1D0)                                                                        0.06       2.14 f
  implementation/mult_113/U4/CO (FA1D0)                                                                        0.06       2.20 f
  implementation/mult_113/U3/CO (FA1D0)                                                                        0.06       2.25 f
  implementation/mult_113/U2/CO (FA1D0)                                                                        0.05       2.31 f
  implementation/mult_113/product[16] (oadm_fixed_divmul_root_opt_2_16_12_16_8_cb_88_61_49_DW_mult_uns_1)      0.00       2.31 f
  implementation/U47/ZN (AOI22D1)                                                                              0.15       2.46 r
  implementation/U21/ZN (IND3D1)                                                                               0.16       2.62 f
  implementation/U9/ZN (ND2D1)                                                                                 0.18       2.80 r
  implementation/fp_wrapper/exponent_adjust[1] (fp32_normal_finite_wrapper)                                    0.00       2.80 r
  implementation/fp_wrapper/U47/CO (FA1D0)                                                                     0.11       2.91 r
  implementation/fp_wrapper/U48/CO (FA1D0)                                                                     0.05       2.96 r
  implementation/fp_wrapper/U49/CO (FA1D0)                                                                     0.05       3.02 r
  implementation/fp_wrapper/U50/CO (FA1D0)                                                                     0.05       3.07 r
  implementation/fp_wrapper/U51/CO (FA1D0)                                                                     0.05       3.12 r
  implementation/fp_wrapper/U52/CO (FA1D0)                                                                     0.05       3.17 r
  implementation/fp_wrapper/U63/Z (XOR3D1)                                                                     0.07       3.24 f
  implementation/fp_wrapper/U61/Z (AO22D0)                                                                     0.08       3.32 f
  implementation/fp_wrapper/result[30] (fp32_normal_finite_wrapper)                                            0.00       3.32 f
  implementation/result[30] (oadm_fixed_divmul_root_opt_2_16_12_16_8_cb_88_61_49)                              0.00       3.32 f
  result[30] (out)                                                                                             0.00       3.32 f
  data arrival time                                                                                                       3.32

  clock vclk (rise edge)                                                                                      10.00      10.00
  clock network delay (ideal)                                                                                  0.00      10.00
  output external delay                                                                                       -0.02       9.98
  data required time                                                                                                      9.98
  -------------------------------------------------------------------------------------------------------------------------------
  data required time                                                                                                      9.98
  data arrival time                                                                                                      -3.32
  -------------------------------------------------------------------------------------------------------------------------------
  slack (MET)                                                                                                             6.66


  Startpoint: divide_mode
              (input port clocked by vclk)
  Endpoint: result[30] (output port clocked by vclk)
  Path Group: vclk
  Path Type: max

  Des/Clust/Port     Wire Load Model       Library
  ------------------------------------------------
  oadm_fixed_l2_divmul_root_opt ZeroWireload tcbn65gplustc_ccs
  fp32_normal_finite_wrapper ZeroWireload  tcbn65gplustc_ccs
  oadm_fixed_divmul_root_opt_2_16_12_16_8_cb_88_61_49 ZeroWireload tcbn65gplustc_ccs
  oadm_fixed_divmul_root_opt_2_16_12_16_8_cb_88_61_49_DW_mult_tc_0 ZeroWireload tcbn65gplustc_ccs
  oadm_fixed_divmul_root_opt_2_16_12_16_8_cb_88_61_49_DW_mult_uns_1 ZeroWireload tcbn65gplustc_ccs

  Point                                                                                                        Incr       Path
  -------------------------------------------------------------------------------------------------------------------------------
  clock vclk (rise edge)                                                                                       0.00       0.00
  clock network delay (ideal)                                                                                  0.00       0.00
  input external delay                                                                                         0.02       0.02 r
  divide_mode (in)                                                                                             0.01       0.03 r
  U2/Z (CKBD1)                                                                                                 0.19       0.22 r
  implementation/divide_mode (oadm_fixed_divmul_root_opt_2_16_12_16_8_cb_88_61_49)                             0.00       0.22 r
  implementation/U153/ZN (INR2D1)                                                                              0.02       0.23 f
  implementation/mult_63/a[1] (oadm_fixed_divmul_root_opt_2_16_12_16_8_cb_88_61_49_DW_mult_tc_0)               0.00       0.23 f
  implementation/mult_63/U115/ZN (INVD1)                                                                       0.03       0.27 r
  implementation/mult_63/U128/Z (CKXOR2D0)                                                                     0.08       0.34 f
  implementation/mult_63/U125/ZN (OAI22D0)                                                                     0.07       0.41 r
  implementation/mult_63/U26/S (HA1D0)                                                                         0.07       0.48 f
  implementation/mult_63/U12/CO (FA1D0)                                                                        0.10       0.58 f
  implementation/mult_63/U11/CO (FA1D0)                                                                        0.06       0.64 f
  implementation/mult_63/U10/CO (FA1D0)                                                                        0.06       0.69 f
  implementation/mult_63/U9/CO (FA1D0)                                                                         0.06       0.75 f
  implementation/mult_63/U8/CO (FA1D0)                                                                         0.06       0.81 f
  implementation/mult_63/U7/CO (FA1D0)                                                                         0.06       0.86 f
  implementation/mult_63/U6/CO (FA1D0)                                                                         0.06       0.92 f
  implementation/mult_63/U5/CO (FA1D0)                                                                         0.06       0.97 f
  implementation/mult_63/U4/CO (FA1D0)                                                                         0.06       1.03 f
  implementation/mult_63/U3/CO (FA1D0)                                                                         0.06       1.08 f
  implementation/mult_63/U2/S (FA1D0)                                                                          0.06       1.14 f
  implementation/mult_63/product[13] (oadm_fixed_divmul_root_opt_2_16_12_16_8_cb_88_61_49_DW_mult_tc_0)        0.00       1.14 f
  implementation/U22/ZN (INVD1)                                                                                0.02       1.17 r
  implementation/U177/Z (CKXOR2D1)                                                                             0.06       1.23 f
  implementation/U87/Z (AO22D0)                                                                                0.07       1.29 f
  implementation/U86/CO (FA1D0)                                                                                0.08       1.38 f
  implementation/U84/S (FA1D0)                                                                                 0.08       1.45 r
  implementation/mult_113/a[6] (oadm_fixed_divmul_root_opt_2_16_12_16_8_cb_88_61_49_DW_mult_uns_1)             0.00       1.45 r
  implementation/mult_113/U113/ZN (INVD1)                                                                      0.02       1.47 f
  implementation/mult_113/U163/ZN (NR2D0)                                                                      0.05       1.52 r
  implementation/mult_113/U33/S (CMPE42D1)                                                                     0.19       1.71 f
  implementation/mult_113/U11/CO (FA1D0)                                                                       0.10       1.81 f
  implementation/mult_113/U10/CO (FA1D0)                                                                       0.06       1.87 f
  implementation/mult_113/U9/CO (FA1D0)                                                                        0.06       1.92 f
  implementation/mult_113/U8/CO (FA1D0)                                                                        0.06       1.98 f
  implementation/mult_113/U7/CO (FA1D0)                                                                        0.06       2.03 f
  implementation/mult_113/U6/CO (FA1D0)                                                                        0.06       2.09 f
  implementation/mult_113/U5/CO (FA1D0)                                                                        0.06       2.14 f
  implementation/mult_113/U4/CO (FA1D0)                                                                        0.06       2.20 f
  implementation/mult_113/U3/CO (FA1D0)                                                                        0.06       2.25 f
  implementation/mult_113/U2/CO (FA1D0)                                                                        0.05       2.31 f
  implementation/mult_113/product[16] (oadm_fixed_divmul_root_opt_2_16_12_16_8_cb_88_61_49_DW_mult_uns_1)      0.00       2.31 f
  implementation/U47/ZN (AOI22D1)                                                                              0.15       2.46 r
  implementation/U21/ZN (IND3D1)                                                                               0.16       2.62 f
  implementation/U9/ZN (ND2D1)                                                                                 0.18       2.80 r
  implementation/fp_wrapper/exponent_adjust[1] (fp32_normal_finite_wrapper)                                    0.00       2.80 r
  implementation/fp_wrapper/U47/CO (FA1D0)                                                                     0.11       2.91 r
  implementation/fp_wrapper/U48/CO (FA1D0)                                                                     0.05       2.96 r
  implementation/fp_wrapper/U49/CO (FA1D0)                                                                     0.05       3.02 r
  implementation/fp_wrapper/U50/CO (FA1D0)                                                                     0.05       3.07 r
  implementation/fp_wrapper/U51/CO (FA1D0)                                                                     0.05       3.12 r
  implementation/fp_wrapper/U52/CO (FA1D0)                                                                     0.05       3.17 r
  implementation/fp_wrapper/U63/Z (XOR3D1)                                                                     0.07       3.24 f
  implementation/fp_wrapper/U61/Z (AO22D0)                                                                     0.08       3.32 f
  implementation/fp_wrapper/result[30] (fp32_normal_finite_wrapper)                                            0.00       3.32 f
  implementation/result[30] (oadm_fixed_divmul_root_opt_2_16_12_16_8_cb_88_61_49)                              0.00       3.32 f
  result[30] (out)                                                                                             0.00       3.32 f
  data arrival time                                                                                                       3.32

  clock vclk (rise edge)                                                                                      10.00      10.00
  clock network delay (ideal)                                                                                  0.00      10.00
  output external delay                                                                                       -0.02       9.98
  data required time                                                                                                      9.98
  -------------------------------------------------------------------------------------------------------------------------------
  data required time                                                                                                      9.98
  data arrival time                                                                                                      -3.32
  -------------------------------------------------------------------------------------------------------------------------------
  slack (MET)                                                                                                             6.66


  Startpoint: divide_mode
              (input port clocked by vclk)
  Endpoint: result[30] (output port clocked by vclk)
  Path Group: vclk
  Path Type: max

  Des/Clust/Port     Wire Load Model       Library
  ------------------------------------------------
  oadm_fixed_l2_divmul_root_opt ZeroWireload tcbn65gplustc_ccs
  fp32_normal_finite_wrapper ZeroWireload  tcbn65gplustc_ccs
  oadm_fixed_divmul_root_opt_2_16_12_16_8_cb_88_61_49 ZeroWireload tcbn65gplustc_ccs
  oadm_fixed_divmul_root_opt_2_16_12_16_8_cb_88_61_49_DW_mult_tc_0 ZeroWireload tcbn65gplustc_ccs
  oadm_fixed_divmul_root_opt_2_16_12_16_8_cb_88_61_49_DW_mult_uns_1 ZeroWireload tcbn65gplustc_ccs

  Point                                                                                                        Incr       Path
  -------------------------------------------------------------------------------------------------------------------------------
  clock vclk (rise edge)                                                                                       0.00       0.00
  clock network delay (ideal)                                                                                  0.00       0.00
  input external delay                                                                                         0.02       0.02 r
  divide_mode (in)                                                                                             0.01       0.03 r
  U2/Z (CKBD1)                                                                                                 0.19       0.22 r
  implementation/divide_mode (oadm_fixed_divmul_root_opt_2_16_12_16_8_cb_88_61_49)                             0.00       0.22 r
  implementation/U153/ZN (INR2D1)                                                                              0.02       0.23 f
  implementation/mult_63/a[1] (oadm_fixed_divmul_root_opt_2_16_12_16_8_cb_88_61_49_DW_mult_tc_0)               0.00       0.23 f
  implementation/mult_63/U115/ZN (INVD1)                                                                       0.03       0.27 r
  implementation/mult_63/U128/Z (CKXOR2D0)                                                                     0.08       0.34 f
  implementation/mult_63/U125/ZN (OAI22D0)                                                                     0.07       0.41 r
  implementation/mult_63/U26/S (HA1D0)                                                                         0.07       0.48 f
  implementation/mult_63/U12/CO (FA1D0)                                                                        0.10       0.58 f
  implementation/mult_63/U11/CO (FA1D0)                                                                        0.06       0.64 f
  implementation/mult_63/U10/CO (FA1D0)                                                                        0.06       0.69 f
  implementation/mult_63/U9/CO (FA1D0)                                                                         0.06       0.75 f
  implementation/mult_63/U8/CO (FA1D0)                                                                         0.06       0.81 f
  implementation/mult_63/U7/CO (FA1D0)                                                                         0.06       0.86 f
  implementation/mult_63/U6/CO (FA1D0)                                                                         0.06       0.92 f
  implementation/mult_63/U5/CO (FA1D0)                                                                         0.06       0.97 f
  implementation/mult_63/U4/CO (FA1D0)                                                                         0.06       1.03 f
  implementation/mult_63/U3/CO (FA1D0)                                                                         0.06       1.08 f
  implementation/mult_63/U2/S (FA1D0)                                                                          0.06       1.14 f
  implementation/mult_63/product[13] (oadm_fixed_divmul_root_opt_2_16_12_16_8_cb_88_61_49_DW_mult_tc_0)        0.00       1.14 f
  implementation/U22/ZN (INVD1)                                                                                0.02       1.17 r
  implementation/U177/Z (CKXOR2D1)                                                                             0.06       1.23 f
  implementation/U87/Z (AO22D0)                                                                                0.07       1.29 f
  implementation/U86/CO (FA1D0)                                                                                0.08       1.38 f
  implementation/U84/S (FA1D0)                                                                                 0.08       1.45 r
  implementation/mult_113/a[6] (oadm_fixed_divmul_root_opt_2_16_12_16_8_cb_88_61_49_DW_mult_uns_1)             0.00       1.45 r
  implementation/mult_113/U113/ZN (INVD1)                                                                      0.02       1.47 f
  implementation/mult_113/U163/ZN (NR2D0)                                                                      0.05       1.52 r
  implementation/mult_113/U33/S (CMPE42D1)                                                                     0.19       1.71 f
  implementation/mult_113/U11/CO (FA1D0)                                                                       0.10       1.81 f
  implementation/mult_113/U10/CO (FA1D0)                                                                       0.06       1.87 f
  implementation/mult_113/U9/CO (FA1D0)                                                                        0.06       1.92 f
  implementation/mult_113/U8/CO (FA1D0)                                                                        0.06       1.98 f
  implementation/mult_113/U7/CO (FA1D0)                                                                        0.06       2.03 f
  implementation/mult_113/U6/CO (FA1D0)                                                                        0.06       2.09 f
  implementation/mult_113/U5/CO (FA1D0)                                                                        0.06       2.14 f
  implementation/mult_113/U4/CO (FA1D0)                                                                        0.06       2.20 f
  implementation/mult_113/U3/CO (FA1D0)                                                                        0.06       2.25 f
  implementation/mult_113/U2/CO (FA1D0)                                                                        0.05       2.31 f
  implementation/mult_113/product[16] (oadm_fixed_divmul_root_opt_2_16_12_16_8_cb_88_61_49_DW_mult_uns_1)      0.00       2.31 f
  implementation/U47/ZN (AOI22D1)                                                                              0.15       2.46 r
  implementation/U21/ZN (IND3D1)                                                                               0.16       2.62 f
  implementation/U9/ZN (ND2D1)                                                                                 0.18       2.80 r
  implementation/fp_wrapper/exponent_adjust[1] (fp32_normal_finite_wrapper)                                    0.00       2.80 r
  implementation/fp_wrapper/U47/CO (FA1D0)                                                                     0.11       2.91 r
  implementation/fp_wrapper/U48/CO (FA1D0)                                                                     0.05       2.96 r
  implementation/fp_wrapper/U49/CO (FA1D0)                                                                     0.05       3.02 r
  implementation/fp_wrapper/U50/CO (FA1D0)                                                                     0.05       3.07 r
  implementation/fp_wrapper/U51/CO (FA1D0)                                                                     0.05       3.12 r
  implementation/fp_wrapper/U52/CO (FA1D0)                                                                     0.05       3.17 r
  implementation/fp_wrapper/U63/Z (XOR3D1)                                                                     0.07       3.24 f
  implementation/fp_wrapper/U61/Z (AO22D0)                                                                     0.08       3.32 f
  implementation/fp_wrapper/result[30] (fp32_normal_finite_wrapper)                                            0.00       3.32 f
  implementation/result[30] (oadm_fixed_divmul_root_opt_2_16_12_16_8_cb_88_61_49)                              0.00       3.32 f
  result[30] (out)                                                                                             0.00       3.32 f
  data arrival time                                                                                                       3.32

  clock vclk (rise edge)                                                                                      10.00      10.00
  clock network delay (ideal)                                                                                  0.00      10.00
  output external delay                                                                                       -0.02       9.98
  data required time                                                                                                      9.98
  -------------------------------------------------------------------------------------------------------------------------------
  data required time                                                                                                      9.98
  data arrival time                                                                                                      -3.32
  -------------------------------------------------------------------------------------------------------------------------------
  slack (MET)                                                                                                             6.66


  Startpoint: divide_mode
              (input port clocked by vclk)
  Endpoint: result[30] (output port clocked by vclk)
  Path Group: vclk
  Path Type: max

  Des/Clust/Port     Wire Load Model       Library
  ------------------------------------------------
  oadm_fixed_l2_divmul_root_opt ZeroWireload tcbn65gplustc_ccs
  fp32_normal_finite_wrapper ZeroWireload  tcbn65gplustc_ccs
  oadm_fixed_divmul_root_opt_2_16_12_16_8_cb_88_61_49 ZeroWireload tcbn65gplustc_ccs
  oadm_fixed_divmul_root_opt_2_16_12_16_8_cb_88_61_49_DW_mult_tc_0 ZeroWireload tcbn65gplustc_ccs
  oadm_fixed_divmul_root_opt_2_16_12_16_8_cb_88_61_49_DW_mult_uns_1 ZeroWireload tcbn65gplustc_ccs

  Point                                                                                                        Incr       Path
  -------------------------------------------------------------------------------------------------------------------------------
  clock vclk (rise edge)                                                                                       0.00       0.00
  clock network delay (ideal)                                                                                  0.00       0.00
  input external delay                                                                                         0.02       0.02 r
  divide_mode (in)                                                                                             0.01       0.03 r
  U2/Z (CKBD1)                                                                                                 0.19       0.22 r
  implementation/divide_mode (oadm_fixed_divmul_root_opt_2_16_12_16_8_cb_88_61_49)                             0.00       0.22 r
  implementation/U153/ZN (INR2D1)                                                                              0.02       0.23 f
  implementation/mult_63/a[1] (oadm_fixed_divmul_root_opt_2_16_12_16_8_cb_88_61_49_DW_mult_tc_0)               0.00       0.23 f
  implementation/mult_63/U115/ZN (INVD1)                                                                       0.03       0.27 r
  implementation/mult_63/U128/Z (CKXOR2D0)                                                                     0.08       0.34 f
  implementation/mult_63/U125/ZN (OAI22D0)                                                                     0.07       0.41 r
  implementation/mult_63/U26/S (HA1D0)                                                                         0.07       0.48 f
  implementation/mult_63/U12/CO (FA1D0)                                                                        0.10       0.58 f
  implementation/mult_63/U11/CO (FA1D0)                                                                        0.06       0.64 f
  implementation/mult_63/U10/CO (FA1D0)                                                                        0.06       0.69 f
  implementation/mult_63/U9/CO (FA1D0)                                                                         0.06       0.75 f
  implementation/mult_63/U8/CO (FA1D0)                                                                         0.06       0.81 f
  implementation/mult_63/U7/CO (FA1D0)                                                                         0.06       0.86 f
  implementation/mult_63/U6/CO (FA1D0)                                                                         0.06       0.92 f
  implementation/mult_63/U5/CO (FA1D0)                                                                         0.06       0.97 f
  implementation/mult_63/U4/CO (FA1D0)                                                                         0.06       1.03 f
  implementation/mult_63/U3/CO (FA1D0)                                                                         0.06       1.08 f
  implementation/mult_63/U2/S (FA1D0)                                                                          0.06       1.14 f
  implementation/mult_63/product[13] (oadm_fixed_divmul_root_opt_2_16_12_16_8_cb_88_61_49_DW_mult_tc_0)        0.00       1.14 f
  implementation/U22/ZN (INVD1)                                                                                0.02       1.17 r
  implementation/U177/Z (CKXOR2D1)                                                                             0.06       1.23 f
  implementation/U87/Z (AO22D0)                                                                                0.07       1.29 f
  implementation/U86/CO (FA1D0)                                                                                0.08       1.38 f
  implementation/U84/S (FA1D0)                                                                                 0.08       1.45 r
  implementation/mult_113/a[6] (oadm_fixed_divmul_root_opt_2_16_12_16_8_cb_88_61_49_DW_mult_uns_1)             0.00       1.45 r
  implementation/mult_113/U113/ZN (INVD1)                                                                      0.02       1.47 f
  implementation/mult_113/U163/ZN (NR2D0)                                                                      0.05       1.52 r
  implementation/mult_113/U33/S (CMPE42D1)                                                                     0.19       1.71 f
  implementation/mult_113/U11/CO (FA1D0)                                                                       0.10       1.81 f
  implementation/mult_113/U10/CO (FA1D0)                                                                       0.06       1.87 f
  implementation/mult_113/U9/CO (FA1D0)                                                                        0.06       1.92 f
  implementation/mult_113/U8/CO (FA1D0)                                                                        0.06       1.98 f
  implementation/mult_113/U7/CO (FA1D0)                                                                        0.06       2.03 f
  implementation/mult_113/U6/CO (FA1D0)                                                                        0.06       2.09 f
  implementation/mult_113/U5/CO (FA1D0)                                                                        0.06       2.14 f
  implementation/mult_113/U4/CO (FA1D0)                                                                        0.06       2.20 f
  implementation/mult_113/U3/CO (FA1D0)                                                                        0.06       2.25 f
  implementation/mult_113/U2/CO (FA1D0)                                                                        0.05       2.31 f
  implementation/mult_113/product[16] (oadm_fixed_divmul_root_opt_2_16_12_16_8_cb_88_61_49_DW_mult_uns_1)      0.00       2.31 f
  implementation/U47/ZN (AOI22D1)                                                                              0.15       2.46 r
  implementation/U21/ZN (IND3D1)                                                                               0.16       2.62 f
  implementation/U9/ZN (ND2D1)                                                                                 0.18       2.80 r
  implementation/fp_wrapper/exponent_adjust[1] (fp32_normal_finite_wrapper)                                    0.00       2.80 r
  implementation/fp_wrapper/U47/CO (FA1D0)                                                                     0.11       2.91 r
  implementation/fp_wrapper/U48/CO (FA1D0)                                                                     0.05       2.96 r
  implementation/fp_wrapper/U49/CO (FA1D0)                                                                     0.05       3.02 r
  implementation/fp_wrapper/U50/CO (FA1D0)                                                                     0.05       3.07 r
  implementation/fp_wrapper/U51/CO (FA1D0)                                                                     0.05       3.12 r
  implementation/fp_wrapper/U52/CO (FA1D0)                                                                     0.05       3.17 r
  implementation/fp_wrapper/U63/Z (XOR3D1)                                                                     0.07       3.24 f
  implementation/fp_wrapper/U61/Z (AO22D0)                                                                     0.08       3.32 f
  implementation/fp_wrapper/result[30] (fp32_normal_finite_wrapper)                                            0.00       3.32 f
  implementation/result[30] (oadm_fixed_divmul_root_opt_2_16_12_16_8_cb_88_61_49)                              0.00       3.32 f
  result[30] (out)                                                                                             0.00       3.32 f
  data arrival time                                                                                                       3.32

  clock vclk (rise edge)                                                                                      10.00      10.00
  clock network delay (ideal)                                                                                  0.00      10.00
  output external delay                                                                                       -0.02       9.98
  data required time                                                                                                      9.98
  -------------------------------------------------------------------------------------------------------------------------------
  data required time                                                                                                      9.98
  data arrival time                                                                                                      -3.32
  -------------------------------------------------------------------------------------------------------------------------------
  slack (MET)                                                                                                             6.66


  Startpoint: divide_mode
              (input port clocked by vclk)
  Endpoint: result[30] (output port clocked by vclk)
  Path Group: vclk
  Path Type: max

  Des/Clust/Port     Wire Load Model       Library
  ------------------------------------------------
  oadm_fixed_l2_divmul_root_opt ZeroWireload tcbn65gplustc_ccs
  fp32_normal_finite_wrapper ZeroWireload  tcbn65gplustc_ccs
  oadm_fixed_divmul_root_opt_2_16_12_16_8_cb_88_61_49 ZeroWireload tcbn65gplustc_ccs
  oadm_fixed_divmul_root_opt_2_16_12_16_8_cb_88_61_49_DW_mult_tc_0 ZeroWireload tcbn65gplustc_ccs
  oadm_fixed_divmul_root_opt_2_16_12_16_8_cb_88_61_49_DW_mult_uns_1 ZeroWireload tcbn65gplustc_ccs

  Point                                                                                                        Incr       Path
  -------------------------------------------------------------------------------------------------------------------------------
  clock vclk (rise edge)                                                                                       0.00       0.00
  clock network delay (ideal)                                                                                  0.00       0.00
  input external delay                                                                                         0.02       0.02 r
  divide_mode (in)                                                                                             0.01       0.03 r
  U2/Z (CKBD1)                                                                                                 0.19       0.22 r
  implementation/divide_mode (oadm_fixed_divmul_root_opt_2_16_12_16_8_cb_88_61_49)                             0.00       0.22 r
  implementation/U153/ZN (INR2D1)                                                                              0.02       0.23 f
  implementation/mult_63/a[1] (oadm_fixed_divmul_root_opt_2_16_12_16_8_cb_88_61_49_DW_mult_tc_0)               0.00       0.23 f
  implementation/mult_63/U115/ZN (INVD1)                                                                       0.03       0.27 r
  implementation/mult_63/U128/Z (CKXOR2D0)                                                                     0.08       0.34 f
  implementation/mult_63/U125/ZN (OAI22D0)                                                                     0.07       0.41 r
  implementation/mult_63/U26/S (HA1D0)                                                                         0.07       0.48 f
  implementation/mult_63/U12/CO (FA1D0)                                                                        0.10       0.58 f
  implementation/mult_63/U11/CO (FA1D0)                                                                        0.06       0.64 f
  implementation/mult_63/U10/CO (FA1D0)                                                                        0.06       0.69 f
  implementation/mult_63/U9/CO (FA1D0)                                                                         0.06       0.75 f
  implementation/mult_63/U8/CO (FA1D0)                                                                         0.06       0.81 f
  implementation/mult_63/U7/CO (FA1D0)                                                                         0.06       0.86 f
  implementation/mult_63/U6/CO (FA1D0)                                                                         0.06       0.92 f
  implementation/mult_63/U5/CO (FA1D0)                                                                         0.06       0.97 f
  implementation/mult_63/U4/CO (FA1D0)                                                                         0.06       1.03 f
  implementation/mult_63/U3/CO (FA1D0)                                                                         0.06       1.08 f
  implementation/mult_63/U2/S (FA1D0)                                                                          0.06       1.14 f
  implementation/mult_63/product[13] (oadm_fixed_divmul_root_opt_2_16_12_16_8_cb_88_61_49_DW_mult_tc_0)        0.00       1.14 f
  implementation/U22/ZN (INVD1)                                                                                0.02       1.17 r
  implementation/U177/Z (CKXOR2D1)                                                                             0.06       1.23 f
  implementation/U87/Z (AO22D0)                                                                                0.07       1.29 f
  implementation/U86/CO (FA1D0)                                                                                0.08       1.38 f
  implementation/U84/S (FA1D0)                                                                                 0.08       1.45 r
  implementation/mult_113/a[6] (oadm_fixed_divmul_root_opt_2_16_12_16_8_cb_88_61_49_DW_mult_uns_1)             0.00       1.45 r
  implementation/mult_113/U113/ZN (INVD1)                                                                      0.02       1.47 f
  implementation/mult_113/U163/ZN (NR2D0)                                                                      0.05       1.52 r
  implementation/mult_113/U33/S (CMPE42D1)                                                                     0.19       1.71 f
  implementation/mult_113/U11/CO (FA1D0)                                                                       0.10       1.81 f
  implementation/mult_113/U10/CO (FA1D0)                                                                       0.06       1.87 f
  implementation/mult_113/U9/CO (FA1D0)                                                                        0.06       1.92 f
  implementation/mult_113/U8/CO (FA1D0)                                                                        0.06       1.98 f
  implementation/mult_113/U7/CO (FA1D0)                                                                        0.06       2.03 f
  implementation/mult_113/U6/CO (FA1D0)                                                                        0.06       2.09 f
  implementation/mult_113/U5/CO (FA1D0)                                                                        0.06       2.14 f
  implementation/mult_113/U4/CO (FA1D0)                                                                        0.06       2.20 f
  implementation/mult_113/U3/CO (FA1D0)                                                                        0.06       2.25 f
  implementation/mult_113/U2/CO (FA1D0)                                                                        0.05       2.31 f
  implementation/mult_113/product[16] (oadm_fixed_divmul_root_opt_2_16_12_16_8_cb_88_61_49_DW_mult_uns_1)      0.00       2.31 f
  implementation/U47/ZN (AOI22D1)                                                                              0.15       2.46 r
  implementation/U21/ZN (IND3D1)                                                                               0.16       2.62 f
  implementation/U9/ZN (ND2D1)                                                                                 0.18       2.80 r
  implementation/fp_wrapper/exponent_adjust[1] (fp32_normal_finite_wrapper)                                    0.00       2.80 r
  implementation/fp_wrapper/U47/CO (FA1D0)                                                                     0.11       2.91 r
  implementation/fp_wrapper/U48/CO (FA1D0)                                                                     0.05       2.96 r
  implementation/fp_wrapper/U49/CO (FA1D0)                                                                     0.05       3.02 r
  implementation/fp_wrapper/U50/CO (FA1D0)                                                                     0.05       3.07 r
  implementation/fp_wrapper/U51/CO (FA1D0)                                                                     0.05       3.12 r
  implementation/fp_wrapper/U52/CO (FA1D0)                                                                     0.05       3.17 r
  implementation/fp_wrapper/U63/Z (XOR3D1)                                                                     0.07       3.24 f
  implementation/fp_wrapper/U61/Z (AO22D0)                                                                     0.08       3.32 f
  implementation/fp_wrapper/result[30] (fp32_normal_finite_wrapper)                                            0.00       3.32 f
  implementation/result[30] (oadm_fixed_divmul_root_opt_2_16_12_16_8_cb_88_61_49)                              0.00       3.32 f
  result[30] (out)                                                                                             0.00       3.32 f
  data arrival time                                                                                                       3.32

  clock vclk (rise edge)                                                                                      10.00      10.00
  clock network delay (ideal)                                                                                  0.00      10.00
  output external delay                                                                                       -0.02       9.98
  data required time                                                                                                      9.98
  -------------------------------------------------------------------------------------------------------------------------------
  data required time                                                                                                      9.98
  data arrival time                                                                                                      -3.32
  -------------------------------------------------------------------------------------------------------------------------------
  slack (MET)                                                                                                             6.66


  Startpoint: divide_mode
              (input port clocked by vclk)
  Endpoint: result[30] (output port clocked by vclk)
  Path Group: vclk
  Path Type: max

  Des/Clust/Port     Wire Load Model       Library
  ------------------------------------------------
  oadm_fixed_l2_divmul_root_opt ZeroWireload tcbn65gplustc_ccs
  fp32_normal_finite_wrapper ZeroWireload  tcbn65gplustc_ccs
  oadm_fixed_divmul_root_opt_2_16_12_16_8_cb_88_61_49 ZeroWireload tcbn65gplustc_ccs
  oadm_fixed_divmul_root_opt_2_16_12_16_8_cb_88_61_49_DW_mult_tc_0 ZeroWireload tcbn65gplustc_ccs
  oadm_fixed_divmul_root_opt_2_16_12_16_8_cb_88_61_49_DW_mult_uns_1 ZeroWireload tcbn65gplustc_ccs

  Point                                                                                                        Incr       Path
  -------------------------------------------------------------------------------------------------------------------------------
  clock vclk (rise edge)                                                                                       0.00       0.00
  clock network delay (ideal)                                                                                  0.00       0.00
  input external delay                                                                                         0.02       0.02 r
  divide_mode (in)                                                                                             0.01       0.03 r
  U2/Z (CKBD1)                                                                                                 0.19       0.22 r
  implementation/divide_mode (oadm_fixed_divmul_root_opt_2_16_12_16_8_cb_88_61_49)                             0.00       0.22 r
  implementation/U153/ZN (INR2D1)                                                                              0.02       0.23 f
  implementation/mult_63/a[1] (oadm_fixed_divmul_root_opt_2_16_12_16_8_cb_88_61_49_DW_mult_tc_0)               0.00       0.23 f
  implementation/mult_63/U115/ZN (INVD1)                                                                       0.03       0.27 r
  implementation/mult_63/U128/Z (CKXOR2D0)                                                                     0.08       0.34 f
  implementation/mult_63/U125/ZN (OAI22D0)                                                                     0.07       0.41 r
  implementation/mult_63/U26/S (HA1D0)                                                                         0.07       0.48 f
  implementation/mult_63/U12/CO (FA1D0)                                                                        0.10       0.58 f
  implementation/mult_63/U11/CO (FA1D0)                                                                        0.06       0.64 f
  implementation/mult_63/U10/CO (FA1D0)                                                                        0.06       0.69 f
  implementation/mult_63/U9/CO (FA1D0)                                                                         0.06       0.75 f
  implementation/mult_63/U8/CO (FA1D0)                                                                         0.06       0.81 f
  implementation/mult_63/U7/CO (FA1D0)                                                                         0.06       0.86 f
  implementation/mult_63/U6/CO (FA1D0)                                                                         0.06       0.92 f
  implementation/mult_63/U5/CO (FA1D0)                                                                         0.06       0.97 f
  implementation/mult_63/U4/CO (FA1D0)                                                                         0.06       1.03 f
  implementation/mult_63/U3/CO (FA1D0)                                                                         0.06       1.08 f
  implementation/mult_63/U2/S (FA1D0)                                                                          0.06       1.14 f
  implementation/mult_63/product[13] (oadm_fixed_divmul_root_opt_2_16_12_16_8_cb_88_61_49_DW_mult_tc_0)        0.00       1.14 f
  implementation/U22/ZN (INVD1)                                                                                0.02       1.17 r
  implementation/U177/Z (CKXOR2D1)                                                                             0.06       1.23 f
  implementation/U87/Z (AO22D0)                                                                                0.07       1.29 f
  implementation/U86/CO (FA1D0)                                                                                0.08       1.38 f
  implementation/U84/S (FA1D0)                                                                                 0.08       1.45 r
  implementation/mult_113/a[6] (oadm_fixed_divmul_root_opt_2_16_12_16_8_cb_88_61_49_DW_mult_uns_1)             0.00       1.45 r
  implementation/mult_113/U113/ZN (INVD1)                                                                      0.02       1.47 f
  implementation/mult_113/U163/ZN (NR2D0)                                                                      0.05       1.52 r
  implementation/mult_113/U33/S (CMPE42D1)                                                                     0.19       1.71 f
  implementation/mult_113/U11/CO (FA1D0)                                                                       0.10       1.81 f
  implementation/mult_113/U10/CO (FA1D0)                                                                       0.06       1.87 f
  implementation/mult_113/U9/CO (FA1D0)                                                                        0.06       1.92 f
  implementation/mult_113/U8/CO (FA1D0)                                                                        0.06       1.98 f
  implementation/mult_113/U7/CO (FA1D0)                                                                        0.06       2.03 f
  implementation/mult_113/U6/CO (FA1D0)                                                                        0.06       2.09 f
  implementation/mult_113/U5/CO (FA1D0)                                                                        0.06       2.14 f
  implementation/mult_113/U4/CO (FA1D0)                                                                        0.06       2.20 f
  implementation/mult_113/U3/CO (FA1D0)                                                                        0.06       2.25 f
  implementation/mult_113/U2/CO (FA1D0)                                                                        0.05       2.31 f
  implementation/mult_113/product[16] (oadm_fixed_divmul_root_opt_2_16_12_16_8_cb_88_61_49_DW_mult_uns_1)      0.00       2.31 f
  implementation/U47/ZN (AOI22D1)                                                                              0.15       2.46 r
  implementation/U21/ZN (IND3D1)                                                                               0.16       2.62 f
  implementation/U9/ZN (ND2D1)                                                                                 0.18       2.80 r
  implementation/fp_wrapper/exponent_adjust[1] (fp32_normal_finite_wrapper)                                    0.00       2.80 r
  implementation/fp_wrapper/U47/CO (FA1D0)                                                                     0.11       2.91 r
  implementation/fp_wrapper/U48/CO (FA1D0)                                                                     0.05       2.96 r
  implementation/fp_wrapper/U49/CO (FA1D0)                                                                     0.05       3.02 r
  implementation/fp_wrapper/U50/CO (FA1D0)                                                                     0.05       3.07 r
  implementation/fp_wrapper/U51/CO (FA1D0)                                                                     0.05       3.12 r
  implementation/fp_wrapper/U52/CO (FA1D0)                                                                     0.05       3.17 r
  implementation/fp_wrapper/U63/Z (XOR3D1)                                                                     0.07       3.24 f
  implementation/fp_wrapper/U61/Z (AO22D0)                                                                     0.08       3.32 f
  implementation/fp_wrapper/result[30] (fp32_normal_finite_wrapper)                                            0.00       3.32 f
  implementation/result[30] (oadm_fixed_divmul_root_opt_2_16_12_16_8_cb_88_61_49)                              0.00       3.32 f
  result[30] (out)                                                                                             0.00       3.32 f
  data arrival time                                                                                                       3.32

  clock vclk (rise edge)                                                                                      10.00      10.00
  clock network delay (ideal)                                                                                  0.00      10.00
  output external delay                                                                                       -0.02       9.98
  data required time                                                                                                      9.98
  -------------------------------------------------------------------------------------------------------------------------------
  data required time                                                                                                      9.98
  data arrival time                                                                                                      -3.32
  -------------------------------------------------------------------------------------------------------------------------------
  slack (MET)                                                                                                             6.66


1
