****************************************
Report : qor
Design : fig8_pace_l1_d18
Version: U-2022.12-SP5
Date   : Sat Sep  5 12:54:43 2026
****************************************

  Timing Path Group 'vclk' (max_delay/setup)
  ---------------------------------------------
  Levels of Logic:                           19
  Critical Path Length:                    1.22
  Critical Path Slack:                     8.76
  Total Negative Slack:                    0.00
  No. of Violating Paths:                     0
  ---------------------------------------------

  Timing Path Group 'vclk' (min_delay/hold)
  ---------------------------------------------
  Levels of Logic:                            1
  Critical Path Length:                    0.07
  Critical Path Slack:                     0.09
  Total Negative Slack:                    0.00
  No. of Violating Paths:                     0
  ---------------------------------------------

  Area
  ---------------------------------------------
  Net Interconnect area:                   0.00
  Total cell area:                       338.40
  Design Area:                           338.40
  Area Cost:                            -338.40
  ---------------------------------------------


  Cell & Pin Count
  ---------------------------------------------
  Pin Count:                                312
  Hierarchical Cell Count:                    6
  Hierarchical Port Count:                  381
  Leaf Cell Count:                           99
  ---------------------------------------------


  Design Rule Violations
  ---------------------------------------------
  Total No. of Pins in Design:              312
  Total DRC Cost:                          0.00
  ---------------------------------------------

1
