1
 
****************************************
Report : area
Design : oadm_fixed_l1_opt
Version: U-2022.12-SP7
Date   : Fri Aug 21 21:23:53 2026
****************************************

Library(s) Used:

    tcbn65gplustc_ccs (File: /courses/ee6350/pdk2025/tcbn65gplus/TSMCHOME/digital/Front_End/timing_power_noise/CCS/tcbn65gplus_200a/tcbn65gplustc_ccs.db)

Number of ports:                           97
Number of nets:                          1313
Number of cells:                         1104
Number of combinational cells:           1104
Number of sequential cells:                 0
Number of macros/black boxes:               0
Number of buf/inv:                        205
Number of references:                      49

Combinational area:               3484.080021
Buf/Inv area:                      221.760009
Noncombinational area:               0.000000
Macro/Black Box area:                0.000000
Net Interconnect area:      undefined  (Wire load has zero net area)

Total cell area:                  3484.080021
Total area:                 undefined
1
 
****************************************
Report : area
Design : oadm_fixed_l1_opt
Version: U-2022.12-SP7
Date   : Fri Aug 21 21:23:53 2026
****************************************

Library(s) Used:

    tcbn65gplustc_ccs (File: /courses/ee6350/pdk2025/tcbn65gplus/TSMCHOME/digital/Front_End/timing_power_noise/CCS/tcbn65gplus_200a/tcbn65gplustc_ccs.db)

Number of ports:                           97
Number of nets:                          1313
Number of cells:                         1104
Number of combinational cells:           1104
Number of sequential cells:                 0
Number of macros/black boxes:               0
Number of buf/inv:                        205
Number of references:                      49

Combinational area:               3484.080021
Buf/Inv area:                      221.760009
Noncombinational area:               0.000000
Macro/Black Box area:                0.000000
Net Interconnect area:      undefined  (Wire load has zero net area)

Total cell area:                  3484.080021
Total area:                 undefined

Hierarchical area distribution
------------------------------

                                  Global cell area          Local cell area
                                  ------------------  ---------------------------- 
Hierarchical cell                 Absolute   Percent  Combi-     Noncombi-  Black-
                                  Total      Total    national   national   boxes   Design
--------------------------------  ---------  -------  ---------  ---------  ------  ---------
oadm_fixed_l1_opt                 3484.0800    100.0  3484.0800     0.0000  0.0000  oadm_fixed_l1_opt
--------------------------------  ---------  -------  ---------  ---------  ------  ---------
Total                                                 3484.0800     0.0000  0.0000

1
Information: Propagating switching activity (medium effort zero delay simulation). (PWR-6)
Warning: Design has unannotated primary inputs. (PWR-414)
 
****************************************
Report : power
        -hier
        -analysis_effort medium
        -verbose
Design : oadm_fixed_l1_opt
Version: U-2022.12-SP7
Date   : Fri Aug 21 21:23:53 2026
****************************************


Library(s) Used:

    tcbn65gplustc_ccs (File: /courses/ee6350/pdk2025/tcbn65gplus/TSMCHOME/digital/Front_End/timing_power_noise/CCS/tcbn65gplus_200a/tcbn65gplustc_ccs.db)


Operating Conditions: NCCOM   Library: tcbn65gplustc_ccs
Wire Load Model Mode: segmented

Design        Wire Load Model            Library
------------------------------------------------
oadm_fixed_l1_opt      ZeroWireload      tcbn65gplustc_ccs


Global Operating Voltage = 1    
Power-specific unit information :
    Voltage Units = 1V
    Capacitance Units = 1.000000pf
    Time Units = 1ns
    Dynamic Power Units = 1mW    (derived from V,C,T units)
    Leakage Power Units = 1nW


--------------------------------------------------------------------------------
                                       Switch   Int      Leak     Total
Hierarchy                              Power    Power    Power    Power    %
--------------------------------------------------------------------------------
oadm_fixed_l1_opt                      4.15e-02    0.108 1.69e+04    0.166 100.0
1
 
****************************************
Report : constraint
        -all_violators
        -verbose
Design : oadm_fixed_l1_opt
Version: U-2022.12-SP7
Date   : Fri Aug 21 21:23:53 2026
****************************************


    Design: oadm_fixed_l1_opt

    max_area               0.00
  - Current Area        3484.08
  ------------------------------
    Slack              -3484.08  (VIOLATED)


1
