****************************************
Report : qor
Design : unified_div_drop_l1_separate
Version: U-2022.12-SP5
Date   : Wed Sep 16 00:44:02 2026
****************************************

  Timing Path Group 'vclk' (max_delay/setup)
  ---------------------------------------------
  Levels of Logic:                           34
  Critical Path Length:                    2.30
  Critical Path Slack:                     7.68
  Total Negative Slack:                    0.00
  No. of Violating Paths:                     0
  ---------------------------------------------

  Timing Path Group 'vclk' (min_delay/hold)
  ---------------------------------------------
  Levels of Logic:                            1
  Critical Path Length:                    0.07
  Critical Path Slack:                     0.09
  Total Negative Slack:                    0.00
  No. of Violating Paths:                     0
  ---------------------------------------------

  Area
  ---------------------------------------------
  Net Interconnect area:                   0.00
  Total cell area:                      1724.40
  Design Area:                          1724.40
  Area Cost:                           -1724.40
  ---------------------------------------------


  Cell & Pin Count
  ---------------------------------------------
  Pin Count:                               1541
  Hierarchical Cell Count:                    9
  Hierarchical Port Count:                  534
  Leaf Cell Count:                          413
  ---------------------------------------------


  Design Rule Violations
  ---------------------------------------------
  Total No. of Pins in Design:             1541
  max_capacitance Count:                      1
  max_capacitance Cost:                    0.00
  Total DRC Cost:                          0.00
  ---------------------------------------------

1
