****************************************
Report : reference
Design : oadm_fixed_l1_mul_root_opt
Version: U-2022.12-SP5
Date   : Thu Sep  3 12:56:28 2026
****************************************


Attributes:
    b - black-box (unknown)
    h - hierarchical
    n - noncombinational
    u - contains unmapped logic
    A - abstracted timing model
    E - extracted timing model
    S - Stamp timing model
    Q - Quick timing model (QTM)

Reference          Library       Unit Area   Count    Total Area   Attributes
--------------------------------------------------------------------------------
oadm_fixed_mul_root_opt_LEVEL1_RESIDUAL_DROP14
                                  948.60     1         948.60      h
--------------------------------------------------------------------------------
Total 1 references                                     948.60
1
