****************************************
Report : Averaged Power
	-significant_digits
Design : oadm_runtime_drop_r18_s18
Version: U-2022.12-SP5
Date   : Thu Sep  3 19:01:02 2026
****************************************



  Attributes
  ----------
      i  -  Including register clock pin internal power
      u  -  User defined power group

                        Internal             Switching            Leakage              Total
Power Group             Power                Power                Power                Power               (     %)   Attrs
----------------------------------------------------------------------------------------------------------------------------
clock_network           0.00000e+00          0.00000e+00          0.00000e+00          0.00000e+00         ( 0.00%)   i
register                0.00000e+00          0.00000e+00          0.00000e+00          0.00000e+00         ( 0.00%)   
combinational           4.76086e-05          1.71778e-05          1.30343e-05          7.78208e-05         (100.00%)  
sequential              0.00000e+00          0.00000e+00          0.00000e+00          0.00000e+00         ( 0.00%)   
memory                  0.00000e+00          0.00000e+00          0.00000e+00          0.00000e+00         ( 0.00%)   
io_pad                  0.00000e+00          0.00000e+00          0.00000e+00          0.00000e+00         ( 0.00%)   
black_box               0.00000e+00          0.00000e+00          0.00000e+00          0.00000e+00         ( 0.00%)   

  Net Switching Power  = 1.71778e-05           (22.07%)
  Cell Internal Power  = 4.76086e-05           (61.18%)
  Cell Leakage Power   = 1.30343e-05           (16.75%)
                         -------------------------
Total Power            = 7.78208e-05          (100.00%)

1
