****************************************
Report : timing
	-path_type full
	-delay_type max
	-input_pins
	-nets
	-slack_lesser_than 1000.00000
	-max_paths 3
	-transition_time
	-capacitance
	-sort_by slack
Design : oadm_fixed_l1_divmul_unshared
Version: U-2022.12-SP5
Date   : Sat Sep  5 23:02:13 2026
****************************************


  Startpoint: x[22] (input port clocked by vclk)
  Endpoint: result[22] (output port clocked by vclk)
  Path Group: vclk
  Path Type: max

  Point                       Fanout    Cap      Trans       Incr       Path
  -----------------------------------------------------------------------------
  clock vclk (rise edge)                       0.00000    0.00000    0.00000
  clock network delay (ideal)                             0.00000    0.00000
  input external delay                                    0.02000    0.02000 r
  x[22] (in)                                   0.02172    0.00773    0.02773 r
  x[22] (net)                    1  0.00137 
  implementation/fp_wrapper/U65/I (CKBD1)      0.02172    0.00000    0.02773 r
  implementation/fp_wrapper/U65/Z (CKBD1)      0.27311    0.16002    0.18775 r
  implementation/fp_wrapper/fraction_x[22] (net)
                                37  0.04652 
  implementation/div_plane/mult_44/U105/I (CKND0)
                                               0.27311    0.00000    0.18775 r
  implementation/div_plane/mult_44/U105/ZN (CKND0)
                                               0.11516    0.08829    0.27604 f
  implementation/div_plane/mult_44/n141 (net)
                                 7  0.00661 
  implementation/div_plane/mult_44/U129/A2 (OAI22D0)
                                               0.11516    0.00000    0.27604 f
  implementation/div_plane/mult_44/U129/ZN (OAI22D0)
                                               0.13278    0.07811    0.35415 r
  implementation/div_plane/mult_44/n31 (net)
                                 2  0.00269 
  implementation/div_plane/mult_44/U126/A1 (CKXOR2D0)
                                               0.13278    0.00000    0.35415 r
  implementation/div_plane/mult_44/U126/Z (CKXOR2D0)
                                               0.02977    0.07122    0.42537 f
  implementation/div_plane/mult_44/n29 (net)
                                 1  0.00136 
  implementation/div_plane/mult_44/U8/A (FA1D0)
                                               0.02977    0.00000    0.42537 f
  implementation/div_plane/mult_44/U8/CO (FA1D0)
                                               0.02488    0.10263    0.52800 f
  implementation/div_plane/mult_44/n7 (net)
                                 1  0.00125 
  implementation/div_plane/mult_44/U7/CI (FA1D0)
                                               0.02488    0.00000    0.52800 f
  implementation/div_plane/mult_44/U7/CO (FA1D0)
                                               0.02511    0.05517    0.58318 f
  implementation/div_plane/mult_44/n6 (net)
                                 1  0.00125 
  implementation/div_plane/mult_44/U6/CI (FA1D0)
                                               0.02511    0.00000    0.58318 f
  implementation/div_plane/mult_44/U6/CO (FA1D0)
                                               0.02511    0.05524    0.63842 f
  implementation/div_plane/mult_44/n5 (net)
                                 1  0.00125 
  implementation/div_plane/mult_44/U5/CI (FA1D0)
                                               0.02511    0.00000    0.63842 f
  implementation/div_plane/mult_44/U5/CO (FA1D0)
                                               0.02511    0.05524    0.69366 f
  implementation/div_plane/mult_44/n4 (net)
                                 1  0.00125 
  implementation/div_plane/mult_44/U4/CI (FA1D0)
                                               0.02511    0.00000    0.69366 f
  implementation/div_plane/mult_44/U4/CO (FA1D0)
                                               0.02511    0.05524    0.74891 f
  implementation/div_plane/mult_44/n3 (net)
                                 1  0.00125 
  implementation/div_plane/mult_44/U3/CI (FA1D0)
                                               0.02511    0.00000    0.74891 f
  implementation/div_plane/mult_44/U3/CO (FA1D0)
                                               0.02511    0.05524    0.80415 f
  implementation/div_plane/mult_44/n2 (net)
                                 1  0.00125 
  implementation/div_plane/mult_44/U2/CI (FA1D0)
                                               0.02511    0.00000    0.80415 f
  implementation/div_plane/mult_44/U2/S (FA1D0)
                                               0.02383    0.05725    0.86141 f
  implementation/div_plane/mult_44/product[11] (net)
                                 1  0.00122 
  implementation/div_plane/U15/I (INVD1)       0.02383    0.00000    0.86141 f
  implementation/div_plane/U15/ZN (INVD1)      0.02323    0.01981    0.88122 r
  implementation/div_plane/n170 (net)
                                 1  0.00259 
  implementation/div_plane/U14/B (FA1D0)       0.02323    0.00000    0.88122 r
  implementation/div_plane/U14/CO (FA1D0)      0.03183    0.08245    0.96367 r
  implementation/div_plane/sub_0_root_sub_58_carry[24] (net)
                                 1  0.00189 
  implementation/div_plane/U11/A1 (XOR4D0)     0.03183    0.00000    0.96367 r
  implementation/div_plane/U11/Z (XOR4D0)      0.03180    0.11210    1.07578 r
  implementation/div_plane/n28 (net)
                                 1  0.00100 
  implementation/div_plane/U5/A3 (XNR3D0)      0.03180    0.00000    1.07578 r
  implementation/div_plane/U5/ZN (XNR3D0)      0.06179    0.09021    1.16598 r
  implementation/div_plane/plane_exact[24] (net)
                                 2  0.00486 
  implementation/mult_82/U110/I (INVD1)        0.06179    0.00000    1.16598 r
  implementation/mult_82/U110/ZN (INVD1)       0.02629    0.02196    1.18794 f
  implementation/mult_82/n176 (net)
                                 4  0.00305 
  implementation/mult_82/U150/A2 (NR2D0)       0.02629    0.00000    1.18794 f
  implementation/mult_82/U150/ZN (NR2D0)       0.09398    0.04598    1.23392 r
  implementation/mult_82/n112 (net)
                                 1  0.00209 
  implementation/mult_82/U25/B (CMPE42D1)      0.09398    0.00000    1.23392 r
  implementation/mult_82/U25/S (CMPE42D1)      0.02130    0.19771    1.43163 f
  implementation/mult_82/n39 (net)
                                 1  0.00136 
  implementation/mult_82/U8/A (FA1D0)          0.02130    0.00000    1.43163 f
  implementation/mult_82/U8/CO (FA1D0)         0.02511    0.10007    1.53169 f
  implementation/mult_82/n7 (net)
                                 1  0.00125 
  implementation/mult_82/U7/CI (FA1D0)         0.02511    0.00000    1.53169 f
  implementation/mult_82/U7/CO (FA1D0)         0.02511    0.05524    1.58694 f
  implementation/mult_82/n6 (net)
                                 1  0.00125 
  implementation/mult_82/U6/CI (FA1D0)         0.02511    0.00000    1.58694 f
  implementation/mult_82/U6/CO (FA1D0)         0.02511    0.05524    1.64218 f
  implementation/mult_82/n5 (net)
                                 1  0.00125 
  implementation/mult_82/U5/CI (FA1D0)         0.02511    0.00000    1.64218 f
  implementation/mult_82/U5/CO (FA1D0)         0.02511    0.05524    1.69743 f
  implementation/mult_82/n4 (net)
                                 1  0.00125 
  implementation/mult_82/U4/CI (FA1D0)         0.02511    0.00000    1.69743 f
  implementation/mult_82/U4/CO (FA1D0)         0.02511    0.05524    1.75267 f
  implementation/mult_82/n3 (net)
                                 1  0.00125 
  implementation/mult_82/U3/CI (FA1D0)         0.02511    0.00000    1.75267 f
  implementation/mult_82/U3/CO (FA1D0)         0.02511    0.05524    1.80792 f
  implementation/mult_82/n2 (net)
                                 1  0.00125 
  implementation/mult_82/U2/CI (FA1D0)         0.02511    0.00000    1.80792 f
  implementation/mult_82/U2/CO (FA1D0)         0.02445    0.05454    1.86246 f
  implementation/mult_82/product[15] (net)
                                 1  0.00114 
  implementation/U36/A2 (AOI22D1)              0.02445    0.00000    1.86246 f
  implementation/U36/ZN (AOI22D1)              0.24466    0.14157    2.00402 r
  implementation/n2 (net)       18  0.01912 
  implementation/U6/I (INVD1)                  0.24466    0.00000    2.00402 r
  implementation/U6/ZN (INVD1)                 0.05357    0.02392    2.02794 f
  implementation/n15 (net)       2  0.00201 
  implementation/U35/B1 (INR3D0)               0.05357    0.00000    2.02794 f
  implementation/U35/ZN (INR3D0)               0.06419    0.05178    2.07972 r
  implementation/n12 (net)       2  0.00208 
  implementation/U4/I (INVD1)                  0.06419    0.00000    2.07972 r
  implementation/U4/ZN (INVD1)                 0.06246    0.05195    2.13168 f
  implementation/n14 (net)      14  0.01493 
  implementation/U22/B1 (OA22D0)               0.06246    0.00000    2.13168 f
  implementation/U22/Z (OA22D0)                0.02793    0.07163    2.20330 f
  implementation/n29 (net)       1  0.00085 
  implementation/U21/C (OAI221D0)              0.02793    0.00000    2.20330 f
  implementation/U21/ZN (OAI221D0)             0.09692    0.03762    2.24092 r
  implementation/normalized_fraction[22] (net)
                                 1  0.00137 
  implementation/fp_wrapper/U103/I (CKBD1)     0.09692    0.00000    2.24092 r
  implementation/fp_wrapper/U103/Z (CKBD1)     0.03022    0.04280    2.28372 r
  implementation/fp_wrapper/result[22] (net)
                                 1  0.00400 
  result[22] (out)                             0.03022    0.00000    2.28372 r
  result[22] (net)               1 
  data arrival time                                                  2.28372

  clock vclk (rise edge)                       0.00000   10.00000   10.00000
  clock network delay (ideal)                             0.00000   10.00000
  clock reconvergence pessimism                           0.00000   10.00000
  output external delay                                  -0.02000    9.98000
  data required time                                                 9.98000
  -----------------------------------------------------------------------------
  data required time                                                 9.98000
  data arrival time                                                 -2.28372
  -----------------------------------------------------------------------------
  slack (MET)                                                        7.69628


  Startpoint: x[22] (input port clocked by vclk)
  Endpoint: result[21] (output port clocked by vclk)
  Path Group: vclk
  Path Type: max

  Point                       Fanout    Cap      Trans       Incr       Path
  -----------------------------------------------------------------------------
  clock vclk (rise edge)                       0.00000    0.00000    0.00000
  clock network delay (ideal)                             0.00000    0.00000
  input external delay                                    0.02000    0.02000 r
  x[22] (in)                                   0.02172    0.00773    0.02773 r
  x[22] (net)                    1  0.00137 
  implementation/fp_wrapper/U65/I (CKBD1)      0.02172    0.00000    0.02773 r
  implementation/fp_wrapper/U65/Z (CKBD1)      0.27311    0.16002    0.18775 r
  implementation/fp_wrapper/fraction_x[22] (net)
                                37  0.04652 
  implementation/div_plane/mult_44/U105/I (CKND0)
                                               0.27311    0.00000    0.18775 r
  implementation/div_plane/mult_44/U105/ZN (CKND0)
                                               0.11516    0.08829    0.27604 f
  implementation/div_plane/mult_44/n141 (net)
                                 7  0.00661 
  implementation/div_plane/mult_44/U129/A2 (OAI22D0)
                                               0.11516    0.00000    0.27604 f
  implementation/div_plane/mult_44/U129/ZN (OAI22D0)
                                               0.13278    0.07811    0.35415 r
  implementation/div_plane/mult_44/n31 (net)
                                 2  0.00269 
  implementation/div_plane/mult_44/U126/A1 (CKXOR2D0)
                                               0.13278    0.00000    0.35415 r
  implementation/div_plane/mult_44/U126/Z (CKXOR2D0)
                                               0.02977    0.07122    0.42537 f
  implementation/div_plane/mult_44/n29 (net)
                                 1  0.00136 
  implementation/div_plane/mult_44/U8/A (FA1D0)
                                               0.02977    0.00000    0.42537 f
  implementation/div_plane/mult_44/U8/CO (FA1D0)
                                               0.02488    0.10263    0.52800 f
  implementation/div_plane/mult_44/n7 (net)
                                 1  0.00125 
  implementation/div_plane/mult_44/U7/CI (FA1D0)
                                               0.02488    0.00000    0.52800 f
  implementation/div_plane/mult_44/U7/CO (FA1D0)
                                               0.02511    0.05517    0.58318 f
  implementation/div_plane/mult_44/n6 (net)
                                 1  0.00125 
  implementation/div_plane/mult_44/U6/CI (FA1D0)
                                               0.02511    0.00000    0.58318 f
  implementation/div_plane/mult_44/U6/CO (FA1D0)
                                               0.02511    0.05524    0.63842 f
  implementation/div_plane/mult_44/n5 (net)
                                 1  0.00125 
  implementation/div_plane/mult_44/U5/CI (FA1D0)
                                               0.02511    0.00000    0.63842 f
  implementation/div_plane/mult_44/U5/CO (FA1D0)
                                               0.02511    0.05524    0.69366 f
  implementation/div_plane/mult_44/n4 (net)
                                 1  0.00125 
  implementation/div_plane/mult_44/U4/CI (FA1D0)
                                               0.02511    0.00000    0.69366 f
  implementation/div_plane/mult_44/U4/CO (FA1D0)
                                               0.02511    0.05524    0.74891 f
  implementation/div_plane/mult_44/n3 (net)
                                 1  0.00125 
  implementation/div_plane/mult_44/U3/CI (FA1D0)
                                               0.02511    0.00000    0.74891 f
  implementation/div_plane/mult_44/U3/CO (FA1D0)
                                               0.02511    0.05524    0.80415 f
  implementation/div_plane/mult_44/n2 (net)
                                 1  0.00125 
  implementation/div_plane/mult_44/U2/CI (FA1D0)
                                               0.02511    0.00000    0.80415 f
  implementation/div_plane/mult_44/U2/S (FA1D0)
                                               0.02383    0.05725    0.86141 f
  implementation/div_plane/mult_44/product[11] (net)
                                 1  0.00122 
  implementation/div_plane/U15/I (INVD1)       0.02383    0.00000    0.86141 f
  implementation/div_plane/U15/ZN (INVD1)      0.02323    0.01981    0.88122 r
  implementation/div_plane/n170 (net)
                                 1  0.00259 
  implementation/div_plane/U14/B (FA1D0)       0.02323    0.00000    0.88122 r
  implementation/div_plane/U14/CO (FA1D0)      0.03183    0.08245    0.96367 r
  implementation/div_plane/sub_0_root_sub_58_carry[24] (net)
                                 1  0.00189 
  implementation/div_plane/U11/A1 (XOR4D0)     0.03183    0.00000    0.96367 r
  implementation/div_plane/U11/Z (XOR4D0)      0.03180    0.11210    1.07578 r
  implementation/div_plane/n28 (net)
                                 1  0.00100 
  implementation/div_plane/U5/A3 (XNR3D0)      0.03180    0.00000    1.07578 r
  implementation/div_plane/U5/ZN (XNR3D0)      0.06179    0.09021    1.16598 r
  implementation/div_plane/plane_exact[24] (net)
                                 2  0.00486 
  implementation/mult_82/U110/I (INVD1)        0.06179    0.00000    1.16598 r
  implementation/mult_82/U110/ZN (INVD1)       0.02629    0.02196    1.18794 f
  implementation/mult_82/n176 (net)
                                 4  0.00305 
  implementation/mult_82/U150/A2 (NR2D0)       0.02629    0.00000    1.18794 f
  implementation/mult_82/U150/ZN (NR2D0)       0.09398    0.04598    1.23392 r
  implementation/mult_82/n112 (net)
                                 1  0.00209 
  implementation/mult_82/U25/B (CMPE42D1)      0.09398    0.00000    1.23392 r
  implementation/mult_82/U25/S (CMPE42D1)      0.02130    0.19771    1.43163 f
  implementation/mult_82/n39 (net)
                                 1  0.00136 
  implementation/mult_82/U8/A (FA1D0)          0.02130    0.00000    1.43163 f
  implementation/mult_82/U8/CO (FA1D0)         0.02511    0.10007    1.53169 f
  implementation/mult_82/n7 (net)
                                 1  0.00125 
  implementation/mult_82/U7/CI (FA1D0)         0.02511    0.00000    1.53169 f
  implementation/mult_82/U7/CO (FA1D0)         0.02511    0.05524    1.58694 f
  implementation/mult_82/n6 (net)
                                 1  0.00125 
  implementation/mult_82/U6/CI (FA1D0)         0.02511    0.00000    1.58694 f
  implementation/mult_82/U6/CO (FA1D0)         0.02511    0.05524    1.64218 f
  implementation/mult_82/n5 (net)
                                 1  0.00125 
  implementation/mult_82/U5/CI (FA1D0)         0.02511    0.00000    1.64218 f
  implementation/mult_82/U5/CO (FA1D0)         0.02511    0.05524    1.69743 f
  implementation/mult_82/n4 (net)
                                 1  0.00125 
  implementation/mult_82/U4/CI (FA1D0)         0.02511    0.00000    1.69743 f
  implementation/mult_82/U4/CO (FA1D0)         0.02511    0.05524    1.75267 f
  implementation/mult_82/n3 (net)
                                 1  0.00125 
  implementation/mult_82/U3/CI (FA1D0)         0.02511    0.00000    1.75267 f
  implementation/mult_82/U3/CO (FA1D0)         0.02511    0.05524    1.80792 f
  implementation/mult_82/n2 (net)
                                 1  0.00125 
  implementation/mult_82/U2/CI (FA1D0)         0.02511    0.00000    1.80792 f
  implementation/mult_82/U2/CO (FA1D0)         0.02445    0.05454    1.86246 f
  implementation/mult_82/product[15] (net)
                                 1  0.00114 
  implementation/U36/A2 (AOI22D1)              0.02445    0.00000    1.86246 f
  implementation/U36/ZN (AOI22D1)              0.24466    0.14157    2.00402 r
  implementation/n2 (net)       18  0.01912 
  implementation/U6/I (INVD1)                  0.24466    0.00000    2.00402 r
  implementation/U6/ZN (INVD1)                 0.05357    0.02392    2.02794 f
  implementation/n15 (net)       2  0.00201 
  implementation/U35/B1 (INR3D0)               0.05357    0.00000    2.02794 f
  implementation/U35/ZN (INR3D0)               0.06419    0.05178    2.07972 r
  implementation/n12 (net)       2  0.00208 
  implementation/U4/I (INVD1)                  0.06419    0.00000    2.07972 r
  implementation/U4/ZN (INVD1)                 0.06246    0.05195    2.13168 f
  implementation/n14 (net)      14  0.01493 
  implementation/U20/B1 (OA22D0)               0.06246    0.00000    2.13168 f
  implementation/U20/Z (OA22D0)                0.02793    0.07163    2.20330 f
  implementation/n33 (net)       1  0.00085 
  implementation/U19/C (OAI221D0)              0.02793    0.00000    2.20330 f
  implementation/U19/ZN (OAI221D0)             0.09692    0.03762    2.24092 r
  implementation/normalized_fraction[21] (net)
                                 1  0.00137 
  implementation/fp_wrapper/U104/I (CKBD1)     0.09692    0.00000    2.24092 r
  implementation/fp_wrapper/U104/Z (CKBD1)     0.03022    0.04280    2.28372 r
  implementation/fp_wrapper/result[21] (net)
                                 1  0.00400 
  result[21] (out)                             0.03022    0.00000    2.28372 r
  result[21] (net)               1 
  data arrival time                                                  2.28372

  clock vclk (rise edge)                       0.00000   10.00000   10.00000
  clock network delay (ideal)                             0.00000   10.00000
  clock reconvergence pessimism                           0.00000   10.00000
  output external delay                                  -0.02000    9.98000
  data required time                                                 9.98000
  -----------------------------------------------------------------------------
  data required time                                                 9.98000
  data arrival time                                                 -2.28372
  -----------------------------------------------------------------------------
  slack (MET)                                                        7.69628


  Startpoint: x[22] (input port clocked by vclk)
  Endpoint: result[20] (output port clocked by vclk)
  Path Group: vclk
  Path Type: max

  Point                       Fanout    Cap      Trans       Incr       Path
  -----------------------------------------------------------------------------
  clock vclk (rise edge)                       0.00000    0.00000    0.00000
  clock network delay (ideal)                             0.00000    0.00000
  input external delay                                    0.02000    0.02000 r
  x[22] (in)                                   0.02172    0.00773    0.02773 r
  x[22] (net)                    1  0.00137 
  implementation/fp_wrapper/U65/I (CKBD1)      0.02172    0.00000    0.02773 r
  implementation/fp_wrapper/U65/Z (CKBD1)      0.27311    0.16002    0.18775 r
  implementation/fp_wrapper/fraction_x[22] (net)
                                37  0.04652 
  implementation/div_plane/mult_44/U105/I (CKND0)
                                               0.27311    0.00000    0.18775 r
  implementation/div_plane/mult_44/U105/ZN (CKND0)
                                               0.11516    0.08829    0.27604 f
  implementation/div_plane/mult_44/n141 (net)
                                 7  0.00661 
  implementation/div_plane/mult_44/U129/A2 (OAI22D0)
                                               0.11516    0.00000    0.27604 f
  implementation/div_plane/mult_44/U129/ZN (OAI22D0)
                                               0.13278    0.07811    0.35415 r
  implementation/div_plane/mult_44/n31 (net)
                                 2  0.00269 
  implementation/div_plane/mult_44/U126/A1 (CKXOR2D0)
                                               0.13278    0.00000    0.35415 r
  implementation/div_plane/mult_44/U126/Z (CKXOR2D0)
                                               0.02977    0.07122    0.42537 f
  implementation/div_plane/mult_44/n29 (net)
                                 1  0.00136 
  implementation/div_plane/mult_44/U8/A (FA1D0)
                                               0.02977    0.00000    0.42537 f
  implementation/div_plane/mult_44/U8/CO (FA1D0)
                                               0.02488    0.10263    0.52800 f
  implementation/div_plane/mult_44/n7 (net)
                                 1  0.00125 
  implementation/div_plane/mult_44/U7/CI (FA1D0)
                                               0.02488    0.00000    0.52800 f
  implementation/div_plane/mult_44/U7/CO (FA1D0)
                                               0.02511    0.05517    0.58318 f
  implementation/div_plane/mult_44/n6 (net)
                                 1  0.00125 
  implementation/div_plane/mult_44/U6/CI (FA1D0)
                                               0.02511    0.00000    0.58318 f
  implementation/div_plane/mult_44/U6/CO (FA1D0)
                                               0.02511    0.05524    0.63842 f
  implementation/div_plane/mult_44/n5 (net)
                                 1  0.00125 
  implementation/div_plane/mult_44/U5/CI (FA1D0)
                                               0.02511    0.00000    0.63842 f
  implementation/div_plane/mult_44/U5/CO (FA1D0)
                                               0.02511    0.05524    0.69366 f
  implementation/div_plane/mult_44/n4 (net)
                                 1  0.00125 
  implementation/div_plane/mult_44/U4/CI (FA1D0)
                                               0.02511    0.00000    0.69366 f
  implementation/div_plane/mult_44/U4/CO (FA1D0)
                                               0.02511    0.05524    0.74891 f
  implementation/div_plane/mult_44/n3 (net)
                                 1  0.00125 
  implementation/div_plane/mult_44/U3/CI (FA1D0)
                                               0.02511    0.00000    0.74891 f
  implementation/div_plane/mult_44/U3/CO (FA1D0)
                                               0.02511    0.05524    0.80415 f
  implementation/div_plane/mult_44/n2 (net)
                                 1  0.00125 
  implementation/div_plane/mult_44/U2/CI (FA1D0)
                                               0.02511    0.00000    0.80415 f
  implementation/div_plane/mult_44/U2/S (FA1D0)
                                               0.02383    0.05725    0.86141 f
  implementation/div_plane/mult_44/product[11] (net)
                                 1  0.00122 
  implementation/div_plane/U15/I (INVD1)       0.02383    0.00000    0.86141 f
  implementation/div_plane/U15/ZN (INVD1)      0.02323    0.01981    0.88122 r
  implementation/div_plane/n170 (net)
                                 1  0.00259 
  implementation/div_plane/U14/B (FA1D0)       0.02323    0.00000    0.88122 r
  implementation/div_plane/U14/CO (FA1D0)      0.03183    0.08245    0.96367 r
  implementation/div_plane/sub_0_root_sub_58_carry[24] (net)
                                 1  0.00189 
  implementation/div_plane/U11/A1 (XOR4D0)     0.03183    0.00000    0.96367 r
  implementation/div_plane/U11/Z (XOR4D0)      0.03180    0.11210    1.07578 r
  implementation/div_plane/n28 (net)
                                 1  0.00100 
  implementation/div_plane/U5/A3 (XNR3D0)      0.03180    0.00000    1.07578 r
  implementation/div_plane/U5/ZN (XNR3D0)      0.06179    0.09021    1.16598 r
  implementation/div_plane/plane_exact[24] (net)
                                 2  0.00486 
  implementation/mult_82/U110/I (INVD1)        0.06179    0.00000    1.16598 r
  implementation/mult_82/U110/ZN (INVD1)       0.02629    0.02196    1.18794 f
  implementation/mult_82/n176 (net)
                                 4  0.00305 
  implementation/mult_82/U150/A2 (NR2D0)       0.02629    0.00000    1.18794 f
  implementation/mult_82/U150/ZN (NR2D0)       0.09398    0.04598    1.23392 r
  implementation/mult_82/n112 (net)
                                 1  0.00209 
  implementation/mult_82/U25/B (CMPE42D1)      0.09398    0.00000    1.23392 r
  implementation/mult_82/U25/S (CMPE42D1)      0.02130    0.19771    1.43163 f
  implementation/mult_82/n39 (net)
                                 1  0.00136 
  implementation/mult_82/U8/A (FA1D0)          0.02130    0.00000    1.43163 f
  implementation/mult_82/U8/CO (FA1D0)         0.02511    0.10007    1.53169 f
  implementation/mult_82/n7 (net)
                                 1  0.00125 
  implementation/mult_82/U7/CI (FA1D0)         0.02511    0.00000    1.53169 f
  implementation/mult_82/U7/CO (FA1D0)         0.02511    0.05524    1.58694 f
  implementation/mult_82/n6 (net)
                                 1  0.00125 
  implementation/mult_82/U6/CI (FA1D0)         0.02511    0.00000    1.58694 f
  implementation/mult_82/U6/CO (FA1D0)         0.02511    0.05524    1.64218 f
  implementation/mult_82/n5 (net)
                                 1  0.00125 
  implementation/mult_82/U5/CI (FA1D0)         0.02511    0.00000    1.64218 f
  implementation/mult_82/U5/CO (FA1D0)         0.02511    0.05524    1.69743 f
  implementation/mult_82/n4 (net)
                                 1  0.00125 
  implementation/mult_82/U4/CI (FA1D0)         0.02511    0.00000    1.69743 f
  implementation/mult_82/U4/CO (FA1D0)         0.02511    0.05524    1.75267 f
  implementation/mult_82/n3 (net)
                                 1  0.00125 
  implementation/mult_82/U3/CI (FA1D0)         0.02511    0.00000    1.75267 f
  implementation/mult_82/U3/CO (FA1D0)         0.02511    0.05524    1.80792 f
  implementation/mult_82/n2 (net)
                                 1  0.00125 
  implementation/mult_82/U2/CI (FA1D0)         0.02511    0.00000    1.80792 f
  implementation/mult_82/U2/CO (FA1D0)         0.02445    0.05454    1.86246 f
  implementation/mult_82/product[15] (net)
                                 1  0.00114 
  implementation/U36/A2 (AOI22D1)              0.02445    0.00000    1.86246 f
  implementation/U36/ZN (AOI22D1)              0.24466    0.14157    2.00402 r
  implementation/n2 (net)       18  0.01912 
  implementation/U6/I (INVD1)                  0.24466    0.00000    2.00402 r
  implementation/U6/ZN (INVD1)                 0.05357    0.02392    2.02794 f
  implementation/n15 (net)       2  0.00201 
  implementation/U35/B1 (INR3D0)               0.05357    0.00000    2.02794 f
  implementation/U35/ZN (INR3D0)               0.06419    0.05178    2.07972 r
  implementation/n12 (net)       2  0.00208 
  implementation/U4/I (INVD1)                  0.06419    0.00000    2.07972 r
  implementation/U4/ZN (INVD1)                 0.06246    0.05195    2.13168 f
  implementation/n14 (net)      14  0.01493 
  implementation/U32/B1 (OA22D0)               0.06246    0.00000    2.13168 f
  implementation/U32/Z (OA22D0)                0.02793    0.07163    2.20330 f
  implementation/n35 (net)       1  0.00085 
  implementation/U31/C (OAI221D0)              0.02793    0.00000    2.20330 f
  implementation/U31/ZN (OAI221D0)             0.09692    0.03762    2.24092 r
  implementation/normalized_fraction[20] (net)
                                 1  0.00137 
  implementation/fp_wrapper/U105/I (CKBD1)     0.09692    0.00000    2.24092 r
  implementation/fp_wrapper/U105/Z (CKBD1)     0.03022    0.04280    2.28372 r
  implementation/fp_wrapper/result[20] (net)
                                 1  0.00400 
  result[20] (out)                             0.03022    0.00000    2.28372 r
  result[20] (net)               1 
  data arrival time                                                  2.28372

  clock vclk (rise edge)                       0.00000   10.00000   10.00000
  clock network delay (ideal)                             0.00000   10.00000
  clock reconvergence pessimism                           0.00000   10.00000
  output external delay                                  -0.02000    9.98000
  data required time                                                 9.98000
  -----------------------------------------------------------------------------
  data required time                                                 9.98000
  data arrival time                                                 -2.28372
  -----------------------------------------------------------------------------
  slack (MET)                                                        7.69628


1
