****************************************
Report : qor
Design : oadm_fixed_l1_opt
Version: U-2022.12-SP5
Date   : Thu Sep  3 12:27:14 2026
****************************************

  Timing Path Group 'vclk' (max_delay/setup)
  ---------------------------------------------
  Levels of Logic:                           55
  Critical Path Length:                    4.35
  Critical Path Slack:                     5.63
  Total Negative Slack:                    0.00
  No. of Violating Paths:                     0
  ---------------------------------------------

  Timing Path Group 'vclk' (min_delay/hold)
  ---------------------------------------------
  Levels of Logic:                            1
  Critical Path Length:                    0.07
  Critical Path Slack:                     0.09
  Total Negative Slack:                    0.00
  No. of Violating Paths:                     0
  ---------------------------------------------

  Area
  ---------------------------------------------
  Net Interconnect area:                   0.00
  Total cell area:                      3432.24
  Design Area:                          3432.24
  Area Cost:                           -3432.24
  ---------------------------------------------


  Cell & Pin Count
  ---------------------------------------------
  Pin Count:                               3126
  Hierarchical Cell Count:                   13
  Hierarchical Port Count:                  875
  Leaf Cell Count:                          846
  ---------------------------------------------


  Design Rule Violations
  ---------------------------------------------
  Total No. of Pins in Design:             3126
  max_capacitance Count:                      1
  max_capacitance Cost:                    0.00
  Total DRC Cost:                          0.00
  ---------------------------------------------

1
