****************************************
Report : Averaged Power
	-hierarchy
	-significant_digits
Design : fig8_pace_l4_d14
Version: U-2022.12-SP5
Date   : Sat Sep  5 13:15:02 2026
****************************************



                                      Int      Switch   Leak     Total
Hierarchy                             Power    Power    Power    Power    %
----------------------------------------------------------------------------------
fig8_pace_l4_d14                      4.20e-05 1.92e-05 7.23e-06 6.85e-05 100.0
  shell (FP_DIV_WRAPPER_32_width_trunc14)
                                      5.36e-06 2.66e-06 1.27e-06 9.29e-06  13.6
    shared_wrapper (fp32_normal_finite_wrapper)
                                      5.36e-06 2.66e-06 1.27e-06 9.29e-06  13.6
      add_1_root_add_0_root_add_22_2 (fp32_normal_finite_wrapper_DW01_add_1_DW01_add_2)
                                      1.70e-06 2.64e-07 4.52e-07 2.42e-06   3.5
  core (Mantissa_Div_L4_Kec_MANTISSA_WIDTH9)
                                      3.67e-05 1.63e-05 5.95e-06 5.90e-05  86.1
    sub_17 (Mantissa_Div_L4_Kec_MANTISSA_WIDTH9_DW01_sub_1_DW01_sub_2)
                                      2.09e-06 1.00e-06 5.78e-07 3.67e-06   5.4
    sub_18 (Mantissa_Div_L4_Kec_MANTISSA_WIDTH9_DW01_sub_0_DW01_sub_1)
                                      1.66e-06 5.36e-07 4.58e-07 2.66e-06   3.9
    Stage_4_1 (CSA3_2_Array_WIDTH11_1)
                                      5.07e-06 1.65e-06 5.53e-07 7.28e-06  10.6
    Stage_3_1 (CSA3_2_Array_WIDTH11_2)
                                      5.27e-06 2.05e-06 5.89e-07 7.91e-06  11.6
    Stage_2_1 (CSA3_2_Array_WIDTH11_4)
                                      4.11e-06 1.62e-06 5.87e-07 6.31e-06   9.2
    Stage_2_2 (CSA3_2_Array_WIDTH11_3)
                                      3.54e-06 1.37e-06 5.83e-07 5.50e-06   8.0
    Stage_1_1 (CSA3_2_Array_WIDTH11_0)
                                      1.37e-06 6.52e-07 3.49e-07 2.38e-06   3.5
    Stage_1_2 (CSA3_2_Array_WIDTH11_5)
                                      3.51e-06 1.30e-06 5.61e-07 5.36e-06   7.8
    add_205 (Mantissa_Div_L4_Kec_MANTISSA_WIDTH9_DW01_add_0)
                                      4.43e-06 5.77e-07 5.31e-07 5.54e-06   8.1
1
