****************************************
Report : timing
	-path_type full
	-delay_type max
	-nworst 10
	-slack_lesser_than 1000.0000
	-max_paths 10
	-sort_by slack
Design : oadm_dm_nopipe
Version: U-2022.12-SP5
Date   : Thu Aug 20 16:51:42 2026
****************************************


  Startpoint: divide_mode
               (input port clocked by vclk)
  Endpoint: result[21] (output port clocked by vclk)
  Path Group: vclk
  Path Type: max

  Point                                                   Incr       Path
  ------------------------------------------------------------------------------
  input external delay                                  0.0000     0.0000 r
  divide_mode (in)                                      0.0000     0.0000 r
  datapath/U75/Z (BUFFD1)                               0.1937     0.1937 r
  datapath/U118/ZN (INVD2)                              0.1835     0.3772 f
  datapath/U120/ZN (AOI221D0)                           0.1442     0.5214 r
  datapath/U71/ZN (CKND2D0)                             0.0388     0.5602 f
  datapath/U121/ZN (AOI221D0)                           0.0994     0.6597 r
  datapath/U69/ZN (CKND2D0)                             0.0374     0.6971 f
  datapath/U122/ZN (AOI221D0)                           0.0994     0.7965 r
  datapath/U67/ZN (CKND2D0)                             0.0374     0.8339 f
  datapath/U123/ZN (AOI221D0)                           0.0994     0.9333 r
  datapath/U65/ZN (CKND2D0)                             0.0374     0.9706 f
  datapath/U124/ZN (AOI221D0)                           0.0994     1.0701 r
  datapath/U63/ZN (CKND2D0)                             0.0374     1.1074 f
  datapath/U125/ZN (AOI221D0)                           0.0996     1.2070 r
  datapath/U61/ZN (CKND2D0)                             0.0374     1.2444 f
  datapath/U126/ZN (AOI221D0)                           0.0994     1.3438 r
  datapath/U59/ZN (CKND2D0)                             0.0374     1.3812 f
  datapath/U127/ZN (AOI221D0)                           0.0996     1.4808 r
  datapath/U57/ZN (CKND2D0)                             0.0374     1.5182 f
  datapath/U128/ZN (AOI221D0)                           0.0994     1.6176 r
  datapath/U55/ZN (CKND2D0)                             0.0375     1.6552 f
  datapath/U129/ZN (AOI221D0)                           0.0996     1.7548 r
  datapath/U53/ZN (CKND2D0)                             0.0374     1.7922 f
  datapath/U130/ZN (AOI221D0)                           0.1006     1.8928 r
  datapath/U51/ZN (NR2D0)                               0.0337     1.9265 f
  datapath/U1414/ZN (MUX2ND0)                           0.0605     1.9870 f
  datapath/U1415/S (FA1D0)                              0.1019     2.0889 f
  datapath/intadd_3_U7/CO (FA1D0)                       0.1011     2.1901 f
  datapath/intadd_3_U6/S (FA1D0)                        0.0652     2.2553 r
  datapath/U757/Z (CKAN2D0)                             0.0408     2.2961 r
  datapath/csa0/U7/S (FA1D0)                            0.0791     2.3752 r
  datapath/csa1/U9/S (FA1D0)                            0.1044     2.4796 f
  datapath/intadd_4_U6/CO (FA1D0)                       0.0805     2.5601 f
  datapath/intadd_4_U5/CO (FA1D0)                       0.0552     2.6154 f
  datapath/intadd_4_U4/CO (FA1D0)                       0.0552     2.6706 f
  datapath/U1445/CO (FA1D0)                             0.0552     2.7259 f
  datapath/U1444/S (FA1D0)                              0.1083     2.8342 r
  datapath/U30/ZN (INVD0)                               0.0549     2.8891 f
  datapath/U270/ZN (OAI221D0)                           0.0842     2.9734 r
  datapath/mult_x_20_U67/S (CMPE42D1)                   0.1882     3.1616 f
  datapath/intadd_0_U9/CO (FA1D0)                       0.1001     3.2617 f
  datapath/intadd_0_U8/CO (FA1D0)                       0.0552     3.3169 f
  datapath/intadd_0_U7/CO (FA1D0)                       0.0552     3.3721 f
  datapath/intadd_0_U6/CO (FA1D0)                       0.0552     3.4274 f
  datapath/intadd_0_U5/CO (FA1D0)                       0.0552     3.4826 f
  datapath/intadd_0_U4/CO (FA1D0)                       0.0552     3.5379 f
  datapath/intadd_0_U3/CO (FA1D0)                       0.0552     3.5931 f
  datapath/intadd_0_U2/CO (FA1D0)                       0.0587     3.6518 f
  datapath/U23/Z (XOR2D0)                               0.0393     3.6911 f
  datapath/U5/ZN (CKND2D0)                              0.0247     3.7158 r
  datapath/U149/ZN (IOA21D1)                            0.0321     3.7478 f
  datapath/U6/ZN (NR2D0)                                0.0627     3.8105 r
  datapath/U20/ZN (CKND2D0)                             0.0307     3.8412 f
  datapath/U156/ZN (NR2D1)                              0.0525     3.8937 r
  datapath/U157/Z (OR2D1)                               0.0976     3.9913 r
  datapath/U1279/Z (XOR2D0)                             0.0648     4.0561 f
  datapath/DP_OP_182J1_155_4199_U13/CO (FA1D0)          0.0551     4.1112 f
  datapath/DP_OP_182J1_155_4199_U12/CO (FA1D0)          0.0552     4.1665 f
  datapath/DP_OP_182J1_155_4199_U11/CO (FA1D0)          0.0552     4.2217 f
  datapath/DP_OP_182J1_155_4199_U10/CO (FA1D0)          0.0552     4.2770 f
  datapath/DP_OP_182J1_155_4199_U9/CO (FA1D0)           0.0552     4.3322 f
  datapath/DP_OP_182J1_155_4199_U8/CO (FA1D0)           0.0552     4.3874 f
  datapath/DP_OP_182J1_155_4199_U7/CO (FA1D0)           0.0552     4.4427 f
  datapath/DP_OP_182J1_155_4199_U6/CO (FA1D0)           0.0552     4.4979 f
  datapath/DP_OP_182J1_155_4199_U5/CO (FA1D0)           0.0552     4.5532 f
  datapath/DP_OP_182J1_155_4199_U4/CO (FA1D0)           0.0552     4.6084 f
  datapath/DP_OP_182J1_155_4199_U3/S (FA1D0)            0.0676     4.6761 r
  datapath/U483/ZN (NR4D0)                              0.0177     4.6937 f
  datapath/U7/ZN (NR2D0)                                0.0546     4.7483 r
  datapath/U536/ZN (OAI31D1)                            0.0264     4.7747 f
  datapath/U537/ZN (AOI21D1)                            0.0435     4.8182 r
  datapath/U546/ZN (ND2D1)                              0.0500     4.8682 f
  datapath/U11/Z (OR2D0)                                0.0600     4.9282 f
  datapath/U15/ZN (INVD1)                               0.0261     4.9543 r
  datapath/U10/ZN (CKND2D0)                             0.0361     4.9904 f
  datapath/U569/ZN (INVD1)                              0.0693     5.0597 r
  datapath/U618/ZN (AOI22D0)                            0.0439     5.1036 f
  datapath/U619/ZN (OAI211D0)                           0.0384     5.1420 r
  datapath/cut6/U22/Z (BUFFD0)                          0.0312     5.1732 r
  result[21] (out)                                      0.0000     5.1732 r
  data arrival time                                                5.1732

  max_delay                                             7.0000     7.0000
  clock reconvergence pessimism                         0.0000     7.0000
  output external delay                                 0.0000     7.0000
  data required time                                               7.0000
  ------------------------------------------------------------------------------
  data required time                                               7.0000
  data arrival time                                               -5.1732
  ------------------------------------------------------------------------------
  slack (MET)                                                      1.8268


  Startpoint: divide_mode
               (input port clocked by vclk)
  Endpoint: result[21] (output port clocked by vclk)
  Path Group: vclk
  Path Type: max

  Point                                                   Incr       Path
  ------------------------------------------------------------------------------
  input external delay                                  0.0000     0.0000 r
  divide_mode (in)                                      0.0000     0.0000 r
  datapath/U75/Z (BUFFD1)                               0.1937     0.1937 r
  datapath/U118/ZN (INVD2)                              0.1835     0.3772 f
  datapath/U120/ZN (AOI221D0)                           0.1442     0.5214 r
  datapath/U71/ZN (CKND2D0)                             0.0388     0.5602 f
  datapath/U121/ZN (AOI221D0)                           0.0994     0.6597 r
  datapath/U69/ZN (CKND2D0)                             0.0374     0.6971 f
  datapath/U122/ZN (AOI221D0)                           0.0994     0.7965 r
  datapath/U67/ZN (CKND2D0)                             0.0374     0.8339 f
  datapath/U123/ZN (AOI221D0)                           0.0994     0.9333 r
  datapath/U65/ZN (CKND2D0)                             0.0374     0.9706 f
  datapath/U124/ZN (AOI221D0)                           0.0994     1.0701 r
  datapath/U63/ZN (CKND2D0)                             0.0374     1.1074 f
  datapath/U125/ZN (AOI221D0)                           0.0996     1.2070 r
  datapath/U61/ZN (CKND2D0)                             0.0374     1.2444 f
  datapath/U126/ZN (AOI221D0)                           0.0994     1.3438 r
  datapath/U59/ZN (CKND2D0)                             0.0374     1.3812 f
  datapath/U127/ZN (AOI221D0)                           0.0996     1.4808 r
  datapath/U57/ZN (CKND2D0)                             0.0374     1.5182 f
  datapath/U128/ZN (AOI221D0)                           0.0994     1.6176 r
  datapath/U55/ZN (CKND2D0)                             0.0375     1.6552 f
  datapath/U129/ZN (AOI221D0)                           0.0996     1.7548 r
  datapath/U53/ZN (CKND2D0)                             0.0374     1.7922 f
  datapath/U130/ZN (AOI221D0)                           0.1006     1.8928 r
  datapath/U51/ZN (NR2D0)                               0.0337     1.9265 f
  datapath/U1414/ZN (MUX2ND0)                           0.0605     1.9870 f
  datapath/U1415/S (FA1D0)                              0.1019     2.0889 f
  datapath/intadd_3_U7/CO (FA1D0)                       0.1011     2.1901 f
  datapath/intadd_3_U6/CO (FA1D0)                       0.0552     2.2453 f
  datapath/intadd_3_U5/S (FA1D0)                        0.0652     2.3106 r
  datapath/U758/Z (CKAN2D0)                             0.0408     2.3513 r
  datapath/csa0/U6/S (FA1D0)                            0.0791     2.4304 r
  datapath/csa1/U8/S (FA1D0)                            0.1044     2.5348 f
  datapath/intadd_4_U5/CO (FA1D0)                       0.0805     2.6154 f
  datapath/intadd_4_U4/CO (FA1D0)                       0.0552     2.6706 f
  datapath/U1445/CO (FA1D0)                             0.0552     2.7259 f
  datapath/U1444/S (FA1D0)                              0.1083     2.8342 r
  datapath/U30/ZN (INVD0)                               0.0549     2.8891 f
  datapath/U270/ZN (OAI221D0)                           0.0842     2.9734 r
  datapath/mult_x_20_U67/S (CMPE42D1)                   0.1882     3.1616 f
  datapath/intadd_0_U9/CO (FA1D0)                       0.1001     3.2617 f
  datapath/intadd_0_U8/CO (FA1D0)                       0.0552     3.3169 f
  datapath/intadd_0_U7/CO (FA1D0)                       0.0552     3.3721 f
  datapath/intadd_0_U6/CO (FA1D0)                       0.0552     3.4274 f
  datapath/intadd_0_U5/CO (FA1D0)                       0.0552     3.4826 f
  datapath/intadd_0_U4/CO (FA1D0)                       0.0552     3.5379 f
  datapath/intadd_0_U3/CO (FA1D0)                       0.0552     3.5931 f
  datapath/intadd_0_U2/CO (FA1D0)                       0.0587     3.6518 f
  datapath/U23/Z (XOR2D0)                               0.0393     3.6911 f
  datapath/U5/ZN (CKND2D0)                              0.0247     3.7158 r
  datapath/U149/ZN (IOA21D1)                            0.0321     3.7478 f
  datapath/U6/ZN (NR2D0)                                0.0627     3.8105 r
  datapath/U20/ZN (CKND2D0)                             0.0307     3.8412 f
  datapath/U156/ZN (NR2D1)                              0.0525     3.8937 r
  datapath/U157/Z (OR2D1)                               0.0976     3.9913 r
  datapath/U1279/Z (XOR2D0)                             0.0648     4.0561 f
  datapath/DP_OP_182J1_155_4199_U13/CO (FA1D0)          0.0551     4.1112 f
  datapath/DP_OP_182J1_155_4199_U12/CO (FA1D0)          0.0552     4.1665 f
  datapath/DP_OP_182J1_155_4199_U11/CO (FA1D0)          0.0552     4.2217 f
  datapath/DP_OP_182J1_155_4199_U10/CO (FA1D0)          0.0552     4.2770 f
  datapath/DP_OP_182J1_155_4199_U9/CO (FA1D0)           0.0552     4.3322 f
  datapath/DP_OP_182J1_155_4199_U8/CO (FA1D0)           0.0552     4.3874 f
  datapath/DP_OP_182J1_155_4199_U7/CO (FA1D0)           0.0552     4.4427 f
  datapath/DP_OP_182J1_155_4199_U6/CO (FA1D0)           0.0552     4.4979 f
  datapath/DP_OP_182J1_155_4199_U5/CO (FA1D0)           0.0552     4.5532 f
  datapath/DP_OP_182J1_155_4199_U4/CO (FA1D0)           0.0552     4.6084 f
  datapath/DP_OP_182J1_155_4199_U3/S (FA1D0)            0.0676     4.6761 r
  datapath/U483/ZN (NR4D0)                              0.0177     4.6937 f
  datapath/U7/ZN (NR2D0)                                0.0546     4.7483 r
  datapath/U536/ZN (OAI31D1)                            0.0264     4.7747 f
  datapath/U537/ZN (AOI21D1)                            0.0435     4.8182 r
  datapath/U546/ZN (ND2D1)                              0.0500     4.8682 f
  datapath/U11/Z (OR2D0)                                0.0600     4.9282 f
  datapath/U15/ZN (INVD1)                               0.0261     4.9543 r
  datapath/U10/ZN (CKND2D0)                             0.0361     4.9904 f
  datapath/U569/ZN (INVD1)                              0.0693     5.0597 r
  datapath/U618/ZN (AOI22D0)                            0.0439     5.1036 f
  datapath/U619/ZN (OAI211D0)                           0.0384     5.1420 r
  datapath/cut6/U22/Z (BUFFD0)                          0.0312     5.1732 r
  result[21] (out)                                      0.0000     5.1732 r
  data arrival time                                                5.1732

  max_delay                                             7.0000     7.0000
  clock reconvergence pessimism                         0.0000     7.0000
  output external delay                                 0.0000     7.0000
  data required time                                               7.0000
  ------------------------------------------------------------------------------
  data required time                                               7.0000
  data arrival time                                               -5.1732
  ------------------------------------------------------------------------------
  slack (MET)                                                      1.8268


  Startpoint: divide_mode
               (input port clocked by vclk)
  Endpoint: result[21] (output port clocked by vclk)
  Path Group: vclk
  Path Type: max

  Point                                                   Incr       Path
  ------------------------------------------------------------------------------
  input external delay                                  0.0000     0.0000 r
  divide_mode (in)                                      0.0000     0.0000 r
  datapath/U75/Z (BUFFD1)                               0.1937     0.1937 r
  datapath/U118/ZN (INVD2)                              0.1835     0.3772 f
  datapath/U120/ZN (AOI221D0)                           0.1442     0.5214 r
  datapath/U71/ZN (CKND2D0)                             0.0388     0.5602 f
  datapath/U121/ZN (AOI221D0)                           0.0994     0.6597 r
  datapath/U69/ZN (CKND2D0)                             0.0374     0.6971 f
  datapath/U122/ZN (AOI221D0)                           0.0994     0.7965 r
  datapath/U67/ZN (CKND2D0)                             0.0374     0.8339 f
  datapath/U123/ZN (AOI221D0)                           0.0994     0.9333 r
  datapath/U65/ZN (CKND2D0)                             0.0374     0.9706 f
  datapath/U124/ZN (AOI221D0)                           0.0994     1.0701 r
  datapath/U63/ZN (CKND2D0)                             0.0374     1.1074 f
  datapath/U125/ZN (AOI221D0)                           0.0996     1.2070 r
  datapath/U61/ZN (CKND2D0)                             0.0374     1.2444 f
  datapath/U126/ZN (AOI221D0)                           0.0994     1.3438 r
  datapath/U59/ZN (CKND2D0)                             0.0374     1.3812 f
  datapath/U127/ZN (AOI221D0)                           0.0996     1.4808 r
  datapath/U57/ZN (CKND2D0)                             0.0374     1.5182 f
  datapath/U128/ZN (AOI221D0)                           0.0994     1.6176 r
  datapath/U55/ZN (CKND2D0)                             0.0375     1.6552 f
  datapath/U129/ZN (AOI221D0)                           0.0996     1.7548 r
  datapath/U53/ZN (CKND2D0)                             0.0374     1.7922 f
  datapath/U130/ZN (AOI221D0)                           0.1006     1.8928 r
  datapath/U51/ZN (NR2D0)                               0.0337     1.9265 f
  datapath/U1414/ZN (MUX2ND0)                           0.0605     1.9870 f
  datapath/U1415/S (FA1D0)                              0.1019     2.0889 f
  datapath/intadd_3_U7/CO (FA1D0)                       0.1011     2.1901 f
  datapath/intadd_3_U6/CO (FA1D0)                       0.0552     2.2453 f
  datapath/intadd_3_U5/CO (FA1D0)                       0.0552     2.3006 f
  datapath/intadd_3_U4/CO (FA1D0)                       0.0552     2.3558 f
  datapath/intadd_3_U3/S (FA1D0)                        0.0652     2.4211 r
  datapath/U35/Z (CKAN2D0)                              0.0408     2.4618 r
  datapath/csa0/U4/S (FA1D0)                            0.0791     2.5409 r
  datapath/csa1/U6/S (FA1D0)                            0.1044     2.6453 f
  datapath/U1445/CO (FA1D0)                             0.0805     2.7259 f
  datapath/U1444/S (FA1D0)                              0.1083     2.8342 r
  datapath/U30/ZN (INVD0)                               0.0549     2.8891 f
  datapath/U270/ZN (OAI221D0)                           0.0842     2.9734 r
  datapath/mult_x_20_U67/S (CMPE42D1)                   0.1882     3.1616 f
  datapath/intadd_0_U9/CO (FA1D0)                       0.1001     3.2617 f
  datapath/intadd_0_U8/CO (FA1D0)                       0.0552     3.3169 f
  datapath/intadd_0_U7/CO (FA1D0)                       0.0552     3.3721 f
  datapath/intadd_0_U6/CO (FA1D0)                       0.0552     3.4274 f
  datapath/intadd_0_U5/CO (FA1D0)                       0.0552     3.4826 f
  datapath/intadd_0_U4/CO (FA1D0)                       0.0552     3.5379 f
  datapath/intadd_0_U3/CO (FA1D0)                       0.0552     3.5931 f
  datapath/intadd_0_U2/CO (FA1D0)                       0.0587     3.6518 f
  datapath/U23/Z (XOR2D0)                               0.0393     3.6911 f
  datapath/U5/ZN (CKND2D0)                              0.0247     3.7158 r
  datapath/U149/ZN (IOA21D1)                            0.0321     3.7478 f
  datapath/U6/ZN (NR2D0)                                0.0627     3.8105 r
  datapath/U20/ZN (CKND2D0)                             0.0307     3.8412 f
  datapath/U156/ZN (NR2D1)                              0.0525     3.8937 r
  datapath/U157/Z (OR2D1)                               0.0976     3.9913 r
  datapath/U1279/Z (XOR2D0)                             0.0648     4.0561 f
  datapath/DP_OP_182J1_155_4199_U13/CO (FA1D0)          0.0551     4.1112 f
  datapath/DP_OP_182J1_155_4199_U12/CO (FA1D0)          0.0552     4.1665 f
  datapath/DP_OP_182J1_155_4199_U11/CO (FA1D0)          0.0552     4.2217 f
  datapath/DP_OP_182J1_155_4199_U10/CO (FA1D0)          0.0552     4.2770 f
  datapath/DP_OP_182J1_155_4199_U9/CO (FA1D0)           0.0552     4.3322 f
  datapath/DP_OP_182J1_155_4199_U8/CO (FA1D0)           0.0552     4.3874 f
  datapath/DP_OP_182J1_155_4199_U7/CO (FA1D0)           0.0552     4.4427 f
  datapath/DP_OP_182J1_155_4199_U6/CO (FA1D0)           0.0552     4.4979 f
  datapath/DP_OP_182J1_155_4199_U5/CO (FA1D0)           0.0552     4.5532 f
  datapath/DP_OP_182J1_155_4199_U4/CO (FA1D0)           0.0552     4.6084 f
  datapath/DP_OP_182J1_155_4199_U3/S (FA1D0)            0.0676     4.6761 r
  datapath/U483/ZN (NR4D0)                              0.0177     4.6937 f
  datapath/U7/ZN (NR2D0)                                0.0546     4.7483 r
  datapath/U536/ZN (OAI31D1)                            0.0264     4.7747 f
  datapath/U537/ZN (AOI21D1)                            0.0435     4.8182 r
  datapath/U546/ZN (ND2D1)                              0.0500     4.8682 f
  datapath/U11/Z (OR2D0)                                0.0600     4.9282 f
  datapath/U15/ZN (INVD1)                               0.0261     4.9543 r
  datapath/U10/ZN (CKND2D0)                             0.0361     4.9904 f
  datapath/U569/ZN (INVD1)                              0.0693     5.0597 r
  datapath/U618/ZN (AOI22D0)                            0.0439     5.1036 f
  datapath/U619/ZN (OAI211D0)                           0.0384     5.1420 r
  datapath/cut6/U22/Z (BUFFD0)                          0.0312     5.1732 r
  result[21] (out)                                      0.0000     5.1732 r
  data arrival time                                                5.1732

  max_delay                                             7.0000     7.0000
  clock reconvergence pessimism                         0.0000     7.0000
  output external delay                                 0.0000     7.0000
  data required time                                               7.0000
  ------------------------------------------------------------------------------
  data required time                                               7.0000
  data arrival time                                               -5.1732
  ------------------------------------------------------------------------------
  slack (MET)                                                      1.8268


  Startpoint: divide_mode
               (input port clocked by vclk)
  Endpoint: result[21] (output port clocked by vclk)
  Path Group: vclk
  Path Type: max

  Point                                                   Incr       Path
  ------------------------------------------------------------------------------
  input external delay                                  0.0000     0.0000 r
  divide_mode (in)                                      0.0000     0.0000 r
  datapath/U75/Z (BUFFD1)                               0.1937     0.1937 r
  datapath/U118/ZN (INVD2)                              0.1835     0.3772 f
  datapath/U120/ZN (AOI221D0)                           0.1442     0.5214 r
  datapath/U71/ZN (CKND2D0)                             0.0388     0.5602 f
  datapath/U121/ZN (AOI221D0)                           0.0994     0.6597 r
  datapath/U69/ZN (CKND2D0)                             0.0374     0.6971 f
  datapath/U122/ZN (AOI221D0)                           0.0994     0.7965 r
  datapath/U67/ZN (CKND2D0)                             0.0374     0.8339 f
  datapath/U123/ZN (AOI221D0)                           0.0994     0.9333 r
  datapath/U65/ZN (CKND2D0)                             0.0374     0.9706 f
  datapath/U124/ZN (AOI221D0)                           0.0994     1.0701 r
  datapath/U63/ZN (CKND2D0)                             0.0374     1.1074 f
  datapath/U125/ZN (AOI221D0)                           0.0996     1.2070 r
  datapath/U61/ZN (CKND2D0)                             0.0374     1.2444 f
  datapath/U126/ZN (AOI221D0)                           0.0994     1.3438 r
  datapath/U59/ZN (CKND2D0)                             0.0374     1.3812 f
  datapath/U127/ZN (AOI221D0)                           0.0996     1.4808 r
  datapath/U57/ZN (CKND2D0)                             0.0374     1.5182 f
  datapath/U128/ZN (AOI221D0)                           0.0994     1.6176 r
  datapath/U55/ZN (CKND2D0)                             0.0375     1.6552 f
  datapath/U129/ZN (AOI221D0)                           0.0996     1.7548 r
  datapath/U53/ZN (CKND2D0)                             0.0374     1.7922 f
  datapath/U130/ZN (AOI221D0)                           0.1006     1.8928 r
  datapath/U51/ZN (NR2D0)                               0.0337     1.9265 f
  datapath/U1414/ZN (MUX2ND0)                           0.0605     1.9870 f
  datapath/U1415/S (FA1D0)                              0.1019     2.0889 f
  datapath/intadd_3_U7/CO (FA1D0)                       0.1011     2.1901 f
  datapath/intadd_3_U6/CO (FA1D0)                       0.0552     2.2453 f
  datapath/intadd_3_U5/CO (FA1D0)                       0.0552     2.3006 f
  datapath/intadd_3_U4/S (FA1D0)                        0.0652     2.3658 r
  datapath/U836/Z (CKAN2D0)                             0.0408     2.4066 r
  datapath/csa0/U5/S (FA1D0)                            0.0791     2.4856 r
  datapath/csa1/U7/S (FA1D0)                            0.1044     2.5901 f
  datapath/intadd_4_U4/CO (FA1D0)                       0.0805     2.6706 f
  datapath/U1445/CO (FA1D0)                             0.0552     2.7259 f
  datapath/U1444/S (FA1D0)                              0.1083     2.8342 r
  datapath/U30/ZN (INVD0)                               0.0549     2.8891 f
  datapath/U270/ZN (OAI221D0)                           0.0842     2.9734 r
  datapath/mult_x_20_U67/S (CMPE42D1)                   0.1882     3.1616 f
  datapath/intadd_0_U9/CO (FA1D0)                       0.1001     3.2617 f
  datapath/intadd_0_U8/CO (FA1D0)                       0.0552     3.3169 f
  datapath/intadd_0_U7/CO (FA1D0)                       0.0552     3.3721 f
  datapath/intadd_0_U6/CO (FA1D0)                       0.0552     3.4274 f
  datapath/intadd_0_U5/CO (FA1D0)                       0.0552     3.4826 f
  datapath/intadd_0_U4/CO (FA1D0)                       0.0552     3.5379 f
  datapath/intadd_0_U3/CO (FA1D0)                       0.0552     3.5931 f
  datapath/intadd_0_U2/CO (FA1D0)                       0.0587     3.6518 f
  datapath/U23/Z (XOR2D0)                               0.0393     3.6911 f
  datapath/U5/ZN (CKND2D0)                              0.0247     3.7158 r
  datapath/U149/ZN (IOA21D1)                            0.0321     3.7478 f
  datapath/U6/ZN (NR2D0)                                0.0627     3.8105 r
  datapath/U20/ZN (CKND2D0)                             0.0307     3.8412 f
  datapath/U156/ZN (NR2D1)                              0.0525     3.8937 r
  datapath/U157/Z (OR2D1)                               0.0976     3.9913 r
  datapath/U1279/Z (XOR2D0)                             0.0648     4.0561 f
  datapath/DP_OP_182J1_155_4199_U13/CO (FA1D0)          0.0551     4.1112 f
  datapath/DP_OP_182J1_155_4199_U12/CO (FA1D0)          0.0552     4.1665 f
  datapath/DP_OP_182J1_155_4199_U11/CO (FA1D0)          0.0552     4.2217 f
  datapath/DP_OP_182J1_155_4199_U10/CO (FA1D0)          0.0552     4.2770 f
  datapath/DP_OP_182J1_155_4199_U9/CO (FA1D0)           0.0552     4.3322 f
  datapath/DP_OP_182J1_155_4199_U8/CO (FA1D0)           0.0552     4.3874 f
  datapath/DP_OP_182J1_155_4199_U7/CO (FA1D0)           0.0552     4.4427 f
  datapath/DP_OP_182J1_155_4199_U6/CO (FA1D0)           0.0552     4.4979 f
  datapath/DP_OP_182J1_155_4199_U5/CO (FA1D0)           0.0552     4.5532 f
  datapath/DP_OP_182J1_155_4199_U4/CO (FA1D0)           0.0552     4.6084 f
  datapath/DP_OP_182J1_155_4199_U3/S (FA1D0)            0.0676     4.6761 r
  datapath/U483/ZN (NR4D0)                              0.0177     4.6937 f
  datapath/U7/ZN (NR2D0)                                0.0546     4.7483 r
  datapath/U536/ZN (OAI31D1)                            0.0264     4.7747 f
  datapath/U537/ZN (AOI21D1)                            0.0435     4.8182 r
  datapath/U546/ZN (ND2D1)                              0.0500     4.8682 f
  datapath/U11/Z (OR2D0)                                0.0600     4.9282 f
  datapath/U15/ZN (INVD1)                               0.0261     4.9543 r
  datapath/U10/ZN (CKND2D0)                             0.0361     4.9904 f
  datapath/U569/ZN (INVD1)                              0.0693     5.0597 r
  datapath/U618/ZN (AOI22D0)                            0.0439     5.1036 f
  datapath/U619/ZN (OAI211D0)                           0.0384     5.1420 r
  datapath/cut6/U22/Z (BUFFD0)                          0.0312     5.1732 r
  result[21] (out)                                      0.0000     5.1732 r
  data arrival time                                                5.1732

  max_delay                                             7.0000     7.0000
  clock reconvergence pessimism                         0.0000     7.0000
  output external delay                                 0.0000     7.0000
  data required time                                               7.0000
  ------------------------------------------------------------------------------
  data required time                                               7.0000
  data arrival time                                               -5.1732
  ------------------------------------------------------------------------------
  slack (MET)                                                      1.8268


  Startpoint: divide_mode
               (input port clocked by vclk)
  Endpoint: result[21] (output port clocked by vclk)
  Path Group: vclk
  Path Type: max

  Point                                                   Incr       Path
  ------------------------------------------------------------------------------
  input external delay                                  0.0000     0.0000 r
  divide_mode (in)                                      0.0000     0.0000 r
  datapath/U75/Z (BUFFD1)                               0.1937     0.1937 r
  datapath/U118/ZN (INVD2)                              0.1835     0.3772 f
  datapath/U120/ZN (AOI221D0)                           0.1442     0.5214 r
  datapath/U71/ZN (CKND2D0)                             0.0388     0.5602 f
  datapath/U121/ZN (AOI221D0)                           0.0994     0.6597 r
  datapath/U69/ZN (CKND2D0)                             0.0374     0.6971 f
  datapath/U122/ZN (AOI221D0)                           0.0994     0.7965 r
  datapath/U67/ZN (CKND2D0)                             0.0374     0.8339 f
  datapath/U123/ZN (AOI221D0)                           0.0994     0.9333 r
  datapath/U65/ZN (CKND2D0)                             0.0374     0.9706 f
  datapath/U124/ZN (AOI221D0)                           0.0994     1.0701 r
  datapath/U63/ZN (CKND2D0)                             0.0374     1.1074 f
  datapath/U125/ZN (AOI221D0)                           0.0996     1.2070 r
  datapath/U61/ZN (CKND2D0)                             0.0374     1.2444 f
  datapath/U126/ZN (AOI221D0)                           0.0994     1.3438 r
  datapath/U59/ZN (CKND2D0)                             0.0374     1.3812 f
  datapath/U127/ZN (AOI221D0)                           0.0996     1.4808 r
  datapath/U57/ZN (CKND2D0)                             0.0374     1.5182 f
  datapath/U128/ZN (AOI221D0)                           0.0994     1.6176 r
  datapath/U55/ZN (CKND2D0)                             0.0375     1.6552 f
  datapath/U129/ZN (AOI221D0)                           0.0996     1.7548 r
  datapath/U53/ZN (CKND2D0)                             0.0374     1.7922 f
  datapath/U130/ZN (AOI221D0)                           0.1006     1.8928 r
  datapath/U51/ZN (NR2D0)                               0.0337     1.9265 f
  datapath/U1414/ZN (MUX2ND0)                           0.0605     1.9870 f
  datapath/U1415/S (FA1D0)                              0.1019     2.0889 f
  datapath/intadd_3_U7/CO (FA1D0)                       0.1011     2.1901 f
  datapath/intadd_3_U6/CO (FA1D0)                       0.0552     2.2453 f
  datapath/intadd_3_U5/CO (FA1D0)                       0.0552     2.3006 f
  datapath/intadd_3_U4/CO (FA1D0)                       0.0552     2.3558 f
  datapath/intadd_3_U3/S (FA1D0)                        0.0652     2.4211 r
  datapath/U35/Z (CKAN2D0)                              0.0408     2.4618 r
  datapath/csa0/U4/S (FA1D0)                            0.0791     2.5409 r
  datapath/csa1/U6/S (FA1D0)                            0.0993     2.6402 r
  datapath/U1445/CO (FA1D0)                             0.0834     2.7236 r
  datapath/U1444/S (FA1D0)                              0.1087     2.8323 r
  datapath/U30/ZN (INVD0)                               0.0549     2.8873 f
  datapath/U270/ZN (OAI221D0)                           0.0842     2.9715 r
  datapath/mult_x_20_U67/S (CMPE42D1)                   0.1882     3.1597 f
  datapath/intadd_0_U9/CO (FA1D0)                       0.1001     3.2598 f
  datapath/intadd_0_U8/CO (FA1D0)                       0.0552     3.3151 f
  datapath/intadd_0_U7/CO (FA1D0)                       0.0552     3.3703 f
  datapath/intadd_0_U6/CO (FA1D0)                       0.0552     3.4255 f
  datapath/intadd_0_U5/CO (FA1D0)                       0.0552     3.4808 f
  datapath/intadd_0_U4/CO (FA1D0)                       0.0552     3.5360 f
  datapath/intadd_0_U3/CO (FA1D0)                       0.0552     3.5913 f
  datapath/intadd_0_U2/CO (FA1D0)                       0.0587     3.6500 f
  datapath/U23/Z (XOR2D0)                               0.0393     3.6893 f
  datapath/U5/ZN (CKND2D0)                              0.0247     3.7139 r
  datapath/U149/ZN (IOA21D1)                            0.0321     3.7460 f
  datapath/U6/ZN (NR2D0)                                0.0627     3.8087 r
  datapath/U20/ZN (CKND2D0)                             0.0307     3.8393 f
  datapath/U156/ZN (NR2D1)                              0.0525     3.8918 r
  datapath/U157/Z (OR2D1)                               0.0976     3.9894 r
  datapath/U1279/Z (XOR2D0)                             0.0648     4.0542 f
  datapath/DP_OP_182J1_155_4199_U13/CO (FA1D0)          0.0551     4.1094 f
  datapath/DP_OP_182J1_155_4199_U12/CO (FA1D0)          0.0552     4.1646 f
  datapath/DP_OP_182J1_155_4199_U11/CO (FA1D0)          0.0552     4.2199 f
  datapath/DP_OP_182J1_155_4199_U10/CO (FA1D0)          0.0552     4.2751 f
  datapath/DP_OP_182J1_155_4199_U9/CO (FA1D0)           0.0552     4.3304 f
  datapath/DP_OP_182J1_155_4199_U8/CO (FA1D0)           0.0552     4.3856 f
  datapath/DP_OP_182J1_155_4199_U7/CO (FA1D0)           0.0552     4.4408 f
  datapath/DP_OP_182J1_155_4199_U6/CO (FA1D0)           0.0552     4.4961 f
  datapath/DP_OP_182J1_155_4199_U5/CO (FA1D0)           0.0552     4.5513 f
  datapath/DP_OP_182J1_155_4199_U4/CO (FA1D0)           0.0552     4.6066 f
  datapath/DP_OP_182J1_155_4199_U3/S (FA1D0)            0.0676     4.6742 r
  datapath/U483/ZN (NR4D0)                              0.0177     4.6919 f
  datapath/U7/ZN (NR2D0)                                0.0546     4.7464 r
  datapath/U536/ZN (OAI31D1)                            0.0264     4.7728 f
  datapath/U537/ZN (AOI21D1)                            0.0435     4.8163 r
  datapath/U546/ZN (ND2D1)                              0.0500     4.8663 f
  datapath/U11/Z (OR2D0)                                0.0600     4.9264 f
  datapath/U15/ZN (INVD1)                               0.0261     4.9525 r
  datapath/U10/ZN (CKND2D0)                             0.0361     4.9886 f
  datapath/U569/ZN (INVD1)                              0.0693     5.0579 r
  datapath/U618/ZN (AOI22D0)                            0.0439     5.1018 f
  datapath/U619/ZN (OAI211D0)                           0.0384     5.1402 r
  datapath/cut6/U22/Z (BUFFD0)                          0.0312     5.1714 r
  result[21] (out)                                      0.0000     5.1714 r
  data arrival time                                                5.1714

  max_delay                                             7.0000     7.0000
  clock reconvergence pessimism                         0.0000     7.0000
  output external delay                                 0.0000     7.0000
  data required time                                               7.0000
  ------------------------------------------------------------------------------
  data required time                                               7.0000
  data arrival time                                               -5.1714
  ------------------------------------------------------------------------------
  slack (MET)                                                      1.8286


  Startpoint: divide_mode
               (input port clocked by vclk)
  Endpoint: result[21] (output port clocked by vclk)
  Path Group: vclk
  Path Type: max

  Point                                                   Incr       Path
  ------------------------------------------------------------------------------
  input external delay                                  0.0000     0.0000 r
  divide_mode (in)                                      0.0000     0.0000 r
  datapath/U75/Z (BUFFD1)                               0.1937     0.1937 r
  datapath/U118/ZN (INVD2)                              0.1835     0.3772 f
  datapath/U120/ZN (AOI221D0)                           0.1442     0.5214 r
  datapath/U71/ZN (CKND2D0)                             0.0388     0.5602 f
  datapath/U121/ZN (AOI221D0)                           0.0994     0.6597 r
  datapath/U69/ZN (CKND2D0)                             0.0374     0.6971 f
  datapath/U122/ZN (AOI221D0)                           0.0994     0.7965 r
  datapath/U67/ZN (CKND2D0)                             0.0374     0.8339 f
  datapath/U123/ZN (AOI221D0)                           0.0994     0.9333 r
  datapath/U65/ZN (CKND2D0)                             0.0374     0.9706 f
  datapath/U124/ZN (AOI221D0)                           0.0994     1.0701 r
  datapath/U63/ZN (CKND2D0)                             0.0374     1.1074 f
  datapath/U125/ZN (AOI221D0)                           0.0996     1.2070 r
  datapath/U61/ZN (CKND2D0)                             0.0374     1.2444 f
  datapath/U126/ZN (AOI221D0)                           0.0994     1.3438 r
  datapath/U59/ZN (CKND2D0)                             0.0374     1.3812 f
  datapath/U127/ZN (AOI221D0)                           0.0996     1.4808 r
  datapath/U57/ZN (CKND2D0)                             0.0374     1.5182 f
  datapath/U128/ZN (AOI221D0)                           0.0994     1.6176 r
  datapath/U55/ZN (CKND2D0)                             0.0375     1.6552 f
  datapath/U129/ZN (AOI221D0)                           0.0996     1.7548 r
  datapath/U53/ZN (CKND2D0)                             0.0374     1.7922 f
  datapath/U130/ZN (AOI221D0)                           0.1006     1.8928 r
  datapath/U51/ZN (NR2D0)                               0.0337     1.9265 f
  datapath/U1414/ZN (MUX2ND0)                           0.0605     1.9870 f
  datapath/U1415/S (FA1D0)                              0.1019     2.0889 f
  datapath/intadd_3_U7/CO (FA1D0)                       0.1011     2.1901 f
  datapath/intadd_3_U6/CO (FA1D0)                       0.0552     2.2453 f
  datapath/intadd_3_U5/CO (FA1D0)                       0.0552     2.3006 f
  datapath/intadd_3_U4/CO (FA1D0)                       0.0552     2.3558 f
  datapath/intadd_3_U3/CO (FA1D0)                       0.0552     2.4111 f
  datapath/intadd_3_U2/S (FA1D0)                        0.0652     2.4763 r
  datapath/U759/Z (CKAN2D0)                             0.0408     2.5171 r
  datapath/csa0/U3/S (FA1D0)                            0.0791     2.5961 r
  datapath/csa1/U5/S (FA1D0)                            0.1044     2.7006 f
  datapath/U1444/S (FA1D0)                              0.1286     2.8292 r
  datapath/U30/ZN (INVD0)                               0.0549     2.8841 f
  datapath/U270/ZN (OAI221D0)                           0.0842     2.9683 r
  datapath/mult_x_20_U67/S (CMPE42D1)                   0.1882     3.1565 f
  datapath/intadd_0_U9/CO (FA1D0)                       0.1001     3.2566 f
  datapath/intadd_0_U8/CO (FA1D0)                       0.0552     3.3119 f
  datapath/intadd_0_U7/CO (FA1D0)                       0.0552     3.3671 f
  datapath/intadd_0_U6/CO (FA1D0)                       0.0552     3.4224 f
  datapath/intadd_0_U5/CO (FA1D0)                       0.0552     3.4776 f
  datapath/intadd_0_U4/CO (FA1D0)                       0.0552     3.5329 f
  datapath/intadd_0_U3/CO (FA1D0)                       0.0552     3.5881 f
  datapath/intadd_0_U2/CO (FA1D0)                       0.0587     3.6468 f
  datapath/U23/Z (XOR2D0)                               0.0393     3.6861 f
  datapath/U5/ZN (CKND2D0)                              0.0247     3.7108 r
  datapath/U149/ZN (IOA21D1)                            0.0321     3.7428 f
  datapath/U6/ZN (NR2D0)                                0.0627     3.8055 r
  datapath/U20/ZN (CKND2D0)                             0.0307     3.8362 f
  datapath/U156/ZN (NR2D1)                              0.0525     3.8886 r
  datapath/U157/Z (OR2D1)                               0.0976     3.9862 r
  datapath/U1279/Z (XOR2D0)                             0.0648     4.0511 f
  datapath/DP_OP_182J1_155_4199_U13/CO (FA1D0)          0.0551     4.1062 f
  datapath/DP_OP_182J1_155_4199_U12/CO (FA1D0)          0.0552     4.1615 f
  datapath/DP_OP_182J1_155_4199_U11/CO (FA1D0)          0.0552     4.2167 f
  datapath/DP_OP_182J1_155_4199_U10/CO (FA1D0)          0.0552     4.2719 f
  datapath/DP_OP_182J1_155_4199_U9/CO (FA1D0)           0.0552     4.3272 f
  datapath/DP_OP_182J1_155_4199_U8/CO (FA1D0)           0.0552     4.3824 f
  datapath/DP_OP_182J1_155_4199_U7/CO (FA1D0)           0.0552     4.4377 f
  datapath/DP_OP_182J1_155_4199_U6/CO (FA1D0)           0.0552     4.4929 f
  datapath/DP_OP_182J1_155_4199_U5/CO (FA1D0)           0.0552     4.5482 f
  datapath/DP_OP_182J1_155_4199_U4/CO (FA1D0)           0.0552     4.6034 f
  datapath/DP_OP_182J1_155_4199_U3/S (FA1D0)            0.0676     4.6710 r
  datapath/U483/ZN (NR4D0)                              0.0177     4.6887 f
  datapath/U7/ZN (NR2D0)                                0.0546     4.7433 r
  datapath/U536/ZN (OAI31D1)                            0.0264     4.7697 f
  datapath/U537/ZN (AOI21D1)                            0.0435     4.8132 r
  datapath/U546/ZN (ND2D1)                              0.0500     4.8632 f
  datapath/U11/Z (OR2D0)                                0.0600     4.9232 f
  datapath/U15/ZN (INVD1)                               0.0261     4.9493 r
  datapath/U10/ZN (CKND2D0)                             0.0361     4.9854 f
  datapath/U569/ZN (INVD1)                              0.0693     5.0547 r
  datapath/U618/ZN (AOI22D0)                            0.0439     5.0986 f
  datapath/U619/ZN (OAI211D0)                           0.0384     5.1370 r
  datapath/cut6/U22/Z (BUFFD0)                          0.0312     5.1682 r
  result[21] (out)                                      0.0000     5.1682 r
  data arrival time                                                5.1682

  max_delay                                             7.0000     7.0000
  clock reconvergence pessimism                         0.0000     7.0000
  output external delay                                 0.0000     7.0000
  data required time                                               7.0000
  ------------------------------------------------------------------------------
  data required time                                               7.0000
  data arrival time                                               -5.1682
  ------------------------------------------------------------------------------
  slack (MET)                                                      1.8318


  Startpoint: divide_mode
               (input port clocked by vclk)
  Endpoint: result[21] (output port clocked by vclk)
  Path Group: vclk
  Path Type: max

  Point                                                   Incr       Path
  ------------------------------------------------------------------------------
  input external delay                                  0.0000     0.0000 r
  divide_mode (in)                                      0.0000     0.0000 r
  datapath/U75/Z (BUFFD1)                               0.1937     0.1937 r
  datapath/U118/ZN (INVD2)                              0.1835     0.3772 f
  datapath/U120/ZN (AOI221D0)                           0.1442     0.5214 r
  datapath/U71/ZN (CKND2D0)                             0.0388     0.5602 f
  datapath/U121/ZN (AOI221D0)                           0.0994     0.6597 r
  datapath/U69/ZN (CKND2D0)                             0.0374     0.6971 f
  datapath/U122/ZN (AOI221D0)                           0.0994     0.7965 r
  datapath/U67/ZN (CKND2D0)                             0.0374     0.8339 f
  datapath/U123/ZN (AOI221D0)                           0.0994     0.9333 r
  datapath/U65/ZN (CKND2D0)                             0.0374     0.9706 f
  datapath/U124/ZN (AOI221D0)                           0.0994     1.0701 r
  datapath/U63/ZN (CKND2D0)                             0.0374     1.1074 f
  datapath/U125/ZN (AOI221D0)                           0.0996     1.2070 r
  datapath/U61/ZN (CKND2D0)                             0.0374     1.2444 f
  datapath/U126/ZN (AOI221D0)                           0.0994     1.3438 r
  datapath/U59/ZN (CKND2D0)                             0.0374     1.3812 f
  datapath/U127/ZN (AOI221D0)                           0.0996     1.4808 r
  datapath/U57/ZN (CKND2D0)                             0.0374     1.5182 f
  datapath/U128/ZN (AOI221D0)                           0.0994     1.6176 r
  datapath/U55/ZN (CKND2D0)                             0.0375     1.6552 f
  datapath/U129/ZN (AOI221D0)                           0.0996     1.7548 r
  datapath/U53/ZN (CKND2D0)                             0.0374     1.7922 f
  datapath/U130/ZN (AOI221D0)                           0.1006     1.8928 r
  datapath/U51/ZN (NR2D0)                               0.0337     1.9265 f
  datapath/U1414/ZN (MUX2ND0)                           0.0605     1.9870 f
  datapath/U1415/S (FA1D0)                              0.1019     2.0889 f
  datapath/intadd_3_U7/CO (FA1D0)                       0.1011     2.1901 f
  datapath/intadd_3_U6/CO (FA1D0)                       0.0552     2.2453 f
  datapath/intadd_3_U5/S (FA1D0)                        0.0652     2.3106 r
  datapath/U758/Z (CKAN2D0)                             0.0408     2.3513 r
  datapath/csa0/U6/S (FA1D0)                            0.0791     2.4304 r
  datapath/csa1/U8/S (FA1D0)                            0.1044     2.5348 f
  datapath/intadd_4_U5/CO (FA1D0)                       0.0805     2.6154 f
  datapath/intadd_4_U4/CO (FA1D0)                       0.0552     2.6706 f
  datapath/U1445/CO (FA1D0)                             0.0552     2.7259 f
  datapath/U1444/S (FA1D0)                              0.1083     2.8342 r
  datapath/U30/ZN (INVD0)                               0.0549     2.8891 f
  datapath/U270/ZN (OAI221D0)                           0.0842     2.9734 r
  datapath/mult_x_20_U67/S (CMPE42D1)                   0.1882     3.1616 f
  datapath/intadd_0_U9/CO (FA1D0)                       0.1001     3.2617 f
  datapath/intadd_0_U8/CO (FA1D0)                       0.0552     3.3169 f
  datapath/intadd_0_U7/CO (FA1D0)                       0.0552     3.3721 f
  datapath/intadd_0_U6/CO (FA1D0)                       0.0552     3.4274 f
  datapath/intadd_0_U5/CO (FA1D0)                       0.0552     3.4826 f
  datapath/intadd_0_U4/CO (FA1D0)                       0.0552     3.5379 f
  datapath/intadd_0_U3/CO (FA1D0)                       0.0552     3.5931 f
  datapath/intadd_0_U2/CO (FA1D0)                       0.0587     3.6518 f
  datapath/U23/Z (XOR2D0)                               0.0393     3.6911 f
  datapath/U5/ZN (CKND2D0)                              0.0247     3.7158 r
  datapath/U149/ZN (IOA21D1)                            0.0321     3.7478 f
  datapath/U6/ZN (NR2D0)                                0.0627     3.8105 r
  datapath/U20/ZN (CKND2D0)                             0.0307     3.8412 f
  datapath/U156/ZN (NR2D1)                              0.0525     3.8937 r
  datapath/U157/Z (OR2D1)                               0.0976     3.9913 r
  datapath/U1279/Z (XOR2D0)                             0.0648     4.0561 f
  datapath/DP_OP_182J1_155_4199_U13/CO (FA1D0)          0.0551     4.1112 f
  datapath/DP_OP_182J1_155_4199_U12/CO (FA1D0)          0.0552     4.1665 f
  datapath/DP_OP_182J1_155_4199_U11/CO (FA1D0)          0.0552     4.2217 f
  datapath/DP_OP_182J1_155_4199_U10/CO (FA1D0)          0.0552     4.2770 f
  datapath/DP_OP_182J1_155_4199_U9/CO (FA1D0)           0.0552     4.3322 f
  datapath/DP_OP_182J1_155_4199_U8/CO (FA1D0)           0.0552     4.3874 f
  datapath/DP_OP_182J1_155_4199_U7/CO (FA1D0)           0.0552     4.4427 f
  datapath/DP_OP_182J1_155_4199_U6/CO (FA1D0)           0.0552     4.4979 f
  datapath/DP_OP_182J1_155_4199_U5/CO (FA1D0)           0.0552     4.5532 f
  datapath/DP_OP_182J1_155_4199_U4/CO (FA1D0)           0.0552     4.6084 f
  datapath/DP_OP_182J1_155_4199_U3/S (FA1D0)            0.0676     4.6761 r
  datapath/U483/ZN (NR4D0)                              0.0177     4.6937 f
  datapath/U7/ZN (NR2D0)                                0.0546     4.7483 r
  datapath/U536/ZN (OAI31D1)                            0.0264     4.7747 f
  datapath/U537/ZN (AOI21D1)                            0.0435     4.8182 r
  datapath/U546/ZN (ND2D1)                              0.0500     4.8682 f
  datapath/U11/Z (OR2D0)                                0.0600     4.9282 f
  datapath/U15/ZN (INVD1)                               0.0261     4.9543 r
  datapath/U14/ZN (CKND2D0)                             0.1122     5.0665 f
  datapath/U619/ZN (OAI211D0)                           0.0695     5.1360 r
  datapath/cut6/U22/Z (BUFFD0)                          0.0312     5.1672 r
  result[21] (out)                                      0.0000     5.1672 r
  data arrival time                                                5.1672

  max_delay                                             7.0000     7.0000
  clock reconvergence pessimism                         0.0000     7.0000
  output external delay                                 0.0000     7.0000
  data required time                                               7.0000
  ------------------------------------------------------------------------------
  data required time                                               7.0000
  data arrival time                                               -5.1672
  ------------------------------------------------------------------------------
  slack (MET)                                                      1.8328


  Startpoint: divide_mode
               (input port clocked by vclk)
  Endpoint: result[21] (output port clocked by vclk)
  Path Group: vclk
  Path Type: max

  Point                                                   Incr       Path
  ------------------------------------------------------------------------------
  input external delay                                  0.0000     0.0000 r
  divide_mode (in)                                      0.0000     0.0000 r
  datapath/U75/Z (BUFFD1)                               0.1937     0.1937 r
  datapath/U118/ZN (INVD2)                              0.1835     0.3772 f
  datapath/U120/ZN (AOI221D0)                           0.1442     0.5214 r
  datapath/U71/ZN (CKND2D0)                             0.0388     0.5602 f
  datapath/U121/ZN (AOI221D0)                           0.0994     0.6597 r
  datapath/U69/ZN (CKND2D0)                             0.0374     0.6971 f
  datapath/U122/ZN (AOI221D0)                           0.0994     0.7965 r
  datapath/U67/ZN (CKND2D0)                             0.0374     0.8339 f
  datapath/U123/ZN (AOI221D0)                           0.0994     0.9333 r
  datapath/U65/ZN (CKND2D0)                             0.0374     0.9706 f
  datapath/U124/ZN (AOI221D0)                           0.0994     1.0701 r
  datapath/U63/ZN (CKND2D0)                             0.0374     1.1074 f
  datapath/U125/ZN (AOI221D0)                           0.0996     1.2070 r
  datapath/U61/ZN (CKND2D0)                             0.0374     1.2444 f
  datapath/U126/ZN (AOI221D0)                           0.0994     1.3438 r
  datapath/U59/ZN (CKND2D0)                             0.0374     1.3812 f
  datapath/U127/ZN (AOI221D0)                           0.0996     1.4808 r
  datapath/U57/ZN (CKND2D0)                             0.0374     1.5182 f
  datapath/U128/ZN (AOI221D0)                           0.0994     1.6176 r
  datapath/U55/ZN (CKND2D0)                             0.0375     1.6552 f
  datapath/U129/ZN (AOI221D0)                           0.0996     1.7548 r
  datapath/U53/ZN (CKND2D0)                             0.0374     1.7922 f
  datapath/U130/ZN (AOI221D0)                           0.1006     1.8928 r
  datapath/U51/ZN (NR2D0)                               0.0337     1.9265 f
  datapath/U1414/ZN (MUX2ND0)                           0.0605     1.9870 f
  datapath/U1415/S (FA1D0)                              0.1019     2.0889 f
  datapath/intadd_3_U7/CO (FA1D0)                       0.1011     2.1901 f
  datapath/intadd_3_U6/S (FA1D0)                        0.0652     2.2553 r
  datapath/U757/Z (CKAN2D0)                             0.0408     2.2961 r
  datapath/csa0/U7/S (FA1D0)                            0.0791     2.3752 r
  datapath/csa1/U9/S (FA1D0)                            0.1044     2.4796 f
  datapath/intadd_4_U6/CO (FA1D0)                       0.0805     2.5601 f
  datapath/intadd_4_U5/CO (FA1D0)                       0.0552     2.6154 f
  datapath/intadd_4_U4/CO (FA1D0)                       0.0552     2.6706 f
  datapath/U1445/CO (FA1D0)                             0.0552     2.7259 f
  datapath/U1444/S (FA1D0)                              0.1083     2.8342 r
  datapath/U30/ZN (INVD0)                               0.0549     2.8891 f
  datapath/U270/ZN (OAI221D0)                           0.0842     2.9734 r
  datapath/mult_x_20_U67/S (CMPE42D1)                   0.1882     3.1616 f
  datapath/intadd_0_U9/CO (FA1D0)                       0.1001     3.2617 f
  datapath/intadd_0_U8/CO (FA1D0)                       0.0552     3.3169 f
  datapath/intadd_0_U7/CO (FA1D0)                       0.0552     3.3721 f
  datapath/intadd_0_U6/CO (FA1D0)                       0.0552     3.4274 f
  datapath/intadd_0_U5/CO (FA1D0)                       0.0552     3.4826 f
  datapath/intadd_0_U4/CO (FA1D0)                       0.0552     3.5379 f
  datapath/intadd_0_U3/CO (FA1D0)                       0.0552     3.5931 f
  datapath/intadd_0_U2/CO (FA1D0)                       0.0587     3.6518 f
  datapath/U23/Z (XOR2D0)                               0.0393     3.6911 f
  datapath/U5/ZN (CKND2D0)                              0.0247     3.7158 r
  datapath/U149/ZN (IOA21D1)                            0.0321     3.7478 f
  datapath/U6/ZN (NR2D0)                                0.0627     3.8105 r
  datapath/U20/ZN (CKND2D0)                             0.0307     3.8412 f
  datapath/U156/ZN (NR2D1)                              0.0525     3.8937 r
  datapath/U157/Z (OR2D1)                               0.0976     3.9913 r
  datapath/U1279/Z (XOR2D0)                             0.0648     4.0561 f
  datapath/DP_OP_182J1_155_4199_U13/CO (FA1D0)          0.0551     4.1112 f
  datapath/DP_OP_182J1_155_4199_U12/CO (FA1D0)          0.0552     4.1665 f
  datapath/DP_OP_182J1_155_4199_U11/CO (FA1D0)          0.0552     4.2217 f
  datapath/DP_OP_182J1_155_4199_U10/CO (FA1D0)          0.0552     4.2770 f
  datapath/DP_OP_182J1_155_4199_U9/CO (FA1D0)           0.0552     4.3322 f
  datapath/DP_OP_182J1_155_4199_U8/CO (FA1D0)           0.0552     4.3874 f
  datapath/DP_OP_182J1_155_4199_U7/CO (FA1D0)           0.0552     4.4427 f
  datapath/DP_OP_182J1_155_4199_U6/CO (FA1D0)           0.0552     4.4979 f
  datapath/DP_OP_182J1_155_4199_U5/CO (FA1D0)           0.0552     4.5532 f
  datapath/DP_OP_182J1_155_4199_U4/CO (FA1D0)           0.0552     4.6084 f
  datapath/DP_OP_182J1_155_4199_U3/S (FA1D0)            0.0676     4.6761 r
  datapath/U483/ZN (NR4D0)                              0.0177     4.6937 f
  datapath/U7/ZN (NR2D0)                                0.0546     4.7483 r
  datapath/U536/ZN (OAI31D1)                            0.0264     4.7747 f
  datapath/U537/ZN (AOI21D1)                            0.0435     4.8182 r
  datapath/U546/ZN (ND2D1)                              0.0500     4.8682 f
  datapath/U11/Z (OR2D0)                                0.0600     4.9282 f
  datapath/U15/ZN (INVD1)                               0.0261     4.9543 r
  datapath/U14/ZN (CKND2D0)                             0.1122     5.0665 f
  datapath/U619/ZN (OAI211D0)                           0.0695     5.1360 r
  datapath/cut6/U22/Z (BUFFD0)                          0.0312     5.1672 r
  result[21] (out)                                      0.0000     5.1672 r
  data arrival time                                                5.1672

  max_delay                                             7.0000     7.0000
  clock reconvergence pessimism                         0.0000     7.0000
  output external delay                                 0.0000     7.0000
  data required time                                               7.0000
  ------------------------------------------------------------------------------
  data required time                                               7.0000
  data arrival time                                               -5.1672
  ------------------------------------------------------------------------------
  slack (MET)                                                      1.8328


  Startpoint: divide_mode
               (input port clocked by vclk)
  Endpoint: result[21] (output port clocked by vclk)
  Path Group: vclk
  Path Type: max

  Point                                                   Incr       Path
  ------------------------------------------------------------------------------
  input external delay                                  0.0000     0.0000 r
  divide_mode (in)                                      0.0000     0.0000 r
  datapath/U75/Z (BUFFD1)                               0.1937     0.1937 r
  datapath/U118/ZN (INVD2)                              0.1835     0.3772 f
  datapath/U120/ZN (AOI221D0)                           0.1442     0.5214 r
  datapath/U71/ZN (CKND2D0)                             0.0388     0.5602 f
  datapath/U121/ZN (AOI221D0)                           0.0994     0.6597 r
  datapath/U69/ZN (CKND2D0)                             0.0374     0.6971 f
  datapath/U122/ZN (AOI221D0)                           0.0994     0.7965 r
  datapath/U67/ZN (CKND2D0)                             0.0374     0.8339 f
  datapath/U123/ZN (AOI221D0)                           0.0994     0.9333 r
  datapath/U65/ZN (CKND2D0)                             0.0374     0.9706 f
  datapath/U124/ZN (AOI221D0)                           0.0994     1.0701 r
  datapath/U63/ZN (CKND2D0)                             0.0374     1.1074 f
  datapath/U125/ZN (AOI221D0)                           0.0996     1.2070 r
  datapath/U61/ZN (CKND2D0)                             0.0374     1.2444 f
  datapath/U126/ZN (AOI221D0)                           0.0994     1.3438 r
  datapath/U59/ZN (CKND2D0)                             0.0374     1.3812 f
  datapath/U127/ZN (AOI221D0)                           0.0996     1.4808 r
  datapath/U57/ZN (CKND2D0)                             0.0374     1.5182 f
  datapath/U128/ZN (AOI221D0)                           0.0994     1.6176 r
  datapath/U55/ZN (CKND2D0)                             0.0375     1.6552 f
  datapath/U129/ZN (AOI221D0)                           0.0996     1.7548 r
  datapath/U53/ZN (CKND2D0)                             0.0374     1.7922 f
  datapath/U130/ZN (AOI221D0)                           0.1006     1.8928 r
  datapath/U51/ZN (NR2D0)                               0.0337     1.9265 f
  datapath/U1414/ZN (MUX2ND0)                           0.0605     1.9870 f
  datapath/U1415/S (FA1D0)                              0.1019     2.0889 f
  datapath/intadd_3_U7/CO (FA1D0)                       0.1011     2.1901 f
  datapath/intadd_3_U6/CO (FA1D0)                       0.0552     2.2453 f
  datapath/intadd_3_U5/CO (FA1D0)                       0.0552     2.3006 f
  datapath/intadd_3_U4/CO (FA1D0)                       0.0552     2.3558 f
  datapath/intadd_3_U3/S (FA1D0)                        0.0652     2.4211 r
  datapath/U35/Z (CKAN2D0)                              0.0408     2.4618 r
  datapath/csa0/U4/S (FA1D0)                            0.0791     2.5409 r
  datapath/csa1/U6/S (FA1D0)                            0.1044     2.6453 f
  datapath/U1445/CO (FA1D0)                             0.0805     2.7259 f
  datapath/U1444/S (FA1D0)                              0.1083     2.8342 r
  datapath/U30/ZN (INVD0)                               0.0549     2.8891 f
  datapath/U270/ZN (OAI221D0)                           0.0842     2.9734 r
  datapath/mult_x_20_U67/S (CMPE42D1)                   0.1882     3.1616 f
  datapath/intadd_0_U9/CO (FA1D0)                       0.1001     3.2617 f
  datapath/intadd_0_U8/CO (FA1D0)                       0.0552     3.3169 f
  datapath/intadd_0_U7/CO (FA1D0)                       0.0552     3.3721 f
  datapath/intadd_0_U6/CO (FA1D0)                       0.0552     3.4274 f
  datapath/intadd_0_U5/CO (FA1D0)                       0.0552     3.4826 f
  datapath/intadd_0_U4/CO (FA1D0)                       0.0552     3.5379 f
  datapath/intadd_0_U3/CO (FA1D0)                       0.0552     3.5931 f
  datapath/intadd_0_U2/CO (FA1D0)                       0.0587     3.6518 f
  datapath/U23/Z (XOR2D0)                               0.0393     3.6911 f
  datapath/U5/ZN (CKND2D0)                              0.0247     3.7158 r
  datapath/U149/ZN (IOA21D1)                            0.0321     3.7478 f
  datapath/U6/ZN (NR2D0)                                0.0627     3.8105 r
  datapath/U20/ZN (CKND2D0)                             0.0307     3.8412 f
  datapath/U156/ZN (NR2D1)                              0.0525     3.8937 r
  datapath/U157/Z (OR2D1)                               0.0976     3.9913 r
  datapath/U1279/Z (XOR2D0)                             0.0648     4.0561 f
  datapath/DP_OP_182J1_155_4199_U13/CO (FA1D0)          0.0551     4.1112 f
  datapath/DP_OP_182J1_155_4199_U12/CO (FA1D0)          0.0552     4.1665 f
  datapath/DP_OP_182J1_155_4199_U11/CO (FA1D0)          0.0552     4.2217 f
  datapath/DP_OP_182J1_155_4199_U10/CO (FA1D0)          0.0552     4.2770 f
  datapath/DP_OP_182J1_155_4199_U9/CO (FA1D0)           0.0552     4.3322 f
  datapath/DP_OP_182J1_155_4199_U8/CO (FA1D0)           0.0552     4.3874 f
  datapath/DP_OP_182J1_155_4199_U7/CO (FA1D0)           0.0552     4.4427 f
  datapath/DP_OP_182J1_155_4199_U6/CO (FA1D0)           0.0552     4.4979 f
  datapath/DP_OP_182J1_155_4199_U5/CO (FA1D0)           0.0552     4.5532 f
  datapath/DP_OP_182J1_155_4199_U4/CO (FA1D0)           0.0552     4.6084 f
  datapath/DP_OP_182J1_155_4199_U3/S (FA1D0)            0.0676     4.6761 r
  datapath/U483/ZN (NR4D0)                              0.0177     4.6937 f
  datapath/U7/ZN (NR2D0)                                0.0546     4.7483 r
  datapath/U536/ZN (OAI31D1)                            0.0264     4.7747 f
  datapath/U537/ZN (AOI21D1)                            0.0435     4.8182 r
  datapath/U546/ZN (ND2D1)                              0.0500     4.8682 f
  datapath/U11/Z (OR2D0)                                0.0600     4.9282 f
  datapath/U15/ZN (INVD1)                               0.0261     4.9543 r
  datapath/U14/ZN (CKND2D0)                             0.1122     5.0665 f
  datapath/U619/ZN (OAI211D0)                           0.0695     5.1360 r
  datapath/cut6/U22/Z (BUFFD0)                          0.0312     5.1672 r
  result[21] (out)                                      0.0000     5.1672 r
  data arrival time                                                5.1672

  max_delay                                             7.0000     7.0000
  clock reconvergence pessimism                         0.0000     7.0000
  output external delay                                 0.0000     7.0000
  data required time                                               7.0000
  ------------------------------------------------------------------------------
  data required time                                               7.0000
  data arrival time                                               -5.1672
  ------------------------------------------------------------------------------
  slack (MET)                                                      1.8328


  Startpoint: divide_mode
               (input port clocked by vclk)
  Endpoint: result[21] (output port clocked by vclk)
  Path Group: vclk
  Path Type: max

  Point                                                   Incr       Path
  ------------------------------------------------------------------------------
  input external delay                                  0.0000     0.0000 r
  divide_mode (in)                                      0.0000     0.0000 r
  datapath/U75/Z (BUFFD1)                               0.1937     0.1937 r
  datapath/U118/ZN (INVD2)                              0.1835     0.3772 f
  datapath/U120/ZN (AOI221D0)                           0.1442     0.5214 r
  datapath/U71/ZN (CKND2D0)                             0.0388     0.5602 f
  datapath/U121/ZN (AOI221D0)                           0.0994     0.6597 r
  datapath/U69/ZN (CKND2D0)                             0.0374     0.6971 f
  datapath/U122/ZN (AOI221D0)                           0.0994     0.7965 r
  datapath/U67/ZN (CKND2D0)                             0.0374     0.8339 f
  datapath/U123/ZN (AOI221D0)                           0.0994     0.9333 r
  datapath/U65/ZN (CKND2D0)                             0.0374     0.9706 f
  datapath/U124/ZN (AOI221D0)                           0.0994     1.0701 r
  datapath/U63/ZN (CKND2D0)                             0.0374     1.1074 f
  datapath/U125/ZN (AOI221D0)                           0.0996     1.2070 r
  datapath/U61/ZN (CKND2D0)                             0.0374     1.2444 f
  datapath/U126/ZN (AOI221D0)                           0.0994     1.3438 r
  datapath/U59/ZN (CKND2D0)                             0.0374     1.3812 f
  datapath/U127/ZN (AOI221D0)                           0.0996     1.4808 r
  datapath/U57/ZN (CKND2D0)                             0.0374     1.5182 f
  datapath/U128/ZN (AOI221D0)                           0.0994     1.6176 r
  datapath/U55/ZN (CKND2D0)                             0.0375     1.6552 f
  datapath/U129/ZN (AOI221D0)                           0.0996     1.7548 r
  datapath/U53/ZN (CKND2D0)                             0.0374     1.7922 f
  datapath/U130/ZN (AOI221D0)                           0.1006     1.8928 r
  datapath/U51/ZN (NR2D0)                               0.0337     1.9265 f
  datapath/U1414/ZN (MUX2ND0)                           0.0605     1.9870 f
  datapath/U1415/S (FA1D0)                              0.1019     2.0889 f
  datapath/intadd_3_U7/CO (FA1D0)                       0.1011     2.1901 f
  datapath/intadd_3_U6/CO (FA1D0)                       0.0552     2.2453 f
  datapath/intadd_3_U5/CO (FA1D0)                       0.0552     2.3006 f
  datapath/intadd_3_U4/S (FA1D0)                        0.0652     2.3658 r
  datapath/U836/Z (CKAN2D0)                             0.0408     2.4066 r
  datapath/csa0/U5/S (FA1D0)                            0.0791     2.4856 r
  datapath/csa1/U7/S (FA1D0)                            0.1044     2.5901 f
  datapath/intadd_4_U4/CO (FA1D0)                       0.0805     2.6706 f
  datapath/U1445/CO (FA1D0)                             0.0552     2.7259 f
  datapath/U1444/S (FA1D0)                              0.1083     2.8342 r
  datapath/U30/ZN (INVD0)                               0.0549     2.8891 f
  datapath/U270/ZN (OAI221D0)                           0.0842     2.9734 r
  datapath/mult_x_20_U67/S (CMPE42D1)                   0.1882     3.1616 f
  datapath/intadd_0_U9/CO (FA1D0)                       0.1001     3.2617 f
  datapath/intadd_0_U8/CO (FA1D0)                       0.0552     3.3169 f
  datapath/intadd_0_U7/CO (FA1D0)                       0.0552     3.3721 f
  datapath/intadd_0_U6/CO (FA1D0)                       0.0552     3.4274 f
  datapath/intadd_0_U5/CO (FA1D0)                       0.0552     3.4826 f
  datapath/intadd_0_U4/CO (FA1D0)                       0.0552     3.5379 f
  datapath/intadd_0_U3/CO (FA1D0)                       0.0552     3.5931 f
  datapath/intadd_0_U2/CO (FA1D0)                       0.0587     3.6518 f
  datapath/U23/Z (XOR2D0)                               0.0393     3.6911 f
  datapath/U5/ZN (CKND2D0)                              0.0247     3.7158 r
  datapath/U149/ZN (IOA21D1)                            0.0321     3.7478 f
  datapath/U6/ZN (NR2D0)                                0.0627     3.8105 r
  datapath/U20/ZN (CKND2D0)                             0.0307     3.8412 f
  datapath/U156/ZN (NR2D1)                              0.0525     3.8937 r
  datapath/U157/Z (OR2D1)                               0.0976     3.9913 r
  datapath/U1279/Z (XOR2D0)                             0.0648     4.0561 f
  datapath/DP_OP_182J1_155_4199_U13/CO (FA1D0)          0.0551     4.1112 f
  datapath/DP_OP_182J1_155_4199_U12/CO (FA1D0)          0.0552     4.1665 f
  datapath/DP_OP_182J1_155_4199_U11/CO (FA1D0)          0.0552     4.2217 f
  datapath/DP_OP_182J1_155_4199_U10/CO (FA1D0)          0.0552     4.2770 f
  datapath/DP_OP_182J1_155_4199_U9/CO (FA1D0)           0.0552     4.3322 f
  datapath/DP_OP_182J1_155_4199_U8/CO (FA1D0)           0.0552     4.3874 f
  datapath/DP_OP_182J1_155_4199_U7/CO (FA1D0)           0.0552     4.4427 f
  datapath/DP_OP_182J1_155_4199_U6/CO (FA1D0)           0.0552     4.4979 f
  datapath/DP_OP_182J1_155_4199_U5/CO (FA1D0)           0.0552     4.5532 f
  datapath/DP_OP_182J1_155_4199_U4/CO (FA1D0)           0.0552     4.6084 f
  datapath/DP_OP_182J1_155_4199_U3/S (FA1D0)            0.0676     4.6761 r
  datapath/U483/ZN (NR4D0)                              0.0177     4.6937 f
  datapath/U7/ZN (NR2D0)                                0.0546     4.7483 r
  datapath/U536/ZN (OAI31D1)                            0.0264     4.7747 f
  datapath/U537/ZN (AOI21D1)                            0.0435     4.8182 r
  datapath/U546/ZN (ND2D1)                              0.0500     4.8682 f
  datapath/U11/Z (OR2D0)                                0.0600     4.9282 f
  datapath/U15/ZN (INVD1)                               0.0261     4.9543 r
  datapath/U14/ZN (CKND2D0)                             0.1122     5.0665 f
  datapath/U619/ZN (OAI211D0)                           0.0695     5.1360 r
  datapath/cut6/U22/Z (BUFFD0)                          0.0312     5.1672 r
  result[21] (out)                                      0.0000     5.1672 r
  data arrival time                                                5.1672

  max_delay                                             7.0000     7.0000
  clock reconvergence pessimism                         0.0000     7.0000
  output external delay                                 0.0000     7.0000
  data required time                                               7.0000
  ------------------------------------------------------------------------------
  data required time                                               7.0000
  data arrival time                                               -5.1672
  ------------------------------------------------------------------------------
  slack (MET)                                                      1.8328

Warning: report_timing has satisfied the max_paths criteria. There are 31 further endpoints which have paths of interest with slack less than 1000.0000 that were not considered when generating this report. (UITE-502)

1
