****************************************
Report : qor
Design : oadm_fixed_l1_mul_root_opt
Version: U-2022.12-SP5
Date   : Thu Sep  3 02:45:04 2026
****************************************

  Timing Path Group 'vclk' (max_delay/setup)
  ---------------------------------------------
  Levels of Logic:                           28
  Critical Path Length:                    2.00
  Critical Path Slack:                     7.98
  Total Negative Slack:                    0.00
  No. of Violating Paths:                     0
  ---------------------------------------------

  Timing Path Group 'vclk' (min_delay/hold)
  ---------------------------------------------
  Levels of Logic:                            1
  Critical Path Length:                    0.08
  Critical Path Slack:                     0.10
  Total Negative Slack:                    0.00
  No. of Violating Paths:                     0
  ---------------------------------------------

  Area
  ---------------------------------------------
  Net Interconnect area:                   0.00
  Total cell area:                       609.12
  Design Area:                           609.12
  Area Cost:                            -609.12
  ---------------------------------------------


  Cell & Pin Count
  ---------------------------------------------
  Pin Count:                                613
  Hierarchical Cell Count:                    0
  Hierarchical Port Count:                    0
  Leaf Cell Count:                          158
  ---------------------------------------------


  Design Rule Violations
  ---------------------------------------------
  Total No. of Pins in Design:              613
  max_capacitance Count:                      1
  max_capacitance Cost:                    0.00
  Total DRC Cost:                          0.00
  ---------------------------------------------

1
