****************************************
Report : timing
	-path_type full
	-delay_type max
	-nworst 10
	-slack_lesser_than 1000.00000
	-max_paths 10
	-sort_by slack
Design : oadm_fixed_l3_div_root_opt
Version: U-2022.12-SP5
Date   : Wed Sep  2 22:03:46 2026
****************************************


  Startpoint: y[22] (input port clocked by vclk)
  Endpoint: result[30] (output port clocked by vclk)
  Path Group: vclk
  Path Type: max

  Point                                                   Incr       Path
  ------------------------------------------------------------------------------
  clock vclk (rise edge)                               0.00000    0.00000
  clock network delay (ideal)                          0.00000    0.00000
  input external delay                                 0.02000    0.02000 r
  y[22] (in)                                           0.00588    0.02588 r
  U210/Z (BUFFD0)                                      0.04514    0.07102 r
  U183/ZN (INVD0)                                      0.04953    0.12055 f
  U168/ZN (NR2D0)                                      0.09070    0.21125 r
  DP_OP_61J1_122_7044_U64/S (CMPE42D1)                 0.18855    0.39980 f
  intadd_1_U9/CO (FA1D0)                               0.10042    0.50022 f
  intadd_1_U8/CO (FA1D0)                               0.05524    0.55546 f
  intadd_1_U7/S (FA1D0)                                0.05464    0.61010 f
  U138/ZN (INVD0)                                      0.02835    0.63845 r
  U49/S (FA1D0)                                        0.09612    0.73458 f
  U127/ZN (INVD0)                                      0.02142    0.75600 r
  intadd_3_U4/CO (FA1D0)                               0.09140    0.84740 r
  intadd_3_U3/CO (FA1D0)                               0.05068    0.89808 r
  intadd_3_U2/CO (FA1D0)                               0.05864    0.95672 r
  intadd_1_U4/CO (FA1D0)                               0.08312    1.03984 r
  intadd_1_U3/CO (FA1D0)                               0.05068    1.09053 r
  intadd_1_U2/CO (FA1D0)                               0.05443    1.14495 r
  U101/Z (XOR2D0)                                      0.07501    1.21997 f
  U291/ZN (NR2D0)                                      0.05197    1.27194 r
  mult_x_2_U31/S (CMPE42D1)                            0.19480    1.46674 f
  mult_x_2_U30/S (CMPE42D1)                            0.17697    1.64371 f
  intadd_0_U8/CO (FA1D0)                               0.07871    1.72241 f
  intadd_0_U7/CO (FA1D0)                               0.05524    1.77766 f
  intadd_0_U6/CO (FA1D0)                               0.05524    1.83290 f
  intadd_0_U5/CO (FA1D0)                               0.05524    1.88815 f
  intadd_0_U4/CO (FA1D0)                               0.05524    1.94339 f
  intadd_0_U3/CO (FA1D0)                               0.05524    1.99864 f
  intadd_0_U2/CO (FA1D0)                               0.05289    2.05153 f
  U79/ZN (XNR3D0)                                      0.21193    2.26345 r
  U76/ZN (CKND2D0)                                     0.16355    2.42700 f
  U73/Z (OR2D0)                                        0.07805    2.50506 f
  DP_OP_63J1_123_2151_U12/CO (FA1D0)                   0.10378    2.60884 f
  U70/Z (OR2D0)                                        0.04796    2.65680 f
  U68/Z (OR2D0)                                        0.05203    2.70883 f
  U66/Z (OR2D0)                                        0.05679    2.76562 f
  U64/Z (OR2D0)                                        0.05622    2.82184 f
  U193/ZN (NR2D0)                                      0.04253    2.86437 r
  U63/Z (CKXOR2D0)                                     0.05806    2.92242 f
  U60/Z (MUX2D0)                                       0.07064    2.99306 f
  result[30] (out)                                     0.00000    2.99306 f
  data arrival time                                               2.99306

  clock vclk (rise edge)                              10.00000   10.00000
  clock network delay (ideal)                          0.00000   10.00000
  clock reconvergence pessimism                        0.00000   10.00000
  output external delay                               -0.02000    9.98000
  data required time                                              9.98000
  ------------------------------------------------------------------------------
  data required time                                              9.98000
  data arrival time                                              -2.99306
  ------------------------------------------------------------------------------
  slack (MET)                                                     6.98694


  Startpoint: y[22] (input port clocked by vclk)
  Endpoint: result[30] (output port clocked by vclk)
  Path Group: vclk
  Path Type: max

  Point                                                   Incr       Path
  ------------------------------------------------------------------------------
  clock vclk (rise edge)                               0.00000    0.00000
  clock network delay (ideal)                          0.00000    0.00000
  input external delay                                 0.02000    0.02000 r
  y[22] (in)                                           0.00588    0.02588 r
  U210/Z (BUFFD0)                                      0.04514    0.07102 r
  U183/ZN (INVD0)                                      0.04953    0.12055 f
  U168/ZN (NR2D0)                                      0.09070    0.21125 r
  DP_OP_61J1_122_7044_U64/S (CMPE42D1)                 0.18855    0.39980 f
  intadd_1_U9/CO (FA1D0)                               0.10042    0.50022 f
  intadd_1_U8/CO (FA1D0)                               0.05524    0.55546 f
  intadd_1_U7/S (FA1D0)                                0.06603    0.62149 r
  U138/ZN (INVD0)                                      0.02006    0.64155 f
  U49/S (FA1D0)                                        0.09159    0.73314 f
  U127/ZN (INVD0)                                      0.02142    0.75456 r
  intadd_3_U4/CO (FA1D0)                               0.09140    0.84597 r
  intadd_3_U3/CO (FA1D0)                               0.05068    0.89665 r
  intadd_3_U2/CO (FA1D0)                               0.05864    0.95529 r
  intadd_1_U4/CO (FA1D0)                               0.08312    1.03841 r
  intadd_1_U3/CO (FA1D0)                               0.05068    1.08909 r
  intadd_1_U2/CO (FA1D0)                               0.05443    1.14352 r
  U101/Z (XOR2D0)                                      0.07501    1.21853 f
  U291/ZN (NR2D0)                                      0.05197    1.27051 r
  mult_x_2_U31/S (CMPE42D1)                            0.19480    1.46530 f
  mult_x_2_U30/S (CMPE42D1)                            0.17697    1.64227 f
  intadd_0_U8/CO (FA1D0)                               0.07871    1.72098 f
  intadd_0_U7/CO (FA1D0)                               0.05524    1.77622 f
  intadd_0_U6/CO (FA1D0)                               0.05524    1.83147 f
  intadd_0_U5/CO (FA1D0)                               0.05524    1.88671 f
  intadd_0_U4/CO (FA1D0)                               0.05524    1.94196 f
  intadd_0_U3/CO (FA1D0)                               0.05524    1.99720 f
  intadd_0_U2/CO (FA1D0)                               0.05289    2.05009 f
  U79/ZN (XNR3D0)                                      0.21193    2.26202 r
  U76/ZN (CKND2D0)                                     0.16355    2.42557 f
  U73/Z (OR2D0)                                        0.07805    2.50362 f
  DP_OP_63J1_123_2151_U12/CO (FA1D0)                   0.10378    2.60740 f
  U70/Z (OR2D0)                                        0.04796    2.65537 f
  U68/Z (OR2D0)                                        0.05203    2.70739 f
  U66/Z (OR2D0)                                        0.05679    2.76418 f
  U64/Z (OR2D0)                                        0.05622    2.82040 f
  U193/ZN (NR2D0)                                      0.04253    2.86293 r
  U63/Z (CKXOR2D0)                                     0.05806    2.92099 f
  U60/Z (MUX2D0)                                       0.07064    2.99163 f
  result[30] (out)                                     0.00000    2.99163 f
  data arrival time                                               2.99163

  clock vclk (rise edge)                              10.00000   10.00000
  clock network delay (ideal)                          0.00000   10.00000
  clock reconvergence pessimism                        0.00000   10.00000
  output external delay                               -0.02000    9.98000
  data required time                                              9.98000
  ------------------------------------------------------------------------------
  data required time                                              9.98000
  data arrival time                                              -2.99163
  ------------------------------------------------------------------------------
  slack (MET)                                                     6.98837


  Startpoint: y[22] (input port clocked by vclk)
  Endpoint: result[30] (output port clocked by vclk)
  Path Group: vclk
  Path Type: max

  Point                                                   Incr       Path
  ------------------------------------------------------------------------------
  clock vclk (rise edge)                               0.00000    0.00000
  clock network delay (ideal)                          0.00000    0.00000
  input external delay                                 0.02000    0.02000 r
  y[22] (in)                                           0.00588    0.02588 r
  U210/Z (BUFFD0)                                      0.04514    0.07102 r
  U183/ZN (INVD0)                                      0.04953    0.12055 f
  U168/ZN (NR2D0)                                      0.09070    0.21125 r
  DP_OP_61J1_122_7044_U64/S (CMPE42D1)                 0.18855    0.39980 f
  intadd_1_U9/CO (FA1D0)                               0.10042    0.50022 f
  intadd_1_U8/S (FA1D0)                                0.05464    0.55486 f
  U140/ZN (INVD0)                                      0.02835    0.58321 r
  U50/S (FA1D0)                                        0.08767    0.67088 r
  U135/ZN (INVD0)                                      0.01587    0.68675 f
  intadd_3_U5/CO (FA1D0)                               0.09834    0.78509 f
  intadd_3_U4/CO (FA1D0)                               0.05525    0.84033 f
  intadd_3_U3/CO (FA1D0)                               0.05524    0.89558 f
  intadd_3_U2/CO (FA1D0)                               0.06184    0.95741 f
  intadd_1_U4/CO (FA1D0)                               0.08080    1.03822 f
  intadd_1_U3/CO (FA1D0)                               0.05524    1.09346 f
  intadd_1_U2/CO (FA1D0)                               0.05870    1.15216 f
  U101/Z (XOR2D0)                                      0.06394    1.21610 f
  U291/ZN (NR2D0)                                      0.05197    1.26808 r
  mult_x_2_U31/S (CMPE42D1)                            0.19480    1.46288 f
  mult_x_2_U30/S (CMPE42D1)                            0.17697    1.63985 f
  intadd_0_U8/CO (FA1D0)                               0.07871    1.71855 f
  intadd_0_U7/CO (FA1D0)                               0.05524    1.77380 f
  intadd_0_U6/CO (FA1D0)                               0.05524    1.82904 f
  intadd_0_U5/CO (FA1D0)                               0.05524    1.88429 f
  intadd_0_U4/CO (FA1D0)                               0.05524    1.93953 f
  intadd_0_U3/CO (FA1D0)                               0.05524    1.99477 f
  intadd_0_U2/CO (FA1D0)                               0.05289    2.04767 f
  U79/ZN (XNR3D0)                                      0.21193    2.25959 r
  U76/ZN (CKND2D0)                                     0.16355    2.42314 f
  U73/Z (OR2D0)                                        0.07805    2.50119 f
  DP_OP_63J1_123_2151_U12/CO (FA1D0)                   0.10378    2.60498 f
  U70/Z (OR2D0)                                        0.04796    2.65294 f
  U68/Z (OR2D0)                                        0.05203    2.70497 f
  U66/Z (OR2D0)                                        0.05679    2.76175 f
  U64/Z (OR2D0)                                        0.05622    2.81798 f
  U193/ZN (NR2D0)                                      0.04253    2.86050 r
  U63/Z (CKXOR2D0)                                     0.05806    2.91856 f
  U60/Z (MUX2D0)                                       0.07064    2.98920 f
  result[30] (out)                                     0.00000    2.98920 f
  data arrival time                                               2.98920

  clock vclk (rise edge)                              10.00000   10.00000
  clock network delay (ideal)                          0.00000   10.00000
  clock reconvergence pessimism                        0.00000   10.00000
  output external delay                               -0.02000    9.98000
  data required time                                              9.98000
  ------------------------------------------------------------------------------
  data required time                                              9.98000
  data arrival time                                              -2.98920
  ------------------------------------------------------------------------------
  slack (MET)                                                     6.99080


  Startpoint: y[22] (input port clocked by vclk)
  Endpoint: result[30] (output port clocked by vclk)
  Path Group: vclk
  Path Type: max

  Point                                                   Incr       Path
  ------------------------------------------------------------------------------
  clock vclk (rise edge)                               0.00000    0.00000
  clock network delay (ideal)                          0.00000    0.00000
  input external delay                                 0.02000    0.02000 r
  y[22] (in)                                           0.00588    0.02588 r
  U210/Z (BUFFD0)                                      0.04514    0.07102 r
  U183/ZN (INVD0)                                      0.04953    0.12055 f
  U168/ZN (NR2D0)                                      0.09070    0.21125 r
  DP_OP_61J1_122_7044_U64/S (CMPE42D1)                 0.18855    0.39980 f
  intadd_1_U9/CO (FA1D0)                               0.10042    0.50022 f
  intadd_1_U8/CO (FA1D0)                               0.05524    0.55546 f
  intadd_1_U7/S (FA1D0)                                0.05464    0.61010 f
  U138/ZN (INVD0)                                      0.02835    0.63845 r
  U49/S (FA1D0)                                        0.08767    0.72613 r
  U127/ZN (INVD0)                                      0.01587    0.74200 f
  intadd_3_U4/CO (FA1D0)                               0.09834    0.84033 f
  intadd_3_U3/CO (FA1D0)                               0.05524    0.89558 f
  intadd_3_U2/CO (FA1D0)                               0.06184    0.95741 f
  intadd_1_U4/CO (FA1D0)                               0.08080    1.03821 f
  intadd_1_U3/CO (FA1D0)                               0.05524    1.09346 f
  intadd_1_U2/CO (FA1D0)                               0.05870    1.15216 f
  U101/Z (XOR2D0)                                      0.06394    1.21610 f
  U291/ZN (NR2D0)                                      0.05197    1.26808 r
  mult_x_2_U31/S (CMPE42D1)                            0.19480    1.46287 f
  mult_x_2_U30/S (CMPE42D1)                            0.17697    1.63984 f
  intadd_0_U8/CO (FA1D0)                               0.07871    1.71855 f
  intadd_0_U7/CO (FA1D0)                               0.05524    1.77380 f
  intadd_0_U6/CO (FA1D0)                               0.05524    1.82904 f
  intadd_0_U5/CO (FA1D0)                               0.05524    1.88428 f
  intadd_0_U4/CO (FA1D0)                               0.05524    1.93953 f
  intadd_0_U3/CO (FA1D0)                               0.05524    1.99477 f
  intadd_0_U2/CO (FA1D0)                               0.05289    2.04766 f
  U79/ZN (XNR3D0)                                      0.21193    2.25959 r
  U76/ZN (CKND2D0)                                     0.16355    2.42314 f
  U73/Z (OR2D0)                                        0.07805    2.50119 f
  DP_OP_63J1_123_2151_U12/CO (FA1D0)                   0.10378    2.60497 f
  U70/Z (OR2D0)                                        0.04796    2.65294 f
  U68/Z (OR2D0)                                        0.05203    2.70496 f
  U66/Z (OR2D0)                                        0.05679    2.76175 f
  U64/Z (OR2D0)                                        0.05622    2.81797 f
  U193/ZN (NR2D0)                                      0.04253    2.86050 r
  U63/Z (CKXOR2D0)                                     0.05806    2.91856 f
  U60/Z (MUX2D0)                                       0.07064    2.98920 f
  result[30] (out)                                     0.00000    2.98920 f
  data arrival time                                               2.98920

  clock vclk (rise edge)                              10.00000   10.00000
  clock network delay (ideal)                          0.00000   10.00000
  clock reconvergence pessimism                        0.00000   10.00000
  output external delay                               -0.02000    9.98000
  data required time                                              9.98000
  ------------------------------------------------------------------------------
  data required time                                              9.98000
  data arrival time                                              -2.98920
  ------------------------------------------------------------------------------
  slack (MET)                                                     6.99080


  Startpoint: y[22] (input port clocked by vclk)
  Endpoint: result[30] (output port clocked by vclk)
  Path Group: vclk
  Path Type: max

  Point                                                   Incr       Path
  ------------------------------------------------------------------------------
  clock vclk (rise edge)                               0.00000    0.00000
  clock network delay (ideal)                          0.00000    0.00000
  input external delay                                 0.02000    0.02000 r
  y[22] (in)                                           0.00588    0.02588 r
  U210/Z (BUFFD0)                                      0.04514    0.07102 r
  U183/ZN (INVD0)                                      0.04953    0.12055 f
  U168/ZN (NR2D0)                                      0.09070    0.21125 r
  DP_OP_61J1_122_7044_U64/S (CMPE42D1)                 0.18855    0.39980 f
  intadd_1_U9/CO (FA1D0)                               0.10042    0.50022 f
  intadd_1_U8/S (FA1D0)                                0.05464    0.55486 f
  U140/ZN (INVD0)                                      0.02835    0.58321 r
  U50/S (FA1D0)                                        0.09612    0.67933 f
  U135/ZN (INVD0)                                      0.02142    0.70075 r
  intadd_3_U5/CO (FA1D0)                               0.09140    0.79216 r
  intadd_3_U4/CO (FA1D0)                               0.05069    0.84284 r
  intadd_3_U3/CO (FA1D0)                               0.05068    0.89353 r
  intadd_3_U2/CO (FA1D0)                               0.05864    0.95216 r
  intadd_1_U4/CO (FA1D0)                               0.08312    1.03528 r
  intadd_1_U3/CO (FA1D0)                               0.05068    1.08597 r
  intadd_1_U2/CO (FA1D0)                               0.05443    1.14039 r
  U101/Z (XOR2D0)                                      0.07501    1.21541 f
  U291/ZN (NR2D0)                                      0.05197    1.26738 r
  mult_x_2_U31/S (CMPE42D1)                            0.19480    1.46218 f
  mult_x_2_U30/S (CMPE42D1)                            0.17697    1.63915 f
  intadd_0_U8/CO (FA1D0)                               0.07871    1.71786 f
  intadd_0_U7/CO (FA1D0)                               0.05524    1.77310 f
  intadd_0_U6/CO (FA1D0)                               0.05524    1.82834 f
  intadd_0_U5/CO (FA1D0)                               0.05524    1.88359 f
  intadd_0_U4/CO (FA1D0)                               0.05524    1.93883 f
  intadd_0_U3/CO (FA1D0)                               0.05524    1.99408 f
  intadd_0_U2/CO (FA1D0)                               0.05289    2.04697 f
  U79/ZN (XNR3D0)                                      0.21193    2.25889 r
  U76/ZN (CKND2D0)                                     0.16355    2.42245 f
  U73/Z (OR2D0)                                        0.07805    2.50050 f
  DP_OP_63J1_123_2151_U12/CO (FA1D0)                   0.10378    2.60428 f
  U70/Z (OR2D0)                                        0.04796    2.65224 f
  U68/Z (OR2D0)                                        0.05203    2.70427 f
  U66/Z (OR2D0)                                        0.05679    2.76106 f
  U64/Z (OR2D0)                                        0.05622    2.81728 f
  U193/ZN (NR2D0)                                      0.04253    2.85981 r
  U63/Z (CKXOR2D0)                                     0.05806    2.91786 f
  U60/Z (MUX2D0)                                       0.07064    2.98850 f
  result[30] (out)                                     0.00000    2.98850 f
  data arrival time                                               2.98850

  clock vclk (rise edge)                              10.00000   10.00000
  clock network delay (ideal)                          0.00000   10.00000
  clock reconvergence pessimism                        0.00000   10.00000
  output external delay                               -0.02000    9.98000
  data required time                                              9.98000
  ------------------------------------------------------------------------------
  data required time                                              9.98000
  data arrival time                                              -2.98850
  ------------------------------------------------------------------------------
  slack (MET)                                                     6.99150


  Startpoint: y[22] (input port clocked by vclk)
  Endpoint: result[30] (output port clocked by vclk)
  Path Group: vclk
  Path Type: max

  Point                                                   Incr       Path
  ------------------------------------------------------------------------------
  clock vclk (rise edge)                               0.00000    0.00000
  clock network delay (ideal)                          0.00000    0.00000
  input external delay                                 0.02000    0.02000 r
  y[22] (in)                                           0.00588    0.02588 r
  U210/Z (BUFFD0)                                      0.04514    0.07102 r
  U183/ZN (INVD0)                                      0.04953    0.12055 f
  U168/ZN (NR2D0)                                      0.09070    0.21125 r
  DP_OP_61J1_122_7044_U64/S (CMPE42D1)                 0.18855    0.39980 f
  intadd_1_U9/CO (FA1D0)                               0.10042    0.50022 f
  intadd_1_U8/S (FA1D0)                                0.06603    0.56624 r
  U140/ZN (INVD0)                                      0.02006    0.58630 f
  U50/S (FA1D0)                                        0.08335    0.66965 r
  U135/ZN (INVD0)                                      0.01587    0.68552 f
  intadd_3_U5/CO (FA1D0)                               0.09834    0.78386 f
  intadd_3_U4/CO (FA1D0)                               0.05525    0.83910 f
  intadd_3_U3/CO (FA1D0)                               0.05524    0.89435 f
  intadd_3_U2/CO (FA1D0)                               0.06184    0.95618 f
  intadd_1_U4/CO (FA1D0)                               0.08080    1.03699 f
  intadd_1_U3/CO (FA1D0)                               0.05524    1.09223 f
  intadd_1_U2/CO (FA1D0)                               0.05870    1.15093 f
  U101/Z (XOR2D0)                                      0.06394    1.21487 f
  U291/ZN (NR2D0)                                      0.05197    1.26685 r
  mult_x_2_U31/S (CMPE42D1)                            0.19480    1.46165 f
  mult_x_2_U30/S (CMPE42D1)                            0.17697    1.63862 f
  intadd_0_U8/CO (FA1D0)                               0.07871    1.71732 f
  intadd_0_U7/CO (FA1D0)                               0.05524    1.77257 f
  intadd_0_U6/CO (FA1D0)                               0.05524    1.82781 f
  intadd_0_U5/CO (FA1D0)                               0.05524    1.88306 f
  intadd_0_U4/CO (FA1D0)                               0.05524    1.93830 f
  intadd_0_U3/CO (FA1D0)                               0.05524    1.99354 f
  intadd_0_U2/CO (FA1D0)                               0.05289    2.04644 f
  U79/ZN (XNR3D0)                                      0.21193    2.25836 r
  U76/ZN (CKND2D0)                                     0.16355    2.42191 f
  U73/Z (OR2D0)                                        0.07805    2.49996 f
  DP_OP_63J1_123_2151_U12/CO (FA1D0)                   0.10378    2.60375 f
  U70/Z (OR2D0)                                        0.04796    2.65171 f
  U68/Z (OR2D0)                                        0.05203    2.70373 f
  U66/Z (OR2D0)                                        0.05679    2.76052 f
  U64/Z (OR2D0)                                        0.05622    2.81675 f
  U193/ZN (NR2D0)                                      0.04253    2.85927 r
  U63/Z (CKXOR2D0)                                     0.05806    2.91733 f
  U60/Z (MUX2D0)                                       0.07064    2.98797 f
  result[30] (out)                                     0.00000    2.98797 f
  data arrival time                                               2.98797

  clock vclk (rise edge)                              10.00000   10.00000
  clock network delay (ideal)                          0.00000   10.00000
  clock reconvergence pessimism                        0.00000   10.00000
  output external delay                               -0.02000    9.98000
  data required time                                              9.98000
  ------------------------------------------------------------------------------
  data required time                                              9.98000
  data arrival time                                              -2.98797
  ------------------------------------------------------------------------------
  slack (MET)                                                     6.99203


  Startpoint: y[22] (input port clocked by vclk)
  Endpoint: result[30] (output port clocked by vclk)
  Path Group: vclk
  Path Type: max

  Point                                                   Incr       Path
  ------------------------------------------------------------------------------
  clock vclk (rise edge)                               0.00000    0.00000
  clock network delay (ideal)                          0.00000    0.00000
  input external delay                                 0.02000    0.02000 r
  y[22] (in)                                           0.00588    0.02588 r
  U210/Z (BUFFD0)                                      0.04514    0.07102 r
  U183/ZN (INVD0)                                      0.04953    0.12055 f
  U168/ZN (NR2D0)                                      0.09070    0.21125 r
  DP_OP_61J1_122_7044_U64/S (CMPE42D1)                 0.18855    0.39980 f
  intadd_1_U9/CO (FA1D0)                               0.10042    0.50022 f
  intadd_1_U8/CO (FA1D0)                               0.05524    0.55546 f
  intadd_1_U7/S (FA1D0)                                0.06603    0.62149 r
  U138/ZN (INVD0)                                      0.02006    0.64155 f
  U49/S (FA1D0)                                        0.08335    0.72490 r
  U127/ZN (INVD0)                                      0.01587    0.74077 f
  intadd_3_U4/CO (FA1D0)                               0.09834    0.83910 f
  intadd_3_U3/CO (FA1D0)                               0.05524    0.89435 f
  intadd_3_U2/CO (FA1D0)                               0.06184    0.95618 f
  intadd_1_U4/CO (FA1D0)                               0.08080    1.03698 f
  intadd_1_U3/CO (FA1D0)                               0.05524    1.09223 f
  intadd_1_U2/CO (FA1D0)                               0.05870    1.15093 f
  U101/Z (XOR2D0)                                      0.06394    1.21487 f
  U291/ZN (NR2D0)                                      0.05197    1.26685 r
  mult_x_2_U31/S (CMPE42D1)                            0.19480    1.46164 f
  mult_x_2_U30/S (CMPE42D1)                            0.17697    1.63861 f
  intadd_0_U8/CO (FA1D0)                               0.07871    1.71732 f
  intadd_0_U7/CO (FA1D0)                               0.05524    1.77256 f
  intadd_0_U6/CO (FA1D0)                               0.05524    1.82781 f
  intadd_0_U5/CO (FA1D0)                               0.05524    1.88305 f
  intadd_0_U4/CO (FA1D0)                               0.05524    1.93830 f
  intadd_0_U3/CO (FA1D0)                               0.05524    1.99354 f
  intadd_0_U2/CO (FA1D0)                               0.05289    2.04643 f
  U79/ZN (XNR3D0)                                      0.21193    2.25836 r
  U76/ZN (CKND2D0)                                     0.16355    2.42191 f
  U73/Z (OR2D0)                                        0.07805    2.49996 f
  DP_OP_63J1_123_2151_U12/CO (FA1D0)                   0.10378    2.60374 f
  U70/Z (OR2D0)                                        0.04796    2.65171 f
  U68/Z (OR2D0)                                        0.05203    2.70373 f
  U66/Z (OR2D0)                                        0.05679    2.76052 f
  U64/Z (OR2D0)                                        0.05622    2.81674 f
  U193/ZN (NR2D0)                                      0.04253    2.85927 r
  U63/Z (CKXOR2D0)                                     0.05806    2.91733 f
  U60/Z (MUX2D0)                                       0.07064    2.98797 f
  result[30] (out)                                     0.00000    2.98797 f
  data arrival time                                               2.98797

  clock vclk (rise edge)                              10.00000   10.00000
  clock network delay (ideal)                          0.00000   10.00000
  clock reconvergence pessimism                        0.00000   10.00000
  output external delay                               -0.02000    9.98000
  data required time                                              9.98000
  ------------------------------------------------------------------------------
  data required time                                              9.98000
  data arrival time                                              -2.98797
  ------------------------------------------------------------------------------
  slack (MET)                                                     6.99203


  Startpoint: y[22] (input port clocked by vclk)
  Endpoint: result[30] (output port clocked by vclk)
  Path Group: vclk
  Path Type: max

  Point                                                   Incr       Path
  ------------------------------------------------------------------------------
  clock vclk (rise edge)                               0.00000    0.00000
  clock network delay (ideal)                          0.00000    0.00000
  input external delay                                 0.02000    0.02000 r
  y[22] (in)                                           0.00588    0.02588 r
  U210/Z (BUFFD0)                                      0.04514    0.07102 r
  U183/ZN (INVD0)                                      0.04953    0.12055 f
  U168/ZN (NR2D0)                                      0.09070    0.21125 r
  DP_OP_61J1_122_7044_U64/S (CMPE42D1)                 0.18855    0.39980 f
  intadd_1_U9/CO (FA1D0)                               0.10042    0.50022 f
  intadd_1_U8/S (FA1D0)                                0.06603    0.56624 r
  U140/ZN (INVD0)                                      0.02006    0.58630 f
  U50/S (FA1D0)                                        0.09159    0.67790 f
  U135/ZN (INVD0)                                      0.02142    0.69932 r
  intadd_3_U5/CO (FA1D0)                               0.09140    0.79072 r
  intadd_3_U4/CO (FA1D0)                               0.05069    0.84141 r
  intadd_3_U3/CO (FA1D0)                               0.05068    0.89209 r
  intadd_3_U2/CO (FA1D0)                               0.05864    0.95073 r
  intadd_1_U4/CO (FA1D0)                               0.08312    1.03385 r
  intadd_1_U3/CO (FA1D0)                               0.05068    1.08453 r
  intadd_1_U2/CO (FA1D0)                               0.05443    1.13896 r
  U101/Z (XOR2D0)                                      0.07501    1.21397 f
  U291/ZN (NR2D0)                                      0.05197    1.26595 r
  mult_x_2_U31/S (CMPE42D1)                            0.19480    1.46074 f
  mult_x_2_U30/S (CMPE42D1)                            0.17697    1.63771 f
  intadd_0_U8/CO (FA1D0)                               0.07871    1.71642 f
  intadd_0_U7/CO (FA1D0)                               0.05524    1.77167 f
  intadd_0_U6/CO (FA1D0)                               0.05524    1.82691 f
  intadd_0_U5/CO (FA1D0)                               0.05524    1.88215 f
  intadd_0_U4/CO (FA1D0)                               0.05524    1.93740 f
  intadd_0_U3/CO (FA1D0)                               0.05524    1.99264 f
  intadd_0_U2/CO (FA1D0)                               0.05289    2.04553 f
  U79/ZN (XNR3D0)                                      0.21193    2.25746 r
  U76/ZN (CKND2D0)                                     0.16355    2.42101 f
  U73/Z (OR2D0)                                        0.07805    2.49906 f
  DP_OP_63J1_123_2151_U12/CO (FA1D0)                   0.10378    2.60284 f
  U70/Z (OR2D0)                                        0.04796    2.65081 f
  U68/Z (OR2D0)                                        0.05203    2.70283 f
  U66/Z (OR2D0)                                        0.05679    2.75962 f
  U64/Z (OR2D0)                                        0.05622    2.81585 f
  U193/ZN (NR2D0)                                      0.04253    2.85837 r
  U63/Z (CKXOR2D0)                                     0.05806    2.91643 f
  U60/Z (MUX2D0)                                       0.07064    2.98707 f
  result[30] (out)                                     0.00000    2.98707 f
  data arrival time                                               2.98707

  clock vclk (rise edge)                              10.00000   10.00000
  clock network delay (ideal)                          0.00000   10.00000
  clock reconvergence pessimism                        0.00000   10.00000
  output external delay                               -0.02000    9.98000
  data required time                                              9.98000
  ------------------------------------------------------------------------------
  data required time                                              9.98000
  data arrival time                                              -2.98707
  ------------------------------------------------------------------------------
  slack (MET)                                                     6.99293


  Startpoint: y[22] (input port clocked by vclk)
  Endpoint: result[30] (output port clocked by vclk)
  Path Group: vclk
  Path Type: max

  Point                                                   Incr       Path
  ------------------------------------------------------------------------------
  clock vclk (rise edge)                               0.00000    0.00000
  clock network delay (ideal)                          0.00000    0.00000
  input external delay                                 0.02000    0.02000 r
  y[22] (in)                                           0.00588    0.02588 r
  U210/Z (BUFFD0)                                      0.04514    0.07102 r
  U183/ZN (INVD0)                                      0.04953    0.12055 f
  U168/ZN (NR2D0)                                      0.09070    0.21125 r
  DP_OP_61J1_122_7044_U64/S (CMPE42D1)                 0.18855    0.39980 f
  intadd_1_U9/CO (FA1D0)                               0.10042    0.50022 f
  intadd_1_U8/CO (FA1D0)                               0.05524    0.55546 f
  intadd_1_U7/S (FA1D0)                                0.05464    0.61010 f
  U138/ZN (INVD0)                                      0.02835    0.63845 r
  U49/S (FA1D0)                                        0.09612    0.73458 f
  U127/ZN (INVD0)                                      0.02142    0.75600 r
  intadd_3_U4/CO (FA1D0)                               0.09140    0.84740 r
  intadd_3_U3/CO (FA1D0)                               0.05068    0.89808 r
  intadd_3_U2/CO (FA1D0)                               0.05864    0.95672 r
  intadd_1_U4/CO (FA1D0)                               0.08312    1.03984 r
  intadd_1_U3/CO (FA1D0)                               0.05068    1.09053 r
  intadd_1_U2/CO (FA1D0)                               0.05443    1.14495 r
  U101/Z (XOR2D0)                                      0.07501    1.21997 f
  U291/ZN (NR2D0)                                      0.05197    1.27194 r
  mult_x_2_U31/S (CMPE42D1)                            0.19480    1.46674 f
  mult_x_2_U30/S (CMPE42D1)                            0.17697    1.64371 f
  intadd_0_U8/CO (FA1D0)                               0.07871    1.72241 f
  intadd_0_U7/CO (FA1D0)                               0.05524    1.77766 f
  intadd_0_U6/CO (FA1D0)                               0.05524    1.83290 f
  intadd_0_U5/CO (FA1D0)                               0.05524    1.88815 f
  intadd_0_U4/CO (FA1D0)                               0.05524    1.94339 f
  intadd_0_U3/CO (FA1D0)                               0.05524    1.99864 f
  intadd_0_U2/CO (FA1D0)                               0.05289    2.05153 f
  U79/ZN (XNR3D0)                                      0.21193    2.26345 r
  U76/ZN (CKND2D0)                                     0.16355    2.42700 f
  U73/Z (OR2D0)                                        0.07805    2.50506 f
  DP_OP_63J1_123_2151_U12/CO (FA1D0)                   0.10378    2.60884 f
  U70/Z (OR2D0)                                        0.04796    2.65680 f
  U68/Z (OR2D0)                                        0.05203    2.70883 f
  U66/Z (OR2D0)                                        0.05679    2.76562 f
  U64/Z (OR2D0)                                        0.05622    2.82184 f
  U193/ZN (NR2D0)                                      0.04253    2.86437 r
  U63/Z (CKXOR2D0)                                     0.05805    2.92242 r
  U60/Z (MUX2D0)                                       0.06134    2.98376 r
  result[30] (out)                                     0.00000    2.98376 r
  data arrival time                                               2.98376

  clock vclk (rise edge)                              10.00000   10.00000
  clock network delay (ideal)                          0.00000   10.00000
  clock reconvergence pessimism                        0.00000   10.00000
  output external delay                               -0.02000    9.98000
  data required time                                              9.98000
  ------------------------------------------------------------------------------
  data required time                                              9.98000
  data arrival time                                              -2.98376
  ------------------------------------------------------------------------------
  slack (MET)                                                     6.99624


  Startpoint: y[22] (input port clocked by vclk)
  Endpoint: result[30] (output port clocked by vclk)
  Path Group: vclk
  Path Type: max

  Point                                                   Incr       Path
  ------------------------------------------------------------------------------
  clock vclk (rise edge)                               0.00000    0.00000
  clock network delay (ideal)                          0.00000    0.00000
  input external delay                                 0.02000    0.02000 r
  y[22] (in)                                           0.00588    0.02588 r
  U210/Z (BUFFD0)                                      0.04514    0.07102 r
  U183/ZN (INVD0)                                      0.04953    0.12055 f
  U168/ZN (NR2D0)                                      0.09070    0.21125 r
  DP_OP_61J1_122_7044_U64/S (CMPE42D1)                 0.18855    0.39980 f
  intadd_1_U9/CO (FA1D0)                               0.10042    0.50022 f
  intadd_1_U8/CO (FA1D0)                               0.05524    0.55546 f
  intadd_1_U7/S (FA1D0)                                0.06603    0.62149 r
  U138/ZN (INVD0)                                      0.02006    0.64155 f
  U49/S (FA1D0)                                        0.09159    0.73314 f
  U127/ZN (INVD0)                                      0.02142    0.75456 r
  intadd_3_U4/CO (FA1D0)                               0.09140    0.84597 r
  intadd_3_U3/CO (FA1D0)                               0.05068    0.89665 r
  intadd_3_U2/CO (FA1D0)                               0.05864    0.95529 r
  intadd_1_U4/CO (FA1D0)                               0.08312    1.03841 r
  intadd_1_U3/CO (FA1D0)                               0.05068    1.08909 r
  intadd_1_U2/CO (FA1D0)                               0.05443    1.14352 r
  U101/Z (XOR2D0)                                      0.07501    1.21853 f
  U291/ZN (NR2D0)                                      0.05197    1.27051 r
  mult_x_2_U31/S (CMPE42D1)                            0.19480    1.46530 f
  mult_x_2_U30/S (CMPE42D1)                            0.17697    1.64227 f
  intadd_0_U8/CO (FA1D0)                               0.07871    1.72098 f
  intadd_0_U7/CO (FA1D0)                               0.05524    1.77622 f
  intadd_0_U6/CO (FA1D0)                               0.05524    1.83147 f
  intadd_0_U5/CO (FA1D0)                               0.05524    1.88671 f
  intadd_0_U4/CO (FA1D0)                               0.05524    1.94196 f
  intadd_0_U3/CO (FA1D0)                               0.05524    1.99720 f
  intadd_0_U2/CO (FA1D0)                               0.05289    2.05009 f
  U79/ZN (XNR3D0)                                      0.21193    2.26202 r
  U76/ZN (CKND2D0)                                     0.16355    2.42557 f
  U73/Z (OR2D0)                                        0.07805    2.50362 f
  DP_OP_63J1_123_2151_U12/CO (FA1D0)                   0.10378    2.60740 f
  U70/Z (OR2D0)                                        0.04796    2.65537 f
  U68/Z (OR2D0)                                        0.05203    2.70739 f
  U66/Z (OR2D0)                                        0.05679    2.76418 f
  U64/Z (OR2D0)                                        0.05622    2.82040 f
  U193/ZN (NR2D0)                                      0.04253    2.86293 r
  U63/Z (CKXOR2D0)                                     0.05805    2.92098 r
  U60/Z (MUX2D0)                                       0.06134    2.98233 r
  result[30] (out)                                     0.00000    2.98233 r
  data arrival time                                               2.98233

  clock vclk (rise edge)                              10.00000   10.00000
  clock network delay (ideal)                          0.00000   10.00000
  clock reconvergence pessimism                        0.00000   10.00000
  output external delay                               -0.02000    9.98000
  data required time                                              9.98000
  ------------------------------------------------------------------------------
  data required time                                              9.98000
  data arrival time                                              -2.98233
  ------------------------------------------------------------------------------
  slack (MET)                                                     6.99767

Warning: report_timing has satisfied the max_paths criteria. There are 23 further endpoints which have paths of interest with slack less than 1000.00000 that were not considered when generating this report. (UITE-502)

1
