****************************************
Report : Averaged Power
	-significant_digits
Design : input_l1_narrow_b6
Version: U-2022.12-SP5
Date   : Sat Sep  5 14:57:43 2026
****************************************



  Attributes
  ----------
      i  -  Including register clock pin internal power
      u  -  User defined power group

                        Internal             Switching            Leakage              Total
Power Group             Power                Power                Power                Power               (     %)   Attrs
----------------------------------------------------------------------------------------------------------------------------
clock_network           0.00000e+00          0.00000e+00          0.00000e+00          0.00000e+00         ( 0.00%)   i
register                0.00000e+00          0.00000e+00          0.00000e+00          0.00000e+00         ( 0.00%)   
combinational           3.85366e-05          1.34343e-05          6.49548e-06          5.84664e-05         (100.00%)  
sequential              0.00000e+00          0.00000e+00          0.00000e+00          0.00000e+00         ( 0.00%)   
memory                  0.00000e+00          0.00000e+00          0.00000e+00          0.00000e+00         ( 0.00%)   
io_pad                  0.00000e+00          0.00000e+00          0.00000e+00          0.00000e+00         ( 0.00%)   
black_box               0.00000e+00          0.00000e+00          0.00000e+00          0.00000e+00         ( 0.00%)   

  Net Switching Power  = 1.34343e-05           (22.98%)
  Cell Internal Power  = 3.85366e-05           (65.91%)
  Cell Leakage Power   = 6.49548e-06           (11.11%)
                         -------------------------
Total Power            = 5.84664e-05          (100.00%)

1
