****************************************
Report : Averaged Power
	-significant_digits
Design : oadm_fixed_l3_mul_canonical
Version: U-2022.12-SP5
Date   : Wed Sep  2 17:07:02 2026
****************************************



  Attributes
  ----------
      i  -  Including register clock pin internal power
      u  -  User defined power group

                        Internal             Switching            Leakage              Total
Power Group             Power                Power                Power                Power               (     %)   Attrs
----------------------------------------------------------------------------------------------------------------------------
clock_network           0.00000e+00          0.00000e+00          0.00000e+00          0.00000e+00         ( 0.00%)   i
register                0.00000e+00          0.00000e+00          0.00000e+00          0.00000e+00         ( 0.00%)   
combinational           6.73713e-05          2.39772e-05          1.22120e-05          1.03560e-04         (100.00%)  
sequential              0.00000e+00          0.00000e+00          0.00000e+00          0.00000e+00         ( 0.00%)   
memory                  0.00000e+00          0.00000e+00          0.00000e+00          0.00000e+00         ( 0.00%)   
io_pad                  0.00000e+00          0.00000e+00          0.00000e+00          0.00000e+00         ( 0.00%)   
black_box               0.00000e+00          0.00000e+00          0.00000e+00          0.00000e+00         ( 0.00%)   

  Net Switching Power  = 2.39772e-05           (23.15%)
  Cell Internal Power  = 6.73713e-05           (65.06%)
  Cell Leakage Power   = 1.22120e-05           (11.79%)
                         -------------------------
Total Power            = 1.03560e-04          (100.00%)

1
