****************************************
Report : reference
Design : oadm_fixed_l1_nopipe
Version: U-2022.12-SP5
Date   : Thu Aug 20 15:17:16 2026
****************************************


Attributes:
    b - black-box (unknown)
    h - hierarchical
    n - noncombinational
    u - contains unmapped logic
    A - abstracted timing model
    E - extracted timing model
    S - Stamp timing model
    Q - Quick timing model (QTM)

Reference          Library       Unit Area   Count    Total Area   Attributes
--------------------------------------------------------------------------------
BUFFD0             tcbn65gplustc_ccs
                                    1.44     1           1.44      
INVD0              tcbn65gplustc_ccs
                                    1.08     86         92.88      
oadm_dm_fixed_nopipe_APPROX_LEVEL1
                                 4578.48     1        4578.48      h
--------------------------------------------------------------------------------
Total 3 references                                    4672.80
1
