****************************************
Report : Averaged Power
	-hierarchy
	-significant_digits
Design : oadm_runtime_mul_nopipe
Version: U-2022.12-SP5
Date   : Thu Aug 20 15:43:28 2026
****************************************



                                      Int      Switch   Leak     Total
Hierarchy                             Power    Power    Power    Power    %
----------------------------------------------------------------------------------
oadm_runtime_mul_nopipe               2.19e-04 6.33e-05 2.73e-05 3.09e-04 100.0
  datapath (oadm_dm_pipe_00)          2.18e-04 6.06e-05 2.71e-05 3.06e-04  98.9
    cut0 (oadm_pipe_cut_174_0)        3.68e-06 1.39e-06 5.60e-07 5.63e-06   1.8
    cut1 (oadm_pipe_cut_201_0)        3.65e-06 1.68e-06 5.73e-07 5.91e-06   1.9
    cut2 (oadm_pipe_cut_159_0)        2.76e-06 2.26e-06 2.61e-07 5.29e-06   1.7
    cut3 (oadm_pipe_cut_51_0)         6.91e-07 2.66e-07 8.27e-08 1.04e-06   0.3
    cut4 (oadm_pipe_cut_71_0)         6.93e-07 2.66e-07 8.27e-08 1.04e-06   0.3
    cut5 (oadm_pipe_cut_43_0)         7.03e-07 6.85e-07 8.27e-08 1.47e-06   0.5
    cut6 (oadm_pipe_cut_32_0)         2.80e-06    0.000 2.04e-07 3.00e-06   1.0
    csa0 (csa3_WIDTH29_2)             2.09e-05 4.11e-06 1.61e-06 2.66e-05   8.6
    csa1 (csa3_WIDTH29_1)             2.35e-05 4.55e-06 1.62e-06 2.97e-05   9.6
    csa2 (csa3_WIDTH29_0)             2.47e-05 4.83e-06 1.62e-06 3.12e-05  10.1
1
