****************************************
Report : qor
Design : oadm_runtime_mul_nopipe
Version: U-2022.12-SP5
Date   : Thu Aug 20 15:43:25 2026
****************************************

  Timing Path Group 'vclk' (max_delay/setup)
  ---------------------------------------------
  Levels of Logic:                           69
  Critical Path Length:                    4.19
  Critical Path Slack:                     2.81
  Total Negative Slack:                    0.00
  No. of Violating Paths:                     0
  ---------------------------------------------

  Timing Path Group 'vclk' (min_delay/hold)
  ---------------------------------------------
  Levels of Logic:                            3
  Critical Path Length:                    0.09
  Critical Path Slack:                     0.09
  Total Negative Slack:                    0.00
  No. of Violating Paths:                     0
  ---------------------------------------------

  Area
  ---------------------------------------------
  Net Interconnect area:                   0.00
  Total cell area:                      5005.79
  Design Area:                          5005.79
  ---------------------------------------------


  Cell & Pin Count
  ---------------------------------------------
  Pin Count:                               5236
  Hierarchical Cell Count:                   11
  Hierarchical Port Count:                 2005
  Leaf Cell Count:                         1518
  ---------------------------------------------


  Design Rule Violations
  ---------------------------------------------
  Total No. of Pins in Design:             5236
  Total DRC Cost:                          0.00
  ---------------------------------------------

1
