 
****************************************
check_design summary:
Version:     U-2022.12-SP7
Date:        Fri Sep  4 19:05:26 2026
****************************************

                   Name                                            Total
--------------------------------------------------------------------------------
Inputs/Outputs                                                    251
    Unloaded inputs (LINT-8)                                        2
    Unconnected ports (LINT-28)                                   214
    Feedthrough (LINT-29)                                           2
    Shorted outputs (LINT-31)                                      16
    Constant outputs (LINT-52)                                     17

Cells                                                             106
    Connected to power or ground (LINT-32)                         98
    Nets connected to multiple pins on same cell (LINT-33)          8

Nets                                                                2
    Unloaded nets (LINT-2)                                          2
--------------------------------------------------------------------------------

Warning: In design 'audit_pace_l3_b6', net 'core/add_128/B[1]' driven by pin 'core/add_128/B[1]' has no loads. (LINT-2)
Warning: In design 'audit_pace_l3_b6', net 'core/add_128/A[0]' driven by pin 'core/add_128/A[0]' has no loads. (LINT-2)
Warning: In design 'Mantissa_Div_L3_MANTISSA_WIDTH6_DW01_add_0', input port 'A[0]' is unloaded. (LINT-8)
Warning: In design 'Mantissa_Div_L3_MANTISSA_WIDTH6_DW01_add_0', input port 'B[1]' is unloaded. (LINT-8)
Warning: In design 'audit_pace_l3_b6', port 'x[16]' is not connected to any nets. (LINT-28)
Warning: In design 'audit_pace_l3_b6', port 'x[15]' is not connected to any nets. (LINT-28)
Warning: In design 'audit_pace_l3_b6', port 'x[14]' is not connected to any nets. (LINT-28)
Warning: In design 'audit_pace_l3_b6', port 'x[13]' is not connected to any nets. (LINT-28)
Warning: In design 'audit_pace_l3_b6', port 'x[12]' is not connected to any nets. (LINT-28)
Warning: In design 'audit_pace_l3_b6', port 'x[11]' is not connected to any nets. (LINT-28)
Warning: In design 'audit_pace_l3_b6', port 'x[10]' is not connected to any nets. (LINT-28)
Warning: In design 'audit_pace_l3_b6', port 'x[9]' is not connected to any nets. (LINT-28)
Warning: In design 'audit_pace_l3_b6', port 'x[8]' is not connected to any nets. (LINT-28)
Warning: In design 'audit_pace_l3_b6', port 'x[7]' is not connected to any nets. (LINT-28)
Warning: In design 'audit_pace_l3_b6', port 'x[6]' is not connected to any nets. (LINT-28)
Warning: In design 'audit_pace_l3_b6', port 'x[5]' is not connected to any nets. (LINT-28)
Warning: In design 'audit_pace_l3_b6', port 'x[4]' is not connected to any nets. (LINT-28)
Warning: In design 'audit_pace_l3_b6', port 'x[3]' is not connected to any nets. (LINT-28)
Warning: In design 'audit_pace_l3_b6', port 'x[2]' is not connected to any nets. (LINT-28)
Warning: In design 'audit_pace_l3_b6', port 'x[1]' is not connected to any nets. (LINT-28)
Warning: In design 'audit_pace_l3_b6', port 'x[0]' is not connected to any nets. (LINT-28)
Warning: In design 'audit_pace_l3_b6', port 'y[16]' is not connected to any nets. (LINT-28)
Warning: In design 'audit_pace_l3_b6', port 'y[15]' is not connected to any nets. (LINT-28)
Warning: In design 'audit_pace_l3_b6', port 'y[14]' is not connected to any nets. (LINT-28)
Warning: In design 'audit_pace_l3_b6', port 'y[13]' is not connected to any nets. (LINT-28)
Warning: In design 'audit_pace_l3_b6', port 'y[12]' is not connected to any nets. (LINT-28)
Warning: In design 'audit_pace_l3_b6', port 'y[11]' is not connected to any nets. (LINT-28)
Warning: In design 'audit_pace_l3_b6', port 'y[10]' is not connected to any nets. (LINT-28)
Warning: In design 'audit_pace_l3_b6', port 'y[9]' is not connected to any nets. (LINT-28)
Warning: In design 'audit_pace_l3_b6', port 'y[8]' is not connected to any nets. (LINT-28)
Warning: In design 'audit_pace_l3_b6', port 'y[7]' is not connected to any nets. (LINT-28)
Warning: In design 'audit_pace_l3_b6', port 'y[6]' is not connected to any nets. (LINT-28)
Warning: In design 'audit_pace_l3_b6', port 'y[5]' is not connected to any nets. (LINT-28)
Warning: In design 'audit_pace_l3_b6', port 'y[4]' is not connected to any nets. (LINT-28)
Warning: In design 'audit_pace_l3_b6', port 'y[3]' is not connected to any nets. (LINT-28)
Warning: In design 'audit_pace_l3_b6', port 'y[2]' is not connected to any nets. (LINT-28)
Warning: In design 'audit_pace_l3_b6', port 'y[1]' is not connected to any nets. (LINT-28)
Warning: In design 'audit_pace_l3_b6', port 'y[0]' is not connected to any nets. (LINT-28)
Warning: In design 'FP_DIV_WRAPPER_32_width_trunc17', port 'x[16]' is not connected to any nets. (LINT-28)
Warning: In design 'FP_DIV_WRAPPER_32_width_trunc17', port 'x[15]' is not connected to any nets. (LINT-28)
Warning: In design 'FP_DIV_WRAPPER_32_width_trunc17', port 'x[14]' is not connected to any nets. (LINT-28)
Warning: In design 'FP_DIV_WRAPPER_32_width_trunc17', port 'x[13]' is not connected to any nets. (LINT-28)
Warning: In design 'FP_DIV_WRAPPER_32_width_trunc17', port 'x[12]' is not connected to any nets. (LINT-28)
Warning: In design 'FP_DIV_WRAPPER_32_width_trunc17', port 'x[11]' is not connected to any nets. (LINT-28)
Warning: In design 'FP_DIV_WRAPPER_32_width_trunc17', port 'x[10]' is not connected to any nets. (LINT-28)
Warning: In design 'FP_DIV_WRAPPER_32_width_trunc17', port 'x[9]' is not connected to any nets. (LINT-28)
Warning: In design 'FP_DIV_WRAPPER_32_width_trunc17', port 'x[8]' is not connected to any nets. (LINT-28)
Warning: In design 'FP_DIV_WRAPPER_32_width_trunc17', port 'x[7]' is not connected to any nets. (LINT-28)
Warning: In design 'FP_DIV_WRAPPER_32_width_trunc17', port 'x[6]' is not connected to any nets. (LINT-28)
Warning: In design 'FP_DIV_WRAPPER_32_width_trunc17', port 'x[5]' is not connected to any nets. (LINT-28)
Warning: In design 'FP_DIV_WRAPPER_32_width_trunc17', port 'x[4]' is not connected to any nets. (LINT-28)
Warning: In design 'FP_DIV_WRAPPER_32_width_trunc17', port 'x[3]' is not connected to any nets. (LINT-28)
Warning: In design 'FP_DIV_WRAPPER_32_width_trunc17', port 'x[2]' is not connected to any nets. (LINT-28)
Warning: In design 'FP_DIV_WRAPPER_32_width_trunc17', port 'x[1]' is not connected to any nets. (LINT-28)
Warning: In design 'FP_DIV_WRAPPER_32_width_trunc17', port 'x[0]' is not connected to any nets. (LINT-28)
Warning: In design 'FP_DIV_WRAPPER_32_width_trunc17', port 'y[16]' is not connected to any nets. (LINT-28)
Warning: In design 'FP_DIV_WRAPPER_32_width_trunc17', port 'y[15]' is not connected to any nets. (LINT-28)
Warning: In design 'FP_DIV_WRAPPER_32_width_trunc17', port 'y[14]' is not connected to any nets. (LINT-28)
Warning: In design 'FP_DIV_WRAPPER_32_width_trunc17', port 'y[13]' is not connected to any nets. (LINT-28)
Warning: In design 'FP_DIV_WRAPPER_32_width_trunc17', port 'y[12]' is not connected to any nets. (LINT-28)
Warning: In design 'FP_DIV_WRAPPER_32_width_trunc17', port 'y[11]' is not connected to any nets. (LINT-28)
Warning: In design 'FP_DIV_WRAPPER_32_width_trunc17', port 'y[10]' is not connected to any nets. (LINT-28)
Warning: In design 'FP_DIV_WRAPPER_32_width_trunc17', port 'y[9]' is not connected to any nets. (LINT-28)
Warning: In design 'FP_DIV_WRAPPER_32_width_trunc17', port 'y[8]' is not connected to any nets. (LINT-28)
Warning: In design 'FP_DIV_WRAPPER_32_width_trunc17', port 'y[7]' is not connected to any nets. (LINT-28)
Warning: In design 'FP_DIV_WRAPPER_32_width_trunc17', port 'y[6]' is not connected to any nets. (LINT-28)
Warning: In design 'FP_DIV_WRAPPER_32_width_trunc17', port 'y[5]' is not connected to any nets. (LINT-28)
Warning: In design 'FP_DIV_WRAPPER_32_width_trunc17', port 'y[4]' is not connected to any nets. (LINT-28)
Warning: In design 'FP_DIV_WRAPPER_32_width_trunc17', port 'y[3]' is not connected to any nets. (LINT-28)
Warning: In design 'FP_DIV_WRAPPER_32_width_trunc17', port 'y[2]' is not connected to any nets. (LINT-28)
Warning: In design 'FP_DIV_WRAPPER_32_width_trunc17', port 'y[1]' is not connected to any nets. (LINT-28)
Warning: In design 'FP_DIV_WRAPPER_32_width_trunc17', port 'y[0]' is not connected to any nets. (LINT-28)
Warning: In design 'FP_DIV_WRAPPER_32_width_trunc17', port 'out0[16]' is not connected to any nets. (LINT-28)
Warning: In design 'FP_DIV_WRAPPER_32_width_trunc17', port 'out0[15]' is not connected to any nets. (LINT-28)
Warning: In design 'FP_DIV_WRAPPER_32_width_trunc17', port 'out0[14]' is not connected to any nets. (LINT-28)
Warning: In design 'FP_DIV_WRAPPER_32_width_trunc17', port 'out0[13]' is not connected to any nets. (LINT-28)
Warning: In design 'FP_DIV_WRAPPER_32_width_trunc17', port 'out0[12]' is not connected to any nets. (LINT-28)
Warning: In design 'FP_DIV_WRAPPER_32_width_trunc17', port 'out0[11]' is not connected to any nets. (LINT-28)
Warning: In design 'FP_DIV_WRAPPER_32_width_trunc17', port 'out0[10]' is not connected to any nets. (LINT-28)
Warning: In design 'FP_DIV_WRAPPER_32_width_trunc17', port 'out0[9]' is not connected to any nets. (LINT-28)
Warning: In design 'FP_DIV_WRAPPER_32_width_trunc17', port 'out0[8]' is not connected to any nets. (LINT-28)
Warning: In design 'FP_DIV_WRAPPER_32_width_trunc17', port 'out0[7]' is not connected to any nets. (LINT-28)
Warning: In design 'FP_DIV_WRAPPER_32_width_trunc17', port 'out0[6]' is not connected to any nets. (LINT-28)
Warning: In design 'FP_DIV_WRAPPER_32_width_trunc17', port 'out0[5]' is not connected to any nets. (LINT-28)
Warning: In design 'FP_DIV_WRAPPER_32_width_trunc17', port 'out0[4]' is not connected to any nets. (LINT-28)
Warning: In design 'FP_DIV_WRAPPER_32_width_trunc17', port 'out0[3]' is not connected to any nets. (LINT-28)
Warning: In design 'FP_DIV_WRAPPER_32_width_trunc17', port 'out0[2]' is not connected to any nets. (LINT-28)
Warning: In design 'FP_DIV_WRAPPER_32_width_trunc17', port 'out0[1]' is not connected to any nets. (LINT-28)
Warning: In design 'FP_DIV_WRAPPER_32_width_trunc17', port 'out0[0]' is not connected to any nets. (LINT-28)
Warning: In design 'CSA3_2_Array_WIDTH8_0', port 'In_1[7]' is not connected to any nets. (LINT-28)
Warning: In design 'CSA3_2_Array_WIDTH8_0', port 'In_1[6]' is not connected to any nets. (LINT-28)
Warning: In design 'CSA3_2_Array_WIDTH8_0', port 'In_1[5]' is not connected to any nets. (LINT-28)
Warning: In design 'CSA3_2_Array_WIDTH8_0', port 'In_1[4]' is not connected to any nets. (LINT-28)
Warning: In design 'CSA3_2_Array_WIDTH8_0', port 'In_1[3]' is not connected to any nets. (LINT-28)
Warning: In design 'CSA3_2_Array_WIDTH8_0', port 'In_1[2]' is not connected to any nets. (LINT-28)
Warning: In design 'CSA3_2_Array_WIDTH8_0', port 'In_1[1]' is not connected to any nets. (LINT-28)
Warning: In design 'CSA3_2_Array_WIDTH8_0', port 'In_1[0]' is not connected to any nets. (LINT-28)
Warning: In design 'CSA3_2_Array_WIDTH8_0', port 'C[7]' is not connected to any nets. (LINT-28)
Warning: In design 'fp32_normal_finite_wrapper', port 'x[16]' is not connected to any nets. (LINT-28)
Warning: In design 'fp32_normal_finite_wrapper', port 'x[15]' is not connected to any nets. (LINT-28)
Warning: In design 'fp32_normal_finite_wrapper', port 'x[14]' is not connected to any nets. (LINT-28)
Warning: In design 'fp32_normal_finite_wrapper', port 'x[13]' is not connected to any nets. (LINT-28)
Warning: In design 'fp32_normal_finite_wrapper', port 'x[12]' is not connected to any nets. (LINT-28)
Warning: In design 'fp32_normal_finite_wrapper', port 'x[11]' is not connected to any nets. (LINT-28)
Warning: In design 'fp32_normal_finite_wrapper', port 'x[10]' is not connected to any nets. (LINT-28)
Warning: In design 'fp32_normal_finite_wrapper', port 'x[9]' is not connected to any nets. (LINT-28)
Warning: In design 'fp32_normal_finite_wrapper', port 'x[8]' is not connected to any nets. (LINT-28)
Warning: In design 'fp32_normal_finite_wrapper', port 'x[7]' is not connected to any nets. (LINT-28)
Warning: In design 'fp32_normal_finite_wrapper', port 'x[6]' is not connected to any nets. (LINT-28)
Warning: In design 'fp32_normal_finite_wrapper', port 'x[5]' is not connected to any nets. (LINT-28)
Warning: In design 'fp32_normal_finite_wrapper', port 'x[4]' is not connected to any nets. (LINT-28)
Warning: In design 'fp32_normal_finite_wrapper', port 'x[3]' is not connected to any nets. (LINT-28)
Warning: In design 'fp32_normal_finite_wrapper', port 'x[2]' is not connected to any nets. (LINT-28)
Warning: In design 'fp32_normal_finite_wrapper', port 'x[1]' is not connected to any nets. (LINT-28)
Warning: In design 'fp32_normal_finite_wrapper', port 'x[0]' is not connected to any nets. (LINT-28)
Warning: In design 'fp32_normal_finite_wrapper', port 'y[16]' is not connected to any nets. (LINT-28)
Warning: In design 'fp32_normal_finite_wrapper', port 'y[15]' is not connected to any nets. (LINT-28)
Warning: In design 'fp32_normal_finite_wrapper', port 'y[14]' is not connected to any nets. (LINT-28)
Warning: In design 'fp32_normal_finite_wrapper', port 'y[13]' is not connected to any nets. (LINT-28)
Warning: In design 'fp32_normal_finite_wrapper', port 'y[12]' is not connected to any nets. (LINT-28)
Warning: In design 'fp32_normal_finite_wrapper', port 'y[11]' is not connected to any nets. (LINT-28)
Warning: In design 'fp32_normal_finite_wrapper', port 'y[10]' is not connected to any nets. (LINT-28)
Warning: In design 'fp32_normal_finite_wrapper', port 'y[9]' is not connected to any nets. (LINT-28)
Warning: In design 'fp32_normal_finite_wrapper', port 'y[8]' is not connected to any nets. (LINT-28)
Warning: In design 'fp32_normal_finite_wrapper', port 'y[7]' is not connected to any nets. (LINT-28)
Warning: In design 'fp32_normal_finite_wrapper', port 'y[6]' is not connected to any nets. (LINT-28)
Warning: In design 'fp32_normal_finite_wrapper', port 'y[5]' is not connected to any nets. (LINT-28)
Warning: In design 'fp32_normal_finite_wrapper', port 'y[4]' is not connected to any nets. (LINT-28)
Warning: In design 'fp32_normal_finite_wrapper', port 'y[3]' is not connected to any nets. (LINT-28)
Warning: In design 'fp32_normal_finite_wrapper', port 'y[2]' is not connected to any nets. (LINT-28)
Warning: In design 'fp32_normal_finite_wrapper', port 'y[1]' is not connected to any nets. (LINT-28)
Warning: In design 'fp32_normal_finite_wrapper', port 'y[0]' is not connected to any nets. (LINT-28)
Warning: In design 'fp32_normal_finite_wrapper', port 'divide_mode' is not connected to any nets. (LINT-28)
Warning: In design 'fp32_normal_finite_wrapper', port 'fraction_x[16]' is not connected to any nets. (LINT-28)
Warning: In design 'fp32_normal_finite_wrapper', port 'fraction_x[15]' is not connected to any nets. (LINT-28)
Warning: In design 'fp32_normal_finite_wrapper', port 'fraction_x[14]' is not connected to any nets. (LINT-28)
Warning: In design 'fp32_normal_finite_wrapper', port 'fraction_x[13]' is not connected to any nets. (LINT-28)
Warning: In design 'fp32_normal_finite_wrapper', port 'fraction_x[12]' is not connected to any nets. (LINT-28)
Warning: In design 'fp32_normal_finite_wrapper', port 'fraction_x[11]' is not connected to any nets. (LINT-28)
Warning: In design 'fp32_normal_finite_wrapper', port 'fraction_x[10]' is not connected to any nets. (LINT-28)
Warning: In design 'fp32_normal_finite_wrapper', port 'fraction_x[9]' is not connected to any nets. (LINT-28)
Warning: In design 'fp32_normal_finite_wrapper', port 'fraction_x[8]' is not connected to any nets. (LINT-28)
Warning: In design 'fp32_normal_finite_wrapper', port 'fraction_x[7]' is not connected to any nets. (LINT-28)
Warning: In design 'fp32_normal_finite_wrapper', port 'fraction_x[6]' is not connected to any nets. (LINT-28)
Warning: In design 'fp32_normal_finite_wrapper', port 'fraction_x[5]' is not connected to any nets. (LINT-28)
Warning: In design 'fp32_normal_finite_wrapper', port 'fraction_x[4]' is not connected to any nets. (LINT-28)
Warning: In design 'fp32_normal_finite_wrapper', port 'fraction_x[3]' is not connected to any nets. (LINT-28)
Warning: In design 'fp32_normal_finite_wrapper', port 'fraction_x[2]' is not connected to any nets. (LINT-28)
Warning: In design 'fp32_normal_finite_wrapper', port 'fraction_x[1]' is not connected to any nets. (LINT-28)
Warning: In design 'fp32_normal_finite_wrapper', port 'fraction_x[0]' is not connected to any nets. (LINT-28)
Warning: In design 'fp32_normal_finite_wrapper', port 'fraction_y[16]' is not connected to any nets. (LINT-28)
Warning: In design 'fp32_normal_finite_wrapper', port 'fraction_y[15]' is not connected to any nets. (LINT-28)
Warning: In design 'fp32_normal_finite_wrapper', port 'fraction_y[14]' is not connected to any nets. (LINT-28)
Warning: In design 'fp32_normal_finite_wrapper', port 'fraction_y[13]' is not connected to any nets. (LINT-28)
Warning: In design 'fp32_normal_finite_wrapper', port 'fraction_y[12]' is not connected to any nets. (LINT-28)
Warning: In design 'fp32_normal_finite_wrapper', port 'fraction_y[11]' is not connected to any nets. (LINT-28)
Warning: In design 'fp32_normal_finite_wrapper', port 'fraction_y[10]' is not connected to any nets. (LINT-28)
Warning: In design 'fp32_normal_finite_wrapper', port 'fraction_y[9]' is not connected to any nets. (LINT-28)
Warning: In design 'fp32_normal_finite_wrapper', port 'fraction_y[8]' is not connected to any nets. (LINT-28)
Warning: In design 'fp32_normal_finite_wrapper', port 'fraction_y[7]' is not connected to any nets. (LINT-28)
Warning: In design 'fp32_normal_finite_wrapper', port 'fraction_y[6]' is not connected to any nets. (LINT-28)
Warning: In design 'fp32_normal_finite_wrapper', port 'fraction_y[5]' is not connected to any nets. (LINT-28)
Warning: In design 'fp32_normal_finite_wrapper', port 'fraction_y[4]' is not connected to any nets. (LINT-28)
Warning: In design 'fp32_normal_finite_wrapper', port 'fraction_y[3]' is not connected to any nets. (LINT-28)
Warning: In design 'fp32_normal_finite_wrapper', port 'fraction_y[2]' is not connected to any nets. (LINT-28)
Warning: In design 'fp32_normal_finite_wrapper', port 'fraction_y[1]' is not connected to any nets. (LINT-28)
Warning: In design 'fp32_normal_finite_wrapper', port 'fraction_y[0]' is not connected to any nets. (LINT-28)
Warning: In design 'fp32_normal_finite_wrapper', port 'result_fraction[16]' is not connected to any nets. (LINT-28)
Warning: In design 'fp32_normal_finite_wrapper', port 'result_fraction[15]' is not connected to any nets. (LINT-28)
Warning: In design 'fp32_normal_finite_wrapper', port 'result_fraction[14]' is not connected to any nets. (LINT-28)
Warning: In design 'fp32_normal_finite_wrapper', port 'result_fraction[13]' is not connected to any nets. (LINT-28)
Warning: In design 'fp32_normal_finite_wrapper', port 'result_fraction[12]' is not connected to any nets. (LINT-28)
Warning: In design 'fp32_normal_finite_wrapper', port 'result_fraction[11]' is not connected to any nets. (LINT-28)
Warning: In design 'fp32_normal_finite_wrapper', port 'result_fraction[10]' is not connected to any nets. (LINT-28)
Warning: In design 'fp32_normal_finite_wrapper', port 'result_fraction[9]' is not connected to any nets. (LINT-28)
Warning: In design 'fp32_normal_finite_wrapper', port 'result_fraction[8]' is not connected to any nets. (LINT-28)
Warning: In design 'fp32_normal_finite_wrapper', port 'result_fraction[7]' is not connected to any nets. (LINT-28)
Warning: In design 'fp32_normal_finite_wrapper', port 'result_fraction[6]' is not connected to any nets. (LINT-28)
Warning: In design 'fp32_normal_finite_wrapper', port 'result_fraction[5]' is not connected to any nets. (LINT-28)
Warning: In design 'fp32_normal_finite_wrapper', port 'result_fraction[4]' is not connected to any nets. (LINT-28)
Warning: In design 'fp32_normal_finite_wrapper', port 'result_fraction[3]' is not connected to any nets. (LINT-28)
Warning: In design 'fp32_normal_finite_wrapper', port 'result_fraction[2]' is not connected to any nets. (LINT-28)
Warning: In design 'fp32_normal_finite_wrapper', port 'result_fraction[1]' is not connected to any nets. (LINT-28)
Warning: In design 'fp32_normal_finite_wrapper', port 'result_fraction[0]' is not connected to any nets. (LINT-28)
Warning: In design 'fp32_normal_finite_wrapper', port 'result[16]' is not connected to any nets. (LINT-28)
Warning: In design 'fp32_normal_finite_wrapper', port 'result[15]' is not connected to any nets. (LINT-28)
Warning: In design 'fp32_normal_finite_wrapper', port 'result[14]' is not connected to any nets. (LINT-28)
Warning: In design 'fp32_normal_finite_wrapper', port 'result[13]' is not connected to any nets. (LINT-28)
Warning: In design 'fp32_normal_finite_wrapper', port 'result[12]' is not connected to any nets. (LINT-28)
Warning: In design 'fp32_normal_finite_wrapper', port 'result[11]' is not connected to any nets. (LINT-28)
Warning: In design 'fp32_normal_finite_wrapper', port 'result[10]' is not connected to any nets. (LINT-28)
Warning: In design 'fp32_normal_finite_wrapper', port 'result[9]' is not connected to any nets. (LINT-28)
Warning: In design 'fp32_normal_finite_wrapper', port 'result[8]' is not connected to any nets. (LINT-28)
Warning: In design 'fp32_normal_finite_wrapper', port 'result[7]' is not connected to any nets. (LINT-28)
Warning: In design 'fp32_normal_finite_wrapper', port 'result[6]' is not connected to any nets. (LINT-28)
Warning: In design 'fp32_normal_finite_wrapper', port 'result[5]' is not connected to any nets. (LINT-28)
Warning: In design 'fp32_normal_finite_wrapper', port 'result[4]' is not connected to any nets. (LINT-28)
Warning: In design 'fp32_normal_finite_wrapper', port 'result[3]' is not connected to any nets. (LINT-28)
Warning: In design 'fp32_normal_finite_wrapper', port 'result[2]' is not connected to any nets. (LINT-28)
Warning: In design 'fp32_normal_finite_wrapper', port 'result[1]' is not connected to any nets. (LINT-28)
Warning: In design 'fp32_normal_finite_wrapper', port 'result[0]' is not connected to any nets. (LINT-28)
Warning: In design 'CSA3_2_Array_WIDTH8_1', port 'In_2[0]' is not connected to any nets. (LINT-28)
Warning: In design 'CSA3_2_Array_WIDTH8_1', port 'In_3[0]' is not connected to any nets. (LINT-28)
Warning: In design 'CSA3_2_Array_WIDTH8_1', port 'C[7]' is not connected to any nets. (LINT-28)
Warning: In design 'CSA3_2_Array_WIDTH8_1', port 'C[0]' is not connected to any nets. (LINT-28)
Warning: In design 'CSA3_2_Array_WIDTH8_2', port 'In_2[0]' is not connected to any nets. (LINT-28)
Warning: In design 'CSA3_2_Array_WIDTH8_2', port 'C[7]' is not connected to any nets. (LINT-28)
Warning: In design 'CSA3_2_Array_WIDTH8_3', port 'C[7]' is not connected to any nets. (LINT-28)
Warning: In design 'Mantissa_Div_L3_MANTISSA_WIDTH6_DW01_add_0', port 'B[0]' is not connected to any nets. (LINT-28)
Warning: In design 'Mantissa_Div_L3_MANTISSA_WIDTH6_DW01_add_0', port 'CI' is not connected to any nets. (LINT-28)
Warning: In design 'Mantissa_Div_L3_MANTISSA_WIDTH6_DW01_add_0', port 'SUM[0]' is not connected to any nets. (LINT-28)
Warning: In design 'Mantissa_Div_L3_MANTISSA_WIDTH6_DW01_add_0', port 'CO' is not connected to any nets. (LINT-28)
Warning: In design 'Mantissa_Div_L3_MANTISSA_WIDTH6_DW01_sub_1_DW01_sub_2', port 'A[6]' is not connected to any nets. (LINT-28)
Warning: In design 'Mantissa_Div_L3_MANTISSA_WIDTH6_DW01_sub_1_DW01_sub_2', port 'B[6]' is not connected to any nets. (LINT-28)
Warning: In design 'Mantissa_Div_L3_MANTISSA_WIDTH6_DW01_sub_1_DW01_sub_2', port 'CI' is not connected to any nets. (LINT-28)
Warning: In design 'Mantissa_Div_L3_MANTISSA_WIDTH6_DW01_sub_1_DW01_sub_2', port 'CO' is not connected to any nets. (LINT-28)
Warning: In design 'fp32_normal_finite_wrapper_DW01_add_1_DW01_add_2', port 'CI' is not connected to any nets. (LINT-28)
Warning: In design 'fp32_normal_finite_wrapper_DW01_add_1_DW01_add_2', port 'CO' is not connected to any nets. (LINT-28)
Warning: In design 'CSA3_2_Array_WIDTH8_1', input port 'In_1[0]' is connected directly to output port 'S[0]'. (LINT-29)
Warning: In design 'Mantissa_Div_L3_MANTISSA_WIDTH6_DW01_add_0', input port 'A[1]' is connected directly to output port 'SUM[1]'. (LINT-29)
Warning: In design 'audit_pace_l3_b6', output port 'result[16]' is connected directly to output port 'result[0]'. (LINT-31)
Warning: In design 'audit_pace_l3_b6', output port 'result[16]' is connected directly to output port 'result[1]'. (LINT-31)
Warning: In design 'audit_pace_l3_b6', output port 'result[16]' is connected directly to output port 'result[2]'. (LINT-31)
Warning: In design 'audit_pace_l3_b6', output port 'result[16]' is connected directly to output port 'result[3]'. (LINT-31)
Warning: In design 'audit_pace_l3_b6', output port 'result[16]' is connected directly to output port 'result[4]'. (LINT-31)
Warning: In design 'audit_pace_l3_b6', output port 'result[16]' is connected directly to output port 'result[5]'. (LINT-31)
Warning: In design 'audit_pace_l3_b6', output port 'result[16]' is connected directly to output port 'result[6]'. (LINT-31)
Warning: In design 'audit_pace_l3_b6', output port 'result[16]' is connected directly to output port 'result[7]'. (LINT-31)
Warning: In design 'audit_pace_l3_b6', output port 'result[16]' is connected directly to output port 'result[8]'. (LINT-31)
Warning: In design 'audit_pace_l3_b6', output port 'result[16]' is connected directly to output port 'result[9]'. (LINT-31)
Warning: In design 'audit_pace_l3_b6', output port 'result[16]' is connected directly to output port 'result[10]'. (LINT-31)
Warning: In design 'audit_pace_l3_b6', output port 'result[16]' is connected directly to output port 'result[11]'. (LINT-31)
Warning: In design 'audit_pace_l3_b6', output port 'result[16]' is connected directly to output port 'result[12]'. (LINT-31)
Warning: In design 'audit_pace_l3_b6', output port 'result[16]' is connected directly to output port 'result[13]'. (LINT-31)
Warning: In design 'audit_pace_l3_b6', output port 'result[16]' is connected directly to output port 'result[14]'. (LINT-31)
Warning: In design 'audit_pace_l3_b6', output port 'result[16]' is connected directly to output port 'result[15]'. (LINT-31)
Warning: In design 'audit_pace_l3_b6', a pin on submodule 'wrapper' is connected to logic 1 or logic 0. (LINT-32)
   Pin 'x[16]' is connected to logic 0. 
Warning: In design 'audit_pace_l3_b6', a pin on submodule 'wrapper' is connected to logic 1 or logic 0. (LINT-32)
   Pin 'x[15]' is connected to logic 0. 
Warning: In design 'audit_pace_l3_b6', a pin on submodule 'wrapper' is connected to logic 1 or logic 0. (LINT-32)
   Pin 'x[14]' is connected to logic 0. 
Warning: In design 'audit_pace_l3_b6', a pin on submodule 'wrapper' is connected to logic 1 or logic 0. (LINT-32)
   Pin 'x[13]' is connected to logic 0. 
Warning: In design 'audit_pace_l3_b6', a pin on submodule 'wrapper' is connected to logic 1 or logic 0. (LINT-32)
   Pin 'x[12]' is connected to logic 0. 
Warning: In design 'audit_pace_l3_b6', a pin on submodule 'wrapper' is connected to logic 1 or logic 0. (LINT-32)
   Pin 'x[11]' is connected to logic 0. 
Warning: In design 'audit_pace_l3_b6', a pin on submodule 'wrapper' is connected to logic 1 or logic 0. (LINT-32)
   Pin 'x[10]' is connected to logic 0. 
Warning: In design 'audit_pace_l3_b6', a pin on submodule 'wrapper' is connected to logic 1 or logic 0. (LINT-32)
   Pin 'x[9]' is connected to logic 0. 
Warning: In design 'audit_pace_l3_b6', a pin on submodule 'wrapper' is connected to logic 1 or logic 0. (LINT-32)
   Pin 'x[8]' is connected to logic 0. 
Warning: In design 'audit_pace_l3_b6', a pin on submodule 'wrapper' is connected to logic 1 or logic 0. (LINT-32)
   Pin 'x[7]' is connected to logic 0. 
Warning: In design 'audit_pace_l3_b6', a pin on submodule 'wrapper' is connected to logic 1 or logic 0. (LINT-32)
   Pin 'x[6]' is connected to logic 0. 
Warning: In design 'audit_pace_l3_b6', a pin on submodule 'wrapper' is connected to logic 1 or logic 0. (LINT-32)
   Pin 'x[5]' is connected to logic 0. 
Warning: In design 'audit_pace_l3_b6', a pin on submodule 'wrapper' is connected to logic 1 or logic 0. (LINT-32)
   Pin 'x[4]' is connected to logic 0. 
Warning: In design 'audit_pace_l3_b6', a pin on submodule 'wrapper' is connected to logic 1 or logic 0. (LINT-32)
   Pin 'x[3]' is connected to logic 0. 
Warning: In design 'audit_pace_l3_b6', a pin on submodule 'wrapper' is connected to logic 1 or logic 0. (LINT-32)
   Pin 'x[2]' is connected to logic 0. 
Warning: In design 'audit_pace_l3_b6', a pin on submodule 'wrapper' is connected to logic 1 or logic 0. (LINT-32)
   Pin 'x[1]' is connected to logic 0. 
Warning: In design 'audit_pace_l3_b6', a pin on submodule 'wrapper' is connected to logic 1 or logic 0. (LINT-32)
   Pin 'x[0]' is connected to logic 0. 
Warning: In design 'audit_pace_l3_b6', a pin on submodule 'wrapper' is connected to logic 1 or logic 0. (LINT-32)
   Pin 'y[16]' is connected to logic 0. 
Warning: In design 'audit_pace_l3_b6', a pin on submodule 'wrapper' is connected to logic 1 or logic 0. (LINT-32)
   Pin 'y[15]' is connected to logic 0. 
Warning: In design 'audit_pace_l3_b6', a pin on submodule 'wrapper' is connected to logic 1 or logic 0. (LINT-32)
   Pin 'y[14]' is connected to logic 0. 
Warning: In design 'audit_pace_l3_b6', a pin on submodule 'wrapper' is connected to logic 1 or logic 0. (LINT-32)
   Pin 'y[13]' is connected to logic 0. 
Warning: In design 'audit_pace_l3_b6', a pin on submodule 'wrapper' is connected to logic 1 or logic 0. (LINT-32)
   Pin 'y[12]' is connected to logic 0. 
Warning: In design 'audit_pace_l3_b6', a pin on submodule 'wrapper' is connected to logic 1 or logic 0. (LINT-32)
   Pin 'y[11]' is connected to logic 0. 
Warning: In design 'audit_pace_l3_b6', a pin on submodule 'wrapper' is connected to logic 1 or logic 0. (LINT-32)
   Pin 'y[10]' is connected to logic 0. 
Warning: In design 'audit_pace_l3_b6', a pin on submodule 'wrapper' is connected to logic 1 or logic 0. (LINT-32)
   Pin 'y[9]' is connected to logic 0. 
Warning: In design 'audit_pace_l3_b6', a pin on submodule 'wrapper' is connected to logic 1 or logic 0. (LINT-32)
   Pin 'y[8]' is connected to logic 0. 
Warning: In design 'audit_pace_l3_b6', a pin on submodule 'wrapper' is connected to logic 1 or logic 0. (LINT-32)
   Pin 'y[7]' is connected to logic 0. 
Warning: In design 'audit_pace_l3_b6', a pin on submodule 'wrapper' is connected to logic 1 or logic 0. (LINT-32)
   Pin 'y[6]' is connected to logic 0. 
Warning: In design 'audit_pace_l3_b6', a pin on submodule 'wrapper' is connected to logic 1 or logic 0. (LINT-32)
   Pin 'y[5]' is connected to logic 0. 
Warning: In design 'audit_pace_l3_b6', a pin on submodule 'wrapper' is connected to logic 1 or logic 0. (LINT-32)
   Pin 'y[4]' is connected to logic 0. 
Warning: In design 'audit_pace_l3_b6', a pin on submodule 'wrapper' is connected to logic 1 or logic 0. (LINT-32)
   Pin 'y[3]' is connected to logic 0. 
Warning: In design 'audit_pace_l3_b6', a pin on submodule 'wrapper' is connected to logic 1 or logic 0. (LINT-32)
   Pin 'y[2]' is connected to logic 0. 
Warning: In design 'audit_pace_l3_b6', a pin on submodule 'wrapper' is connected to logic 1 or logic 0. (LINT-32)
   Pin 'y[1]' is connected to logic 0. 
Warning: In design 'audit_pace_l3_b6', a pin on submodule 'wrapper' is connected to logic 1 or logic 0. (LINT-32)
   Pin 'y[0]' is connected to logic 0. 
Warning: In design 'Mantissa_Div_L3_MANTISSA_WIDTH6', a pin on submodule 'Stage_1_1' is connected to logic 1 or logic 0. (LINT-32)
   Pin 'In_1[7]' is connected to logic 0. 
Warning: In design 'Mantissa_Div_L3_MANTISSA_WIDTH6', a pin on submodule 'Stage_1_1' is connected to logic 1 or logic 0. (LINT-32)
   Pin 'In_1[6]' is connected to logic 0. 
Warning: In design 'Mantissa_Div_L3_MANTISSA_WIDTH6', a pin on submodule 'Stage_1_1' is connected to logic 1 or logic 0. (LINT-32)
   Pin 'In_1[5]' is connected to logic 0. 
Warning: In design 'Mantissa_Div_L3_MANTISSA_WIDTH6', a pin on submodule 'Stage_1_1' is connected to logic 1 or logic 0. (LINT-32)
   Pin 'In_1[4]' is connected to logic 0. 
Warning: In design 'Mantissa_Div_L3_MANTISSA_WIDTH6', a pin on submodule 'Stage_1_1' is connected to logic 1 or logic 0. (LINT-32)
   Pin 'In_1[3]' is connected to logic 0. 
Warning: In design 'Mantissa_Div_L3_MANTISSA_WIDTH6', a pin on submodule 'Stage_1_1' is connected to logic 1 or logic 0. (LINT-32)
   Pin 'In_1[2]' is connected to logic 0. 
Warning: In design 'Mantissa_Div_L3_MANTISSA_WIDTH6', a pin on submodule 'Stage_1_1' is connected to logic 1 or logic 0. (LINT-32)
   Pin 'In_1[1]' is connected to logic 0. 
Warning: In design 'Mantissa_Div_L3_MANTISSA_WIDTH6', a pin on submodule 'Stage_1_1' is connected to logic 1 or logic 0. (LINT-32)
   Pin 'In_1[0]' is connected to logic 0. 
Warning: In design 'Mantissa_Div_L3_MANTISSA_WIDTH6', a pin on submodule 'Stage_2_1' is connected to logic 1 or logic 0. (LINT-32)
   Pin 'In_2[0]' is connected to logic 0. 
Warning: In design 'Mantissa_Div_L3_MANTISSA_WIDTH6', a pin on submodule 'Stage_3_1' is connected to logic 1 or logic 0. (LINT-32)
   Pin 'In_2[0]' is connected to logic 0. 
Warning: In design 'Mantissa_Div_L3_MANTISSA_WIDTH6', a pin on submodule 'Stage_3_1' is connected to logic 1 or logic 0. (LINT-32)
   Pin 'In_3[0]' is connected to logic 0. 
Warning: In design 'Mantissa_Div_L3_MANTISSA_WIDTH6', a pin on submodule 'add_128' is connected to logic 1 or logic 0. (LINT-32)
   Pin 'B[1]' is connected to logic 0. 
Warning: In design 'FP_DIV_WRAPPER_32_width_trunc17', a pin on submodule 'shared_wrapper' is connected to logic 1 or logic 0. (LINT-32)
   Pin 'x[16]' is connected to logic 0. 
Warning: In design 'FP_DIV_WRAPPER_32_width_trunc17', a pin on submodule 'shared_wrapper' is connected to logic 1 or logic 0. (LINT-32)
   Pin 'x[15]' is connected to logic 0. 
Warning: In design 'FP_DIV_WRAPPER_32_width_trunc17', a pin on submodule 'shared_wrapper' is connected to logic 1 or logic 0. (LINT-32)
   Pin 'x[14]' is connected to logic 0. 
Warning: In design 'FP_DIV_WRAPPER_32_width_trunc17', a pin on submodule 'shared_wrapper' is connected to logic 1 or logic 0. (LINT-32)
   Pin 'x[13]' is connected to logic 0. 
Warning: In design 'FP_DIV_WRAPPER_32_width_trunc17', a pin on submodule 'shared_wrapper' is connected to logic 1 or logic 0. (LINT-32)
   Pin 'x[12]' is connected to logic 0. 
Warning: In design 'FP_DIV_WRAPPER_32_width_trunc17', a pin on submodule 'shared_wrapper' is connected to logic 1 or logic 0. (LINT-32)
   Pin 'x[11]' is connected to logic 0. 
Warning: In design 'FP_DIV_WRAPPER_32_width_trunc17', a pin on submodule 'shared_wrapper' is connected to logic 1 or logic 0. (LINT-32)
   Pin 'x[10]' is connected to logic 0. 
Warning: In design 'FP_DIV_WRAPPER_32_width_trunc17', a pin on submodule 'shared_wrapper' is connected to logic 1 or logic 0. (LINT-32)
   Pin 'x[9]' is connected to logic 0. 
Warning: In design 'FP_DIV_WRAPPER_32_width_trunc17', a pin on submodule 'shared_wrapper' is connected to logic 1 or logic 0. (LINT-32)
   Pin 'x[8]' is connected to logic 0. 
Warning: In design 'FP_DIV_WRAPPER_32_width_trunc17', a pin on submodule 'shared_wrapper' is connected to logic 1 or logic 0. (LINT-32)
   Pin 'x[7]' is connected to logic 0. 
Warning: In design 'FP_DIV_WRAPPER_32_width_trunc17', a pin on submodule 'shared_wrapper' is connected to logic 1 or logic 0. (LINT-32)
   Pin 'x[6]' is connected to logic 0. 
Warning: In design 'FP_DIV_WRAPPER_32_width_trunc17', a pin on submodule 'shared_wrapper' is connected to logic 1 or logic 0. (LINT-32)
   Pin 'x[5]' is connected to logic 0. 
Warning: In design 'FP_DIV_WRAPPER_32_width_trunc17', a pin on submodule 'shared_wrapper' is connected to logic 1 or logic 0. (LINT-32)
   Pin 'x[4]' is connected to logic 0. 
Warning: In design 'FP_DIV_WRAPPER_32_width_trunc17', a pin on submodule 'shared_wrapper' is connected to logic 1 or logic 0. (LINT-32)
   Pin 'x[3]' is connected to logic 0. 
Warning: In design 'FP_DIV_WRAPPER_32_width_trunc17', a pin on submodule 'shared_wrapper' is connected to logic 1 or logic 0. (LINT-32)
   Pin 'x[2]' is connected to logic 0. 
Warning: In design 'FP_DIV_WRAPPER_32_width_trunc17', a pin on submodule 'shared_wrapper' is connected to logic 1 or logic 0. (LINT-32)
   Pin 'x[1]' is connected to logic 0. 
Warning: In design 'FP_DIV_WRAPPER_32_width_trunc17', a pin on submodule 'shared_wrapper' is connected to logic 1 or logic 0. (LINT-32)
   Pin 'x[0]' is connected to logic 0. 
Warning: In design 'FP_DIV_WRAPPER_32_width_trunc17', a pin on submodule 'shared_wrapper' is connected to logic 1 or logic 0. (LINT-32)
   Pin 'y[16]' is connected to logic 0. 
Warning: In design 'FP_DIV_WRAPPER_32_width_trunc17', a pin on submodule 'shared_wrapper' is connected to logic 1 or logic 0. (LINT-32)
   Pin 'y[15]' is connected to logic 0. 
Warning: In design 'FP_DIV_WRAPPER_32_width_trunc17', a pin on submodule 'shared_wrapper' is connected to logic 1 or logic 0. (LINT-32)
   Pin 'y[14]' is connected to logic 0. 
Warning: In design 'FP_DIV_WRAPPER_32_width_trunc17', a pin on submodule 'shared_wrapper' is connected to logic 1 or logic 0. (LINT-32)
   Pin 'y[13]' is connected to logic 0. 
Warning: In design 'FP_DIV_WRAPPER_32_width_trunc17', a pin on submodule 'shared_wrapper' is connected to logic 1 or logic 0. (LINT-32)
   Pin 'y[12]' is connected to logic 0. 
Warning: In design 'FP_DIV_WRAPPER_32_width_trunc17', a pin on submodule 'shared_wrapper' is connected to logic 1 or logic 0. (LINT-32)
   Pin 'y[11]' is connected to logic 0. 
Warning: In design 'FP_DIV_WRAPPER_32_width_trunc17', a pin on submodule 'shared_wrapper' is connected to logic 1 or logic 0. (LINT-32)
   Pin 'y[10]' is connected to logic 0. 
Warning: In design 'FP_DIV_WRAPPER_32_width_trunc17', a pin on submodule 'shared_wrapper' is connected to logic 1 or logic 0. (LINT-32)
   Pin 'y[9]' is connected to logic 0. 
Warning: In design 'FP_DIV_WRAPPER_32_width_trunc17', a pin on submodule 'shared_wrapper' is connected to logic 1 or logic 0. (LINT-32)
   Pin 'y[8]' is connected to logic 0. 
Warning: In design 'FP_DIV_WRAPPER_32_width_trunc17', a pin on submodule 'shared_wrapper' is connected to logic 1 or logic 0. (LINT-32)
   Pin 'y[7]' is connected to logic 0. 
Warning: In design 'FP_DIV_WRAPPER_32_width_trunc17', a pin on submodule 'shared_wrapper' is connected to logic 1 or logic 0. (LINT-32)
   Pin 'y[6]' is connected to logic 0. 
Warning: In design 'FP_DIV_WRAPPER_32_width_trunc17', a pin on submodule 'shared_wrapper' is connected to logic 1 or logic 0. (LINT-32)
   Pin 'y[5]' is connected to logic 0. 
Warning: In design 'FP_DIV_WRAPPER_32_width_trunc17', a pin on submodule 'shared_wrapper' is connected to logic 1 or logic 0. (LINT-32)
   Pin 'y[4]' is connected to logic 0. 
Warning: In design 'FP_DIV_WRAPPER_32_width_trunc17', a pin on submodule 'shared_wrapper' is connected to logic 1 or logic 0. (LINT-32)
   Pin 'y[3]' is connected to logic 0. 
Warning: In design 'FP_DIV_WRAPPER_32_width_trunc17', a pin on submodule 'shared_wrapper' is connected to logic 1 or logic 0. (LINT-32)
   Pin 'y[2]' is connected to logic 0. 
Warning: In design 'FP_DIV_WRAPPER_32_width_trunc17', a pin on submodule 'shared_wrapper' is connected to logic 1 or logic 0. (LINT-32)
   Pin 'y[1]' is connected to logic 0. 
Warning: In design 'FP_DIV_WRAPPER_32_width_trunc17', a pin on submodule 'shared_wrapper' is connected to logic 1 or logic 0. (LINT-32)
   Pin 'y[0]' is connected to logic 0. 
Warning: In design 'FP_DIV_WRAPPER_32_width_trunc17', a pin on submodule 'shared_wrapper' is connected to logic 1 or logic 0. (LINT-32)
   Pin 'divide_mode' is connected to logic 0. 
Warning: In design 'FP_DIV_WRAPPER_32_width_trunc17', a pin on submodule 'shared_wrapper' is connected to logic 1 or logic 0. (LINT-32)
   Pin 'result_fraction[16]' is connected to logic 0. 
Warning: In design 'FP_DIV_WRAPPER_32_width_trunc17', a pin on submodule 'shared_wrapper' is connected to logic 1 or logic 0. (LINT-32)
   Pin 'result_fraction[15]' is connected to logic 0. 
Warning: In design 'FP_DIV_WRAPPER_32_width_trunc17', a pin on submodule 'shared_wrapper' is connected to logic 1 or logic 0. (LINT-32)
   Pin 'result_fraction[14]' is connected to logic 0. 
Warning: In design 'FP_DIV_WRAPPER_32_width_trunc17', a pin on submodule 'shared_wrapper' is connected to logic 1 or logic 0. (LINT-32)
   Pin 'result_fraction[13]' is connected to logic 0. 
Warning: In design 'FP_DIV_WRAPPER_32_width_trunc17', a pin on submodule 'shared_wrapper' is connected to logic 1 or logic 0. (LINT-32)
   Pin 'result_fraction[12]' is connected to logic 0. 
Warning: In design 'FP_DIV_WRAPPER_32_width_trunc17', a pin on submodule 'shared_wrapper' is connected to logic 1 or logic 0. (LINT-32)
   Pin 'result_fraction[11]' is connected to logic 0. 
Warning: In design 'FP_DIV_WRAPPER_32_width_trunc17', a pin on submodule 'shared_wrapper' is connected to logic 1 or logic 0. (LINT-32)
   Pin 'result_fraction[10]' is connected to logic 0. 
Warning: In design 'FP_DIV_WRAPPER_32_width_trunc17', a pin on submodule 'shared_wrapper' is connected to logic 1 or logic 0. (LINT-32)
   Pin 'result_fraction[9]' is connected to logic 0. 
Warning: In design 'FP_DIV_WRAPPER_32_width_trunc17', a pin on submodule 'shared_wrapper' is connected to logic 1 or logic 0. (LINT-32)
   Pin 'result_fraction[8]' is connected to logic 0. 
Warning: In design 'FP_DIV_WRAPPER_32_width_trunc17', a pin on submodule 'shared_wrapper' is connected to logic 1 or logic 0. (LINT-32)
   Pin 'result_fraction[7]' is connected to logic 0. 
Warning: In design 'FP_DIV_WRAPPER_32_width_trunc17', a pin on submodule 'shared_wrapper' is connected to logic 1 or logic 0. (LINT-32)
   Pin 'result_fraction[6]' is connected to logic 0. 
Warning: In design 'FP_DIV_WRAPPER_32_width_trunc17', a pin on submodule 'shared_wrapper' is connected to logic 1 or logic 0. (LINT-32)
   Pin 'result_fraction[5]' is connected to logic 0. 
Warning: In design 'FP_DIV_WRAPPER_32_width_trunc17', a pin on submodule 'shared_wrapper' is connected to logic 1 or logic 0. (LINT-32)
   Pin 'result_fraction[4]' is connected to logic 0. 
Warning: In design 'FP_DIV_WRAPPER_32_width_trunc17', a pin on submodule 'shared_wrapper' is connected to logic 1 or logic 0. (LINT-32)
   Pin 'result_fraction[3]' is connected to logic 0. 
Warning: In design 'FP_DIV_WRAPPER_32_width_trunc17', a pin on submodule 'shared_wrapper' is connected to logic 1 or logic 0. (LINT-32)
   Pin 'result_fraction[2]' is connected to logic 0. 
Warning: In design 'FP_DIV_WRAPPER_32_width_trunc17', a pin on submodule 'shared_wrapper' is connected to logic 1 or logic 0. (LINT-32)
   Pin 'result_fraction[1]' is connected to logic 0. 
Warning: In design 'FP_DIV_WRAPPER_32_width_trunc17', a pin on submodule 'shared_wrapper' is connected to logic 1 or logic 0. (LINT-32)
   Pin 'result_fraction[0]' is connected to logic 0. 
Warning: In design 'Mantissa_Div_L3_MANTISSA_WIDTH6', the same net is connected to more than one pin on submodule 'Stage_1_1'. (LINT-33)
   Net 'x_sub_y[6]' is connected to pins 'In_2[7]', 'In_2[6]''.
Warning: In design 'Mantissa_Div_L3_MANTISSA_WIDTH6', the same net is connected to more than one pin on submodule 'Stage_1_1'. (LINT-33)
   Net 'L1_p2[7]' is connected to pins 'In_3[7]', 'In_3[6]'', 'In_3[5]'.
Warning: In design 'Mantissa_Div_L3_MANTISSA_WIDTH6', the same net is connected to more than one pin on submodule 'Stage_1_2'. (LINT-33)
   Net 'L2_p[7]' is connected to pins 'In_1[7]', 'In_1[6]'', 'In_1[5]', 'In_1[4]'.
Warning: In design 'Mantissa_Div_L3_MANTISSA_WIDTH6', the same net is connected to more than one pin on submodule 'Stage_1_2'. (LINT-33)
   Net 'L3_p1[3]' is connected to pins 'In_2[7]', 'In_2[6]'', 'In_2[5]', 'In_2[4]', 'In_2[3]'.
Warning: In design 'Mantissa_Div_L3_MANTISSA_WIDTH6', the same net is connected to more than one pin on submodule 'Stage_1_2'. (LINT-33)
   Net 'L3_p2[1]' is connected to pins 'In_3[7]', 'In_3[6]'', 'In_3[5]', 'In_3[4]', 'In_3[3]', 'In_3[2]', 'In_3[1]'.
Warning: In design 'Mantissa_Div_L3_MANTISSA_WIDTH6', the same net is connected to more than one pin on submodule 'add_128'. (LINT-33)
   Net 'n13' is connected to pins 'B[0]', 'CI''.
Warning: In design 'Mantissa_Div_L3_MANTISSA_WIDTH6', the same net is connected to more than one pin on submodule 'sub_17'. (LINT-33)
   Net 'n13' is connected to pins 'A[6]', 'B[6]'', 'CI'.
Warning: In design 'FP_DIV_WRAPPER_32_width_trunc17', the same net is connected to more than one pin on submodule 'shared_wrapper'. (LINT-33)
   Net 'shift[0]' is connected to pins 'exponent_adjust[2]', 'exponent_adjust[1]'', 'exponent_adjust[0]'.
Warning: In design 'audit_pace_l3_b6', output port 'result[16]' is connected directly to 'logic 0'. (LINT-52)
Warning: In design 'audit_pace_l3_b6', output port 'result[15]' is connected directly to 'logic 0'. (LINT-52)
Warning: In design 'audit_pace_l3_b6', output port 'result[14]' is connected directly to 'logic 0'. (LINT-52)
Warning: In design 'audit_pace_l3_b6', output port 'result[13]' is connected directly to 'logic 0'. (LINT-52)
Warning: In design 'audit_pace_l3_b6', output port 'result[12]' is connected directly to 'logic 0'. (LINT-52)
Warning: In design 'audit_pace_l3_b6', output port 'result[11]' is connected directly to 'logic 0'. (LINT-52)
Warning: In design 'audit_pace_l3_b6', output port 'result[10]' is connected directly to 'logic 0'. (LINT-52)
Warning: In design 'audit_pace_l3_b6', output port 'result[9]' is connected directly to 'logic 0'. (LINT-52)
Warning: In design 'audit_pace_l3_b6', output port 'result[8]' is connected directly to 'logic 0'. (LINT-52)
Warning: In design 'audit_pace_l3_b6', output port 'result[7]' is connected directly to 'logic 0'. (LINT-52)
Warning: In design 'audit_pace_l3_b6', output port 'result[6]' is connected directly to 'logic 0'. (LINT-52)
Warning: In design 'audit_pace_l3_b6', output port 'result[5]' is connected directly to 'logic 0'. (LINT-52)
Warning: In design 'audit_pace_l3_b6', output port 'result[4]' is connected directly to 'logic 0'. (LINT-52)
Warning: In design 'audit_pace_l3_b6', output port 'result[3]' is connected directly to 'logic 0'. (LINT-52)
Warning: In design 'audit_pace_l3_b6', output port 'result[2]' is connected directly to 'logic 0'. (LINT-52)
Warning: In design 'audit_pace_l3_b6', output port 'result[1]' is connected directly to 'logic 0'. (LINT-52)
Warning: In design 'audit_pace_l3_b6', output port 'result[0]' is connected directly to 'logic 0'. (LINT-52)
1
 
****************************************
Report : area
Design : audit_pace_l3_b6
Version: U-2022.12-SP7
Date   : Fri Sep  4 19:05:26 2026
****************************************

Library(s) Used:

    tcbn65gplustc_ccs (File: /courses/ee6350/pdk2025/tcbn65gplus/TSMCHOME/digital/Front_End/timing_power_noise/CCS/tcbn65gplus_200a/tcbn65gplustc_ccs.db)

Number of ports:                          634
Number of nets:                           731
Number of cells:                          330
Number of combinational cells:            220
Number of sequential cells:                 0
Number of macros/black boxes:               0
Number of buf/inv:                         58
Number of references:                       3

Combinational area:                708.120003
Buf/Inv area:                       69.120003
Noncombinational area:               0.000000
Macro/Black Box area:                0.000000
Net Interconnect area:      undefined  (Wire load has zero net area)

Total cell area:                   708.120003
Total area:                 undefined
1
 
****************************************
Report : area
Design : audit_pace_l3_b6
Version: U-2022.12-SP7
Date   : Fri Sep  4 19:05:26 2026
****************************************

Library(s) Used:

    tcbn65gplustc_ccs (File: /courses/ee6350/pdk2025/tcbn65gplus/TSMCHOME/digital/Front_End/timing_power_noise/CCS/tcbn65gplus_200a/tcbn65gplustc_ccs.db)

Number of ports:                          634
Number of nets:                           731
Number of cells:                          330
Number of combinational cells:            220
Number of sequential cells:                 0
Number of macros/black boxes:               0
Number of buf/inv:                         58
Number of references:                       3

Combinational area:                708.120003
Buf/Inv area:                       69.120003
Noncombinational area:               0.000000
Macro/Black Box area:                0.000000
Net Interconnect area:      undefined  (Wire load has zero net area)

Total cell area:                   708.120003
Total area:                 undefined

Hierarchical area distribution
------------------------------

                                  Global cell area          Local cell area
                                  ------------------  --------------------------- 
Hierarchical cell                 Absolute   Percent  Combi-    Noncombi-  Black-
                                  Total      Total    national  national   boxes   Design
--------------------------------  ---------  -------  --------  ---------  ------  -----------------------------------------------------
audit_pace_l3_b6                   708.1200    100.0    1.0800     0.0000  0.0000  audit_pace_l3_b6
core                               537.1200     75.9  166.3200     0.0000  0.0000  Mantissa_Div_L3_MANTISSA_WIDTH6
core/Stage_1_1                      46.4400      6.6   46.4400     0.0000  0.0000  CSA3_2_Array_WIDTH8_0
core/Stage_1_2                      76.6800     10.8   76.6800     0.0000  0.0000  CSA3_2_Array_WIDTH8_3
core/Stage_2_1                      72.7200     10.3   72.7200     0.0000  0.0000  CSA3_2_Array_WIDTH8_2
core/Stage_3_1                      66.6000      9.4   66.6000     0.0000  0.0000  CSA3_2_Array_WIDTH8_1
core/add_128                        51.1200      7.2   51.1200     0.0000  0.0000  Mantissa_Div_L3_MANTISSA_WIDTH6_DW01_add_0
core/sub_17                         57.2400      8.1   57.2400     0.0000  0.0000  Mantissa_Div_L3_MANTISSA_WIDTH6_DW01_sub_1_DW01_sub_2
wrapper                            169.9200     24.0    0.0000     0.0000  0.0000  FP_DIV_WRAPPER_32_width_trunc17
wrapper/shared_wrapper             169.9200     24.0  104.0400     0.0000  0.0000  fp32_normal_finite_wrapper
wrapper/shared_wrapper/add_1_root_add_0_root_add_22_2
                                    65.8800      9.3   65.8800     0.0000  0.0000  fp32_normal_finite_wrapper_DW01_add_1_DW01_add_2
--------------------------------  ---------  -------  --------  ---------  ------  -----------------------------------------------------
Total                                                 708.1200     0.0000  0.0000

1
Information: Propagating switching activity (medium effort zero delay simulation). (PWR-6)
Warning: Design has unannotated primary inputs. (PWR-414)
 
****************************************
Report : power
        -hier
        -analysis_effort medium
        -verbose
Design : audit_pace_l3_b6
Version: U-2022.12-SP7
Date   : Fri Sep  4 19:05:26 2026
****************************************


Library(s) Used:

    tcbn65gplustc_ccs (File: /courses/ee6350/pdk2025/tcbn65gplus/TSMCHOME/digital/Front_End/timing_power_noise/CCS/tcbn65gplus_200a/tcbn65gplustc_ccs.db)


Operating Conditions: NCCOM   Library: tcbn65gplustc_ccs
Wire Load Model Mode: segmented

Design        Wire Load Model            Library
------------------------------------------------
audit_pace_l3_b6       ZeroWireload      tcbn65gplustc_ccs
Mantissa_Div_L3_MANTISSA_WIDTH6
                       ZeroWireload      tcbn65gplustc_ccs
FP_DIV_WRAPPER_32_width_trunc17
                       ZeroWireload      tcbn65gplustc_ccs
CSA3_2_Array_WIDTH8_0  ZeroWireload      tcbn65gplustc_ccs
fp32_normal_finite_wrapper
                       ZeroWireload      tcbn65gplustc_ccs
CSA3_2_Array_WIDTH8_1  ZeroWireload      tcbn65gplustc_ccs
CSA3_2_Array_WIDTH8_2  ZeroWireload      tcbn65gplustc_ccs
CSA3_2_Array_WIDTH8_3  ZeroWireload      tcbn65gplustc_ccs
Mantissa_Div_L3_MANTISSA_WIDTH6_DW01_add_0
                       ZeroWireload      tcbn65gplustc_ccs
Mantissa_Div_L3_MANTISSA_WIDTH6_DW01_sub_1_DW01_sub_2
                       ZeroWireload      tcbn65gplustc_ccs
fp32_normal_finite_wrapper_DW01_add_1_DW01_add_2
                       ZeroWireload      tcbn65gplustc_ccs


Global Operating Voltage = 1    
Power-specific unit information :
    Voltage Units = 1V
    Capacitance Units = 1.000000pf
    Time Units = 1ns
    Dynamic Power Units = 1mW    (derived from V,C,T units)
    Leakage Power Units = 1nW


--------------------------------------------------------------------------------
                                       Switch   Int      Leak     Total
Hierarchy                              Power    Power    Power    Power    %
--------------------------------------------------------------------------------
audit_pace_l3_b6                       7.46e-03 1.75e-02 4.10e+03 2.90e-02 100.0
  wrapper (FP_DIV_WRAPPER_32_width_trunc17)
                                       1.82e-03 4.59e-03 1.17e+03 7.58e-03  26.1
    shared_wrapper (fp32_normal_finite_wrapper)
                                       1.82e-03 4.59e-03 1.17e+03 7.58e-03  26.1
      add_1_root_add_0_root_add_22_2 (fp32_normal_finite_wrapper_DW01_add_1_DW01_add_2)
                                       2.63e-04 1.69e-03  452.433 2.41e-03   8.3
  core (Mantissa_Div_L3_MANTISSA_WIDTH6)
                                       5.46e-03 1.29e-02 2.93e+03 2.13e-02  73.2
    sub_17 (Mantissa_Div_L3_MANTISSA_WIDTH6_DW01_sub_1_DW01_sub_2)
                                       7.16e-04 1.32e-03  371.011 2.41e-03   8.3
    add_128 (Mantissa_Div_L3_MANTISSA_WIDTH6_DW01_add_0)
                                       2.77e-04 1.83e-03  346.884 2.45e-03   8.4
    Stage_3_1 (CSA3_2_Array_WIDTH8_1)  6.97e-04 2.12e-03  377.390 3.19e-03  11.0
    Stage_2_1 (CSA3_2_Array_WIDTH8_2)  7.78e-04 2.09e-03  411.811 3.28e-03  11.3
    Stage_1_2 (CSA3_2_Array_WIDTH8_3)  6.40e-04 1.63e-03  434.165 2.71e-03   9.3
    Stage_1_1 (CSA3_2_Array_WIDTH8_0)  4.06e-04 8.87e-04  247.763 1.54e-03   5.3
1
 
****************************************
Report : constraint
        -all_violators
        -verbose
Design : audit_pace_l3_b6
Version: U-2022.12-SP7
Date   : Fri Sep  4 19:05:26 2026
****************************************


    Design: audit_pace_l3_b6

    max_area               0.00
  - Current Area         708.12
  ------------------------------
    Slack               -708.12  (VIOLATED)


    Net: core/Stage_3_1/In_1_0_

    multiport_net          0.00
  - actual cost            1.00
  ------------------------------
    Violation             -1.00  (VIOLATED)


    Net: core/add_128/A_1_

    multiport_net          0.00
  - actual cost            1.00
  ------------------------------
    Violation             -1.00  (VIOLATED)


1
