1
 
****************************************
Report : area
Design : pace_fp32_l3
Version: U-2022.12-SP7
Date   : Sat Aug 22 13:04:25 2026
****************************************

Library(s) Used:

    tcbn65gplustc_ccs (File: /courses/ee6350/pdk2025/tcbn65gplus/TSMCHOME/digital/Front_End/timing_power_noise/CCS/tcbn65gplus_200a/tcbn65gplustc_ccs.db)

Number of ports:                           96
Number of nets:                           741
Number of cells:                          587
Number of combinational cells:            587
Number of sequential cells:                 0
Number of macros/black boxes:               0
Number of buf/inv:                        127
Number of references:                      44

Combinational area:               1854.000021
Buf/Inv area:                      137.880005
Noncombinational area:               0.000000
Macro/Black Box area:                0.000000
Net Interconnect area:      undefined  (Wire load has zero net area)

Total cell area:                  1854.000021
Total area:                 undefined
1
Information: Propagating switching activity (medium effort zero delay simulation). (PWR-6)
Warning: Design has unannotated primary inputs. (PWR-414)
 
****************************************
Report : power
        -hier
        -analysis_effort medium
        -verbose
Design : pace_fp32_l3
Version: U-2022.12-SP7
Date   : Sat Aug 22 13:04:25 2026
****************************************


Library(s) Used:

    tcbn65gplustc_ccs (File: /courses/ee6350/pdk2025/tcbn65gplus/TSMCHOME/digital/Front_End/timing_power_noise/CCS/tcbn65gplus_200a/tcbn65gplustc_ccs.db)


Operating Conditions: NCCOM   Library: tcbn65gplustc_ccs
Wire Load Model Mode: segmented

Design        Wire Load Model            Library
------------------------------------------------
pace_fp32_l3           ZeroWireload      tcbn65gplustc_ccs


Global Operating Voltage = 1    
Power-specific unit information :
    Voltage Units = 1V
    Capacitance Units = 1.000000pf
    Time Units = 1ns
    Dynamic Power Units = 1mW    (derived from V,C,T units)
    Leakage Power Units = 1nW


--------------------------------------------------------------------------------
                                       Switch   Int      Leak     Total
Hierarchy                              Power    Power    Power    Power    %
--------------------------------------------------------------------------------
pace_fp32_l3                           2.72e-02 7.12e-02 8.98e+03    0.107 100.0
1
 
****************************************
Report : constraint
        -all_violators
        -verbose
Design : pace_fp32_l3
Version: U-2022.12-SP7
Date   : Sat Aug 22 13:04:25 2026
****************************************


    Design: pace_fp32_l3

    max_area               0.00
  - Current Area        1854.00
  ------------------------------
    Slack              -1854.00  (VIOLATED)


1
