****************************************
Report : Averaged Power
	-hierarchy
	-significant_digits
Design : oadm_fixed_l3_divmul_correction_chain
Version: U-2022.12-SP5
Date   : Thu Sep  3 21:18:53 2026
****************************************



                                      Int      Switch   Leak     Total
Hierarchy                             Power    Power    Power    Power    %
----------------------------------------------------------------------------------
oadm_fixed_l3_divmul_correction_chain 2.45e-04 8.28e-05 4.64e-05 3.74e-04 100.0
  impl (oadm_fixed_divmul_correction_chain_LEVEL3)
                                      2.45e-04 8.25e-05 4.64e-05 3.74e-04  99.9
    sub_2_root_sub_39_2 (oadm_fixed_divmul_correction_chain_LEVEL3_DW01_sub_18)
                                      5.63e-06 1.10e-06 1.49e-06 8.23e-06   2.2
    add_1_root_add_0_root_add_46_4 (oadm_fixed_divmul_correction_chain_LEVEL3_DW01_add_9)
                                      5.76e-06 1.47e-06 1.47e-06 8.70e-06   2.3
    sub_1_root_sub_0_root_sub_39_2 (oadm_fixed_divmul_correction_chain_LEVEL3_DW01_sub_17)
                                      5.79e-06 1.59e-06 1.63e-06 9.01e-06   2.4
    mult_158 (oadm_fixed_divmul_correction_chain_LEVEL3_DW_mult_uns_0)
                                      7.33e-05 2.27e-05 7.66e-06 1.04e-04  27.7
    add_0_root_add_0_root_add_46_4 (oadm_fixed_divmul_correction_chain_LEVEL3_DW01_add_8)
                                      9.77e-06 1.14e-06 1.67e-06 1.26e-05   3.4
    add_1_root_add_97_2 (oadm_fixed_divmul_correction_chain_LEVEL3_DW01_add_17)
                                      6.50e-06 1.47e-06 1.59e-06 9.55e-06   2.6
    add_1_root_add_76_2 (oadm_fixed_divmul_correction_chain_LEVEL3_DW01_add_15)
                                      6.66e-06 1.47e-06 1.65e-06 9.78e-06   2.6
    add_127 (oadm_fixed_divmul_correction_chain_LEVEL3_DW01_add_0)
                                      1.74e-05 3.43e-06 1.73e-06 2.26e-05   6.0
    add_1_root_add_55_2 (oadm_fixed_divmul_correction_chain_LEVEL3_DW01_add_13)
                                      6.91e-06 1.52e-06 1.71e-06 1.01e-05   2.7
    sub_42 (oadm_fixed_divmul_correction_chain_LEVEL3_DW01_sub_16)
                                      1.25e-06 5.20e-07 9.50e-07 2.72e-06   0.7
    add_0_root_sub_0_root_sub_39_2 (oadm_fixed_divmul_correction_chain_LEVEL3_DW01_add_6)
                                      1.03e-05 1.26e-06 1.65e-06 1.32e-05   3.5
    sub_53 (oadm_fixed_divmul_correction_chain_LEVEL3_DW01_sub_13)
                                      1.74e-06 7.32e-07 1.10e-06 3.57e-06   1.0
    sub_54 (oadm_fixed_divmul_correction_chain_LEVEL3_DW01_sub_12)
                                      2.36e-06 1.04e-06 1.11e-06 4.50e-06   1.2
    sub_65 (oadm_fixed_divmul_correction_chain_LEVEL3_DW01_sub_11)
                                      1.45e-06 5.33e-07 9.69e-07 2.96e-06   0.8
    sub_74 (oadm_fixed_divmul_correction_chain_LEVEL3_DW01_sub_8)
                                      1.60e-06 6.67e-07 1.06e-06 3.33e-06   0.9
    sub_75 (oadm_fixed_divmul_correction_chain_LEVEL3_DW01_sub_7)
                                      2.27e-06 9.89e-07 1.06e-06 4.33e-06   1.2
    sub_86 (oadm_fixed_divmul_correction_chain_LEVEL3_DW01_sub_4)
                                      1.68e-06 6.21e-07 1.01e-06 3.31e-06   0.9
    sub_95 (oadm_fixed_divmul_correction_chain_LEVEL3_DW01_sub_1)
                                      1.52e-06 6.08e-07 1.04e-06 3.17e-06   0.8
    sub_96 (oadm_fixed_divmul_correction_chain_LEVEL3_DW01_sub_0)
                                      2.31e-06 9.79e-07 1.06e-06 4.35e-06   1.2
    level_3_accumulator_correction_csa_0 (csa3_WIDTH29_0)
                                      1.40e-05 5.47e-06 1.69e-06 2.11e-05   5.6
    level_3_accumulator_correction_csa_1 (csa3_WIDTH29_1)
                                      1.65e-05 5.48e-06 1.67e-06 2.37e-05   6.3
    add_2_root_add_46_4 (oadm_fixed_divmul_correction_chain_LEVEL3_DW01_add_10)
                                      5.58e-06 8.43e-07 1.40e-06 7.82e-06   2.1
    fp_wrapper (fp32_normal_finite_wrapper)
                                      1.35e-05 8.76e-06 2.98e-06 2.52e-05   6.7
      add_1_root_add_0_root_add_25_2 (fp32_normal_finite_wrapper_DW01_add_3_DW01_add_21)
                                      1.85e-06 2.83e-07 4.56e-07 2.59e-06   0.7
      add_1_root_add_0_root_add_22_2 (fp32_normal_finite_wrapper_DW01_add_1_DW01_add_19)
                                      1.69e-06 2.62e-07 4.51e-07 2.40e-06   0.6
1
