****************************************
Report : reference
Design : top
Version: U-2022.12-SP5
Date   : Tue Sep  1 22:34:24 2026
****************************************


Attributes:
    b - black-box (unknown)
    h - hierarchical
    n - noncombinational
    u - contains unmapped logic
    A - abstracted timing model
    E - extracted timing model
    S - Stamp timing model
    Q - Quick timing model (QTM)

Reference          Library       Unit Area   Count    Total Area   Attributes
--------------------------------------------------------------------------------
AO21D0             tcbn65gplustc_ccs
                                    2.52     5          12.60      
AOI211D0           tcbn65gplustc_ccs
                                    2.52     3           7.56      
AOI21D0            tcbn65gplustc_ccs
                                    2.16     20         43.20      
AOI221D0           tcbn65gplustc_ccs
                                    2.88     6          17.28      
AOI222D0           tcbn65gplustc_ccs
                                    3.60     4          14.40      
AOI22D0            tcbn65gplustc_ccs
                                    2.52     192       483.84      
AOI32D0            tcbn65gplustc_ccs
                                    2.88     1           2.88      
BUFFD0             tcbn65gplustc_ccs
                                    1.44     5           7.20      
CKAN2D0            tcbn65gplustc_ccs
                                    2.16     17         36.72      
CKND2D0            tcbn65gplustc_ccs
                                    1.44     32         46.08      
CKXOR2D0           tcbn65gplustc_ccs
                                    3.60     3          10.80      
CMPE42D1           tcbn65gplustc_ccs
                                   16.56     2          33.12      
FA1D0              tcbn65gplustc_ccs
                                    9.00     88        792.00      
IAO21D0            tcbn65gplustc_ccs
                                    2.52     18         45.36      
IND2D0             tcbn65gplustc_ccs
                                    2.16     4           8.64      
IND3D0             tcbn65gplustc_ccs
                                    2.52     1           2.52      
INR2D0             tcbn65gplustc_ccs
                                    2.16     7          15.12      
INVD0              tcbn65gplustc_ccs
                                    1.08     182       196.56      
IOA21D0            tcbn65gplustc_ccs
                                    2.52     8          20.16      
MAOI222D0          tcbn65gplustc_ccs
                                    2.88     77        221.76      
MAOI22D0           tcbn65gplustc_ccs
                                    2.88     1           2.88      
MUX2ND0            tcbn65gplustc_ccs
                                    2.88     82        236.16      
ND3D0              tcbn65gplustc_ccs
                                    2.16     1           2.16      
ND4D0              tcbn65gplustc_ccs
                                    2.52     2           5.04      
NR2D0              tcbn65gplustc_ccs
                                    1.44     52         74.88      
NR3D0              tcbn65gplustc_ccs
                                    2.16     3           6.48      
OA21D0             tcbn65gplustc_ccs
                                    2.52     14         35.28      
OAI211D0           tcbn65gplustc_ccs
                                    2.52     21         52.92      
OAI21D0            tcbn65gplustc_ccs
                                    2.16     9          19.44      
OAI221D0           tcbn65gplustc_ccs
                                    2.88     1           2.88      
OAI22D0            tcbn65gplustc_ccs
                                    2.52     16         40.32      
OAI31D0            tcbn65gplustc_ccs
                                    2.52     1           2.52      
OR2D0              tcbn65gplustc_ccs
                                    2.16     6          12.96      
XNR2D0             tcbn65gplustc_ccs
                                    3.60     6          21.60      
XNR3D0             tcbn65gplustc_ccs
                                    6.12     11         67.32      
XNR4D0             tcbn65gplustc_ccs
                                    9.00     8          72.00      
XOR2D0             tcbn65gplustc_ccs
                                    3.60     20         72.00      
XOR3D0             tcbn65gplustc_ccs
                                    6.12     20        122.40      
--------------------------------------------------------------------------------
Total 38 references                                   2867.04
1
