****************************************
Report : Averaged Power
	-significant_digits
Design : oadm_runtime_csd_opt
Version: U-2022.12-SP5
Date   : Sat Aug 22 11:19:35 2026
****************************************



  Attributes
  ----------
      i  -  Including register clock pin internal power
      u  -  User defined power group

                        Internal             Switching            Leakage              Total
Power Group             Power                Power                Power                Power               (     %)   Attrs
----------------------------------------------------------------------------------------------------------------------------
clock_network           0.00000e+00          0.00000e+00          0.00000e+00          0.00000e+00         ( 0.00%)   i
register                0.00000e+00          0.00000e+00          0.00000e+00          0.00000e+00         ( 0.00%)   
combinational           2.05975e-04          7.69243e-05          3.57128e-05          3.18612e-04         (100.00%)  
sequential              0.00000e+00          0.00000e+00          0.00000e+00          0.00000e+00         ( 0.00%)   
memory                  0.00000e+00          0.00000e+00          0.00000e+00          0.00000e+00         ( 0.00%)   
io_pad                  0.00000e+00          0.00000e+00          0.00000e+00          0.00000e+00         ( 0.00%)   
black_box               0.00000e+00          0.00000e+00          0.00000e+00          0.00000e+00         ( 0.00%)   

  Net Switching Power  = 7.69243e-05           (24.14%)
  Cell Internal Power  = 2.05975e-04           (64.65%)
  Cell Leakage Power   = 3.57128e-05           (11.21%)
                         -------------------------
Total Power            = 3.18612e-04          (100.00%)

1
