 
****************************************
check_design summary:
Version:     U-2022.12-SP7
Date:        Thu Sep  3 12:26:01 2026
****************************************

                   Name                                            Total
--------------------------------------------------------------------------------
Inputs/Outputs                                                     98
    Unloaded inputs (LINT-8)                                        7
    Unconnected ports (LINT-28)                                    68
    Feedthrough (LINT-29)                                          23

Cells                                                              21
    Connected to power or ground (LINT-32)                         11
    Nets connected to multiple pins on same cell (LINT-33)         10

Nets                                                                7
    Unloaded nets (LINT-2)                                          7
--------------------------------------------------------------------------------

Warning: In design 'oadm_fixed_l0_mul_canonical', net 'impl/impl/fixed_centered_plane_plane/sub_70/B[1]' driven by pin 'impl/impl/fixed_centered_plane_plane/sub_70/B[1]' has no loads. (LINT-2)
Warning: In design 'oadm_fixed_l0_mul_canonical', net 'impl/impl/fixed_centered_plane_plane/sub_70/B[2]' driven by pin 'impl/impl/fixed_centered_plane_plane/sub_70/B[2]' has no loads. (LINT-2)
Warning: In design 'oadm_fixed_l0_mul_canonical', net 'impl/impl/fixed_centered_plane_plane/sub_70/B[0]' driven by pin 'impl/impl/fixed_centered_plane_plane/sub_70/B[0]' has no loads. (LINT-2)
Warning: In design 'oadm_fixed_l0_mul_canonical', net 'impl/impl/fixed_centered_plane_plane/sub_70/A[25]' driven by pin 'impl/impl/fixed_centered_plane_plane/sub_70/A[25]' has no loads. (LINT-2)
Warning: In design 'oadm_fixed_l0_mul_canonical', net 'impl/impl/fixed_centered_plane_plane/sub_70/A[26]' driven by pin 'impl/impl/fixed_centered_plane_plane/sub_70/A[26]' has no loads. (LINT-2)
Warning: In design 'oadm_fixed_l0_mul_canonical', net 'impl/impl/fixed_centered_plane_plane/sub_70/A[28]' driven by pin 'impl/impl/fixed_centered_plane_plane/sub_70/A[28]' has no loads. (LINT-2)
Warning: In design 'oadm_fixed_l0_mul_canonical', net 'impl/impl/fixed_centered_plane_plane/sub_70/A[27]' driven by pin 'impl/impl/fixed_centered_plane_plane/sub_70/A[27]' has no loads. (LINT-2)
Warning: In design 'oadm_fixed_plane_centered_LEVEL0_DW01_sub_0', input port 'A[28]' is unloaded. (LINT-8)
Warning: In design 'oadm_fixed_plane_centered_LEVEL0_DW01_sub_0', input port 'A[27]' is unloaded. (LINT-8)
Warning: In design 'oadm_fixed_plane_centered_LEVEL0_DW01_sub_0', input port 'A[26]' is unloaded. (LINT-8)
Warning: In design 'oadm_fixed_plane_centered_LEVEL0_DW01_sub_0', input port 'A[25]' is unloaded. (LINT-8)
Warning: In design 'oadm_fixed_plane_centered_LEVEL0_DW01_sub_0', input port 'B[2]' is unloaded. (LINT-8)
Warning: In design 'oadm_fixed_plane_centered_LEVEL0_DW01_sub_0', input port 'B[1]' is unloaded. (LINT-8)
Warning: In design 'oadm_fixed_plane_centered_LEVEL0_DW01_sub_0', input port 'B[0]' is unloaded. (LINT-8)
Warning: In design 'oadm_fixed_l0_opt', port 'divide_mode' is not connected to any nets. (LINT-28)
Warning: In design 'oadm_multilevel_opt_FIXED_LEVEL0', port 'level[1]' is not connected to any nets. (LINT-28)
Warning: In design 'oadm_multilevel_opt_FIXED_LEVEL0', port 'level[0]' is not connected to any nets. (LINT-28)
Warning: In design 'oadm_multilevel_opt_FIXED_LEVEL0', port 'divide_mode' is not connected to any nets. (LINT-28)
Warning: In design 'oadm_fixed_plane_centered_LEVEL0', port 'x_mantissa[23]' is not connected to any nets. (LINT-28)
Warning: In design 'oadm_fixed_plane_centered_LEVEL0', port 'y_mantissa[23]' is not connected to any nets. (LINT-28)
Warning: In design 'oadm_fixed_plane_centered_LEVEL0', port 'divide_mode' is not connected to any nets. (LINT-28)
Warning: In design 'oadm_fixed_plane_centered_LEVEL0', port 'plane_exact[28]' is not connected to any nets. (LINT-28)
Warning: In design 'oadm_fixed_plane_centered_LEVEL0', port 'plane_exact[27]' is not connected to any nets. (LINT-28)
Warning: In design 'oadm_fixed_plane_centered_LEVEL0', port 'plane_exact[26]' is not connected to any nets. (LINT-28)
Warning: In design 'oadm_fixed_plane_centered_LEVEL0', port 'plane_exact[25]' is not connected to any nets. (LINT-28)
Warning: In design 'fp32_normal_finite_wrapper', port 'divide_mode' is not connected to any nets. (LINT-28)
Warning: In design 'oadm_fixed_plane_centered_LEVEL0_DW01_sub_0', port 'B[28]' is not connected to any nets. (LINT-28)
Warning: In design 'oadm_fixed_plane_centered_LEVEL0_DW01_sub_0', port 'B[27]' is not connected to any nets. (LINT-28)
Warning: In design 'oadm_fixed_plane_centered_LEVEL0_DW01_sub_0', port 'B[26]' is not connected to any nets. (LINT-28)
Warning: In design 'oadm_fixed_plane_centered_LEVEL0_DW01_sub_0', port 'B[25]' is not connected to any nets. (LINT-28)
Warning: In design 'oadm_fixed_plane_centered_LEVEL0_DW01_sub_0', port 'B[24]' is not connected to any nets. (LINT-28)
Warning: In design 'oadm_fixed_plane_centered_LEVEL0_DW01_sub_0', port 'B[23]' is not connected to any nets. (LINT-28)
Warning: In design 'oadm_fixed_plane_centered_LEVEL0_DW01_sub_0', port 'B[22]' is not connected to any nets. (LINT-28)
Warning: In design 'oadm_fixed_plane_centered_LEVEL0_DW01_sub_0', port 'B[21]' is not connected to any nets. (LINT-28)
Warning: In design 'oadm_fixed_plane_centered_LEVEL0_DW01_sub_0', port 'B[20]' is not connected to any nets. (LINT-28)
Warning: In design 'oadm_fixed_plane_centered_LEVEL0_DW01_sub_0', port 'B[19]' is not connected to any nets. (LINT-28)
Warning: In design 'oadm_fixed_plane_centered_LEVEL0_DW01_sub_0', port 'B[18]' is not connected to any nets. (LINT-28)
Warning: In design 'oadm_fixed_plane_centered_LEVEL0_DW01_sub_0', port 'B[17]' is not connected to any nets. (LINT-28)
Warning: In design 'oadm_fixed_plane_centered_LEVEL0_DW01_sub_0', port 'B[16]' is not connected to any nets. (LINT-28)
Warning: In design 'oadm_fixed_plane_centered_LEVEL0_DW01_sub_0', port 'B[15]' is not connected to any nets. (LINT-28)
Warning: In design 'oadm_fixed_plane_centered_LEVEL0_DW01_sub_0', port 'B[14]' is not connected to any nets. (LINT-28)
Warning: In design 'oadm_fixed_plane_centered_LEVEL0_DW01_sub_0', port 'B[13]' is not connected to any nets. (LINT-28)
Warning: In design 'oadm_fixed_plane_centered_LEVEL0_DW01_sub_0', port 'B[12]' is not connected to any nets. (LINT-28)
Warning: In design 'oadm_fixed_plane_centered_LEVEL0_DW01_sub_0', port 'B[11]' is not connected to any nets. (LINT-28)
Warning: In design 'oadm_fixed_plane_centered_LEVEL0_DW01_sub_0', port 'B[10]' is not connected to any nets. (LINT-28)
Warning: In design 'oadm_fixed_plane_centered_LEVEL0_DW01_sub_0', port 'B[9]' is not connected to any nets. (LINT-28)
Warning: In design 'oadm_fixed_plane_centered_LEVEL0_DW01_sub_0', port 'B[8]' is not connected to any nets. (LINT-28)
Warning: In design 'oadm_fixed_plane_centered_LEVEL0_DW01_sub_0', port 'B[7]' is not connected to any nets. (LINT-28)
Warning: In design 'oadm_fixed_plane_centered_LEVEL0_DW01_sub_0', port 'B[6]' is not connected to any nets. (LINT-28)
Warning: In design 'oadm_fixed_plane_centered_LEVEL0_DW01_sub_0', port 'B[5]' is not connected to any nets. (LINT-28)
Warning: In design 'oadm_fixed_plane_centered_LEVEL0_DW01_sub_0', port 'B[4]' is not connected to any nets. (LINT-28)
Warning: In design 'oadm_fixed_plane_centered_LEVEL0_DW01_sub_0', port 'B[3]' is not connected to any nets. (LINT-28)
Warning: In design 'oadm_fixed_plane_centered_LEVEL0_DW01_sub_0', port 'CI' is not connected to any nets. (LINT-28)
Warning: In design 'oadm_fixed_plane_centered_LEVEL0_DW01_sub_0', port 'DIFF[28]' is not connected to any nets. (LINT-28)
Warning: In design 'oadm_fixed_plane_centered_LEVEL0_DW01_sub_0', port 'DIFF[27]' is not connected to any nets. (LINT-28)
Warning: In design 'oadm_fixed_plane_centered_LEVEL0_DW01_sub_0', port 'DIFF[26]' is not connected to any nets. (LINT-28)
Warning: In design 'oadm_fixed_plane_centered_LEVEL0_DW01_sub_0', port 'DIFF[25]' is not connected to any nets. (LINT-28)
Warning: In design 'oadm_fixed_plane_centered_LEVEL0_DW01_sub_0', port 'CO' is not connected to any nets. (LINT-28)
Warning: In design 'oadm_fixed_plane_centered_LEVEL0_DW_mult_tc_0', port 'b[5]' is not connected to any nets. (LINT-28)
Warning: In design 'oadm_fixed_plane_centered_LEVEL0_DW_mult_tc_0', port 'b[4]' is not connected to any nets. (LINT-28)
Warning: In design 'oadm_fixed_plane_centered_LEVEL0_DW_mult_tc_0', port 'b[3]' is not connected to any nets. (LINT-28)
Warning: In design 'oadm_fixed_plane_centered_LEVEL0_DW_mult_tc_0', port 'b[2]' is not connected to any nets. (LINT-28)
Warning: In design 'oadm_fixed_plane_centered_LEVEL0_DW_mult_tc_0', port 'b[1]' is not connected to any nets. (LINT-28)
Warning: In design 'oadm_fixed_plane_centered_LEVEL0_DW_mult_tc_0', port 'b[0]' is not connected to any nets. (LINT-28)
Warning: In design 'oadm_fixed_plane_centered_LEVEL0_DW_mult_tc_0', port 'product[3]' is not connected to any nets. (LINT-28)
Warning: In design 'oadm_fixed_plane_centered_LEVEL0_DW_mult_tc_0', port 'product[2]' is not connected to any nets. (LINT-28)
Warning: In design 'oadm_fixed_plane_centered_LEVEL0_DW_mult_tc_0', port 'product[1]' is not connected to any nets. (LINT-28)
Warning: In design 'oadm_fixed_plane_centered_LEVEL0_DW_mult_tc_0', port 'product[0]' is not connected to any nets. (LINT-28)
Warning: In design 'oadm_fixed_plane_centered_LEVEL0_DW01_add_1_DW01_add_2', port 'CI' is not connected to any nets. (LINT-28)
Warning: In design 'oadm_fixed_plane_centered_LEVEL0_DW01_add_1_DW01_add_2', port 'CO' is not connected to any nets. (LINT-28)
Warning: In design 'oadm_fixed_plane_centered_LEVEL0_DW_mult_tc_1', port 'b[5]' is not connected to any nets. (LINT-28)
Warning: In design 'oadm_fixed_plane_centered_LEVEL0_DW_mult_tc_1', port 'b[4]' is not connected to any nets. (LINT-28)
Warning: In design 'oadm_fixed_plane_centered_LEVEL0_DW_mult_tc_1', port 'b[3]' is not connected to any nets. (LINT-28)
Warning: In design 'oadm_fixed_plane_centered_LEVEL0_DW_mult_tc_1', port 'b[2]' is not connected to any nets. (LINT-28)
Warning: In design 'oadm_fixed_plane_centered_LEVEL0_DW_mult_tc_1', port 'b[1]' is not connected to any nets. (LINT-28)
Warning: In design 'oadm_fixed_plane_centered_LEVEL0_DW_mult_tc_1', port 'b[0]' is not connected to any nets. (LINT-28)
Warning: In design 'oadm_fixed_plane_centered_LEVEL0_DW_mult_tc_1', port 'product[3]' is not connected to any nets. (LINT-28)
Warning: In design 'oadm_fixed_plane_centered_LEVEL0_DW_mult_tc_1', port 'product[2]' is not connected to any nets. (LINT-28)
Warning: In design 'oadm_fixed_plane_centered_LEVEL0_DW_mult_tc_1', port 'product[1]' is not connected to any nets. (LINT-28)
Warning: In design 'oadm_fixed_plane_centered_LEVEL0_DW_mult_tc_1', port 'product[0]' is not connected to any nets. (LINT-28)
Warning: In design 'fp32_normal_finite_wrapper_DW01_add_3_DW01_add_6', port 'CI' is not connected to any nets. (LINT-28)
Warning: In design 'fp32_normal_finite_wrapper_DW01_add_3_DW01_add_6', port 'CO' is not connected to any nets. (LINT-28)
Warning: In design 'oadm_fixed_plane_centered_LEVEL0_DW01_sub_0', input port 'A[24]' is connected directly to output port 'DIFF[24]'. (LINT-29)
Warning: In design 'oadm_fixed_plane_centered_LEVEL0_DW01_sub_0', input port 'A[23]' is connected directly to output port 'DIFF[23]'. (LINT-29)
Warning: In design 'oadm_fixed_plane_centered_LEVEL0_DW01_sub_0', input port 'A[22]' is connected directly to output port 'DIFF[22]'. (LINT-29)
Warning: In design 'oadm_fixed_plane_centered_LEVEL0_DW01_sub_0', input port 'A[21]' is connected directly to output port 'DIFF[21]'. (LINT-29)
Warning: In design 'oadm_fixed_plane_centered_LEVEL0_DW01_sub_0', input port 'A[20]' is connected directly to output port 'DIFF[20]'. (LINT-29)
Warning: In design 'oadm_fixed_plane_centered_LEVEL0_DW01_sub_0', input port 'A[19]' is connected directly to output port 'DIFF[19]'. (LINT-29)
Warning: In design 'oadm_fixed_plane_centered_LEVEL0_DW01_sub_0', input port 'A[18]' is connected directly to output port 'DIFF[18]'. (LINT-29)
Warning: In design 'oadm_fixed_plane_centered_LEVEL0_DW01_sub_0', input port 'A[17]' is connected directly to output port 'DIFF[17]'. (LINT-29)
Warning: In design 'oadm_fixed_plane_centered_LEVEL0_DW01_sub_0', input port 'A[16]' is connected directly to output port 'DIFF[16]'. (LINT-29)
Warning: In design 'oadm_fixed_plane_centered_LEVEL0_DW01_sub_0', input port 'A[15]' is connected directly to output port 'DIFF[15]'. (LINT-29)
Warning: In design 'oadm_fixed_plane_centered_LEVEL0_DW01_sub_0', input port 'A[14]' is connected directly to output port 'DIFF[14]'. (LINT-29)
Warning: In design 'oadm_fixed_plane_centered_LEVEL0_DW01_sub_0', input port 'A[13]' is connected directly to output port 'DIFF[13]'. (LINT-29)
Warning: In design 'oadm_fixed_plane_centered_LEVEL0_DW01_sub_0', input port 'A[12]' is connected directly to output port 'DIFF[12]'. (LINT-29)
Warning: In design 'oadm_fixed_plane_centered_LEVEL0_DW01_sub_0', input port 'A[11]' is connected directly to output port 'DIFF[11]'. (LINT-29)
Warning: In design 'oadm_fixed_plane_centered_LEVEL0_DW01_sub_0', input port 'A[10]' is connected directly to output port 'DIFF[10]'. (LINT-29)
Warning: In design 'oadm_fixed_plane_centered_LEVEL0_DW01_sub_0', input port 'A[9]' is connected directly to output port 'DIFF[9]'. (LINT-29)
Warning: In design 'oadm_fixed_plane_centered_LEVEL0_DW01_sub_0', input port 'A[8]' is connected directly to output port 'DIFF[8]'. (LINT-29)
Warning: In design 'oadm_fixed_plane_centered_LEVEL0_DW01_sub_0', input port 'A[7]' is connected directly to output port 'DIFF[7]'. (LINT-29)
Warning: In design 'oadm_fixed_plane_centered_LEVEL0_DW01_sub_0', input port 'A[6]' is connected directly to output port 'DIFF[6]'. (LINT-29)
Warning: In design 'oadm_fixed_plane_centered_LEVEL0_DW01_sub_0', input port 'A[5]' is connected directly to output port 'DIFF[5]'. (LINT-29)
Warning: In design 'oadm_fixed_plane_centered_LEVEL0_DW01_sub_0', input port 'A[4]' is connected directly to output port 'DIFF[4]'. (LINT-29)
Warning: In design 'oadm_fixed_plane_centered_LEVEL0_DW01_sub_0', input port 'A[3]' is connected directly to output port 'DIFF[3]'. (LINT-29)
Warning: In design 'oadm_fixed_plane_centered_LEVEL0_DW01_sub_0', input port 'A[0]' is connected directly to output port 'DIFF[0]'. (LINT-29)
Warning: In design 'oadm_fixed_l0_mul_canonical', a pin on submodule 'impl' is connected to logic 1 or logic 0. (LINT-32)
   Pin 'divide_mode' is connected to logic 0. 
Warning: In design 'oadm_fixed_l0_opt', a pin on submodule 'impl' is connected to logic 1 or logic 0. (LINT-32)
   Pin 'level[1]' is connected to logic 0. 
Warning: In design 'oadm_fixed_l0_opt', a pin on submodule 'impl' is connected to logic 1 or logic 0. (LINT-32)
   Pin 'level[0]' is connected to logic 0. 
Warning: In design 'oadm_fixed_l0_opt', a pin on submodule 'impl' is connected to logic 1 or logic 0. (LINT-32)
   Pin 'divide_mode' is connected to logic 0. 
Warning: In design 'oadm_multilevel_opt_FIXED_LEVEL0', a pin on submodule 'fixed_centered_plane_plane' is connected to logic 1 or logic 0. (LINT-32)
   Pin 'x_mantissa[23]' is connected to logic 0. 
Warning: In design 'oadm_multilevel_opt_FIXED_LEVEL0', a pin on submodule 'fixed_centered_plane_plane' is connected to logic 1 or logic 0. (LINT-32)
   Pin 'y_mantissa[23]' is connected to logic 0. 
Warning: In design 'oadm_multilevel_opt_FIXED_LEVEL0', a pin on submodule 'fixed_centered_plane_plane' is connected to logic 1 or logic 0. (LINT-32)
   Pin 'divide_mode' is connected to logic 0. 
Warning: In design 'oadm_multilevel_opt_FIXED_LEVEL0', a pin on submodule 'fp_wrapper' is connected to logic 1 or logic 0. (LINT-32)
   Pin 'divide_mode' is connected to logic 0. 
Warning: In design 'oadm_fixed_plane_centered_LEVEL0', a pin on submodule 'sub_70' is connected to logic 1 or logic 0. (LINT-32)
   Pin 'B[2]' is connected to logic 0. 
Warning: In design 'oadm_fixed_plane_centered_LEVEL0', a pin on submodule 'sub_70' is connected to logic 1 or logic 0. (LINT-32)
   Pin 'B[1]' is connected to logic 0. 
Warning: In design 'oadm_fixed_plane_centered_LEVEL0', a pin on submodule 'sub_70' is connected to logic 1 or logic 0. (LINT-32)
   Pin 'B[0]' is connected to logic 0. 
Warning: In design 'oadm_multilevel_opt_FIXED_LEVEL0', the same net is connected to more than one pin on submodule 'fp_wrapper'. (LINT-33)
   Net 'exponent_adjust[2]' is connected to pins 'exponent_adjust[2]', 'exponent_adjust[1]''.
Warning: In design 'oadm_fixed_plane_centered_LEVEL0', the same net is connected to more than one pin on submodule 'sub_70'. (LINT-33)
   Net 'centered_plane[28]' is connected to pins 'A[28]', 'A[27]''.
Warning: In design 'oadm_fixed_plane_centered_LEVEL0', the same net is connected to more than one pin on submodule 'sub_70'. (LINT-33)
   Net 'n90' is connected to pins 'B[28]', 'B[27]'', 'B[26]', 'B[25]', 'B[24]', 'B[23]', 'B[22]', 'B[21]', 'B[20]', 'B[19]', 'B[18]', 'B[17]', 'B[16]', 'B[15]', 'B[14]', 'B[13]', 'B[12]', 'B[11]', 'B[10]', 'B[9]', 'B[8]', 'B[7]', 'B[6]', 'B[5]', 'B[4]', 'B[3]', 'CI'.
Warning: In design 'oadm_fixed_plane_centered_LEVEL0', the same net is connected to more than one pin on submodule 'sub_70'. (LINT-33)
   Net 'n100' is connected to pins 'B[2]', 'B[1]'', 'B[0]'.
Warning: In design 'oadm_fixed_plane_centered_LEVEL0', the same net is connected to more than one pin on submodule 'mult_33'. (LINT-33)
   Net 'n90' is connected to pins 'b[5]', 'b[2]'', 'b[1]', 'b[0]'.
Warning: In design 'oadm_fixed_plane_centered_LEVEL0', the same net is connected to more than one pin on submodule 'mult_33'. (LINT-33)
   Net 'n80' is connected to pins 'b[4]', 'b[3]''.
Warning: In design 'oadm_fixed_plane_centered_LEVEL0', the same net is connected to more than one pin on submodule 'add_0_root_add_67_3'. (LINT-33)
   Net 'y_residual_product_28_' is connected to pins 'A[27]', 'A[26]'', 'A[25]', 'A[24]'.
Warning: In design 'oadm_fixed_plane_centered_LEVEL0', the same net is connected to more than one pin on submodule 'add_0_root_add_67_3'. (LINT-33)
   Net 'N31' is connected to pins 'B[27]', 'B[26]''.
Warning: In design 'oadm_fixed_plane_centered_LEVEL0', the same net is connected to more than one pin on submodule 'mult_31'. (LINT-33)
   Net 'n90' is connected to pins 'b[5]', 'b[2]'', 'b[1]', 'b[0]'.
Warning: In design 'oadm_fixed_plane_centered_LEVEL0', the same net is connected to more than one pin on submodule 'mult_31'. (LINT-33)
   Net 'n80' is connected to pins 'b[4]', 'b[3]''.
1
 
****************************************
Report : area
Design : oadm_fixed_l0_mul_canonical
Version: U-2022.12-SP7
Date   : Thu Sep  3 12:26:01 2026
****************************************

Library(s) Used:

    tcbn65gplustc_ccs (File: /courses/ee6350/pdk2025/tcbn65gplus/TSMCHOME/digital/Front_End/timing_power_noise/CCS/tcbn65gplus_200a/tcbn65gplustc_ccs.db)

Number of ports:                          856
Number of nets:                          1113
Number of cells:                          291
Number of combinational cells:            273
Number of sequential cells:                 0
Number of macros/black boxes:               0
Number of buf/inv:                        102
Number of references:                       1

Combinational area:               1131.480011
Buf/Inv area:                      136.440005
Noncombinational area:               0.000000
Macro/Black Box area:                0.000000
Net Interconnect area:      undefined  (Wire load has zero net area)

Total cell area:                  1131.480011
Total area:                 undefined
1
 
****************************************
Report : area
Design : oadm_fixed_l0_mul_canonical
Version: U-2022.12-SP7
Date   : Thu Sep  3 12:26:01 2026
****************************************

Library(s) Used:

    tcbn65gplustc_ccs (File: /courses/ee6350/pdk2025/tcbn65gplus/TSMCHOME/digital/Front_End/timing_power_noise/CCS/tcbn65gplus_200a/tcbn65gplustc_ccs.db)

Number of ports:                          856
Number of nets:                          1113
Number of cells:                          291
Number of combinational cells:            273
Number of sequential cells:                 0
Number of macros/black boxes:               0
Number of buf/inv:                        102
Number of references:                       1

Combinational area:               1131.480011
Buf/Inv area:                      136.440005
Noncombinational area:               0.000000
Macro/Black Box area:                0.000000
Net Interconnect area:      undefined  (Wire load has zero net area)

Total cell area:                  1131.480011
Total area:                 undefined

Hierarchical area distribution
------------------------------

                                  Global cell area          Local cell area
                                  ------------------  ---------------------------- 
Hierarchical cell                 Absolute   Percent  Combi-     Noncombi-  Black-
                                  Total      Total    national   national   boxes   Design
--------------------------------  ---------  -------  ---------  ---------  ------  ------------------------------------------------------
oadm_fixed_l0_mul_canonical       1131.4800    100.0     0.0000     0.0000  0.0000  oadm_fixed_l0_mul_canonical
impl                              1131.4800    100.0     0.0000     0.0000  0.0000  oadm_fixed_l0_opt
impl/impl                         1131.4800    100.0   169.5600     0.0000  0.0000  oadm_multilevel_opt_FIXED_LEVEL0
impl/impl/fixed_centered_plane_plane
                                   687.6000     60.8    28.4400     0.0000  0.0000  oadm_fixed_plane_centered_LEVEL0
impl/impl/fixed_centered_plane_plane/add_0_root_add_67_3
                                   245.8800     21.7   245.8800     0.0000  0.0000  oadm_fixed_plane_centered_LEVEL0_DW01_add_1_DW01_add_2
impl/impl/fixed_centered_plane_plane/mult_31
                                   197.6400     17.5   197.6400     0.0000  0.0000  oadm_fixed_plane_centered_LEVEL0_DW_mult_tc_0
impl/impl/fixed_centered_plane_plane/mult_33
                                   197.6400     17.5   197.6400     0.0000  0.0000  oadm_fixed_plane_centered_LEVEL0_DW_mult_tc_1
impl/impl/fixed_centered_plane_plane/sub_70
                                    18.0000      1.6    18.0000     0.0000  0.0000  oadm_fixed_plane_centered_LEVEL0_DW01_sub_0
impl/impl/fp_wrapper               274.3200     24.2   208.4400     0.0000  0.0000  fp32_normal_finite_wrapper
impl/impl/fp_wrapper/add_1_root_add_0_root_add_25_2
                                    65.8800      5.8    65.8800     0.0000  0.0000  fp32_normal_finite_wrapper_DW01_add_3_DW01_add_6
--------------------------------  ---------  -------  ---------  ---------  ------  ------------------------------------------------------
Total                                                 1131.4800     0.0000  0.0000

1
Information: Propagating switching activity (medium effort zero delay simulation). (PWR-6)
Warning: Design has unannotated primary inputs. (PWR-414)
 
****************************************
Report : power
        -hier
        -analysis_effort medium
        -verbose
Design : oadm_fixed_l0_mul_canonical
Version: U-2022.12-SP7
Date   : Thu Sep  3 12:26:01 2026
****************************************


Library(s) Used:

    tcbn65gplustc_ccs (File: /courses/ee6350/pdk2025/tcbn65gplus/TSMCHOME/digital/Front_End/timing_power_noise/CCS/tcbn65gplus_200a/tcbn65gplustc_ccs.db)


Operating Conditions: NCCOM   Library: tcbn65gplustc_ccs
Wire Load Model Mode: segmented

Design        Wire Load Model            Library
------------------------------------------------
oadm_fixed_l0_mul_canonical
                       ZeroWireload      tcbn65gplustc_ccs
oadm_fixed_l0_opt      ZeroWireload      tcbn65gplustc_ccs
oadm_multilevel_opt_FIXED_LEVEL0
                       ZeroWireload      tcbn65gplustc_ccs
oadm_fixed_plane_centered_LEVEL0
                       ZeroWireload      tcbn65gplustc_ccs
fp32_normal_finite_wrapper
                       ZeroWireload      tcbn65gplustc_ccs
oadm_fixed_plane_centered_LEVEL0_DW01_sub_0
                       ZeroWireload      tcbn65gplustc_ccs
oadm_fixed_plane_centered_LEVEL0_DW_mult_tc_0
                       ZeroWireload      tcbn65gplustc_ccs
oadm_fixed_plane_centered_LEVEL0_DW01_add_1_DW01_add_2
                       ZeroWireload      tcbn65gplustc_ccs
oadm_fixed_plane_centered_LEVEL0_DW_mult_tc_1
                       ZeroWireload      tcbn65gplustc_ccs
fp32_normal_finite_wrapper_DW01_add_3_DW01_add_6
                       ZeroWireload      tcbn65gplustc_ccs


Global Operating Voltage = 1    
Power-specific unit information :
    Voltage Units = 1V
    Capacitance Units = 1.000000pf
    Time Units = 1ns
    Dynamic Power Units = 1mW    (derived from V,C,T units)
    Leakage Power Units = 1nW


--------------------------------------------------------------------------------
                                       Switch   Int      Leak     Total
Hierarchy                              Power    Power    Power    Power    %
--------------------------------------------------------------------------------
oadm_fixed_l0_mul_canonical            1.03e-02 2.90e-02 7.29e+03 4.66e-02 100.0
  impl (oadm_fixed_l0_opt)             1.03e-02 2.90e-02 7.29e+03 4.66e-02 100.0
    impl (oadm_multilevel_opt_FIXED_LEVEL0)
                                       1.03e-02 2.90e-02 7.29e+03 4.66e-02 100.0
      fp_wrapper (fp32_normal_finite_wrapper)
                                       4.16e-03 7.27e-03 1.90e+03 1.33e-02  28.6
        add_1_root_add_0_root_add_25_2 (fp32_normal_finite_wrapper_DW01_add_3_DW01_add_6)
                                       2.71e-04 1.76e-03  452.401 2.48e-03   5.3
      fixed_centered_plane_plane (oadm_fixed_plane_centered_LEVEL0)
                                       3.14e-03 1.89e-02 4.76e+03 2.68e-02  57.6
        mult_31 (oadm_fixed_plane_centered_LEVEL0_DW_mult_tc_0)
                                       1.04e-03 4.49e-03 1.38e+03 6.91e-03  14.8
        add_0_root_add_67_3 (oadm_fixed_plane_centered_LEVEL0_DW01_add_1_DW01_add_2)
                                       1.19e-03 9.11e-03 1.71e+03 1.20e-02  25.8
        mult_33 (oadm_fixed_plane_centered_LEVEL0_DW_mult_tc_1)
                                       6.85e-04 4.47e-03 1.38e+03 6.54e-03  14.0
        sub_70 (oadm_fixed_plane_centered_LEVEL0_DW01_sub_0)
                                       4.28e-05 6.40e-04  124.609 8.08e-04   1.7
1
 
****************************************
Report : constraint
        -all_violators
        -verbose
Design : oadm_fixed_l0_mul_canonical
Version: U-2022.12-SP7
Date   : Thu Sep  3 12:26:01 2026
****************************************


    Design: oadm_fixed_l0_mul_canonical

    max_area               0.00
  - Current Area        1131.48
  ------------------------------
    Slack              -1131.48  (VIOLATED)


    Net: impl/impl/fixed_centered_plane_plane/sub_70/A_0_

    multiport_net          0.00
  - actual cost            1.00
  ------------------------------
    Violation             -1.00  (VIOLATED)


    Net: impl/impl/fixed_centered_plane_plane/sub_70/A_3_

    multiport_net          0.00
  - actual cost            1.00
  ------------------------------
    Violation             -1.00  (VIOLATED)


    Net: impl/impl/fixed_centered_plane_plane/sub_70/A_4_

    multiport_net          0.00
  - actual cost            1.00
  ------------------------------
    Violation             -1.00  (VIOLATED)


    Net: impl/impl/fixed_centered_plane_plane/sub_70/A_5_

    multiport_net          0.00
  - actual cost            1.00
  ------------------------------
    Violation             -1.00  (VIOLATED)


    Net: impl/impl/fixed_centered_plane_plane/sub_70/A_6_

    multiport_net          0.00
  - actual cost            1.00
  ------------------------------
    Violation             -1.00  (VIOLATED)


    Net: impl/impl/fixed_centered_plane_plane/sub_70/A_7_

    multiport_net          0.00
  - actual cost            1.00
  ------------------------------
    Violation             -1.00  (VIOLATED)


    Net: impl/impl/fixed_centered_plane_plane/sub_70/A_8_

    multiport_net          0.00
  - actual cost            1.00
  ------------------------------
    Violation             -1.00  (VIOLATED)


    Net: impl/impl/fixed_centered_plane_plane/sub_70/A_9_

    multiport_net          0.00
  - actual cost            1.00
  ------------------------------
    Violation             -1.00  (VIOLATED)


    Net: impl/impl/fixed_centered_plane_plane/sub_70/A_10_

    multiport_net          0.00
  - actual cost            1.00
  ------------------------------
    Violation             -1.00  (VIOLATED)


    Net: impl/impl/fixed_centered_plane_plane/sub_70/A_11_

    multiport_net          0.00
  - actual cost            1.00
  ------------------------------
    Violation             -1.00  (VIOLATED)


    Net: impl/impl/fixed_centered_plane_plane/sub_70/A_12_

    multiport_net          0.00
  - actual cost            1.00
  ------------------------------
    Violation             -1.00  (VIOLATED)


    Net: impl/impl/fixed_centered_plane_plane/sub_70/A_13_

    multiport_net          0.00
  - actual cost            1.00
  ------------------------------
    Violation             -1.00  (VIOLATED)


    Net: impl/impl/fixed_centered_plane_plane/sub_70/A_14_

    multiport_net          0.00
  - actual cost            1.00
  ------------------------------
    Violation             -1.00  (VIOLATED)


    Net: impl/impl/fixed_centered_plane_plane/sub_70/A_15_

    multiport_net          0.00
  - actual cost            1.00
  ------------------------------
    Violation             -1.00  (VIOLATED)


    Net: impl/impl/fixed_centered_plane_plane/sub_70/A_16_

    multiport_net          0.00
  - actual cost            1.00
  ------------------------------
    Violation             -1.00  (VIOLATED)


    Net: impl/impl/fixed_centered_plane_plane/sub_70/A_17_

    multiport_net          0.00
  - actual cost            1.00
  ------------------------------
    Violation             -1.00  (VIOLATED)


    Net: impl/impl/fixed_centered_plane_plane/sub_70/A_18_

    multiport_net          0.00
  - actual cost            1.00
  ------------------------------
    Violation             -1.00  (VIOLATED)


    Net: impl/impl/fixed_centered_plane_plane/sub_70/A_19_

    multiport_net          0.00
  - actual cost            1.00
  ------------------------------
    Violation             -1.00  (VIOLATED)


    Net: impl/impl/fixed_centered_plane_plane/sub_70/A_20_

    multiport_net          0.00
  - actual cost            1.00
  ------------------------------
    Violation             -1.00  (VIOLATED)


    Net: impl/impl/fixed_centered_plane_plane/sub_70/A_21_

    multiport_net          0.00
  - actual cost            1.00
  ------------------------------
    Violation             -1.00  (VIOLATED)


    Net: impl/impl/fixed_centered_plane_plane/sub_70/A_22_

    multiport_net          0.00
  - actual cost            1.00
  ------------------------------
    Violation             -1.00  (VIOLATED)


    Net: impl/impl/fixed_centered_plane_plane/sub_70/A_23_

    multiport_net          0.00
  - actual cost            1.00
  ------------------------------
    Violation             -1.00  (VIOLATED)


    Net: impl/impl/fixed_centered_plane_plane/sub_70/A_24_

    multiport_net          0.00
  - actual cost            1.00
  ------------------------------
    Violation             -1.00  (VIOLATED)


1
