****************************************
Report : reference
Design : oadm_runtime_drop_r16_s16
Version: U-2022.12-SP5
Date   : Thu Sep  3 18:57:25 2026
****************************************


Attributes:
    b - black-box (unknown)
    h - hierarchical
    n - noncombinational
    u - contains unmapped logic
    A - abstracted timing model
    E - extracted timing model
    S - Stamp timing model
    Q - Quick timing model (QTM)

Reference          Library       Unit Area   Count    Total Area   Attributes
--------------------------------------------------------------------------------
CKBD1              tcbn65gplustc_ccs
                                    1.44     2           2.88      
oadm_runtime_drop_sweep_RESIDUAL_DROP16_SCALE_DROP16
                                 2410.92     1        2410.92      h
--------------------------------------------------------------------------------
Total 2 references                                    2413.80
1
