****************************************
Report : Averaged Power
	-significant_digits
Design : oadm_runtime_drop_r16_s16
Version: U-2022.12-SP5
Date   : Thu Sep  3 18:57:27 2026
****************************************



  Attributes
  ----------
      i  -  Including register clock pin internal power
      u  -  User defined power group

                        Internal             Switching            Leakage              Total
Power Group             Power                Power                Power                Power               (     %)   Attrs
----------------------------------------------------------------------------------------------------------------------------
clock_network           0.00000e+00          0.00000e+00          0.00000e+00          0.00000e+00         ( 0.00%)   i
register                0.00000e+00          0.00000e+00          0.00000e+00          0.00000e+00         ( 0.00%)   
combinational           5.82744e-05          2.06298e-05          1.38757e-05          9.27799e-05         (100.00%)  
sequential              0.00000e+00          0.00000e+00          0.00000e+00          0.00000e+00         ( 0.00%)   
memory                  0.00000e+00          0.00000e+00          0.00000e+00          0.00000e+00         ( 0.00%)   
io_pad                  0.00000e+00          0.00000e+00          0.00000e+00          0.00000e+00         ( 0.00%)   
black_box               0.00000e+00          0.00000e+00          0.00000e+00          0.00000e+00         ( 0.00%)   

  Net Switching Power  = 2.06298e-05           (22.24%)
  Cell Internal Power  = 5.82744e-05           (62.81%)
  Cell Leakage Power   = 1.38757e-05           (14.96%)
                         -------------------------
Total Power            = 9.27799e-05          (100.00%)

1
