****************************************
Report : Averaged Power
	-hierarchy
	-significant_digits
Design : oadm_runtime_drop_r16_s16
Version: U-2022.12-SP5
Date   : Thu Sep  3 18:57:27 2026
****************************************



                                      Int      Switch   Leak     Total
Hierarchy                             Power    Power    Power    Power    %
----------------------------------------------------------------------------------
oadm_runtime_drop_r16_s16             5.83e-05 2.06e-05 1.39e-05 9.28e-05 100.0
  implementation (oadm_runtime_drop_sweep_RESIDUAL_DROP16_SCALE_DROP16)
                                      5.82e-05 2.05e-05 1.39e-05 9.26e-05  99.8
    mult_56 (oadm_runtime_drop_sweep_RESIDUAL_DROP16_SCALE_DROP16_DW_mult_uns_0_DW_mult_uns_1)
                                      1.69e-05 5.23e-06 3.03e-06 2.51e-05  27.1
    fp_wrapper (fp32_normal_finite_wrapper)
                                      1.05e-05 2.96e-06 2.53e-06 1.60e-05  17.3
      add_1_root_add_0_root_add_25_2 (fp32_normal_finite_wrapper_DW01_add_3_DW01_add_11)
                                      1.86e-06 2.84e-07 4.56e-07 2.60e-06   2.8
      add_1_root_add_0_root_add_22_2 (fp32_normal_finite_wrapper_DW01_add_1_DW01_add_9)
                                      1.69e-06 2.63e-07 4.51e-07 2.41e-06   2.6
    plane (oadm_runtime_plane_pruned_RESIDUAL_DROP16)
                                      2.84e-05 9.51e-06 7.42e-06 4.54e-05  48.9
      mult_69 (oadm_runtime_plane_pruned_RESIDUAL_DROP16_DW_mult_uns_0)
                                      3.37e-06 1.45e-06 1.43e-06 6.25e-06   6.7
      mult_58 (oadm_runtime_plane_pruned_RESIDUAL_DROP16_DW_mult_tc_0)
                                      6.04e-06 2.19e-06 1.61e-06 9.85e-06  10.6
      mult_60 (oadm_runtime_plane_pruned_RESIDUAL_DROP16_DW_mult_tc_1)
                                      6.05e-06 2.17e-06 1.61e-06 9.84e-06  10.6
1
