****************************************
Report : qor
Design : fig8_pace_l2_d18_delivered
Version: U-2022.12-SP5
Date   : Sat Sep  5 13:41:23 2026
****************************************

  Timing Path Group 'vclk' (max_delay/setup)
  ---------------------------------------------
  Levels of Logic:                           23
  Critical Path Length:                    1.38
  Critical Path Slack:                     8.60
  Total Negative Slack:                    0.00
  No. of Violating Paths:                     0
  ---------------------------------------------

  Timing Path Group 'vclk' (min_delay/hold)
  ---------------------------------------------
  Levels of Logic:                            1
  Critical Path Length:                    0.07
  Critical Path Slack:                     0.09
  Total Negative Slack:                    0.00
  No. of Violating Paths:                     0
  ---------------------------------------------

  Area
  ---------------------------------------------
  Net Interconnect area:                   0.00
  Total cell area:                       402.48
  Design Area:                           402.48
  Area Cost:                            -402.48
  ---------------------------------------------


  Cell & Pin Count
  ---------------------------------------------
  Pin Count:                                357
  Hierarchical Cell Count:                    4
  Hierarchical Port Count:                  323
  Leaf Cell Count:                          103
  ---------------------------------------------


  Design Rule Violations
  ---------------------------------------------
  Total No. of Pins in Design:              357
  Total DRC Cost:                          0.00
  ---------------------------------------------

1
