****************************************
Report : Averaged Power
	-significant_digits
Design : oadm_l0_centered_index_div_opt
Version: U-2022.12-SP5
Date   : Wed Sep  2 15:37:22 2026
****************************************



  Attributes
  ----------
      i  -  Including register clock pin internal power
      u  -  User defined power group

                        Internal             Switching            Leakage              Total
Power Group             Power                Power                Power                Power               (     %)   Attrs
----------------------------------------------------------------------------------------------------------------------------
clock_network           0.00000e+00          0.00000e+00          0.00000e+00          0.00000e+00         ( 0.00%)   i
register                0.00000e+00          0.00000e+00          0.00000e+00          0.00000e+00         ( 0.00%)   
combinational           5.04709e-05          1.85276e-05          8.07549e-06          7.70740e-05         (100.00%)  
sequential              0.00000e+00          0.00000e+00          0.00000e+00          0.00000e+00         ( 0.00%)   
memory                  0.00000e+00          0.00000e+00          0.00000e+00          0.00000e+00         ( 0.00%)   
io_pad                  0.00000e+00          0.00000e+00          0.00000e+00          0.00000e+00         ( 0.00%)   
black_box               0.00000e+00          0.00000e+00          0.00000e+00          0.00000e+00         ( 0.00%)   

  Net Switching Power  = 1.85276e-05           (24.04%)
  Cell Internal Power  = 5.04709e-05           (65.48%)
  Cell Leakage Power   = 8.07549e-06           (10.48%)
                         -------------------------
Total Power            = 7.70740e-05          (100.00%)

1
