****************************************
Report : timing
	-path_type full
	-delay_type max
	-nworst 10
	-slack_lesser_than 1000.00000
	-max_paths 10
	-sort_by slack
Design : oadm_runtime_drop_r10_s16
Version: U-2022.12-SP5
Date   : Thu Sep  3 18:49:19 2026
****************************************


  Startpoint: level[0] (input port clocked by vclk)
  Endpoint: result[30] (output port clocked by vclk)
  Path Group: vclk
  Path Type: max

  Point                                                   Incr       Path
  ------------------------------------------------------------------------------
  clock vclk (rise edge)                               0.00000    0.00000
  clock network delay (ideal)                          0.00000    0.00000
  input external delay                                 0.02000    0.02000 r
  level[0] (in)                                        0.00773    0.02773 r
  U1/Z (CKBD1)                                         0.04659    0.07431 r
  implementation/plane/U6/ZN (CKND2D0)                 0.05616    0.13047 f
  implementation/plane/U5/ZN (CKND0)                   0.13464    0.26511 r
  implementation/plane/U87/Z (AO21D1)                  0.12580    0.39091 r
  implementation/plane/mult_58/U161/ZN (XNR2D0)        0.15896    0.54987 r
  implementation/plane/mult_58/U159/ZN (OAI211D0)      0.15871    0.70858 f
  implementation/plane/mult_58/U191/ZN (OAI22D0)       0.09021    0.79879 r
  implementation/plane/mult_58/U43/S (HA1D0)           0.07447    0.87326 f
  implementation/plane/mult_58/U16/CO (FA1D0)          0.10109    0.97436 f
  implementation/plane/mult_58/U15/CO (FA1D0)          0.05524    1.02960 f
  implementation/plane/mult_58/U14/CO (FA1D0)          0.05524    1.08485 f
  implementation/plane/mult_58/U13/CO (FA1D0)          0.05524    1.14009 f
  implementation/plane/mult_58/U12/CO (FA1D0)          0.05524    1.19533 f
  implementation/plane/mult_58/U11/CO (FA1D0)          0.05524    1.25058 f
  implementation/plane/mult_58/U10/CO (FA1D0)          0.05524    1.30582 f
  implementation/plane/mult_58/U9/CO (FA1D0)           0.05524    1.36107 f
  implementation/plane/mult_58/U8/CO (FA1D0)           0.05524    1.41631 f
  implementation/plane/mult_58/U7/CO (FA1D0)           0.05524    1.47156 f
  implementation/plane/mult_58/U6/CO (FA1D0)           0.05524    1.52680 f
  implementation/plane/mult_58/U5/CO (FA1D0)           0.05524    1.58205 f
  implementation/plane/mult_58/U4/S (FA1D0)            0.07667    1.65871 r
  implementation/plane/U17/CO (FA1D0)                  0.08338    1.74209 r
  implementation/plane/U15/S (FA1D0)                   0.08546    1.82755 r
  implementation/plane/sub_0_root_sub_73/U2_22/S (FA1D0)
                                                       0.10548    1.93303 f
  implementation/plane/U16/Z (AO22D0)                  0.06871    2.00174 f
  implementation/mult_56/U147/ZN (INVD1)               0.02864    2.03038 r
  implementation/mult_56/U184/Z (CKXOR2D0)             0.07586    2.10624 f
  implementation/mult_56/U181/ZN (OAI22D0)             0.07276    2.17900 r
  implementation/mult_56/U29/S (CMPE42D1)              0.18513    2.36413 f
  implementation/mult_56/U11/CO (FA1D0)                0.10007    2.46421 f
  implementation/mult_56/U10/CO (FA1D0)                0.05524    2.51945 f
  implementation/mult_56/U9/CO (FA1D0)                 0.05524    2.57470 f
  implementation/mult_56/U8/CO (FA1D0)                 0.05524    2.62994 f
  implementation/mult_56/U7/CO (FA1D0)                 0.05524    2.68519 f
  implementation/mult_56/U6/CO (FA1D0)                 0.05524    2.74043 f
  implementation/mult_56/U5/CO (FA1D0)                 0.05524    2.79567 f
  implementation/mult_56/U4/CO (FA1D0)                 0.05524    2.85092 f
  implementation/mult_56/U3/CO (FA1D0)                 0.05265    2.90357 f
  implementation/mult_56/U158/ZN (XNR3D0)              0.09861    3.00218 f
  implementation/U48/ZN (AOI22D1)                      0.13736    3.13954 r
  implementation/U11/ZN (INVD1)                        0.04454    3.18408 f
  implementation/U10/ZN (INR3D0)                       0.08453    3.26861 r
  implementation/U6/ZN (INVD1)                         0.06493    3.33354 f
  implementation/U5/ZN (ND2D1)                         0.13830    3.47184 r
  implementation/fp_wrapper/U50/CO (FA1D0)             0.11287    3.58471 r
  implementation/fp_wrapper/U51/CO (FA1D0)             0.05161    3.63631 r
  implementation/fp_wrapper/U52/CO (FA1D0)             0.05161    3.68792 r
  implementation/fp_wrapper/U53/CO (FA1D0)             0.05161    3.73952 r
  implementation/fp_wrapper/U54/CO (FA1D0)             0.05161    3.79113 r
  implementation/fp_wrapper/U55/CO (FA1D0)             0.05249    3.84362 r
  implementation/fp_wrapper/U65/Z (XOR3D1)             0.06694    3.91055 f
  implementation/fp_wrapper/U63/Z (AO22D0)             0.07704    3.98760 f
  result[30] (out)                                     0.00000    3.98760 f
  data arrival time                                               3.98760

  clock vclk (rise edge)                              10.00000   10.00000
  clock network delay (ideal)                          0.00000   10.00000
  clock reconvergence pessimism                        0.00000   10.00000
  output external delay                               -0.02000    9.98000
  data required time                                              9.98000
  ------------------------------------------------------------------------------
  data required time                                              9.98000
  data arrival time                                              -3.98760
  ------------------------------------------------------------------------------
  slack (MET)                                                     5.99240


  Startpoint: level[0] (input port clocked by vclk)
  Endpoint: result[30] (output port clocked by vclk)
  Path Group: vclk
  Path Type: max

  Point                                                   Incr       Path
  ------------------------------------------------------------------------------
  clock vclk (rise edge)                               0.00000    0.00000
  clock network delay (ideal)                          0.00000    0.00000
  input external delay                                 0.02000    0.02000 r
  level[0] (in)                                        0.00773    0.02773 r
  U1/Z (CKBD1)                                         0.04659    0.07431 r
  implementation/plane/U6/ZN (CKND2D0)                 0.05616    0.13047 f
  implementation/plane/U5/ZN (CKND0)                   0.13464    0.26511 r
  implementation/plane/U87/Z (AO21D1)                  0.12580    0.39091 r
  implementation/plane/mult_58/U161/ZN (XNR2D0)        0.15896    0.54987 r
  implementation/plane/mult_58/U159/ZN (OAI211D0)      0.15871    0.70858 f
  implementation/plane/mult_58/U191/ZN (OAI22D0)       0.09021    0.79879 r
  implementation/plane/mult_58/U43/S (HA1D0)           0.07447    0.87326 f
  implementation/plane/mult_58/U16/CO (FA1D0)          0.10109    0.97436 f
  implementation/plane/mult_58/U15/CO (FA1D0)          0.05524    1.02960 f
  implementation/plane/mult_58/U14/CO (FA1D0)          0.05524    1.08485 f
  implementation/plane/mult_58/U13/CO (FA1D0)          0.05524    1.14009 f
  implementation/plane/mult_58/U12/CO (FA1D0)          0.05524    1.19533 f
  implementation/plane/mult_58/U11/CO (FA1D0)          0.05524    1.25058 f
  implementation/plane/mult_58/U10/CO (FA1D0)          0.05524    1.30582 f
  implementation/plane/mult_58/U9/CO (FA1D0)           0.05524    1.36107 f
  implementation/plane/mult_58/U8/CO (FA1D0)           0.05524    1.41631 f
  implementation/plane/mult_58/U7/CO (FA1D0)           0.05524    1.47156 f
  implementation/plane/mult_58/U6/CO (FA1D0)           0.05524    1.52680 f
  implementation/plane/mult_58/U5/S (FA1D0)            0.07667    1.60347 r
  implementation/plane/U18/CO (FA1D0)                  0.08338    1.68685 r
  implementation/plane/U17/S (FA1D0)                   0.08546    1.77230 r
  implementation/plane/sub_0_root_sub_73/U2_21/CO (FA1D0)
                                                       0.09769    1.86999 r
  implementation/plane/sub_0_root_sub_73/U2_22/S (FA1D0)
                                                       0.06282    1.93281 f
  implementation/plane/U16/Z (AO22D0)                  0.06871    2.00152 f
  implementation/mult_56/U147/ZN (INVD1)               0.02864    2.03016 r
  implementation/mult_56/U184/Z (CKXOR2D0)             0.07586    2.10603 f
  implementation/mult_56/U181/ZN (OAI22D0)             0.07276    2.17878 r
  implementation/mult_56/U29/S (CMPE42D1)              0.18513    2.36392 f
  implementation/mult_56/U11/CO (FA1D0)                0.10007    2.46399 f
  implementation/mult_56/U10/CO (FA1D0)                0.05524    2.51923 f
  implementation/mult_56/U9/CO (FA1D0)                 0.05524    2.57448 f
  implementation/mult_56/U8/CO (FA1D0)                 0.05524    2.62972 f
  implementation/mult_56/U7/CO (FA1D0)                 0.05524    2.68497 f
  implementation/mult_56/U6/CO (FA1D0)                 0.05524    2.74021 f
  implementation/mult_56/U5/CO (FA1D0)                 0.05524    2.79546 f
  implementation/mult_56/U4/CO (FA1D0)                 0.05524    2.85070 f
  implementation/mult_56/U3/CO (FA1D0)                 0.05265    2.90335 f
  implementation/mult_56/U158/ZN (XNR3D0)              0.09861    3.00196 f
  implementation/U48/ZN (AOI22D1)                      0.13736    3.13932 r
  implementation/U11/ZN (INVD1)                        0.04454    3.18386 f
  implementation/U10/ZN (INR3D0)                       0.08453    3.26839 r
  implementation/U6/ZN (INVD1)                         0.06493    3.33332 f
  implementation/U5/ZN (ND2D1)                         0.13830    3.47162 r
  implementation/fp_wrapper/U50/CO (FA1D0)             0.11287    3.58449 r
  implementation/fp_wrapper/U51/CO (FA1D0)             0.05161    3.63609 r
  implementation/fp_wrapper/U52/CO (FA1D0)             0.05161    3.68770 r
  implementation/fp_wrapper/U53/CO (FA1D0)             0.05161    3.73930 r
  implementation/fp_wrapper/U54/CO (FA1D0)             0.05161    3.79091 r
  implementation/fp_wrapper/U55/CO (FA1D0)             0.05249    3.84340 r
  implementation/fp_wrapper/U65/Z (XOR3D1)             0.06694    3.91034 f
  implementation/fp_wrapper/U63/Z (AO22D0)             0.07704    3.98738 f
  result[30] (out)                                     0.00000    3.98738 f
  data arrival time                                               3.98738

  clock vclk (rise edge)                              10.00000   10.00000
  clock network delay (ideal)                          0.00000   10.00000
  clock reconvergence pessimism                        0.00000   10.00000
  output external delay                               -0.02000    9.98000
  data required time                                              9.98000
  ------------------------------------------------------------------------------
  data required time                                              9.98000
  data arrival time                                              -3.98738
  ------------------------------------------------------------------------------
  slack (MET)                                                     5.99262


  Startpoint: level[0] (input port clocked by vclk)
  Endpoint: result[30] (output port clocked by vclk)
  Path Group: vclk
  Path Type: max

  Point                                                   Incr       Path
  ------------------------------------------------------------------------------
  clock vclk (rise edge)                               0.00000    0.00000
  clock network delay (ideal)                          0.00000    0.00000
  input external delay                                 0.02000    0.02000 r
  level[0] (in)                                        0.00773    0.02773 r
  U1/Z (CKBD1)                                         0.04659    0.07431 r
  implementation/plane/U6/ZN (CKND2D0)                 0.05616    0.13047 f
  implementation/plane/U5/ZN (CKND0)                   0.13464    0.26511 r
  implementation/plane/U87/Z (AO21D1)                  0.12580    0.39091 r
  implementation/plane/mult_58/U161/ZN (XNR2D0)        0.15896    0.54987 r
  implementation/plane/mult_58/U159/ZN (OAI211D0)      0.15871    0.70858 f
  implementation/plane/mult_58/U191/ZN (OAI22D0)       0.09021    0.79879 r
  implementation/plane/mult_58/U43/S (HA1D0)           0.07447    0.87326 f
  implementation/plane/mult_58/U16/CO (FA1D0)          0.10109    0.97436 f
  implementation/plane/mult_58/U15/CO (FA1D0)          0.05524    1.02960 f
  implementation/plane/mult_58/U14/CO (FA1D0)          0.05524    1.08485 f
  implementation/plane/mult_58/U13/CO (FA1D0)          0.05524    1.14009 f
  implementation/plane/mult_58/U12/CO (FA1D0)          0.05524    1.19533 f
  implementation/plane/mult_58/U11/CO (FA1D0)          0.05524    1.25058 f
  implementation/plane/mult_58/U10/CO (FA1D0)          0.05524    1.30582 f
  implementation/plane/mult_58/U9/CO (FA1D0)           0.05524    1.36107 f
  implementation/plane/mult_58/U8/CO (FA1D0)           0.05524    1.41631 f
  implementation/plane/mult_58/U7/CO (FA1D0)           0.05524    1.47156 f
  implementation/plane/mult_58/U6/S (FA1D0)            0.07667    1.54822 r
  implementation/plane/U22/S (FA1D0)                   0.11010    1.65833 f
  implementation/plane/sub_0_root_sub_73/U2_19/CO (FA1D0)
                                                       0.10533    1.76366 f
  implementation/plane/sub_0_root_sub_73/U2_20/CO (FA1D0)
                                                       0.05524    1.81891 f
  implementation/plane/sub_0_root_sub_73/U2_21/CO (FA1D0)
                                                       0.05524    1.87415 f
  implementation/plane/sub_0_root_sub_73/U2_22/S (FA1D0)
                                                       0.05639    1.93054 f
  implementation/plane/U16/Z (AO22D0)                  0.06871    1.99925 f
  implementation/mult_56/U147/ZN (INVD1)               0.02864    2.02789 r
  implementation/mult_56/U184/Z (CKXOR2D0)             0.07586    2.10375 f
  implementation/mult_56/U181/ZN (OAI22D0)             0.07276    2.17651 r
  implementation/mult_56/U29/S (CMPE42D1)              0.18513    2.36164 f
  implementation/mult_56/U11/CO (FA1D0)                0.10007    2.46172 f
  implementation/mult_56/U10/CO (FA1D0)                0.05524    2.51696 f
  implementation/mult_56/U9/CO (FA1D0)                 0.05524    2.57221 f
  implementation/mult_56/U8/CO (FA1D0)                 0.05524    2.62745 f
  implementation/mult_56/U7/CO (FA1D0)                 0.05524    2.68270 f
  implementation/mult_56/U6/CO (FA1D0)                 0.05524    2.73794 f
  implementation/mult_56/U5/CO (FA1D0)                 0.05524    2.79318 f
  implementation/mult_56/U4/CO (FA1D0)                 0.05524    2.84843 f
  implementation/mult_56/U3/CO (FA1D0)                 0.05265    2.90108 f
  implementation/mult_56/U158/ZN (XNR3D0)              0.09861    2.99969 f
  implementation/U48/ZN (AOI22D1)                      0.13736    3.13705 r
  implementation/U11/ZN (INVD1)                        0.04454    3.18159 f
  implementation/U10/ZN (INR3D0)                       0.08453    3.26612 r
  implementation/U6/ZN (INVD1)                         0.06493    3.33105 f
  implementation/U5/ZN (ND2D1)                         0.13830    3.46935 r
  implementation/fp_wrapper/U50/CO (FA1D0)             0.11287    3.58222 r
  implementation/fp_wrapper/U51/CO (FA1D0)             0.05161    3.63382 r
  implementation/fp_wrapper/U52/CO (FA1D0)             0.05161    3.68543 r
  implementation/fp_wrapper/U53/CO (FA1D0)             0.05161    3.73703 r
  implementation/fp_wrapper/U54/CO (FA1D0)             0.05161    3.78864 r
  implementation/fp_wrapper/U55/CO (FA1D0)             0.05249    3.84113 r
  implementation/fp_wrapper/U65/Z (XOR3D1)             0.06694    3.90806 f
  implementation/fp_wrapper/U63/Z (AO22D0)             0.07704    3.98511 f
  result[30] (out)                                     0.00000    3.98511 f
  data arrival time                                               3.98511

  clock vclk (rise edge)                              10.00000   10.00000
  clock network delay (ideal)                          0.00000   10.00000
  clock reconvergence pessimism                        0.00000   10.00000
  output external delay                               -0.02000    9.98000
  data required time                                              9.98000
  ------------------------------------------------------------------------------
  data required time                                              9.98000
  data arrival time                                              -3.98511
  ------------------------------------------------------------------------------
  slack (MET)                                                     5.99489


  Startpoint: level[0] (input port clocked by vclk)
  Endpoint: result[30] (output port clocked by vclk)
  Path Group: vclk
  Path Type: max

  Point                                                   Incr       Path
  ------------------------------------------------------------------------------
  clock vclk (rise edge)                               0.00000    0.00000
  clock network delay (ideal)                          0.00000    0.00000
  input external delay                                 0.02000    0.02000 r
  level[0] (in)                                        0.00773    0.02773 r
  U1/Z (CKBD1)                                         0.04659    0.07431 r
  implementation/plane/U6/ZN (CKND2D0)                 0.05616    0.13047 f
  implementation/plane/U5/ZN (CKND0)                   0.13464    0.26511 r
  implementation/plane/U87/Z (AO21D1)                  0.12580    0.39091 r
  implementation/plane/mult_58/U161/ZN (XNR2D0)        0.15896    0.54987 r
  implementation/plane/mult_58/U159/ZN (OAI211D0)      0.15871    0.70858 f
  implementation/plane/mult_58/U191/ZN (OAI22D0)       0.09021    0.79879 r
  implementation/plane/mult_58/U43/S (HA1D0)           0.07447    0.87326 f
  implementation/plane/mult_58/U16/CO (FA1D0)          0.10109    0.97436 f
  implementation/plane/mult_58/U15/CO (FA1D0)          0.05524    1.02960 f
  implementation/plane/mult_58/U14/CO (FA1D0)          0.05524    1.08485 f
  implementation/plane/mult_58/U13/CO (FA1D0)          0.05524    1.14009 f
  implementation/plane/mult_58/U12/CO (FA1D0)          0.05524    1.19533 f
  implementation/plane/mult_58/U11/CO (FA1D0)          0.05524    1.25058 f
  implementation/plane/mult_58/U10/CO (FA1D0)          0.05524    1.30582 f
  implementation/plane/mult_58/U9/CO (FA1D0)           0.05524    1.36107 f
  implementation/plane/mult_58/U8/S (FA1D0)            0.07667    1.43774 r
  implementation/plane/U24/S (FA1D0)                   0.11010    1.54784 f
  implementation/plane/sub_0_root_sub_73/U2_17/CO (FA1D0)
                                                       0.10533    1.65317 f
  implementation/plane/sub_0_root_sub_73/U2_18/CO (FA1D0)
                                                       0.05524    1.70842 f
  implementation/plane/sub_0_root_sub_73/U2_19/CO (FA1D0)
                                                       0.05524    1.76366 f
  implementation/plane/sub_0_root_sub_73/U2_20/CO (FA1D0)
                                                       0.05524    1.81891 f
  implementation/plane/sub_0_root_sub_73/U2_21/CO (FA1D0)
                                                       0.05524    1.87415 f
  implementation/plane/sub_0_root_sub_73/U2_22/S (FA1D0)
                                                       0.05639    1.93054 f
  implementation/plane/U16/Z (AO22D0)                  0.06871    1.99925 f
  implementation/mult_56/U147/ZN (INVD1)               0.02864    2.02789 r
  implementation/mult_56/U184/Z (CKXOR2D0)             0.07586    2.10375 f
  implementation/mult_56/U181/ZN (OAI22D0)             0.07276    2.17651 r
  implementation/mult_56/U29/S (CMPE42D1)              0.18513    2.36164 f
  implementation/mult_56/U11/CO (FA1D0)                0.10007    2.46172 f
  implementation/mult_56/U10/CO (FA1D0)                0.05524    2.51696 f
  implementation/mult_56/U9/CO (FA1D0)                 0.05524    2.57221 f
  implementation/mult_56/U8/CO (FA1D0)                 0.05524    2.62745 f
  implementation/mult_56/U7/CO (FA1D0)                 0.05524    2.68270 f
  implementation/mult_56/U6/CO (FA1D0)                 0.05524    2.73794 f
  implementation/mult_56/U5/CO (FA1D0)                 0.05524    2.79318 f
  implementation/mult_56/U4/CO (FA1D0)                 0.05524    2.84843 f
  implementation/mult_56/U3/CO (FA1D0)                 0.05265    2.90108 f
  implementation/mult_56/U158/ZN (XNR3D0)              0.09861    2.99969 f
  implementation/U48/ZN (AOI22D1)                      0.13736    3.13705 r
  implementation/U11/ZN (INVD1)                        0.04454    3.18159 f
  implementation/U10/ZN (INR3D0)                       0.08453    3.26612 r
  implementation/U6/ZN (INVD1)                         0.06493    3.33105 f
  implementation/U5/ZN (ND2D1)                         0.13830    3.46935 r
  implementation/fp_wrapper/U50/CO (FA1D0)             0.11287    3.58222 r
  implementation/fp_wrapper/U51/CO (FA1D0)             0.05161    3.63382 r
  implementation/fp_wrapper/U52/CO (FA1D0)             0.05161    3.68543 r
  implementation/fp_wrapper/U53/CO (FA1D0)             0.05161    3.73703 r
  implementation/fp_wrapper/U54/CO (FA1D0)             0.05161    3.78864 r
  implementation/fp_wrapper/U55/CO (FA1D0)             0.05249    3.84113 r
  implementation/fp_wrapper/U65/Z (XOR3D1)             0.06694    3.90806 f
  implementation/fp_wrapper/U63/Z (AO22D0)             0.07704    3.98511 f
  result[30] (out)                                     0.00000    3.98511 f
  data arrival time                                               3.98511

  clock vclk (rise edge)                              10.00000   10.00000
  clock network delay (ideal)                          0.00000   10.00000
  clock reconvergence pessimism                        0.00000   10.00000
  output external delay                               -0.02000    9.98000
  data required time                                              9.98000
  ------------------------------------------------------------------------------
  data required time                                              9.98000
  data arrival time                                              -3.98511
  ------------------------------------------------------------------------------
  slack (MET)                                                     5.99489


  Startpoint: level[0] (input port clocked by vclk)
  Endpoint: result[30] (output port clocked by vclk)
  Path Group: vclk
  Path Type: max

  Point                                                   Incr       Path
  ------------------------------------------------------------------------------
  clock vclk (rise edge)                               0.00000    0.00000
  clock network delay (ideal)                          0.00000    0.00000
  input external delay                                 0.02000    0.02000 r
  level[0] (in)                                        0.00773    0.02773 r
  U1/Z (CKBD1)                                         0.04659    0.07431 r
  implementation/plane/U6/ZN (CKND2D0)                 0.05616    0.13047 f
  implementation/plane/U5/ZN (CKND0)                   0.13464    0.26511 r
  implementation/plane/U87/Z (AO21D1)                  0.12580    0.39091 r
  implementation/plane/mult_58/U161/ZN (XNR2D0)        0.15896    0.54987 r
  implementation/plane/mult_58/U159/ZN (OAI211D0)      0.15871    0.70858 f
  implementation/plane/mult_58/U191/ZN (OAI22D0)       0.09021    0.79879 r
  implementation/plane/mult_58/U43/S (HA1D0)           0.07447    0.87326 f
  implementation/plane/mult_58/U16/CO (FA1D0)          0.10109    0.97436 f
  implementation/plane/mult_58/U15/CO (FA1D0)          0.05524    1.02960 f
  implementation/plane/mult_58/U14/CO (FA1D0)          0.05524    1.08485 f
  implementation/plane/mult_58/U13/CO (FA1D0)          0.05524    1.14009 f
  implementation/plane/mult_58/U12/CO (FA1D0)          0.05524    1.19533 f
  implementation/plane/mult_58/U11/CO (FA1D0)          0.05524    1.25058 f
  implementation/plane/mult_58/U10/CO (FA1D0)          0.05524    1.30582 f
  implementation/plane/mult_58/U9/CO (FA1D0)           0.05524    1.36107 f
  implementation/plane/mult_58/U8/CO (FA1D0)           0.05524    1.41631 f
  implementation/plane/mult_58/U7/CO (FA1D0)           0.05524    1.47156 f
  implementation/plane/mult_58/U6/CO (FA1D0)           0.05524    1.52680 f
  implementation/plane/mult_58/U5/S (FA1D0)            0.07667    1.60347 r
  implementation/plane/U18/S (FA1D0)                   0.11010    1.71357 f
  implementation/plane/sub_0_root_sub_73/U2_20/CO (FA1D0)
                                                       0.10533    1.81891 f
  implementation/plane/sub_0_root_sub_73/U2_21/CO (FA1D0)
                                                       0.05524    1.87415 f
  implementation/plane/sub_0_root_sub_73/U2_22/S (FA1D0)
                                                       0.05639    1.93054 f
  implementation/plane/U16/Z (AO22D0)                  0.06871    1.99925 f
  implementation/mult_56/U147/ZN (INVD1)               0.02864    2.02789 r
  implementation/mult_56/U184/Z (CKXOR2D0)             0.07586    2.10375 f
  implementation/mult_56/U181/ZN (OAI22D0)             0.07276    2.17651 r
  implementation/mult_56/U29/S (CMPE42D1)              0.18513    2.36164 f
  implementation/mult_56/U11/CO (FA1D0)                0.10007    2.46172 f
  implementation/mult_56/U10/CO (FA1D0)                0.05524    2.51696 f
  implementation/mult_56/U9/CO (FA1D0)                 0.05524    2.57221 f
  implementation/mult_56/U8/CO (FA1D0)                 0.05524    2.62745 f
  implementation/mult_56/U7/CO (FA1D0)                 0.05524    2.68270 f
  implementation/mult_56/U6/CO (FA1D0)                 0.05524    2.73794 f
  implementation/mult_56/U5/CO (FA1D0)                 0.05524    2.79318 f
  implementation/mult_56/U4/CO (FA1D0)                 0.05524    2.84843 f
  implementation/mult_56/U3/CO (FA1D0)                 0.05265    2.90108 f
  implementation/mult_56/U158/ZN (XNR3D0)              0.09861    2.99969 f
  implementation/U48/ZN (AOI22D1)                      0.13736    3.13705 r
  implementation/U11/ZN (INVD1)                        0.04454    3.18159 f
  implementation/U10/ZN (INR3D0)                       0.08453    3.26612 r
  implementation/U6/ZN (INVD1)                         0.06493    3.33105 f
  implementation/U5/ZN (ND2D1)                         0.13830    3.46935 r
  implementation/fp_wrapper/U50/CO (FA1D0)             0.11287    3.58222 r
  implementation/fp_wrapper/U51/CO (FA1D0)             0.05161    3.63382 r
  implementation/fp_wrapper/U52/CO (FA1D0)             0.05161    3.68543 r
  implementation/fp_wrapper/U53/CO (FA1D0)             0.05161    3.73703 r
  implementation/fp_wrapper/U54/CO (FA1D0)             0.05161    3.78864 r
  implementation/fp_wrapper/U55/CO (FA1D0)             0.05249    3.84113 r
  implementation/fp_wrapper/U65/Z (XOR3D1)             0.06694    3.90806 f
  implementation/fp_wrapper/U63/Z (AO22D0)             0.07704    3.98511 f
  result[30] (out)                                     0.00000    3.98511 f
  data arrival time                                               3.98511

  clock vclk (rise edge)                              10.00000   10.00000
  clock network delay (ideal)                          0.00000   10.00000
  clock reconvergence pessimism                        0.00000   10.00000
  output external delay                               -0.02000    9.98000
  data required time                                              9.98000
  ------------------------------------------------------------------------------
  data required time                                              9.98000
  data arrival time                                              -3.98511
  ------------------------------------------------------------------------------
  slack (MET)                                                     5.99489


  Startpoint: level[0] (input port clocked by vclk)
  Endpoint: result[30] (output port clocked by vclk)
  Path Group: vclk
  Path Type: max

  Point                                                   Incr       Path
  ------------------------------------------------------------------------------
  clock vclk (rise edge)                               0.00000    0.00000
  clock network delay (ideal)                          0.00000    0.00000
  input external delay                                 0.02000    0.02000 r
  level[0] (in)                                        0.00773    0.02773 r
  U1/Z (CKBD1)                                         0.04659    0.07431 r
  implementation/plane/U6/ZN (CKND2D0)                 0.05616    0.13047 f
  implementation/plane/U5/ZN (CKND0)                   0.13464    0.26511 r
  implementation/plane/U87/Z (AO21D1)                  0.12580    0.39091 r
  implementation/plane/mult_58/U161/ZN (XNR2D0)        0.15896    0.54987 r
  implementation/plane/mult_58/U159/ZN (OAI211D0)      0.15871    0.70858 f
  implementation/plane/mult_58/U191/ZN (OAI22D0)       0.09021    0.79879 r
  implementation/plane/mult_58/U43/S (HA1D0)           0.07447    0.87326 f
  implementation/plane/mult_58/U16/CO (FA1D0)          0.10109    0.97436 f
  implementation/plane/mult_58/U15/CO (FA1D0)          0.05524    1.02960 f
  implementation/plane/mult_58/U14/CO (FA1D0)          0.05524    1.08485 f
  implementation/plane/mult_58/U13/CO (FA1D0)          0.05524    1.14009 f
  implementation/plane/mult_58/U12/CO (FA1D0)          0.05524    1.19533 f
  implementation/plane/mult_58/U11/CO (FA1D0)          0.05524    1.25058 f
  implementation/plane/mult_58/U10/CO (FA1D0)          0.05524    1.30582 f
  implementation/plane/mult_58/U9/CO (FA1D0)           0.05524    1.36107 f
  implementation/plane/mult_58/U8/CO (FA1D0)           0.05524    1.41631 f
  implementation/plane/mult_58/U7/CO (FA1D0)           0.05524    1.47156 f
  implementation/plane/mult_58/U6/CO (FA1D0)           0.05524    1.52680 f
  implementation/plane/mult_58/U5/CO (FA1D0)           0.05524    1.58205 f
  implementation/plane/mult_58/U4/S (FA1D0)            0.07667    1.65871 r
  implementation/plane/U17/S (FA1D0)                   0.11010    1.76881 f
  implementation/plane/sub_0_root_sub_73/U2_21/CO (FA1D0)
                                                       0.10533    1.87415 f
  implementation/plane/sub_0_root_sub_73/U2_22/S (FA1D0)
                                                       0.05639    1.93054 f
  implementation/plane/U16/Z (AO22D0)                  0.06871    1.99925 f
  implementation/mult_56/U147/ZN (INVD1)               0.02864    2.02789 r
  implementation/mult_56/U184/Z (CKXOR2D0)             0.07586    2.10375 f
  implementation/mult_56/U181/ZN (OAI22D0)             0.07276    2.17651 r
  implementation/mult_56/U29/S (CMPE42D1)              0.18513    2.36164 f
  implementation/mult_56/U11/CO (FA1D0)                0.10007    2.46172 f
  implementation/mult_56/U10/CO (FA1D0)                0.05524    2.51696 f
  implementation/mult_56/U9/CO (FA1D0)                 0.05524    2.57221 f
  implementation/mult_56/U8/CO (FA1D0)                 0.05524    2.62745 f
  implementation/mult_56/U7/CO (FA1D0)                 0.05524    2.68270 f
  implementation/mult_56/U6/CO (FA1D0)                 0.05524    2.73794 f
  implementation/mult_56/U5/CO (FA1D0)                 0.05524    2.79318 f
  implementation/mult_56/U4/CO (FA1D0)                 0.05524    2.84843 f
  implementation/mult_56/U3/CO (FA1D0)                 0.05265    2.90108 f
  implementation/mult_56/U158/ZN (XNR3D0)              0.09861    2.99969 f
  implementation/U48/ZN (AOI22D1)                      0.13736    3.13705 r
  implementation/U11/ZN (INVD1)                        0.04454    3.18159 f
  implementation/U10/ZN (INR3D0)                       0.08453    3.26612 r
  implementation/U6/ZN (INVD1)                         0.06493    3.33105 f
  implementation/U5/ZN (ND2D1)                         0.13830    3.46935 r
  implementation/fp_wrapper/U50/CO (FA1D0)             0.11287    3.58222 r
  implementation/fp_wrapper/U51/CO (FA1D0)             0.05161    3.63382 r
  implementation/fp_wrapper/U52/CO (FA1D0)             0.05161    3.68543 r
  implementation/fp_wrapper/U53/CO (FA1D0)             0.05161    3.73703 r
  implementation/fp_wrapper/U54/CO (FA1D0)             0.05161    3.78864 r
  implementation/fp_wrapper/U55/CO (FA1D0)             0.05249    3.84113 r
  implementation/fp_wrapper/U65/Z (XOR3D1)             0.06694    3.90806 f
  implementation/fp_wrapper/U63/Z (AO22D0)             0.07704    3.98511 f
  result[30] (out)                                     0.00000    3.98511 f
  data arrival time                                               3.98511

  clock vclk (rise edge)                              10.00000   10.00000
  clock network delay (ideal)                          0.00000   10.00000
  clock reconvergence pessimism                        0.00000   10.00000
  output external delay                               -0.02000    9.98000
  data required time                                              9.98000
  ------------------------------------------------------------------------------
  data required time                                              9.98000
  data arrival time                                              -3.98511
  ------------------------------------------------------------------------------
  slack (MET)                                                     5.99489


  Startpoint: level[0] (input port clocked by vclk)
  Endpoint: result[30] (output port clocked by vclk)
  Path Group: vclk
  Path Type: max

  Point                                                   Incr       Path
  ------------------------------------------------------------------------------
  clock vclk (rise edge)                               0.00000    0.00000
  clock network delay (ideal)                          0.00000    0.00000
  input external delay                                 0.02000    0.02000 r
  level[0] (in)                                        0.00773    0.02773 r
  U1/Z (CKBD1)                                         0.04659    0.07431 r
  implementation/plane/U6/ZN (CKND2D0)                 0.05616    0.13047 f
  implementation/plane/U5/ZN (CKND0)                   0.13464    0.26511 r
  implementation/plane/U87/Z (AO21D1)                  0.12580    0.39091 r
  implementation/plane/mult_58/U161/ZN (XNR2D0)        0.15896    0.54987 r
  implementation/plane/mult_58/U159/ZN (OAI211D0)      0.15871    0.70858 f
  implementation/plane/mult_58/U191/ZN (OAI22D0)       0.09021    0.79879 r
  implementation/plane/mult_58/U43/S (HA1D0)           0.07447    0.87326 f
  implementation/plane/mult_58/U16/CO (FA1D0)          0.10109    0.97436 f
  implementation/plane/mult_58/U15/CO (FA1D0)          0.05524    1.02960 f
  implementation/plane/mult_58/U14/CO (FA1D0)          0.05524    1.08485 f
  implementation/plane/mult_58/U13/CO (FA1D0)          0.05524    1.14009 f
  implementation/plane/mult_58/U12/CO (FA1D0)          0.05524    1.19533 f
  implementation/plane/mult_58/U11/CO (FA1D0)          0.05524    1.25058 f
  implementation/plane/mult_58/U10/CO (FA1D0)          0.05524    1.30582 f
  implementation/plane/mult_58/U9/CO (FA1D0)           0.05524    1.36107 f
  implementation/plane/mult_58/U8/CO (FA1D0)           0.05524    1.41631 f
  implementation/plane/mult_58/U7/S (FA1D0)            0.07667    1.49298 r
  implementation/plane/U23/S (FA1D0)                   0.11010    1.60308 f
  implementation/plane/sub_0_root_sub_73/U2_18/CO (FA1D0)
                                                       0.10533    1.70842 f
  implementation/plane/sub_0_root_sub_73/U2_19/CO (FA1D0)
                                                       0.05524    1.76366 f
  implementation/plane/sub_0_root_sub_73/U2_20/CO (FA1D0)
                                                       0.05524    1.81891 f
  implementation/plane/sub_0_root_sub_73/U2_21/CO (FA1D0)
                                                       0.05524    1.87415 f
  implementation/plane/sub_0_root_sub_73/U2_22/S (FA1D0)
                                                       0.05639    1.93054 f
  implementation/plane/U16/Z (AO22D0)                  0.06871    1.99925 f
  implementation/mult_56/U147/ZN (INVD1)               0.02864    2.02789 r
  implementation/mult_56/U184/Z (CKXOR2D0)             0.07586    2.10375 f
  implementation/mult_56/U181/ZN (OAI22D0)             0.07276    2.17651 r
  implementation/mult_56/U29/S (CMPE42D1)              0.18513    2.36164 f
  implementation/mult_56/U11/CO (FA1D0)                0.10007    2.46172 f
  implementation/mult_56/U10/CO (FA1D0)                0.05524    2.51696 f
  implementation/mult_56/U9/CO (FA1D0)                 0.05524    2.57221 f
  implementation/mult_56/U8/CO (FA1D0)                 0.05524    2.62745 f
  implementation/mult_56/U7/CO (FA1D0)                 0.05524    2.68270 f
  implementation/mult_56/U6/CO (FA1D0)                 0.05524    2.73794 f
  implementation/mult_56/U5/CO (FA1D0)                 0.05524    2.79318 f
  implementation/mult_56/U4/CO (FA1D0)                 0.05524    2.84843 f
  implementation/mult_56/U3/CO (FA1D0)                 0.05265    2.90108 f
  implementation/mult_56/U158/ZN (XNR3D0)              0.09861    2.99969 f
  implementation/U48/ZN (AOI22D1)                      0.13736    3.13705 r
  implementation/U11/ZN (INVD1)                        0.04454    3.18159 f
  implementation/U10/ZN (INR3D0)                       0.08453    3.26612 r
  implementation/U6/ZN (INVD1)                         0.06493    3.33105 f
  implementation/U5/ZN (ND2D1)                         0.13830    3.46935 r
  implementation/fp_wrapper/U50/CO (FA1D0)             0.11287    3.58222 r
  implementation/fp_wrapper/U51/CO (FA1D0)             0.05161    3.63382 r
  implementation/fp_wrapper/U52/CO (FA1D0)             0.05161    3.68543 r
  implementation/fp_wrapper/U53/CO (FA1D0)             0.05161    3.73703 r
  implementation/fp_wrapper/U54/CO (FA1D0)             0.05161    3.78864 r
  implementation/fp_wrapper/U55/CO (FA1D0)             0.05249    3.84113 r
  implementation/fp_wrapper/U65/Z (XOR3D1)             0.06694    3.90806 f
  implementation/fp_wrapper/U63/Z (AO22D0)             0.07704    3.98511 f
  result[30] (out)                                     0.00000    3.98511 f
  data arrival time                                               3.98511

  clock vclk (rise edge)                              10.00000   10.00000
  clock network delay (ideal)                          0.00000   10.00000
  clock reconvergence pessimism                        0.00000   10.00000
  output external delay                               -0.02000    9.98000
  data required time                                              9.98000
  ------------------------------------------------------------------------------
  data required time                                              9.98000
  data arrival time                                              -3.98511
  ------------------------------------------------------------------------------
  slack (MET)                                                     5.99489


  Startpoint: level[0] (input port clocked by vclk)
  Endpoint: result[30] (output port clocked by vclk)
  Path Group: vclk
  Path Type: max

  Point                                                   Incr       Path
  ------------------------------------------------------------------------------
  clock vclk (rise edge)                               0.00000    0.00000
  clock network delay (ideal)                          0.00000    0.00000
  input external delay                                 0.02000    0.02000 r
  level[0] (in)                                        0.00773    0.02773 r
  U1/Z (CKBD1)                                         0.04659    0.07431 r
  implementation/plane/U6/ZN (CKND2D0)                 0.05616    0.13047 f
  implementation/plane/U5/ZN (CKND0)                   0.13464    0.26511 r
  implementation/plane/U87/Z (AO21D1)                  0.12580    0.39091 r
  implementation/plane/mult_58/U161/ZN (XNR2D0)        0.15896    0.54987 r
  implementation/plane/mult_58/U159/ZN (OAI211D0)      0.15871    0.70858 f
  implementation/plane/mult_58/U191/ZN (OAI22D0)       0.09021    0.79879 r
  implementation/plane/mult_58/U43/S (HA1D0)           0.07447    0.87326 f
  implementation/plane/mult_58/U16/CO (FA1D0)          0.10109    0.97436 f
  implementation/plane/mult_58/U15/CO (FA1D0)          0.05524    1.02960 f
  implementation/plane/mult_58/U14/CO (FA1D0)          0.05524    1.08485 f
  implementation/plane/mult_58/U13/CO (FA1D0)          0.05524    1.14009 f
  implementation/plane/mult_58/U12/CO (FA1D0)          0.05524    1.19533 f
  implementation/plane/mult_58/U11/CO (FA1D0)          0.05524    1.25058 f
  implementation/plane/mult_58/U10/CO (FA1D0)          0.05524    1.30582 f
  implementation/plane/mult_58/U9/S (FA1D0)            0.07667    1.38249 r
  implementation/plane/U40/S (FA1D0)                   0.11010    1.49259 f
  implementation/plane/sub_0_root_sub_73/U2_16/CO (FA1D0)
                                                       0.10533    1.59793 f
  implementation/plane/sub_0_root_sub_73/U2_17/CO (FA1D0)
                                                       0.05524    1.65317 f
  implementation/plane/sub_0_root_sub_73/U2_18/CO (FA1D0)
                                                       0.05524    1.70842 f
  implementation/plane/sub_0_root_sub_73/U2_19/CO (FA1D0)
                                                       0.05524    1.76366 f
  implementation/plane/sub_0_root_sub_73/U2_20/CO (FA1D0)
                                                       0.05524    1.81891 f
  implementation/plane/sub_0_root_sub_73/U2_21/CO (FA1D0)
                                                       0.05524    1.87415 f
  implementation/plane/sub_0_root_sub_73/U2_22/S (FA1D0)
                                                       0.05639    1.93054 f
  implementation/plane/U16/Z (AO22D0)                  0.06871    1.99925 f
  implementation/mult_56/U147/ZN (INVD1)               0.02864    2.02789 r
  implementation/mult_56/U184/Z (CKXOR2D0)             0.07586    2.10375 f
  implementation/mult_56/U181/ZN (OAI22D0)             0.07276    2.17651 r
  implementation/mult_56/U29/S (CMPE42D1)              0.18513    2.36164 f
  implementation/mult_56/U11/CO (FA1D0)                0.10007    2.46172 f
  implementation/mult_56/U10/CO (FA1D0)                0.05524    2.51696 f
  implementation/mult_56/U9/CO (FA1D0)                 0.05524    2.57221 f
  implementation/mult_56/U8/CO (FA1D0)                 0.05524    2.62745 f
  implementation/mult_56/U7/CO (FA1D0)                 0.05524    2.68270 f
  implementation/mult_56/U6/CO (FA1D0)                 0.05524    2.73794 f
  implementation/mult_56/U5/CO (FA1D0)                 0.05524    2.79318 f
  implementation/mult_56/U4/CO (FA1D0)                 0.05524    2.84843 f
  implementation/mult_56/U3/CO (FA1D0)                 0.05265    2.90108 f
  implementation/mult_56/U158/ZN (XNR3D0)              0.09861    2.99969 f
  implementation/U48/ZN (AOI22D1)                      0.13736    3.13705 r
  implementation/U11/ZN (INVD1)                        0.04454    3.18159 f
  implementation/U10/ZN (INR3D0)                       0.08453    3.26612 r
  implementation/U6/ZN (INVD1)                         0.06493    3.33105 f
  implementation/U5/ZN (ND2D1)                         0.13830    3.46935 r
  implementation/fp_wrapper/U50/CO (FA1D0)             0.11287    3.58222 r
  implementation/fp_wrapper/U51/CO (FA1D0)             0.05161    3.63382 r
  implementation/fp_wrapper/U52/CO (FA1D0)             0.05161    3.68543 r
  implementation/fp_wrapper/U53/CO (FA1D0)             0.05161    3.73703 r
  implementation/fp_wrapper/U54/CO (FA1D0)             0.05161    3.78864 r
  implementation/fp_wrapper/U55/CO (FA1D0)             0.05249    3.84113 r
  implementation/fp_wrapper/U65/Z (XOR3D1)             0.06694    3.90806 f
  implementation/fp_wrapper/U63/Z (AO22D0)             0.07704    3.98511 f
  result[30] (out)                                     0.00000    3.98511 f
  data arrival time                                               3.98511

  clock vclk (rise edge)                              10.00000   10.00000
  clock network delay (ideal)                          0.00000   10.00000
  clock reconvergence pessimism                        0.00000   10.00000
  output external delay                               -0.02000    9.98000
  data required time                                              9.98000
  ------------------------------------------------------------------------------
  data required time                                              9.98000
  data arrival time                                              -3.98511
  ------------------------------------------------------------------------------
  slack (MET)                                                     5.99489


  Startpoint: level[0] (input port clocked by vclk)
  Endpoint: result[30] (output port clocked by vclk)
  Path Group: vclk
  Path Type: max

  Point                                                   Incr       Path
  ------------------------------------------------------------------------------
  clock vclk (rise edge)                               0.00000    0.00000
  clock network delay (ideal)                          0.00000    0.00000
  input external delay                                 0.02000    0.02000 r
  level[0] (in)                                        0.00773    0.02773 r
  U1/Z (CKBD1)                                         0.04659    0.07431 r
  implementation/plane/U6/ZN (CKND2D0)                 0.05616    0.13047 f
  implementation/plane/U5/ZN (CKND0)                   0.13464    0.26511 r
  implementation/plane/U87/Z (AO21D1)                  0.12580    0.39091 r
  implementation/plane/mult_58/U161/ZN (XNR2D0)        0.15896    0.54987 r
  implementation/plane/mult_58/U159/ZN (OAI211D0)      0.15871    0.70858 f
  implementation/plane/mult_58/U191/ZN (OAI22D0)       0.09021    0.79879 r
  implementation/plane/mult_58/U43/S (HA1D0)           0.07447    0.87326 f
  implementation/plane/mult_58/U16/CO (FA1D0)          0.10109    0.97436 f
  implementation/plane/mult_58/U15/CO (FA1D0)          0.05524    1.02960 f
  implementation/plane/mult_58/U14/CO (FA1D0)          0.05524    1.08485 f
  implementation/plane/mult_58/U13/CO (FA1D0)          0.05524    1.14009 f
  implementation/plane/mult_58/U12/CO (FA1D0)          0.05524    1.19533 f
  implementation/plane/mult_58/U11/CO (FA1D0)          0.05524    1.25058 f
  implementation/plane/mult_58/U10/CO (FA1D0)          0.05524    1.30582 f
  implementation/plane/mult_58/U9/CO (FA1D0)           0.05524    1.36107 f
  implementation/plane/mult_58/U8/CO (FA1D0)           0.05524    1.41631 f
  implementation/plane/mult_58/U7/CO (FA1D0)           0.05524    1.47156 f
  implementation/plane/mult_58/U6/CO (FA1D0)           0.05524    1.52680 f
  implementation/plane/mult_58/U5/S (FA1D0)            0.07667    1.60347 r
  implementation/plane/U18/CO (FA1D0)                  0.08338    1.68685 r
  implementation/plane/U17/CO (FA1D0)                  0.05068    1.73753 r
  implementation/plane/U15/S (FA1D0)                   0.08546    1.82299 r
  implementation/plane/sub_0_root_sub_73/U2_22/S (FA1D0)
                                                       0.10548    1.92847 f
  implementation/plane/U16/Z (AO22D0)                  0.06871    1.99718 f
  implementation/mult_56/U147/ZN (INVD1)               0.02864    2.02582 r
  implementation/mult_56/U184/Z (CKXOR2D0)             0.07586    2.10169 f
  implementation/mult_56/U181/ZN (OAI22D0)             0.07276    2.17444 r
  implementation/mult_56/U29/S (CMPE42D1)              0.18513    2.35957 f
  implementation/mult_56/U11/CO (FA1D0)                0.10007    2.45965 f
  implementation/mult_56/U10/CO (FA1D0)                0.05524    2.51489 f
  implementation/mult_56/U9/CO (FA1D0)                 0.05524    2.57014 f
  implementation/mult_56/U8/CO (FA1D0)                 0.05524    2.62538 f
  implementation/mult_56/U7/CO (FA1D0)                 0.05524    2.68063 f
  implementation/mult_56/U6/CO (FA1D0)                 0.05524    2.73587 f
  implementation/mult_56/U5/CO (FA1D0)                 0.05524    2.79111 f
  implementation/mult_56/U4/CO (FA1D0)                 0.05524    2.84636 f
  implementation/mult_56/U3/CO (FA1D0)                 0.05265    2.89901 f
  implementation/mult_56/U158/ZN (XNR3D0)              0.09861    2.99762 f
  implementation/U48/ZN (AOI22D1)                      0.13736    3.13498 r
  implementation/U11/ZN (INVD1)                        0.04454    3.17952 f
  implementation/U10/ZN (INR3D0)                       0.08453    3.26405 r
  implementation/U6/ZN (INVD1)                         0.06493    3.32898 f
  implementation/U5/ZN (ND2D1)                         0.13830    3.46728 r
  implementation/fp_wrapper/U50/CO (FA1D0)             0.11287    3.58015 r
  implementation/fp_wrapper/U51/CO (FA1D0)             0.05161    3.63175 r
  implementation/fp_wrapper/U52/CO (FA1D0)             0.05161    3.68336 r
  implementation/fp_wrapper/U53/CO (FA1D0)             0.05161    3.73496 r
  implementation/fp_wrapper/U54/CO (FA1D0)             0.05161    3.78657 r
  implementation/fp_wrapper/U55/CO (FA1D0)             0.05249    3.83906 r
  implementation/fp_wrapper/U65/Z (XOR3D1)             0.06694    3.90599 f
  implementation/fp_wrapper/U63/Z (AO22D0)             0.07704    3.98304 f
  result[30] (out)                                     0.00000    3.98304 f
  data arrival time                                               3.98304

  clock vclk (rise edge)                              10.00000   10.00000
  clock network delay (ideal)                          0.00000   10.00000
  clock reconvergence pessimism                        0.00000   10.00000
  output external delay                               -0.02000    9.98000
  data required time                                              9.98000
  ------------------------------------------------------------------------------
  data required time                                              9.98000
  data arrival time                                              -3.98304
  ------------------------------------------------------------------------------
  slack (MET)                                                     5.99696


  Startpoint: level[0] (input port clocked by vclk)
  Endpoint: result[30] (output port clocked by vclk)
  Path Group: vclk
  Path Type: max

  Point                                                   Incr       Path
  ------------------------------------------------------------------------------
  clock vclk (rise edge)                               0.00000    0.00000
  clock network delay (ideal)                          0.00000    0.00000
  input external delay                                 0.02000    0.02000 r
  level[0] (in)                                        0.00773    0.02773 r
  U1/Z (CKBD1)                                         0.04659    0.07431 r
  implementation/plane/U6/ZN (CKND2D0)                 0.05616    0.13047 f
  implementation/plane/U5/ZN (CKND0)                   0.13464    0.26511 r
  implementation/plane/U87/Z (AO21D1)                  0.12580    0.39091 r
  implementation/plane/mult_58/U161/ZN (XNR2D0)        0.15896    0.54987 r
  implementation/plane/mult_58/U159/ZN (OAI211D0)      0.15871    0.70858 f
  implementation/plane/mult_58/U191/ZN (OAI22D0)       0.09021    0.79879 r
  implementation/plane/mult_58/U43/S (HA1D0)           0.07447    0.87326 f
  implementation/plane/mult_58/U16/CO (FA1D0)          0.10109    0.97436 f
  implementation/plane/mult_58/U15/CO (FA1D0)          0.05524    1.02960 f
  implementation/plane/mult_58/U14/CO (FA1D0)          0.05524    1.08485 f
  implementation/plane/mult_58/U13/CO (FA1D0)          0.05524    1.14009 f
  implementation/plane/mult_58/U12/CO (FA1D0)          0.05524    1.19533 f
  implementation/plane/mult_58/U11/CO (FA1D0)          0.05524    1.25058 f
  implementation/plane/mult_58/U10/CO (FA1D0)          0.05524    1.30582 f
  implementation/plane/mult_58/U9/CO (FA1D0)           0.05524    1.36107 f
  implementation/plane/mult_58/U8/CO (FA1D0)           0.05524    1.41631 f
  implementation/plane/mult_58/U7/CO (FA1D0)           0.05524    1.47156 f
  implementation/plane/mult_58/U6/S (FA1D0)            0.07667    1.54822 r
  implementation/plane/U22/CO (FA1D0)                  0.08338    1.63160 r
  implementation/plane/U18/S (FA1D0)                   0.08546    1.71706 r
  implementation/plane/sub_0_root_sub_73/U2_20/CO (FA1D0)
                                                       0.09769    1.81475 r
  implementation/plane/sub_0_root_sub_73/U2_21/CO (FA1D0)
                                                       0.05068    1.86543 r
  implementation/plane/sub_0_root_sub_73/U2_22/S (FA1D0)
                                                       0.06282    1.92825 f
  implementation/plane/U16/Z (AO22D0)                  0.06871    1.99696 f
  implementation/mult_56/U147/ZN (INVD1)               0.02864    2.02560 r
  implementation/mult_56/U184/Z (CKXOR2D0)             0.07586    2.10147 f
  implementation/mult_56/U181/ZN (OAI22D0)             0.07276    2.17423 r
  implementation/mult_56/U29/S (CMPE42D1)              0.18513    2.35936 f
  implementation/mult_56/U11/CO (FA1D0)                0.10007    2.45943 f
  implementation/mult_56/U10/CO (FA1D0)                0.05524    2.51467 f
  implementation/mult_56/U9/CO (FA1D0)                 0.05524    2.56992 f
  implementation/mult_56/U8/CO (FA1D0)                 0.05524    2.62516 f
  implementation/mult_56/U7/CO (FA1D0)                 0.05524    2.68041 f
  implementation/mult_56/U6/CO (FA1D0)                 0.05524    2.73565 f
  implementation/mult_56/U5/CO (FA1D0)                 0.05524    2.79090 f
  implementation/mult_56/U4/CO (FA1D0)                 0.05524    2.84614 f
  implementation/mult_56/U3/CO (FA1D0)                 0.05265    2.89879 f
  implementation/mult_56/U158/ZN (XNR3D0)              0.09861    2.99740 f
  implementation/U48/ZN (AOI22D1)                      0.13736    3.13476 r
  implementation/U11/ZN (INVD1)                        0.04454    3.17930 f
  implementation/U10/ZN (INR3D0)                       0.08453    3.26383 r
  implementation/U6/ZN (INVD1)                         0.06493    3.32876 f
  implementation/U5/ZN (ND2D1)                         0.13830    3.46706 r
  implementation/fp_wrapper/U50/CO (FA1D0)             0.11287    3.57993 r
  implementation/fp_wrapper/U51/CO (FA1D0)             0.05161    3.63153 r
  implementation/fp_wrapper/U52/CO (FA1D0)             0.05161    3.68314 r
  implementation/fp_wrapper/U53/CO (FA1D0)             0.05161    3.73475 r
  implementation/fp_wrapper/U54/CO (FA1D0)             0.05161    3.78635 r
  implementation/fp_wrapper/U55/CO (FA1D0)             0.05249    3.83884 r
  implementation/fp_wrapper/U65/Z (XOR3D1)             0.06694    3.90578 f
  implementation/fp_wrapper/U63/Z (AO22D0)             0.07704    3.98282 f
  result[30] (out)                                     0.00000    3.98282 f
  data arrival time                                               3.98282

  clock vclk (rise edge)                              10.00000   10.00000
  clock network delay (ideal)                          0.00000   10.00000
  clock reconvergence pessimism                        0.00000   10.00000
  output external delay                               -0.02000    9.98000
  data required time                                              9.98000
  ------------------------------------------------------------------------------
  data required time                                              9.98000
  data arrival time                                              -3.98282
  ------------------------------------------------------------------------------
  slack (MET)                                                     5.99718

Warning: report_timing has satisfied the max_paths criteria. There are 26 further endpoints which have paths of interest with slack less than 1000.00000 that were not considered when generating this report. (UITE-502)

1
