****************************************
Report : Averaged Power
	-significant_digits
Design : oadm_runtime_drop_r14_s14
Version: U-2022.12-SP5
Date   : Thu Sep  3 18:53:52 2026
****************************************



  Attributes
  ----------
      i  -  Including register clock pin internal power
      u  -  User defined power group

                        Internal             Switching            Leakage              Total
Power Group             Power                Power                Power                Power               (     %)   Attrs
----------------------------------------------------------------------------------------------------------------------------
clock_network           0.00000e+00          0.00000e+00          0.00000e+00          0.00000e+00         ( 0.00%)   i
register                0.00000e+00          0.00000e+00          0.00000e+00          0.00000e+00         ( 0.00%)   
combinational           6.96763e-05          2.43217e-05          1.57350e-05          1.09733e-04         (100.00%)  
sequential              0.00000e+00          0.00000e+00          0.00000e+00          0.00000e+00         ( 0.00%)   
memory                  0.00000e+00          0.00000e+00          0.00000e+00          0.00000e+00         ( 0.00%)   
io_pad                  0.00000e+00          0.00000e+00          0.00000e+00          0.00000e+00         ( 0.00%)   
black_box               0.00000e+00          0.00000e+00          0.00000e+00          0.00000e+00         ( 0.00%)   

  Net Switching Power  = 2.43217e-05           (22.16%)
  Cell Internal Power  = 6.96763e-05           (63.50%)
  Cell Leakage Power   = 1.57350e-05           (14.34%)
                         -------------------------
Total Power            = 1.09733e-04          (100.00%)

1
