****************************************
Report : qor
Design : oadm_runtime_drop_r14_s14
Version: U-2022.12-SP5
Date   : Thu Sep  3 18:53:50 2026
****************************************

  Timing Path Group 'vclk' (max_delay/setup)
  ---------------------------------------------
  Levels of Logic:                           46
  Critical Path Length:                    3.64
  Critical Path Slack:                     6.34
  Total Negative Slack:                    0.00
  No. of Violating Paths:                     0
  ---------------------------------------------

  Timing Path Group 'vclk' (min_delay/hold)
  ---------------------------------------------
  Levels of Logic:                            1
  Critical Path Length:                    0.07
  Critical Path Slack:                     0.09
  Total Negative Slack:                    0.00
  No. of Violating Paths:                     0
  ---------------------------------------------

  Area
  ---------------------------------------------
  Net Interconnect area:                   0.00
  Total cell area:                      2737.08
  Design Area:                          2737.08
  Area Cost:                           -2737.08
  ---------------------------------------------


  Cell & Pin Count
  ---------------------------------------------
  Pin Count:                               2800
  Hierarchical Cell Count:                    9
  Hierarchical Port Count:                  520
  Leaf Cell Count:                          725
  ---------------------------------------------


  Design Rule Violations
  ---------------------------------------------
  Total No. of Pins in Design:             2800
  max_capacitance Count:                      1
  max_capacitance Cost:                    0.00
  Total DRC Cost:                          0.00
  ---------------------------------------------

1
