****************************************
Report : Averaged Power
	-significant_digits
Design : oadm_runtime_p4
Version: U-2022.12-SP5
Date   : Tue Aug 18 03:23:52 2026
****************************************



  Attributes
  ----------
      i  -  Including register clock pin internal power
      u  -  User defined power group

                        Internal             Switching            Leakage              Total
Power Group             Power                Power                Power                Power               (     %)   Attrs
----------------------------------------------------------------------------------------------------------------------------
clock_network           1.7376e-03           0.0000e+00           0.0000e+00           1.7376e-03          (46.92%)   i
register                3.5722e-04           4.0427e-05           1.4472e-05           4.1212e-04          (11.13%)   
combinational           1.0465e-03           4.5568e-04           5.1365e-05           1.5535e-03          (41.95%)   
sequential              0.0000e+00           0.0000e+00           0.0000e+00           0.0000e+00          ( 0.00%)   
memory                  0.0000e+00           0.0000e+00           0.0000e+00           0.0000e+00          ( 0.00%)   
io_pad                  0.0000e+00           0.0000e+00           0.0000e+00           0.0000e+00          ( 0.00%)   
black_box               0.0000e+00           0.0000e+00           0.0000e+00           0.0000e+00          ( 0.00%)   

  Net Switching Power  = 4.9611e-04            (13.40%)
  Cell Internal Power  = 3.1413e-03            (84.83%)
  Cell Leakage Power   = 6.5838e-05            ( 1.78%)
                         -------------------------
Total Power            = 3.7033e-03           (100.00%)

1
