 
****************************************
Report : timing
        -path full
        -delay max
        -nworst 10
        -max_paths 10
Design : simdive_original_fp32_wrapper
Version: U-2022.12-SP7
Date   : Wed Sep  2 16:52:52 2026
****************************************

Operating Conditions: NCCOM   Library: tcbn65gplustc_ccs
Wire Load Model Mode: segmented

  Startpoint: divide_mode
              (input port clocked by vclk)
  Endpoint: result[22] (output port clocked by vclk)
  Path Group: vclk
  Path Type: max

  Des/Clust/Port     Wire Load Model       Library
  ------------------------------------------------
  simdive_original_fp32_wrapper ZeroWireload tcbn65gplustc_ccs

  Point                                    Incr       Path
  -----------------------------------------------------------
  clock vclk (rise edge)                   0.00       0.00
  clock network delay (ideal)              0.00       0.00
  input external delay                     0.02       0.02 f
  divide_mode (in)                         0.01       0.03 f
  U820/ZN (INVD0)                          0.19       0.22 r
  U821/ZN (INVD0)                          0.20       0.42 f
  U874/ZN (AOI211D0)                       0.11       0.52 r
  U875/ZN (OAI22D0)                        0.05       0.57 f
  U1547/ZN (AOI221D0)                      0.09       0.67 r
  U1550/ZN (OAI211D0)                      0.05       0.72 f
  U1551/ZN (AOI211D0)                      0.11       0.82 r
  intadd_1_U13/S (FA1D0)                   0.12       0.95 f
  U894/ZN (INVD0)                          0.02       0.97 r
  U895/ZN (NR2D0)                          0.02       0.99 f
  U1259/ZN (NR2D0)                         0.03       1.02 r
  U1257/ZN (XNR2D0)                        0.08       1.10 f
  intadd_0_U14/CO (FA1D0)                  0.08       1.18 f
  intadd_0_U13/CO (FA1D0)                  0.06       1.24 f
  intadd_0_U12/CO (FA1D0)                  0.06       1.29 f
  intadd_0_U11/CO (FA1D0)                  0.06       1.35 f
  intadd_0_U10/CO (FA1D0)                  0.06       1.40 f
  intadd_0_U9/CO (FA1D0)                   0.06       1.46 f
  intadd_0_U8/CO (FA1D0)                   0.06       1.51 f
  intadd_0_U7/CO (FA1D0)                   0.06       1.57 f
  intadd_0_U6/CO (FA1D0)                   0.06       1.62 f
  intadd_0_U5/CO (FA1D0)                   0.06       1.68 f
  intadd_0_U4/CO (FA1D0)                   0.06       1.73 f
  intadd_0_U3/CO (FA1D0)                   0.06       1.79 f
  intadd_0_U2/CO (FA1D0)                   0.06       1.85 f
  U1170/ZN (XNR2D0)                        0.19       2.04 r
  U923/ZN (INVD0)                          0.05       2.09 f
  U815/ZN (XNR2D0)                         0.07       2.15 f
  U937/ZN (CKND2D0)                        0.04       2.19 r
  U1172/ZN (CKND2D0)                       0.13       2.33 f
  U966/ZN (INVD0)                          0.17       2.50 r
  U1188/ZN (NR2D0)                         0.12       2.61 f
  U1016/ZN (CKND2D0)                       0.04       2.66 r
  U1018/ZN (CKND2D0)                       0.04       2.69 f
  U1114/ZN (INVD0)                         0.03       2.72 r
  U1212/ZN (MAOI22D0)                      0.06       2.78 r
  U1209/ZN (OAI21D0)                       0.05       2.83 f
  U1179/Z (OA22D0)                         0.07       2.89 f
  U1174/ZN (AOI22D0)                       0.07       2.96 r
  U1175/ZN (CKND2D0)                       0.04       3.01 f
  U1176/ZN (NR2D0)                         0.06       3.06 r
  U1184/ZN (CKND2D0)                       0.04       3.11 f
  U1194/ZN (NR2D0)                         0.06       3.16 r
  U1197/ZN (CKND2D0)                       0.04       3.20 f
  U1201/ZN (NR2D0)                         0.05       3.26 r
  U1206/ZN (CKND2D0)                       0.04       3.30 f
  U1211/ZN (NR2D0)                         0.06       3.35 r
  U1217/ZN (CKND2D0)                       0.04       3.39 f
  U1225/ZN (NR2D0)                         0.05       3.45 r
  U1231/ZN (CKND2D0)                       0.04       3.49 f
  U1236/ZN (NR2D0)                         0.05       3.54 r
  U1237/ZN (CKND2D0)                       0.05       3.59 f
  U1282/ZN (IND3D0)                        0.08       3.67 f
  U1389/ZN (INR2D0)                        0.07       3.74 r
  U1460/ZN (NR2D0)                         0.05       3.79 f
  U1461/ZN (CKND2D0)                       0.08       3.86 r
  U1462/ZN (IOA21D0)                       0.06       3.92 r
  DP_OP_324J1_127_2548_U11/CO (FA1D0)      0.06       3.98 r
  DP_OP_324J1_127_2548_U10/CO (FA1D0)      0.09       4.07 r
  DP_OP_324J1_127_2548_U9/CO (FA1D0)       0.05       4.12 r
  DP_OP_324J1_127_2548_U8/CO (FA1D0)       0.05       4.17 r
  DP_OP_324J1_127_2548_U7/CO (FA1D0)       0.05       4.22 r
  DP_OP_324J1_127_2548_U6/CO (FA1D0)       0.05       4.27 r
  DP_OP_324J1_127_2548_U5/CO (FA1D0)       0.05       4.32 r
  DP_OP_324J1_127_2548_U4/CO (FA1D0)       0.05       4.38 r
  U952/ZN (NR2D0)                          0.02       4.39 f
  U951/ZN (AOI211D0)                       0.18       4.57 r
  U1305/ZN (OAI21D0)                       0.07       4.64 f
  U940/ZN (IND2D0)                         0.07       4.71 f
  U931/ZN (NR2D0)                          0.09       4.80 r
  U930/ZN (CKND0)                          0.12       4.91 f
  U1441/ZN (AOI221D0)                      0.11       5.02 r
  U1458/ZN (AOI211D0)                      0.03       5.05 f
  U1459/ZN (OAI211D0)                      0.05       5.11 r
  result[22] (out)                         0.00       5.11 r
  data arrival time                                   5.11

  clock vclk (rise edge)                  10.00      10.00
  clock network delay (ideal)              0.00      10.00
  output external delay                   -0.02       9.98
  data required time                                  9.98
  -----------------------------------------------------------
  data required time                                  9.98
  data arrival time                                  -5.11
  -----------------------------------------------------------
  slack (MET)                                         4.87


  Startpoint: divide_mode
              (input port clocked by vclk)
  Endpoint: result[22] (output port clocked by vclk)
  Path Group: vclk
  Path Type: max

  Des/Clust/Port     Wire Load Model       Library
  ------------------------------------------------
  simdive_original_fp32_wrapper ZeroWireload tcbn65gplustc_ccs

  Point                                    Incr       Path
  -----------------------------------------------------------
  clock vclk (rise edge)                   0.00       0.00
  clock network delay (ideal)              0.00       0.00
  input external delay                     0.02       0.02 f
  divide_mode (in)                         0.01       0.03 f
  U820/ZN (INVD0)                          0.19       0.22 r
  U821/ZN (INVD0)                          0.20       0.42 f
  U874/ZN (AOI211D0)                       0.11       0.52 r
  U875/ZN (OAI22D0)                        0.05       0.57 f
  U1547/ZN (AOI221D0)                      0.09       0.67 r
  U1550/ZN (OAI211D0)                      0.05       0.72 f
  U1551/ZN (AOI211D0)                      0.11       0.82 r
  intadd_1_U13/S (FA1D0)                   0.12       0.95 f
  U894/ZN (INVD0)                          0.02       0.97 r
  U895/ZN (NR2D0)                          0.02       0.99 f
  U1259/ZN (NR2D0)                         0.03       1.02 r
  U1257/ZN (XNR2D0)                        0.08       1.10 f
  intadd_0_U14/CO (FA1D0)                  0.08       1.18 f
  intadd_0_U13/CO (FA1D0)                  0.06       1.24 f
  intadd_0_U12/CO (FA1D0)                  0.06       1.29 f
  intadd_0_U11/CO (FA1D0)                  0.06       1.35 f
  intadd_0_U10/CO (FA1D0)                  0.06       1.40 f
  intadd_0_U9/CO (FA1D0)                   0.06       1.46 f
  intadd_0_U8/CO (FA1D0)                   0.06       1.51 f
  intadd_0_U7/CO (FA1D0)                   0.06       1.57 f
  intadd_0_U6/CO (FA1D0)                   0.06       1.62 f
  intadd_0_U5/CO (FA1D0)                   0.06       1.68 f
  intadd_0_U4/CO (FA1D0)                   0.06       1.73 f
  intadd_0_U3/CO (FA1D0)                   0.06       1.79 f
  intadd_0_U2/CO (FA1D0)                   0.06       1.85 f
  U1170/ZN (XNR2D0)                        0.19       2.04 r
  U923/ZN (INVD0)                          0.05       2.09 f
  U815/ZN (XNR2D0)                         0.07       2.15 f
  U937/ZN (CKND2D0)                        0.04       2.19 r
  U1172/ZN (CKND2D0)                       0.13       2.33 f
  U966/ZN (INVD0)                          0.17       2.50 r
  U1188/ZN (NR2D0)                         0.12       2.61 f
  U1016/ZN (CKND2D0)                       0.04       2.66 r
  U1018/ZN (CKND2D0)                       0.04       2.69 f
  U1114/ZN (INVD0)                         0.03       2.72 r
  U1212/ZN (MAOI22D0)                      0.06       2.78 r
  U1209/ZN (OAI21D0)                       0.05       2.83 f
  U1179/Z (OA22D0)                         0.07       2.89 f
  U1174/ZN (AOI22D0)                       0.07       2.96 r
  U1175/ZN (CKND2D0)                       0.04       3.01 f
  U1176/ZN (NR2D0)                         0.06       3.06 r
  U1184/ZN (CKND2D0)                       0.04       3.11 f
  U1194/ZN (NR2D0)                         0.06       3.16 r
  U1197/ZN (CKND2D0)                       0.04       3.20 f
  U1201/ZN (NR2D0)                         0.05       3.26 r
  U1206/ZN (CKND2D0)                       0.04       3.30 f
  U1211/ZN (NR2D0)                         0.06       3.35 r
  U1217/ZN (CKND2D0)                       0.04       3.39 f
  U1225/ZN (NR2D0)                         0.05       3.45 r
  U1231/ZN (CKND2D0)                       0.04       3.49 f
  U1236/ZN (NR2D0)                         0.05       3.54 r
  U1237/ZN (CKND2D0)                       0.05       3.59 f
  U1282/ZN (IND3D0)                        0.08       3.67 f
  U1389/ZN (INR2D0)                        0.07       3.74 r
  U1460/ZN (NR2D0)                         0.05       3.79 f
  U1461/ZN (CKND2D0)                       0.08       3.86 r
  U1462/ZN (IOA21D0)                       0.06       3.92 r
  DP_OP_324J1_127_2548_U11/CO (FA1D0)      0.06       3.98 r
  DP_OP_324J1_127_2548_U10/CO (FA1D0)      0.09       4.07 r
  DP_OP_324J1_127_2548_U9/CO (FA1D0)       0.05       4.12 r
  DP_OP_324J1_127_2548_U8/CO (FA1D0)       0.05       4.17 r
  DP_OP_324J1_127_2548_U7/CO (FA1D0)       0.05       4.22 r
  DP_OP_324J1_127_2548_U6/CO (FA1D0)       0.05       4.27 r
  DP_OP_324J1_127_2548_U5/CO (FA1D0)       0.05       4.32 r
  DP_OP_324J1_127_2548_U4/CO (FA1D0)       0.05       4.38 r
  U952/ZN (NR2D0)                          0.02       4.39 f
  U951/ZN (AOI211D0)                       0.18       4.57 r
  U1305/ZN (OAI21D0)                       0.07       4.64 f
  U940/ZN (IND2D0)                         0.07       4.71 f
  U931/ZN (NR2D0)                          0.09       4.80 r
  U930/ZN (CKND0)                          0.12       4.91 f
  U1441/ZN (AOI221D0)                      0.11       5.02 r
  U1458/ZN (AOI211D0)                      0.03       5.05 f
  U1459/ZN (OAI211D0)                      0.05       5.11 r
  result[22] (out)                         0.00       5.11 r
  data arrival time                                   5.11

  clock vclk (rise edge)                  10.00      10.00
  clock network delay (ideal)              0.00      10.00
  output external delay                   -0.02       9.98
  data required time                                  9.98
  -----------------------------------------------------------
  data required time                                  9.98
  data arrival time                                  -5.11
  -----------------------------------------------------------
  slack (MET)                                         4.87


  Startpoint: divide_mode
              (input port clocked by vclk)
  Endpoint: result[22] (output port clocked by vclk)
  Path Group: vclk
  Path Type: max

  Des/Clust/Port     Wire Load Model       Library
  ------------------------------------------------
  simdive_original_fp32_wrapper ZeroWireload tcbn65gplustc_ccs

  Point                                    Incr       Path
  -----------------------------------------------------------
  clock vclk (rise edge)                   0.00       0.00
  clock network delay (ideal)              0.00       0.00
  input external delay                     0.02       0.02 f
  divide_mode (in)                         0.01       0.03 f
  U820/ZN (INVD0)                          0.19       0.22 r
  U821/ZN (INVD0)                          0.20       0.42 f
  U874/ZN (AOI211D0)                       0.11       0.52 r
  U875/ZN (OAI22D0)                        0.05       0.57 f
  U1547/ZN (AOI221D0)                      0.09       0.67 r
  U1550/ZN (OAI211D0)                      0.05       0.72 f
  U1551/ZN (AOI211D0)                      0.11       0.82 r
  intadd_1_U13/S (FA1D0)                   0.12       0.95 f
  U894/ZN (INVD0)                          0.02       0.97 r
  U895/ZN (NR2D0)                          0.02       0.99 f
  U1259/ZN (NR2D0)                         0.03       1.02 r
  U1257/ZN (XNR2D0)                        0.08       1.10 f
  intadd_0_U14/CO (FA1D0)                  0.08       1.18 f
  intadd_0_U13/CO (FA1D0)                  0.06       1.24 f
  intadd_0_U12/CO (FA1D0)                  0.06       1.29 f
  intadd_0_U11/CO (FA1D0)                  0.06       1.35 f
  intadd_0_U10/CO (FA1D0)                  0.06       1.40 f
  intadd_0_U9/CO (FA1D0)                   0.06       1.46 f
  intadd_0_U8/CO (FA1D0)                   0.06       1.51 f
  intadd_0_U7/CO (FA1D0)                   0.06       1.57 f
  intadd_0_U6/CO (FA1D0)                   0.06       1.62 f
  intadd_0_U5/CO (FA1D0)                   0.06       1.68 f
  intadd_0_U4/CO (FA1D0)                   0.06       1.73 f
  intadd_0_U3/CO (FA1D0)                   0.06       1.79 f
  intadd_0_U2/CO (FA1D0)                   0.06       1.85 f
  U1170/ZN (XNR2D0)                        0.19       2.04 r
  U923/ZN (INVD0)                          0.05       2.09 f
  U815/ZN (XNR2D0)                         0.07       2.15 f
  U937/ZN (CKND2D0)                        0.04       2.19 r
  U1172/ZN (CKND2D0)                       0.13       2.33 f
  U966/ZN (INVD0)                          0.17       2.50 r
  U1188/ZN (NR2D0)                         0.12       2.61 f
  U1016/ZN (CKND2D0)                       0.04       2.66 r
  U1018/ZN (CKND2D0)                       0.04       2.69 f
  U1114/ZN (INVD0)                         0.03       2.72 r
  U1212/ZN (MAOI22D0)                      0.06       2.78 r
  U1209/ZN (OAI21D0)                       0.05       2.83 f
  U1179/Z (OA22D0)                         0.07       2.89 f
  U1174/ZN (AOI22D0)                       0.07       2.96 r
  U1175/ZN (CKND2D0)                       0.04       3.01 f
  U1176/ZN (NR2D0)                         0.06       3.06 r
  U1184/ZN (CKND2D0)                       0.04       3.11 f
  U1194/ZN (NR2D0)                         0.06       3.16 r
  U1197/ZN (CKND2D0)                       0.04       3.20 f
  U1201/ZN (NR2D0)                         0.05       3.26 r
  U1206/ZN (CKND2D0)                       0.04       3.30 f
  U1211/ZN (NR2D0)                         0.06       3.35 r
  U1217/ZN (CKND2D0)                       0.04       3.39 f
  U1225/ZN (NR2D0)                         0.05       3.45 r
  U1231/ZN (CKND2D0)                       0.04       3.49 f
  U1236/ZN (NR2D0)                         0.05       3.54 r
  U1237/ZN (CKND2D0)                       0.05       3.59 f
  U1282/ZN (IND3D0)                        0.08       3.67 f
  U1389/ZN (INR2D0)                        0.07       3.74 r
  U1460/ZN (NR2D0)                         0.05       3.79 f
  U1461/ZN (CKND2D0)                       0.08       3.86 r
  U1462/ZN (IOA21D0)                       0.06       3.92 r
  DP_OP_324J1_127_2548_U11/CO (FA1D0)      0.06       3.98 r
  DP_OP_324J1_127_2548_U10/CO (FA1D0)      0.09       4.07 r
  DP_OP_324J1_127_2548_U9/CO (FA1D0)       0.05       4.12 r
  DP_OP_324J1_127_2548_U8/CO (FA1D0)       0.05       4.17 r
  DP_OP_324J1_127_2548_U7/CO (FA1D0)       0.05       4.22 r
  DP_OP_324J1_127_2548_U6/CO (FA1D0)       0.05       4.27 r
  DP_OP_324J1_127_2548_U5/CO (FA1D0)       0.05       4.32 r
  DP_OP_324J1_127_2548_U4/CO (FA1D0)       0.05       4.38 r
  U952/ZN (NR2D0)                          0.02       4.39 f
  U951/ZN (AOI211D0)                       0.18       4.57 r
  U1305/ZN (OAI21D0)                       0.07       4.64 f
  U940/ZN (IND2D0)                         0.07       4.71 f
  U931/ZN (NR2D0)                          0.09       4.80 r
  U930/ZN (CKND0)                          0.12       4.91 f
  U1441/ZN (AOI221D0)                      0.11       5.02 r
  U1458/ZN (AOI211D0)                      0.03       5.05 f
  U1459/ZN (OAI211D0)                      0.05       5.11 r
  result[22] (out)                         0.00       5.11 r
  data arrival time                                   5.11

  clock vclk (rise edge)                  10.00      10.00
  clock network delay (ideal)              0.00      10.00
  output external delay                   -0.02       9.98
  data required time                                  9.98
  -----------------------------------------------------------
  data required time                                  9.98
  data arrival time                                  -5.11
  -----------------------------------------------------------
  slack (MET)                                         4.87


  Startpoint: divide_mode
              (input port clocked by vclk)
  Endpoint: result[22] (output port clocked by vclk)
  Path Group: vclk
  Path Type: max

  Des/Clust/Port     Wire Load Model       Library
  ------------------------------------------------
  simdive_original_fp32_wrapper ZeroWireload tcbn65gplustc_ccs

  Point                                    Incr       Path
  -----------------------------------------------------------
  clock vclk (rise edge)                   0.00       0.00
  clock network delay (ideal)              0.00       0.00
  input external delay                     0.02       0.02 f
  divide_mode (in)                         0.01       0.03 f
  U820/ZN (INVD0)                          0.19       0.22 r
  U821/ZN (INVD0)                          0.20       0.42 f
  U874/ZN (AOI211D0)                       0.11       0.52 r
  U875/ZN (OAI22D0)                        0.05       0.57 f
  U1547/ZN (AOI221D0)                      0.09       0.67 r
  U1550/ZN (OAI211D0)                      0.05       0.72 f
  U1551/ZN (AOI211D0)                      0.11       0.82 r
  intadd_1_U13/S (FA1D0)                   0.12       0.95 f
  U894/ZN (INVD0)                          0.02       0.97 r
  U895/ZN (NR2D0)                          0.02       0.99 f
  U1259/ZN (NR2D0)                         0.03       1.02 r
  U1257/ZN (XNR2D0)                        0.08       1.10 f
  intadd_0_U14/CO (FA1D0)                  0.08       1.18 f
  intadd_0_U13/CO (FA1D0)                  0.06       1.24 f
  intadd_0_U12/CO (FA1D0)                  0.06       1.29 f
  intadd_0_U11/CO (FA1D0)                  0.06       1.35 f
  intadd_0_U10/CO (FA1D0)                  0.06       1.40 f
  intadd_0_U9/CO (FA1D0)                   0.06       1.46 f
  intadd_0_U8/CO (FA1D0)                   0.06       1.51 f
  intadd_0_U7/CO (FA1D0)                   0.06       1.57 f
  intadd_0_U6/CO (FA1D0)                   0.06       1.62 f
  intadd_0_U5/CO (FA1D0)                   0.06       1.68 f
  intadd_0_U4/CO (FA1D0)                   0.06       1.73 f
  intadd_0_U3/CO (FA1D0)                   0.06       1.79 f
  intadd_0_U2/CO (FA1D0)                   0.06       1.85 f
  U1170/ZN (XNR2D0)                        0.19       2.04 r
  U923/ZN (INVD0)                          0.05       2.09 f
  U815/ZN (XNR2D0)                         0.07       2.15 f
  U937/ZN (CKND2D0)                        0.04       2.19 r
  U1172/ZN (CKND2D0)                       0.13       2.33 f
  U966/ZN (INVD0)                          0.17       2.50 r
  U1188/ZN (NR2D0)                         0.12       2.61 f
  U1016/ZN (CKND2D0)                       0.04       2.66 r
  U1018/ZN (CKND2D0)                       0.04       2.69 f
  U1114/ZN (INVD0)                         0.03       2.72 r
  U1212/ZN (MAOI22D0)                      0.06       2.78 r
  U1209/ZN (OAI21D0)                       0.05       2.83 f
  U1179/Z (OA22D0)                         0.07       2.89 f
  U1174/ZN (AOI22D0)                       0.07       2.96 r
  U1175/ZN (CKND2D0)                       0.04       3.01 f
  U1176/ZN (NR2D0)                         0.06       3.06 r
  U1184/ZN (CKND2D0)                       0.04       3.11 f
  U1194/ZN (NR2D0)                         0.06       3.16 r
  U1197/ZN (CKND2D0)                       0.04       3.20 f
  U1201/ZN (NR2D0)                         0.05       3.26 r
  U1206/ZN (CKND2D0)                       0.04       3.30 f
  U1211/ZN (NR2D0)                         0.06       3.35 r
  U1217/ZN (CKND2D0)                       0.04       3.39 f
  U1225/ZN (NR2D0)                         0.05       3.45 r
  U1231/ZN (CKND2D0)                       0.04       3.49 f
  U1236/ZN (NR2D0)                         0.05       3.54 r
  U1237/ZN (CKND2D0)                       0.05       3.59 f
  U1282/ZN (IND3D0)                        0.08       3.67 f
  U1389/ZN (INR2D0)                        0.07       3.74 r
  U1460/ZN (NR2D0)                         0.05       3.79 f
  U1461/ZN (CKND2D0)                       0.08       3.86 r
  U1462/ZN (IOA21D0)                       0.06       3.92 r
  DP_OP_324J1_127_2548_U11/CO (FA1D0)      0.06       3.98 r
  DP_OP_324J1_127_2548_U10/CO (FA1D0)      0.09       4.07 r
  DP_OP_324J1_127_2548_U9/CO (FA1D0)       0.05       4.12 r
  DP_OP_324J1_127_2548_U8/CO (FA1D0)       0.05       4.17 r
  DP_OP_324J1_127_2548_U7/CO (FA1D0)       0.05       4.22 r
  DP_OP_324J1_127_2548_U6/CO (FA1D0)       0.05       4.27 r
  DP_OP_324J1_127_2548_U5/CO (FA1D0)       0.05       4.32 r
  DP_OP_324J1_127_2548_U4/CO (FA1D0)       0.05       4.38 r
  U952/ZN (NR2D0)                          0.02       4.39 f
  U951/ZN (AOI211D0)                       0.18       4.57 r
  U1305/ZN (OAI21D0)                       0.07       4.64 f
  U940/ZN (IND2D0)                         0.07       4.71 f
  U931/ZN (NR2D0)                          0.09       4.80 r
  U930/ZN (CKND0)                          0.12       4.91 f
  U1441/ZN (AOI221D0)                      0.11       5.02 r
  U1458/ZN (AOI211D0)                      0.03       5.05 f
  U1459/ZN (OAI211D0)                      0.05       5.11 r
  result[22] (out)                         0.00       5.11 r
  data arrival time                                   5.11

  clock vclk (rise edge)                  10.00      10.00
  clock network delay (ideal)              0.00      10.00
  output external delay                   -0.02       9.98
  data required time                                  9.98
  -----------------------------------------------------------
  data required time                                  9.98
  data arrival time                                  -5.11
  -----------------------------------------------------------
  slack (MET)                                         4.87


  Startpoint: divide_mode
              (input port clocked by vclk)
  Endpoint: result[22] (output port clocked by vclk)
  Path Group: vclk
  Path Type: max

  Des/Clust/Port     Wire Load Model       Library
  ------------------------------------------------
  simdive_original_fp32_wrapper ZeroWireload tcbn65gplustc_ccs

  Point                                    Incr       Path
  -----------------------------------------------------------
  clock vclk (rise edge)                   0.00       0.00
  clock network delay (ideal)              0.00       0.00
  input external delay                     0.02       0.02 f
  divide_mode (in)                         0.01       0.03 f
  U820/ZN (INVD0)                          0.19       0.22 r
  U821/ZN (INVD0)                          0.20       0.42 f
  U874/ZN (AOI211D0)                       0.11       0.52 r
  U875/ZN (OAI22D0)                        0.05       0.57 f
  U1547/ZN (AOI221D0)                      0.09       0.67 r
  U1550/ZN (OAI211D0)                      0.05       0.72 f
  U1551/ZN (AOI211D0)                      0.11       0.82 r
  intadd_1_U13/S (FA1D0)                   0.12       0.95 f
  U894/ZN (INVD0)                          0.02       0.97 r
  U895/ZN (NR2D0)                          0.02       0.99 f
  U1259/ZN (NR2D0)                         0.03       1.02 r
  U1257/ZN (XNR2D0)                        0.08       1.10 f
  intadd_0_U14/CO (FA1D0)                  0.08       1.18 f
  intadd_0_U13/CO (FA1D0)                  0.06       1.24 f
  intadd_0_U12/CO (FA1D0)                  0.06       1.29 f
  intadd_0_U11/CO (FA1D0)                  0.06       1.35 f
  intadd_0_U10/CO (FA1D0)                  0.06       1.40 f
  intadd_0_U9/CO (FA1D0)                   0.06       1.46 f
  intadd_0_U8/CO (FA1D0)                   0.06       1.51 f
  intadd_0_U7/CO (FA1D0)                   0.06       1.57 f
  intadd_0_U6/CO (FA1D0)                   0.06       1.62 f
  intadd_0_U5/CO (FA1D0)                   0.06       1.68 f
  intadd_0_U4/CO (FA1D0)                   0.06       1.73 f
  intadd_0_U3/CO (FA1D0)                   0.06       1.79 f
  intadd_0_U2/CO (FA1D0)                   0.06       1.85 f
  U1170/ZN (XNR2D0)                        0.19       2.04 r
  U923/ZN (INVD0)                          0.05       2.09 f
  U815/ZN (XNR2D0)                         0.07       2.15 f
  U937/ZN (CKND2D0)                        0.04       2.19 r
  U1172/ZN (CKND2D0)                       0.13       2.33 f
  U966/ZN (INVD0)                          0.17       2.50 r
  U1188/ZN (NR2D0)                         0.12       2.61 f
  U1016/ZN (CKND2D0)                       0.04       2.66 r
  U1018/ZN (CKND2D0)                       0.04       2.69 f
  U1114/ZN (INVD0)                         0.03       2.72 r
  U1212/ZN (MAOI22D0)                      0.06       2.78 r
  U1209/ZN (OAI21D0)                       0.05       2.83 f
  U1179/Z (OA22D0)                         0.07       2.89 f
  U1174/ZN (AOI22D0)                       0.07       2.96 r
  U1175/ZN (CKND2D0)                       0.04       3.01 f
  U1176/ZN (NR2D0)                         0.06       3.06 r
  U1184/ZN (CKND2D0)                       0.04       3.11 f
  U1194/ZN (NR2D0)                         0.06       3.16 r
  U1197/ZN (CKND2D0)                       0.04       3.20 f
  U1201/ZN (NR2D0)                         0.05       3.26 r
  U1206/ZN (CKND2D0)                       0.04       3.30 f
  U1211/ZN (NR2D0)                         0.06       3.35 r
  U1217/ZN (CKND2D0)                       0.04       3.39 f
  U1225/ZN (NR2D0)                         0.05       3.45 r
  U1231/ZN (CKND2D0)                       0.04       3.49 f
  U1236/ZN (NR2D0)                         0.05       3.54 r
  U1237/ZN (CKND2D0)                       0.05       3.59 f
  U1282/ZN (IND3D0)                        0.08       3.67 f
  U1389/ZN (INR2D0)                        0.07       3.74 r
  U1460/ZN (NR2D0)                         0.05       3.79 f
  U1461/ZN (CKND2D0)                       0.08       3.86 r
  U1462/ZN (IOA21D0)                       0.06       3.92 r
  DP_OP_324J1_127_2548_U11/CO (FA1D0)      0.06       3.98 r
  DP_OP_324J1_127_2548_U10/CO (FA1D0)      0.09       4.07 r
  DP_OP_324J1_127_2548_U9/CO (FA1D0)       0.05       4.12 r
  DP_OP_324J1_127_2548_U8/CO (FA1D0)       0.05       4.17 r
  DP_OP_324J1_127_2548_U7/CO (FA1D0)       0.05       4.22 r
  DP_OP_324J1_127_2548_U6/CO (FA1D0)       0.05       4.27 r
  DP_OP_324J1_127_2548_U5/CO (FA1D0)       0.05       4.32 r
  DP_OP_324J1_127_2548_U4/CO (FA1D0)       0.05       4.38 r
  U952/ZN (NR2D0)                          0.02       4.39 f
  U951/ZN (AOI211D0)                       0.18       4.57 r
  U1305/ZN (OAI21D0)                       0.07       4.64 f
  U940/ZN (IND2D0)                         0.07       4.71 f
  U931/ZN (NR2D0)                          0.09       4.80 r
  U930/ZN (CKND0)                          0.12       4.91 f
  U1441/ZN (AOI221D0)                      0.11       5.02 r
  U1458/ZN (AOI211D0)                      0.03       5.05 f
  U1459/ZN (OAI211D0)                      0.05       5.11 r
  result[22] (out)                         0.00       5.11 r
  data arrival time                                   5.11

  clock vclk (rise edge)                  10.00      10.00
  clock network delay (ideal)              0.00      10.00
  output external delay                   -0.02       9.98
  data required time                                  9.98
  -----------------------------------------------------------
  data required time                                  9.98
  data arrival time                                  -5.11
  -----------------------------------------------------------
  slack (MET)                                         4.87


  Startpoint: divide_mode
              (input port clocked by vclk)
  Endpoint: result[22] (output port clocked by vclk)
  Path Group: vclk
  Path Type: max

  Des/Clust/Port     Wire Load Model       Library
  ------------------------------------------------
  simdive_original_fp32_wrapper ZeroWireload tcbn65gplustc_ccs

  Point                                    Incr       Path
  -----------------------------------------------------------
  clock vclk (rise edge)                   0.00       0.00
  clock network delay (ideal)              0.00       0.00
  input external delay                     0.02       0.02 f
  divide_mode (in)                         0.01       0.03 f
  U820/ZN (INVD0)                          0.19       0.22 r
  U821/ZN (INVD0)                          0.20       0.42 f
  U874/ZN (AOI211D0)                       0.11       0.52 r
  U875/ZN (OAI22D0)                        0.05       0.57 f
  U1547/ZN (AOI221D0)                      0.09       0.67 r
  U1550/ZN (OAI211D0)                      0.05       0.72 f
  U1551/ZN (AOI211D0)                      0.11       0.82 r
  intadd_1_U13/S (FA1D0)                   0.12       0.95 f
  U894/ZN (INVD0)                          0.02       0.97 r
  U895/ZN (NR2D0)                          0.02       0.99 f
  U1259/ZN (NR2D0)                         0.03       1.02 r
  U1257/ZN (XNR2D0)                        0.08       1.10 f
  intadd_0_U14/CO (FA1D0)                  0.08       1.18 f
  intadd_0_U13/CO (FA1D0)                  0.06       1.24 f
  intadd_0_U12/CO (FA1D0)                  0.06       1.29 f
  intadd_0_U11/CO (FA1D0)                  0.06       1.35 f
  intadd_0_U10/CO (FA1D0)                  0.06       1.40 f
  intadd_0_U9/CO (FA1D0)                   0.06       1.46 f
  intadd_0_U8/CO (FA1D0)                   0.06       1.51 f
  intadd_0_U7/CO (FA1D0)                   0.06       1.57 f
  intadd_0_U6/CO (FA1D0)                   0.06       1.62 f
  intadd_0_U5/CO (FA1D0)                   0.06       1.68 f
  intadd_0_U4/CO (FA1D0)                   0.06       1.73 f
  intadd_0_U3/CO (FA1D0)                   0.06       1.79 f
  intadd_0_U2/CO (FA1D0)                   0.06       1.85 f
  U1170/ZN (XNR2D0)                        0.19       2.04 r
  U923/ZN (INVD0)                          0.05       2.09 f
  U815/ZN (XNR2D0)                         0.07       2.15 f
  U937/ZN (CKND2D0)                        0.04       2.19 r
  U1172/ZN (CKND2D0)                       0.13       2.33 f
  U966/ZN (INVD0)                          0.17       2.50 r
  U1188/ZN (NR2D0)                         0.12       2.61 f
  U1016/ZN (CKND2D0)                       0.04       2.66 r
  U1018/ZN (CKND2D0)                       0.04       2.69 f
  U1114/ZN (INVD0)                         0.03       2.72 r
  U1212/ZN (MAOI22D0)                      0.06       2.78 r
  U1209/ZN (OAI21D0)                       0.05       2.83 f
  U1179/Z (OA22D0)                         0.07       2.89 f
  U1174/ZN (AOI22D0)                       0.07       2.96 r
  U1175/ZN (CKND2D0)                       0.04       3.01 f
  U1176/ZN (NR2D0)                         0.06       3.06 r
  U1184/ZN (CKND2D0)                       0.04       3.11 f
  U1194/ZN (NR2D0)                         0.06       3.16 r
  U1197/ZN (CKND2D0)                       0.04       3.20 f
  U1201/ZN (NR2D0)                         0.05       3.26 r
  U1206/ZN (CKND2D0)                       0.04       3.30 f
  U1211/ZN (NR2D0)                         0.06       3.35 r
  U1217/ZN (CKND2D0)                       0.04       3.39 f
  U1225/ZN (NR2D0)                         0.05       3.45 r
  U1231/ZN (CKND2D0)                       0.04       3.49 f
  U1236/ZN (NR2D0)                         0.05       3.54 r
  U1237/ZN (CKND2D0)                       0.05       3.59 f
  U1282/ZN (IND3D0)                        0.08       3.67 f
  U1389/ZN (INR2D0)                        0.07       3.74 r
  U1460/ZN (NR2D0)                         0.05       3.79 f
  U1461/ZN (CKND2D0)                       0.08       3.86 r
  U1462/ZN (IOA21D0)                       0.06       3.92 r
  DP_OP_324J1_127_2548_U11/CO (FA1D0)      0.06       3.98 r
  DP_OP_324J1_127_2548_U10/CO (FA1D0)      0.09       4.07 r
  DP_OP_324J1_127_2548_U9/CO (FA1D0)       0.05       4.12 r
  DP_OP_324J1_127_2548_U8/CO (FA1D0)       0.05       4.17 r
  DP_OP_324J1_127_2548_U7/CO (FA1D0)       0.05       4.22 r
  DP_OP_324J1_127_2548_U6/CO (FA1D0)       0.05       4.27 r
  DP_OP_324J1_127_2548_U5/CO (FA1D0)       0.05       4.32 r
  DP_OP_324J1_127_2548_U4/CO (FA1D0)       0.05       4.38 r
  U952/ZN (NR2D0)                          0.02       4.39 f
  U951/ZN (AOI211D0)                       0.18       4.57 r
  U1305/ZN (OAI21D0)                       0.07       4.64 f
  U940/ZN (IND2D0)                         0.07       4.71 f
  U931/ZN (NR2D0)                          0.09       4.80 r
  U930/ZN (CKND0)                          0.12       4.91 f
  U1441/ZN (AOI221D0)                      0.11       5.02 r
  U1458/ZN (AOI211D0)                      0.03       5.05 f
  U1459/ZN (OAI211D0)                      0.05       5.11 r
  result[22] (out)                         0.00       5.11 r
  data arrival time                                   5.11

  clock vclk (rise edge)                  10.00      10.00
  clock network delay (ideal)              0.00      10.00
  output external delay                   -0.02       9.98
  data required time                                  9.98
  -----------------------------------------------------------
  data required time                                  9.98
  data arrival time                                  -5.11
  -----------------------------------------------------------
  slack (MET)                                         4.87


  Startpoint: divide_mode
              (input port clocked by vclk)
  Endpoint: result[22] (output port clocked by vclk)
  Path Group: vclk
  Path Type: max

  Des/Clust/Port     Wire Load Model       Library
  ------------------------------------------------
  simdive_original_fp32_wrapper ZeroWireload tcbn65gplustc_ccs

  Point                                    Incr       Path
  -----------------------------------------------------------
  clock vclk (rise edge)                   0.00       0.00
  clock network delay (ideal)              0.00       0.00
  input external delay                     0.02       0.02 f
  divide_mode (in)                         0.01       0.03 f
  U820/ZN (INVD0)                          0.19       0.22 r
  U821/ZN (INVD0)                          0.20       0.42 f
  U874/ZN (AOI211D0)                       0.11       0.52 r
  U875/ZN (OAI22D0)                        0.05       0.57 f
  U1547/ZN (AOI221D0)                      0.09       0.67 r
  U1550/ZN (OAI211D0)                      0.05       0.72 f
  U1551/ZN (AOI211D0)                      0.11       0.82 r
  intadd_1_U13/S (FA1D0)                   0.12       0.95 f
  U894/ZN (INVD0)                          0.02       0.97 r
  U895/ZN (NR2D0)                          0.02       0.99 f
  U1259/ZN (NR2D0)                         0.03       1.02 r
  U1257/ZN (XNR2D0)                        0.08       1.10 f
  intadd_0_U14/CO (FA1D0)                  0.08       1.18 f
  intadd_0_U13/CO (FA1D0)                  0.06       1.24 f
  intadd_0_U12/CO (FA1D0)                  0.06       1.29 f
  intadd_0_U11/CO (FA1D0)                  0.06       1.35 f
  intadd_0_U10/CO (FA1D0)                  0.06       1.40 f
  intadd_0_U9/CO (FA1D0)                   0.06       1.46 f
  intadd_0_U8/CO (FA1D0)                   0.06       1.51 f
  intadd_0_U7/CO (FA1D0)                   0.06       1.57 f
  intadd_0_U6/CO (FA1D0)                   0.06       1.62 f
  intadd_0_U5/CO (FA1D0)                   0.06       1.68 f
  intadd_0_U4/CO (FA1D0)                   0.06       1.73 f
  intadd_0_U3/CO (FA1D0)                   0.06       1.79 f
  intadd_0_U2/CO (FA1D0)                   0.06       1.85 f
  U1170/ZN (XNR2D0)                        0.19       2.04 r
  U923/ZN (INVD0)                          0.05       2.09 f
  U815/ZN (XNR2D0)                         0.07       2.15 f
  U937/ZN (CKND2D0)                        0.04       2.19 r
  U1172/ZN (CKND2D0)                       0.13       2.33 f
  U966/ZN (INVD0)                          0.17       2.50 r
  U1188/ZN (NR2D0)                         0.12       2.61 f
  U1016/ZN (CKND2D0)                       0.04       2.66 r
  U1018/ZN (CKND2D0)                       0.04       2.69 f
  U1114/ZN (INVD0)                         0.03       2.72 r
  U1212/ZN (MAOI22D0)                      0.06       2.78 r
  U1209/ZN (OAI21D0)                       0.05       2.83 f
  U1179/Z (OA22D0)                         0.07       2.89 f
  U1174/ZN (AOI22D0)                       0.07       2.96 r
  U1175/ZN (CKND2D0)                       0.04       3.01 f
  U1176/ZN (NR2D0)                         0.06       3.06 r
  U1184/ZN (CKND2D0)                       0.04       3.11 f
  U1194/ZN (NR2D0)                         0.06       3.16 r
  U1197/ZN (CKND2D0)                       0.04       3.20 f
  U1201/ZN (NR2D0)                         0.05       3.26 r
  U1206/ZN (CKND2D0)                       0.04       3.30 f
  U1211/ZN (NR2D0)                         0.06       3.35 r
  U1217/ZN (CKND2D0)                       0.04       3.39 f
  U1225/ZN (NR2D0)                         0.05       3.45 r
  U1231/ZN (CKND2D0)                       0.04       3.49 f
  U1236/ZN (NR2D0)                         0.05       3.54 r
  U1237/ZN (CKND2D0)                       0.05       3.59 f
  U1282/ZN (IND3D0)                        0.08       3.67 f
  U1389/ZN (INR2D0)                        0.07       3.74 r
  U1460/ZN (NR2D0)                         0.05       3.79 f
  U1461/ZN (CKND2D0)                       0.08       3.86 r
  U1462/ZN (IOA21D0)                       0.06       3.92 r
  DP_OP_324J1_127_2548_U11/CO (FA1D0)      0.06       3.98 r
  DP_OP_324J1_127_2548_U10/CO (FA1D0)      0.09       4.07 r
  DP_OP_324J1_127_2548_U9/CO (FA1D0)       0.05       4.12 r
  DP_OP_324J1_127_2548_U8/CO (FA1D0)       0.05       4.17 r
  DP_OP_324J1_127_2548_U7/CO (FA1D0)       0.05       4.22 r
  DP_OP_324J1_127_2548_U6/CO (FA1D0)       0.05       4.27 r
  DP_OP_324J1_127_2548_U5/CO (FA1D0)       0.05       4.32 r
  DP_OP_324J1_127_2548_U4/CO (FA1D0)       0.05       4.38 r
  U952/ZN (NR2D0)                          0.02       4.39 f
  U951/ZN (AOI211D0)                       0.18       4.57 r
  U1305/ZN (OAI21D0)                       0.07       4.64 f
  U940/ZN (IND2D0)                         0.07       4.71 f
  U931/ZN (NR2D0)                          0.09       4.80 r
  U930/ZN (CKND0)                          0.12       4.91 f
  U1441/ZN (AOI221D0)                      0.11       5.02 r
  U1458/ZN (AOI211D0)                      0.03       5.05 f
  U1459/ZN (OAI211D0)                      0.05       5.11 r
  result[22] (out)                         0.00       5.11 r
  data arrival time                                   5.11

  clock vclk (rise edge)                  10.00      10.00
  clock network delay (ideal)              0.00      10.00
  output external delay                   -0.02       9.98
  data required time                                  9.98
  -----------------------------------------------------------
  data required time                                  9.98
  data arrival time                                  -5.11
  -----------------------------------------------------------
  slack (MET)                                         4.87


  Startpoint: divide_mode
              (input port clocked by vclk)
  Endpoint: result[22] (output port clocked by vclk)
  Path Group: vclk
  Path Type: max

  Des/Clust/Port     Wire Load Model       Library
  ------------------------------------------------
  simdive_original_fp32_wrapper ZeroWireload tcbn65gplustc_ccs

  Point                                    Incr       Path
  -----------------------------------------------------------
  clock vclk (rise edge)                   0.00       0.00
  clock network delay (ideal)              0.00       0.00
  input external delay                     0.02       0.02 f
  divide_mode (in)                         0.01       0.03 f
  U820/ZN (INVD0)                          0.19       0.22 r
  U821/ZN (INVD0)                          0.20       0.42 f
  U874/ZN (AOI211D0)                       0.11       0.52 r
  U875/ZN (OAI22D0)                        0.05       0.57 f
  U1547/ZN (AOI221D0)                      0.09       0.67 r
  U1550/ZN (OAI211D0)                      0.05       0.72 f
  U1551/ZN (AOI211D0)                      0.11       0.82 r
  intadd_1_U13/S (FA1D0)                   0.12       0.95 f
  U894/ZN (INVD0)                          0.02       0.97 r
  U895/ZN (NR2D0)                          0.02       0.99 f
  U1259/ZN (NR2D0)                         0.03       1.02 r
  U1257/ZN (XNR2D0)                        0.08       1.10 f
  intadd_0_U14/CO (FA1D0)                  0.08       1.18 f
  intadd_0_U13/CO (FA1D0)                  0.06       1.24 f
  intadd_0_U12/CO (FA1D0)                  0.06       1.29 f
  intadd_0_U11/CO (FA1D0)                  0.06       1.35 f
  intadd_0_U10/CO (FA1D0)                  0.06       1.40 f
  intadd_0_U9/CO (FA1D0)                   0.06       1.46 f
  intadd_0_U8/CO (FA1D0)                   0.06       1.51 f
  intadd_0_U7/CO (FA1D0)                   0.06       1.57 f
  intadd_0_U6/CO (FA1D0)                   0.06       1.62 f
  intadd_0_U5/CO (FA1D0)                   0.06       1.68 f
  intadd_0_U4/CO (FA1D0)                   0.06       1.73 f
  intadd_0_U3/CO (FA1D0)                   0.06       1.79 f
  intadd_0_U2/CO (FA1D0)                   0.06       1.85 f
  U1170/ZN (XNR2D0)                        0.19       2.04 r
  U923/ZN (INVD0)                          0.05       2.09 f
  U815/ZN (XNR2D0)                         0.07       2.15 f
  U937/ZN (CKND2D0)                        0.04       2.19 r
  U1172/ZN (CKND2D0)                       0.13       2.33 f
  U966/ZN (INVD0)                          0.17       2.50 r
  U1188/ZN (NR2D0)                         0.12       2.61 f
  U1016/ZN (CKND2D0)                       0.04       2.66 r
  U1018/ZN (CKND2D0)                       0.04       2.69 f
  U1114/ZN (INVD0)                         0.03       2.72 r
  U1212/ZN (MAOI22D0)                      0.06       2.78 r
  U1209/ZN (OAI21D0)                       0.05       2.83 f
  U1179/Z (OA22D0)                         0.07       2.89 f
  U1174/ZN (AOI22D0)                       0.07       2.96 r
  U1175/ZN (CKND2D0)                       0.04       3.01 f
  U1176/ZN (NR2D0)                         0.06       3.06 r
  U1184/ZN (CKND2D0)                       0.04       3.11 f
  U1194/ZN (NR2D0)                         0.06       3.16 r
  U1197/ZN (CKND2D0)                       0.04       3.20 f
  U1201/ZN (NR2D0)                         0.05       3.26 r
  U1206/ZN (CKND2D0)                       0.04       3.30 f
  U1211/ZN (NR2D0)                         0.06       3.35 r
  U1217/ZN (CKND2D0)                       0.04       3.39 f
  U1225/ZN (NR2D0)                         0.05       3.45 r
  U1231/ZN (CKND2D0)                       0.04       3.49 f
  U1236/ZN (NR2D0)                         0.05       3.54 r
  U1237/ZN (CKND2D0)                       0.05       3.59 f
  U1282/ZN (IND3D0)                        0.08       3.67 f
  U1389/ZN (INR2D0)                        0.07       3.74 r
  U1460/ZN (NR2D0)                         0.05       3.79 f
  U1461/ZN (CKND2D0)                       0.08       3.86 r
  U1462/ZN (IOA21D0)                       0.06       3.92 r
  DP_OP_324J1_127_2548_U11/CO (FA1D0)      0.06       3.98 r
  DP_OP_324J1_127_2548_U10/CO (FA1D0)      0.09       4.07 r
  DP_OP_324J1_127_2548_U9/CO (FA1D0)       0.05       4.12 r
  DP_OP_324J1_127_2548_U8/CO (FA1D0)       0.05       4.17 r
  DP_OP_324J1_127_2548_U7/CO (FA1D0)       0.05       4.22 r
  DP_OP_324J1_127_2548_U6/CO (FA1D0)       0.05       4.27 r
  DP_OP_324J1_127_2548_U5/CO (FA1D0)       0.05       4.32 r
  DP_OP_324J1_127_2548_U4/CO (FA1D0)       0.05       4.38 r
  U952/ZN (NR2D0)                          0.02       4.39 f
  U951/ZN (AOI211D0)                       0.18       4.57 r
  U1305/ZN (OAI21D0)                       0.07       4.64 f
  U940/ZN (IND2D0)                         0.07       4.71 f
  U931/ZN (NR2D0)                          0.09       4.80 r
  U930/ZN (CKND0)                          0.12       4.91 f
  U1441/ZN (AOI221D0)                      0.11       5.02 r
  U1458/ZN (AOI211D0)                      0.03       5.05 f
  U1459/ZN (OAI211D0)                      0.05       5.11 r
  result[22] (out)                         0.00       5.11 r
  data arrival time                                   5.11

  clock vclk (rise edge)                  10.00      10.00
  clock network delay (ideal)              0.00      10.00
  output external delay                   -0.02       9.98
  data required time                                  9.98
  -----------------------------------------------------------
  data required time                                  9.98
  data arrival time                                  -5.11
  -----------------------------------------------------------
  slack (MET)                                         4.87


  Startpoint: divide_mode
              (input port clocked by vclk)
  Endpoint: result[22] (output port clocked by vclk)
  Path Group: vclk
  Path Type: max

  Des/Clust/Port     Wire Load Model       Library
  ------------------------------------------------
  simdive_original_fp32_wrapper ZeroWireload tcbn65gplustc_ccs

  Point                                    Incr       Path
  -----------------------------------------------------------
  clock vclk (rise edge)                   0.00       0.00
  clock network delay (ideal)              0.00       0.00
  input external delay                     0.02       0.02 f
  divide_mode (in)                         0.01       0.03 f
  U820/ZN (INVD0)                          0.19       0.22 r
  U821/ZN (INVD0)                          0.20       0.42 f
  U874/ZN (AOI211D0)                       0.11       0.52 r
  U875/ZN (OAI22D0)                        0.05       0.57 f
  U1547/ZN (AOI221D0)                      0.09       0.67 r
  U1550/ZN (OAI211D0)                      0.05       0.72 f
  U1551/ZN (AOI211D0)                      0.11       0.82 r
  intadd_1_U13/S (FA1D0)                   0.12       0.95 f
  U894/ZN (INVD0)                          0.02       0.97 r
  U895/ZN (NR2D0)                          0.02       0.99 f
  U1259/ZN (NR2D0)                         0.03       1.02 r
  U1257/ZN (XNR2D0)                        0.08       1.10 f
  intadd_0_U14/CO (FA1D0)                  0.08       1.18 f
  intadd_0_U13/CO (FA1D0)                  0.06       1.24 f
  intadd_0_U12/CO (FA1D0)                  0.06       1.29 f
  intadd_0_U11/CO (FA1D0)                  0.06       1.35 f
  intadd_0_U10/CO (FA1D0)                  0.06       1.40 f
  intadd_0_U9/CO (FA1D0)                   0.06       1.46 f
  intadd_0_U8/CO (FA1D0)                   0.06       1.51 f
  intadd_0_U7/CO (FA1D0)                   0.06       1.57 f
  intadd_0_U6/CO (FA1D0)                   0.06       1.62 f
  intadd_0_U5/CO (FA1D0)                   0.06       1.68 f
  intadd_0_U4/CO (FA1D0)                   0.06       1.73 f
  intadd_0_U3/CO (FA1D0)                   0.06       1.79 f
  intadd_0_U2/CO (FA1D0)                   0.06       1.85 f
  U1170/ZN (XNR2D0)                        0.19       2.04 r
  U923/ZN (INVD0)                          0.05       2.09 f
  U815/ZN (XNR2D0)                         0.07       2.15 f
  U937/ZN (CKND2D0)                        0.04       2.19 r
  U1172/ZN (CKND2D0)                       0.13       2.33 f
  U966/ZN (INVD0)                          0.17       2.50 r
  U1188/ZN (NR2D0)                         0.12       2.61 f
  U1016/ZN (CKND2D0)                       0.04       2.66 r
  U1018/ZN (CKND2D0)                       0.04       2.69 f
  U1114/ZN (INVD0)                         0.03       2.72 r
  U1212/ZN (MAOI22D0)                      0.06       2.78 r
  U1209/ZN (OAI21D0)                       0.05       2.83 f
  U1179/Z (OA22D0)                         0.07       2.89 f
  U1174/ZN (AOI22D0)                       0.07       2.96 r
  U1175/ZN (CKND2D0)                       0.04       3.01 f
  U1176/ZN (NR2D0)                         0.06       3.06 r
  U1184/ZN (CKND2D0)                       0.04       3.11 f
  U1194/ZN (NR2D0)                         0.06       3.16 r
  U1197/ZN (CKND2D0)                       0.04       3.20 f
  U1201/ZN (NR2D0)                         0.05       3.26 r
  U1206/ZN (CKND2D0)                       0.04       3.30 f
  U1211/ZN (NR2D0)                         0.06       3.35 r
  U1217/ZN (CKND2D0)                       0.04       3.39 f
  U1225/ZN (NR2D0)                         0.05       3.45 r
  U1231/ZN (CKND2D0)                       0.04       3.49 f
  U1236/ZN (NR2D0)                         0.05       3.54 r
  U1237/ZN (CKND2D0)                       0.05       3.59 f
  U1282/ZN (IND3D0)                        0.08       3.67 f
  U1389/ZN (INR2D0)                        0.07       3.74 r
  U1460/ZN (NR2D0)                         0.05       3.79 f
  U1461/ZN (CKND2D0)                       0.08       3.86 r
  U1462/ZN (IOA21D0)                       0.06       3.92 r
  DP_OP_324J1_127_2548_U11/CO (FA1D0)      0.06       3.98 r
  DP_OP_324J1_127_2548_U10/CO (FA1D0)      0.09       4.07 r
  DP_OP_324J1_127_2548_U9/CO (FA1D0)       0.05       4.12 r
  DP_OP_324J1_127_2548_U8/CO (FA1D0)       0.05       4.17 r
  DP_OP_324J1_127_2548_U7/CO (FA1D0)       0.05       4.22 r
  DP_OP_324J1_127_2548_U6/CO (FA1D0)       0.05       4.27 r
  DP_OP_324J1_127_2548_U5/CO (FA1D0)       0.05       4.32 r
  DP_OP_324J1_127_2548_U4/CO (FA1D0)       0.05       4.38 r
  U952/ZN (NR2D0)                          0.02       4.39 f
  U951/ZN (AOI211D0)                       0.18       4.57 r
  U1305/ZN (OAI21D0)                       0.07       4.64 f
  U940/ZN (IND2D0)                         0.07       4.71 f
  U931/ZN (NR2D0)                          0.09       4.80 r
  U930/ZN (CKND0)                          0.12       4.91 f
  U1441/ZN (AOI221D0)                      0.11       5.02 r
  U1458/ZN (AOI211D0)                      0.03       5.05 f
  U1459/ZN (OAI211D0)                      0.05       5.11 r
  result[22] (out)                         0.00       5.11 r
  data arrival time                                   5.11

  clock vclk (rise edge)                  10.00      10.00
  clock network delay (ideal)              0.00      10.00
  output external delay                   -0.02       9.98
  data required time                                  9.98
  -----------------------------------------------------------
  data required time                                  9.98
  data arrival time                                  -5.11
  -----------------------------------------------------------
  slack (MET)                                         4.87


  Startpoint: divide_mode
              (input port clocked by vclk)
  Endpoint: result[22] (output port clocked by vclk)
  Path Group: vclk
  Path Type: max

  Des/Clust/Port     Wire Load Model       Library
  ------------------------------------------------
  simdive_original_fp32_wrapper ZeroWireload tcbn65gplustc_ccs

  Point                                    Incr       Path
  -----------------------------------------------------------
  clock vclk (rise edge)                   0.00       0.00
  clock network delay (ideal)              0.00       0.00
  input external delay                     0.02       0.02 f
  divide_mode (in)                         0.01       0.03 f
  U820/ZN (INVD0)                          0.19       0.22 r
  U821/ZN (INVD0)                          0.20       0.42 f
  U874/ZN (AOI211D0)                       0.11       0.52 r
  U875/ZN (OAI22D0)                        0.05       0.57 f
  U1547/ZN (AOI221D0)                      0.09       0.67 r
  U1550/ZN (OAI211D0)                      0.05       0.72 f
  U1551/ZN (AOI211D0)                      0.11       0.82 r
  intadd_1_U13/S (FA1D0)                   0.12       0.95 f
  U894/ZN (INVD0)                          0.02       0.97 r
  U895/ZN (NR2D0)                          0.02       0.99 f
  U1259/ZN (NR2D0)                         0.03       1.02 r
  U1257/ZN (XNR2D0)                        0.08       1.10 f
  intadd_0_U14/CO (FA1D0)                  0.08       1.18 f
  intadd_0_U13/CO (FA1D0)                  0.06       1.24 f
  intadd_0_U12/CO (FA1D0)                  0.06       1.29 f
  intadd_0_U11/CO (FA1D0)                  0.06       1.35 f
  intadd_0_U10/CO (FA1D0)                  0.06       1.40 f
  intadd_0_U9/CO (FA1D0)                   0.06       1.46 f
  intadd_0_U8/CO (FA1D0)                   0.06       1.51 f
  intadd_0_U7/CO (FA1D0)                   0.06       1.57 f
  intadd_0_U6/CO (FA1D0)                   0.06       1.62 f
  intadd_0_U5/CO (FA1D0)                   0.06       1.68 f
  intadd_0_U4/CO (FA1D0)                   0.06       1.73 f
  intadd_0_U3/CO (FA1D0)                   0.06       1.79 f
  intadd_0_U2/CO (FA1D0)                   0.06       1.85 f
  U1170/ZN (XNR2D0)                        0.19       2.04 r
  U923/ZN (INVD0)                          0.05       2.09 f
  U815/ZN (XNR2D0)                         0.07       2.15 f
  U937/ZN (CKND2D0)                        0.04       2.19 r
  U1172/ZN (CKND2D0)                       0.13       2.33 f
  U966/ZN (INVD0)                          0.17       2.50 r
  U1188/ZN (NR2D0)                         0.12       2.61 f
  U1016/ZN (CKND2D0)                       0.04       2.66 r
  U1018/ZN (CKND2D0)                       0.04       2.69 f
  U1114/ZN (INVD0)                         0.03       2.72 r
  U1212/ZN (MAOI22D0)                      0.06       2.78 r
  U1209/ZN (OAI21D0)                       0.05       2.83 f
  U1179/Z (OA22D0)                         0.07       2.89 f
  U1174/ZN (AOI22D0)                       0.07       2.96 r
  U1175/ZN (CKND2D0)                       0.04       3.01 f
  U1176/ZN (NR2D0)                         0.06       3.06 r
  U1184/ZN (CKND2D0)                       0.04       3.11 f
  U1194/ZN (NR2D0)                         0.06       3.16 r
  U1197/ZN (CKND2D0)                       0.04       3.20 f
  U1201/ZN (NR2D0)                         0.05       3.26 r
  U1206/ZN (CKND2D0)                       0.04       3.30 f
  U1211/ZN (NR2D0)                         0.06       3.35 r
  U1217/ZN (CKND2D0)                       0.04       3.39 f
  U1225/ZN (NR2D0)                         0.05       3.45 r
  U1231/ZN (CKND2D0)                       0.04       3.49 f
  U1236/ZN (NR2D0)                         0.05       3.54 r
  U1237/ZN (CKND2D0)                       0.05       3.59 f
  U1282/ZN (IND3D0)                        0.08       3.67 f
  U1389/ZN (INR2D0)                        0.07       3.74 r
  U1460/ZN (NR2D0)                         0.05       3.79 f
  U1461/ZN (CKND2D0)                       0.08       3.86 r
  U1462/ZN (IOA21D0)                       0.06       3.92 r
  DP_OP_324J1_127_2548_U11/CO (FA1D0)      0.06       3.98 r
  DP_OP_324J1_127_2548_U10/CO (FA1D0)      0.09       4.07 r
  DP_OP_324J1_127_2548_U9/CO (FA1D0)       0.05       4.12 r
  DP_OP_324J1_127_2548_U8/CO (FA1D0)       0.05       4.17 r
  DP_OP_324J1_127_2548_U7/CO (FA1D0)       0.05       4.22 r
  DP_OP_324J1_127_2548_U6/CO (FA1D0)       0.05       4.27 r
  DP_OP_324J1_127_2548_U5/CO (FA1D0)       0.05       4.32 r
  DP_OP_324J1_127_2548_U4/CO (FA1D0)       0.05       4.38 r
  U952/ZN (NR2D0)                          0.02       4.39 f
  U951/ZN (AOI211D0)                       0.18       4.57 r
  U1305/ZN (OAI21D0)                       0.07       4.64 f
  U940/ZN (IND2D0)                         0.07       4.71 f
  U931/ZN (NR2D0)                          0.09       4.80 r
  U930/ZN (CKND0)                          0.12       4.91 f
  U1441/ZN (AOI221D0)                      0.11       5.02 r
  U1458/ZN (AOI211D0)                      0.03       5.05 f
  U1459/ZN (OAI211D0)                      0.05       5.11 r
  result[22] (out)                         0.00       5.11 r
  data arrival time                                   5.11

  clock vclk (rise edge)                  10.00      10.00
  clock network delay (ideal)              0.00      10.00
  output external delay                   -0.02       9.98
  data required time                                  9.98
  -----------------------------------------------------------
  data required time                                  9.98
  data arrival time                                  -5.11
  -----------------------------------------------------------
  slack (MET)                                         4.87


1
