1
 
****************************************
Report : area
Design : oadm_fixed_l0_opt
Version: U-2022.12-SP7
Date   : Fri Aug 21 22:40:39 2026
****************************************

Library(s) Used:

    tcbn65gplustc_ccs (File: /courses/ee6350/pdk2025/tcbn65gplus/TSMCHOME/digital/Front_End/timing_power_noise/CCS/tcbn65gplus_200a/tcbn65gplustc_ccs.db)

Number of ports:                           97
Number of nets:                           705
Number of cells:                          546
Number of combinational cells:            546
Number of sequential cells:                 0
Number of macros/black boxes:               0
Number of buf/inv:                         57
Number of references:                      43

Combinational area:               1931.760009
Buf/Inv area:                       61.560002
Noncombinational area:               0.000000
Macro/Black Box area:                0.000000
Net Interconnect area:      undefined  (Wire load has zero net area)

Total cell area:                  1931.760009
Total area:                 undefined
1
 
****************************************
Report : area
Design : oadm_fixed_l0_opt
Version: U-2022.12-SP7
Date   : Fri Aug 21 22:40:39 2026
****************************************

Library(s) Used:

    tcbn65gplustc_ccs (File: /courses/ee6350/pdk2025/tcbn65gplus/TSMCHOME/digital/Front_End/timing_power_noise/CCS/tcbn65gplus_200a/tcbn65gplustc_ccs.db)

Number of ports:                           97
Number of nets:                           705
Number of cells:                          546
Number of combinational cells:            546
Number of sequential cells:                 0
Number of macros/black boxes:               0
Number of buf/inv:                         57
Number of references:                      43

Combinational area:               1931.760009
Buf/Inv area:                       61.560002
Noncombinational area:               0.000000
Macro/Black Box area:                0.000000
Net Interconnect area:      undefined  (Wire load has zero net area)

Total cell area:                  1931.760009
Total area:                 undefined

Hierarchical area distribution
------------------------------

                                  Global cell area          Local cell area
                                  ------------------  ---------------------------- 
Hierarchical cell                 Absolute   Percent  Combi-     Noncombi-  Black-
                                  Total      Total    national   national   boxes   Design
--------------------------------  ---------  -------  ---------  ---------  ------  ---------
oadm_fixed_l0_opt                 1931.7600    100.0  1931.7600     0.0000  0.0000  oadm_fixed_l0_opt
--------------------------------  ---------  -------  ---------  ---------  ------  ---------
Total                                                 1931.7600     0.0000  0.0000

1
Information: Propagating switching activity (medium effort zero delay simulation). (PWR-6)
Warning: Design has unannotated primary inputs. (PWR-414)
 
****************************************
Report : power
        -hier
        -analysis_effort medium
        -verbose
Design : oadm_fixed_l0_opt
Version: U-2022.12-SP7
Date   : Fri Aug 21 22:40:40 2026
****************************************


Library(s) Used:

    tcbn65gplustc_ccs (File: /courses/ee6350/pdk2025/tcbn65gplus/TSMCHOME/digital/Front_End/timing_power_noise/CCS/tcbn65gplus_200a/tcbn65gplustc_ccs.db)


Operating Conditions: NCCOM   Library: tcbn65gplustc_ccs
Wire Load Model Mode: segmented

Design        Wire Load Model            Library
------------------------------------------------
oadm_fixed_l0_opt      ZeroWireload      tcbn65gplustc_ccs


Global Operating Voltage = 1    
Power-specific unit information :
    Voltage Units = 1V
    Capacitance Units = 1.000000pf
    Time Units = 1ns
    Dynamic Power Units = 1mW    (derived from V,C,T units)
    Leakage Power Units = 1nW


--------------------------------------------------------------------------------
                                       Switch   Int      Leak     Total
Hierarchy                              Power    Power    Power    Power    %
--------------------------------------------------------------------------------
oadm_fixed_l0_opt                      2.67e-02 5.98e-02 9.76e+03 9.63e-02 100.0
1
 
****************************************
Report : constraint
        -all_violators
        -verbose
Design : oadm_fixed_l0_opt
Version: U-2022.12-SP7
Date   : Fri Aug 21 22:40:40 2026
****************************************


    Design: oadm_fixed_l0_opt

    max_area               0.00
  - Current Area        1931.76
  ------------------------------
    Slack              -1931.76  (VIOLATED)


1
