 
****************************************
Report : timing
        -path full
        -delay max
        -nworst 10
        -max_paths 10
Design : top
Version: U-2022.12-SP7
Date   : Thu Sep  3 12:36:40 2026
****************************************

Operating Conditions: NCCOM   Library: tcbn65gplustc_ccs
Wire Load Model Mode: segmented

  Startpoint: mantissa_y[1]
              (input port clocked by vclk)
  Endpoint: mantissa_out[9]
            (output port clocked by vclk)
  Path Group: vclk
  Path Type: max

  Des/Clust/Port     Wire Load Model       Library
  ------------------------------------------------
  top                ZeroWireload          tcbn65gplustc_ccs
  CSA3_2_Array_WIDTH24 ZeroWireload        tcbn65gplustc_ccs
  Mantissa_OAUM_MANTISSA_WIDTH23_ACC_30 ZeroWireload tcbn65gplustc_ccs
  CSA3_2_Array_WIDTH25 ZeroWireload        tcbn65gplustc_ccs
  Mantissa_OAUM_MANTISSA_WIDTH23_ACC_30_DW01_add_0 ZeroWireload tcbn65gplustc_ccs

  Point                                                                        Incr       Path
  -----------------------------------------------------------------------------------------------
  clock vclk (rise edge)                                                       0.00       0.00
  clock network delay (ideal)                                                  0.00       0.00
  input external delay                                                         0.02       0.02 r
  mantissa_y[1] (in)                                                           0.00       0.02 r
  U58/ZN (CKND0)                                                               0.01       0.04 f
  U59/ZN (CKND0)                                                               0.04       0.08 r
  OAUM/Mantissa_Y[16] (Mantissa_OAUM_MANTISSA_WIDTH23_ACC_30)                  0.00       0.08 r
  OAUM/Stage_0_0/In_2[2] (CSA3_2_Array_WIDTH24)                                0.00       0.08 r
  OAUM/Stage_0_0/U40/Z (CKXOR2D1)                                              0.06       0.14 r
  OAUM/Stage_0_0/U8/Z (CKXOR2D1)                                               0.06       0.20 r
  OAUM/Stage_0_0/S[2] (CSA3_2_Array_WIDTH24)                                   0.00       0.20 r
  OAUM/Stage_1_0/In_1[2] (CSA3_2_Array_WIDTH25)                                0.00       0.20 r
  OAUM/Stage_1_0/U41/Z (CKXOR2D1)                                              0.06       0.27 r
  OAUM/Stage_1_0/U8/Z (CKXOR2D1)                                               0.06       0.33 f
  OAUM/Stage_1_0/S[2] (CSA3_2_Array_WIDTH25)                                   0.00       0.33 f
  OAUM/add_131/A[2] (Mantissa_OAUM_MANTISSA_WIDTH23_ACC_30_DW01_add_0)         0.00       0.33 f
  OAUM/add_131/U1_2/CO (FA1D0)                                                 0.10       0.43 f
  OAUM/add_131/U1_3/CO (FA1D0)                                                 0.06       0.48 f
  OAUM/add_131/U1_4/CO (FA1D0)                                                 0.06       0.54 f
  OAUM/add_131/U1_5/CO (FA1D0)                                                 0.06       0.59 f
  OAUM/add_131/U1_6/CO (FA1D0)                                                 0.06       0.65 f
  OAUM/add_131/U1_7/CO (FA1D0)                                                 0.06       0.70 f
  OAUM/add_131/U1_8/CO (FA1D0)                                                 0.06       0.76 f
  OAUM/add_131/U1_9/CO (FA1D0)                                                 0.06       0.81 f
  OAUM/add_131/U1_10/CO (FA1D0)                                                0.06       0.87 f
  OAUM/add_131/U1_11/CO (FA1D0)                                                0.06       0.93 f
  OAUM/add_131/U1_12/CO (FA1D0)                                                0.06       0.98 f
  OAUM/add_131/U1_13/CO (FA1D0)                                                0.06       1.04 f
  OAUM/add_131/U1_14/CO (FA1D0)                                                0.06       1.09 f
  OAUM/add_131/U1_15/CO (FA1D0)                                                0.06       1.15 f
  OAUM/add_131/U1_16/CO (FA1D0)                                                0.06       1.20 f
  OAUM/add_131/U1_17/CO (FA1D0)                                                0.06       1.26 f
  OAUM/add_131/U1_18/CO (FA1D0)                                                0.06       1.31 f
  OAUM/add_131/U1_19/CO (FA1D0)                                                0.06       1.37 f
  OAUM/add_131/U1_20/CO (FA1D0)                                                0.06       1.42 f
  OAUM/add_131/U1_21/CO (FA1D0)                                                0.07       1.49 f
  OAUM/add_131/U1/Z (AN2XD1)                                                   0.03       1.52 f
  OAUM/add_131/U1_23/CO (FA1D0)                                                0.05       1.57 f
  OAUM/add_131/U1_24/CO (FA1D0)                                                0.06       1.62 f
  OAUM/add_131/U1_25/Z (XOR3D1)                                                0.05       1.68 f
  OAUM/add_131/SUM[25] (Mantissa_OAUM_MANTISSA_WIDTH23_ACC_30_DW01_add_0)      0.00       1.68 f
  OAUM/Shift[1] (Mantissa_OAUM_MANTISSA_WIDTH23_ACC_30)                        0.00       1.68 f
  U125/ZN (INR2D1)                                                             0.04       1.72 r
  U55/Z (AN2XD1)                                                               0.04       1.75 r
  U118/CO (FA1D0)                                                              0.06       1.82 r
  U120/Z (AN2XD1)                                                              0.04       1.86 r
  U121/Z (AN2XD1)                                                              0.04       1.90 r
  U122/Z (AN2XD1)                                                              0.04       1.93 r
  U124/Z (AN2XD1)                                                              0.04       1.97 r
  U123/Z (AN2D0)                                                               0.05       2.02 r
  U119/Z (CKXOR2D1)                                                            0.05       2.07 f
  U105/ZN (NR4D0)                                                              0.06       2.13 r
  U53/ZN (ND2D1)                                                               0.02       2.15 f
  U106/ZN (IOA21D1)                                                            0.07       2.22 f
  U102/ZN (INVD1)                                                              0.13       2.36 r
  U107/Z (OR2D1)                                                               0.08       2.44 r
  U103/ZN (INVD1)                                                              0.07       2.51 f
  U4/Z (AO21D1)                                                                0.07       2.58 f
  mantissa_out[9] (out)                                                        0.00       2.58 f
  data arrival time                                                                       2.58

  clock vclk (rise edge)                                                      10.00      10.00
  clock network delay (ideal)                                                  0.00      10.00
  output external delay                                                       -0.02       9.98
  data required time                                                                      9.98
  -----------------------------------------------------------------------------------------------
  data required time                                                                      9.98
  data arrival time                                                                      -2.58
  -----------------------------------------------------------------------------------------------
  slack (MET)                                                                             7.40


  Startpoint: mantissa_y[1]
              (input port clocked by vclk)
  Endpoint: mantissa_out[8]
            (output port clocked by vclk)
  Path Group: vclk
  Path Type: max

  Des/Clust/Port     Wire Load Model       Library
  ------------------------------------------------
  top                ZeroWireload          tcbn65gplustc_ccs
  CSA3_2_Array_WIDTH24 ZeroWireload        tcbn65gplustc_ccs
  Mantissa_OAUM_MANTISSA_WIDTH23_ACC_30 ZeroWireload tcbn65gplustc_ccs
  CSA3_2_Array_WIDTH25 ZeroWireload        tcbn65gplustc_ccs
  Mantissa_OAUM_MANTISSA_WIDTH23_ACC_30_DW01_add_0 ZeroWireload tcbn65gplustc_ccs

  Point                                                                        Incr       Path
  -----------------------------------------------------------------------------------------------
  clock vclk (rise edge)                                                       0.00       0.00
  clock network delay (ideal)                                                  0.00       0.00
  input external delay                                                         0.02       0.02 r
  mantissa_y[1] (in)                                                           0.00       0.02 r
  U58/ZN (CKND0)                                                               0.01       0.04 f
  U59/ZN (CKND0)                                                               0.04       0.08 r
  OAUM/Mantissa_Y[16] (Mantissa_OAUM_MANTISSA_WIDTH23_ACC_30)                  0.00       0.08 r
  OAUM/Stage_0_0/In_2[2] (CSA3_2_Array_WIDTH24)                                0.00       0.08 r
  OAUM/Stage_0_0/U40/Z (CKXOR2D1)                                              0.06       0.14 r
  OAUM/Stage_0_0/U8/Z (CKXOR2D1)                                               0.06       0.20 r
  OAUM/Stage_0_0/S[2] (CSA3_2_Array_WIDTH24)                                   0.00       0.20 r
  OAUM/Stage_1_0/In_1[2] (CSA3_2_Array_WIDTH25)                                0.00       0.20 r
  OAUM/Stage_1_0/U41/Z (CKXOR2D1)                                              0.06       0.27 r
  OAUM/Stage_1_0/U8/Z (CKXOR2D1)                                               0.06       0.33 f
  OAUM/Stage_1_0/S[2] (CSA3_2_Array_WIDTH25)                                   0.00       0.33 f
  OAUM/add_131/A[2] (Mantissa_OAUM_MANTISSA_WIDTH23_ACC_30_DW01_add_0)         0.00       0.33 f
  OAUM/add_131/U1_2/CO (FA1D0)                                                 0.10       0.43 f
  OAUM/add_131/U1_3/CO (FA1D0)                                                 0.06       0.48 f
  OAUM/add_131/U1_4/CO (FA1D0)                                                 0.06       0.54 f
  OAUM/add_131/U1_5/CO (FA1D0)                                                 0.06       0.59 f
  OAUM/add_131/U1_6/CO (FA1D0)                                                 0.06       0.65 f
  OAUM/add_131/U1_7/CO (FA1D0)                                                 0.06       0.70 f
  OAUM/add_131/U1_8/CO (FA1D0)                                                 0.06       0.76 f
  OAUM/add_131/U1_9/CO (FA1D0)                                                 0.06       0.81 f
  OAUM/add_131/U1_10/CO (FA1D0)                                                0.06       0.87 f
  OAUM/add_131/U1_11/CO (FA1D0)                                                0.06       0.93 f
  OAUM/add_131/U1_12/CO (FA1D0)                                                0.06       0.98 f
  OAUM/add_131/U1_13/CO (FA1D0)                                                0.06       1.04 f
  OAUM/add_131/U1_14/CO (FA1D0)                                                0.06       1.09 f
  OAUM/add_131/U1_15/CO (FA1D0)                                                0.06       1.15 f
  OAUM/add_131/U1_16/CO (FA1D0)                                                0.06       1.20 f
  OAUM/add_131/U1_17/CO (FA1D0)                                                0.06       1.26 f
  OAUM/add_131/U1_18/CO (FA1D0)                                                0.06       1.31 f
  OAUM/add_131/U1_19/CO (FA1D0)                                                0.06       1.37 f
  OAUM/add_131/U1_20/CO (FA1D0)                                                0.06       1.42 f
  OAUM/add_131/U1_21/CO (FA1D0)                                                0.07       1.49 f
  OAUM/add_131/U1/Z (AN2XD1)                                                   0.03       1.52 f
  OAUM/add_131/U1_23/CO (FA1D0)                                                0.05       1.57 f
  OAUM/add_131/U1_24/CO (FA1D0)                                                0.06       1.62 f
  OAUM/add_131/U1_25/Z (XOR3D1)                                                0.05       1.68 f
  OAUM/add_131/SUM[25] (Mantissa_OAUM_MANTISSA_WIDTH23_ACC_30_DW01_add_0)      0.00       1.68 f
  OAUM/Shift[1] (Mantissa_OAUM_MANTISSA_WIDTH23_ACC_30)                        0.00       1.68 f
  U125/ZN (INR2D1)                                                             0.04       1.72 r
  U55/Z (AN2XD1)                                                               0.04       1.75 r
  U118/CO (FA1D0)                                                              0.06       1.82 r
  U120/Z (AN2XD1)                                                              0.04       1.86 r
  U121/Z (AN2XD1)                                                              0.04       1.90 r
  U122/Z (AN2XD1)                                                              0.04       1.93 r
  U124/Z (AN2XD1)                                                              0.04       1.97 r
  U123/Z (AN2D0)                                                               0.05       2.02 r
  U119/Z (CKXOR2D1)                                                            0.05       2.07 f
  U105/ZN (NR4D0)                                                              0.06       2.13 r
  U53/ZN (ND2D1)                                                               0.02       2.15 f
  U106/ZN (IOA21D1)                                                            0.07       2.22 f
  U102/ZN (INVD1)                                                              0.13       2.36 r
  U107/Z (OR2D1)                                                               0.08       2.44 r
  U103/ZN (INVD1)                                                              0.07       2.51 f
  U5/Z (AO21D1)                                                                0.07       2.58 f
  mantissa_out[8] (out)                                                        0.00       2.58 f
  data arrival time                                                                       2.58

  clock vclk (rise edge)                                                      10.00      10.00
  clock network delay (ideal)                                                  0.00      10.00
  output external delay                                                       -0.02       9.98
  data required time                                                                      9.98
  -----------------------------------------------------------------------------------------------
  data required time                                                                      9.98
  data arrival time                                                                      -2.58
  -----------------------------------------------------------------------------------------------
  slack (MET)                                                                             7.40


  Startpoint: mantissa_y[1]
              (input port clocked by vclk)
  Endpoint: mantissa_out[7]
            (output port clocked by vclk)
  Path Group: vclk
  Path Type: max

  Des/Clust/Port     Wire Load Model       Library
  ------------------------------------------------
  top                ZeroWireload          tcbn65gplustc_ccs
  CSA3_2_Array_WIDTH24 ZeroWireload        tcbn65gplustc_ccs
  Mantissa_OAUM_MANTISSA_WIDTH23_ACC_30 ZeroWireload tcbn65gplustc_ccs
  CSA3_2_Array_WIDTH25 ZeroWireload        tcbn65gplustc_ccs
  Mantissa_OAUM_MANTISSA_WIDTH23_ACC_30_DW01_add_0 ZeroWireload tcbn65gplustc_ccs

  Point                                                                        Incr       Path
  -----------------------------------------------------------------------------------------------
  clock vclk (rise edge)                                                       0.00       0.00
  clock network delay (ideal)                                                  0.00       0.00
  input external delay                                                         0.02       0.02 r
  mantissa_y[1] (in)                                                           0.00       0.02 r
  U58/ZN (CKND0)                                                               0.01       0.04 f
  U59/ZN (CKND0)                                                               0.04       0.08 r
  OAUM/Mantissa_Y[16] (Mantissa_OAUM_MANTISSA_WIDTH23_ACC_30)                  0.00       0.08 r
  OAUM/Stage_0_0/In_2[2] (CSA3_2_Array_WIDTH24)                                0.00       0.08 r
  OAUM/Stage_0_0/U40/Z (CKXOR2D1)                                              0.06       0.14 r
  OAUM/Stage_0_0/U8/Z (CKXOR2D1)                                               0.06       0.20 r
  OAUM/Stage_0_0/S[2] (CSA3_2_Array_WIDTH24)                                   0.00       0.20 r
  OAUM/Stage_1_0/In_1[2] (CSA3_2_Array_WIDTH25)                                0.00       0.20 r
  OAUM/Stage_1_0/U41/Z (CKXOR2D1)                                              0.06       0.27 r
  OAUM/Stage_1_0/U8/Z (CKXOR2D1)                                               0.06       0.33 f
  OAUM/Stage_1_0/S[2] (CSA3_2_Array_WIDTH25)                                   0.00       0.33 f
  OAUM/add_131/A[2] (Mantissa_OAUM_MANTISSA_WIDTH23_ACC_30_DW01_add_0)         0.00       0.33 f
  OAUM/add_131/U1_2/CO (FA1D0)                                                 0.10       0.43 f
  OAUM/add_131/U1_3/CO (FA1D0)                                                 0.06       0.48 f
  OAUM/add_131/U1_4/CO (FA1D0)                                                 0.06       0.54 f
  OAUM/add_131/U1_5/CO (FA1D0)                                                 0.06       0.59 f
  OAUM/add_131/U1_6/CO (FA1D0)                                                 0.06       0.65 f
  OAUM/add_131/U1_7/CO (FA1D0)                                                 0.06       0.70 f
  OAUM/add_131/U1_8/CO (FA1D0)                                                 0.06       0.76 f
  OAUM/add_131/U1_9/CO (FA1D0)                                                 0.06       0.81 f
  OAUM/add_131/U1_10/CO (FA1D0)                                                0.06       0.87 f
  OAUM/add_131/U1_11/CO (FA1D0)                                                0.06       0.93 f
  OAUM/add_131/U1_12/CO (FA1D0)                                                0.06       0.98 f
  OAUM/add_131/U1_13/CO (FA1D0)                                                0.06       1.04 f
  OAUM/add_131/U1_14/CO (FA1D0)                                                0.06       1.09 f
  OAUM/add_131/U1_15/CO (FA1D0)                                                0.06       1.15 f
  OAUM/add_131/U1_16/CO (FA1D0)                                                0.06       1.20 f
  OAUM/add_131/U1_17/CO (FA1D0)                                                0.06       1.26 f
  OAUM/add_131/U1_18/CO (FA1D0)                                                0.06       1.31 f
  OAUM/add_131/U1_19/CO (FA1D0)                                                0.06       1.37 f
  OAUM/add_131/U1_20/CO (FA1D0)                                                0.06       1.42 f
  OAUM/add_131/U1_21/CO (FA1D0)                                                0.07       1.49 f
  OAUM/add_131/U1/Z (AN2XD1)                                                   0.03       1.52 f
  OAUM/add_131/U1_23/CO (FA1D0)                                                0.05       1.57 f
  OAUM/add_131/U1_24/CO (FA1D0)                                                0.06       1.62 f
  OAUM/add_131/U1_25/Z (XOR3D1)                                                0.05       1.68 f
  OAUM/add_131/SUM[25] (Mantissa_OAUM_MANTISSA_WIDTH23_ACC_30_DW01_add_0)      0.00       1.68 f
  OAUM/Shift[1] (Mantissa_OAUM_MANTISSA_WIDTH23_ACC_30)                        0.00       1.68 f
  U125/ZN (INR2D1)                                                             0.04       1.72 r
  U55/Z (AN2XD1)                                                               0.04       1.75 r
  U118/CO (FA1D0)                                                              0.06       1.82 r
  U120/Z (AN2XD1)                                                              0.04       1.86 r
  U121/Z (AN2XD1)                                                              0.04       1.90 r
  U122/Z (AN2XD1)                                                              0.04       1.93 r
  U124/Z (AN2XD1)                                                              0.04       1.97 r
  U123/Z (AN2D0)                                                               0.05       2.02 r
  U119/Z (CKXOR2D1)                                                            0.05       2.07 f
  U105/ZN (NR4D0)                                                              0.06       2.13 r
  U53/ZN (ND2D1)                                                               0.02       2.15 f
  U106/ZN (IOA21D1)                                                            0.07       2.22 f
  U102/ZN (INVD1)                                                              0.13       2.36 r
  U107/Z (OR2D1)                                                               0.08       2.44 r
  U103/ZN (INVD1)                                                              0.07       2.51 f
  U6/Z (AO21D1)                                                                0.07       2.58 f
  mantissa_out[7] (out)                                                        0.00       2.58 f
  data arrival time                                                                       2.58

  clock vclk (rise edge)                                                      10.00      10.00
  clock network delay (ideal)                                                  0.00      10.00
  output external delay                                                       -0.02       9.98
  data required time                                                                      9.98
  -----------------------------------------------------------------------------------------------
  data required time                                                                      9.98
  data arrival time                                                                      -2.58
  -----------------------------------------------------------------------------------------------
  slack (MET)                                                                             7.40


  Startpoint: mantissa_y[1]
              (input port clocked by vclk)
  Endpoint: mantissa_out[6]
            (output port clocked by vclk)
  Path Group: vclk
  Path Type: max

  Des/Clust/Port     Wire Load Model       Library
  ------------------------------------------------
  top                ZeroWireload          tcbn65gplustc_ccs
  CSA3_2_Array_WIDTH24 ZeroWireload        tcbn65gplustc_ccs
  Mantissa_OAUM_MANTISSA_WIDTH23_ACC_30 ZeroWireload tcbn65gplustc_ccs
  CSA3_2_Array_WIDTH25 ZeroWireload        tcbn65gplustc_ccs
  Mantissa_OAUM_MANTISSA_WIDTH23_ACC_30_DW01_add_0 ZeroWireload tcbn65gplustc_ccs

  Point                                                                        Incr       Path
  -----------------------------------------------------------------------------------------------
  clock vclk (rise edge)                                                       0.00       0.00
  clock network delay (ideal)                                                  0.00       0.00
  input external delay                                                         0.02       0.02 r
  mantissa_y[1] (in)                                                           0.00       0.02 r
  U58/ZN (CKND0)                                                               0.01       0.04 f
  U59/ZN (CKND0)                                                               0.04       0.08 r
  OAUM/Mantissa_Y[16] (Mantissa_OAUM_MANTISSA_WIDTH23_ACC_30)                  0.00       0.08 r
  OAUM/Stage_0_0/In_2[2] (CSA3_2_Array_WIDTH24)                                0.00       0.08 r
  OAUM/Stage_0_0/U40/Z (CKXOR2D1)                                              0.06       0.14 r
  OAUM/Stage_0_0/U8/Z (CKXOR2D1)                                               0.06       0.20 r
  OAUM/Stage_0_0/S[2] (CSA3_2_Array_WIDTH24)                                   0.00       0.20 r
  OAUM/Stage_1_0/In_1[2] (CSA3_2_Array_WIDTH25)                                0.00       0.20 r
  OAUM/Stage_1_0/U41/Z (CKXOR2D1)                                              0.06       0.27 r
  OAUM/Stage_1_0/U8/Z (CKXOR2D1)                                               0.06       0.33 f
  OAUM/Stage_1_0/S[2] (CSA3_2_Array_WIDTH25)                                   0.00       0.33 f
  OAUM/add_131/A[2] (Mantissa_OAUM_MANTISSA_WIDTH23_ACC_30_DW01_add_0)         0.00       0.33 f
  OAUM/add_131/U1_2/CO (FA1D0)                                                 0.10       0.43 f
  OAUM/add_131/U1_3/CO (FA1D0)                                                 0.06       0.48 f
  OAUM/add_131/U1_4/CO (FA1D0)                                                 0.06       0.54 f
  OAUM/add_131/U1_5/CO (FA1D0)                                                 0.06       0.59 f
  OAUM/add_131/U1_6/CO (FA1D0)                                                 0.06       0.65 f
  OAUM/add_131/U1_7/CO (FA1D0)                                                 0.06       0.70 f
  OAUM/add_131/U1_8/CO (FA1D0)                                                 0.06       0.76 f
  OAUM/add_131/U1_9/CO (FA1D0)                                                 0.06       0.81 f
  OAUM/add_131/U1_10/CO (FA1D0)                                                0.06       0.87 f
  OAUM/add_131/U1_11/CO (FA1D0)                                                0.06       0.93 f
  OAUM/add_131/U1_12/CO (FA1D0)                                                0.06       0.98 f
  OAUM/add_131/U1_13/CO (FA1D0)                                                0.06       1.04 f
  OAUM/add_131/U1_14/CO (FA1D0)                                                0.06       1.09 f
  OAUM/add_131/U1_15/CO (FA1D0)                                                0.06       1.15 f
  OAUM/add_131/U1_16/CO (FA1D0)                                                0.06       1.20 f
  OAUM/add_131/U1_17/CO (FA1D0)                                                0.06       1.26 f
  OAUM/add_131/U1_18/CO (FA1D0)                                                0.06       1.31 f
  OAUM/add_131/U1_19/CO (FA1D0)                                                0.06       1.37 f
  OAUM/add_131/U1_20/CO (FA1D0)                                                0.06       1.42 f
  OAUM/add_131/U1_21/CO (FA1D0)                                                0.07       1.49 f
  OAUM/add_131/U1/Z (AN2XD1)                                                   0.03       1.52 f
  OAUM/add_131/U1_23/CO (FA1D0)                                                0.05       1.57 f
  OAUM/add_131/U1_24/CO (FA1D0)                                                0.06       1.62 f
  OAUM/add_131/U1_25/Z (XOR3D1)                                                0.05       1.68 f
  OAUM/add_131/SUM[25] (Mantissa_OAUM_MANTISSA_WIDTH23_ACC_30_DW01_add_0)      0.00       1.68 f
  OAUM/Shift[1] (Mantissa_OAUM_MANTISSA_WIDTH23_ACC_30)                        0.00       1.68 f
  U125/ZN (INR2D1)                                                             0.04       1.72 r
  U55/Z (AN2XD1)                                                               0.04       1.75 r
  U118/CO (FA1D0)                                                              0.06       1.82 r
  U120/Z (AN2XD1)                                                              0.04       1.86 r
  U121/Z (AN2XD1)                                                              0.04       1.90 r
  U122/Z (AN2XD1)                                                              0.04       1.93 r
  U124/Z (AN2XD1)                                                              0.04       1.97 r
  U123/Z (AN2D0)                                                               0.05       2.02 r
  U119/Z (CKXOR2D1)                                                            0.05       2.07 f
  U105/ZN (NR4D0)                                                              0.06       2.13 r
  U53/ZN (ND2D1)                                                               0.02       2.15 f
  U106/ZN (IOA21D1)                                                            0.07       2.22 f
  U102/ZN (INVD1)                                                              0.13       2.36 r
  U107/Z (OR2D1)                                                               0.08       2.44 r
  U103/ZN (INVD1)                                                              0.07       2.51 f
  U7/Z (AO21D1)                                                                0.07       2.58 f
  mantissa_out[6] (out)                                                        0.00       2.58 f
  data arrival time                                                                       2.58

  clock vclk (rise edge)                                                      10.00      10.00
  clock network delay (ideal)                                                  0.00      10.00
  output external delay                                                       -0.02       9.98
  data required time                                                                      9.98
  -----------------------------------------------------------------------------------------------
  data required time                                                                      9.98
  data arrival time                                                                      -2.58
  -----------------------------------------------------------------------------------------------
  slack (MET)                                                                             7.40


  Startpoint: mantissa_y[1]
              (input port clocked by vclk)
  Endpoint: mantissa_out[5]
            (output port clocked by vclk)
  Path Group: vclk
  Path Type: max

  Des/Clust/Port     Wire Load Model       Library
  ------------------------------------------------
  top                ZeroWireload          tcbn65gplustc_ccs
  CSA3_2_Array_WIDTH24 ZeroWireload        tcbn65gplustc_ccs
  Mantissa_OAUM_MANTISSA_WIDTH23_ACC_30 ZeroWireload tcbn65gplustc_ccs
  CSA3_2_Array_WIDTH25 ZeroWireload        tcbn65gplustc_ccs
  Mantissa_OAUM_MANTISSA_WIDTH23_ACC_30_DW01_add_0 ZeroWireload tcbn65gplustc_ccs

  Point                                                                        Incr       Path
  -----------------------------------------------------------------------------------------------
  clock vclk (rise edge)                                                       0.00       0.00
  clock network delay (ideal)                                                  0.00       0.00
  input external delay                                                         0.02       0.02 r
  mantissa_y[1] (in)                                                           0.00       0.02 r
  U58/ZN (CKND0)                                                               0.01       0.04 f
  U59/ZN (CKND0)                                                               0.04       0.08 r
  OAUM/Mantissa_Y[16] (Mantissa_OAUM_MANTISSA_WIDTH23_ACC_30)                  0.00       0.08 r
  OAUM/Stage_0_0/In_2[2] (CSA3_2_Array_WIDTH24)                                0.00       0.08 r
  OAUM/Stage_0_0/U40/Z (CKXOR2D1)                                              0.06       0.14 r
  OAUM/Stage_0_0/U8/Z (CKXOR2D1)                                               0.06       0.20 r
  OAUM/Stage_0_0/S[2] (CSA3_2_Array_WIDTH24)                                   0.00       0.20 r
  OAUM/Stage_1_0/In_1[2] (CSA3_2_Array_WIDTH25)                                0.00       0.20 r
  OAUM/Stage_1_0/U41/Z (CKXOR2D1)                                              0.06       0.27 r
  OAUM/Stage_1_0/U8/Z (CKXOR2D1)                                               0.06       0.33 f
  OAUM/Stage_1_0/S[2] (CSA3_2_Array_WIDTH25)                                   0.00       0.33 f
  OAUM/add_131/A[2] (Mantissa_OAUM_MANTISSA_WIDTH23_ACC_30_DW01_add_0)         0.00       0.33 f
  OAUM/add_131/U1_2/CO (FA1D0)                                                 0.10       0.43 f
  OAUM/add_131/U1_3/CO (FA1D0)                                                 0.06       0.48 f
  OAUM/add_131/U1_4/CO (FA1D0)                                                 0.06       0.54 f
  OAUM/add_131/U1_5/CO (FA1D0)                                                 0.06       0.59 f
  OAUM/add_131/U1_6/CO (FA1D0)                                                 0.06       0.65 f
  OAUM/add_131/U1_7/CO (FA1D0)                                                 0.06       0.70 f
  OAUM/add_131/U1_8/CO (FA1D0)                                                 0.06       0.76 f
  OAUM/add_131/U1_9/CO (FA1D0)                                                 0.06       0.81 f
  OAUM/add_131/U1_10/CO (FA1D0)                                                0.06       0.87 f
  OAUM/add_131/U1_11/CO (FA1D0)                                                0.06       0.93 f
  OAUM/add_131/U1_12/CO (FA1D0)                                                0.06       0.98 f
  OAUM/add_131/U1_13/CO (FA1D0)                                                0.06       1.04 f
  OAUM/add_131/U1_14/CO (FA1D0)                                                0.06       1.09 f
  OAUM/add_131/U1_15/CO (FA1D0)                                                0.06       1.15 f
  OAUM/add_131/U1_16/CO (FA1D0)                                                0.06       1.20 f
  OAUM/add_131/U1_17/CO (FA1D0)                                                0.06       1.26 f
  OAUM/add_131/U1_18/CO (FA1D0)                                                0.06       1.31 f
  OAUM/add_131/U1_19/CO (FA1D0)                                                0.06       1.37 f
  OAUM/add_131/U1_20/CO (FA1D0)                                                0.06       1.42 f
  OAUM/add_131/U1_21/CO (FA1D0)                                                0.07       1.49 f
  OAUM/add_131/U1/Z (AN2XD1)                                                   0.03       1.52 f
  OAUM/add_131/U1_23/CO (FA1D0)                                                0.05       1.57 f
  OAUM/add_131/U1_24/CO (FA1D0)                                                0.06       1.62 f
  OAUM/add_131/U1_25/Z (XOR3D1)                                                0.05       1.68 f
  OAUM/add_131/SUM[25] (Mantissa_OAUM_MANTISSA_WIDTH23_ACC_30_DW01_add_0)      0.00       1.68 f
  OAUM/Shift[1] (Mantissa_OAUM_MANTISSA_WIDTH23_ACC_30)                        0.00       1.68 f
  U125/ZN (INR2D1)                                                             0.04       1.72 r
  U55/Z (AN2XD1)                                                               0.04       1.75 r
  U118/CO (FA1D0)                                                              0.06       1.82 r
  U120/Z (AN2XD1)                                                              0.04       1.86 r
  U121/Z (AN2XD1)                                                              0.04       1.90 r
  U122/Z (AN2XD1)                                                              0.04       1.93 r
  U124/Z (AN2XD1)                                                              0.04       1.97 r
  U123/Z (AN2D0)                                                               0.05       2.02 r
  U119/Z (CKXOR2D1)                                                            0.05       2.07 f
  U105/ZN (NR4D0)                                                              0.06       2.13 r
  U53/ZN (ND2D1)                                                               0.02       2.15 f
  U106/ZN (IOA21D1)                                                            0.07       2.22 f
  U102/ZN (INVD1)                                                              0.13       2.36 r
  U107/Z (OR2D1)                                                               0.08       2.44 r
  U103/ZN (INVD1)                                                              0.07       2.51 f
  U8/Z (AO21D1)                                                                0.07       2.58 f
  mantissa_out[5] (out)                                                        0.00       2.58 f
  data arrival time                                                                       2.58

  clock vclk (rise edge)                                                      10.00      10.00
  clock network delay (ideal)                                                  0.00      10.00
  output external delay                                                       -0.02       9.98
  data required time                                                                      9.98
  -----------------------------------------------------------------------------------------------
  data required time                                                                      9.98
  data arrival time                                                                      -2.58
  -----------------------------------------------------------------------------------------------
  slack (MET)                                                                             7.40


  Startpoint: mantissa_y[1]
              (input port clocked by vclk)
  Endpoint: mantissa_out[4]
            (output port clocked by vclk)
  Path Group: vclk
  Path Type: max

  Des/Clust/Port     Wire Load Model       Library
  ------------------------------------------------
  top                ZeroWireload          tcbn65gplustc_ccs
  CSA3_2_Array_WIDTH24 ZeroWireload        tcbn65gplustc_ccs
  Mantissa_OAUM_MANTISSA_WIDTH23_ACC_30 ZeroWireload tcbn65gplustc_ccs
  CSA3_2_Array_WIDTH25 ZeroWireload        tcbn65gplustc_ccs
  Mantissa_OAUM_MANTISSA_WIDTH23_ACC_30_DW01_add_0 ZeroWireload tcbn65gplustc_ccs

  Point                                                                        Incr       Path
  -----------------------------------------------------------------------------------------------
  clock vclk (rise edge)                                                       0.00       0.00
  clock network delay (ideal)                                                  0.00       0.00
  input external delay                                                         0.02       0.02 r
  mantissa_y[1] (in)                                                           0.00       0.02 r
  U58/ZN (CKND0)                                                               0.01       0.04 f
  U59/ZN (CKND0)                                                               0.04       0.08 r
  OAUM/Mantissa_Y[16] (Mantissa_OAUM_MANTISSA_WIDTH23_ACC_30)                  0.00       0.08 r
  OAUM/Stage_0_0/In_2[2] (CSA3_2_Array_WIDTH24)                                0.00       0.08 r
  OAUM/Stage_0_0/U40/Z (CKXOR2D1)                                              0.06       0.14 r
  OAUM/Stage_0_0/U8/Z (CKXOR2D1)                                               0.06       0.20 r
  OAUM/Stage_0_0/S[2] (CSA3_2_Array_WIDTH24)                                   0.00       0.20 r
  OAUM/Stage_1_0/In_1[2] (CSA3_2_Array_WIDTH25)                                0.00       0.20 r
  OAUM/Stage_1_0/U41/Z (CKXOR2D1)                                              0.06       0.27 r
  OAUM/Stage_1_0/U8/Z (CKXOR2D1)                                               0.06       0.33 f
  OAUM/Stage_1_0/S[2] (CSA3_2_Array_WIDTH25)                                   0.00       0.33 f
  OAUM/add_131/A[2] (Mantissa_OAUM_MANTISSA_WIDTH23_ACC_30_DW01_add_0)         0.00       0.33 f
  OAUM/add_131/U1_2/CO (FA1D0)                                                 0.10       0.43 f
  OAUM/add_131/U1_3/CO (FA1D0)                                                 0.06       0.48 f
  OAUM/add_131/U1_4/CO (FA1D0)                                                 0.06       0.54 f
  OAUM/add_131/U1_5/CO (FA1D0)                                                 0.06       0.59 f
  OAUM/add_131/U1_6/CO (FA1D0)                                                 0.06       0.65 f
  OAUM/add_131/U1_7/CO (FA1D0)                                                 0.06       0.70 f
  OAUM/add_131/U1_8/CO (FA1D0)                                                 0.06       0.76 f
  OAUM/add_131/U1_9/CO (FA1D0)                                                 0.06       0.81 f
  OAUM/add_131/U1_10/CO (FA1D0)                                                0.06       0.87 f
  OAUM/add_131/U1_11/CO (FA1D0)                                                0.06       0.93 f
  OAUM/add_131/U1_12/CO (FA1D0)                                                0.06       0.98 f
  OAUM/add_131/U1_13/CO (FA1D0)                                                0.06       1.04 f
  OAUM/add_131/U1_14/CO (FA1D0)                                                0.06       1.09 f
  OAUM/add_131/U1_15/CO (FA1D0)                                                0.06       1.15 f
  OAUM/add_131/U1_16/CO (FA1D0)                                                0.06       1.20 f
  OAUM/add_131/U1_17/CO (FA1D0)                                                0.06       1.26 f
  OAUM/add_131/U1_18/CO (FA1D0)                                                0.06       1.31 f
  OAUM/add_131/U1_19/CO (FA1D0)                                                0.06       1.37 f
  OAUM/add_131/U1_20/CO (FA1D0)                                                0.06       1.42 f
  OAUM/add_131/U1_21/CO (FA1D0)                                                0.07       1.49 f
  OAUM/add_131/U1/Z (AN2XD1)                                                   0.03       1.52 f
  OAUM/add_131/U1_23/CO (FA1D0)                                                0.05       1.57 f
  OAUM/add_131/U1_24/CO (FA1D0)                                                0.06       1.62 f
  OAUM/add_131/U1_25/Z (XOR3D1)                                                0.05       1.68 f
  OAUM/add_131/SUM[25] (Mantissa_OAUM_MANTISSA_WIDTH23_ACC_30_DW01_add_0)      0.00       1.68 f
  OAUM/Shift[1] (Mantissa_OAUM_MANTISSA_WIDTH23_ACC_30)                        0.00       1.68 f
  U125/ZN (INR2D1)                                                             0.04       1.72 r
  U55/Z (AN2XD1)                                                               0.04       1.75 r
  U118/CO (FA1D0)                                                              0.06       1.82 r
  U120/Z (AN2XD1)                                                              0.04       1.86 r
  U121/Z (AN2XD1)                                                              0.04       1.90 r
  U122/Z (AN2XD1)                                                              0.04       1.93 r
  U124/Z (AN2XD1)                                                              0.04       1.97 r
  U123/Z (AN2D0)                                                               0.05       2.02 r
  U119/Z (CKXOR2D1)                                                            0.05       2.07 f
  U105/ZN (NR4D0)                                                              0.06       2.13 r
  U53/ZN (ND2D1)                                                               0.02       2.15 f
  U106/ZN (IOA21D1)                                                            0.07       2.22 f
  U102/ZN (INVD1)                                                              0.13       2.36 r
  U107/Z (OR2D1)                                                               0.08       2.44 r
  U103/ZN (INVD1)                                                              0.07       2.51 f
  U9/Z (AO21D1)                                                                0.07       2.58 f
  mantissa_out[4] (out)                                                        0.00       2.58 f
  data arrival time                                                                       2.58

  clock vclk (rise edge)                                                      10.00      10.00
  clock network delay (ideal)                                                  0.00      10.00
  output external delay                                                       -0.02       9.98
  data required time                                                                      9.98
  -----------------------------------------------------------------------------------------------
  data required time                                                                      9.98
  data arrival time                                                                      -2.58
  -----------------------------------------------------------------------------------------------
  slack (MET)                                                                             7.40


  Startpoint: mantissa_y[1]
              (input port clocked by vclk)
  Endpoint: mantissa_out[3]
            (output port clocked by vclk)
  Path Group: vclk
  Path Type: max

  Des/Clust/Port     Wire Load Model       Library
  ------------------------------------------------
  top                ZeroWireload          tcbn65gplustc_ccs
  CSA3_2_Array_WIDTH24 ZeroWireload        tcbn65gplustc_ccs
  Mantissa_OAUM_MANTISSA_WIDTH23_ACC_30 ZeroWireload tcbn65gplustc_ccs
  CSA3_2_Array_WIDTH25 ZeroWireload        tcbn65gplustc_ccs
  Mantissa_OAUM_MANTISSA_WIDTH23_ACC_30_DW01_add_0 ZeroWireload tcbn65gplustc_ccs

  Point                                                                        Incr       Path
  -----------------------------------------------------------------------------------------------
  clock vclk (rise edge)                                                       0.00       0.00
  clock network delay (ideal)                                                  0.00       0.00
  input external delay                                                         0.02       0.02 r
  mantissa_y[1] (in)                                                           0.00       0.02 r
  U58/ZN (CKND0)                                                               0.01       0.04 f
  U59/ZN (CKND0)                                                               0.04       0.08 r
  OAUM/Mantissa_Y[16] (Mantissa_OAUM_MANTISSA_WIDTH23_ACC_30)                  0.00       0.08 r
  OAUM/Stage_0_0/In_2[2] (CSA3_2_Array_WIDTH24)                                0.00       0.08 r
  OAUM/Stage_0_0/U40/Z (CKXOR2D1)                                              0.06       0.14 r
  OAUM/Stage_0_0/U8/Z (CKXOR2D1)                                               0.06       0.20 r
  OAUM/Stage_0_0/S[2] (CSA3_2_Array_WIDTH24)                                   0.00       0.20 r
  OAUM/Stage_1_0/In_1[2] (CSA3_2_Array_WIDTH25)                                0.00       0.20 r
  OAUM/Stage_1_0/U41/Z (CKXOR2D1)                                              0.06       0.27 r
  OAUM/Stage_1_0/U8/Z (CKXOR2D1)                                               0.06       0.33 f
  OAUM/Stage_1_0/S[2] (CSA3_2_Array_WIDTH25)                                   0.00       0.33 f
  OAUM/add_131/A[2] (Mantissa_OAUM_MANTISSA_WIDTH23_ACC_30_DW01_add_0)         0.00       0.33 f
  OAUM/add_131/U1_2/CO (FA1D0)                                                 0.10       0.43 f
  OAUM/add_131/U1_3/CO (FA1D0)                                                 0.06       0.48 f
  OAUM/add_131/U1_4/CO (FA1D0)                                                 0.06       0.54 f
  OAUM/add_131/U1_5/CO (FA1D0)                                                 0.06       0.59 f
  OAUM/add_131/U1_6/CO (FA1D0)                                                 0.06       0.65 f
  OAUM/add_131/U1_7/CO (FA1D0)                                                 0.06       0.70 f
  OAUM/add_131/U1_8/CO (FA1D0)                                                 0.06       0.76 f
  OAUM/add_131/U1_9/CO (FA1D0)                                                 0.06       0.81 f
  OAUM/add_131/U1_10/CO (FA1D0)                                                0.06       0.87 f
  OAUM/add_131/U1_11/CO (FA1D0)                                                0.06       0.93 f
  OAUM/add_131/U1_12/CO (FA1D0)                                                0.06       0.98 f
  OAUM/add_131/U1_13/CO (FA1D0)                                                0.06       1.04 f
  OAUM/add_131/U1_14/CO (FA1D0)                                                0.06       1.09 f
  OAUM/add_131/U1_15/CO (FA1D0)                                                0.06       1.15 f
  OAUM/add_131/U1_16/CO (FA1D0)                                                0.06       1.20 f
  OAUM/add_131/U1_17/CO (FA1D0)                                                0.06       1.26 f
  OAUM/add_131/U1_18/CO (FA1D0)                                                0.06       1.31 f
  OAUM/add_131/U1_19/CO (FA1D0)                                                0.06       1.37 f
  OAUM/add_131/U1_20/CO (FA1D0)                                                0.06       1.42 f
  OAUM/add_131/U1_21/CO (FA1D0)                                                0.07       1.49 f
  OAUM/add_131/U1/Z (AN2XD1)                                                   0.03       1.52 f
  OAUM/add_131/U1_23/CO (FA1D0)                                                0.05       1.57 f
  OAUM/add_131/U1_24/CO (FA1D0)                                                0.06       1.62 f
  OAUM/add_131/U1_25/Z (XOR3D1)                                                0.05       1.68 f
  OAUM/add_131/SUM[25] (Mantissa_OAUM_MANTISSA_WIDTH23_ACC_30_DW01_add_0)      0.00       1.68 f
  OAUM/Shift[1] (Mantissa_OAUM_MANTISSA_WIDTH23_ACC_30)                        0.00       1.68 f
  U125/ZN (INR2D1)                                                             0.04       1.72 r
  U55/Z (AN2XD1)                                                               0.04       1.75 r
  U118/CO (FA1D0)                                                              0.06       1.82 r
  U120/Z (AN2XD1)                                                              0.04       1.86 r
  U121/Z (AN2XD1)                                                              0.04       1.90 r
  U122/Z (AN2XD1)                                                              0.04       1.93 r
  U124/Z (AN2XD1)                                                              0.04       1.97 r
  U123/Z (AN2D0)                                                               0.05       2.02 r
  U119/Z (CKXOR2D1)                                                            0.05       2.07 f
  U105/ZN (NR4D0)                                                              0.06       2.13 r
  U53/ZN (ND2D1)                                                               0.02       2.15 f
  U106/ZN (IOA21D1)                                                            0.07       2.22 f
  U102/ZN (INVD1)                                                              0.13       2.36 r
  U107/Z (OR2D1)                                                               0.08       2.44 r
  U103/ZN (INVD1)                                                              0.07       2.51 f
  U10/Z (AO21D1)                                                               0.07       2.58 f
  mantissa_out[3] (out)                                                        0.00       2.58 f
  data arrival time                                                                       2.58

  clock vclk (rise edge)                                                      10.00      10.00
  clock network delay (ideal)                                                  0.00      10.00
  output external delay                                                       -0.02       9.98
  data required time                                                                      9.98
  -----------------------------------------------------------------------------------------------
  data required time                                                                      9.98
  data arrival time                                                                      -2.58
  -----------------------------------------------------------------------------------------------
  slack (MET)                                                                             7.40


  Startpoint: mantissa_y[1]
              (input port clocked by vclk)
  Endpoint: mantissa_out[2]
            (output port clocked by vclk)
  Path Group: vclk
  Path Type: max

  Des/Clust/Port     Wire Load Model       Library
  ------------------------------------------------
  top                ZeroWireload          tcbn65gplustc_ccs
  CSA3_2_Array_WIDTH24 ZeroWireload        tcbn65gplustc_ccs
  Mantissa_OAUM_MANTISSA_WIDTH23_ACC_30 ZeroWireload tcbn65gplustc_ccs
  CSA3_2_Array_WIDTH25 ZeroWireload        tcbn65gplustc_ccs
  Mantissa_OAUM_MANTISSA_WIDTH23_ACC_30_DW01_add_0 ZeroWireload tcbn65gplustc_ccs

  Point                                                                        Incr       Path
  -----------------------------------------------------------------------------------------------
  clock vclk (rise edge)                                                       0.00       0.00
  clock network delay (ideal)                                                  0.00       0.00
  input external delay                                                         0.02       0.02 r
  mantissa_y[1] (in)                                                           0.00       0.02 r
  U58/ZN (CKND0)                                                               0.01       0.04 f
  U59/ZN (CKND0)                                                               0.04       0.08 r
  OAUM/Mantissa_Y[16] (Mantissa_OAUM_MANTISSA_WIDTH23_ACC_30)                  0.00       0.08 r
  OAUM/Stage_0_0/In_2[2] (CSA3_2_Array_WIDTH24)                                0.00       0.08 r
  OAUM/Stage_0_0/U40/Z (CKXOR2D1)                                              0.06       0.14 r
  OAUM/Stage_0_0/U8/Z (CKXOR2D1)                                               0.06       0.20 r
  OAUM/Stage_0_0/S[2] (CSA3_2_Array_WIDTH24)                                   0.00       0.20 r
  OAUM/Stage_1_0/In_1[2] (CSA3_2_Array_WIDTH25)                                0.00       0.20 r
  OAUM/Stage_1_0/U41/Z (CKXOR2D1)                                              0.06       0.27 r
  OAUM/Stage_1_0/U8/Z (CKXOR2D1)                                               0.06       0.33 f
  OAUM/Stage_1_0/S[2] (CSA3_2_Array_WIDTH25)                                   0.00       0.33 f
  OAUM/add_131/A[2] (Mantissa_OAUM_MANTISSA_WIDTH23_ACC_30_DW01_add_0)         0.00       0.33 f
  OAUM/add_131/U1_2/CO (FA1D0)                                                 0.10       0.43 f
  OAUM/add_131/U1_3/CO (FA1D0)                                                 0.06       0.48 f
  OAUM/add_131/U1_4/CO (FA1D0)                                                 0.06       0.54 f
  OAUM/add_131/U1_5/CO (FA1D0)                                                 0.06       0.59 f
  OAUM/add_131/U1_6/CO (FA1D0)                                                 0.06       0.65 f
  OAUM/add_131/U1_7/CO (FA1D0)                                                 0.06       0.70 f
  OAUM/add_131/U1_8/CO (FA1D0)                                                 0.06       0.76 f
  OAUM/add_131/U1_9/CO (FA1D0)                                                 0.06       0.81 f
  OAUM/add_131/U1_10/CO (FA1D0)                                                0.06       0.87 f
  OAUM/add_131/U1_11/CO (FA1D0)                                                0.06       0.93 f
  OAUM/add_131/U1_12/CO (FA1D0)                                                0.06       0.98 f
  OAUM/add_131/U1_13/CO (FA1D0)                                                0.06       1.04 f
  OAUM/add_131/U1_14/CO (FA1D0)                                                0.06       1.09 f
  OAUM/add_131/U1_15/CO (FA1D0)                                                0.06       1.15 f
  OAUM/add_131/U1_16/CO (FA1D0)                                                0.06       1.20 f
  OAUM/add_131/U1_17/CO (FA1D0)                                                0.06       1.26 f
  OAUM/add_131/U1_18/CO (FA1D0)                                                0.06       1.31 f
  OAUM/add_131/U1_19/CO (FA1D0)                                                0.06       1.37 f
  OAUM/add_131/U1_20/CO (FA1D0)                                                0.06       1.42 f
  OAUM/add_131/U1_21/CO (FA1D0)                                                0.07       1.49 f
  OAUM/add_131/U1/Z (AN2XD1)                                                   0.03       1.52 f
  OAUM/add_131/U1_23/CO (FA1D0)                                                0.05       1.57 f
  OAUM/add_131/U1_24/CO (FA1D0)                                                0.06       1.62 f
  OAUM/add_131/U1_25/Z (XOR3D1)                                                0.05       1.68 f
  OAUM/add_131/SUM[25] (Mantissa_OAUM_MANTISSA_WIDTH23_ACC_30_DW01_add_0)      0.00       1.68 f
  OAUM/Shift[1] (Mantissa_OAUM_MANTISSA_WIDTH23_ACC_30)                        0.00       1.68 f
  U125/ZN (INR2D1)                                                             0.04       1.72 r
  U55/Z (AN2XD1)                                                               0.04       1.75 r
  U118/CO (FA1D0)                                                              0.06       1.82 r
  U120/Z (AN2XD1)                                                              0.04       1.86 r
  U121/Z (AN2XD1)                                                              0.04       1.90 r
  U122/Z (AN2XD1)                                                              0.04       1.93 r
  U124/Z (AN2XD1)                                                              0.04       1.97 r
  U123/Z (AN2D0)                                                               0.05       2.02 r
  U119/Z (CKXOR2D1)                                                            0.05       2.07 f
  U105/ZN (NR4D0)                                                              0.06       2.13 r
  U53/ZN (ND2D1)                                                               0.02       2.15 f
  U106/ZN (IOA21D1)                                                            0.07       2.22 f
  U102/ZN (INVD1)                                                              0.13       2.36 r
  U107/Z (OR2D1)                                                               0.08       2.44 r
  U103/ZN (INVD1)                                                              0.07       2.51 f
  U11/Z (AO21D1)                                                               0.07       2.58 f
  mantissa_out[2] (out)                                                        0.00       2.58 f
  data arrival time                                                                       2.58

  clock vclk (rise edge)                                                      10.00      10.00
  clock network delay (ideal)                                                  0.00      10.00
  output external delay                                                       -0.02       9.98
  data required time                                                                      9.98
  -----------------------------------------------------------------------------------------------
  data required time                                                                      9.98
  data arrival time                                                                      -2.58
  -----------------------------------------------------------------------------------------------
  slack (MET)                                                                             7.40


  Startpoint: mantissa_y[1]
              (input port clocked by vclk)
  Endpoint: mantissa_out[1]
            (output port clocked by vclk)
  Path Group: vclk
  Path Type: max

  Des/Clust/Port     Wire Load Model       Library
  ------------------------------------------------
  top                ZeroWireload          tcbn65gplustc_ccs
  CSA3_2_Array_WIDTH24 ZeroWireload        tcbn65gplustc_ccs
  Mantissa_OAUM_MANTISSA_WIDTH23_ACC_30 ZeroWireload tcbn65gplustc_ccs
  CSA3_2_Array_WIDTH25 ZeroWireload        tcbn65gplustc_ccs
  Mantissa_OAUM_MANTISSA_WIDTH23_ACC_30_DW01_add_0 ZeroWireload tcbn65gplustc_ccs

  Point                                                                        Incr       Path
  -----------------------------------------------------------------------------------------------
  clock vclk (rise edge)                                                       0.00       0.00
  clock network delay (ideal)                                                  0.00       0.00
  input external delay                                                         0.02       0.02 r
  mantissa_y[1] (in)                                                           0.00       0.02 r
  U58/ZN (CKND0)                                                               0.01       0.04 f
  U59/ZN (CKND0)                                                               0.04       0.08 r
  OAUM/Mantissa_Y[16] (Mantissa_OAUM_MANTISSA_WIDTH23_ACC_30)                  0.00       0.08 r
  OAUM/Stage_0_0/In_2[2] (CSA3_2_Array_WIDTH24)                                0.00       0.08 r
  OAUM/Stage_0_0/U40/Z (CKXOR2D1)                                              0.06       0.14 r
  OAUM/Stage_0_0/U8/Z (CKXOR2D1)                                               0.06       0.20 r
  OAUM/Stage_0_0/S[2] (CSA3_2_Array_WIDTH24)                                   0.00       0.20 r
  OAUM/Stage_1_0/In_1[2] (CSA3_2_Array_WIDTH25)                                0.00       0.20 r
  OAUM/Stage_1_0/U41/Z (CKXOR2D1)                                              0.06       0.27 r
  OAUM/Stage_1_0/U8/Z (CKXOR2D1)                                               0.06       0.33 f
  OAUM/Stage_1_0/S[2] (CSA3_2_Array_WIDTH25)                                   0.00       0.33 f
  OAUM/add_131/A[2] (Mantissa_OAUM_MANTISSA_WIDTH23_ACC_30_DW01_add_0)         0.00       0.33 f
  OAUM/add_131/U1_2/CO (FA1D0)                                                 0.10       0.43 f
  OAUM/add_131/U1_3/CO (FA1D0)                                                 0.06       0.48 f
  OAUM/add_131/U1_4/CO (FA1D0)                                                 0.06       0.54 f
  OAUM/add_131/U1_5/CO (FA1D0)                                                 0.06       0.59 f
  OAUM/add_131/U1_6/CO (FA1D0)                                                 0.06       0.65 f
  OAUM/add_131/U1_7/CO (FA1D0)                                                 0.06       0.70 f
  OAUM/add_131/U1_8/CO (FA1D0)                                                 0.06       0.76 f
  OAUM/add_131/U1_9/CO (FA1D0)                                                 0.06       0.81 f
  OAUM/add_131/U1_10/CO (FA1D0)                                                0.06       0.87 f
  OAUM/add_131/U1_11/CO (FA1D0)                                                0.06       0.93 f
  OAUM/add_131/U1_12/CO (FA1D0)                                                0.06       0.98 f
  OAUM/add_131/U1_13/CO (FA1D0)                                                0.06       1.04 f
  OAUM/add_131/U1_14/CO (FA1D0)                                                0.06       1.09 f
  OAUM/add_131/U1_15/CO (FA1D0)                                                0.06       1.15 f
  OAUM/add_131/U1_16/CO (FA1D0)                                                0.06       1.20 f
  OAUM/add_131/U1_17/CO (FA1D0)                                                0.06       1.26 f
  OAUM/add_131/U1_18/CO (FA1D0)                                                0.06       1.31 f
  OAUM/add_131/U1_19/CO (FA1D0)                                                0.06       1.37 f
  OAUM/add_131/U1_20/CO (FA1D0)                                                0.06       1.42 f
  OAUM/add_131/U1_21/CO (FA1D0)                                                0.07       1.49 f
  OAUM/add_131/U1/Z (AN2XD1)                                                   0.03       1.52 f
  OAUM/add_131/U1_23/CO (FA1D0)                                                0.05       1.57 f
  OAUM/add_131/U1_24/CO (FA1D0)                                                0.06       1.62 f
  OAUM/add_131/U1_25/Z (XOR3D1)                                                0.05       1.68 f
  OAUM/add_131/SUM[25] (Mantissa_OAUM_MANTISSA_WIDTH23_ACC_30_DW01_add_0)      0.00       1.68 f
  OAUM/Shift[1] (Mantissa_OAUM_MANTISSA_WIDTH23_ACC_30)                        0.00       1.68 f
  U125/ZN (INR2D1)                                                             0.04       1.72 r
  U55/Z (AN2XD1)                                                               0.04       1.75 r
  U118/CO (FA1D0)                                                              0.06       1.82 r
  U120/Z (AN2XD1)                                                              0.04       1.86 r
  U121/Z (AN2XD1)                                                              0.04       1.90 r
  U122/Z (AN2XD1)                                                              0.04       1.93 r
  U124/Z (AN2XD1)                                                              0.04       1.97 r
  U123/Z (AN2D0)                                                               0.05       2.02 r
  U119/Z (CKXOR2D1)                                                            0.05       2.07 f
  U105/ZN (NR4D0)                                                              0.06       2.13 r
  U53/ZN (ND2D1)                                                               0.02       2.15 f
  U106/ZN (IOA21D1)                                                            0.07       2.22 f
  U102/ZN (INVD1)                                                              0.13       2.36 r
  U107/Z (OR2D1)                                                               0.08       2.44 r
  U103/ZN (INVD1)                                                              0.07       2.51 f
  U15/Z (AO21D1)                                                               0.07       2.58 f
  mantissa_out[1] (out)                                                        0.00       2.58 f
  data arrival time                                                                       2.58

  clock vclk (rise edge)                                                      10.00      10.00
  clock network delay (ideal)                                                  0.00      10.00
  output external delay                                                       -0.02       9.98
  data required time                                                                      9.98
  -----------------------------------------------------------------------------------------------
  data required time                                                                      9.98
  data arrival time                                                                      -2.58
  -----------------------------------------------------------------------------------------------
  slack (MET)                                                                             7.40


  Startpoint: mantissa_y[1]
              (input port clocked by vclk)
  Endpoint: mantissa_out[0]
            (output port clocked by vclk)
  Path Group: vclk
  Path Type: max

  Des/Clust/Port     Wire Load Model       Library
  ------------------------------------------------
  top                ZeroWireload          tcbn65gplustc_ccs
  CSA3_2_Array_WIDTH24 ZeroWireload        tcbn65gplustc_ccs
  Mantissa_OAUM_MANTISSA_WIDTH23_ACC_30 ZeroWireload tcbn65gplustc_ccs
  CSA3_2_Array_WIDTH25 ZeroWireload        tcbn65gplustc_ccs
  Mantissa_OAUM_MANTISSA_WIDTH23_ACC_30_DW01_add_0 ZeroWireload tcbn65gplustc_ccs

  Point                                                                        Incr       Path
  -----------------------------------------------------------------------------------------------
  clock vclk (rise edge)                                                       0.00       0.00
  clock network delay (ideal)                                                  0.00       0.00
  input external delay                                                         0.02       0.02 r
  mantissa_y[1] (in)                                                           0.00       0.02 r
  U58/ZN (CKND0)                                                               0.01       0.04 f
  U59/ZN (CKND0)                                                               0.04       0.08 r
  OAUM/Mantissa_Y[16] (Mantissa_OAUM_MANTISSA_WIDTH23_ACC_30)                  0.00       0.08 r
  OAUM/Stage_0_0/In_2[2] (CSA3_2_Array_WIDTH24)                                0.00       0.08 r
  OAUM/Stage_0_0/U40/Z (CKXOR2D1)                                              0.06       0.14 r
  OAUM/Stage_0_0/U8/Z (CKXOR2D1)                                               0.06       0.20 r
  OAUM/Stage_0_0/S[2] (CSA3_2_Array_WIDTH24)                                   0.00       0.20 r
  OAUM/Stage_1_0/In_1[2] (CSA3_2_Array_WIDTH25)                                0.00       0.20 r
  OAUM/Stage_1_0/U41/Z (CKXOR2D1)                                              0.06       0.27 r
  OAUM/Stage_1_0/U8/Z (CKXOR2D1)                                               0.06       0.33 f
  OAUM/Stage_1_0/S[2] (CSA3_2_Array_WIDTH25)                                   0.00       0.33 f
  OAUM/add_131/A[2] (Mantissa_OAUM_MANTISSA_WIDTH23_ACC_30_DW01_add_0)         0.00       0.33 f
  OAUM/add_131/U1_2/CO (FA1D0)                                                 0.10       0.43 f
  OAUM/add_131/U1_3/CO (FA1D0)                                                 0.06       0.48 f
  OAUM/add_131/U1_4/CO (FA1D0)                                                 0.06       0.54 f
  OAUM/add_131/U1_5/CO (FA1D0)                                                 0.06       0.59 f
  OAUM/add_131/U1_6/CO (FA1D0)                                                 0.06       0.65 f
  OAUM/add_131/U1_7/CO (FA1D0)                                                 0.06       0.70 f
  OAUM/add_131/U1_8/CO (FA1D0)                                                 0.06       0.76 f
  OAUM/add_131/U1_9/CO (FA1D0)                                                 0.06       0.81 f
  OAUM/add_131/U1_10/CO (FA1D0)                                                0.06       0.87 f
  OAUM/add_131/U1_11/CO (FA1D0)                                                0.06       0.93 f
  OAUM/add_131/U1_12/CO (FA1D0)                                                0.06       0.98 f
  OAUM/add_131/U1_13/CO (FA1D0)                                                0.06       1.04 f
  OAUM/add_131/U1_14/CO (FA1D0)                                                0.06       1.09 f
  OAUM/add_131/U1_15/CO (FA1D0)                                                0.06       1.15 f
  OAUM/add_131/U1_16/CO (FA1D0)                                                0.06       1.20 f
  OAUM/add_131/U1_17/CO (FA1D0)                                                0.06       1.26 f
  OAUM/add_131/U1_18/CO (FA1D0)                                                0.06       1.31 f
  OAUM/add_131/U1_19/CO (FA1D0)                                                0.06       1.37 f
  OAUM/add_131/U1_20/CO (FA1D0)                                                0.06       1.42 f
  OAUM/add_131/U1_21/CO (FA1D0)                                                0.07       1.49 f
  OAUM/add_131/U1/Z (AN2XD1)                                                   0.03       1.52 f
  OAUM/add_131/U1_23/CO (FA1D0)                                                0.05       1.57 f
  OAUM/add_131/U1_24/CO (FA1D0)                                                0.06       1.62 f
  OAUM/add_131/U1_25/Z (XOR3D1)                                                0.05       1.68 f
  OAUM/add_131/SUM[25] (Mantissa_OAUM_MANTISSA_WIDTH23_ACC_30_DW01_add_0)      0.00       1.68 f
  OAUM/Shift[1] (Mantissa_OAUM_MANTISSA_WIDTH23_ACC_30)                        0.00       1.68 f
  U125/ZN (INR2D1)                                                             0.04       1.72 r
  U55/Z (AN2XD1)                                                               0.04       1.75 r
  U118/CO (FA1D0)                                                              0.06       1.82 r
  U120/Z (AN2XD1)                                                              0.04       1.86 r
  U121/Z (AN2XD1)                                                              0.04       1.90 r
  U122/Z (AN2XD1)                                                              0.04       1.93 r
  U124/Z (AN2XD1)                                                              0.04       1.97 r
  U123/Z (AN2D0)                                                               0.05       2.02 r
  U119/Z (CKXOR2D1)                                                            0.05       2.07 f
  U105/ZN (NR4D0)                                                              0.06       2.13 r
  U53/ZN (ND2D1)                                                               0.02       2.15 f
  U106/ZN (IOA21D1)                                                            0.07       2.22 f
  U102/ZN (INVD1)                                                              0.13       2.36 r
  U107/Z (OR2D1)                                                               0.08       2.44 r
  U103/ZN (INVD1)                                                              0.07       2.51 f
  U26/Z (AO21D1)                                                               0.07       2.58 f
  mantissa_out[0] (out)                                                        0.00       2.58 f
  data arrival time                                                                       2.58

  clock vclk (rise edge)                                                      10.00      10.00
  clock network delay (ideal)                                                  0.00      10.00
  output external delay                                                       -0.02       9.98
  data required time                                                                      9.98
  -----------------------------------------------------------------------------------------------
  data required time                                                                      9.98
  data arrival time                                                                      -2.58
  -----------------------------------------------------------------------------------------------
  slack (MET)                                                                             7.40


1
