 
****************************************
check_design summary:
Version:     U-2022.12-SP7
Date:        Thu Sep  3 12:36:39 2026
****************************************

                   Name                                            Total
--------------------------------------------------------------------------------
Inputs/Outputs                                                     34
    Unloaded inputs (LINT-8)                                        2
    Unconnected ports (LINT-28)                                    30
    Feedthrough (LINT-29)                                           2

Cells                                                              40
    Connected to power or ground (LINT-32)                         15
    Nets connected to multiple pins on same cell (LINT-33)         25

Nets                                                                2
    Unloaded nets (LINT-2)                                          2
--------------------------------------------------------------------------------

Warning: In design 'top', net 'OAUM/add_131/A[25]' driven by pin 'OAUM/add_131/A[25]' has no loads. (LINT-2)
Warning: In design 'top', net 'OAUM/add_131/A[0]' driven by pin 'OAUM/add_131/A[0]' has no loads. (LINT-2)
Warning: In design 'Mantissa_OAUM_MANTISSA_WIDTH23_ACC_30_DW01_add_0', input port 'A[25]' is unloaded. (LINT-8)
Warning: In design 'Mantissa_OAUM_MANTISSA_WIDTH23_ACC_30_DW01_add_0', input port 'A[0]' is unloaded. (LINT-8)
Warning: In design 'CSA3_2_Array_WIDTH24', port 'In_1[0]' is not connected to any nets. (LINT-28)
Warning: In design 'CSA3_2_Array_WIDTH24', port 'In_2[0]' is not connected to any nets. (LINT-28)
Warning: In design 'CSA3_2_Array_WIDTH24', port 'In_3[23]' is not connected to any nets. (LINT-28)
Warning: In design 'CSA3_2_Array_WIDTH24', port 'C[0]' is not connected to any nets. (LINT-28)
Warning: In design 'CSA3_2_Array_WIDTH25', port 'In_1[24]' is not connected to any nets. (LINT-28)
Warning: In design 'CSA3_2_Array_WIDTH25', port 'In_2[1]' is not connected to any nets. (LINT-28)
Warning: In design 'CSA3_2_Array_WIDTH25', port 'In_2[0]' is not connected to any nets. (LINT-28)
Warning: In design 'CSA3_2_Array_WIDTH25', port 'In_3[24]' is not connected to any nets. (LINT-28)
Warning: In design 'CSA3_2_Array_WIDTH25', port 'In_3[23]' is not connected to any nets. (LINT-28)
Warning: In design 'CSA3_2_Array_WIDTH25', port 'C[24]' is not connected to any nets. (LINT-28)
Warning: In design 'CSA3_2_Array_WIDTH4', port 'In_1[3]' is not connected to any nets. (LINT-28)
Warning: In design 'CSA3_2_Array_WIDTH4', port 'In_2[3]' is not connected to any nets. (LINT-28)
Warning: In design 'CSA3_2_Array_WIDTH4', port 'In_3[3]' is not connected to any nets. (LINT-28)
Warning: In design 'CSA3_2_Array_WIDTH4', port 'In_3[2]' is not connected to any nets. (LINT-28)
Warning: In design 'CSA3_2_Array_WIDTH4', port 'In_3[1]' is not connected to any nets. (LINT-28)
Warning: In design 'CSA3_2_Array_WIDTH4', port 'In_3[0]' is not connected to any nets. (LINT-28)
Warning: In design 'CSA3_2_Array_WIDTH4', port 'S[3]' is not connected to any nets. (LINT-28)
Warning: In design 'CSA3_2_Array_WIDTH4', port 'C[3]' is not connected to any nets. (LINT-28)
Warning: In design 'Mantissa_OAUM_MANTISSA_WIDTH23_ACC_30_DW01_add_0', port 'B[22]' is not connected to any nets. (LINT-28)
Warning: In design 'Mantissa_OAUM_MANTISSA_WIDTH23_ACC_30_DW01_add_0', port 'B[0]' is not connected to any nets. (LINT-28)
Warning: In design 'Mantissa_OAUM_MANTISSA_WIDTH23_ACC_30_DW01_add_0', port 'CI' is not connected to any nets. (LINT-28)
Warning: In design 'Mantissa_OAUM_MANTISSA_WIDTH23_ACC_30_DW01_add_0', port 'SUM[0]' is not connected to any nets. (LINT-28)
Warning: In design 'Mantissa_OAUM_MANTISSA_WIDTH23_ACC_30_DW01_add_0', port 'CO' is not connected to any nets. (LINT-28)
Warning: In design 'top_DW01_add_1_DW01_add_2', port 'A[9]' is not connected to any nets. (LINT-28)
Warning: In design 'top_DW01_add_1_DW01_add_2', port 'A[8]' is not connected to any nets. (LINT-28)
Warning: In design 'top_DW01_add_1_DW01_add_2', port 'B[9]' is not connected to any nets. (LINT-28)
Warning: In design 'top_DW01_add_1_DW01_add_2', port 'B[8]' is not connected to any nets. (LINT-28)
Warning: In design 'top_DW01_add_1_DW01_add_2', port 'CI' is not connected to any nets. (LINT-28)
Warning: In design 'top_DW01_add_1_DW01_add_2', port 'SUM[9]' is not connected to any nets. (LINT-28)
Warning: In design 'top_DW01_add_1_DW01_add_2', port 'CO' is not connected to any nets. (LINT-28)
Warning: In design 'CSA3_2_Array_WIDTH24', input port 'In_3[0]' is connected directly to output port 'S[0]'. (LINT-29)
Warning: In design 'CSA3_2_Array_WIDTH25', input port 'In_2[24]' is connected directly to output port 'S[24]'. (LINT-29)
Warning: In design 'Mantissa_OAUM_MANTISSA_WIDTH23_ACC_30', a pin on submodule 'Stage_0_0' is connected to logic 1 or logic 0. (LINT-32)
   Pin 'In_1[0]' is connected to logic 0. 
Warning: In design 'Mantissa_OAUM_MANTISSA_WIDTH23_ACC_30', a pin on submodule 'Stage_0_0' is connected to logic 1 or logic 0. (LINT-32)
   Pin 'In_2[0]' is connected to logic 0. 
Warning: In design 'Mantissa_OAUM_MANTISSA_WIDTH23_ACC_30', a pin on submodule 'Stage_0_0' is connected to logic 1 or logic 0. (LINT-32)
   Pin 'In_3[23]' is connected to logic 0. 
Warning: In design 'Mantissa_OAUM_MANTISSA_WIDTH23_ACC_30', a pin on submodule 'Stage_1_0' is connected to logic 1 or logic 0. (LINT-32)
   Pin 'In_1[24]' is connected to logic 0. 
Warning: In design 'Mantissa_OAUM_MANTISSA_WIDTH23_ACC_30', a pin on submodule 'Stage_1_0' is connected to logic 1 or logic 0. (LINT-32)
   Pin 'In_2[1]' is connected to logic 0. 
Warning: In design 'Mantissa_OAUM_MANTISSA_WIDTH23_ACC_30', a pin on submodule 'Stage_1_0' is connected to logic 1 or logic 0. (LINT-32)
   Pin 'In_2[0]' is connected to logic 0. 
Warning: In design 'Mantissa_OAUM_MANTISSA_WIDTH23_ACC_30', a pin on submodule 'Stage_1_0' is connected to logic 1 or logic 0. (LINT-32)
   Pin 'In_3[24]' is connected to logic 0. 
Warning: In design 'Mantissa_OAUM_MANTISSA_WIDTH23_ACC_30', a pin on submodule 'Stage_1_0' is connected to logic 1 or logic 0. (LINT-32)
   Pin 'In_3[23]' is connected to logic 0. 
Warning: In design 'Mantissa_OAUM_MANTISSA_WIDTH23_ACC_30', a pin on submodule 'Stage_2_0' is connected to logic 1 or logic 0. (LINT-32)
   Pin 'In_1[3]' is connected to logic 0. 
Warning: In design 'Mantissa_OAUM_MANTISSA_WIDTH23_ACC_30', a pin on submodule 'Stage_2_0' is connected to logic 1 or logic 0. (LINT-32)
   Pin 'In_2[3]' is connected to logic 0. 
Warning: In design 'Mantissa_OAUM_MANTISSA_WIDTH23_ACC_30', a pin on submodule 'Stage_2_0' is connected to logic 1 or logic 0. (LINT-32)
   Pin 'In_3[3]' is connected to logic 0. 
Warning: In design 'Mantissa_OAUM_MANTISSA_WIDTH23_ACC_30', a pin on submodule 'Stage_2_0' is connected to logic 1 or logic 0. (LINT-32)
   Pin 'In_3[2]' is connected to logic 0. 
Warning: In design 'Mantissa_OAUM_MANTISSA_WIDTH23_ACC_30', a pin on submodule 'Stage_2_0' is connected to logic 1 or logic 0. (LINT-32)
   Pin 'In_3[1]' is connected to logic 0. 
Warning: In design 'Mantissa_OAUM_MANTISSA_WIDTH23_ACC_30', a pin on submodule 'Stage_2_0' is connected to logic 1 or logic 0. (LINT-32)
   Pin 'In_3[0]' is connected to logic 0. 
Warning: In design 'Mantissa_OAUM_MANTISSA_WIDTH23_ACC_30', a pin on submodule 'add_131' is connected to logic 1 or logic 0. (LINT-32)
   Pin 'A[25]' is connected to logic 0. 
Warning: In design 'top', the same net is connected to more than one pin on submodule 'add_1_root_add_0_root_add_43_2'. (LINT-33)
   Net 'n88' is connected to pins 'A[9]', 'A[8]'', 'B[9]', 'B[8]', 'CI'.
Warning: In design 'Mantissa_OAUM_MANTISSA_WIDTH23_ACC_30', the same net is connected to more than one pin on submodule 'Stage_0_0'. (LINT-33)
   Net 'Mantissa_X[37]' is connected to pins 'In_1[23]', 'In_3[22]''.
Warning: In design 'Mantissa_OAUM_MANTISSA_WIDTH23_ACC_30', the same net is connected to more than one pin on submodule 'Stage_0_0'. (LINT-33)
   Net 'Mantissa_X[36]' is connected to pins 'In_1[22]', 'In_3[21]''.
Warning: In design 'Mantissa_OAUM_MANTISSA_WIDTH23_ACC_30', the same net is connected to more than one pin on submodule 'Stage_0_0'. (LINT-33)
   Net 'Mantissa_X[35]' is connected to pins 'In_1[21]', 'In_3[20]''.
Warning: In design 'Mantissa_OAUM_MANTISSA_WIDTH23_ACC_30', the same net is connected to more than one pin on submodule 'Stage_0_0'. (LINT-33)
   Net 'Mantissa_X[34]' is connected to pins 'In_1[20]', 'In_3[19]''.
Warning: In design 'Mantissa_OAUM_MANTISSA_WIDTH23_ACC_30', the same net is connected to more than one pin on submodule 'Stage_0_0'. (LINT-33)
   Net 'Mantissa_X[33]' is connected to pins 'In_1[19]', 'In_3[18]''.
Warning: In design 'Mantissa_OAUM_MANTISSA_WIDTH23_ACC_30', the same net is connected to more than one pin on submodule 'Stage_0_0'. (LINT-33)
   Net 'Mantissa_X[32]' is connected to pins 'In_1[18]', 'In_3[17]''.
Warning: In design 'Mantissa_OAUM_MANTISSA_WIDTH23_ACC_30', the same net is connected to more than one pin on submodule 'Stage_0_0'. (LINT-33)
   Net 'Mantissa_X[31]' is connected to pins 'In_1[17]', 'In_3[16]''.
Warning: In design 'Mantissa_OAUM_MANTISSA_WIDTH23_ACC_30', the same net is connected to more than one pin on submodule 'Stage_0_0'. (LINT-33)
   Net 'Mantissa_X[30]' is connected to pins 'In_1[16]', 'In_3[15]''.
Warning: In design 'Mantissa_OAUM_MANTISSA_WIDTH23_ACC_30', the same net is connected to more than one pin on submodule 'Stage_0_0'. (LINT-33)
   Net 'Mantissa_X[29]' is connected to pins 'In_1[15]', 'In_3[14]''.
Warning: In design 'Mantissa_OAUM_MANTISSA_WIDTH23_ACC_30', the same net is connected to more than one pin on submodule 'Stage_0_0'. (LINT-33)
   Net 'Mantissa_X[28]' is connected to pins 'In_1[14]', 'In_3[13]''.
Warning: In design 'Mantissa_OAUM_MANTISSA_WIDTH23_ACC_30', the same net is connected to more than one pin on submodule 'Stage_0_0'. (LINT-33)
   Net 'Mantissa_X[27]' is connected to pins 'In_1[13]', 'In_3[12]''.
Warning: In design 'Mantissa_OAUM_MANTISSA_WIDTH23_ACC_30', the same net is connected to more than one pin on submodule 'Stage_0_0'. (LINT-33)
   Net 'Mantissa_X[26]' is connected to pins 'In_1[12]', 'In_3[11]''.
Warning: In design 'Mantissa_OAUM_MANTISSA_WIDTH23_ACC_30', the same net is connected to more than one pin on submodule 'Stage_0_0'. (LINT-33)
   Net 'Mantissa_X[25]' is connected to pins 'In_1[11]', 'In_3[10]''.
Warning: In design 'Mantissa_OAUM_MANTISSA_WIDTH23_ACC_30', the same net is connected to more than one pin on submodule 'Stage_0_0'. (LINT-33)
   Net 'Mantissa_X[24]' is connected to pins 'In_1[10]', 'In_3[9]''.
Warning: In design 'Mantissa_OAUM_MANTISSA_WIDTH23_ACC_30', the same net is connected to more than one pin on submodule 'Stage_0_0'. (LINT-33)
   Net 'Mantissa_X[23]' is connected to pins 'In_1[9]', 'In_3[8]''.
Warning: In design 'Mantissa_OAUM_MANTISSA_WIDTH23_ACC_30', the same net is connected to more than one pin on submodule 'Stage_0_0'. (LINT-33)
   Net 'Mantissa_X[22]' is connected to pins 'In_1[8]', 'In_3[7]''.
Warning: In design 'Mantissa_OAUM_MANTISSA_WIDTH23_ACC_30', the same net is connected to more than one pin on submodule 'Stage_0_0'. (LINT-33)
   Net 'Mantissa_X[21]' is connected to pins 'In_1[7]', 'In_3[6]''.
Warning: In design 'Mantissa_OAUM_MANTISSA_WIDTH23_ACC_30', the same net is connected to more than one pin on submodule 'Stage_0_0'. (LINT-33)
   Net 'Mantissa_X[20]' is connected to pins 'In_1[6]', 'In_3[5]''.
Warning: In design 'Mantissa_OAUM_MANTISSA_WIDTH23_ACC_30', the same net is connected to more than one pin on submodule 'Stage_0_0'. (LINT-33)
   Net 'Mantissa_X[19]' is connected to pins 'In_1[5]', 'In_3[4]''.
Warning: In design 'Mantissa_OAUM_MANTISSA_WIDTH23_ACC_30', the same net is connected to more than one pin on submodule 'Stage_0_0'. (LINT-33)
   Net 'Mantissa_X[18]' is connected to pins 'In_1[4]', 'In_3[3]''.
Warning: In design 'Mantissa_OAUM_MANTISSA_WIDTH23_ACC_30', the same net is connected to more than one pin on submodule 'Stage_0_0'. (LINT-33)
   Net 'Mantissa_X[17]' is connected to pins 'In_1[3]', 'In_3[2]''.
Warning: In design 'Mantissa_OAUM_MANTISSA_WIDTH23_ACC_30', the same net is connected to more than one pin on submodule 'Stage_0_0'. (LINT-33)
   Net 'Mantissa_X[16]' is connected to pins 'In_1[2]', 'In_3[1]''.
Warning: In design 'Mantissa_OAUM_MANTISSA_WIDTH23_ACC_30', the same net is connected to more than one pin on submodule 'Stage_0_0'. (LINT-33)
   Net 'Mantissa_X[15]' is connected to pins 'In_1[1]', 'In_3[0]''.
Warning: In design 'Mantissa_OAUM_MANTISSA_WIDTH23_ACC_30', the same net is connected to more than one pin on submodule 'add_131'. (LINT-33)
   Net 'n4' is connected to pins 'B[22]', 'B[0]'', 'CI'.
1
 
****************************************
Report : area
Design : top
Version: U-2022.12-SP7
Date   : Thu Sep  3 12:36:39 2026
****************************************

Library(s) Used:

    tcbn65gplustc_ccs (File: /courses/ee6350/pdk2025/tcbn65gplus/TSMCHOME/digital/Front_End/timing_power_noise/CCS/tcbn65gplus_200a/tcbn65gplustc_ccs.db)

Number of ports:                          544
Number of nets:                           874
Number of cells:                          370
Number of combinational cells:            350
Number of sequential cells:                 0
Number of macros/black boxes:               0
Number of buf/inv:                         85
Number of references:                      19

Combinational area:               1077.840001
Buf/Inv area:                       91.800004
Noncombinational area:               0.000000
Macro/Black Box area:                0.000000
Net Interconnect area:      undefined  (Wire load has zero net area)

Total cell area:                  1077.840001
Total area:                 undefined
1
 
****************************************
Report : area
Design : top
Version: U-2022.12-SP7
Date   : Thu Sep  3 12:36:39 2026
****************************************

Library(s) Used:

    tcbn65gplustc_ccs (File: /courses/ee6350/pdk2025/tcbn65gplus/TSMCHOME/digital/Front_End/timing_power_noise/CCS/tcbn65gplus_200a/tcbn65gplustc_ccs.db)

Number of ports:                          544
Number of nets:                           874
Number of cells:                          370
Number of combinational cells:            350
Number of sequential cells:                 0
Number of macros/black boxes:               0
Number of buf/inv:                         85
Number of references:                      19

Combinational area:               1077.840001
Buf/Inv area:                       91.800004
Noncombinational area:               0.000000
Macro/Black Box area:                0.000000
Net Interconnect area:      undefined  (Wire load has zero net area)

Total cell area:                  1077.840001
Total area:                 undefined

Hierarchical area distribution
------------------------------

                                  Global cell area          Local cell area
                                  ------------------  ---------------------------- 
Hierarchical cell                 Absolute   Percent  Combi-     Noncombi-  Black-
                                  Total      Total    national   national   boxes   Design
--------------------------------  ---------  -------  ---------  ---------  ------  ------------------------------------------------
top                               1077.8400    100.0   202.6800     0.0000  0.0000  top
OAUM                               806.4000     74.8   109.4400     0.0000  0.0000  Mantissa_OAUM_MANTISSA_WIDTH23_ACC_30
OAUM/Stage_0_0                     227.8800     21.1   227.8800     0.0000  0.0000  CSA3_2_Array_WIDTH24
OAUM/Stage_1_0                     230.0400     21.3   230.0400     0.0000  0.0000  CSA3_2_Array_WIDTH25
OAUM/Stage_2_0                      23.4000      2.2    23.4000     0.0000  0.0000  CSA3_2_Array_WIDTH4
OAUM/add_131                       215.6400     20.0   215.6400     0.0000  0.0000  Mantissa_OAUM_MANTISSA_WIDTH23_ACC_30_DW01_add_0
add_1_root_add_0_root_add_43_2      68.7600      6.4    68.7600     0.0000  0.0000  top_DW01_add_1_DW01_add_2
--------------------------------  ---------  -------  ---------  ---------  ------  ------------------------------------------------
Total                                                 1077.8400     0.0000  0.0000

1
Information: Propagating switching activity (medium effort zero delay simulation). (PWR-6)
Warning: Design has unannotated primary inputs. (PWR-414)
 
****************************************
Report : power
        -hier
        -analysis_effort medium
        -verbose
Design : top
Version: U-2022.12-SP7
Date   : Thu Sep  3 12:36:40 2026
****************************************


Library(s) Used:

    tcbn65gplustc_ccs (File: /courses/ee6350/pdk2025/tcbn65gplus/TSMCHOME/digital/Front_End/timing_power_noise/CCS/tcbn65gplus_200a/tcbn65gplustc_ccs.db)


Operating Conditions: NCCOM   Library: tcbn65gplustc_ccs
Wire Load Model Mode: segmented

Design        Wire Load Model            Library
------------------------------------------------
top                    ZeroWireload      tcbn65gplustc_ccs
Mantissa_OAUM_MANTISSA_WIDTH23_ACC_30
                       ZeroWireload      tcbn65gplustc_ccs
CSA3_2_Array_WIDTH24   ZeroWireload      tcbn65gplustc_ccs
CSA3_2_Array_WIDTH25   ZeroWireload      tcbn65gplustc_ccs
CSA3_2_Array_WIDTH4    ZeroWireload      tcbn65gplustc_ccs
Mantissa_OAUM_MANTISSA_WIDTH23_ACC_30_DW01_add_0
                       ZeroWireload      tcbn65gplustc_ccs
top_DW01_add_1_DW01_add_2
                       ZeroWireload      tcbn65gplustc_ccs


Global Operating Voltage = 1    
Power-specific unit information :
    Voltage Units = 1V
    Capacitance Units = 1.000000pf
    Time Units = 1ns
    Dynamic Power Units = 1mW    (derived from V,C,T units)
    Leakage Power Units = 1nW


--------------------------------------------------------------------------------
                                       Switch   Int      Leak     Total
Hierarchy                              Power    Power    Power    Power    %
--------------------------------------------------------------------------------
top                                    1.26e-02 3.02e-02 6.25e+03 4.91e-02 100.0
  add_1_root_add_0_root_add_43_2 (top_DW01_add_1_DW01_add_2)
                                       3.96e-04 1.80e-03  480.895 2.67e-03   5.4
  OAUM (Mantissa_OAUM_MANTISSA_WIDTH23_ACC_30)
                                       7.88e-03 2.37e-02 4.65e+03 3.62e-02  73.8
    add_131 (Mantissa_OAUM_MANTISSA_WIDTH23_ACC_30_DW01_add_0)
                                       1.28e-03 9.06e-03 1.50e+03 1.18e-02  24.1
    Stage_2_0 (CSA3_2_Array_WIDTH4)    2.32e-04 3.32e-04   92.448 6.56e-04   1.3
    Stage_1_0 (CSA3_2_Array_WIDTH25)   2.16e-03 6.70e-03 1.34e+03 1.02e-02  20.8
    Stage_0_0 (CSA3_2_Array_WIDTH24)   1.73e-03 4.46e-03 1.34e+03 7.53e-03  15.3
1
 
****************************************
Report : constraint
        -all_violators
        -verbose
Design : top
Version: U-2022.12-SP7
Date   : Thu Sep  3 12:36:40 2026
****************************************


    Design: top

    max_area               0.00
  - Current Area        1077.84
  ------------------------------
    Slack              -1077.84  (VIOLATED)


    Net: OAUM/Stage_0_0/In_3_0_

    multiport_net          0.00
  - actual cost            1.00
  ------------------------------
    Violation             -1.00  (VIOLATED)


    Net: OAUM/Stage_1_0/In_2_24_

    multiport_net          0.00
  - actual cost            1.00
  ------------------------------
    Violation             -1.00  (VIOLATED)


1
