****************************************
Report : Averaged Power
	-significant_digits
Design : oadm_fixed_l0_p6
Version: U-2022.12-SP5
Date   : Thu Aug 20 16:29:27 2026
****************************************



  Attributes
  ----------
      i  -  Including register clock pin internal power
      u  -  User defined power group

                        Internal             Switching            Leakage              Total
Power Group             Power                Power                Power                Power               (     %)   Attrs
----------------------------------------------------------------------------------------------------------------------------
clock_network           1.5959e-03           0.0000e+00           0.0000e+00           1.5959e-03          (58.32%)   i
register                3.3119e-04           5.0660e-05           9.0649e-06           3.9092e-04          (14.29%)   
combinational           5.6878e-04           1.6274e-04           1.8075e-05           7.4959e-04          (27.39%)   
sequential              0.0000e+00           0.0000e+00           0.0000e+00           0.0000e+00          ( 0.00%)   
memory                  0.0000e+00           0.0000e+00           0.0000e+00           0.0000e+00          ( 0.00%)   
io_pad                  0.0000e+00           0.0000e+00           0.0000e+00           0.0000e+00          ( 0.00%)   
black_box               0.0000e+00           0.0000e+00           0.0000e+00           0.0000e+00          ( 0.00%)   

  Net Switching Power  = 2.1340e-04            ( 7.80%)
  Cell Internal Power  = 2.4959e-03            (91.21%)
  Cell Leakage Power   = 2.7140e-05            ( 0.99%)
                         -------------------------
Total Power            = 2.7364e-03           (100.00%)

1
