****************************************
Report : timing
	-path_type full
	-delay_type max
	-nworst 10
	-slack_lesser_than 1000.00000
	-max_paths 10
	-sort_by slack
Design : absdm_l3_separate_native_mul
Version: U-2022.12-SP5
Date   : Tue Sep 15 23:09:25 2026
****************************************


  Startpoint: y[20] (input port clocked by vclk)
  Endpoint: result[30] (output port clocked by vclk)
  Path Group: vclk
  Path Type: max

  Point                                                   Incr       Path
  ------------------------------------------------------------------------------
  clock vclk (rise edge)                               0.00000    0.00000
  clock network delay (ideal)                          0.00000    0.00000
  input external delay                                 0.02000    0.02000 r
  y[20] (in)                                           0.00773    0.02773 r
  wrapper/U64/Z (CKBD1)                                0.13051    0.15824 r
  mul_core/mult_33/U130/ZN (XNR2D0)                    0.15104    0.30928 r
  mul_core/mult_33/U128/ZN (OAI211D0)                  0.13158    0.44086 f
  mul_core/mult_33/U147/ZN (OAI22D0)                   0.08758    0.52843 r
  mul_core/mult_33/U28/S (HA1D0)                       0.07393    0.60236 f
  mul_core/mult_33/U13/CO (FA1D0)                      0.10105    0.70341 f
  mul_core/mult_33/U12/CO (FA1D0)                      0.05524    0.75866 f
  mul_core/mult_33/U11/CO (FA1D0)                      0.05524    0.81390 f
  mul_core/mult_33/U10/CO (FA1D0)                      0.05524    0.86915 f
  mul_core/mult_33/U9/CO (FA1D0)                       0.05524    0.92439 f
  mul_core/mult_33/U8/CO (FA1D0)                       0.05524    0.97963 f
  mul_core/mult_33/U7/CO (FA1D0)                       0.05524    1.03488 f
  mul_core/mult_33/U6/CO (FA1D0)                       0.05524    1.09012 f
  mul_core/mult_33/U5/CO (FA1D0)                       0.05524    1.14537 f
  mul_core/mult_33/U4/CO (FA1D0)                       0.05524    1.20061 f
  mul_core/mult_33/U3/CO (FA1D0)                       0.05524    1.25586 f
  mul_core/mult_33/U2/CO (FA1D0)                       0.05155    1.30740 f
  mul_core/mult_33/U144/ZN (CKND0)                     0.06870    1.37610 r
  mul_core/U22/CO (FA1D0)                              0.09796    1.47406 r
  mul_core/U23/CO (FA1D0)                              0.05081    1.52487 r
  mul_core/U21/S (FA1D0)                               0.07043    1.59530 r
  mul_core/add_0_root_add_56_3/U1_23/CO (FA1D0)        0.09295    1.68825 r
  mul_core/add_0_root_add_56_3/U1_24/Z (XOR3D1)        0.06785    1.75610 f
  U114/ZN (AOI22D1)                                    0.16449    1.92059 r
  U80/ZN (IND3D1)                                      0.17374    2.09434 f
  U78/ZN (ND2D1)                                       0.18361    2.27794 r
  wrapper/U40/CO (FA1D0)                               0.11398    2.39192 r
  wrapper/U41/CO (FA1D0)                               0.05169    2.44361 r
  wrapper/U42/CO (FA1D0)                               0.05169    2.49531 r
  wrapper/U43/CO (FA1D0)                               0.05169    2.54700 r
  wrapper/U44/CO (FA1D0)                               0.05169    2.59869 r
  wrapper/U45/CO (FA1D0)                               0.05258    2.65127 r
  wrapper/U62/Z (XOR3D1)                               0.06699    2.71825 f
  wrapper/U60/Z (AO22D0)                               0.07707    2.79533 f
  result[30] (out)                                     0.00000    2.79533 f
  data arrival time                                               2.79533

  clock vclk (rise edge)                              10.00000   10.00000
  clock network delay (ideal)                          0.00000   10.00000
  clock reconvergence pessimism                        0.00000   10.00000
  output external delay                               -0.02000    9.98000
  data required time                                              9.98000
  ------------------------------------------------------------------------------
  data required time                                              9.98000
  data arrival time                                              -2.79533
  ------------------------------------------------------------------------------
  slack (MET)                                                     7.18467


  Startpoint: y[20] (input port clocked by vclk)
  Endpoint: result[30] (output port clocked by vclk)
  Path Group: vclk
  Path Type: max

  Point                                                   Incr       Path
  ------------------------------------------------------------------------------
  clock vclk (rise edge)                               0.00000    0.00000
  clock network delay (ideal)                          0.00000    0.00000
  input external delay                                 0.02000    0.02000 r
  y[20] (in)                                           0.00773    0.02773 r
  wrapper/U64/Z (CKBD1)                                0.13051    0.15824 r
  mul_core/mult_33/U130/ZN (XNR2D0)                    0.15104    0.30928 r
  mul_core/mult_33/U128/ZN (OAI211D0)                  0.13158    0.44086 f
  mul_core/mult_33/U147/ZN (OAI22D0)                   0.08758    0.52843 r
  mul_core/mult_33/U28/S (HA1D0)                       0.07393    0.60236 f
  mul_core/mult_33/U13/CO (FA1D0)                      0.10105    0.70341 f
  mul_core/mult_33/U12/CO (FA1D0)                      0.05524    0.75866 f
  mul_core/mult_33/U11/CO (FA1D0)                      0.05524    0.81390 f
  mul_core/mult_33/U10/CO (FA1D0)                      0.05524    0.86915 f
  mul_core/mult_33/U9/CO (FA1D0)                       0.05524    0.92439 f
  mul_core/mult_33/U8/CO (FA1D0)                       0.05524    0.97963 f
  mul_core/mult_33/U7/CO (FA1D0)                       0.05524    1.03488 f
  mul_core/mult_33/U6/CO (FA1D0)                       0.05524    1.09012 f
  mul_core/mult_33/U5/CO (FA1D0)                       0.05524    1.14537 f
  mul_core/mult_33/U4/CO (FA1D0)                       0.05524    1.20061 f
  mul_core/mult_33/U3/CO (FA1D0)                       0.05524    1.25586 f
  mul_core/mult_33/U2/CO (FA1D0)                       0.05155    1.30740 f
  mul_core/mult_33/U144/ZN (CKND0)                     0.06870    1.37610 r
  mul_core/U22/CO (FA1D0)                              0.09796    1.47406 r
  mul_core/U23/S (FA1D0)                               0.07043    1.54449 r
  mul_core/add_0_root_add_56_3/U1_22/CO (FA1D0)        0.09208    1.63657 r
  mul_core/add_0_root_add_56_3/U1_23/CO (FA1D0)        0.05157    1.68813 r
  mul_core/add_0_root_add_56_3/U1_24/Z (XOR3D1)        0.06785    1.75598 f
  U114/ZN (AOI22D1)                                    0.16449    1.92048 r
  U80/ZN (IND3D1)                                      0.17374    2.09422 f
  U78/ZN (ND2D1)                                       0.18361    2.27783 r
  wrapper/U40/CO (FA1D0)                               0.11398    2.39181 r
  wrapper/U41/CO (FA1D0)                               0.05169    2.44350 r
  wrapper/U42/CO (FA1D0)                               0.05169    2.49519 r
  wrapper/U43/CO (FA1D0)                               0.05169    2.54688 r
  wrapper/U44/CO (FA1D0)                               0.05169    2.59858 r
  wrapper/U45/CO (FA1D0)                               0.05258    2.65115 r
  wrapper/U62/Z (XOR3D1)                               0.06699    2.71814 f
  wrapper/U60/Z (AO22D0)                               0.07707    2.79521 f
  result[30] (out)                                     0.00000    2.79521 f
  data arrival time                                               2.79521

  clock vclk (rise edge)                              10.00000   10.00000
  clock network delay (ideal)                          0.00000   10.00000
  clock reconvergence pessimism                        0.00000   10.00000
  output external delay                               -0.02000    9.98000
  data required time                                              9.98000
  ------------------------------------------------------------------------------
  data required time                                              9.98000
  data arrival time                                              -2.79521
  ------------------------------------------------------------------------------
  slack (MET)                                                     7.18479


  Startpoint: y[20] (input port clocked by vclk)
  Endpoint: result[30] (output port clocked by vclk)
  Path Group: vclk
  Path Type: max

  Point                                                   Incr       Path
  ------------------------------------------------------------------------------
  clock vclk (rise edge)                               0.00000    0.00000
  clock network delay (ideal)                          0.00000    0.00000
  input external delay                                 0.02000    0.02000 r
  y[20] (in)                                           0.00773    0.02773 r
  wrapper/U64/Z (CKBD1)                                0.13051    0.15824 r
  mul_core/mult_33/U130/ZN (XNR2D0)                    0.15104    0.30928 r
  mul_core/mult_33/U128/ZN (OAI211D0)                  0.13158    0.44086 f
  mul_core/mult_33/U147/ZN (OAI22D0)                   0.08758    0.52843 r
  mul_core/mult_33/U28/S (HA1D0)                       0.07393    0.60236 f
  mul_core/mult_33/U13/CO (FA1D0)                      0.10105    0.70341 f
  mul_core/mult_33/U12/CO (FA1D0)                      0.05524    0.75866 f
  mul_core/mult_33/U11/CO (FA1D0)                      0.05524    0.81390 f
  mul_core/mult_33/U10/CO (FA1D0)                      0.05524    0.86915 f
  mul_core/mult_33/U9/CO (FA1D0)                       0.05524    0.92439 f
  mul_core/mult_33/U8/CO (FA1D0)                       0.05524    0.97963 f
  mul_core/mult_33/U7/CO (FA1D0)                       0.05524    1.03488 f
  mul_core/mult_33/U6/CO (FA1D0)                       0.05524    1.09012 f
  mul_core/mult_33/U5/CO (FA1D0)                       0.05524    1.14537 f
  mul_core/mult_33/U4/CO (FA1D0)                       0.05524    1.20061 f
  mul_core/mult_33/U3/CO (FA1D0)                       0.05524    1.25586 f
  mul_core/mult_33/U2/S (FA1D0)                        0.07667    1.33253 r
  mul_core/U25/CO (FA1D0)                              0.08338    1.41590 r
  mul_core/U22/CO (FA1D0)                              0.05068    1.46659 r
  mul_core/U23/CO (FA1D0)                              0.05081    1.51740 r
  mul_core/U21/S (FA1D0)                               0.07043    1.58782 r
  mul_core/add_0_root_add_56_3/U1_23/CO (FA1D0)        0.09295    1.68077 r
  mul_core/add_0_root_add_56_3/U1_24/Z (XOR3D1)        0.06785    1.74862 f
  U114/ZN (AOI22D1)                                    0.16449    1.91311 r
  U80/ZN (IND3D1)                                      0.17374    2.08686 f
  U78/ZN (ND2D1)                                       0.18361    2.27047 r
  wrapper/U40/CO (FA1D0)                               0.11398    2.38444 r
  wrapper/U41/CO (FA1D0)                               0.05169    2.43614 r
  wrapper/U42/CO (FA1D0)                               0.05169    2.48783 r
  wrapper/U43/CO (FA1D0)                               0.05169    2.53952 r
  wrapper/U44/CO (FA1D0)                               0.05169    2.59121 r
  wrapper/U45/CO (FA1D0)                               0.05258    2.64379 r
  wrapper/U62/Z (XOR3D1)                               0.06699    2.71078 f
  wrapper/U60/Z (AO22D0)                               0.07707    2.78785 f
  result[30] (out)                                     0.00000    2.78785 f
  data arrival time                                               2.78785

  clock vclk (rise edge)                              10.00000   10.00000
  clock network delay (ideal)                          0.00000   10.00000
  clock reconvergence pessimism                        0.00000   10.00000
  output external delay                               -0.02000    9.98000
  data required time                                              9.98000
  ------------------------------------------------------------------------------
  data required time                                              9.98000
  data arrival time                                              -2.78785
  ------------------------------------------------------------------------------
  slack (MET)                                                     7.19215


  Startpoint: y[20] (input port clocked by vclk)
  Endpoint: result[30] (output port clocked by vclk)
  Path Group: vclk
  Path Type: max

  Point                                                   Incr       Path
  ------------------------------------------------------------------------------
  clock vclk (rise edge)                               0.00000    0.00000
  clock network delay (ideal)                          0.00000    0.00000
  input external delay                                 0.02000    0.02000 r
  y[20] (in)                                           0.00773    0.02773 r
  wrapper/U64/Z (CKBD1)                                0.13051    0.15824 r
  mul_core/mult_33/U130/ZN (XNR2D0)                    0.15104    0.30928 r
  mul_core/mult_33/U128/ZN (OAI211D0)                  0.13158    0.44086 f
  mul_core/mult_33/U147/ZN (OAI22D0)                   0.08758    0.52843 r
  mul_core/mult_33/U28/S (HA1D0)                       0.07393    0.60236 f
  mul_core/mult_33/U13/CO (FA1D0)                      0.10105    0.70341 f
  mul_core/mult_33/U12/CO (FA1D0)                      0.05524    0.75866 f
  mul_core/mult_33/U11/CO (FA1D0)                      0.05524    0.81390 f
  mul_core/mult_33/U10/CO (FA1D0)                      0.05524    0.86915 f
  mul_core/mult_33/U9/CO (FA1D0)                       0.05524    0.92439 f
  mul_core/mult_33/U8/CO (FA1D0)                       0.05524    0.97963 f
  mul_core/mult_33/U7/CO (FA1D0)                       0.05524    1.03488 f
  mul_core/mult_33/U6/CO (FA1D0)                       0.05524    1.09012 f
  mul_core/mult_33/U5/CO (FA1D0)                       0.05524    1.14537 f
  mul_core/mult_33/U4/CO (FA1D0)                       0.05524    1.20061 f
  mul_core/mult_33/U3/CO (FA1D0)                       0.05524    1.25586 f
  mul_core/mult_33/U2/S (FA1D0)                        0.07667    1.33253 r
  mul_core/U25/CO (FA1D0)                              0.08338    1.41590 r
  mul_core/U22/CO (FA1D0)                              0.05068    1.46659 r
  mul_core/U23/S (FA1D0)                               0.07043    1.53701 r
  mul_core/add_0_root_add_56_3/U1_22/CO (FA1D0)        0.09208    1.62909 r
  mul_core/add_0_root_add_56_3/U1_23/CO (FA1D0)        0.05157    1.68066 r
  mul_core/add_0_root_add_56_3/U1_24/Z (XOR3D1)        0.06785    1.74851 f
  U114/ZN (AOI22D1)                                    0.16449    1.91300 r
  U80/ZN (IND3D1)                                      0.17374    2.08674 f
  U78/ZN (ND2D1)                                       0.18361    2.27035 r
  wrapper/U40/CO (FA1D0)                               0.11398    2.38433 r
  wrapper/U41/CO (FA1D0)                               0.05169    2.43602 r
  wrapper/U42/CO (FA1D0)                               0.05169    2.48772 r
  wrapper/U43/CO (FA1D0)                               0.05169    2.53941 r
  wrapper/U44/CO (FA1D0)                               0.05169    2.59110 r
  wrapper/U45/CO (FA1D0)                               0.05258    2.64368 r
  wrapper/U62/Z (XOR3D1)                               0.06699    2.71066 f
  wrapper/U60/Z (AO22D0)                               0.07707    2.78774 f
  result[30] (out)                                     0.00000    2.78774 f
  data arrival time                                               2.78774

  clock vclk (rise edge)                              10.00000   10.00000
  clock network delay (ideal)                          0.00000   10.00000
  clock reconvergence pessimism                        0.00000   10.00000
  output external delay                               -0.02000    9.98000
  data required time                                              9.98000
  ------------------------------------------------------------------------------
  data required time                                              9.98000
  data arrival time                                              -2.78774
  ------------------------------------------------------------------------------
  slack (MET)                                                     7.19226


  Startpoint: y[20] (input port clocked by vclk)
  Endpoint: result[30] (output port clocked by vclk)
  Path Group: vclk
  Path Type: max

  Point                                                   Incr       Path
  ------------------------------------------------------------------------------
  clock vclk (rise edge)                               0.00000    0.00000
  clock network delay (ideal)                          0.00000    0.00000
  input external delay                                 0.02000    0.02000 r
  y[20] (in)                                           0.00773    0.02773 r
  wrapper/U64/Z (CKBD1)                                0.13051    0.15824 r
  mul_core/mult_33/U130/ZN (XNR2D0)                    0.15104    0.30928 r
  mul_core/mult_33/U128/ZN (OAI211D0)                  0.13158    0.44086 f
  mul_core/mult_33/U147/ZN (OAI22D0)                   0.08758    0.52843 r
  mul_core/mult_33/U28/S (HA1D0)                       0.07393    0.60236 f
  mul_core/mult_33/U13/CO (FA1D0)                      0.10105    0.70341 f
  mul_core/mult_33/U12/CO (FA1D0)                      0.05524    0.75866 f
  mul_core/mult_33/U11/CO (FA1D0)                      0.05524    0.81390 f
  mul_core/mult_33/U10/CO (FA1D0)                      0.05524    0.86915 f
  mul_core/mult_33/U9/CO (FA1D0)                       0.05524    0.92439 f
  mul_core/mult_33/U8/CO (FA1D0)                       0.05524    0.97963 f
  mul_core/mult_33/U7/CO (FA1D0)                       0.05524    1.03488 f
  mul_core/mult_33/U6/CO (FA1D0)                       0.05524    1.09012 f
  mul_core/mult_33/U5/CO (FA1D0)                       0.05524    1.14537 f
  mul_core/mult_33/U4/CO (FA1D0)                       0.05524    1.20061 f
  mul_core/mult_33/U3/CO (FA1D0)                       0.05524    1.25586 f
  mul_core/mult_33/U2/S (FA1D0)                        0.07667    1.33253 r
  mul_core/U25/CO (FA1D0)                              0.08338    1.41590 r
  mul_core/U22/S (FA1D0)                               0.07029    1.48619 r
  mul_core/add_0_root_add_56_3/U1_21/CO (FA1D0)        0.09207    1.57826 r
  mul_core/add_0_root_add_56_3/U1_22/CO (FA1D0)        0.05068    1.62895 r
  mul_core/add_0_root_add_56_3/U1_23/CO (FA1D0)        0.05157    1.68052 r
  mul_core/add_0_root_add_56_3/U1_24/Z (XOR3D1)        0.06785    1.74837 f
  U114/ZN (AOI22D1)                                    0.16449    1.91286 r
  U80/ZN (IND3D1)                                      0.17374    2.08660 f
  U78/ZN (ND2D1)                                       0.18361    2.27021 r
  wrapper/U40/CO (FA1D0)                               0.11398    2.38419 r
  wrapper/U41/CO (FA1D0)                               0.05169    2.43588 r
  wrapper/U42/CO (FA1D0)                               0.05169    2.48757 r
  wrapper/U43/CO (FA1D0)                               0.05169    2.53927 r
  wrapper/U44/CO (FA1D0)                               0.05169    2.59096 r
  wrapper/U45/CO (FA1D0)                               0.05258    2.64354 r
  wrapper/U62/Z (XOR3D1)                               0.06699    2.71052 f
  wrapper/U60/Z (AO22D0)                               0.07707    2.78760 f
  result[30] (out)                                     0.00000    2.78760 f
  data arrival time                                               2.78760

  clock vclk (rise edge)                              10.00000   10.00000
  clock network delay (ideal)                          0.00000   10.00000
  clock reconvergence pessimism                        0.00000   10.00000
  output external delay                               -0.02000    9.98000
  data required time                                              9.98000
  ------------------------------------------------------------------------------
  data required time                                              9.98000
  data arrival time                                              -2.78760
  ------------------------------------------------------------------------------
  slack (MET)                                                     7.19240


  Startpoint: y[20] (input port clocked by vclk)
  Endpoint: result[30] (output port clocked by vclk)
  Path Group: vclk
  Path Type: max

  Point                                                   Incr       Path
  ------------------------------------------------------------------------------
  clock vclk (rise edge)                               0.00000    0.00000
  clock network delay (ideal)                          0.00000    0.00000
  input external delay                                 0.02000    0.02000 r
  y[20] (in)                                           0.00773    0.02773 r
  wrapper/U64/Z (CKBD1)                                0.13051    0.15824 r
  mul_core/mult_33/U130/ZN (XNR2D0)                    0.15104    0.30928 r
  mul_core/mult_33/U128/ZN (OAI211D0)                  0.13158    0.44086 f
  mul_core/mult_33/U147/ZN (OAI22D0)                   0.08758    0.52843 r
  mul_core/mult_33/U28/S (HA1D0)                       0.07393    0.60236 f
  mul_core/mult_33/U13/CO (FA1D0)                      0.10105    0.70341 f
  mul_core/mult_33/U12/CO (FA1D0)                      0.05524    0.75866 f
  mul_core/mult_33/U11/CO (FA1D0)                      0.05524    0.81390 f
  mul_core/mult_33/U10/CO (FA1D0)                      0.05524    0.86915 f
  mul_core/mult_33/U9/CO (FA1D0)                       0.05524    0.92439 f
  mul_core/mult_33/U8/CO (FA1D0)                       0.05524    0.97963 f
  mul_core/mult_33/U7/CO (FA1D0)                       0.05524    1.03488 f
  mul_core/mult_33/U6/CO (FA1D0)                       0.05524    1.09012 f
  mul_core/mult_33/U5/CO (FA1D0)                       0.05524    1.14537 f
  mul_core/mult_33/U4/CO (FA1D0)                       0.05524    1.20061 f
  mul_core/mult_33/U3/CO (FA1D0)                       0.05524    1.25586 f
  mul_core/mult_33/U2/CO (FA1D0)                       0.05155    1.30740 f
  mul_core/mult_33/U144/ZN (CKND0)                     0.06870    1.37610 r
  mul_core/U22/S (FA1D0)                               0.11566    1.49176 f
  mul_core/add_0_root_add_56_3/U1_21/CO (FA1D0)        0.10114    1.59290 f
  mul_core/add_0_root_add_56_3/U1_22/CO (FA1D0)        0.05524    1.64815 f
  mul_core/add_0_root_add_56_3/U1_23/CO (FA1D0)        0.05598    1.70413 f
  mul_core/add_0_root_add_56_3/U1_24/Z (XOR3D1)        0.04291    1.74704 f
  U114/ZN (AOI22D1)                                    0.16449    1.91153 r
  U80/ZN (IND3D1)                                      0.17374    2.08528 f
  U78/ZN (ND2D1)                                       0.18361    2.26888 r
  wrapper/U40/CO (FA1D0)                               0.11398    2.38286 r
  wrapper/U41/CO (FA1D0)                               0.05169    2.43456 r
  wrapper/U42/CO (FA1D0)                               0.05169    2.48625 r
  wrapper/U43/CO (FA1D0)                               0.05169    2.53794 r
  wrapper/U44/CO (FA1D0)                               0.05169    2.58963 r
  wrapper/U45/CO (FA1D0)                               0.05258    2.64221 r
  wrapper/U62/Z (XOR3D1)                               0.06699    2.70920 f
  wrapper/U60/Z (AO22D0)                               0.07707    2.78627 f
  result[30] (out)                                     0.00000    2.78627 f
  data arrival time                                               2.78627

  clock vclk (rise edge)                              10.00000   10.00000
  clock network delay (ideal)                          0.00000   10.00000
  clock reconvergence pessimism                        0.00000   10.00000
  output external delay                               -0.02000    9.98000
  data required time                                              9.98000
  ------------------------------------------------------------------------------
  data required time                                              9.98000
  data arrival time                                              -2.78627
  ------------------------------------------------------------------------------
  slack (MET)                                                     7.19373


  Startpoint: y[20] (input port clocked by vclk)
  Endpoint: result[30] (output port clocked by vclk)
  Path Group: vclk
  Path Type: max

  Point                                                   Incr       Path
  ------------------------------------------------------------------------------
  clock vclk (rise edge)                               0.00000    0.00000
  clock network delay (ideal)                          0.00000    0.00000
  input external delay                                 0.02000    0.02000 r
  y[20] (in)                                           0.00773    0.02773 r
  wrapper/U64/Z (CKBD1)                                0.13051    0.15824 r
  mul_core/mult_33/U130/ZN (XNR2D0)                    0.15104    0.30928 r
  mul_core/mult_33/U128/ZN (OAI211D0)                  0.13158    0.44086 f
  mul_core/mult_33/U147/ZN (OAI22D0)                   0.08758    0.52843 r
  mul_core/mult_33/U28/S (HA1D0)                       0.07393    0.60236 f
  mul_core/mult_33/U13/CO (FA1D0)                      0.10105    0.70341 f
  mul_core/mult_33/U12/CO (FA1D0)                      0.05524    0.75866 f
  mul_core/mult_33/U11/CO (FA1D0)                      0.05524    0.81390 f
  mul_core/mult_33/U10/CO (FA1D0)                      0.05524    0.86915 f
  mul_core/mult_33/U9/CO (FA1D0)                       0.05524    0.92439 f
  mul_core/mult_33/U8/CO (FA1D0)                       0.05524    0.97963 f
  mul_core/mult_33/U7/CO (FA1D0)                       0.05524    1.03488 f
  mul_core/mult_33/U6/CO (FA1D0)                       0.05524    1.09012 f
  mul_core/mult_33/U5/CO (FA1D0)                       0.05524    1.14537 f
  mul_core/mult_33/U4/CO (FA1D0)                       0.05524    1.20061 f
  mul_core/mult_33/U3/CO (FA1D0)                       0.05524    1.25586 f
  mul_core/mult_33/U2/CO (FA1D0)                       0.05155    1.30740 f
  mul_core/mult_33/U144/ZN (CKND0)                     0.06870    1.37610 r
  mul_core/U22/S (FA1D0)                               0.10800    1.48410 r
  mul_core/add_0_root_add_56_3/U1_21/CO (FA1D0)        0.09207    1.57617 r
  mul_core/add_0_root_add_56_3/U1_22/CO (FA1D0)        0.05068    1.62686 r
  mul_core/add_0_root_add_56_3/U1_23/CO (FA1D0)        0.05157    1.67843 r
  mul_core/add_0_root_add_56_3/U1_24/Z (XOR3D1)        0.06785    1.74627 f
  U114/ZN (AOI22D1)                                    0.16449    1.91077 r
  U80/ZN (IND3D1)                                      0.17374    2.08451 f
  U78/ZN (ND2D1)                                       0.18361    2.26812 r
  wrapper/U40/CO (FA1D0)                               0.11398    2.38210 r
  wrapper/U41/CO (FA1D0)                               0.05169    2.43379 r
  wrapper/U42/CO (FA1D0)                               0.05169    2.48548 r
  wrapper/U43/CO (FA1D0)                               0.05169    2.53717 r
  wrapper/U44/CO (FA1D0)                               0.05169    2.58887 r
  wrapper/U45/CO (FA1D0)                               0.05258    2.64144 r
  wrapper/U62/Z (XOR3D1)                               0.06699    2.70843 f
  wrapper/U60/Z (AO22D0)                               0.07707    2.78550 f
  result[30] (out)                                     0.00000    2.78550 f
  data arrival time                                               2.78550

  clock vclk (rise edge)                              10.00000   10.00000
  clock network delay (ideal)                          0.00000   10.00000
  clock reconvergence pessimism                        0.00000   10.00000
  output external delay                               -0.02000    9.98000
  data required time                                              9.98000
  ------------------------------------------------------------------------------
  data required time                                              9.98000
  data arrival time                                              -2.78550
  ------------------------------------------------------------------------------
  slack (MET)                                                     7.19450


  Startpoint: y[20] (input port clocked by vclk)
  Endpoint: result[30] (output port clocked by vclk)
  Path Group: vclk
  Path Type: max

  Point                                                   Incr       Path
  ------------------------------------------------------------------------------
  clock vclk (rise edge)                               0.00000    0.00000
  clock network delay (ideal)                          0.00000    0.00000
  input external delay                                 0.02000    0.02000 r
  y[20] (in)                                           0.00773    0.02773 r
  wrapper/U64/Z (CKBD1)                                0.13051    0.15824 r
  mul_core/mult_33/U130/ZN (XNR2D0)                    0.15104    0.30928 r
  mul_core/mult_33/U128/ZN (OAI211D0)                  0.13158    0.44086 f
  mul_core/mult_33/U147/ZN (OAI22D0)                   0.08758    0.52843 r
  mul_core/mult_33/U28/S (HA1D0)                       0.07393    0.60236 f
  mul_core/mult_33/U13/CO (FA1D0)                      0.10105    0.70341 f
  mul_core/mult_33/U12/CO (FA1D0)                      0.05524    0.75866 f
  mul_core/mult_33/U11/CO (FA1D0)                      0.05524    0.81390 f
  mul_core/mult_33/U10/CO (FA1D0)                      0.05524    0.86915 f
  mul_core/mult_33/U9/CO (FA1D0)                       0.05524    0.92439 f
  mul_core/mult_33/U8/CO (FA1D0)                       0.05524    0.97963 f
  mul_core/mult_33/U7/CO (FA1D0)                       0.05524    1.03488 f
  mul_core/mult_33/U6/CO (FA1D0)                       0.05524    1.09012 f
  mul_core/mult_33/U5/CO (FA1D0)                       0.05524    1.14537 f
  mul_core/mult_33/U4/CO (FA1D0)                       0.05524    1.20061 f
  mul_core/mult_33/U3/CO (FA1D0)                       0.05524    1.25586 f
  mul_core/mult_33/U2/CO (FA1D0)                       0.05155    1.30740 f
  mul_core/mult_33/U144/ZN (CKND0)                     0.06870    1.37610 r
  mul_core/U22/CO (FA1D0)                              0.09796    1.47406 r
  mul_core/U23/CO (FA1D0)                              0.05081    1.52487 r
  mul_core/U21/S (FA1D0)                               0.07043    1.59530 r
  mul_core/add_0_root_add_56_3/U1_23/CO (FA1D0)        0.09295    1.68825 r
  mul_core/add_0_root_add_56_3/U1_24/Z (XOR3D1)        0.06785    1.75610 f
  U114/ZN (AOI22D1)                                    0.16449    1.92059 r
  U80/ZN (IND3D1)                                      0.17374    2.09434 f
  U78/ZN (ND2D1)                                       0.18361    2.27794 r
  wrapper/U46/CO (FA1D0)                               0.11398    2.39192 r
  wrapper/U47/CO (FA1D0)                               0.05169    2.44361 r
  wrapper/U48/CO (FA1D0)                               0.05169    2.49531 r
  wrapper/U49/CO (FA1D0)                               0.05169    2.54700 r
  wrapper/U50/CO (FA1D0)                               0.05169    2.59869 r
  wrapper/U51/CO (FA1D0)                               0.05258    2.65127 r
  wrapper/U61/Z (XOR3D1)                               0.06726    2.71853 f
  wrapper/U60/Z (AO22D0)                               0.06650    2.78504 f
  result[30] (out)                                     0.00000    2.78504 f
  data arrival time                                               2.78504

  clock vclk (rise edge)                              10.00000   10.00000
  clock network delay (ideal)                          0.00000   10.00000
  clock reconvergence pessimism                        0.00000   10.00000
  output external delay                               -0.02000    9.98000
  data required time                                              9.98000
  ------------------------------------------------------------------------------
  data required time                                              9.98000
  data arrival time                                              -2.78504
  ------------------------------------------------------------------------------
  slack (MET)                                                     7.19496


  Startpoint: y[20] (input port clocked by vclk)
  Endpoint: result[30] (output port clocked by vclk)
  Path Group: vclk
  Path Type: max

  Point                                                   Incr       Path
  ------------------------------------------------------------------------------
  clock vclk (rise edge)                               0.00000    0.00000
  clock network delay (ideal)                          0.00000    0.00000
  input external delay                                 0.02000    0.02000 r
  y[20] (in)                                           0.00773    0.02773 r
  wrapper/U64/Z (CKBD1)                                0.13051    0.15824 r
  mul_core/mult_33/U130/ZN (XNR2D0)                    0.15104    0.30928 r
  mul_core/mult_33/U128/ZN (OAI211D0)                  0.13158    0.44086 f
  mul_core/mult_33/U147/ZN (OAI22D0)                   0.08758    0.52843 r
  mul_core/mult_33/U28/S (HA1D0)                       0.07393    0.60236 f
  mul_core/mult_33/U13/CO (FA1D0)                      0.10105    0.70341 f
  mul_core/mult_33/U12/CO (FA1D0)                      0.05524    0.75866 f
  mul_core/mult_33/U11/CO (FA1D0)                      0.05524    0.81390 f
  mul_core/mult_33/U10/CO (FA1D0)                      0.05524    0.86915 f
  mul_core/mult_33/U9/CO (FA1D0)                       0.05524    0.92439 f
  mul_core/mult_33/U8/CO (FA1D0)                       0.05524    0.97963 f
  mul_core/mult_33/U7/CO (FA1D0)                       0.05524    1.03488 f
  mul_core/mult_33/U6/CO (FA1D0)                       0.05524    1.09012 f
  mul_core/mult_33/U5/CO (FA1D0)                       0.05524    1.14537 f
  mul_core/mult_33/U4/CO (FA1D0)                       0.05524    1.20061 f
  mul_core/mult_33/U3/CO (FA1D0)                       0.05524    1.25586 f
  mul_core/mult_33/U2/CO (FA1D0)                       0.05155    1.30740 f
  mul_core/mult_33/U144/ZN (CKND0)                     0.06870    1.37610 r
  mul_core/U22/CO (FA1D0)                              0.09796    1.47406 r
  mul_core/U23/S (FA1D0)                               0.07043    1.54449 r
  mul_core/add_0_root_add_56_3/U1_22/CO (FA1D0)        0.09208    1.63657 r
  mul_core/add_0_root_add_56_3/U1_23/CO (FA1D0)        0.05157    1.68813 r
  mul_core/add_0_root_add_56_3/U1_24/Z (XOR3D1)        0.06785    1.75598 f
  U114/ZN (AOI22D1)                                    0.16449    1.92048 r
  U80/ZN (IND3D1)                                      0.17374    2.09422 f
  U78/ZN (ND2D1)                                       0.18361    2.27783 r
  wrapper/U46/CO (FA1D0)                               0.11398    2.39181 r
  wrapper/U47/CO (FA1D0)                               0.05169    2.44350 r
  wrapper/U48/CO (FA1D0)                               0.05169    2.49519 r
  wrapper/U49/CO (FA1D0)                               0.05169    2.54688 r
  wrapper/U50/CO (FA1D0)                               0.05169    2.59858 r
  wrapper/U51/CO (FA1D0)                               0.05258    2.65115 r
  wrapper/U61/Z (XOR3D1)                               0.06726    2.71842 f
  wrapper/U60/Z (AO22D0)                               0.06650    2.78492 f
  result[30] (out)                                     0.00000    2.78492 f
  data arrival time                                               2.78492

  clock vclk (rise edge)                              10.00000   10.00000
  clock network delay (ideal)                          0.00000   10.00000
  clock reconvergence pessimism                        0.00000   10.00000
  output external delay                               -0.02000    9.98000
  data required time                                              9.98000
  ------------------------------------------------------------------------------
  data required time                                              9.98000
  data arrival time                                              -2.78492
  ------------------------------------------------------------------------------
  slack (MET)                                                     7.19508


  Startpoint: y[20] (input port clocked by vclk)
  Endpoint: result[30] (output port clocked by vclk)
  Path Group: vclk
  Path Type: max

  Point                                                   Incr       Path
  ------------------------------------------------------------------------------
  clock vclk (rise edge)                               0.00000    0.00000
  clock network delay (ideal)                          0.00000    0.00000
  input external delay                                 0.02000    0.02000 r
  y[20] (in)                                           0.00773    0.02773 r
  wrapper/U64/Z (CKBD1)                                0.13051    0.15824 r
  mul_core/mult_33/U130/ZN (XNR2D0)                    0.15104    0.30928 r
  mul_core/mult_33/U128/ZN (OAI211D0)                  0.13158    0.44086 f
  mul_core/mult_33/U147/ZN (OAI22D0)                   0.08758    0.52843 r
  mul_core/mult_33/U28/S (HA1D0)                       0.07393    0.60236 f
  mul_core/mult_33/U13/CO (FA1D0)                      0.10105    0.70341 f
  mul_core/mult_33/U12/CO (FA1D0)                      0.05524    0.75866 f
  mul_core/mult_33/U11/CO (FA1D0)                      0.05524    0.81390 f
  mul_core/mult_33/U10/CO (FA1D0)                      0.05524    0.86915 f
  mul_core/mult_33/U9/CO (FA1D0)                       0.05524    0.92439 f
  mul_core/mult_33/U8/CO (FA1D0)                       0.05524    0.97963 f
  mul_core/mult_33/U7/CO (FA1D0)                       0.05524    1.03488 f
  mul_core/mult_33/U6/CO (FA1D0)                       0.05524    1.09012 f
  mul_core/mult_33/U5/CO (FA1D0)                       0.05524    1.14537 f
  mul_core/mult_33/U4/CO (FA1D0)                       0.05524    1.20061 f
  mul_core/mult_33/U3/S (FA1D0)                        0.07667    1.27728 r
  mul_core/U16/CO (FA1D0)                              0.08338    1.36066 r
  mul_core/U25/CO (FA1D0)                              0.05068    1.41134 r
  mul_core/U22/CO (FA1D0)                              0.05068    1.46203 r
  mul_core/U23/CO (FA1D0)                              0.05081    1.51284 r
  mul_core/U21/S (FA1D0)                               0.07043    1.58326 r
  mul_core/add_0_root_add_56_3/U1_23/CO (FA1D0)        0.09295    1.67621 r
  mul_core/add_0_root_add_56_3/U1_24/Z (XOR3D1)        0.06785    1.74406 f
  U114/ZN (AOI22D1)                                    0.16449    1.90855 r
  U80/ZN (IND3D1)                                      0.17374    2.08230 f
  U78/ZN (ND2D1)                                       0.18361    2.26591 r
  wrapper/U40/CO (FA1D0)                               0.11398    2.37989 r
  wrapper/U41/CO (FA1D0)                               0.05169    2.43158 r
  wrapper/U42/CO (FA1D0)                               0.05169    2.48327 r
  wrapper/U43/CO (FA1D0)                               0.05169    2.53496 r
  wrapper/U44/CO (FA1D0)                               0.05169    2.58666 r
  wrapper/U45/CO (FA1D0)                               0.05258    2.63923 r
  wrapper/U62/Z (XOR3D1)                               0.06699    2.70622 f
  wrapper/U60/Z (AO22D0)                               0.07707    2.78329 f
  result[30] (out)                                     0.00000    2.78329 f
  data arrival time                                               2.78329

  clock vclk (rise edge)                              10.00000   10.00000
  clock network delay (ideal)                          0.00000   10.00000
  clock reconvergence pessimism                        0.00000   10.00000
  output external delay                               -0.02000    9.98000
  data required time                                              9.98000
  ------------------------------------------------------------------------------
  data required time                                              9.98000
  data arrival time                                              -2.78329
  ------------------------------------------------------------------------------
  slack (MET)                                                     7.19671

Warning: report_timing has satisfied the max_paths criteria. There are 26 further endpoints which have paths of interest with slack less than 1000.00000 that were not considered when generating this report. (UITE-502)

1
