 
****************************************
check_design summary:
Version:     U-2022.12-SP7
Date:        Wed Sep  2 15:11:16 2026
****************************************

                   Name                                            Total
--------------------------------------------------------------------------------
Inputs/Outputs                                                     17
    Unconnected ports (LINT-28)                                    17

Cells                                                              10
    Connected to power or ground (LINT-32)                         10
--------------------------------------------------------------------------------

Warning: In design 'oadm_multilevel_opt_FIXED_LEVEL3_FP_STYLE1', port 'level[1]' is not connected to any nets. (LINT-28)
Warning: In design 'oadm_multilevel_opt_FIXED_LEVEL3_FP_STYLE1', port 'level[0]' is not connected to any nets. (LINT-28)
Warning: In design 'oadm_multilevel_opt_FIXED_LEVEL3_FP_STYLE1', port 'divide_mode' is not connected to any nets. (LINT-28)
Warning: In design 'oadm_fixed_plane_centered_LEVEL3', port 'x_mantissa[23]' is not connected to any nets. (LINT-28)
Warning: In design 'oadm_fixed_plane_centered_LEVEL3', port 'y_mantissa[23]' is not connected to any nets. (LINT-28)
Warning: In design 'oadm_fixed_plane_centered_LEVEL3', port 'divide_mode' is not connected to any nets. (LINT-28)
Warning: In design 'oadm_fixed_plane_centered_LEVEL3', port 'plane_exact[28]' is not connected to any nets. (LINT-28)
Warning: In design 'oadm_fixed_plane_centered_LEVEL3', port 'plane_exact[27]' is not connected to any nets. (LINT-28)
Warning: In design 'oadm_fixed_plane_centered_LEVEL3', port 'plane_exact[26]' is not connected to any nets. (LINT-28)
Warning: In design 'oadm_multilevel_rounding_lut_1', port 'level[1]' is not connected to any nets. (LINT-28)
Warning: In design 'oadm_multilevel_rounding_lut_1', port 'level[0]' is not connected to any nets. (LINT-28)
Warning: In design 'oadm_multilevel_rounding_lut_1', port 'y_error[1]' is not connected to any nets. (LINT-28)
Warning: In design 'oadm_multilevel_rounding_lut_1', port 'y_error[0]' is not connected to any nets. (LINT-28)
Warning: In design 'oadm_multilevel_rounding_lut_0', port 'level[1]' is not connected to any nets. (LINT-28)
Warning: In design 'oadm_multilevel_rounding_lut_0', port 'level[0]' is not connected to any nets. (LINT-28)
Warning: In design 'oadm_multilevel_rounding_lut_0', port 'x_error[1]' is not connected to any nets. (LINT-28)
Warning: In design 'oadm_multilevel_rounding_lut_0', port 'x_error[0]' is not connected to any nets. (LINT-28)
Warning: In design 'oadm_fixed_l3_div_paceio_opt', a pin on submodule 'impl' is connected to logic 1 or logic 0. (LINT-32)
   Pin 'level[1]' is connected to logic 0. 
Warning: In design 'oadm_fixed_l3_div_paceio_opt', a pin on submodule 'impl' is connected to logic 1 or logic 0. (LINT-32)
   Pin 'level[0]' is connected to logic 0. 
Warning: In design 'oadm_fixed_l3_div_paceio_opt', a pin on submodule 'impl' is connected to logic 1 or logic 0. (LINT-32)
   Pin 'divide_mode' is connected to logic 0. 
Warning: In design 'oadm_multilevel_opt_FIXED_LEVEL3_FP_STYLE1', a pin on submodule 'fixed_centered_plane_plane' is connected to logic 1 or logic 0. (LINT-32)
   Pin 'x_mantissa[23]' is connected to logic 0. 
Warning: In design 'oadm_multilevel_opt_FIXED_LEVEL3_FP_STYLE1', a pin on submodule 'fixed_centered_plane_plane' is connected to logic 1 or logic 0. (LINT-32)
   Pin 'y_mantissa[23]' is connected to logic 0. 
Warning: In design 'oadm_multilevel_opt_FIXED_LEVEL3_FP_STYLE1', a pin on submodule 'fixed_centered_plane_plane' is connected to logic 1 or logic 0. (LINT-32)
   Pin 'divide_mode' is connected to logic 0. 
Warning: In design 'oadm_fixed_plane_centered_LEVEL3', a pin on submodule 'x_rounding_lut' is connected to logic 1 or logic 0. (LINT-32)
   Pin 'level[1]' is connected to logic 0. 
Warning: In design 'oadm_fixed_plane_centered_LEVEL3', a pin on submodule 'x_rounding_lut' is connected to logic 1 or logic 0. (LINT-32)
   Pin 'level[0]' is connected to logic 0. 
Warning: In design 'oadm_fixed_plane_centered_LEVEL3', a pin on submodule 'y_rounding_lut' is connected to logic 1 or logic 0. (LINT-32)
   Pin 'level[1]' is connected to logic 0. 
Warning: In design 'oadm_fixed_plane_centered_LEVEL3', a pin on submodule 'y_rounding_lut' is connected to logic 1 or logic 0. (LINT-32)
   Pin 'level[0]' is connected to logic 0. 
1
 
****************************************
Report : area
Design : oadm_fixed_l3_div_paceio_opt
Version: U-2022.12-SP7
Date   : Wed Sep  2 15:11:16 2026
****************************************

Library(s) Used:

    tcbn65gplustc_ccs (File: /courses/ee6350/pdk2025/tcbn65gplus/TSMCHOME/digital/Front_End/timing_power_noise/CCS/tcbn65gplus_200a/tcbn65gplustc_ccs.db)

Number of ports:                          299
Number of nets:                          1569
Number of cells:                         1119
Number of combinational cells:           1105
Number of sequential cells:                 0
Number of macros/black boxes:               0
Number of buf/inv:                        317
Number of references:                       3

Combinational area:               3608.280015
Buf/Inv area:                      344.520014
Noncombinational area:               0.000000
Macro/Black Box area:                0.000000
Net Interconnect area:      undefined  (Wire load has zero net area)

Total cell area:                  3608.280015
Total area:                 undefined
1
 
****************************************
Report : area
Design : oadm_fixed_l3_div_paceio_opt
Version: U-2022.12-SP7
Date   : Wed Sep  2 15:11:16 2026
****************************************

Library(s) Used:

    tcbn65gplustc_ccs (File: /courses/ee6350/pdk2025/tcbn65gplus/TSMCHOME/digital/Front_End/timing_power_noise/CCS/tcbn65gplus_200a/tcbn65gplustc_ccs.db)

Number of ports:                          299
Number of nets:                          1569
Number of cells:                         1119
Number of combinational cells:           1105
Number of sequential cells:                 0
Number of macros/black boxes:               0
Number of buf/inv:                        317
Number of references:                       3

Combinational area:               3608.280015
Buf/Inv area:                      344.520014
Noncombinational area:               0.000000
Macro/Black Box area:                0.000000
Net Interconnect area:      undefined  (Wire load has zero net area)

Total cell area:                  3608.280015
Total area:                 undefined

Hierarchical area distribution
------------------------------

                                  Global cell area          Local cell area
                                  ------------------  ---------------------------- 
Hierarchical cell                 Absolute   Percent  Combi-     Noncombi-  Black-
                                  Total      Total    national   national   boxes   Design
--------------------------------  ---------  -------  ---------  ---------  ------  ------------------------------------------
oadm_fixed_l3_div_paceio_opt      3608.2800    100.0    93.6000     0.0000  0.0000  oadm_fixed_l3_div_paceio_opt
impl                              3514.6800     97.4  1532.1600     0.0000  0.0000  oadm_multilevel_opt_FIXED_LEVEL3_FP_STYLE1
impl/fixed_centered_plane_plane   1982.5200     54.9  1783.8000     0.0000  0.0000  oadm_fixed_plane_centered_LEVEL3
impl/fixed_centered_plane_plane/x_rounding_lut
                                    96.1200      2.7    96.1200     0.0000  0.0000  oadm_multilevel_rounding_lut_1
impl/fixed_centered_plane_plane/y_rounding_lut
                                   102.6000      2.8   102.6000     0.0000  0.0000  oadm_multilevel_rounding_lut_0
--------------------------------  ---------  -------  ---------  ---------  ------  ------------------------------------------
Total                                                 3608.2800     0.0000  0.0000

1
Information: Propagating switching activity (medium effort zero delay simulation). (PWR-6)
Warning: Design has unannotated primary inputs. (PWR-414)
 
****************************************
Report : power
        -hier
        -analysis_effort medium
        -verbose
Design : oadm_fixed_l3_div_paceio_opt
Version: U-2022.12-SP7
Date   : Wed Sep  2 15:11:16 2026
****************************************


Library(s) Used:

    tcbn65gplustc_ccs (File: /courses/ee6350/pdk2025/tcbn65gplus/TSMCHOME/digital/Front_End/timing_power_noise/CCS/tcbn65gplus_200a/tcbn65gplustc_ccs.db)


Operating Conditions: NCCOM   Library: tcbn65gplustc_ccs
Wire Load Model Mode: segmented

Design        Wire Load Model            Library
------------------------------------------------
oadm_fixed_l3_div_paceio_opt
                       ZeroWireload      tcbn65gplustc_ccs
oadm_multilevel_opt_FIXED_LEVEL3_FP_STYLE1
                       ZeroWireload      tcbn65gplustc_ccs
oadm_fixed_plane_centered_LEVEL3
                       ZeroWireload      tcbn65gplustc_ccs
oadm_multilevel_rounding_lut_1
                       ZeroWireload      tcbn65gplustc_ccs
oadm_multilevel_rounding_lut_0
                       ZeroWireload      tcbn65gplustc_ccs


Global Operating Voltage = 1    
Power-specific unit information :
    Voltage Units = 1V
    Capacitance Units = 1.000000pf
    Time Units = 1ns
    Dynamic Power Units = 1mW    (derived from V,C,T units)
    Leakage Power Units = 1nW


--------------------------------------------------------------------------------
                                       Switch   Int      Leak     Total
Hierarchy                              Power    Power    Power    Power    %
--------------------------------------------------------------------------------
oadm_fixed_l3_div_paceio_opt           5.03e-02    0.144 1.85e+04    0.213 100.0
  impl (oadm_multilevel_opt_FIXED_LEVEL3_FP_STYLE1)
                                       4.88e-02    0.144 1.82e+04    0.211  99.0
    fixed_centered_plane_plane (oadm_fixed_plane_centered_LEVEL3)
                                       2.03e-02 6.28e-02 1.02e+04 9.33e-02  43.9
      y_rounding_lut (oadm_multilevel_rounding_lut_0)
                                       5.37e-04 7.29e-04  276.427 1.54e-03   0.7
      x_rounding_lut (oadm_multilevel_rounding_lut_1)
                                       4.76e-04 7.98e-04  263.997 1.54e-03   0.7
1
 
****************************************
Report : constraint
        -all_violators
        -verbose
Design : oadm_fixed_l3_div_paceio_opt
Version: U-2022.12-SP7
Date   : Wed Sep  2 15:11:16 2026
****************************************

This design has no violated constraints.

1
