****************************************
Report : Averaged Power
	-significant_digits
Design : oadm_fixed_l2_nopipe
Version: U-2022.12-SP5
Date   : Thu Aug 20 19:58:10 2026
****************************************



  Attributes
  ----------
      i  -  Including register clock pin internal power
      u  -  User defined power group

                        Internal             Switching            Leakage              Total
Power Group             Power                Power                Power                Power               (     %)   Attrs
----------------------------------------------------------------------------------------------------------------------------
clock_network           0.00000e+00          0.00000e+00          0.00000e+00          0.00000e+00         ( 0.00%)   i
register                0.00000e+00          0.00000e+00          0.00000e+00          0.00000e+00         ( 0.00%)   
combinational           1.64009e-04          5.21018e-05          2.87484e-05          2.44859e-04         (100.00%)  
sequential              0.00000e+00          0.00000e+00          0.00000e+00          0.00000e+00         ( 0.00%)   
memory                  0.00000e+00          0.00000e+00          0.00000e+00          0.00000e+00         ( 0.00%)   
io_pad                  0.00000e+00          0.00000e+00          0.00000e+00          0.00000e+00         ( 0.00%)   
black_box               0.00000e+00          0.00000e+00          0.00000e+00          0.00000e+00         ( 0.00%)   

  Net Switching Power  = 5.21018e-05           (21.28%)
  Cell Internal Power  = 1.64009e-04           (66.98%)
  Cell Leakage Power   = 2.87484e-05           (11.74%)
                         -------------------------
Total Power            = 2.44859e-04          (100.00%)

1
