****************************************
Report : Averaged Power
	-significant_digits
Design : oadm_runtime_drop_r10_s18
Version: U-2022.12-SP5
Date   : Thu Sep  3 18:50:16 2026
****************************************



  Attributes
  ----------
      i  -  Including register clock pin internal power
      u  -  User defined power group

                        Internal             Switching            Leakage              Total
Power Group             Power                Power                Power                Power               (     %)   Attrs
----------------------------------------------------------------------------------------------------------------------------
clock_network           0.00000e+00          0.00000e+00          0.00000e+00          0.00000e+00         ( 0.00%)   i
register                0.00000e+00          0.00000e+00          0.00000e+00          0.00000e+00         ( 0.00%)   
combinational           7.16974e-05          2.42815e-05          1.73425e-05          1.13321e-04         (100.00%)  
sequential              0.00000e+00          0.00000e+00          0.00000e+00          0.00000e+00         ( 0.00%)   
memory                  0.00000e+00          0.00000e+00          0.00000e+00          0.00000e+00         ( 0.00%)   
io_pad                  0.00000e+00          0.00000e+00          0.00000e+00          0.00000e+00         ( 0.00%)   
black_box               0.00000e+00          0.00000e+00          0.00000e+00          0.00000e+00         ( 0.00%)   

  Net Switching Power  = 2.42815e-05           (21.43%)
  Cell Internal Power  = 7.16974e-05           (63.27%)
  Cell Leakage Power   = 1.73425e-05           (15.30%)
                         -------------------------
Total Power            = 1.13321e-04          (100.00%)

1
