****************************************
Report : qor
Design : oadm_runtime_drop_r10_s18
Version: U-2022.12-SP5
Date   : Thu Sep  3 18:50:14 2026
****************************************

  Timing Path Group 'vclk' (max_delay/setup)
  ---------------------------------------------
  Levels of Logic:                           49
  Critical Path Length:                    3.84
  Critical Path Slack:                     6.14
  Total Negative Slack:                    0.00
  No. of Violating Paths:                     0
  ---------------------------------------------

  Timing Path Group 'vclk' (min_delay/hold)
  ---------------------------------------------
  Levels of Logic:                            1
  Critical Path Length:                    0.07
  Critical Path Slack:                     0.09
  Total Negative Slack:                    0.00
  No. of Violating Paths:                     0
  ---------------------------------------------

  Area
  ---------------------------------------------
  Net Interconnect area:                   0.00
  Total cell area:                      2969.28
  Design Area:                          2969.28
  Area Cost:                           -2969.28
  ---------------------------------------------


  Cell & Pin Count
  ---------------------------------------------
  Pin Count:                               2968
  Hierarchical Cell Count:                   11
  Hierarchical Port Count:                  700
  Leaf Cell Count:                          781
  ---------------------------------------------


  Design Rule Violations
  ---------------------------------------------
  Total No. of Pins in Design:             2968
  max_capacitance Count:                      1
  max_capacitance Cost:                    0.00
  Total DRC Cost:                          0.00
  ---------------------------------------------

1
