****************************************
Report : Averaged Power
	-significant_digits
Design : input_l3_mask_b4
Version: U-2022.12-SP5
Date   : Sat Sep  5 15:13:18 2026
****************************************



  Attributes
  ----------
      i  -  Including register clock pin internal power
      u  -  User defined power group

                        Internal             Switching            Leakage              Total
Power Group             Power                Power                Power                Power               (     %)   Attrs
----------------------------------------------------------------------------------------------------------------------------
clock_network           0.00000e+00          0.00000e+00          0.00000e+00          0.00000e+00         ( 0.00%)   i
register                0.00000e+00          0.00000e+00          0.00000e+00          0.00000e+00         ( 0.00%)   
combinational           4.82521e-05          1.64280e-05          1.06709e-05          7.53510e-05         (100.00%)  
sequential              0.00000e+00          0.00000e+00          0.00000e+00          0.00000e+00         ( 0.00%)   
memory                  0.00000e+00          0.00000e+00          0.00000e+00          0.00000e+00         ( 0.00%)   
io_pad                  0.00000e+00          0.00000e+00          0.00000e+00          0.00000e+00         ( 0.00%)   
black_box               0.00000e+00          0.00000e+00          0.00000e+00          0.00000e+00         ( 0.00%)   

  Net Switching Power  = 1.64280e-05           (21.80%)
  Cell Internal Power  = 4.82521e-05           (64.04%)
  Cell Leakage Power   = 1.06709e-05           (14.16%)
                         -------------------------
Total Power            = 7.53510e-05          (100.00%)

1
