****************************************
Report : timing
	-path_type full
	-delay_type max
	-nworst 10
	-slack_lesser_than 1000.00000
	-max_paths 10
	-sort_by slack
Design : oadm_fixed_l1_mul_canonical
Version: U-2022.12-SP5
Date   : Thu Sep  3 02:51:39 2026
****************************************


  Startpoint: x[22] (input port clocked by vclk)
  Endpoint: result[30] (output port clocked by vclk)
  Path Group: vclk
  Path Type: max

  Point                                                   Incr       Path
  ------------------------------------------------------------------------------
  clock vclk (rise edge)                               0.00000    0.00000
  clock network delay (ideal)                          0.00000    0.00000
  input external delay                                 0.02000    0.02000 r
  x[22] (in)                                           0.02392    0.04392 r
  U195/Z (BUFFD1)                                      0.19035    0.23427 r
  U204/ZN (INVD2)                                      0.14955    0.38382 f
  U287/ZN (AOI221D0)                                   0.11846    0.50227 r
  U90/ZN (NR2D0)                                       0.03565    0.53792 f
  U123/Z (AO21D0)                                      0.07055    0.60847 f
  intadd_2_U21/CO (FA1D0)                              0.08062    0.68910 f
  intadd_2_U20/CO (FA1D0)                              0.05526    0.74436 f
  intadd_2_U19/CO (FA1D0)                              0.05524    0.79960 f
  intadd_2_U18/CO (FA1D0)                              0.05524    0.85485 f
  intadd_2_U17/CO (FA1D0)                              0.05524    0.91009 f
  intadd_2_U16/CO (FA1D0)                              0.05524    0.96534 f
  intadd_2_U15/CO (FA1D0)                              0.05524    1.02058 f
  intadd_2_U14/CO (FA1D0)                              0.05524    1.07582 f
  intadd_2_U13/CO (FA1D0)                              0.05524    1.13107 f
  intadd_2_U12/CO (FA1D0)                              0.05524    1.18631 f
  intadd_2_U11/CO (FA1D0)                              0.05524    1.24156 f
  intadd_2_U10/CO (FA1D0)                              0.05524    1.29680 f
  intadd_2_U9/CO (FA1D0)                               0.05524    1.35205 f
  intadd_2_U8/CO (FA1D0)                               0.05524    1.40729 f
  intadd_2_U7/CO (FA1D0)                               0.05524    1.46254 f
  intadd_2_U6/CO (FA1D0)                               0.05524    1.51778 f
  intadd_2_U5/CO (FA1D0)                               0.05524    1.57302 f
  intadd_2_U4/CO (FA1D0)                               0.05524    1.62827 f
  intadd_2_U3/CO (FA1D0)                               0.05524    1.68351 f
  intadd_2_U2/CO (FA1D0)                               0.05200    1.73551 f
  U120/ZN (INVD0)                                      0.02098    1.75649 r
  DP_OP_85J1_122_5649_U44/S (CMPE42D1)                 0.06462    1.82112 r
  U119/ZN (INVD0)                                      0.01575    1.83687 f
  intadd_0_U5/CO (FA1D0)                               0.09827    1.93514 f
  intadd_0_U4/CO (FA1D0)                               0.05524    1.99038 f
  intadd_0_U3/CO (FA1D0)                               0.05524    2.04563 f
  intadd_0_U2/CO (FA1D0)                               0.05863    2.10426 f
  U114/ZN (XNR3D0)                                     0.12754    2.23180 f
  U85/ZN (INVD0)                                       0.11525    2.34705 r
  U86/ZN (CKND2D0)                                     0.06290    2.40995 f
  U206/ZN (INVD1)                                      0.05522    2.46517 r
  U359/S (FA1D0)                                       0.08851    2.55368 r
  intadd_3_U6/CO (FA1D0)                               0.08351    2.63719 r
  intadd_3_U5/CO (FA1D0)                               0.05068    2.68787 r
  intadd_3_U4/CO (FA1D0)                               0.05068    2.73856 r
  intadd_3_U3/CO (FA1D0)                               0.05068    2.78924 r
  intadd_3_U2/CO (FA1D0)                               0.05439    2.84364 r
  U364/Z (XOR4D0)                                      0.10629    2.94993 f
  U365/ZN (MUX2ND0)                                    0.06576    3.01568 f
  result[30] (out)                                     0.00000    3.01568 f
  data arrival time                                               3.01568

  clock vclk (rise edge)                              10.00000   10.00000
  clock network delay (ideal)                          0.00000   10.00000
  clock reconvergence pessimism                        0.00000   10.00000
  output external delay                               -0.02000    9.98000
  data required time                                              9.98000
  ------------------------------------------------------------------------------
  data required time                                              9.98000
  data arrival time                                              -3.01568
  ------------------------------------------------------------------------------
  slack (MET)                                                     6.96432


  Startpoint: x[22] (input port clocked by vclk)
  Endpoint: result[30] (output port clocked by vclk)
  Path Group: vclk
  Path Type: max

  Point                                                   Incr       Path
  ------------------------------------------------------------------------------
  clock vclk (rise edge)                               0.00000    0.00000
  clock network delay (ideal)                          0.00000    0.00000
  input external delay                                 0.02000    0.02000 r
  x[22] (in)                                           0.02392    0.04392 r
  U195/Z (BUFFD1)                                      0.19035    0.23427 r
  U204/ZN (INVD2)                                      0.14955    0.38382 f
  U287/ZN (AOI221D0)                                   0.11846    0.50227 r
  U90/ZN (NR2D0)                                       0.03565    0.53792 f
  U88/ZN (NR2D0)                                       0.06720    0.60512 r
  U122/ZN (AOI21D0)                                    0.03230    0.63742 f
  intadd_2_U20/CO (FA1D0)                              0.10675    0.74417 f
  intadd_2_U19/CO (FA1D0)                              0.05524    0.79942 f
  intadd_2_U18/CO (FA1D0)                              0.05524    0.85466 f
  intadd_2_U17/CO (FA1D0)                              0.05524    0.90990 f
  intadd_2_U16/CO (FA1D0)                              0.05524    0.96515 f
  intadd_2_U15/CO (FA1D0)                              0.05524    1.02039 f
  intadd_2_U14/CO (FA1D0)                              0.05524    1.07564 f
  intadd_2_U13/CO (FA1D0)                              0.05524    1.13088 f
  intadd_2_U12/CO (FA1D0)                              0.05524    1.18613 f
  intadd_2_U11/CO (FA1D0)                              0.05524    1.24137 f
  intadd_2_U10/CO (FA1D0)                              0.05524    1.29662 f
  intadd_2_U9/CO (FA1D0)                               0.05524    1.35186 f
  intadd_2_U8/CO (FA1D0)                               0.05524    1.40710 f
  intadd_2_U7/CO (FA1D0)                               0.05524    1.46235 f
  intadd_2_U6/CO (FA1D0)                               0.05524    1.51759 f
  intadd_2_U5/CO (FA1D0)                               0.05524    1.57284 f
  intadd_2_U4/CO (FA1D0)                               0.05524    1.62808 f
  intadd_2_U3/CO (FA1D0)                               0.05524    1.68333 f
  intadd_2_U2/CO (FA1D0)                               0.05200    1.73532 f
  U120/ZN (INVD0)                                      0.02098    1.75631 r
  DP_OP_85J1_122_5649_U44/S (CMPE42D1)                 0.06462    1.82093 r
  U119/ZN (INVD0)                                      0.01575    1.83668 f
  intadd_0_U5/CO (FA1D0)                               0.09827    1.93495 f
  intadd_0_U4/CO (FA1D0)                               0.05524    1.99020 f
  intadd_0_U3/CO (FA1D0)                               0.05524    2.04544 f
  intadd_0_U2/CO (FA1D0)                               0.05863    2.10407 f
  U114/ZN (XNR3D0)                                     0.12754    2.23161 f
  U85/ZN (INVD0)                                       0.11525    2.34686 r
  U86/ZN (CKND2D0)                                     0.06290    2.40976 f
  U206/ZN (INVD1)                                      0.05522    2.46498 r
  U359/S (FA1D0)                                       0.08851    2.55350 r
  intadd_3_U6/CO (FA1D0)                               0.08351    2.63700 r
  intadd_3_U5/CO (FA1D0)                               0.05068    2.68769 r
  intadd_3_U4/CO (FA1D0)                               0.05068    2.73837 r
  intadd_3_U3/CO (FA1D0)                               0.05068    2.78906 r
  intadd_3_U2/CO (FA1D0)                               0.05439    2.84345 r
  U364/Z (XOR4D0)                                      0.10629    2.94974 f
  U365/ZN (MUX2ND0)                                    0.06576    3.01550 f
  result[30] (out)                                     0.00000    3.01550 f
  data arrival time                                               3.01550

  clock vclk (rise edge)                              10.00000   10.00000
  clock network delay (ideal)                          0.00000   10.00000
  clock reconvergence pessimism                        0.00000   10.00000
  output external delay                               -0.02000    9.98000
  data required time                                              9.98000
  ------------------------------------------------------------------------------
  data required time                                              9.98000
  data arrival time                                              -3.01550
  ------------------------------------------------------------------------------
  slack (MET)                                                     6.96450


  Startpoint: x[22] (input port clocked by vclk)
  Endpoint: result[30] (output port clocked by vclk)
  Path Group: vclk
  Path Type: max

  Point                                                   Incr       Path
  ------------------------------------------------------------------------------
  clock vclk (rise edge)                               0.00000    0.00000
  clock network delay (ideal)                          0.00000    0.00000
  input external delay                                 0.02000    0.02000 r
  x[22] (in)                                           0.02392    0.04392 r
  U195/Z (BUFFD1)                                      0.19035    0.23427 r
  U204/ZN (INVD2)                                      0.14955    0.38382 f
  U287/ZN (AOI221D0)                                   0.11846    0.50227 r
  U90/ZN (NR2D0)                                       0.03565    0.53792 f
  U123/Z (AO21D0)                                      0.07055    0.60847 f
  intadd_2_U21/CO (FA1D0)                              0.08062    0.68910 f
  intadd_2_U20/CO (FA1D0)                              0.05526    0.74436 f
  intadd_2_U19/CO (FA1D0)                              0.05524    0.79960 f
  intadd_2_U18/CO (FA1D0)                              0.05524    0.85485 f
  intadd_2_U17/CO (FA1D0)                              0.05524    0.91009 f
  intadd_2_U16/CO (FA1D0)                              0.05524    0.96534 f
  intadd_2_U15/CO (FA1D0)                              0.05524    1.02058 f
  intadd_2_U14/CO (FA1D0)                              0.05524    1.07582 f
  intadd_2_U13/CO (FA1D0)                              0.05524    1.13107 f
  intadd_2_U12/CO (FA1D0)                              0.05524    1.18631 f
  intadd_2_U11/CO (FA1D0)                              0.05524    1.24156 f
  intadd_2_U10/CO (FA1D0)                              0.05524    1.29680 f
  intadd_2_U9/CO (FA1D0)                               0.05524    1.35205 f
  intadd_2_U8/CO (FA1D0)                               0.05524    1.40729 f
  intadd_2_U7/CO (FA1D0)                               0.05524    1.46254 f
  intadd_2_U6/CO (FA1D0)                               0.05524    1.51778 f
  intadd_2_U5/CO (FA1D0)                               0.05524    1.57302 f
  intadd_2_U4/CO (FA1D0)                               0.05524    1.62827 f
  intadd_2_U3/CO (FA1D0)                               0.05524    1.68351 f
  intadd_2_U2/CO (FA1D0)                               0.05200    1.73551 f
  U120/ZN (INVD0)                                      0.02098    1.75649 r
  DP_OP_85J1_122_5649_U44/CO (CMPE42D1)                0.04634    1.80283 r
  DP_OP_85J1_122_5649_U42/CO (CMPE42D1)                0.04531    1.84814 r
  DP_OP_85J1_122_5649_U41/CO (CMPE42D1)                0.04574    1.89388 r
  U290/S (FA1D0)                                       0.09431    1.98819 f
  U116/ZN (INVD0)                                      0.02890    2.01709 r
  intadd_0_U2/CO (FA1D0)                               0.08647    2.10357 r
  U114/ZN (XNR3D0)                                     0.15237    2.25594 r
  U85/ZN (INVD0)                                       0.08695    2.34289 f
  U86/ZN (CKND2D0)                                     0.07021    2.41310 r
  U282/CO (FA1D0)                                      0.10021    2.51332 r
  U111/ZN (INVD0)                                      0.01567    2.52899 f
  intadd_3_U6/CO (FA1D0)                               0.09824    2.62722 f
  intadd_3_U5/CO (FA1D0)                               0.05524    2.68247 f
  intadd_3_U4/CO (FA1D0)                               0.05524    2.73771 f
  intadd_3_U3/CO (FA1D0)                               0.05524    2.79295 f
  intadd_3_U2/CO (FA1D0)                               0.05863    2.85158 f
  U364/Z (XOR4D0)                                      0.09752    2.94911 f
  U365/ZN (MUX2ND0)                                    0.06576    3.01487 f
  result[30] (out)                                     0.00000    3.01487 f
  data arrival time                                               3.01487

  clock vclk (rise edge)                              10.00000   10.00000
  clock network delay (ideal)                          0.00000   10.00000
  clock reconvergence pessimism                        0.00000   10.00000
  output external delay                               -0.02000    9.98000
  data required time                                              9.98000
  ------------------------------------------------------------------------------
  data required time                                              9.98000
  data arrival time                                              -3.01487
  ------------------------------------------------------------------------------
  slack (MET)                                                     6.96513


  Startpoint: x[22] (input port clocked by vclk)
  Endpoint: result[30] (output port clocked by vclk)
  Path Group: vclk
  Path Type: max

  Point                                                   Incr       Path
  ------------------------------------------------------------------------------
  clock vclk (rise edge)                               0.00000    0.00000
  clock network delay (ideal)                          0.00000    0.00000
  input external delay                                 0.02000    0.02000 r
  x[22] (in)                                           0.02392    0.04392 r
  U195/Z (BUFFD1)                                      0.19035    0.23427 r
  U204/ZN (INVD2)                                      0.14955    0.38382 f
  U287/ZN (AOI221D0)                                   0.11846    0.50227 r
  U90/ZN (NR2D0)                                       0.03565    0.53792 f
  U88/ZN (NR2D0)                                       0.06720    0.60512 r
  U122/ZN (AOI21D0)                                    0.03230    0.63742 f
  intadd_2_U20/CO (FA1D0)                              0.10675    0.74417 f
  intadd_2_U19/CO (FA1D0)                              0.05524    0.79942 f
  intadd_2_U18/CO (FA1D0)                              0.05524    0.85466 f
  intadd_2_U17/CO (FA1D0)                              0.05524    0.90990 f
  intadd_2_U16/CO (FA1D0)                              0.05524    0.96515 f
  intadd_2_U15/CO (FA1D0)                              0.05524    1.02039 f
  intadd_2_U14/CO (FA1D0)                              0.05524    1.07564 f
  intadd_2_U13/CO (FA1D0)                              0.05524    1.13088 f
  intadd_2_U12/CO (FA1D0)                              0.05524    1.18613 f
  intadd_2_U11/CO (FA1D0)                              0.05524    1.24137 f
  intadd_2_U10/CO (FA1D0)                              0.05524    1.29662 f
  intadd_2_U9/CO (FA1D0)                               0.05524    1.35186 f
  intadd_2_U8/CO (FA1D0)                               0.05524    1.40710 f
  intadd_2_U7/CO (FA1D0)                               0.05524    1.46235 f
  intadd_2_U6/CO (FA1D0)                               0.05524    1.51759 f
  intadd_2_U5/CO (FA1D0)                               0.05524    1.57284 f
  intadd_2_U4/CO (FA1D0)                               0.05524    1.62808 f
  intadd_2_U3/CO (FA1D0)                               0.05524    1.68333 f
  intadd_2_U2/CO (FA1D0)                               0.05200    1.73532 f
  U120/ZN (INVD0)                                      0.02098    1.75631 r
  DP_OP_85J1_122_5649_U44/CO (CMPE42D1)                0.04634    1.80264 r
  DP_OP_85J1_122_5649_U42/CO (CMPE42D1)                0.04531    1.84795 r
  DP_OP_85J1_122_5649_U41/CO (CMPE42D1)                0.04574    1.89369 r
  U290/S (FA1D0)                                       0.09431    1.98800 f
  U116/ZN (INVD0)                                      0.02890    2.01691 r
  intadd_0_U2/CO (FA1D0)                               0.08647    2.10338 r
  U114/ZN (XNR3D0)                                     0.15237    2.25575 r
  U85/ZN (INVD0)                                       0.08695    2.34270 f
  U86/ZN (CKND2D0)                                     0.07021    2.41291 r
  U282/CO (FA1D0)                                      0.10021    2.51313 r
  U111/ZN (INVD0)                                      0.01567    2.52880 f
  intadd_3_U6/CO (FA1D0)                               0.09824    2.62704 f
  intadd_3_U5/CO (FA1D0)                               0.05524    2.68228 f
  intadd_3_U4/CO (FA1D0)                               0.05524    2.73752 f
  intadd_3_U3/CO (FA1D0)                               0.05524    2.79277 f
  intadd_3_U2/CO (FA1D0)                               0.05863    2.85140 f
  U364/Z (XOR4D0)                                      0.09752    2.94892 f
  U365/ZN (MUX2ND0)                                    0.06576    3.01468 f
  result[30] (out)                                     0.00000    3.01468 f
  data arrival time                                               3.01468

  clock vclk (rise edge)                              10.00000   10.00000
  clock network delay (ideal)                          0.00000   10.00000
  clock reconvergence pessimism                        0.00000   10.00000
  output external delay                               -0.02000    9.98000
  data required time                                              9.98000
  ------------------------------------------------------------------------------
  data required time                                              9.98000
  data arrival time                                              -3.01468
  ------------------------------------------------------------------------------
  slack (MET)                                                     6.96532


  Startpoint: x[22] (input port clocked by vclk)
  Endpoint: result[30] (output port clocked by vclk)
  Path Group: vclk
  Path Type: max

  Point                                                   Incr       Path
  ------------------------------------------------------------------------------
  clock vclk (rise edge)                               0.00000    0.00000
  clock network delay (ideal)                          0.00000    0.00000
  input external delay                                 0.02000    0.02000 r
  x[22] (in)                                           0.02392    0.04392 r
  U195/Z (BUFFD1)                                      0.19035    0.23427 r
  U204/ZN (INVD2)                                      0.14955    0.38382 f
  U287/ZN (AOI221D0)                                   0.11846    0.50227 r
  U90/ZN (NR2D0)                                       0.03565    0.53792 f
  U123/Z (AO21D0)                                      0.07055    0.60847 f
  intadd_2_U21/CO (FA1D0)                              0.08062    0.68910 f
  intadd_2_U20/CO (FA1D0)                              0.05526    0.74436 f
  intadd_2_U19/CO (FA1D0)                              0.05524    0.79960 f
  intadd_2_U18/CO (FA1D0)                              0.05524    0.85485 f
  intadd_2_U17/CO (FA1D0)                              0.05524    0.91009 f
  intadd_2_U16/CO (FA1D0)                              0.05524    0.96534 f
  intadd_2_U15/CO (FA1D0)                              0.05524    1.02058 f
  intadd_2_U14/CO (FA1D0)                              0.05524    1.07582 f
  intadd_2_U13/CO (FA1D0)                              0.05524    1.13107 f
  intadd_2_U12/CO (FA1D0)                              0.05524    1.18631 f
  intadd_2_U11/CO (FA1D0)                              0.05524    1.24156 f
  intadd_2_U10/CO (FA1D0)                              0.05524    1.29680 f
  intadd_2_U9/CO (FA1D0)                               0.05524    1.35205 f
  intadd_2_U8/CO (FA1D0)                               0.05524    1.40729 f
  intadd_2_U7/CO (FA1D0)                               0.05524    1.46254 f
  intadd_2_U6/CO (FA1D0)                               0.05524    1.51778 f
  intadd_2_U5/CO (FA1D0)                               0.05524    1.57302 f
  intadd_2_U4/CO (FA1D0)                               0.05524    1.62827 f
  intadd_2_U3/CO (FA1D0)                               0.05524    1.68351 f
  intadd_2_U2/CO (FA1D0)                               0.05200    1.73551 f
  U120/ZN (INVD0)                                      0.02098    1.75649 r
  DP_OP_85J1_122_5649_U44/S (CMPE42D1)                 0.06462    1.82112 r
  U119/ZN (INVD0)                                      0.01575    1.83687 f
  intadd_0_U5/CO (FA1D0)                               0.09827    1.93514 f
  intadd_0_U4/CO (FA1D0)                               0.05524    1.99038 f
  intadd_0_U3/CO (FA1D0)                               0.05524    2.04563 f
  intadd_0_U2/CO (FA1D0)                               0.05863    2.10426 f
  U114/ZN (XNR3D0)                                     0.15138    2.25564 r
  U85/ZN (INVD0)                                       0.08695    2.34259 f
  U86/ZN (CKND2D0)                                     0.07021    2.41280 r
  U282/CO (FA1D0)                                      0.10021    2.51302 r
  U111/ZN (INVD0)                                      0.01567    2.52869 f
  intadd_3_U6/CO (FA1D0)                               0.09824    2.62692 f
  intadd_3_U5/CO (FA1D0)                               0.05524    2.68217 f
  intadd_3_U4/CO (FA1D0)                               0.05524    2.73741 f
  intadd_3_U3/CO (FA1D0)                               0.05524    2.79265 f
  intadd_3_U2/CO (FA1D0)                               0.05863    2.85129 f
  U364/Z (XOR4D0)                                      0.09752    2.94881 f
  U365/ZN (MUX2ND0)                                    0.06576    3.01457 f
  result[30] (out)                                     0.00000    3.01457 f
  data arrival time                                               3.01457

  clock vclk (rise edge)                              10.00000   10.00000
  clock network delay (ideal)                          0.00000   10.00000
  clock reconvergence pessimism                        0.00000   10.00000
  output external delay                               -0.02000    9.98000
  data required time                                              9.98000
  ------------------------------------------------------------------------------
  data required time                                              9.98000
  data arrival time                                              -3.01457
  ------------------------------------------------------------------------------
  slack (MET)                                                     6.96543


  Startpoint: x[22] (input port clocked by vclk)
  Endpoint: result[30] (output port clocked by vclk)
  Path Group: vclk
  Path Type: max

  Point                                                   Incr       Path
  ------------------------------------------------------------------------------
  clock vclk (rise edge)                               0.00000    0.00000
  clock network delay (ideal)                          0.00000    0.00000
  input external delay                                 0.02000    0.02000 r
  x[22] (in)                                           0.02392    0.04392 r
  U195/Z (BUFFD1)                                      0.19035    0.23427 r
  U204/ZN (INVD2)                                      0.14955    0.38382 f
  U287/ZN (AOI221D0)                                   0.11846    0.50227 r
  U90/ZN (NR2D0)                                       0.03565    0.53792 f
  U88/ZN (NR2D0)                                       0.06720    0.60512 r
  U122/ZN (AOI21D0)                                    0.03230    0.63742 f
  intadd_2_U20/CO (FA1D0)                              0.10675    0.74417 f
  intadd_2_U19/CO (FA1D0)                              0.05524    0.79942 f
  intadd_2_U18/CO (FA1D0)                              0.05524    0.85466 f
  intadd_2_U17/CO (FA1D0)                              0.05524    0.90990 f
  intadd_2_U16/CO (FA1D0)                              0.05524    0.96515 f
  intadd_2_U15/CO (FA1D0)                              0.05524    1.02039 f
  intadd_2_U14/CO (FA1D0)                              0.05524    1.07564 f
  intadd_2_U13/CO (FA1D0)                              0.05524    1.13088 f
  intadd_2_U12/CO (FA1D0)                              0.05524    1.18613 f
  intadd_2_U11/CO (FA1D0)                              0.05524    1.24137 f
  intadd_2_U10/CO (FA1D0)                              0.05524    1.29662 f
  intadd_2_U9/CO (FA1D0)                               0.05524    1.35186 f
  intadd_2_U8/CO (FA1D0)                               0.05524    1.40710 f
  intadd_2_U7/CO (FA1D0)                               0.05524    1.46235 f
  intadd_2_U6/CO (FA1D0)                               0.05524    1.51759 f
  intadd_2_U5/CO (FA1D0)                               0.05524    1.57284 f
  intadd_2_U4/CO (FA1D0)                               0.05524    1.62808 f
  intadd_2_U3/CO (FA1D0)                               0.05524    1.68333 f
  intadd_2_U2/CO (FA1D0)                               0.05200    1.73532 f
  U120/ZN (INVD0)                                      0.02098    1.75631 r
  DP_OP_85J1_122_5649_U44/S (CMPE42D1)                 0.06462    1.82093 r
  U119/ZN (INVD0)                                      0.01575    1.83668 f
  intadd_0_U5/CO (FA1D0)                               0.09827    1.93495 f
  intadd_0_U4/CO (FA1D0)                               0.05524    1.99020 f
  intadd_0_U3/CO (FA1D0)                               0.05524    2.04544 f
  intadd_0_U2/CO (FA1D0)                               0.05863    2.10407 f
  U114/ZN (XNR3D0)                                     0.15138    2.25545 r
  U85/ZN (INVD0)                                       0.08695    2.34240 f
  U86/ZN (CKND2D0)                                     0.07021    2.41261 r
  U282/CO (FA1D0)                                      0.10021    2.51283 r
  U111/ZN (INVD0)                                      0.01567    2.52850 f
  intadd_3_U6/CO (FA1D0)                               0.09824    2.62674 f
  intadd_3_U5/CO (FA1D0)                               0.05524    2.68198 f
  intadd_3_U4/CO (FA1D0)                               0.05524    2.73722 f
  intadd_3_U3/CO (FA1D0)                               0.05524    2.79247 f
  intadd_3_U2/CO (FA1D0)                               0.05863    2.85110 f
  U364/Z (XOR4D0)                                      0.09752    2.94862 f
  U365/ZN (MUX2ND0)                                    0.06576    3.01438 f
  result[30] (out)                                     0.00000    3.01438 f
  data arrival time                                               3.01438

  clock vclk (rise edge)                              10.00000   10.00000
  clock network delay (ideal)                          0.00000   10.00000
  clock reconvergence pessimism                        0.00000   10.00000
  output external delay                               -0.02000    9.98000
  data required time                                              9.98000
  ------------------------------------------------------------------------------
  data required time                                              9.98000
  data arrival time                                              -3.01438
  ------------------------------------------------------------------------------
  slack (MET)                                                     6.96562


  Startpoint: x[22] (input port clocked by vclk)
  Endpoint: result[30] (output port clocked by vclk)
  Path Group: vclk
  Path Type: max

  Point                                                   Incr       Path
  ------------------------------------------------------------------------------
  clock vclk (rise edge)                               0.00000    0.00000
  clock network delay (ideal)                          0.00000    0.00000
  input external delay                                 0.02000    0.02000 r
  x[22] (in)                                           0.02392    0.04392 r
  U195/Z (BUFFD1)                                      0.19035    0.23427 r
  U204/ZN (INVD2)                                      0.14955    0.38382 f
  U287/ZN (AOI221D0)                                   0.11846    0.50227 r
  U90/ZN (NR2D0)                                       0.03565    0.53792 f
  U123/Z (AO21D0)                                      0.07055    0.60847 f
  intadd_2_U21/CO (FA1D0)                              0.08062    0.68910 f
  intadd_2_U20/CO (FA1D0)                              0.05526    0.74436 f
  intadd_2_U19/CO (FA1D0)                              0.05524    0.79960 f
  intadd_2_U18/CO (FA1D0)                              0.05524    0.85485 f
  intadd_2_U17/CO (FA1D0)                              0.05524    0.91009 f
  intadd_2_U16/CO (FA1D0)                              0.05524    0.96534 f
  intadd_2_U15/CO (FA1D0)                              0.05524    1.02058 f
  intadd_2_U14/CO (FA1D0)                              0.05524    1.07582 f
  intadd_2_U13/CO (FA1D0)                              0.05524    1.13107 f
  intadd_2_U12/CO (FA1D0)                              0.05524    1.18631 f
  intadd_2_U11/CO (FA1D0)                              0.05524    1.24156 f
  intadd_2_U10/CO (FA1D0)                              0.05524    1.29680 f
  intadd_2_U9/CO (FA1D0)                               0.05524    1.35205 f
  intadd_2_U8/CO (FA1D0)                               0.05524    1.40729 f
  intadd_2_U7/CO (FA1D0)                               0.05524    1.46254 f
  intadd_2_U6/CO (FA1D0)                               0.05524    1.51778 f
  intadd_2_U5/CO (FA1D0)                               0.05524    1.57302 f
  intadd_2_U4/CO (FA1D0)                               0.05524    1.62827 f
  intadd_2_U3/CO (FA1D0)                               0.05524    1.68351 f
  intadd_2_U2/CO (FA1D0)                               0.05200    1.73551 f
  U120/ZN (INVD0)                                      0.02098    1.75649 r
  DP_OP_85J1_122_5649_U44/S (CMPE42D1)                 0.06462    1.82112 r
  U119/ZN (INVD0)                                      0.01575    1.83687 f
  intadd_0_U5/CO (FA1D0)                               0.09827    1.93514 f
  intadd_0_U4/CO (FA1D0)                               0.05524    1.99038 f
  intadd_0_U3/CO (FA1D0)                               0.05524    2.04563 f
  intadd_0_U2/CO (FA1D0)                               0.05863    2.10426 f
  U114/ZN (XNR3D0)                                     0.12754    2.23180 f
  U85/ZN (INVD0)                                       0.11525    2.34705 r
  U86/ZN (CKND2D0)                                     0.06290    2.40995 f
  U282/CO (FA1D0)                                      0.11200    2.52194 f
  U111/ZN (INVD0)                                      0.02158    2.54352 r
  intadd_3_U6/CO (FA1D0)                               0.09143    2.63495 r
  intadd_3_U5/CO (FA1D0)                               0.05068    2.68564 r
  intadd_3_U4/CO (FA1D0)                               0.05068    2.73632 r
  intadd_3_U3/CO (FA1D0)                               0.05068    2.78701 r
  intadd_3_U2/CO (FA1D0)                               0.05439    2.84140 r
  U364/Z (XOR4D0)                                      0.10629    2.94769 f
  U365/ZN (MUX2ND0)                                    0.06576    3.01345 f
  result[30] (out)                                     0.00000    3.01345 f
  data arrival time                                               3.01345

  clock vclk (rise edge)                              10.00000   10.00000
  clock network delay (ideal)                          0.00000   10.00000
  clock reconvergence pessimism                        0.00000   10.00000
  output external delay                               -0.02000    9.98000
  data required time                                              9.98000
  ------------------------------------------------------------------------------
  data required time                                              9.98000
  data arrival time                                              -3.01345
  ------------------------------------------------------------------------------
  slack (MET)                                                     6.96655


  Startpoint: x[22] (input port clocked by vclk)
  Endpoint: result[30] (output port clocked by vclk)
  Path Group: vclk
  Path Type: max

  Point                                                   Incr       Path
  ------------------------------------------------------------------------------
  clock vclk (rise edge)                               0.00000    0.00000
  clock network delay (ideal)                          0.00000    0.00000
  input external delay                                 0.02000    0.02000 r
  x[22] (in)                                           0.02392    0.04392 r
  U195/Z (BUFFD1)                                      0.19035    0.23427 r
  U204/ZN (INVD2)                                      0.14955    0.38382 f
  U287/ZN (AOI221D0)                                   0.11846    0.50227 r
  U90/ZN (NR2D0)                                       0.03565    0.53792 f
  U88/ZN (NR2D0)                                       0.06720    0.60512 r
  U122/ZN (AOI21D0)                                    0.03230    0.63742 f
  intadd_2_U20/CO (FA1D0)                              0.10675    0.74417 f
  intadd_2_U19/CO (FA1D0)                              0.05524    0.79942 f
  intadd_2_U18/CO (FA1D0)                              0.05524    0.85466 f
  intadd_2_U17/CO (FA1D0)                              0.05524    0.90990 f
  intadd_2_U16/CO (FA1D0)                              0.05524    0.96515 f
  intadd_2_U15/CO (FA1D0)                              0.05524    1.02039 f
  intadd_2_U14/CO (FA1D0)                              0.05524    1.07564 f
  intadd_2_U13/CO (FA1D0)                              0.05524    1.13088 f
  intadd_2_U12/CO (FA1D0)                              0.05524    1.18613 f
  intadd_2_U11/CO (FA1D0)                              0.05524    1.24137 f
  intadd_2_U10/CO (FA1D0)                              0.05524    1.29662 f
  intadd_2_U9/CO (FA1D0)                               0.05524    1.35186 f
  intadd_2_U8/CO (FA1D0)                               0.05524    1.40710 f
  intadd_2_U7/CO (FA1D0)                               0.05524    1.46235 f
  intadd_2_U6/CO (FA1D0)                               0.05524    1.51759 f
  intadd_2_U5/CO (FA1D0)                               0.05524    1.57284 f
  intadd_2_U4/CO (FA1D0)                               0.05524    1.62808 f
  intadd_2_U3/CO (FA1D0)                               0.05524    1.68333 f
  intadd_2_U2/CO (FA1D0)                               0.05200    1.73532 f
  U120/ZN (INVD0)                                      0.02098    1.75631 r
  DP_OP_85J1_122_5649_U44/S (CMPE42D1)                 0.06462    1.82093 r
  U119/ZN (INVD0)                                      0.01575    1.83668 f
  intadd_0_U5/CO (FA1D0)                               0.09827    1.93495 f
  intadd_0_U4/CO (FA1D0)                               0.05524    1.99020 f
  intadd_0_U3/CO (FA1D0)                               0.05524    2.04544 f
  intadd_0_U2/CO (FA1D0)                               0.05863    2.10407 f
  U114/ZN (XNR3D0)                                     0.12754    2.23161 f
  U85/ZN (INVD0)                                       0.11525    2.34686 r
  U86/ZN (CKND2D0)                                     0.06290    2.40976 f
  U282/CO (FA1D0)                                      0.11200    2.52176 f
  U111/ZN (INVD0)                                      0.02158    2.54334 r
  intadd_3_U6/CO (FA1D0)                               0.09143    2.63477 r
  intadd_3_U5/CO (FA1D0)                               0.05068    2.68545 r
  intadd_3_U4/CO (FA1D0)                               0.05068    2.73614 r
  intadd_3_U3/CO (FA1D0)                               0.05068    2.78682 r
  intadd_3_U2/CO (FA1D0)                               0.05439    2.84121 r
  U364/Z (XOR4D0)                                      0.10629    2.94750 f
  U365/ZN (MUX2ND0)                                    0.06576    3.01326 f
  result[30] (out)                                     0.00000    3.01326 f
  data arrival time                                               3.01326

  clock vclk (rise edge)                              10.00000   10.00000
  clock network delay (ideal)                          0.00000   10.00000
  clock reconvergence pessimism                        0.00000   10.00000
  output external delay                               -0.02000    9.98000
  data required time                                              9.98000
  ------------------------------------------------------------------------------
  data required time                                              9.98000
  data arrival time                                              -3.01326
  ------------------------------------------------------------------------------
  slack (MET)                                                     6.96674


  Startpoint: x[22] (input port clocked by vclk)
  Endpoint: result[30] (output port clocked by vclk)
  Path Group: vclk
  Path Type: max

  Point                                                   Incr       Path
  ------------------------------------------------------------------------------
  clock vclk (rise edge)                               0.00000    0.00000
  clock network delay (ideal)                          0.00000    0.00000
  input external delay                                 0.02000    0.02000 r
  x[22] (in)                                           0.02392    0.04392 r
  U195/Z (BUFFD1)                                      0.19035    0.23427 r
  U204/ZN (INVD2)                                      0.14955    0.38382 f
  U287/ZN (AOI221D0)                                   0.11846    0.50227 r
  U90/ZN (NR2D0)                                       0.03565    0.53792 f
  U123/Z (AO21D0)                                      0.07055    0.60847 f
  intadd_2_U21/CO (FA1D0)                              0.08062    0.68910 f
  intadd_2_U20/CO (FA1D0)                              0.05526    0.74436 f
  intadd_2_U19/CO (FA1D0)                              0.05524    0.79960 f
  intadd_2_U18/CO (FA1D0)                              0.05524    0.85485 f
  intadd_2_U17/CO (FA1D0)                              0.05524    0.91009 f
  intadd_2_U16/CO (FA1D0)                              0.05524    0.96534 f
  intadd_2_U15/CO (FA1D0)                              0.05524    1.02058 f
  intadd_2_U14/CO (FA1D0)                              0.05524    1.07582 f
  intadd_2_U13/CO (FA1D0)                              0.05524    1.13107 f
  intadd_2_U12/CO (FA1D0)                              0.05524    1.18631 f
  intadd_2_U11/CO (FA1D0)                              0.05524    1.24156 f
  intadd_2_U10/CO (FA1D0)                              0.05524    1.29680 f
  intadd_2_U9/CO (FA1D0)                               0.05524    1.35205 f
  intadd_2_U8/CO (FA1D0)                               0.05524    1.40729 f
  intadd_2_U7/CO (FA1D0)                               0.05524    1.46254 f
  intadd_2_U6/CO (FA1D0)                               0.05524    1.51778 f
  intadd_2_U5/CO (FA1D0)                               0.05524    1.57302 f
  intadd_2_U4/CO (FA1D0)                               0.05524    1.62827 f
  intadd_2_U3/CO (FA1D0)                               0.05524    1.68351 f
  intadd_2_U2/CO (FA1D0)                               0.05200    1.73551 f
  U120/ZN (INVD0)                                      0.02098    1.75649 r
  DP_OP_85J1_122_5649_U44/S (CMPE42D1)                 0.06462    1.82112 r
  U119/ZN (INVD0)                                      0.01575    1.83687 f
  intadd_0_U5/CO (FA1D0)                               0.09827    1.93514 f
  intadd_0_U4/CO (FA1D0)                               0.05524    1.99038 f
  intadd_0_U3/CO (FA1D0)                               0.05524    2.04563 f
  intadd_0_U2/CO (FA1D0)                               0.05863    2.10426 f
  U114/ZN (XNR3D0)                                     0.12754    2.23180 f
  U85/ZN (INVD0)                                       0.11525    2.34705 r
  U86/ZN (CKND2D0)                                     0.06290    2.40995 f
  U206/ZN (INVD1)                                      0.05522    2.46517 r
  U359/S (FA1D0)                                       0.07878    2.54395 f
  intadd_3_U6/CO (FA1D0)                               0.08077    2.62473 f
  intadd_3_U5/CO (FA1D0)                               0.05524    2.67997 f
  intadd_3_U4/CO (FA1D0)                               0.05524    2.73521 f
  intadd_3_U3/CO (FA1D0)                               0.05524    2.79046 f
  intadd_3_U2/CO (FA1D0)                               0.05863    2.84909 f
  U364/Z (XOR4D0)                                      0.09752    2.94661 f
  U365/ZN (MUX2ND0)                                    0.06576    3.01237 f
  result[30] (out)                                     0.00000    3.01237 f
  data arrival time                                               3.01237

  clock vclk (rise edge)                              10.00000   10.00000
  clock network delay (ideal)                          0.00000   10.00000
  clock reconvergence pessimism                        0.00000   10.00000
  output external delay                               -0.02000    9.98000
  data required time                                              9.98000
  ------------------------------------------------------------------------------
  data required time                                              9.98000
  data arrival time                                              -3.01237
  ------------------------------------------------------------------------------
  slack (MET)                                                     6.96763


  Startpoint: x[22] (input port clocked by vclk)
  Endpoint: result[30] (output port clocked by vclk)
  Path Group: vclk
  Path Type: max

  Point                                                   Incr       Path
  ------------------------------------------------------------------------------
  clock vclk (rise edge)                               0.00000    0.00000
  clock network delay (ideal)                          0.00000    0.00000
  input external delay                                 0.02000    0.02000 r
  x[22] (in)                                           0.02392    0.04392 r
  U195/Z (BUFFD1)                                      0.19035    0.23427 r
  U204/ZN (INVD2)                                      0.14955    0.38382 f
  U287/ZN (AOI221D0)                                   0.11846    0.50227 r
  U90/ZN (NR2D0)                                       0.03565    0.53792 f
  U88/ZN (NR2D0)                                       0.06720    0.60512 r
  U122/ZN (AOI21D0)                                    0.03230    0.63742 f
  intadd_2_U20/CO (FA1D0)                              0.10675    0.74417 f
  intadd_2_U19/CO (FA1D0)                              0.05524    0.79942 f
  intadd_2_U18/CO (FA1D0)                              0.05524    0.85466 f
  intadd_2_U17/CO (FA1D0)                              0.05524    0.90990 f
  intadd_2_U16/CO (FA1D0)                              0.05524    0.96515 f
  intadd_2_U15/CO (FA1D0)                              0.05524    1.02039 f
  intadd_2_U14/CO (FA1D0)                              0.05524    1.07564 f
  intadd_2_U13/CO (FA1D0)                              0.05524    1.13088 f
  intadd_2_U12/CO (FA1D0)                              0.05524    1.18613 f
  intadd_2_U11/CO (FA1D0)                              0.05524    1.24137 f
  intadd_2_U10/CO (FA1D0)                              0.05524    1.29662 f
  intadd_2_U9/CO (FA1D0)                               0.05524    1.35186 f
  intadd_2_U8/CO (FA1D0)                               0.05524    1.40710 f
  intadd_2_U7/CO (FA1D0)                               0.05524    1.46235 f
  intadd_2_U6/CO (FA1D0)                               0.05524    1.51759 f
  intadd_2_U5/CO (FA1D0)                               0.05524    1.57284 f
  intadd_2_U4/CO (FA1D0)                               0.05524    1.62808 f
  intadd_2_U3/CO (FA1D0)                               0.05524    1.68333 f
  intadd_2_U2/CO (FA1D0)                               0.05200    1.73532 f
  U120/ZN (INVD0)                                      0.02098    1.75631 r
  DP_OP_85J1_122_5649_U44/S (CMPE42D1)                 0.06462    1.82093 r
  U119/ZN (INVD0)                                      0.01575    1.83668 f
  intadd_0_U5/CO (FA1D0)                               0.09827    1.93495 f
  intadd_0_U4/CO (FA1D0)                               0.05524    1.99020 f
  intadd_0_U3/CO (FA1D0)                               0.05524    2.04544 f
  intadd_0_U2/CO (FA1D0)                               0.05863    2.10407 f
  U114/ZN (XNR3D0)                                     0.12754    2.23161 f
  U85/ZN (INVD0)                                       0.11525    2.34686 r
  U86/ZN (CKND2D0)                                     0.06290    2.40976 f
  U206/ZN (INVD1)                                      0.05522    2.46498 r
  U359/S (FA1D0)                                       0.07878    2.54377 f
  intadd_3_U6/CO (FA1D0)                               0.08077    2.62454 f
  intadd_3_U5/CO (FA1D0)                               0.05524    2.67978 f
  intadd_3_U4/CO (FA1D0)                               0.05524    2.73503 f
  intadd_3_U3/CO (FA1D0)                               0.05524    2.79027 f
  intadd_3_U2/CO (FA1D0)                               0.05863    2.84890 f
  U364/Z (XOR4D0)                                      0.09752    2.94642 f
  U365/ZN (MUX2ND0)                                    0.06576    3.01218 f
  result[30] (out)                                     0.00000    3.01218 f
  data arrival time                                               3.01218

  clock vclk (rise edge)                              10.00000   10.00000
  clock network delay (ideal)                          0.00000   10.00000
  clock reconvergence pessimism                        0.00000   10.00000
  output external delay                               -0.02000    9.98000
  data required time                                              9.98000
  ------------------------------------------------------------------------------
  data required time                                              9.98000
  data arrival time                                              -3.01218
  ------------------------------------------------------------------------------
  slack (MET)                                                     6.96782

Warning: report_timing has satisfied the max_paths criteria. There are 31 further endpoints which have paths of interest with slack less than 1000.00000 that were not considered when generating this report. (UITE-502)

1
