****************************************
Report : Averaged Power
	-hierarchy
	-significant_digits
Design : oadm_runtime_p6
Version: U-2022.12-SP5
Date   : Thu Aug 20 03:55:04 2026
****************************************



                                      Int      Switch   Leak     Total
Hierarchy                             Power    Power    Power    Power    %
----------------------------------------------------------------------------------
oadm_runtime_p6                       5.68e-03 7.55e-04 7.32e-05 6.51e-03 100.0
  impl (oadm_dm_pipe_5f)              5.68e-03 7.47e-04 7.29e-05 6.50e-03  99.8
    cut0 (oadm_pipe_cut_174_1)        8.42e-04 1.50e-05 4.12e-06 8.61e-04  13.2
    cut1 (oadm_pipe_cut_201_1)        1.03e-03 1.83e-05 5.09e-06 1.05e-03  16.2
    cut2 (oadm_pipe_cut_159_1)        1.13e-03 2.07e-05 5.38e-06 1.16e-03  17.8
    cut3 (oadm_pipe_cut_51_1)         3.67e-04 1.86e-05 1.73e-06 3.87e-04   5.9
    cut4 (oadm_pipe_cut_71_1)         5.48e-04 7.51e-06 2.49e-06 5.58e-04   8.6
    cut5 (oadm_pipe_cut_43_0)         3.34e-06 2.16e-06 1.49e-07 5.66e-06   0.1
    cut6 (oadm_pipe_cut_32_1)         2.37e-04 1.25e-05 1.13e-06 2.51e-04   3.9
    csa0 (csa3_WIDTH29_2)             6.07e-05 1.69e-05 1.40e-06 7.89e-05   1.2
    csa1 (csa3_WIDTH29_1)             6.10e-05 1.78e-05 1.39e-06 8.02e-05   1.2
    csa2 (csa3_WIDTH29_0)             5.94e-05 1.33e-05 1.39e-06 7.41e-05   1.1
1
