****************************************
Report : Averaged Power
	-hierarchy
	-significant_digits
Design : oadm_fixed_l1_div_opt
Version: U-2022.12-SP5
Date   : Thu Sep  3 12:28:16 2026
****************************************



                                      Int      Switch   Leak     Total
Hierarchy                             Power    Power    Power    Power    %
----------------------------------------------------------------------------------
oadm_fixed_l1_div_opt                 1.23e-04 3.81e-05 1.78e-05 1.79e-04 100.0
  impl (oadm_multilevel_opt_FIXED_LEVEL1)
                                      1.23e-04 3.81e-05 1.78e-05 1.79e-04 100.0
    mult_67 (oadm_multilevel_opt_FIXED_LEVEL1_DW_mult_uns_0_DW_mult_uns_2)
                                      6.76e-05 1.31e-05 6.52e-06 8.73e-05  48.7
    fixed_centered_plane_plane (oadm_fixed_plane_centered_LEVEL1)
                                      4.08e-05 1.33e-05 8.92e-06 6.30e-05  35.2
      sub_70 (oadm_fixed_plane_centered_LEVEL1_DW01_sub_0)
                                      5.55e-06 3.46e-06 8.88e-07 9.89e-06   5.5
      x_rounding_lut (oadm_multilevel_rounding_lut_0)
                                      1.46e-07 4.72e-08 6.31e-08 2.56e-07   0.1
      y_rounding_lut (oadm_multilevel_rounding_lut_1)
                                      1.88e-07 8.15e-08 9.93e-08 3.68e-07   0.2
      sub_0_root_sub_67 (oadm_fixed_plane_centered_LEVEL1_DW01_sub_3)
                                      1.18e-05 3.20e-06 1.83e-06 1.69e-05   9.4
      mult_31 (oadm_fixed_plane_centered_LEVEL1_DW_mult_tc_0)
                                      1.08e-05 3.02e-06 2.77e-06 1.66e-05   9.2
      mult_33 (oadm_fixed_plane_centered_LEVEL1_DW_mult_tc_1)
                                      1.08e-05 2.83e-06 2.77e-06 1.64e-05   9.1
    fp_wrapper (fp32_normal_finite_wrapper)
                                      8.48e-06 5.84e-06 1.73e-06 1.60e-05   9.0
      add_1_root_add_0_root_add_22_2 (fp32_normal_finite_wrapper_DW01_add_1_DW01_add_9)
                                      1.69e-06 2.63e-07 4.52e-07 2.41e-06   1.3
1
