****************************************
Report : Averaged Power
	-hierarchy
	-significant_digits
Design : oadm_fixed_l4_p2
Version: U-2022.12-SP5
Date   : Tue Aug 18 03:25:23 2026
****************************************



                                      Int      Switch   Leak     Total
Hierarchy                             Power    Power    Power    Power    %
----------------------------------------------------------------------------------
oadm_fixed_l4_p2                      1.23e-03 2.43e-04 5.66e-05 1.53e-03 100.0
  impl (oadm_dm_fixed_pipe_4_44)      1.23e-03 2.42e-04 5.63e-05 1.53e-03  99.8
    impl (oadm_dm_pipe_44)            1.23e-03 2.41e-04 5.63e-05 1.53e-03  99.7
      cut0 (oadm_pipe_cut_198_0)      1.20e-05 6.08e-06 7.83e-07 1.89e-05   1.2
      cut1 (oadm_pipe_cut_227_0)      1.63e-05 7.90e-06 8.59e-07 2.51e-05   1.6
      cut2 (oadm_pipe_cut_169_1)      4.57e-04 1.21e-05 5.49e-06 4.74e-04  30.9
      cut3 (oadm_pipe_cut_53_0)       5.81e-06 5.60e-06 3.46e-07 1.18e-05   0.8
      cut4 (oadm_pipe_cut_75_0)       9.57e-06 3.02e-06 5.01e-07 1.31e-05   0.9
      cut5 (oadm_pipe_cut_45_0)       9.34e-07 6.18e-07 1.00e-07 1.65e-06   0.1
      cut6 (oadm_pipe_cut_32_1)       8.89e-05 4.66e-06 1.13e-06 9.47e-05   6.2
      csa0 (csa3_WIDTH29_2)           2.96e-05 6.63e-06 1.70e-06 3.80e-05   2.5
      csa1 (csa3_WIDTH29_1)           3.03e-05 6.85e-06 1.67e-06 3.88e-05   2.5
      csa2 (csa3_WIDTH29_0)           3.05e-05 6.61e-06 1.67e-06 3.88e-05   2.5
1
