****************************************
Report : timing
	-path_type full
	-delay_type min
	-max_paths 1
	-sort_by slack
Design : oadm_dm
Version: U-2022.12-SP5
Date   : Sat Aug 15 01:55:40 2026
****************************************


  Startpoint: x[0] (input port clocked by clk)
  Endpoint: mantissa_core/x_stage1_reg_0_
               (rising edge-triggered flip-flop clocked by clk)
  Path Group: clk
  Path Type: min

  Point                                                   Incr       Path
  ------------------------------------------------------------------------------
  clock clk (rise edge)                                 0.0000     0.0000
  clock network delay (propagated)                      0.0000     0.0000
  input external delay                                  0.0200     0.0200 f
  x[0] (in)                                             0.0000     0.0200 f
  U426/Z (BUFFD1)                                       0.0309     0.0509 f
  mantissa_core/x_stage1_reg_0_/D (DFQD1)               0.0000     0.0509 f
  data arrival time                                                0.0509

  clock clk (rise edge)                                 0.0000     0.0000
  clock network delay (propagated)                      0.0000     0.0000
  clock reconvergence pessimism                         0.0000     0.0000
  mantissa_core/x_stage1_reg_0_/CP (DFQD1)                         0.0000 r
  library hold time                                     0.0104     0.0104
  data required time                                               0.0104
  ------------------------------------------------------------------------------
  data required time                                               0.0104
  data arrival time                                               -0.0509
  ------------------------------------------------------------------------------
  slack (MET)                                                      0.0405


1
