****************************************
Report : Time Based Power
	-significant_digits
Design : oadm_dm
Version: U-2022.12-SP5
Date   : Wed Jul 22 03:23:55 2026
****************************************



  Attributes
  ----------
      i  -  Including register clock pin internal power
      u  -  User defined power group

                        Internal             Switching            Leakage              Total
Power Group             Power                Power                Power                Power               (     %)   Attrs
----------------------------------------------------------------------------------------------------------------------------
clock_network           0.0000e+00           0.0000e+00           0.0000e+00           0.0000e+00          ( 0.00%)   i
register                0.0000e+00           0.0000e+00           0.0000e+00           0.0000e+00          ( 0.00%)   
combinational           1.7167e-03           1.3113e-03           9.2772e-05           3.1207e-03          (100.00%)  
sequential              0.0000e+00           0.0000e+00           0.0000e+00           0.0000e+00          ( 0.00%)   
memory                  0.0000e+00           0.0000e+00           0.0000e+00           0.0000e+00          ( 0.00%)   
io_pad                  0.0000e+00           0.0000e+00           0.0000e+00           0.0000e+00          ( 0.00%)   
black_box               0.0000e+00           0.0000e+00           0.0000e+00           0.0000e+00          ( 0.00%)   

  Net Switching Power  = 1.3113e-03            (42.02%)
  Cell Internal Power  = 1.7167e-03            (55.01%)
  Cell Leakage Power   = 9.2772e-05            ( 2.97%)
                         -------------------------
Total Power            = 3.1207e-03           (100.00%)

X Transition Power     = 0.0000e+00         
Glitching Power        = 4.7621e-05         

Peak Power             = 5.0933e-02         
Peak Time              = 20140.191

1
