****************************************
Report : reference
Design : input_l0_mask_b3
Version: U-2022.12-SP5
Date   : Sat Sep  5 14:41:27 2026
****************************************


Attributes:
    b - black-box (unknown)
    h - hierarchical
    n - noncombinational
    u - contains unmapped logic
    A - abstracted timing model
    E - extracted timing model
    S - Stamp timing model
    Q - Quick timing model (QTM)

Reference          Library       Unit Area   Count    Total Area   Attributes
--------------------------------------------------------------------------------
oadm_input_trial_3_0_0_18_18_7_3b
                                  443.16     1         443.16      h
--------------------------------------------------------------------------------
Total 1 references                                     443.16
1
