****************************************
Report : Averaged Power
	-hierarchy
	-significant_digits
Design : oadm_fixed_l0_p6
Version: U-2022.12-SP5
Date   : Tue Aug 18 15:23:31 2026
****************************************



                                      Int      Switch   Leak     Total
Hierarchy                             Power    Power    Power    Power    %
----------------------------------------------------------------------------------
oadm_fixed_l0_p6                      2.37e-03 2.77e-04 2.27e-05 2.67e-03 100.0
  impl (oadm_dm_fixed_pipe_0_5f)      2.36e-03 2.73e-04 2.24e-05 2.66e-03  99.7
    impl (oadm_dm_pipe_5f)            2.36e-03 2.72e-04 2.24e-05 2.66e-03  99.7
      cut0 (oadm_pipe_cut_198_1)      3.06e-04 5.04e-06 1.40e-06 3.12e-04  11.7
      cut1 (oadm_pipe_cut_227_1)      2.98e-04 5.04e-06 1.40e-06 3.05e-04  11.4
      cut2 (oadm_pipe_cut_169_1)      2.98e-04 4.39e-06 1.40e-06 3.04e-04  11.4
      cut3 (oadm_pipe_cut_53_1)       2.98e-04 1.83e-05 1.42e-06 3.18e-04  11.9
      cut4 (oadm_pipe_cut_75_1)       5.17e-04 6.80e-06 2.40e-06 5.26e-04  19.7
      cut5 (oadm_pipe_cut_45_0)       3.29e-06 2.17e-06 1.39e-07 5.60e-06   0.2
      cut6 (oadm_pipe_cut_32_1)       2.34e-04 1.14e-05 1.13e-06 2.46e-04   9.2
      csa0 (csa3_WIDTH29_2)           8.55e-06 3.25e-06 1.59e-07 1.20e-05   0.4
      csa1 (csa3_WIDTH29_1)           8.48e-06 3.25e-06 1.59e-07 1.19e-05   0.4
      csa2 (csa3_WIDTH29_0)           8.50e-06 3.90e-06 1.59e-07 1.26e-05   0.5
1
