****************************************
Report : timing
	-path_type full
	-delay_type max
	-nworst 10
	-slack_lesser_than 1000.00000
	-max_paths 10
	-sort_by slack
Design : plsad_fp32_div_10bit
Version: U-2022.12-SP5
Date   : Sat Aug 22 17:13:29 2026
****************************************


  Startpoint: y[21] (input port clocked by vclk)
  Endpoint: result[22] (output port clocked by vclk)
  Path Group: vclk
  Path Type: max

  Point                                                   Incr       Path
  ------------------------------------------------------------------------------
  clock vclk (rise edge)                               0.00000    0.00000
  clock network delay (ideal)                          0.00000    0.00000
  input external delay                                 0.02000    0.02000 f
  y[21] (in)                                           0.00000    0.02000 f
  U13/Z (BUFFD0)                                       0.02841    0.04841 f
  impl/U157/Z (BUFFD0)                                 0.03875    0.08716 f
  impl/U139/ZN (CKND2D0)                               0.04302    0.13017 r
  impl/U126/Z (OR2D0)                                  0.05060    0.18078 r
  impl/U118/Z (BUFFD0)                                 0.04792    0.22870 r
  impl/U110/Z (BUFFD0)                                 0.04663    0.27533 r
  impl/U101/ZN (INVD0)                                 0.02820    0.30353 f
  impl/U227/ZN (CKND2D0)                               0.02371    0.32724 r
  impl/U228/ZN (OAI211D0)                              0.04197    0.36921 f
  impl/U229/Z (AO21D0)                                 0.06726    0.43647 f
  impl/U41/Z (XOR2D0)                                  0.05174    0.48821 r
  impl/DP_OP_187J1_123_5310/U98/CO (FA1D0)             0.09193    0.58014 r
  impl/DP_OP_187J1_123_5310/U97/CO (FA1D0)             0.05068    0.63083 r
  impl/DP_OP_187J1_123_5310/U96/S (FA1D0)              0.06427    0.69510 f
  impl/DP_OP_187J1_123_5310/U17/CO (FA1D0)             0.10109    0.79619 f
  impl/DP_OP_187J1_123_5310/U16/CO (FA1D0)             0.05525    0.85144 f
  impl/DP_OP_187J1_123_5310/U15/CO (FA1D0)             0.05524    0.90668 f
  impl/DP_OP_187J1_123_5310/U14/CO (FA1D0)             0.05524    0.96193 f
  impl/DP_OP_187J1_123_5310/U13/CO (FA1D0)             0.05524    1.01717 f
  impl/DP_OP_187J1_123_5310/U12/CO (FA1D0)             0.05524    1.07241 f
  impl/DP_OP_187J1_123_5310/U11/CO (FA1D0)             0.05524    1.12766 f
  impl/DP_OP_187J1_123_5310/U10/CO (FA1D0)             0.05524    1.18290 f
  impl/DP_OP_187J1_123_5310/U9/CO (FA1D0)              0.06311    1.24601 f
  impl/U15/ZN (INVD0)                                  0.01951    1.26552 r
  impl/U14/ZN (CKND2D0)                                0.02481    1.29033 f
  impl/U12/Z (OR2D0)                                   0.04851    1.33884 f
  impl/U10/Z (OR2D0)                                   0.04692    1.38576 f
  impl/U8/Z (OR2D0)                                    0.04257    1.42833 f
  impl/U6/ZN (XNR2D0)                                  0.05383    1.48216 f
  impl/U5/ZN (AOI22D0)                                 0.04712    1.52928 r
  impl/U165/ZN (INVD0)                                 0.03079    1.56007 f
  impl/pack/U56/Z (OR4D0)                              0.10794    1.66801 f
  impl/pack/U55/ZN (IND2D0)                            0.03459    1.70260 r
  impl/pack/U54/ZN (INVD0)                             0.01603    1.71863 f
  impl/pack/U51/ZN (INVD0)                             0.03009    1.74871 r
  impl/pack/U48/ZN (CKND2D0)                           0.04254    1.79125 f
  impl/pack/U46/ZN (NR2D0)                             0.04666    1.83791 r
  impl/pack/U43/ZN (CKND2D0)                           0.03880    1.87671 f
  impl/pack/U108/ZN (MUX2ND0)                          0.04382    1.92053 r
  impl/pack/U36/ZN (IIND4D0)                           0.04142    1.96195 r
  impl/pack/U35/ZN (OAI21D0)                           0.02420    1.98615 f
  impl/pack/U33/ZN (AOI211D0)                          0.08261    2.06876 r
  impl/pack/U32/Z (CKAN2D0)                            0.05540    2.12416 r
  impl/pack/U28/ZN (INVD0)                             0.02492    2.14908 f
  impl/pack/U26/ZN (INVD0)                             0.03543    2.18451 r
  impl/pack/U20/ZN (CKND2D0)                           0.04076    2.22527 f
  impl/pack/U104/ZN (INVD0)                            0.03634    2.26161 r
  impl/pack/U5/ZN (AOI22D0)                            0.03250    2.29411 f
  impl/pack/U3/ZN (CKND2D0)                            0.05183    2.34594 r
  result[22] (out)                                     0.00000    2.34594 r
  data arrival time                                               2.34594

  clock vclk (rise edge)                              10.00000   10.00000
  clock network delay (ideal)                          0.00000   10.00000
  clock reconvergence pessimism                        0.00000   10.00000
  output external delay                               -0.02000    9.98000
  data required time                                              9.98000
  ------------------------------------------------------------------------------
  data required time                                              9.98000
  data arrival time                                              -2.34594
  ------------------------------------------------------------------------------
  slack (MET)                                                     7.63406


  Startpoint: y[21] (input port clocked by vclk)
  Endpoint: result[22] (output port clocked by vclk)
  Path Group: vclk
  Path Type: max

  Point                                                   Incr       Path
  ------------------------------------------------------------------------------
  clock vclk (rise edge)                               0.00000    0.00000
  clock network delay (ideal)                          0.00000    0.00000
  input external delay                                 0.02000    0.02000 f
  y[21] (in)                                           0.00000    0.02000 f
  U13/Z (BUFFD0)                                       0.02841    0.04841 f
  impl/U157/Z (BUFFD0)                                 0.03875    0.08716 f
  impl/U139/ZN (CKND2D0)                               0.04302    0.13017 r
  impl/U126/Z (OR2D0)                                  0.05060    0.18078 r
  impl/U118/Z (BUFFD0)                                 0.04792    0.22870 r
  impl/U110/Z (BUFFD0)                                 0.04663    0.27533 r
  impl/U101/ZN (INVD0)                                 0.02820    0.30353 f
  impl/U227/ZN (CKND2D0)                               0.02371    0.32724 r
  impl/U228/ZN (OAI211D0)                              0.04197    0.36921 f
  impl/U229/Z (AO21D0)                                 0.06726    0.43647 f
  impl/U41/Z (XOR2D0)                                  0.05174    0.48821 r
  impl/DP_OP_187J1_123_5310/U98/CO (FA1D0)             0.09193    0.58014 r
  impl/DP_OP_187J1_123_5310/U97/CO (FA1D0)             0.05068    0.63083 r
  impl/DP_OP_187J1_123_5310/U96/S (FA1D0)              0.06427    0.69510 f
  impl/DP_OP_187J1_123_5310/U17/CO (FA1D0)             0.10109    0.79619 f
  impl/DP_OP_187J1_123_5310/U16/CO (FA1D0)             0.05525    0.85144 f
  impl/DP_OP_187J1_123_5310/U15/CO (FA1D0)             0.05524    0.90668 f
  impl/DP_OP_187J1_123_5310/U14/CO (FA1D0)             0.05524    0.96193 f
  impl/DP_OP_187J1_123_5310/U13/CO (FA1D0)             0.05524    1.01717 f
  impl/DP_OP_187J1_123_5310/U12/CO (FA1D0)             0.05524    1.07241 f
  impl/DP_OP_187J1_123_5310/U11/CO (FA1D0)             0.05524    1.12766 f
  impl/DP_OP_187J1_123_5310/U10/CO (FA1D0)             0.05524    1.18290 f
  impl/DP_OP_187J1_123_5310/U9/CO (FA1D0)              0.06311    1.24601 f
  impl/U15/ZN (INVD0)                                  0.01951    1.26552 r
  impl/U14/ZN (CKND2D0)                                0.02481    1.29033 f
  impl/U12/Z (OR2D0)                                   0.04851    1.33884 f
  impl/U10/Z (OR2D0)                                   0.04692    1.38576 f
  impl/U8/Z (OR2D0)                                    0.04257    1.42833 f
  impl/U6/ZN (XNR2D0)                                  0.05383    1.48216 f
  impl/U5/ZN (AOI22D0)                                 0.04712    1.52928 r
  impl/U165/ZN (INVD0)                                 0.03079    1.56007 f
  impl/pack/U56/Z (OR4D0)                              0.10794    1.66801 f
  impl/pack/U55/ZN (IND2D0)                            0.03459    1.70260 r
  impl/pack/U54/ZN (INVD0)                             0.01603    1.71863 f
  impl/pack/U51/ZN (INVD0)                             0.03009    1.74871 r
  impl/pack/U48/ZN (CKND2D0)                           0.04254    1.79125 f
  impl/pack/U46/ZN (NR2D0)                             0.04666    1.83791 r
  impl/pack/U43/ZN (CKND2D0)                           0.03880    1.87671 f
  impl/pack/U108/ZN (MUX2ND0)                          0.05766    1.93437 f
  impl/pack/U36/ZN (IIND4D0)                           0.06534    1.99972 f
  impl/pack/U35/ZN (OAI21D0)                           0.04008    2.03980 r
  impl/pack/U33/ZN (AOI211D0)                          0.02896    2.06876 f
  impl/pack/U32/Z (CKAN2D0)                            0.04513    2.11389 f
  impl/pack/U28/ZN (INVD0)                             0.03117    2.14506 r
  impl/pack/U26/ZN (INVD0)                             0.02897    2.17403 f
  impl/pack/U20/ZN (CKND2D0)                           0.04511    2.21913 r
  impl/pack/U104/ZN (INVD0)                            0.02839    2.24752 f
  impl/pack/U5/ZN (AOI22D0)                            0.05069    2.29821 r
  impl/pack/U3/ZN (CKND2D0)                            0.04755    2.34576 f
  result[22] (out)                                     0.00000    2.34576 f
  data arrival time                                               2.34576

  clock vclk (rise edge)                              10.00000   10.00000
  clock network delay (ideal)                          0.00000   10.00000
  clock reconvergence pessimism                        0.00000   10.00000
  output external delay                               -0.02000    9.98000
  data required time                                              9.98000
  ------------------------------------------------------------------------------
  data required time                                              9.98000
  data arrival time                                              -2.34576
  ------------------------------------------------------------------------------
  slack (MET)                                                     7.63424


  Startpoint: y[21] (input port clocked by vclk)
  Endpoint: result[22] (output port clocked by vclk)
  Path Group: vclk
  Path Type: max

  Point                                                   Incr       Path
  ------------------------------------------------------------------------------
  clock vclk (rise edge)                               0.00000    0.00000
  clock network delay (ideal)                          0.00000    0.00000
  input external delay                                 0.02000    0.02000 f
  y[21] (in)                                           0.00000    0.02000 f
  U13/Z (BUFFD0)                                       0.02841    0.04841 f
  impl/U157/Z (BUFFD0)                                 0.03875    0.08716 f
  impl/U139/ZN (CKND2D0)                               0.04302    0.13017 r
  impl/U126/Z (OR2D0)                                  0.05060    0.18078 r
  impl/U118/Z (BUFFD0)                                 0.04792    0.22870 r
  impl/U110/Z (BUFFD0)                                 0.04663    0.27533 r
  impl/U101/ZN (INVD0)                                 0.02820    0.30353 f
  impl/U227/ZN (CKND2D0)                               0.02371    0.32724 r
  impl/U228/ZN (OAI211D0)                              0.04197    0.36921 f
  impl/U229/Z (AO21D0)                                 0.06726    0.43647 f
  impl/U41/Z (XOR2D0)                                  0.04217    0.47864 f
  impl/DP_OP_187J1_123_5310/U98/CO (FA1D0)             0.10144    0.58008 f
  impl/DP_OP_187J1_123_5310/U97/CO (FA1D0)             0.05524    0.63533 f
  impl/DP_OP_187J1_123_5310/U96/CO (FA1D0)             0.05524    0.69057 f
  impl/DP_OP_187J1_123_5310/U95/CO (FA1D0)             0.05524    0.74581 f
  impl/DP_OP_187J1_123_5310/U94/CO (FA1D0)             0.05524    0.80106 f
  impl/DP_OP_187J1_123_5310/U93/S (FA1D0)              0.05803    0.85909 f
  impl/DP_OP_187J1_123_5310/U14/CO (FA1D0)             0.10117    0.96026 f
  impl/DP_OP_187J1_123_5310/U13/CO (FA1D0)             0.05524    1.01551 f
  impl/DP_OP_187J1_123_5310/U12/CO (FA1D0)             0.05524    1.07075 f
  impl/DP_OP_187J1_123_5310/U11/CO (FA1D0)             0.05524    1.12600 f
  impl/DP_OP_187J1_123_5310/U10/CO (FA1D0)             0.05524    1.18124 f
  impl/DP_OP_187J1_123_5310/U9/CO (FA1D0)              0.06311    1.24435 f
  impl/U15/ZN (INVD0)                                  0.01951    1.26386 r
  impl/U14/ZN (CKND2D0)                                0.02481    1.28867 f
  impl/U12/Z (OR2D0)                                   0.04851    1.33718 f
  impl/U10/Z (OR2D0)                                   0.04692    1.38409 f
  impl/U8/Z (OR2D0)                                    0.04257    1.42667 f
  impl/U6/ZN (XNR2D0)                                  0.05383    1.48050 f
  impl/U5/ZN (AOI22D0)                                 0.04712    1.52762 r
  impl/U165/ZN (INVD0)                                 0.03079    1.55841 f
  impl/pack/U56/Z (OR4D0)                              0.10794    1.66635 f
  impl/pack/U55/ZN (IND2D0)                            0.03459    1.70094 r
  impl/pack/U54/ZN (INVD0)                             0.01603    1.71696 f
  impl/pack/U51/ZN (INVD0)                             0.03009    1.74705 r
  impl/pack/U48/ZN (CKND2D0)                           0.04254    1.78959 f
  impl/pack/U46/ZN (NR2D0)                             0.04666    1.83625 r
  impl/pack/U43/ZN (CKND2D0)                           0.03880    1.87505 f
  impl/pack/U108/ZN (MUX2ND0)                          0.04382    1.91887 r
  impl/pack/U36/ZN (IIND4D0)                           0.04142    1.96029 r
  impl/pack/U35/ZN (OAI21D0)                           0.02420    1.98449 f
  impl/pack/U33/ZN (AOI211D0)                          0.08261    2.06710 r
  impl/pack/U32/Z (CKAN2D0)                            0.05540    2.12250 r
  impl/pack/U28/ZN (INVD0)                             0.02492    2.14742 f
  impl/pack/U26/ZN (INVD0)                             0.03543    2.18285 r
  impl/pack/U20/ZN (CKND2D0)                           0.04076    2.22361 f
  impl/pack/U104/ZN (INVD0)                            0.03634    2.25994 r
  impl/pack/U5/ZN (AOI22D0)                            0.03250    2.29245 f
  impl/pack/U3/ZN (CKND2D0)                            0.05183    2.34427 r
  result[22] (out)                                     0.00000    2.34427 r
  data arrival time                                               2.34427

  clock vclk (rise edge)                              10.00000   10.00000
  clock network delay (ideal)                          0.00000   10.00000
  clock reconvergence pessimism                        0.00000   10.00000
  output external delay                               -0.02000    9.98000
  data required time                                              9.98000
  ------------------------------------------------------------------------------
  data required time                                              9.98000
  data arrival time                                              -2.34427
  ------------------------------------------------------------------------------
  slack (MET)                                                     7.63573


  Startpoint: y[21] (input port clocked by vclk)
  Endpoint: result[22] (output port clocked by vclk)
  Path Group: vclk
  Path Type: max

  Point                                                   Incr       Path
  ------------------------------------------------------------------------------
  clock vclk (rise edge)                               0.00000    0.00000
  clock network delay (ideal)                          0.00000    0.00000
  input external delay                                 0.02000    0.02000 f
  y[21] (in)                                           0.00000    0.02000 f
  U13/Z (BUFFD0)                                       0.02841    0.04841 f
  impl/U157/Z (BUFFD0)                                 0.03875    0.08716 f
  impl/U139/ZN (CKND2D0)                               0.04302    0.13017 r
  impl/U126/Z (OR2D0)                                  0.05060    0.18078 r
  impl/U118/Z (BUFFD0)                                 0.04792    0.22870 r
  impl/U110/Z (BUFFD0)                                 0.04663    0.27533 r
  impl/U101/ZN (INVD0)                                 0.02820    0.30353 f
  impl/U227/ZN (CKND2D0)                               0.02371    0.32724 r
  impl/U228/ZN (OAI211D0)                              0.04197    0.36921 f
  impl/U229/Z (AO21D0)                                 0.06726    0.43647 f
  impl/U41/Z (XOR2D0)                                  0.04217    0.47864 f
  impl/DP_OP_187J1_123_5310/U98/CO (FA1D0)             0.10144    0.58008 f
  impl/DP_OP_187J1_123_5310/U97/CO (FA1D0)             0.05524    0.63533 f
  impl/DP_OP_187J1_123_5310/U96/S (FA1D0)              0.05803    0.69336 f
  impl/DP_OP_187J1_123_5310/U17/CO (FA1D0)             0.10109    0.79445 f
  impl/DP_OP_187J1_123_5310/U16/CO (FA1D0)             0.05525    0.84970 f
  impl/DP_OP_187J1_123_5310/U15/CO (FA1D0)             0.05524    0.90494 f
  impl/DP_OP_187J1_123_5310/U14/CO (FA1D0)             0.05524    0.96019 f
  impl/DP_OP_187J1_123_5310/U13/CO (FA1D0)             0.05524    1.01543 f
  impl/DP_OP_187J1_123_5310/U12/CO (FA1D0)             0.05524    1.07067 f
  impl/DP_OP_187J1_123_5310/U11/CO (FA1D0)             0.05524    1.12592 f
  impl/DP_OP_187J1_123_5310/U10/CO (FA1D0)             0.05524    1.18116 f
  impl/DP_OP_187J1_123_5310/U9/CO (FA1D0)              0.06311    1.24427 f
  impl/U15/ZN (INVD0)                                  0.01951    1.26378 r
  impl/U14/ZN (CKND2D0)                                0.02481    1.28859 f
  impl/U12/Z (OR2D0)                                   0.04851    1.33710 f
  impl/U10/Z (OR2D0)                                   0.04692    1.38402 f
  impl/U8/Z (OR2D0)                                    0.04257    1.42659 f
  impl/U6/ZN (XNR2D0)                                  0.05383    1.48042 f
  impl/U5/ZN (AOI22D0)                                 0.04712    1.52754 r
  impl/U165/ZN (INVD0)                                 0.03079    1.55833 f
  impl/pack/U56/Z (OR4D0)                              0.10794    1.66627 f
  impl/pack/U55/ZN (IND2D0)                            0.03459    1.70086 r
  impl/pack/U54/ZN (INVD0)                             0.01603    1.71689 f
  impl/pack/U51/ZN (INVD0)                             0.03009    1.74697 r
  impl/pack/U48/ZN (CKND2D0)                           0.04254    1.78951 f
  impl/pack/U46/ZN (NR2D0)                             0.04666    1.83617 r
  impl/pack/U43/ZN (CKND2D0)                           0.03880    1.87497 f
  impl/pack/U108/ZN (MUX2ND0)                          0.04382    1.91879 r
  impl/pack/U36/ZN (IIND4D0)                           0.04142    1.96021 r
  impl/pack/U35/ZN (OAI21D0)                           0.02420    1.98441 f
  impl/pack/U33/ZN (AOI211D0)                          0.08261    2.06702 r
  impl/pack/U32/Z (CKAN2D0)                            0.05540    2.12242 r
  impl/pack/U28/ZN (INVD0)                             0.02492    2.14734 f
  impl/pack/U26/ZN (INVD0)                             0.03543    2.18277 r
  impl/pack/U20/ZN (CKND2D0)                           0.04076    2.22353 f
  impl/pack/U104/ZN (INVD0)                            0.03634    2.25987 r
  impl/pack/U5/ZN (AOI22D0)                            0.03250    2.29237 f
  impl/pack/U3/ZN (CKND2D0)                            0.05183    2.34420 r
  result[22] (out)                                     0.00000    2.34420 r
  data arrival time                                               2.34420

  clock vclk (rise edge)                              10.00000   10.00000
  clock network delay (ideal)                          0.00000   10.00000
  clock reconvergence pessimism                        0.00000   10.00000
  output external delay                               -0.02000    9.98000
  data required time                                              9.98000
  ------------------------------------------------------------------------------
  data required time                                              9.98000
  data arrival time                                              -2.34420
  ------------------------------------------------------------------------------
  slack (MET)                                                     7.63580


  Startpoint: y[21] (input port clocked by vclk)
  Endpoint: result[22] (output port clocked by vclk)
  Path Group: vclk
  Path Type: max

  Point                                                   Incr       Path
  ------------------------------------------------------------------------------
  clock vclk (rise edge)                               0.00000    0.00000
  clock network delay (ideal)                          0.00000    0.00000
  input external delay                                 0.02000    0.02000 f
  y[21] (in)                                           0.00000    0.02000 f
  U13/Z (BUFFD0)                                       0.02841    0.04841 f
  impl/U157/Z (BUFFD0)                                 0.03875    0.08716 f
  impl/U139/ZN (CKND2D0)                               0.04302    0.13017 r
  impl/U126/Z (OR2D0)                                  0.05060    0.18078 r
  impl/U118/Z (BUFFD0)                                 0.04792    0.22870 r
  impl/U110/Z (BUFFD0)                                 0.04663    0.27533 r
  impl/U101/ZN (INVD0)                                 0.02820    0.30353 f
  impl/U227/ZN (CKND2D0)                               0.02371    0.32724 r
  impl/U228/ZN (OAI211D0)                              0.04197    0.36921 f
  impl/U229/Z (AO21D0)                                 0.06726    0.43647 f
  impl/U41/Z (XOR2D0)                                  0.04217    0.47864 f
  impl/DP_OP_187J1_123_5310/U98/CO (FA1D0)             0.10144    0.58008 f
  impl/DP_OP_187J1_123_5310/U97/CO (FA1D0)             0.05524    0.63533 f
  impl/DP_OP_187J1_123_5310/U96/CO (FA1D0)             0.05524    0.69057 f
  impl/DP_OP_187J1_123_5310/U95/CO (FA1D0)             0.05524    0.74581 f
  impl/DP_OP_187J1_123_5310/U94/CO (FA1D0)             0.05524    0.80106 f
  impl/DP_OP_187J1_123_5310/U93/CO (FA1D0)             0.05524    0.85630 f
  impl/DP_OP_187J1_123_5310/U92/S (FA1D0)              0.05803    0.91434 f
  impl/DP_OP_187J1_123_5310/U13/CO (FA1D0)             0.10109    1.01543 f
  impl/DP_OP_187J1_123_5310/U12/CO (FA1D0)             0.05524    1.07067 f
  impl/DP_OP_187J1_123_5310/U11/CO (FA1D0)             0.05524    1.12592 f
  impl/DP_OP_187J1_123_5310/U10/CO (FA1D0)             0.05524    1.18116 f
  impl/DP_OP_187J1_123_5310/U9/CO (FA1D0)              0.06311    1.24427 f
  impl/U15/ZN (INVD0)                                  0.01951    1.26378 r
  impl/U14/ZN (CKND2D0)                                0.02481    1.28859 f
  impl/U12/Z (OR2D0)                                   0.04851    1.33710 f
  impl/U10/Z (OR2D0)                                   0.04692    1.38402 f
  impl/U8/Z (OR2D0)                                    0.04257    1.42659 f
  impl/U6/ZN (XNR2D0)                                  0.05383    1.48042 f
  impl/U5/ZN (AOI22D0)                                 0.04712    1.52754 r
  impl/U165/ZN (INVD0)                                 0.03079    1.55833 f
  impl/pack/U56/Z (OR4D0)                              0.10794    1.66627 f
  impl/pack/U55/ZN (IND2D0)                            0.03459    1.70086 r
  impl/pack/U54/ZN (INVD0)                             0.01603    1.71688 f
  impl/pack/U51/ZN (INVD0)                             0.03009    1.74697 r
  impl/pack/U48/ZN (CKND2D0)                           0.04254    1.78951 f
  impl/pack/U46/ZN (NR2D0)                             0.04666    1.83617 r
  impl/pack/U43/ZN (CKND2D0)                           0.03880    1.87497 f
  impl/pack/U108/ZN (MUX2ND0)                          0.04382    1.91879 r
  impl/pack/U36/ZN (IIND4D0)                           0.04142    1.96021 r
  impl/pack/U35/ZN (OAI21D0)                           0.02420    1.98441 f
  impl/pack/U33/ZN (AOI211D0)                          0.08261    2.06702 r
  impl/pack/U32/Z (CKAN2D0)                            0.05540    2.12242 r
  impl/pack/U28/ZN (INVD0)                             0.02492    2.14734 f
  impl/pack/U26/ZN (INVD0)                             0.03543    2.18277 r
  impl/pack/U20/ZN (CKND2D0)                           0.04076    2.22353 f
  impl/pack/U104/ZN (INVD0)                            0.03634    2.25987 r
  impl/pack/U5/ZN (AOI22D0)                            0.03250    2.29237 f
  impl/pack/U3/ZN (CKND2D0)                            0.05183    2.34419 r
  result[22] (out)                                     0.00000    2.34419 r
  data arrival time                                               2.34419

  clock vclk (rise edge)                              10.00000   10.00000
  clock network delay (ideal)                          0.00000   10.00000
  clock reconvergence pessimism                        0.00000   10.00000
  output external delay                               -0.02000    9.98000
  data required time                                              9.98000
  ------------------------------------------------------------------------------
  data required time                                              9.98000
  data arrival time                                              -2.34419
  ------------------------------------------------------------------------------
  slack (MET)                                                     7.63581


  Startpoint: y[21] (input port clocked by vclk)
  Endpoint: result[22] (output port clocked by vclk)
  Path Group: vclk
  Path Type: max

  Point                                                   Incr       Path
  ------------------------------------------------------------------------------
  clock vclk (rise edge)                               0.00000    0.00000
  clock network delay (ideal)                          0.00000    0.00000
  input external delay                                 0.02000    0.02000 f
  y[21] (in)                                           0.00000    0.02000 f
  U13/Z (BUFFD0)                                       0.02841    0.04841 f
  impl/U157/Z (BUFFD0)                                 0.03875    0.08716 f
  impl/U139/ZN (CKND2D0)                               0.04302    0.13017 r
  impl/U126/Z (OR2D0)                                  0.05060    0.18078 r
  impl/U118/Z (BUFFD0)                                 0.04792    0.22870 r
  impl/U110/Z (BUFFD0)                                 0.04663    0.27533 r
  impl/U101/ZN (INVD0)                                 0.02820    0.30353 f
  impl/U227/ZN (CKND2D0)                               0.02371    0.32724 r
  impl/U228/ZN (OAI211D0)                              0.04197    0.36921 f
  impl/U229/Z (AO21D0)                                 0.06726    0.43647 f
  impl/U41/Z (XOR2D0)                                  0.04217    0.47864 f
  impl/DP_OP_187J1_123_5310/U98/CO (FA1D0)             0.10144    0.58008 f
  impl/DP_OP_187J1_123_5310/U97/CO (FA1D0)             0.05524    0.63533 f
  impl/DP_OP_187J1_123_5310/U96/CO (FA1D0)             0.05524    0.69057 f
  impl/DP_OP_187J1_123_5310/U95/S (FA1D0)              0.05803    0.74860 f
  impl/DP_OP_187J1_123_5310/U16/CO (FA1D0)             0.10109    0.84969 f
  impl/DP_OP_187J1_123_5310/U15/CO (FA1D0)             0.05524    0.90493 f
  impl/DP_OP_187J1_123_5310/U14/CO (FA1D0)             0.05524    0.96018 f
  impl/DP_OP_187J1_123_5310/U13/CO (FA1D0)             0.05524    1.01542 f
  impl/DP_OP_187J1_123_5310/U12/CO (FA1D0)             0.05524    1.07067 f
  impl/DP_OP_187J1_123_5310/U11/CO (FA1D0)             0.05524    1.12591 f
  impl/DP_OP_187J1_123_5310/U10/CO (FA1D0)             0.05524    1.18116 f
  impl/DP_OP_187J1_123_5310/U9/CO (FA1D0)              0.06311    1.24426 f
  impl/U15/ZN (INVD0)                                  0.01951    1.26378 r
  impl/U14/ZN (CKND2D0)                                0.02481    1.28858 f
  impl/U12/Z (OR2D0)                                   0.04851    1.33710 f
  impl/U10/Z (OR2D0)                                   0.04692    1.38401 f
  impl/U8/Z (OR2D0)                                    0.04257    1.42658 f
  impl/U6/ZN (XNR2D0)                                  0.05383    1.48042 f
  impl/U5/ZN (AOI22D0)                                 0.04712    1.52753 r
  impl/U165/ZN (INVD0)                                 0.03079    1.55832 f
  impl/pack/U56/Z (OR4D0)                              0.10794    1.66627 f
  impl/pack/U55/ZN (IND2D0)                            0.03459    1.70085 r
  impl/pack/U54/ZN (INVD0)                             0.01603    1.71688 f
  impl/pack/U51/ZN (INVD0)                             0.03009    1.74697 r
  impl/pack/U48/ZN (CKND2D0)                           0.04254    1.78950 f
  impl/pack/U46/ZN (NR2D0)                             0.04666    1.83617 r
  impl/pack/U43/ZN (CKND2D0)                           0.03880    1.87497 f
  impl/pack/U108/ZN (MUX2ND0)                          0.04382    1.91878 r
  impl/pack/U36/ZN (IIND4D0)                           0.04142    1.96021 r
  impl/pack/U35/ZN (OAI21D0)                           0.02420    1.98441 f
  impl/pack/U33/ZN (AOI211D0)                          0.08261    2.06702 r
  impl/pack/U32/Z (CKAN2D0)                            0.05540    2.12241 r
  impl/pack/U28/ZN (INVD0)                             0.02492    2.14734 f
  impl/pack/U26/ZN (INVD0)                             0.03543    2.18277 r
  impl/pack/U20/ZN (CKND2D0)                           0.04076    2.22352 f
  impl/pack/U104/ZN (INVD0)                            0.03634    2.25986 r
  impl/pack/U5/ZN (AOI22D0)                            0.03250    2.29236 f
  impl/pack/U3/ZN (CKND2D0)                            0.05183    2.34419 r
  result[22] (out)                                     0.00000    2.34419 r
  data arrival time                                               2.34419

  clock vclk (rise edge)                              10.00000   10.00000
  clock network delay (ideal)                          0.00000   10.00000
  clock reconvergence pessimism                        0.00000   10.00000
  output external delay                               -0.02000    9.98000
  data required time                                              9.98000
  ------------------------------------------------------------------------------
  data required time                                              9.98000
  data arrival time                                              -2.34419
  ------------------------------------------------------------------------------
  slack (MET)                                                     7.63581


  Startpoint: y[21] (input port clocked by vclk)
  Endpoint: result[22] (output port clocked by vclk)
  Path Group: vclk
  Path Type: max

  Point                                                   Incr       Path
  ------------------------------------------------------------------------------
  clock vclk (rise edge)                               0.00000    0.00000
  clock network delay (ideal)                          0.00000    0.00000
  input external delay                                 0.02000    0.02000 f
  y[21] (in)                                           0.00000    0.02000 f
  U13/Z (BUFFD0)                                       0.02841    0.04841 f
  impl/U157/Z (BUFFD0)                                 0.03875    0.08716 f
  impl/U139/ZN (CKND2D0)                               0.04302    0.13017 r
  impl/U126/Z (OR2D0)                                  0.05060    0.18078 r
  impl/U118/Z (BUFFD0)                                 0.04792    0.22870 r
  impl/U110/Z (BUFFD0)                                 0.04663    0.27533 r
  impl/U101/ZN (INVD0)                                 0.02820    0.30353 f
  impl/U227/ZN (CKND2D0)                               0.02371    0.32724 r
  impl/U228/ZN (OAI211D0)                              0.04197    0.36921 f
  impl/U229/Z (AO21D0)                                 0.06726    0.43647 f
  impl/U41/Z (XOR2D0)                                  0.04217    0.47864 f
  impl/DP_OP_187J1_123_5310/U98/CO (FA1D0)             0.10144    0.58008 f
  impl/DP_OP_187J1_123_5310/U97/CO (FA1D0)             0.05524    0.63533 f
  impl/DP_OP_187J1_123_5310/U96/CO (FA1D0)             0.05524    0.69057 f
  impl/DP_OP_187J1_123_5310/U95/CO (FA1D0)             0.05524    0.74581 f
  impl/DP_OP_187J1_123_5310/U94/CO (FA1D0)             0.05524    0.80106 f
  impl/DP_OP_187J1_123_5310/U93/CO (FA1D0)             0.05524    0.85630 f
  impl/DP_OP_187J1_123_5310/U92/CO (FA1D0)             0.05524    0.91155 f
  impl/DP_OP_187J1_123_5310/U91/CO (FA1D0)             0.05524    0.96679 f
  impl/DP_OP_187J1_123_5310/U90/CO (FA1D0)             0.05524    1.02204 f
  impl/DP_OP_187J1_123_5310/U89/S (FA1D0)              0.05803    1.08007 f
  impl/DP_OP_187J1_123_5310/U10/CO (FA1D0)             0.10109    1.18116 f
  impl/DP_OP_187J1_123_5310/U9/CO (FA1D0)              0.06311    1.24426 f
  impl/U15/ZN (INVD0)                                  0.01951    1.26378 r
  impl/U14/ZN (CKND2D0)                                0.02481    1.28858 f
  impl/U12/Z (OR2D0)                                   0.04851    1.33709 f
  impl/U10/Z (OR2D0)                                   0.04692    1.38401 f
  impl/U8/Z (OR2D0)                                    0.04257    1.42658 f
  impl/U6/ZN (XNR2D0)                                  0.05383    1.48042 f
  impl/U5/ZN (AOI22D0)                                 0.04712    1.52753 r
  impl/U165/ZN (INVD0)                                 0.03079    1.55832 f
  impl/pack/U56/Z (OR4D0)                              0.10794    1.66626 f
  impl/pack/U55/ZN (IND2D0)                            0.03459    1.70085 r
  impl/pack/U54/ZN (INVD0)                             0.01603    1.71688 f
  impl/pack/U51/ZN (INVD0)                             0.03009    1.74697 r
  impl/pack/U48/ZN (CKND2D0)                           0.04254    1.78950 f
  impl/pack/U46/ZN (NR2D0)                             0.04666    1.83616 r
  impl/pack/U43/ZN (CKND2D0)                           0.03880    1.87496 f
  impl/pack/U108/ZN (MUX2ND0)                          0.04382    1.91878 r
  impl/pack/U36/ZN (IIND4D0)                           0.04142    1.96021 r
  impl/pack/U35/ZN (OAI21D0)                           0.02420    1.98441 f
  impl/pack/U33/ZN (AOI211D0)                          0.08261    2.06702 r
  impl/pack/U32/Z (CKAN2D0)                            0.05540    2.12241 r
  impl/pack/U28/ZN (INVD0)                             0.02492    2.14734 f
  impl/pack/U26/ZN (INVD0)                             0.03543    2.18277 r
  impl/pack/U20/ZN (CKND2D0)                           0.04076    2.22352 f
  impl/pack/U104/ZN (INVD0)                            0.03634    2.25986 r
  impl/pack/U5/ZN (AOI22D0)                            0.03250    2.29236 f
  impl/pack/U3/ZN (CKND2D0)                            0.05183    2.34419 r
  result[22] (out)                                     0.00000    2.34419 r
  data arrival time                                               2.34419

  clock vclk (rise edge)                              10.00000   10.00000
  clock network delay (ideal)                          0.00000   10.00000
  clock reconvergence pessimism                        0.00000   10.00000
  output external delay                               -0.02000    9.98000
  data required time                                              9.98000
  ------------------------------------------------------------------------------
  data required time                                              9.98000
  data arrival time                                              -2.34419
  ------------------------------------------------------------------------------
  slack (MET)                                                     7.63581


  Startpoint: y[21] (input port clocked by vclk)
  Endpoint: result[22] (output port clocked by vclk)
  Path Group: vclk
  Path Type: max

  Point                                                   Incr       Path
  ------------------------------------------------------------------------------
  clock vclk (rise edge)                               0.00000    0.00000
  clock network delay (ideal)                          0.00000    0.00000
  input external delay                                 0.02000    0.02000 f
  y[21] (in)                                           0.00000    0.02000 f
  U13/Z (BUFFD0)                                       0.02841    0.04841 f
  impl/U157/Z (BUFFD0)                                 0.03875    0.08716 f
  impl/U139/ZN (CKND2D0)                               0.04302    0.13017 r
  impl/U126/Z (OR2D0)                                  0.05060    0.18078 r
  impl/U118/Z (BUFFD0)                                 0.04792    0.22870 r
  impl/U110/Z (BUFFD0)                                 0.04663    0.27533 r
  impl/U101/ZN (INVD0)                                 0.02820    0.30353 f
  impl/U227/ZN (CKND2D0)                               0.02371    0.32724 r
  impl/U228/ZN (OAI211D0)                              0.04197    0.36921 f
  impl/U229/Z (AO21D0)                                 0.06726    0.43647 f
  impl/U41/Z (XOR2D0)                                  0.04217    0.47864 f
  impl/DP_OP_187J1_123_5310/U98/CO (FA1D0)             0.10144    0.58008 f
  impl/DP_OP_187J1_123_5310/U97/CO (FA1D0)             0.05524    0.63533 f
  impl/DP_OP_187J1_123_5310/U96/CO (FA1D0)             0.05524    0.69057 f
  impl/DP_OP_187J1_123_5310/U95/CO (FA1D0)             0.05524    0.74581 f
  impl/DP_OP_187J1_123_5310/U94/CO (FA1D0)             0.05524    0.80106 f
  impl/DP_OP_187J1_123_5310/U93/CO (FA1D0)             0.05524    0.85630 f
  impl/DP_OP_187J1_123_5310/U92/CO (FA1D0)             0.05524    0.91155 f
  impl/DP_OP_187J1_123_5310/U91/S (FA1D0)              0.05803    0.96958 f
  impl/DP_OP_187J1_123_5310/U12/CO (FA1D0)             0.10109    1.07067 f
  impl/DP_OP_187J1_123_5310/U11/CO (FA1D0)             0.05524    1.12591 f
  impl/DP_OP_187J1_123_5310/U10/CO (FA1D0)             0.05524    1.18116 f
  impl/DP_OP_187J1_123_5310/U9/CO (FA1D0)              0.06311    1.24426 f
  impl/U15/ZN (INVD0)                                  0.01951    1.26378 r
  impl/U14/ZN (CKND2D0)                                0.02481    1.28858 f
  impl/U12/Z (OR2D0)                                   0.04851    1.33709 f
  impl/U10/Z (OR2D0)                                   0.04692    1.38401 f
  impl/U8/Z (OR2D0)                                    0.04257    1.42658 f
  impl/U6/ZN (XNR2D0)                                  0.05383    1.48042 f
  impl/U5/ZN (AOI22D0)                                 0.04712    1.52753 r
  impl/U165/ZN (INVD0)                                 0.03079    1.55832 f
  impl/pack/U56/Z (OR4D0)                              0.10794    1.66626 f
  impl/pack/U55/ZN (IND2D0)                            0.03459    1.70085 r
  impl/pack/U54/ZN (INVD0)                             0.01603    1.71688 f
  impl/pack/U51/ZN (INVD0)                             0.03009    1.74697 r
  impl/pack/U48/ZN (CKND2D0)                           0.04254    1.78950 f
  impl/pack/U46/ZN (NR2D0)                             0.04666    1.83616 r
  impl/pack/U43/ZN (CKND2D0)                           0.03880    1.87496 f
  impl/pack/U108/ZN (MUX2ND0)                          0.04382    1.91878 r
  impl/pack/U36/ZN (IIND4D0)                           0.04142    1.96021 r
  impl/pack/U35/ZN (OAI21D0)                           0.02420    1.98441 f
  impl/pack/U33/ZN (AOI211D0)                          0.08261    2.06702 r
  impl/pack/U32/Z (CKAN2D0)                            0.05540    2.12241 r
  impl/pack/U28/ZN (INVD0)                             0.02492    2.14734 f
  impl/pack/U26/ZN (INVD0)                             0.03543    2.18277 r
  impl/pack/U20/ZN (CKND2D0)                           0.04076    2.22352 f
  impl/pack/U104/ZN (INVD0)                            0.03634    2.25986 r
  impl/pack/U5/ZN (AOI22D0)                            0.03250    2.29236 f
  impl/pack/U3/ZN (CKND2D0)                            0.05183    2.34419 r
  result[22] (out)                                     0.00000    2.34419 r
  data arrival time                                               2.34419

  clock vclk (rise edge)                              10.00000   10.00000
  clock network delay (ideal)                          0.00000   10.00000
  clock reconvergence pessimism                        0.00000   10.00000
  output external delay                               -0.02000    9.98000
  data required time                                              9.98000
  ------------------------------------------------------------------------------
  data required time                                              9.98000
  data arrival time                                              -2.34419
  ------------------------------------------------------------------------------
  slack (MET)                                                     7.63581


  Startpoint: y[21] (input port clocked by vclk)
  Endpoint: result[22] (output port clocked by vclk)
  Path Group: vclk
  Path Type: max

  Point                                                   Incr       Path
  ------------------------------------------------------------------------------
  clock vclk (rise edge)                               0.00000    0.00000
  clock network delay (ideal)                          0.00000    0.00000
  input external delay                                 0.02000    0.02000 f
  y[21] (in)                                           0.00000    0.02000 f
  U13/Z (BUFFD0)                                       0.02841    0.04841 f
  impl/U157/Z (BUFFD0)                                 0.03875    0.08716 f
  impl/U139/ZN (CKND2D0)                               0.04302    0.13017 r
  impl/U126/Z (OR2D0)                                  0.05060    0.18078 r
  impl/U118/Z (BUFFD0)                                 0.04792    0.22870 r
  impl/U110/Z (BUFFD0)                                 0.04663    0.27533 r
  impl/U101/ZN (INVD0)                                 0.02820    0.30353 f
  impl/U227/ZN (CKND2D0)                               0.02371    0.32724 r
  impl/U228/ZN (OAI211D0)                              0.04197    0.36921 f
  impl/U229/Z (AO21D0)                                 0.06726    0.43647 f
  impl/U41/Z (XOR2D0)                                  0.04217    0.47864 f
  impl/DP_OP_187J1_123_5310/U98/CO (FA1D0)             0.10144    0.58008 f
  impl/DP_OP_187J1_123_5310/U97/CO (FA1D0)             0.05524    0.63533 f
  impl/DP_OP_187J1_123_5310/U96/CO (FA1D0)             0.05524    0.69057 f
  impl/DP_OP_187J1_123_5310/U95/CO (FA1D0)             0.05524    0.74581 f
  impl/DP_OP_187J1_123_5310/U94/S (FA1D0)              0.05803    0.80385 f
  impl/DP_OP_187J1_123_5310/U15/CO (FA1D0)             0.10109    0.90493 f
  impl/DP_OP_187J1_123_5310/U14/CO (FA1D0)             0.05524    0.96018 f
  impl/DP_OP_187J1_123_5310/U13/CO (FA1D0)             0.05524    1.01542 f
  impl/DP_OP_187J1_123_5310/U12/CO (FA1D0)             0.05524    1.07067 f
  impl/DP_OP_187J1_123_5310/U11/CO (FA1D0)             0.05524    1.12591 f
  impl/DP_OP_187J1_123_5310/U10/CO (FA1D0)             0.05524    1.18116 f
  impl/DP_OP_187J1_123_5310/U9/CO (FA1D0)              0.06311    1.24426 f
  impl/U15/ZN (INVD0)                                  0.01951    1.26378 r
  impl/U14/ZN (CKND2D0)                                0.02481    1.28858 f
  impl/U12/Z (OR2D0)                                   0.04851    1.33709 f
  impl/U10/Z (OR2D0)                                   0.04692    1.38401 f
  impl/U8/Z (OR2D0)                                    0.04257    1.42658 f
  impl/U6/ZN (XNR2D0)                                  0.05383    1.48042 f
  impl/U5/ZN (AOI22D0)                                 0.04712    1.52753 r
  impl/U165/ZN (INVD0)                                 0.03079    1.55832 f
  impl/pack/U56/Z (OR4D0)                              0.10794    1.66626 f
  impl/pack/U55/ZN (IND2D0)                            0.03459    1.70085 r
  impl/pack/U54/ZN (INVD0)                             0.01603    1.71688 f
  impl/pack/U51/ZN (INVD0)                             0.03009    1.74697 r
  impl/pack/U48/ZN (CKND2D0)                           0.04254    1.78950 f
  impl/pack/U46/ZN (NR2D0)                             0.04666    1.83616 r
  impl/pack/U43/ZN (CKND2D0)                           0.03880    1.87496 f
  impl/pack/U108/ZN (MUX2ND0)                          0.04382    1.91878 r
  impl/pack/U36/ZN (IIND4D0)                           0.04142    1.96021 r
  impl/pack/U35/ZN (OAI21D0)                           0.02420    1.98441 f
  impl/pack/U33/ZN (AOI211D0)                          0.08261    2.06702 r
  impl/pack/U32/Z (CKAN2D0)                            0.05540    2.12241 r
  impl/pack/U28/ZN (INVD0)                             0.02492    2.14734 f
  impl/pack/U26/ZN (INVD0)                             0.03543    2.18277 r
  impl/pack/U20/ZN (CKND2D0)                           0.04076    2.22352 f
  impl/pack/U104/ZN (INVD0)                            0.03634    2.25986 r
  impl/pack/U5/ZN (AOI22D0)                            0.03250    2.29236 f
  impl/pack/U3/ZN (CKND2D0)                            0.05183    2.34419 r
  result[22] (out)                                     0.00000    2.34419 r
  data arrival time                                               2.34419

  clock vclk (rise edge)                              10.00000   10.00000
  clock network delay (ideal)                          0.00000   10.00000
  clock reconvergence pessimism                        0.00000   10.00000
  output external delay                               -0.02000    9.98000
  data required time                                              9.98000
  ------------------------------------------------------------------------------
  data required time                                              9.98000
  data arrival time                                              -2.34419
  ------------------------------------------------------------------------------
  slack (MET)                                                     7.63581


  Startpoint: y[21] (input port clocked by vclk)
  Endpoint: result[22] (output port clocked by vclk)
  Path Group: vclk
  Path Type: max

  Point                                                   Incr       Path
  ------------------------------------------------------------------------------
  clock vclk (rise edge)                               0.00000    0.00000
  clock network delay (ideal)                          0.00000    0.00000
  input external delay                                 0.02000    0.02000 f
  y[21] (in)                                           0.00000    0.02000 f
  U13/Z (BUFFD0)                                       0.02841    0.04841 f
  impl/U157/Z (BUFFD0)                                 0.03875    0.08716 f
  impl/U139/ZN (CKND2D0)                               0.04302    0.13017 r
  impl/U126/Z (OR2D0)                                  0.05060    0.18078 r
  impl/U118/Z (BUFFD0)                                 0.04792    0.22870 r
  impl/U110/Z (BUFFD0)                                 0.04663    0.27533 r
  impl/U101/ZN (INVD0)                                 0.02820    0.30353 f
  impl/U227/ZN (CKND2D0)                               0.02371    0.32724 r
  impl/U228/ZN (OAI211D0)                              0.04197    0.36921 f
  impl/U229/Z (AO21D0)                                 0.06726    0.43647 f
  impl/U41/Z (XOR2D0)                                  0.04217    0.47864 f
  impl/DP_OP_187J1_123_5310/U98/CO (FA1D0)             0.10144    0.58008 f
  impl/DP_OP_187J1_123_5310/U97/CO (FA1D0)             0.05524    0.63533 f
  impl/DP_OP_187J1_123_5310/U96/CO (FA1D0)             0.05524    0.69057 f
  impl/DP_OP_187J1_123_5310/U95/CO (FA1D0)             0.05524    0.74581 f
  impl/DP_OP_187J1_123_5310/U94/CO (FA1D0)             0.05524    0.80106 f
  impl/DP_OP_187J1_123_5310/U93/CO (FA1D0)             0.05524    0.85630 f
  impl/DP_OP_187J1_123_5310/U92/CO (FA1D0)             0.05524    0.91155 f
  impl/DP_OP_187J1_123_5310/U91/CO (FA1D0)             0.05524    0.96679 f
  impl/DP_OP_187J1_123_5310/U90/S (FA1D0)              0.05803    1.02483 f
  impl/DP_OP_187J1_123_5310/U11/CO (FA1D0)             0.10109    1.12591 f
  impl/DP_OP_187J1_123_5310/U10/CO (FA1D0)             0.05524    1.18116 f
  impl/DP_OP_187J1_123_5310/U9/CO (FA1D0)              0.06311    1.24426 f
  impl/U15/ZN (INVD0)                                  0.01951    1.26378 r
  impl/U14/ZN (CKND2D0)                                0.02481    1.28858 f
  impl/U12/Z (OR2D0)                                   0.04851    1.33709 f
  impl/U10/Z (OR2D0)                                   0.04692    1.38401 f
  impl/U8/Z (OR2D0)                                    0.04257    1.42658 f
  impl/U6/ZN (XNR2D0)                                  0.05383    1.48042 f
  impl/U5/ZN (AOI22D0)                                 0.04712    1.52753 r
  impl/U165/ZN (INVD0)                                 0.03079    1.55832 f
  impl/pack/U56/Z (OR4D0)                              0.10794    1.66626 f
  impl/pack/U55/ZN (IND2D0)                            0.03459    1.70085 r
  impl/pack/U54/ZN (INVD0)                             0.01603    1.71688 f
  impl/pack/U51/ZN (INVD0)                             0.03009    1.74697 r
  impl/pack/U48/ZN (CKND2D0)                           0.04254    1.78950 f
  impl/pack/U46/ZN (NR2D0)                             0.04666    1.83616 r
  impl/pack/U43/ZN (CKND2D0)                           0.03880    1.87496 f
  impl/pack/U108/ZN (MUX2ND0)                          0.04382    1.91878 r
  impl/pack/U36/ZN (IIND4D0)                           0.04142    1.96021 r
  impl/pack/U35/ZN (OAI21D0)                           0.02420    1.98441 f
  impl/pack/U33/ZN (AOI211D0)                          0.08261    2.06702 r
  impl/pack/U32/Z (CKAN2D0)                            0.05540    2.12241 r
  impl/pack/U28/ZN (INVD0)                             0.02492    2.14734 f
  impl/pack/U26/ZN (INVD0)                             0.03543    2.18277 r
  impl/pack/U20/ZN (CKND2D0)                           0.04076    2.22352 f
  impl/pack/U104/ZN (INVD0)                            0.03634    2.25986 r
  impl/pack/U5/ZN (AOI22D0)                            0.03250    2.29236 f
  impl/pack/U3/ZN (CKND2D0)                            0.05183    2.34419 r
  result[22] (out)                                     0.00000    2.34419 r
  data arrival time                                               2.34419

  clock vclk (rise edge)                              10.00000   10.00000
  clock network delay (ideal)                          0.00000   10.00000
  clock reconvergence pessimism                        0.00000   10.00000
  output external delay                               -0.02000    9.98000
  data required time                                              9.98000
  ------------------------------------------------------------------------------
  data required time                                              9.98000
  data arrival time                                              -2.34419
  ------------------------------------------------------------------------------
  slack (MET)                                                     7.63581

Warning: report_timing has satisfied the max_paths criteria. There are 22 further endpoints which have paths of interest with slack less than 1000.00000 that were not considered when generating this report. (UITE-502)

1
