****************************************
Report : qor
Design : fig8_pace_l1_d18_delivered
Version: U-2022.12-SP5
Date   : Sat Sep  5 13:40:29 2026
****************************************

  Timing Path Group 'vclk' (max_delay/setup)
  ---------------------------------------------
  Levels of Logic:                           19
  Critical Path Length:                    1.17
  Critical Path Slack:                     8.81
  Total Negative Slack:                    0.00
  No. of Violating Paths:                     0
  ---------------------------------------------

  Timing Path Group 'vclk' (min_delay/hold)
  ---------------------------------------------
  Levels of Logic:                            1
  Critical Path Length:                    0.07
  Critical Path Slack:                     0.09
  Total Negative Slack:                    0.00
  No. of Violating Paths:                     0
  ---------------------------------------------

  Area
  ---------------------------------------------
  Net Interconnect area:                   0.00
  Total cell area:                       304.92
  Design Area:                           304.92
  Area Cost:                            -304.92
  ---------------------------------------------


  Cell & Pin Count
  ---------------------------------------------
  Pin Count:                                263
  Hierarchical Cell Count:                    4
  Hierarchical Port Count:                  323
  Leaf Cell Count:                           79
  ---------------------------------------------


  Design Rule Violations
  ---------------------------------------------
  Total No. of Pins in Design:              263
  Total DRC Cost:                          0.00
  ---------------------------------------------

1
