 
****************************************
Report : area
Design : fanzed_fp32_div_t0
Version: U-2022.12-SP7
Date   : Sat Aug 22 17:27:00 2026
****************************************

Library(s) Used:

    tcbn65gplustc_ccs (File: /courses/ee6350/pdk2025/tcbn65gplus/TSMCHOME/digital/Front_End/timing_power_noise/CCS/tcbn65gplus_200a/tcbn65gplustc_ccs.db)

Number of ports:                          316
Number of nets:                           565
Number of cells:                          257
Number of combinational cells:            251
Number of sequential cells:                 0
Number of macros/black boxes:               0
Number of buf/inv:                         76
Number of references:                       2

Combinational area:                718.920012
Buf/Inv area:                       86.760003
Noncombinational area:               0.000000
Macro/Black Box area:                0.000000
Net Interconnect area:      undefined  (Wire load has zero net area)

Total cell area:                   718.920012
Total area:                 undefined
1
Information: Propagating switching activity (medium effort zero delay simulation). (PWR-6)
Warning: Design has unannotated primary inputs. (PWR-414)
 
****************************************
Report : power
        -analysis_effort medium
Design : fanzed_fp32_div_t0
Version: U-2022.12-SP7
Date   : Sat Aug 22 17:27:00 2026
****************************************


Library(s) Used:

    tcbn65gplustc_ccs (File: /courses/ee6350/pdk2025/tcbn65gplus/TSMCHOME/digital/Front_End/timing_power_noise/CCS/tcbn65gplus_200a/tcbn65gplustc_ccs.db)


Operating Conditions: NCCOM   Library: tcbn65gplustc_ccs
Wire Load Model Mode: segmented

Design        Wire Load Model            Library
------------------------------------------------
fanzed_fp32_div_t0     ZeroWireload      tcbn65gplustc_ccs
fanzed_fp32_div_TRUNCATE_BITS0
                       ZeroWireload      tcbn65gplustc_ccs
paper_fp32_div_pack    ZeroWireload      tcbn65gplustc_ccs


Global Operating Voltage = 1    
Power-specific unit information :
    Voltage Units = 1V
    Capacitance Units = 1.000000pf
    Time Units = 1ns
    Dynamic Power Units = 1mW    (derived from V,C,T units)
    Leakage Power Units = 1nW


Attributes
----------
i - Including register clock pin internal power


  Cell Internal Power  =  14.2376 uW   (65%)
  Net Switching Power  =   7.8205 uW   (35%)
                         ---------
Total Dynamic Power    =  22.0581 uW  (100%)

Cell Leakage Power     =   3.3022 uW

Information: report_power power group summary does not include estimated clock tree power. (PWR-789)

                 Internal         Switching           Leakage            Total
Power Group      Power            Power               Power              Power   (   %    )  Attrs
--------------------------------------------------------------------------------------------------
io_pad             0.0000            0.0000            0.0000            0.0000  (   0.00%)
memory             0.0000            0.0000            0.0000            0.0000  (   0.00%)
black_box          0.0000            0.0000            0.0000            0.0000  (   0.00%)
clock_network      0.0000            0.0000            0.0000            0.0000  (   0.00%)  i
register           0.0000            0.0000            0.0000            0.0000  (   0.00%)
sequential         0.0000            0.0000            0.0000            0.0000  (   0.00%)
combinational  1.4238e-02        7.8205e-03        3.3022e+03        2.5360e-02  ( 100.00%)
--------------------------------------------------------------------------------------------------
Total          1.4238e-02 mW     7.8205e-03 mW     3.3022e+03 nW     2.5360e-02 mW
1
