 
****************************************
Report : timing
        -path full
        -delay max
        -max_paths 20
Design : oadm_l0_centered_index_div_opt
Version: U-2022.12-SP7
Date   : Wed Sep  2 15:29:40 2026
****************************************

Operating Conditions: NCCOM   Library: tcbn65gplustc_ccs
Wire Load Model Mode: segmented

  Startpoint: x[1] (input port clocked by vclk)
  Endpoint: result[21] (output port clocked by vclk)
  Path Group: vclk
  Path Type: max

  Des/Clust/Port     Wire Load Model       Library
  ------------------------------------------------
  oadm_l0_centered_index_div_opt ZeroWireload tcbn65gplustc_ccs

  Point                                    Incr       Path
  -----------------------------------------------------------
  clock vclk (rise edge)                   0.00       0.00
  clock network delay (ideal)              0.00       0.00
  input external delay                     0.02       0.02 r
  x[1] (in)                                0.01       0.03 r
  U316/ZN (INVD0)                          0.02       0.06 f
  U321/ZN (NR2D0)                          0.04       0.10 r
  U322/ZN (MUX2ND0)                        0.05       0.16 f
  U323/ZN (NR2D0)                          0.06       0.22 r
  U352/ZN (AOI21D0)                        0.04       0.26 f
  intadd_0_U24/CO (FA1D0)                  0.09       0.34 f
  intadd_0_U23/CO (FA1D0)                  0.06       0.40 f
  intadd_0_U22/CO (FA1D0)                  0.06       0.45 f
  intadd_0_U21/CO (FA1D0)                  0.06       0.51 f
  intadd_0_U20/CO (FA1D0)                  0.06       0.56 f
  intadd_0_U19/CO (FA1D0)                  0.06       0.62 f
  intadd_0_U18/CO (FA1D0)                  0.06       0.67 f
  intadd_0_U17/CO (FA1D0)                  0.06       0.73 f
  intadd_0_U16/CO (FA1D0)                  0.06       0.79 f
  intadd_0_U15/S (FA1D0)                   0.08       0.86 r
  U278/ZN (INVD0)                          0.02       0.89 f
  U280/ZN (CKND2D0)                        0.04       0.93 r
  U410/ZN (INR2D0)                         0.08       1.01 r
  U415/ZN (MUX2ND0)                        0.06       1.07 f
  intadd_1_U19/CO (FA1D0)                  0.11       1.18 f
  intadd_1_U18/CO (FA1D0)                  0.06       1.23 f
  intadd_1_U17/CO (FA1D0)                  0.06       1.29 f
  intadd_1_U16/CO (FA1D0)                  0.06       1.34 f
  intadd_1_U15/CO (FA1D0)                  0.06       1.40 f
  intadd_1_U14/CO (FA1D0)                  0.06       1.45 f
  intadd_1_U13/CO (FA1D0)                  0.06       1.51 f
  intadd_1_U12/CO (FA1D0)                  0.06       1.56 f
  intadd_1_U11/CO (FA1D0)                  0.06       1.62 f
  intadd_1_U10/CO (FA1D0)                  0.06       1.68 f
  intadd_1_U9/CO (FA1D0)                   0.06       1.73 f
  intadd_1_U8/CO (FA1D0)                   0.06       1.79 f
  intadd_1_U7/CO (FA1D0)                   0.06       1.84 f
  intadd_1_U6/CO (FA1D0)                   0.06       1.90 f
  intadd_1_U5/CO (FA1D0)                   0.06       1.95 f
  intadd_1_U4/CO (FA1D0)                   0.06       2.01 f
  intadd_1_U3/CO (FA1D0)                   0.06       2.06 f
  intadd_1_U2/CO (FA1D0)                   0.06       2.13 f
  U159/ZN (NR2D0)                          0.04       2.17 r
  U176/ZN (AOI21D0)                        0.11       2.28 f
  U161/ZN (INVD0)                          0.23       2.51 r
  DP_OP_91J1_124_8225_U11/CO (FA1D0)       0.12       2.63 r
  DP_OP_91J1_124_8225_U10/CO (FA1D0)       0.05       2.68 r
  DP_OP_91J1_124_8225_U9/CO (FA1D0)        0.05       2.73 r
  DP_OP_91J1_124_8225_U8/CO (FA1D0)        0.05       2.79 r
  DP_OP_91J1_124_8225_U7/CO (FA1D0)        0.05       2.84 r
  DP_OP_91J1_124_8225_U6/CO (FA1D0)        0.05       2.89 r
  DP_OP_91J1_124_8225_U5/CO (FA1D0)        0.05       2.94 r
  DP_OP_91J1_124_8225_U4/CO (FA1D0)        0.05       3.00 r
  DP_OP_91J1_124_8225_U3/S (FA1D0)         0.07       3.07 r
  U170/ZN (AOI21D0)                        0.03       3.09 f
  U196/ZN (AOI21D0)                        0.04       3.14 r
  U197/ZN (IOA21D0)                        0.05       3.19 f
  U224/ZN (NR3D0)                          0.07       3.26 r
  U231/ZN (CKND2D0)                        0.15       3.41 f
  U255/Z (OA22D0)                          0.10       3.51 f
  U256/ZN (OAI31D0)                        0.05       3.56 r
  result[21] (out)                         0.00       3.56 r
  data arrival time                                   3.56

  clock vclk (rise edge)                  10.00      10.00
  clock network delay (ideal)              0.00      10.00
  output external delay                   -0.02       9.98
  data required time                                  9.98
  -----------------------------------------------------------
  data required time                                  9.98
  data arrival time                                  -3.56
  -----------------------------------------------------------
  slack (MET)                                         6.42


  Startpoint: x[1] (input port clocked by vclk)
  Endpoint: result[20] (output port clocked by vclk)
  Path Group: vclk
  Path Type: max

  Des/Clust/Port     Wire Load Model       Library
  ------------------------------------------------
  oadm_l0_centered_index_div_opt ZeroWireload tcbn65gplustc_ccs

  Point                                    Incr       Path
  -----------------------------------------------------------
  clock vclk (rise edge)                   0.00       0.00
  clock network delay (ideal)              0.00       0.00
  input external delay                     0.02       0.02 r
  x[1] (in)                                0.01       0.03 r
  U316/ZN (INVD0)                          0.02       0.06 f
  U321/ZN (NR2D0)                          0.04       0.10 r
  U322/ZN (MUX2ND0)                        0.05       0.16 f
  U323/ZN (NR2D0)                          0.06       0.22 r
  U352/ZN (AOI21D0)                        0.04       0.26 f
  intadd_0_U24/CO (FA1D0)                  0.09       0.34 f
  intadd_0_U23/CO (FA1D0)                  0.06       0.40 f
  intadd_0_U22/CO (FA1D0)                  0.06       0.45 f
  intadd_0_U21/CO (FA1D0)                  0.06       0.51 f
  intadd_0_U20/CO (FA1D0)                  0.06       0.56 f
  intadd_0_U19/CO (FA1D0)                  0.06       0.62 f
  intadd_0_U18/CO (FA1D0)                  0.06       0.67 f
  intadd_0_U17/CO (FA1D0)                  0.06       0.73 f
  intadd_0_U16/CO (FA1D0)                  0.06       0.79 f
  intadd_0_U15/S (FA1D0)                   0.08       0.86 r
  U278/ZN (INVD0)                          0.02       0.89 f
  U280/ZN (CKND2D0)                        0.04       0.93 r
  U410/ZN (INR2D0)                         0.08       1.01 r
  U415/ZN (MUX2ND0)                        0.06       1.07 f
  intadd_1_U19/CO (FA1D0)                  0.11       1.18 f
  intadd_1_U18/CO (FA1D0)                  0.06       1.23 f
  intadd_1_U17/CO (FA1D0)                  0.06       1.29 f
  intadd_1_U16/CO (FA1D0)                  0.06       1.34 f
  intadd_1_U15/CO (FA1D0)                  0.06       1.40 f
  intadd_1_U14/CO (FA1D0)                  0.06       1.45 f
  intadd_1_U13/CO (FA1D0)                  0.06       1.51 f
  intadd_1_U12/CO (FA1D0)                  0.06       1.56 f
  intadd_1_U11/CO (FA1D0)                  0.06       1.62 f
  intadd_1_U10/CO (FA1D0)                  0.06       1.68 f
  intadd_1_U9/CO (FA1D0)                   0.06       1.73 f
  intadd_1_U8/CO (FA1D0)                   0.06       1.79 f
  intadd_1_U7/CO (FA1D0)                   0.06       1.84 f
  intadd_1_U6/CO (FA1D0)                   0.06       1.90 f
  intadd_1_U5/CO (FA1D0)                   0.06       1.95 f
  intadd_1_U4/CO (FA1D0)                   0.06       2.01 f
  intadd_1_U3/CO (FA1D0)                   0.06       2.06 f
  intadd_1_U2/CO (FA1D0)                   0.06       2.13 f
  U159/ZN (NR2D0)                          0.04       2.17 r
  U176/ZN (AOI21D0)                        0.11       2.28 f
  U161/ZN (INVD0)                          0.23       2.51 r
  DP_OP_91J1_124_8225_U11/CO (FA1D0)       0.12       2.63 r
  DP_OP_91J1_124_8225_U10/CO (FA1D0)       0.05       2.68 r
  DP_OP_91J1_124_8225_U9/CO (FA1D0)        0.05       2.73 r
  DP_OP_91J1_124_8225_U8/CO (FA1D0)        0.05       2.79 r
  DP_OP_91J1_124_8225_U7/CO (FA1D0)        0.05       2.84 r
  DP_OP_91J1_124_8225_U6/CO (FA1D0)        0.05       2.89 r
  DP_OP_91J1_124_8225_U5/CO (FA1D0)        0.05       2.94 r
  DP_OP_91J1_124_8225_U4/CO (FA1D0)        0.05       3.00 r
  DP_OP_91J1_124_8225_U3/S (FA1D0)         0.07       3.07 r
  U170/ZN (AOI21D0)                        0.03       3.09 f
  U196/ZN (AOI21D0)                        0.04       3.14 r
  U197/ZN (IOA21D0)                        0.05       3.19 f
  U224/ZN (NR3D0)                          0.07       3.26 r
  U231/ZN (CKND2D0)                        0.15       3.41 f
  U454/ZN (OAI222D0)                       0.15       3.56 r
  result[20] (out)                         0.00       3.56 r
  data arrival time                                   3.56

  clock vclk (rise edge)                  10.00      10.00
  clock network delay (ideal)              0.00      10.00
  output external delay                   -0.02       9.98
  data required time                                  9.98
  -----------------------------------------------------------
  data required time                                  9.98
  data arrival time                                  -3.56
  -----------------------------------------------------------
  slack (MET)                                         6.42


  Startpoint: x[1] (input port clocked by vclk)
  Endpoint: result[19] (output port clocked by vclk)
  Path Group: vclk
  Path Type: max

  Des/Clust/Port     Wire Load Model       Library
  ------------------------------------------------
  oadm_l0_centered_index_div_opt ZeroWireload tcbn65gplustc_ccs

  Point                                    Incr       Path
  -----------------------------------------------------------
  clock vclk (rise edge)                   0.00       0.00
  clock network delay (ideal)              0.00       0.00
  input external delay                     0.02       0.02 r
  x[1] (in)                                0.01       0.03 r
  U316/ZN (INVD0)                          0.02       0.06 f
  U321/ZN (NR2D0)                          0.04       0.10 r
  U322/ZN (MUX2ND0)                        0.05       0.16 f
  U323/ZN (NR2D0)                          0.06       0.22 r
  U352/ZN (AOI21D0)                        0.04       0.26 f
  intadd_0_U24/CO (FA1D0)                  0.09       0.34 f
  intadd_0_U23/CO (FA1D0)                  0.06       0.40 f
  intadd_0_U22/CO (FA1D0)                  0.06       0.45 f
  intadd_0_U21/CO (FA1D0)                  0.06       0.51 f
  intadd_0_U20/CO (FA1D0)                  0.06       0.56 f
  intadd_0_U19/CO (FA1D0)                  0.06       0.62 f
  intadd_0_U18/CO (FA1D0)                  0.06       0.67 f
  intadd_0_U17/CO (FA1D0)                  0.06       0.73 f
  intadd_0_U16/CO (FA1D0)                  0.06       0.79 f
  intadd_0_U15/S (FA1D0)                   0.08       0.86 r
  U278/ZN (INVD0)                          0.02       0.89 f
  U280/ZN (CKND2D0)                        0.04       0.93 r
  U410/ZN (INR2D0)                         0.08       1.01 r
  U415/ZN (MUX2ND0)                        0.06       1.07 f
  intadd_1_U19/CO (FA1D0)                  0.11       1.18 f
  intadd_1_U18/CO (FA1D0)                  0.06       1.23 f
  intadd_1_U17/CO (FA1D0)                  0.06       1.29 f
  intadd_1_U16/CO (FA1D0)                  0.06       1.34 f
  intadd_1_U15/CO (FA1D0)                  0.06       1.40 f
  intadd_1_U14/CO (FA1D0)                  0.06       1.45 f
  intadd_1_U13/CO (FA1D0)                  0.06       1.51 f
  intadd_1_U12/CO (FA1D0)                  0.06       1.56 f
  intadd_1_U11/CO (FA1D0)                  0.06       1.62 f
  intadd_1_U10/CO (FA1D0)                  0.06       1.68 f
  intadd_1_U9/CO (FA1D0)                   0.06       1.73 f
  intadd_1_U8/CO (FA1D0)                   0.06       1.79 f
  intadd_1_U7/CO (FA1D0)                   0.06       1.84 f
  intadd_1_U6/CO (FA1D0)                   0.06       1.90 f
  intadd_1_U5/CO (FA1D0)                   0.06       1.95 f
  intadd_1_U4/CO (FA1D0)                   0.06       2.01 f
  intadd_1_U3/CO (FA1D0)                   0.06       2.06 f
  intadd_1_U2/CO (FA1D0)                   0.06       2.13 f
  U159/ZN (NR2D0)                          0.04       2.17 r
  U176/ZN (AOI21D0)                        0.11       2.28 f
  U161/ZN (INVD0)                          0.23       2.51 r
  DP_OP_91J1_124_8225_U11/CO (FA1D0)       0.12       2.63 r
  DP_OP_91J1_124_8225_U10/CO (FA1D0)       0.05       2.68 r
  DP_OP_91J1_124_8225_U9/CO (FA1D0)        0.05       2.73 r
  DP_OP_91J1_124_8225_U8/CO (FA1D0)        0.05       2.79 r
  DP_OP_91J1_124_8225_U7/CO (FA1D0)        0.05       2.84 r
  DP_OP_91J1_124_8225_U6/CO (FA1D0)        0.05       2.89 r
  DP_OP_91J1_124_8225_U5/CO (FA1D0)        0.05       2.94 r
  DP_OP_91J1_124_8225_U4/CO (FA1D0)        0.05       3.00 r
  DP_OP_91J1_124_8225_U3/S (FA1D0)         0.07       3.07 r
  U170/ZN (AOI21D0)                        0.03       3.09 f
  U196/ZN (AOI21D0)                        0.04       3.14 r
  U197/ZN (IOA21D0)                        0.05       3.19 f
  U224/ZN (NR3D0)                          0.07       3.26 r
  U231/ZN (CKND2D0)                        0.15       3.41 f
  U453/ZN (OAI222D0)                       0.15       3.56 r
  result[19] (out)                         0.00       3.56 r
  data arrival time                                   3.56

  clock vclk (rise edge)                  10.00      10.00
  clock network delay (ideal)              0.00      10.00
  output external delay                   -0.02       9.98
  data required time                                  9.98
  -----------------------------------------------------------
  data required time                                  9.98
  data arrival time                                  -3.56
  -----------------------------------------------------------
  slack (MET)                                         6.42


  Startpoint: x[1] (input port clocked by vclk)
  Endpoint: result[18] (output port clocked by vclk)
  Path Group: vclk
  Path Type: max

  Des/Clust/Port     Wire Load Model       Library
  ------------------------------------------------
  oadm_l0_centered_index_div_opt ZeroWireload tcbn65gplustc_ccs

  Point                                    Incr       Path
  -----------------------------------------------------------
  clock vclk (rise edge)                   0.00       0.00
  clock network delay (ideal)              0.00       0.00
  input external delay                     0.02       0.02 r
  x[1] (in)                                0.01       0.03 r
  U316/ZN (INVD0)                          0.02       0.06 f
  U321/ZN (NR2D0)                          0.04       0.10 r
  U322/ZN (MUX2ND0)                        0.05       0.16 f
  U323/ZN (NR2D0)                          0.06       0.22 r
  U352/ZN (AOI21D0)                        0.04       0.26 f
  intadd_0_U24/CO (FA1D0)                  0.09       0.34 f
  intadd_0_U23/CO (FA1D0)                  0.06       0.40 f
  intadd_0_U22/CO (FA1D0)                  0.06       0.45 f
  intadd_0_U21/CO (FA1D0)                  0.06       0.51 f
  intadd_0_U20/CO (FA1D0)                  0.06       0.56 f
  intadd_0_U19/CO (FA1D0)                  0.06       0.62 f
  intadd_0_U18/CO (FA1D0)                  0.06       0.67 f
  intadd_0_U17/CO (FA1D0)                  0.06       0.73 f
  intadd_0_U16/CO (FA1D0)                  0.06       0.79 f
  intadd_0_U15/S (FA1D0)                   0.08       0.86 r
  U278/ZN (INVD0)                          0.02       0.89 f
  U280/ZN (CKND2D0)                        0.04       0.93 r
  U410/ZN (INR2D0)                         0.08       1.01 r
  U415/ZN (MUX2ND0)                        0.06       1.07 f
  intadd_1_U19/CO (FA1D0)                  0.11       1.18 f
  intadd_1_U18/CO (FA1D0)                  0.06       1.23 f
  intadd_1_U17/CO (FA1D0)                  0.06       1.29 f
  intadd_1_U16/CO (FA1D0)                  0.06       1.34 f
  intadd_1_U15/CO (FA1D0)                  0.06       1.40 f
  intadd_1_U14/CO (FA1D0)                  0.06       1.45 f
  intadd_1_U13/CO (FA1D0)                  0.06       1.51 f
  intadd_1_U12/CO (FA1D0)                  0.06       1.56 f
  intadd_1_U11/CO (FA1D0)                  0.06       1.62 f
  intadd_1_U10/CO (FA1D0)                  0.06       1.68 f
  intadd_1_U9/CO (FA1D0)                   0.06       1.73 f
  intadd_1_U8/CO (FA1D0)                   0.06       1.79 f
  intadd_1_U7/CO (FA1D0)                   0.06       1.84 f
  intadd_1_U6/CO (FA1D0)                   0.06       1.90 f
  intadd_1_U5/CO (FA1D0)                   0.06       1.95 f
  intadd_1_U4/CO (FA1D0)                   0.06       2.01 f
  intadd_1_U3/CO (FA1D0)                   0.06       2.06 f
  intadd_1_U2/CO (FA1D0)                   0.06       2.13 f
  U159/ZN (NR2D0)                          0.04       2.17 r
  U176/ZN (AOI21D0)                        0.11       2.28 f
  U161/ZN (INVD0)                          0.23       2.51 r
  DP_OP_91J1_124_8225_U11/CO (FA1D0)       0.12       2.63 r
  DP_OP_91J1_124_8225_U10/CO (FA1D0)       0.05       2.68 r
  DP_OP_91J1_124_8225_U9/CO (FA1D0)        0.05       2.73 r
  DP_OP_91J1_124_8225_U8/CO (FA1D0)        0.05       2.79 r
  DP_OP_91J1_124_8225_U7/CO (FA1D0)        0.05       2.84 r
  DP_OP_91J1_124_8225_U6/CO (FA1D0)        0.05       2.89 r
  DP_OP_91J1_124_8225_U5/CO (FA1D0)        0.05       2.94 r
  DP_OP_91J1_124_8225_U4/CO (FA1D0)        0.05       3.00 r
  DP_OP_91J1_124_8225_U3/S (FA1D0)         0.07       3.07 r
  U170/ZN (AOI21D0)                        0.03       3.09 f
  U196/ZN (AOI21D0)                        0.04       3.14 r
  U197/ZN (IOA21D0)                        0.05       3.19 f
  U224/ZN (NR3D0)                          0.07       3.26 r
  U231/ZN (CKND2D0)                        0.15       3.41 f
  U452/ZN (OAI222D0)                       0.15       3.56 r
  result[18] (out)                         0.00       3.56 r
  data arrival time                                   3.56

  clock vclk (rise edge)                  10.00      10.00
  clock network delay (ideal)              0.00      10.00
  output external delay                   -0.02       9.98
  data required time                                  9.98
  -----------------------------------------------------------
  data required time                                  9.98
  data arrival time                                  -3.56
  -----------------------------------------------------------
  slack (MET)                                         6.42


  Startpoint: x[1] (input port clocked by vclk)
  Endpoint: result[17] (output port clocked by vclk)
  Path Group: vclk
  Path Type: max

  Des/Clust/Port     Wire Load Model       Library
  ------------------------------------------------
  oadm_l0_centered_index_div_opt ZeroWireload tcbn65gplustc_ccs

  Point                                    Incr       Path
  -----------------------------------------------------------
  clock vclk (rise edge)                   0.00       0.00
  clock network delay (ideal)              0.00       0.00
  input external delay                     0.02       0.02 r
  x[1] (in)                                0.01       0.03 r
  U316/ZN (INVD0)                          0.02       0.06 f
  U321/ZN (NR2D0)                          0.04       0.10 r
  U322/ZN (MUX2ND0)                        0.05       0.16 f
  U323/ZN (NR2D0)                          0.06       0.22 r
  U352/ZN (AOI21D0)                        0.04       0.26 f
  intadd_0_U24/CO (FA1D0)                  0.09       0.34 f
  intadd_0_U23/CO (FA1D0)                  0.06       0.40 f
  intadd_0_U22/CO (FA1D0)                  0.06       0.45 f
  intadd_0_U21/CO (FA1D0)                  0.06       0.51 f
  intadd_0_U20/CO (FA1D0)                  0.06       0.56 f
  intadd_0_U19/CO (FA1D0)                  0.06       0.62 f
  intadd_0_U18/CO (FA1D0)                  0.06       0.67 f
  intadd_0_U17/CO (FA1D0)                  0.06       0.73 f
  intadd_0_U16/CO (FA1D0)                  0.06       0.79 f
  intadd_0_U15/S (FA1D0)                   0.08       0.86 r
  U278/ZN (INVD0)                          0.02       0.89 f
  U280/ZN (CKND2D0)                        0.04       0.93 r
  U410/ZN (INR2D0)                         0.08       1.01 r
  U415/ZN (MUX2ND0)                        0.06       1.07 f
  intadd_1_U19/CO (FA1D0)                  0.11       1.18 f
  intadd_1_U18/CO (FA1D0)                  0.06       1.23 f
  intadd_1_U17/CO (FA1D0)                  0.06       1.29 f
  intadd_1_U16/CO (FA1D0)                  0.06       1.34 f
  intadd_1_U15/CO (FA1D0)                  0.06       1.40 f
  intadd_1_U14/CO (FA1D0)                  0.06       1.45 f
  intadd_1_U13/CO (FA1D0)                  0.06       1.51 f
  intadd_1_U12/CO (FA1D0)                  0.06       1.56 f
  intadd_1_U11/CO (FA1D0)                  0.06       1.62 f
  intadd_1_U10/CO (FA1D0)                  0.06       1.68 f
  intadd_1_U9/CO (FA1D0)                   0.06       1.73 f
  intadd_1_U8/CO (FA1D0)                   0.06       1.79 f
  intadd_1_U7/CO (FA1D0)                   0.06       1.84 f
  intadd_1_U6/CO (FA1D0)                   0.06       1.90 f
  intadd_1_U5/CO (FA1D0)                   0.06       1.95 f
  intadd_1_U4/CO (FA1D0)                   0.06       2.01 f
  intadd_1_U3/CO (FA1D0)                   0.06       2.06 f
  intadd_1_U2/CO (FA1D0)                   0.06       2.13 f
  U159/ZN (NR2D0)                          0.04       2.17 r
  U176/ZN (AOI21D0)                        0.11       2.28 f
  U161/ZN (INVD0)                          0.23       2.51 r
  DP_OP_91J1_124_8225_U11/CO (FA1D0)       0.12       2.63 r
  DP_OP_91J1_124_8225_U10/CO (FA1D0)       0.05       2.68 r
  DP_OP_91J1_124_8225_U9/CO (FA1D0)        0.05       2.73 r
  DP_OP_91J1_124_8225_U8/CO (FA1D0)        0.05       2.79 r
  DP_OP_91J1_124_8225_U7/CO (FA1D0)        0.05       2.84 r
  DP_OP_91J1_124_8225_U6/CO (FA1D0)        0.05       2.89 r
  DP_OP_91J1_124_8225_U5/CO (FA1D0)        0.05       2.94 r
  DP_OP_91J1_124_8225_U4/CO (FA1D0)        0.05       3.00 r
  DP_OP_91J1_124_8225_U3/S (FA1D0)         0.07       3.07 r
  U170/ZN (AOI21D0)                        0.03       3.09 f
  U196/ZN (AOI21D0)                        0.04       3.14 r
  U197/ZN (IOA21D0)                        0.05       3.19 f
  U224/ZN (NR3D0)                          0.07       3.26 r
  U231/ZN (CKND2D0)                        0.15       3.41 f
  U450/ZN (OAI222D0)                       0.15       3.56 r
  result[17] (out)                         0.00       3.56 r
  data arrival time                                   3.56

  clock vclk (rise edge)                  10.00      10.00
  clock network delay (ideal)              0.00      10.00
  output external delay                   -0.02       9.98
  data required time                                  9.98
  -----------------------------------------------------------
  data required time                                  9.98
  data arrival time                                  -3.56
  -----------------------------------------------------------
  slack (MET)                                         6.42


  Startpoint: x[1] (input port clocked by vclk)
  Endpoint: result[16] (output port clocked by vclk)
  Path Group: vclk
  Path Type: max

  Des/Clust/Port     Wire Load Model       Library
  ------------------------------------------------
  oadm_l0_centered_index_div_opt ZeroWireload tcbn65gplustc_ccs

  Point                                    Incr       Path
  -----------------------------------------------------------
  clock vclk (rise edge)                   0.00       0.00
  clock network delay (ideal)              0.00       0.00
  input external delay                     0.02       0.02 r
  x[1] (in)                                0.01       0.03 r
  U316/ZN (INVD0)                          0.02       0.06 f
  U321/ZN (NR2D0)                          0.04       0.10 r
  U322/ZN (MUX2ND0)                        0.05       0.16 f
  U323/ZN (NR2D0)                          0.06       0.22 r
  U352/ZN (AOI21D0)                        0.04       0.26 f
  intadd_0_U24/CO (FA1D0)                  0.09       0.34 f
  intadd_0_U23/CO (FA1D0)                  0.06       0.40 f
  intadd_0_U22/CO (FA1D0)                  0.06       0.45 f
  intadd_0_U21/CO (FA1D0)                  0.06       0.51 f
  intadd_0_U20/CO (FA1D0)                  0.06       0.56 f
  intadd_0_U19/CO (FA1D0)                  0.06       0.62 f
  intadd_0_U18/CO (FA1D0)                  0.06       0.67 f
  intadd_0_U17/CO (FA1D0)                  0.06       0.73 f
  intadd_0_U16/CO (FA1D0)                  0.06       0.79 f
  intadd_0_U15/S (FA1D0)                   0.08       0.86 r
  U278/ZN (INVD0)                          0.02       0.89 f
  U280/ZN (CKND2D0)                        0.04       0.93 r
  U410/ZN (INR2D0)                         0.08       1.01 r
  U415/ZN (MUX2ND0)                        0.06       1.07 f
  intadd_1_U19/CO (FA1D0)                  0.11       1.18 f
  intadd_1_U18/CO (FA1D0)                  0.06       1.23 f
  intadd_1_U17/CO (FA1D0)                  0.06       1.29 f
  intadd_1_U16/CO (FA1D0)                  0.06       1.34 f
  intadd_1_U15/CO (FA1D0)                  0.06       1.40 f
  intadd_1_U14/CO (FA1D0)                  0.06       1.45 f
  intadd_1_U13/CO (FA1D0)                  0.06       1.51 f
  intadd_1_U12/CO (FA1D0)                  0.06       1.56 f
  intadd_1_U11/CO (FA1D0)                  0.06       1.62 f
  intadd_1_U10/CO (FA1D0)                  0.06       1.68 f
  intadd_1_U9/CO (FA1D0)                   0.06       1.73 f
  intadd_1_U8/CO (FA1D0)                   0.06       1.79 f
  intadd_1_U7/CO (FA1D0)                   0.06       1.84 f
  intadd_1_U6/CO (FA1D0)                   0.06       1.90 f
  intadd_1_U5/CO (FA1D0)                   0.06       1.95 f
  intadd_1_U4/CO (FA1D0)                   0.06       2.01 f
  intadd_1_U3/CO (FA1D0)                   0.06       2.06 f
  intadd_1_U2/CO (FA1D0)                   0.06       2.13 f
  U159/ZN (NR2D0)                          0.04       2.17 r
  U176/ZN (AOI21D0)                        0.11       2.28 f
  U161/ZN (INVD0)                          0.23       2.51 r
  DP_OP_91J1_124_8225_U11/CO (FA1D0)       0.12       2.63 r
  DP_OP_91J1_124_8225_U10/CO (FA1D0)       0.05       2.68 r
  DP_OP_91J1_124_8225_U9/CO (FA1D0)        0.05       2.73 r
  DP_OP_91J1_124_8225_U8/CO (FA1D0)        0.05       2.79 r
  DP_OP_91J1_124_8225_U7/CO (FA1D0)        0.05       2.84 r
  DP_OP_91J1_124_8225_U6/CO (FA1D0)        0.05       2.89 r
  DP_OP_91J1_124_8225_U5/CO (FA1D0)        0.05       2.94 r
  DP_OP_91J1_124_8225_U4/CO (FA1D0)        0.05       3.00 r
  DP_OP_91J1_124_8225_U3/S (FA1D0)         0.07       3.07 r
  U170/ZN (AOI21D0)                        0.03       3.09 f
  U196/ZN (AOI21D0)                        0.04       3.14 r
  U197/ZN (IOA21D0)                        0.05       3.19 f
  U224/ZN (NR3D0)                          0.07       3.26 r
  U231/ZN (CKND2D0)                        0.15       3.41 f
  U448/ZN (OAI222D0)                       0.15       3.56 r
  result[16] (out)                         0.00       3.56 r
  data arrival time                                   3.56

  clock vclk (rise edge)                  10.00      10.00
  clock network delay (ideal)              0.00      10.00
  output external delay                   -0.02       9.98
  data required time                                  9.98
  -----------------------------------------------------------
  data required time                                  9.98
  data arrival time                                  -3.56
  -----------------------------------------------------------
  slack (MET)                                         6.42


  Startpoint: x[1] (input port clocked by vclk)
  Endpoint: result[15] (output port clocked by vclk)
  Path Group: vclk
  Path Type: max

  Des/Clust/Port     Wire Load Model       Library
  ------------------------------------------------
  oadm_l0_centered_index_div_opt ZeroWireload tcbn65gplustc_ccs

  Point                                    Incr       Path
  -----------------------------------------------------------
  clock vclk (rise edge)                   0.00       0.00
  clock network delay (ideal)              0.00       0.00
  input external delay                     0.02       0.02 r
  x[1] (in)                                0.01       0.03 r
  U316/ZN (INVD0)                          0.02       0.06 f
  U321/ZN (NR2D0)                          0.04       0.10 r
  U322/ZN (MUX2ND0)                        0.05       0.16 f
  U323/ZN (NR2D0)                          0.06       0.22 r
  U352/ZN (AOI21D0)                        0.04       0.26 f
  intadd_0_U24/CO (FA1D0)                  0.09       0.34 f
  intadd_0_U23/CO (FA1D0)                  0.06       0.40 f
  intadd_0_U22/CO (FA1D0)                  0.06       0.45 f
  intadd_0_U21/CO (FA1D0)                  0.06       0.51 f
  intadd_0_U20/CO (FA1D0)                  0.06       0.56 f
  intadd_0_U19/CO (FA1D0)                  0.06       0.62 f
  intadd_0_U18/CO (FA1D0)                  0.06       0.67 f
  intadd_0_U17/CO (FA1D0)                  0.06       0.73 f
  intadd_0_U16/CO (FA1D0)                  0.06       0.79 f
  intadd_0_U15/S (FA1D0)                   0.08       0.86 r
  U278/ZN (INVD0)                          0.02       0.89 f
  U280/ZN (CKND2D0)                        0.04       0.93 r
  U410/ZN (INR2D0)                         0.08       1.01 r
  U415/ZN (MUX2ND0)                        0.06       1.07 f
  intadd_1_U19/CO (FA1D0)                  0.11       1.18 f
  intadd_1_U18/CO (FA1D0)                  0.06       1.23 f
  intadd_1_U17/CO (FA1D0)                  0.06       1.29 f
  intadd_1_U16/CO (FA1D0)                  0.06       1.34 f
  intadd_1_U15/CO (FA1D0)                  0.06       1.40 f
  intadd_1_U14/CO (FA1D0)                  0.06       1.45 f
  intadd_1_U13/CO (FA1D0)                  0.06       1.51 f
  intadd_1_U12/CO (FA1D0)                  0.06       1.56 f
  intadd_1_U11/CO (FA1D0)                  0.06       1.62 f
  intadd_1_U10/CO (FA1D0)                  0.06       1.68 f
  intadd_1_U9/CO (FA1D0)                   0.06       1.73 f
  intadd_1_U8/CO (FA1D0)                   0.06       1.79 f
  intadd_1_U7/CO (FA1D0)                   0.06       1.84 f
  intadd_1_U6/CO (FA1D0)                   0.06       1.90 f
  intadd_1_U5/CO (FA1D0)                   0.06       1.95 f
  intadd_1_U4/CO (FA1D0)                   0.06       2.01 f
  intadd_1_U3/CO (FA1D0)                   0.06       2.06 f
  intadd_1_U2/CO (FA1D0)                   0.06       2.13 f
  U159/ZN (NR2D0)                          0.04       2.17 r
  U176/ZN (AOI21D0)                        0.11       2.28 f
  U161/ZN (INVD0)                          0.23       2.51 r
  DP_OP_91J1_124_8225_U11/CO (FA1D0)       0.12       2.63 r
  DP_OP_91J1_124_8225_U10/CO (FA1D0)       0.05       2.68 r
  DP_OP_91J1_124_8225_U9/CO (FA1D0)        0.05       2.73 r
  DP_OP_91J1_124_8225_U8/CO (FA1D0)        0.05       2.79 r
  DP_OP_91J1_124_8225_U7/CO (FA1D0)        0.05       2.84 r
  DP_OP_91J1_124_8225_U6/CO (FA1D0)        0.05       2.89 r
  DP_OP_91J1_124_8225_U5/CO (FA1D0)        0.05       2.94 r
  DP_OP_91J1_124_8225_U4/CO (FA1D0)        0.05       3.00 r
  DP_OP_91J1_124_8225_U3/S (FA1D0)         0.07       3.07 r
  U170/ZN (AOI21D0)                        0.03       3.09 f
  U196/ZN (AOI21D0)                        0.04       3.14 r
  U197/ZN (IOA21D0)                        0.05       3.19 f
  U224/ZN (NR3D0)                          0.07       3.26 r
  U231/ZN (CKND2D0)                        0.15       3.41 f
  U446/ZN (OAI222D0)                       0.15       3.56 r
  result[15] (out)                         0.00       3.56 r
  data arrival time                                   3.56

  clock vclk (rise edge)                  10.00      10.00
  clock network delay (ideal)              0.00      10.00
  output external delay                   -0.02       9.98
  data required time                                  9.98
  -----------------------------------------------------------
  data required time                                  9.98
  data arrival time                                  -3.56
  -----------------------------------------------------------
  slack (MET)                                         6.42


  Startpoint: x[1] (input port clocked by vclk)
  Endpoint: result[14] (output port clocked by vclk)
  Path Group: vclk
  Path Type: max

  Des/Clust/Port     Wire Load Model       Library
  ------------------------------------------------
  oadm_l0_centered_index_div_opt ZeroWireload tcbn65gplustc_ccs

  Point                                    Incr       Path
  -----------------------------------------------------------
  clock vclk (rise edge)                   0.00       0.00
  clock network delay (ideal)              0.00       0.00
  input external delay                     0.02       0.02 r
  x[1] (in)                                0.01       0.03 r
  U316/ZN (INVD0)                          0.02       0.06 f
  U321/ZN (NR2D0)                          0.04       0.10 r
  U322/ZN (MUX2ND0)                        0.05       0.16 f
  U323/ZN (NR2D0)                          0.06       0.22 r
  U352/ZN (AOI21D0)                        0.04       0.26 f
  intadd_0_U24/CO (FA1D0)                  0.09       0.34 f
  intadd_0_U23/CO (FA1D0)                  0.06       0.40 f
  intadd_0_U22/CO (FA1D0)                  0.06       0.45 f
  intadd_0_U21/CO (FA1D0)                  0.06       0.51 f
  intadd_0_U20/CO (FA1D0)                  0.06       0.56 f
  intadd_0_U19/CO (FA1D0)                  0.06       0.62 f
  intadd_0_U18/CO (FA1D0)                  0.06       0.67 f
  intadd_0_U17/CO (FA1D0)                  0.06       0.73 f
  intadd_0_U16/CO (FA1D0)                  0.06       0.79 f
  intadd_0_U15/S (FA1D0)                   0.08       0.86 r
  U278/ZN (INVD0)                          0.02       0.89 f
  U280/ZN (CKND2D0)                        0.04       0.93 r
  U410/ZN (INR2D0)                         0.08       1.01 r
  U415/ZN (MUX2ND0)                        0.06       1.07 f
  intadd_1_U19/CO (FA1D0)                  0.11       1.18 f
  intadd_1_U18/CO (FA1D0)                  0.06       1.23 f
  intadd_1_U17/CO (FA1D0)                  0.06       1.29 f
  intadd_1_U16/CO (FA1D0)                  0.06       1.34 f
  intadd_1_U15/CO (FA1D0)                  0.06       1.40 f
  intadd_1_U14/CO (FA1D0)                  0.06       1.45 f
  intadd_1_U13/CO (FA1D0)                  0.06       1.51 f
  intadd_1_U12/CO (FA1D0)                  0.06       1.56 f
  intadd_1_U11/CO (FA1D0)                  0.06       1.62 f
  intadd_1_U10/CO (FA1D0)                  0.06       1.68 f
  intadd_1_U9/CO (FA1D0)                   0.06       1.73 f
  intadd_1_U8/CO (FA1D0)                   0.06       1.79 f
  intadd_1_U7/CO (FA1D0)                   0.06       1.84 f
  intadd_1_U6/CO (FA1D0)                   0.06       1.90 f
  intadd_1_U5/CO (FA1D0)                   0.06       1.95 f
  intadd_1_U4/CO (FA1D0)                   0.06       2.01 f
  intadd_1_U3/CO (FA1D0)                   0.06       2.06 f
  intadd_1_U2/CO (FA1D0)                   0.06       2.13 f
  U159/ZN (NR2D0)                          0.04       2.17 r
  U176/ZN (AOI21D0)                        0.11       2.28 f
  U161/ZN (INVD0)                          0.23       2.51 r
  DP_OP_91J1_124_8225_U11/CO (FA1D0)       0.12       2.63 r
  DP_OP_91J1_124_8225_U10/CO (FA1D0)       0.05       2.68 r
  DP_OP_91J1_124_8225_U9/CO (FA1D0)        0.05       2.73 r
  DP_OP_91J1_124_8225_U8/CO (FA1D0)        0.05       2.79 r
  DP_OP_91J1_124_8225_U7/CO (FA1D0)        0.05       2.84 r
  DP_OP_91J1_124_8225_U6/CO (FA1D0)        0.05       2.89 r
  DP_OP_91J1_124_8225_U5/CO (FA1D0)        0.05       2.94 r
  DP_OP_91J1_124_8225_U4/CO (FA1D0)        0.05       3.00 r
  DP_OP_91J1_124_8225_U3/S (FA1D0)         0.07       3.07 r
  U170/ZN (AOI21D0)                        0.03       3.09 f
  U196/ZN (AOI21D0)                        0.04       3.14 r
  U197/ZN (IOA21D0)                        0.05       3.19 f
  U224/ZN (NR3D0)                          0.07       3.26 r
  U231/ZN (CKND2D0)                        0.15       3.41 f
  U444/ZN (OAI222D0)                       0.15       3.56 r
  result[14] (out)                         0.00       3.56 r
  data arrival time                                   3.56

  clock vclk (rise edge)                  10.00      10.00
  clock network delay (ideal)              0.00      10.00
  output external delay                   -0.02       9.98
  data required time                                  9.98
  -----------------------------------------------------------
  data required time                                  9.98
  data arrival time                                  -3.56
  -----------------------------------------------------------
  slack (MET)                                         6.42


  Startpoint: x[1] (input port clocked by vclk)
  Endpoint: result[13] (output port clocked by vclk)
  Path Group: vclk
  Path Type: max

  Des/Clust/Port     Wire Load Model       Library
  ------------------------------------------------
  oadm_l0_centered_index_div_opt ZeroWireload tcbn65gplustc_ccs

  Point                                    Incr       Path
  -----------------------------------------------------------
  clock vclk (rise edge)                   0.00       0.00
  clock network delay (ideal)              0.00       0.00
  input external delay                     0.02       0.02 r
  x[1] (in)                                0.01       0.03 r
  U316/ZN (INVD0)                          0.02       0.06 f
  U321/ZN (NR2D0)                          0.04       0.10 r
  U322/ZN (MUX2ND0)                        0.05       0.16 f
  U323/ZN (NR2D0)                          0.06       0.22 r
  U352/ZN (AOI21D0)                        0.04       0.26 f
  intadd_0_U24/CO (FA1D0)                  0.09       0.34 f
  intadd_0_U23/CO (FA1D0)                  0.06       0.40 f
  intadd_0_U22/CO (FA1D0)                  0.06       0.45 f
  intadd_0_U21/CO (FA1D0)                  0.06       0.51 f
  intadd_0_U20/CO (FA1D0)                  0.06       0.56 f
  intadd_0_U19/CO (FA1D0)                  0.06       0.62 f
  intadd_0_U18/CO (FA1D0)                  0.06       0.67 f
  intadd_0_U17/CO (FA1D0)                  0.06       0.73 f
  intadd_0_U16/CO (FA1D0)                  0.06       0.79 f
  intadd_0_U15/S (FA1D0)                   0.08       0.86 r
  U278/ZN (INVD0)                          0.02       0.89 f
  U280/ZN (CKND2D0)                        0.04       0.93 r
  U410/ZN (INR2D0)                         0.08       1.01 r
  U415/ZN (MUX2ND0)                        0.06       1.07 f
  intadd_1_U19/CO (FA1D0)                  0.11       1.18 f
  intadd_1_U18/CO (FA1D0)                  0.06       1.23 f
  intadd_1_U17/CO (FA1D0)                  0.06       1.29 f
  intadd_1_U16/CO (FA1D0)                  0.06       1.34 f
  intadd_1_U15/CO (FA1D0)                  0.06       1.40 f
  intadd_1_U14/CO (FA1D0)                  0.06       1.45 f
  intadd_1_U13/CO (FA1D0)                  0.06       1.51 f
  intadd_1_U12/CO (FA1D0)                  0.06       1.56 f
  intadd_1_U11/CO (FA1D0)                  0.06       1.62 f
  intadd_1_U10/CO (FA1D0)                  0.06       1.68 f
  intadd_1_U9/CO (FA1D0)                   0.06       1.73 f
  intadd_1_U8/CO (FA1D0)                   0.06       1.79 f
  intadd_1_U7/CO (FA1D0)                   0.06       1.84 f
  intadd_1_U6/CO (FA1D0)                   0.06       1.90 f
  intadd_1_U5/CO (FA1D0)                   0.06       1.95 f
  intadd_1_U4/CO (FA1D0)                   0.06       2.01 f
  intadd_1_U3/CO (FA1D0)                   0.06       2.06 f
  intadd_1_U2/CO (FA1D0)                   0.06       2.13 f
  U159/ZN (NR2D0)                          0.04       2.17 r
  U176/ZN (AOI21D0)                        0.11       2.28 f
  U161/ZN (INVD0)                          0.23       2.51 r
  DP_OP_91J1_124_8225_U11/CO (FA1D0)       0.12       2.63 r
  DP_OP_91J1_124_8225_U10/CO (FA1D0)       0.05       2.68 r
  DP_OP_91J1_124_8225_U9/CO (FA1D0)        0.05       2.73 r
  DP_OP_91J1_124_8225_U8/CO (FA1D0)        0.05       2.79 r
  DP_OP_91J1_124_8225_U7/CO (FA1D0)        0.05       2.84 r
  DP_OP_91J1_124_8225_U6/CO (FA1D0)        0.05       2.89 r
  DP_OP_91J1_124_8225_U5/CO (FA1D0)        0.05       2.94 r
  DP_OP_91J1_124_8225_U4/CO (FA1D0)        0.05       3.00 r
  DP_OP_91J1_124_8225_U3/S (FA1D0)         0.07       3.07 r
  U170/ZN (AOI21D0)                        0.03       3.09 f
  U196/ZN (AOI21D0)                        0.04       3.14 r
  U197/ZN (IOA21D0)                        0.05       3.19 f
  U224/ZN (NR3D0)                          0.07       3.26 r
  U231/ZN (CKND2D0)                        0.15       3.41 f
  U442/ZN (OAI222D0)                       0.15       3.56 r
  result[13] (out)                         0.00       3.56 r
  data arrival time                                   3.56

  clock vclk (rise edge)                  10.00      10.00
  clock network delay (ideal)              0.00      10.00
  output external delay                   -0.02       9.98
  data required time                                  9.98
  -----------------------------------------------------------
  data required time                                  9.98
  data arrival time                                  -3.56
  -----------------------------------------------------------
  slack (MET)                                         6.42


  Startpoint: x[1] (input port clocked by vclk)
  Endpoint: result[12] (output port clocked by vclk)
  Path Group: vclk
  Path Type: max

  Des/Clust/Port     Wire Load Model       Library
  ------------------------------------------------
  oadm_l0_centered_index_div_opt ZeroWireload tcbn65gplustc_ccs

  Point                                    Incr       Path
  -----------------------------------------------------------
  clock vclk (rise edge)                   0.00       0.00
  clock network delay (ideal)              0.00       0.00
  input external delay                     0.02       0.02 r
  x[1] (in)                                0.01       0.03 r
  U316/ZN (INVD0)                          0.02       0.06 f
  U321/ZN (NR2D0)                          0.04       0.10 r
  U322/ZN (MUX2ND0)                        0.05       0.16 f
  U323/ZN (NR2D0)                          0.06       0.22 r
  U352/ZN (AOI21D0)                        0.04       0.26 f
  intadd_0_U24/CO (FA1D0)                  0.09       0.34 f
  intadd_0_U23/CO (FA1D0)                  0.06       0.40 f
  intadd_0_U22/CO (FA1D0)                  0.06       0.45 f
  intadd_0_U21/CO (FA1D0)                  0.06       0.51 f
  intadd_0_U20/CO (FA1D0)                  0.06       0.56 f
  intadd_0_U19/CO (FA1D0)                  0.06       0.62 f
  intadd_0_U18/CO (FA1D0)                  0.06       0.67 f
  intadd_0_U17/CO (FA1D0)                  0.06       0.73 f
  intadd_0_U16/CO (FA1D0)                  0.06       0.79 f
  intadd_0_U15/S (FA1D0)                   0.08       0.86 r
  U278/ZN (INVD0)                          0.02       0.89 f
  U280/ZN (CKND2D0)                        0.04       0.93 r
  U410/ZN (INR2D0)                         0.08       1.01 r
  U415/ZN (MUX2ND0)                        0.06       1.07 f
  intadd_1_U19/CO (FA1D0)                  0.11       1.18 f
  intadd_1_U18/CO (FA1D0)                  0.06       1.23 f
  intadd_1_U17/CO (FA1D0)                  0.06       1.29 f
  intadd_1_U16/CO (FA1D0)                  0.06       1.34 f
  intadd_1_U15/CO (FA1D0)                  0.06       1.40 f
  intadd_1_U14/CO (FA1D0)                  0.06       1.45 f
  intadd_1_U13/CO (FA1D0)                  0.06       1.51 f
  intadd_1_U12/CO (FA1D0)                  0.06       1.56 f
  intadd_1_U11/CO (FA1D0)                  0.06       1.62 f
  intadd_1_U10/CO (FA1D0)                  0.06       1.68 f
  intadd_1_U9/CO (FA1D0)                   0.06       1.73 f
  intadd_1_U8/CO (FA1D0)                   0.06       1.79 f
  intadd_1_U7/CO (FA1D0)                   0.06       1.84 f
  intadd_1_U6/CO (FA1D0)                   0.06       1.90 f
  intadd_1_U5/CO (FA1D0)                   0.06       1.95 f
  intadd_1_U4/CO (FA1D0)                   0.06       2.01 f
  intadd_1_U3/CO (FA1D0)                   0.06       2.06 f
  intadd_1_U2/CO (FA1D0)                   0.06       2.13 f
  U159/ZN (NR2D0)                          0.04       2.17 r
  U176/ZN (AOI21D0)                        0.11       2.28 f
  U161/ZN (INVD0)                          0.23       2.51 r
  DP_OP_91J1_124_8225_U11/CO (FA1D0)       0.12       2.63 r
  DP_OP_91J1_124_8225_U10/CO (FA1D0)       0.05       2.68 r
  DP_OP_91J1_124_8225_U9/CO (FA1D0)        0.05       2.73 r
  DP_OP_91J1_124_8225_U8/CO (FA1D0)        0.05       2.79 r
  DP_OP_91J1_124_8225_U7/CO (FA1D0)        0.05       2.84 r
  DP_OP_91J1_124_8225_U6/CO (FA1D0)        0.05       2.89 r
  DP_OP_91J1_124_8225_U5/CO (FA1D0)        0.05       2.94 r
  DP_OP_91J1_124_8225_U4/CO (FA1D0)        0.05       3.00 r
  DP_OP_91J1_124_8225_U3/S (FA1D0)         0.07       3.07 r
  U170/ZN (AOI21D0)                        0.03       3.09 f
  U196/ZN (AOI21D0)                        0.04       3.14 r
  U197/ZN (IOA21D0)                        0.05       3.19 f
  U224/ZN (NR3D0)                          0.07       3.26 r
  U231/ZN (CKND2D0)                        0.15       3.41 f
  U440/ZN (OAI222D0)                       0.15       3.56 r
  result[12] (out)                         0.00       3.56 r
  data arrival time                                   3.56

  clock vclk (rise edge)                  10.00      10.00
  clock network delay (ideal)              0.00      10.00
  output external delay                   -0.02       9.98
  data required time                                  9.98
  -----------------------------------------------------------
  data required time                                  9.98
  data arrival time                                  -3.56
  -----------------------------------------------------------
  slack (MET)                                         6.42


  Startpoint: x[1] (input port clocked by vclk)
  Endpoint: result[11] (output port clocked by vclk)
  Path Group: vclk
  Path Type: max

  Des/Clust/Port     Wire Load Model       Library
  ------------------------------------------------
  oadm_l0_centered_index_div_opt ZeroWireload tcbn65gplustc_ccs

  Point                                    Incr       Path
  -----------------------------------------------------------
  clock vclk (rise edge)                   0.00       0.00
  clock network delay (ideal)              0.00       0.00
  input external delay                     0.02       0.02 r
  x[1] (in)                                0.01       0.03 r
  U316/ZN (INVD0)                          0.02       0.06 f
  U321/ZN (NR2D0)                          0.04       0.10 r
  U322/ZN (MUX2ND0)                        0.05       0.16 f
  U323/ZN (NR2D0)                          0.06       0.22 r
  U352/ZN (AOI21D0)                        0.04       0.26 f
  intadd_0_U24/CO (FA1D0)                  0.09       0.34 f
  intadd_0_U23/CO (FA1D0)                  0.06       0.40 f
  intadd_0_U22/CO (FA1D0)                  0.06       0.45 f
  intadd_0_U21/CO (FA1D0)                  0.06       0.51 f
  intadd_0_U20/CO (FA1D0)                  0.06       0.56 f
  intadd_0_U19/CO (FA1D0)                  0.06       0.62 f
  intadd_0_U18/CO (FA1D0)                  0.06       0.67 f
  intadd_0_U17/CO (FA1D0)                  0.06       0.73 f
  intadd_0_U16/CO (FA1D0)                  0.06       0.79 f
  intadd_0_U15/S (FA1D0)                   0.08       0.86 r
  U278/ZN (INVD0)                          0.02       0.89 f
  U280/ZN (CKND2D0)                        0.04       0.93 r
  U410/ZN (INR2D0)                         0.08       1.01 r
  U415/ZN (MUX2ND0)                        0.06       1.07 f
  intadd_1_U19/CO (FA1D0)                  0.11       1.18 f
  intadd_1_U18/CO (FA1D0)                  0.06       1.23 f
  intadd_1_U17/CO (FA1D0)                  0.06       1.29 f
  intadd_1_U16/CO (FA1D0)                  0.06       1.34 f
  intadd_1_U15/CO (FA1D0)                  0.06       1.40 f
  intadd_1_U14/CO (FA1D0)                  0.06       1.45 f
  intadd_1_U13/CO (FA1D0)                  0.06       1.51 f
  intadd_1_U12/CO (FA1D0)                  0.06       1.56 f
  intadd_1_U11/CO (FA1D0)                  0.06       1.62 f
  intadd_1_U10/CO (FA1D0)                  0.06       1.68 f
  intadd_1_U9/CO (FA1D0)                   0.06       1.73 f
  intadd_1_U8/CO (FA1D0)                   0.06       1.79 f
  intadd_1_U7/CO (FA1D0)                   0.06       1.84 f
  intadd_1_U6/CO (FA1D0)                   0.06       1.90 f
  intadd_1_U5/CO (FA1D0)                   0.06       1.95 f
  intadd_1_U4/CO (FA1D0)                   0.06       2.01 f
  intadd_1_U3/CO (FA1D0)                   0.06       2.06 f
  intadd_1_U2/CO (FA1D0)                   0.06       2.13 f
  U159/ZN (NR2D0)                          0.04       2.17 r
  U176/ZN (AOI21D0)                        0.11       2.28 f
  U161/ZN (INVD0)                          0.23       2.51 r
  DP_OP_91J1_124_8225_U11/CO (FA1D0)       0.12       2.63 r
  DP_OP_91J1_124_8225_U10/CO (FA1D0)       0.05       2.68 r
  DP_OP_91J1_124_8225_U9/CO (FA1D0)        0.05       2.73 r
  DP_OP_91J1_124_8225_U8/CO (FA1D0)        0.05       2.79 r
  DP_OP_91J1_124_8225_U7/CO (FA1D0)        0.05       2.84 r
  DP_OP_91J1_124_8225_U6/CO (FA1D0)        0.05       2.89 r
  DP_OP_91J1_124_8225_U5/CO (FA1D0)        0.05       2.94 r
  DP_OP_91J1_124_8225_U4/CO (FA1D0)        0.05       3.00 r
  DP_OP_91J1_124_8225_U3/S (FA1D0)         0.07       3.07 r
  U170/ZN (AOI21D0)                        0.03       3.09 f
  U196/ZN (AOI21D0)                        0.04       3.14 r
  U197/ZN (IOA21D0)                        0.05       3.19 f
  U224/ZN (NR3D0)                          0.07       3.26 r
  U231/ZN (CKND2D0)                        0.15       3.41 f
  U438/ZN (OAI222D0)                       0.15       3.56 r
  result[11] (out)                         0.00       3.56 r
  data arrival time                                   3.56

  clock vclk (rise edge)                  10.00      10.00
  clock network delay (ideal)              0.00      10.00
  output external delay                   -0.02       9.98
  data required time                                  9.98
  -----------------------------------------------------------
  data required time                                  9.98
  data arrival time                                  -3.56
  -----------------------------------------------------------
  slack (MET)                                         6.42


  Startpoint: x[1] (input port clocked by vclk)
  Endpoint: result[10] (output port clocked by vclk)
  Path Group: vclk
  Path Type: max

  Des/Clust/Port     Wire Load Model       Library
  ------------------------------------------------
  oadm_l0_centered_index_div_opt ZeroWireload tcbn65gplustc_ccs

  Point                                    Incr       Path
  -----------------------------------------------------------
  clock vclk (rise edge)                   0.00       0.00
  clock network delay (ideal)              0.00       0.00
  input external delay                     0.02       0.02 r
  x[1] (in)                                0.01       0.03 r
  U316/ZN (INVD0)                          0.02       0.06 f
  U321/ZN (NR2D0)                          0.04       0.10 r
  U322/ZN (MUX2ND0)                        0.05       0.16 f
  U323/ZN (NR2D0)                          0.06       0.22 r
  U352/ZN (AOI21D0)                        0.04       0.26 f
  intadd_0_U24/CO (FA1D0)                  0.09       0.34 f
  intadd_0_U23/CO (FA1D0)                  0.06       0.40 f
  intadd_0_U22/CO (FA1D0)                  0.06       0.45 f
  intadd_0_U21/CO (FA1D0)                  0.06       0.51 f
  intadd_0_U20/CO (FA1D0)                  0.06       0.56 f
  intadd_0_U19/CO (FA1D0)                  0.06       0.62 f
  intadd_0_U18/CO (FA1D0)                  0.06       0.67 f
  intadd_0_U17/CO (FA1D0)                  0.06       0.73 f
  intadd_0_U16/CO (FA1D0)                  0.06       0.79 f
  intadd_0_U15/S (FA1D0)                   0.08       0.86 r
  U278/ZN (INVD0)                          0.02       0.89 f
  U280/ZN (CKND2D0)                        0.04       0.93 r
  U410/ZN (INR2D0)                         0.08       1.01 r
  U415/ZN (MUX2ND0)                        0.06       1.07 f
  intadd_1_U19/CO (FA1D0)                  0.11       1.18 f
  intadd_1_U18/CO (FA1D0)                  0.06       1.23 f
  intadd_1_U17/CO (FA1D0)                  0.06       1.29 f
  intadd_1_U16/CO (FA1D0)                  0.06       1.34 f
  intadd_1_U15/CO (FA1D0)                  0.06       1.40 f
  intadd_1_U14/CO (FA1D0)                  0.06       1.45 f
  intadd_1_U13/CO (FA1D0)                  0.06       1.51 f
  intadd_1_U12/CO (FA1D0)                  0.06       1.56 f
  intadd_1_U11/CO (FA1D0)                  0.06       1.62 f
  intadd_1_U10/CO (FA1D0)                  0.06       1.68 f
  intadd_1_U9/CO (FA1D0)                   0.06       1.73 f
  intadd_1_U8/CO (FA1D0)                   0.06       1.79 f
  intadd_1_U7/CO (FA1D0)                   0.06       1.84 f
  intadd_1_U6/CO (FA1D0)                   0.06       1.90 f
  intadd_1_U5/CO (FA1D0)                   0.06       1.95 f
  intadd_1_U4/CO (FA1D0)                   0.06       2.01 f
  intadd_1_U3/CO (FA1D0)                   0.06       2.06 f
  intadd_1_U2/CO (FA1D0)                   0.06       2.13 f
  U159/ZN (NR2D0)                          0.04       2.17 r
  U176/ZN (AOI21D0)                        0.11       2.28 f
  U161/ZN (INVD0)                          0.23       2.51 r
  DP_OP_91J1_124_8225_U11/CO (FA1D0)       0.12       2.63 r
  DP_OP_91J1_124_8225_U10/CO (FA1D0)       0.05       2.68 r
  DP_OP_91J1_124_8225_U9/CO (FA1D0)        0.05       2.73 r
  DP_OP_91J1_124_8225_U8/CO (FA1D0)        0.05       2.79 r
  DP_OP_91J1_124_8225_U7/CO (FA1D0)        0.05       2.84 r
  DP_OP_91J1_124_8225_U6/CO (FA1D0)        0.05       2.89 r
  DP_OP_91J1_124_8225_U5/CO (FA1D0)        0.05       2.94 r
  DP_OP_91J1_124_8225_U4/CO (FA1D0)        0.05       3.00 r
  DP_OP_91J1_124_8225_U3/S (FA1D0)         0.07       3.07 r
  U170/ZN (AOI21D0)                        0.03       3.09 f
  U196/ZN (AOI21D0)                        0.04       3.14 r
  U197/ZN (IOA21D0)                        0.05       3.19 f
  U224/ZN (NR3D0)                          0.07       3.26 r
  U231/ZN (CKND2D0)                        0.15       3.41 f
  U436/ZN (OAI222D0)                       0.15       3.56 r
  result[10] (out)                         0.00       3.56 r
  data arrival time                                   3.56

  clock vclk (rise edge)                  10.00      10.00
  clock network delay (ideal)              0.00      10.00
  output external delay                   -0.02       9.98
  data required time                                  9.98
  -----------------------------------------------------------
  data required time                                  9.98
  data arrival time                                  -3.56
  -----------------------------------------------------------
  slack (MET)                                         6.42


  Startpoint: x[1] (input port clocked by vclk)
  Endpoint: result[9] (output port clocked by vclk)
  Path Group: vclk
  Path Type: max

  Des/Clust/Port     Wire Load Model       Library
  ------------------------------------------------
  oadm_l0_centered_index_div_opt ZeroWireload tcbn65gplustc_ccs

  Point                                    Incr       Path
  -----------------------------------------------------------
  clock vclk (rise edge)                   0.00       0.00
  clock network delay (ideal)              0.00       0.00
  input external delay                     0.02       0.02 r
  x[1] (in)                                0.01       0.03 r
  U316/ZN (INVD0)                          0.02       0.06 f
  U321/ZN (NR2D0)                          0.04       0.10 r
  U322/ZN (MUX2ND0)                        0.05       0.16 f
  U323/ZN (NR2D0)                          0.06       0.22 r
  U352/ZN (AOI21D0)                        0.04       0.26 f
  intadd_0_U24/CO (FA1D0)                  0.09       0.34 f
  intadd_0_U23/CO (FA1D0)                  0.06       0.40 f
  intadd_0_U22/CO (FA1D0)                  0.06       0.45 f
  intadd_0_U21/CO (FA1D0)                  0.06       0.51 f
  intadd_0_U20/CO (FA1D0)                  0.06       0.56 f
  intadd_0_U19/CO (FA1D0)                  0.06       0.62 f
  intadd_0_U18/CO (FA1D0)                  0.06       0.67 f
  intadd_0_U17/CO (FA1D0)                  0.06       0.73 f
  intadd_0_U16/CO (FA1D0)                  0.06       0.79 f
  intadd_0_U15/S (FA1D0)                   0.08       0.86 r
  U278/ZN (INVD0)                          0.02       0.89 f
  U280/ZN (CKND2D0)                        0.04       0.93 r
  U410/ZN (INR2D0)                         0.08       1.01 r
  U415/ZN (MUX2ND0)                        0.06       1.07 f
  intadd_1_U19/CO (FA1D0)                  0.11       1.18 f
  intadd_1_U18/CO (FA1D0)                  0.06       1.23 f
  intadd_1_U17/CO (FA1D0)                  0.06       1.29 f
  intadd_1_U16/CO (FA1D0)                  0.06       1.34 f
  intadd_1_U15/CO (FA1D0)                  0.06       1.40 f
  intadd_1_U14/CO (FA1D0)                  0.06       1.45 f
  intadd_1_U13/CO (FA1D0)                  0.06       1.51 f
  intadd_1_U12/CO (FA1D0)                  0.06       1.56 f
  intadd_1_U11/CO (FA1D0)                  0.06       1.62 f
  intadd_1_U10/CO (FA1D0)                  0.06       1.68 f
  intadd_1_U9/CO (FA1D0)                   0.06       1.73 f
  intadd_1_U8/CO (FA1D0)                   0.06       1.79 f
  intadd_1_U7/CO (FA1D0)                   0.06       1.84 f
  intadd_1_U6/CO (FA1D0)                   0.06       1.90 f
  intadd_1_U5/CO (FA1D0)                   0.06       1.95 f
  intadd_1_U4/CO (FA1D0)                   0.06       2.01 f
  intadd_1_U3/CO (FA1D0)                   0.06       2.06 f
  intadd_1_U2/CO (FA1D0)                   0.06       2.13 f
  U159/ZN (NR2D0)                          0.04       2.17 r
  U176/ZN (AOI21D0)                        0.11       2.28 f
  U161/ZN (INVD0)                          0.23       2.51 r
  DP_OP_91J1_124_8225_U11/CO (FA1D0)       0.12       2.63 r
  DP_OP_91J1_124_8225_U10/CO (FA1D0)       0.05       2.68 r
  DP_OP_91J1_124_8225_U9/CO (FA1D0)        0.05       2.73 r
  DP_OP_91J1_124_8225_U8/CO (FA1D0)        0.05       2.79 r
  DP_OP_91J1_124_8225_U7/CO (FA1D0)        0.05       2.84 r
  DP_OP_91J1_124_8225_U6/CO (FA1D0)        0.05       2.89 r
  DP_OP_91J1_124_8225_U5/CO (FA1D0)        0.05       2.94 r
  DP_OP_91J1_124_8225_U4/CO (FA1D0)        0.05       3.00 r
  DP_OP_91J1_124_8225_U3/S (FA1D0)         0.07       3.07 r
  U170/ZN (AOI21D0)                        0.03       3.09 f
  U196/ZN (AOI21D0)                        0.04       3.14 r
  U197/ZN (IOA21D0)                        0.05       3.19 f
  U224/ZN (NR3D0)                          0.07       3.26 r
  U231/ZN (CKND2D0)                        0.15       3.41 f
  U434/ZN (OAI222D0)                       0.15       3.56 r
  result[9] (out)                          0.00       3.56 r
  data arrival time                                   3.56

  clock vclk (rise edge)                  10.00      10.00
  clock network delay (ideal)              0.00      10.00
  output external delay                   -0.02       9.98
  data required time                                  9.98
  -----------------------------------------------------------
  data required time                                  9.98
  data arrival time                                  -3.56
  -----------------------------------------------------------
  slack (MET)                                         6.42


  Startpoint: x[1] (input port clocked by vclk)
  Endpoint: result[8] (output port clocked by vclk)
  Path Group: vclk
  Path Type: max

  Des/Clust/Port     Wire Load Model       Library
  ------------------------------------------------
  oadm_l0_centered_index_div_opt ZeroWireload tcbn65gplustc_ccs

  Point                                    Incr       Path
  -----------------------------------------------------------
  clock vclk (rise edge)                   0.00       0.00
  clock network delay (ideal)              0.00       0.00
  input external delay                     0.02       0.02 r
  x[1] (in)                                0.01       0.03 r
  U316/ZN (INVD0)                          0.02       0.06 f
  U321/ZN (NR2D0)                          0.04       0.10 r
  U322/ZN (MUX2ND0)                        0.05       0.16 f
  U323/ZN (NR2D0)                          0.06       0.22 r
  U352/ZN (AOI21D0)                        0.04       0.26 f
  intadd_0_U24/CO (FA1D0)                  0.09       0.34 f
  intadd_0_U23/CO (FA1D0)                  0.06       0.40 f
  intadd_0_U22/CO (FA1D0)                  0.06       0.45 f
  intadd_0_U21/CO (FA1D0)                  0.06       0.51 f
  intadd_0_U20/CO (FA1D0)                  0.06       0.56 f
  intadd_0_U19/CO (FA1D0)                  0.06       0.62 f
  intadd_0_U18/CO (FA1D0)                  0.06       0.67 f
  intadd_0_U17/CO (FA1D0)                  0.06       0.73 f
  intadd_0_U16/CO (FA1D0)                  0.06       0.79 f
  intadd_0_U15/S (FA1D0)                   0.08       0.86 r
  U278/ZN (INVD0)                          0.02       0.89 f
  U280/ZN (CKND2D0)                        0.04       0.93 r
  U410/ZN (INR2D0)                         0.08       1.01 r
  U415/ZN (MUX2ND0)                        0.06       1.07 f
  intadd_1_U19/CO (FA1D0)                  0.11       1.18 f
  intadd_1_U18/CO (FA1D0)                  0.06       1.23 f
  intadd_1_U17/CO (FA1D0)                  0.06       1.29 f
  intadd_1_U16/CO (FA1D0)                  0.06       1.34 f
  intadd_1_U15/CO (FA1D0)                  0.06       1.40 f
  intadd_1_U14/CO (FA1D0)                  0.06       1.45 f
  intadd_1_U13/CO (FA1D0)                  0.06       1.51 f
  intadd_1_U12/CO (FA1D0)                  0.06       1.56 f
  intadd_1_U11/CO (FA1D0)                  0.06       1.62 f
  intadd_1_U10/CO (FA1D0)                  0.06       1.68 f
  intadd_1_U9/CO (FA1D0)                   0.06       1.73 f
  intadd_1_U8/CO (FA1D0)                   0.06       1.79 f
  intadd_1_U7/CO (FA1D0)                   0.06       1.84 f
  intadd_1_U6/CO (FA1D0)                   0.06       1.90 f
  intadd_1_U5/CO (FA1D0)                   0.06       1.95 f
  intadd_1_U4/CO (FA1D0)                   0.06       2.01 f
  intadd_1_U3/CO (FA1D0)                   0.06       2.06 f
  intadd_1_U2/CO (FA1D0)                   0.06       2.13 f
  U159/ZN (NR2D0)                          0.04       2.17 r
  U176/ZN (AOI21D0)                        0.11       2.28 f
  U161/ZN (INVD0)                          0.23       2.51 r
  DP_OP_91J1_124_8225_U11/CO (FA1D0)       0.12       2.63 r
  DP_OP_91J1_124_8225_U10/CO (FA1D0)       0.05       2.68 r
  DP_OP_91J1_124_8225_U9/CO (FA1D0)        0.05       2.73 r
  DP_OP_91J1_124_8225_U8/CO (FA1D0)        0.05       2.79 r
  DP_OP_91J1_124_8225_U7/CO (FA1D0)        0.05       2.84 r
  DP_OP_91J1_124_8225_U6/CO (FA1D0)        0.05       2.89 r
  DP_OP_91J1_124_8225_U5/CO (FA1D0)        0.05       2.94 r
  DP_OP_91J1_124_8225_U4/CO (FA1D0)        0.05       3.00 r
  DP_OP_91J1_124_8225_U3/S (FA1D0)         0.07       3.07 r
  U170/ZN (AOI21D0)                        0.03       3.09 f
  U196/ZN (AOI21D0)                        0.04       3.14 r
  U197/ZN (IOA21D0)                        0.05       3.19 f
  U224/ZN (NR3D0)                          0.07       3.26 r
  U231/ZN (CKND2D0)                        0.15       3.41 f
  U432/ZN (OAI222D0)                       0.15       3.56 r
  result[8] (out)                          0.00       3.56 r
  data arrival time                                   3.56

  clock vclk (rise edge)                  10.00      10.00
  clock network delay (ideal)              0.00      10.00
  output external delay                   -0.02       9.98
  data required time                                  9.98
  -----------------------------------------------------------
  data required time                                  9.98
  data arrival time                                  -3.56
  -----------------------------------------------------------
  slack (MET)                                         6.42


  Startpoint: x[1] (input port clocked by vclk)
  Endpoint: result[7] (output port clocked by vclk)
  Path Group: vclk
  Path Type: max

  Des/Clust/Port     Wire Load Model       Library
  ------------------------------------------------
  oadm_l0_centered_index_div_opt ZeroWireload tcbn65gplustc_ccs

  Point                                    Incr       Path
  -----------------------------------------------------------
  clock vclk (rise edge)                   0.00       0.00
  clock network delay (ideal)              0.00       0.00
  input external delay                     0.02       0.02 r
  x[1] (in)                                0.01       0.03 r
  U316/ZN (INVD0)                          0.02       0.06 f
  U321/ZN (NR2D0)                          0.04       0.10 r
  U322/ZN (MUX2ND0)                        0.05       0.16 f
  U323/ZN (NR2D0)                          0.06       0.22 r
  U352/ZN (AOI21D0)                        0.04       0.26 f
  intadd_0_U24/CO (FA1D0)                  0.09       0.34 f
  intadd_0_U23/CO (FA1D0)                  0.06       0.40 f
  intadd_0_U22/CO (FA1D0)                  0.06       0.45 f
  intadd_0_U21/CO (FA1D0)                  0.06       0.51 f
  intadd_0_U20/CO (FA1D0)                  0.06       0.56 f
  intadd_0_U19/CO (FA1D0)                  0.06       0.62 f
  intadd_0_U18/CO (FA1D0)                  0.06       0.67 f
  intadd_0_U17/CO (FA1D0)                  0.06       0.73 f
  intadd_0_U16/CO (FA1D0)                  0.06       0.79 f
  intadd_0_U15/S (FA1D0)                   0.08       0.86 r
  U278/ZN (INVD0)                          0.02       0.89 f
  U280/ZN (CKND2D0)                        0.04       0.93 r
  U410/ZN (INR2D0)                         0.08       1.01 r
  U415/ZN (MUX2ND0)                        0.06       1.07 f
  intadd_1_U19/CO (FA1D0)                  0.11       1.18 f
  intadd_1_U18/CO (FA1D0)                  0.06       1.23 f
  intadd_1_U17/CO (FA1D0)                  0.06       1.29 f
  intadd_1_U16/CO (FA1D0)                  0.06       1.34 f
  intadd_1_U15/CO (FA1D0)                  0.06       1.40 f
  intadd_1_U14/CO (FA1D0)                  0.06       1.45 f
  intadd_1_U13/CO (FA1D0)                  0.06       1.51 f
  intadd_1_U12/CO (FA1D0)                  0.06       1.56 f
  intadd_1_U11/CO (FA1D0)                  0.06       1.62 f
  intadd_1_U10/CO (FA1D0)                  0.06       1.68 f
  intadd_1_U9/CO (FA1D0)                   0.06       1.73 f
  intadd_1_U8/CO (FA1D0)                   0.06       1.79 f
  intadd_1_U7/CO (FA1D0)                   0.06       1.84 f
  intadd_1_U6/CO (FA1D0)                   0.06       1.90 f
  intadd_1_U5/CO (FA1D0)                   0.06       1.95 f
  intadd_1_U4/CO (FA1D0)                   0.06       2.01 f
  intadd_1_U3/CO (FA1D0)                   0.06       2.06 f
  intadd_1_U2/CO (FA1D0)                   0.06       2.13 f
  U159/ZN (NR2D0)                          0.04       2.17 r
  U176/ZN (AOI21D0)                        0.11       2.28 f
  U161/ZN (INVD0)                          0.23       2.51 r
  DP_OP_91J1_124_8225_U11/CO (FA1D0)       0.12       2.63 r
  DP_OP_91J1_124_8225_U10/CO (FA1D0)       0.05       2.68 r
  DP_OP_91J1_124_8225_U9/CO (FA1D0)        0.05       2.73 r
  DP_OP_91J1_124_8225_U8/CO (FA1D0)        0.05       2.79 r
  DP_OP_91J1_124_8225_U7/CO (FA1D0)        0.05       2.84 r
  DP_OP_91J1_124_8225_U6/CO (FA1D0)        0.05       2.89 r
  DP_OP_91J1_124_8225_U5/CO (FA1D0)        0.05       2.94 r
  DP_OP_91J1_124_8225_U4/CO (FA1D0)        0.05       3.00 r
  DP_OP_91J1_124_8225_U3/S (FA1D0)         0.07       3.07 r
  U170/ZN (AOI21D0)                        0.03       3.09 f
  U196/ZN (AOI21D0)                        0.04       3.14 r
  U197/ZN (IOA21D0)                        0.05       3.19 f
  U224/ZN (NR3D0)                          0.07       3.26 r
  U231/ZN (CKND2D0)                        0.15       3.41 f
  U430/ZN (OAI222D0)                       0.15       3.56 r
  result[7] (out)                          0.00       3.56 r
  data arrival time                                   3.56

  clock vclk (rise edge)                  10.00      10.00
  clock network delay (ideal)              0.00      10.00
  output external delay                   -0.02       9.98
  data required time                                  9.98
  -----------------------------------------------------------
  data required time                                  9.98
  data arrival time                                  -3.56
  -----------------------------------------------------------
  slack (MET)                                         6.42


  Startpoint: x[1] (input port clocked by vclk)
  Endpoint: result[6] (output port clocked by vclk)
  Path Group: vclk
  Path Type: max

  Des/Clust/Port     Wire Load Model       Library
  ------------------------------------------------
  oadm_l0_centered_index_div_opt ZeroWireload tcbn65gplustc_ccs

  Point                                    Incr       Path
  -----------------------------------------------------------
  clock vclk (rise edge)                   0.00       0.00
  clock network delay (ideal)              0.00       0.00
  input external delay                     0.02       0.02 r
  x[1] (in)                                0.01       0.03 r
  U316/ZN (INVD0)                          0.02       0.06 f
  U321/ZN (NR2D0)                          0.04       0.10 r
  U322/ZN (MUX2ND0)                        0.05       0.16 f
  U323/ZN (NR2D0)                          0.06       0.22 r
  U352/ZN (AOI21D0)                        0.04       0.26 f
  intadd_0_U24/CO (FA1D0)                  0.09       0.34 f
  intadd_0_U23/CO (FA1D0)                  0.06       0.40 f
  intadd_0_U22/CO (FA1D0)                  0.06       0.45 f
  intadd_0_U21/CO (FA1D0)                  0.06       0.51 f
  intadd_0_U20/CO (FA1D0)                  0.06       0.56 f
  intadd_0_U19/CO (FA1D0)                  0.06       0.62 f
  intadd_0_U18/CO (FA1D0)                  0.06       0.67 f
  intadd_0_U17/CO (FA1D0)                  0.06       0.73 f
  intadd_0_U16/CO (FA1D0)                  0.06       0.79 f
  intadd_0_U15/S (FA1D0)                   0.08       0.86 r
  U278/ZN (INVD0)                          0.02       0.89 f
  U280/ZN (CKND2D0)                        0.04       0.93 r
  U410/ZN (INR2D0)                         0.08       1.01 r
  U415/ZN (MUX2ND0)                        0.06       1.07 f
  intadd_1_U19/CO (FA1D0)                  0.11       1.18 f
  intadd_1_U18/CO (FA1D0)                  0.06       1.23 f
  intadd_1_U17/CO (FA1D0)                  0.06       1.29 f
  intadd_1_U16/CO (FA1D0)                  0.06       1.34 f
  intadd_1_U15/CO (FA1D0)                  0.06       1.40 f
  intadd_1_U14/CO (FA1D0)                  0.06       1.45 f
  intadd_1_U13/CO (FA1D0)                  0.06       1.51 f
  intadd_1_U12/CO (FA1D0)                  0.06       1.56 f
  intadd_1_U11/CO (FA1D0)                  0.06       1.62 f
  intadd_1_U10/CO (FA1D0)                  0.06       1.68 f
  intadd_1_U9/CO (FA1D0)                   0.06       1.73 f
  intadd_1_U8/CO (FA1D0)                   0.06       1.79 f
  intadd_1_U7/CO (FA1D0)                   0.06       1.84 f
  intadd_1_U6/CO (FA1D0)                   0.06       1.90 f
  intadd_1_U5/CO (FA1D0)                   0.06       1.95 f
  intadd_1_U4/CO (FA1D0)                   0.06       2.01 f
  intadd_1_U3/CO (FA1D0)                   0.06       2.06 f
  intadd_1_U2/CO (FA1D0)                   0.06       2.13 f
  U159/ZN (NR2D0)                          0.04       2.17 r
  U176/ZN (AOI21D0)                        0.11       2.28 f
  U161/ZN (INVD0)                          0.23       2.51 r
  DP_OP_91J1_124_8225_U11/CO (FA1D0)       0.12       2.63 r
  DP_OP_91J1_124_8225_U10/CO (FA1D0)       0.05       2.68 r
  DP_OP_91J1_124_8225_U9/CO (FA1D0)        0.05       2.73 r
  DP_OP_91J1_124_8225_U8/CO (FA1D0)        0.05       2.79 r
  DP_OP_91J1_124_8225_U7/CO (FA1D0)        0.05       2.84 r
  DP_OP_91J1_124_8225_U6/CO (FA1D0)        0.05       2.89 r
  DP_OP_91J1_124_8225_U5/CO (FA1D0)        0.05       2.94 r
  DP_OP_91J1_124_8225_U4/CO (FA1D0)        0.05       3.00 r
  DP_OP_91J1_124_8225_U3/S (FA1D0)         0.07       3.07 r
  U170/ZN (AOI21D0)                        0.03       3.09 f
  U196/ZN (AOI21D0)                        0.04       3.14 r
  U197/ZN (IOA21D0)                        0.05       3.19 f
  U224/ZN (NR3D0)                          0.07       3.26 r
  U231/ZN (CKND2D0)                        0.15       3.41 f
  U428/ZN (OAI222D0)                       0.15       3.56 r
  result[6] (out)                          0.00       3.56 r
  data arrival time                                   3.56

  clock vclk (rise edge)                  10.00      10.00
  clock network delay (ideal)              0.00      10.00
  output external delay                   -0.02       9.98
  data required time                                  9.98
  -----------------------------------------------------------
  data required time                                  9.98
  data arrival time                                  -3.56
  -----------------------------------------------------------
  slack (MET)                                         6.42


  Startpoint: x[1] (input port clocked by vclk)
  Endpoint: result[5] (output port clocked by vclk)
  Path Group: vclk
  Path Type: max

  Des/Clust/Port     Wire Load Model       Library
  ------------------------------------------------
  oadm_l0_centered_index_div_opt ZeroWireload tcbn65gplustc_ccs

  Point                                    Incr       Path
  -----------------------------------------------------------
  clock vclk (rise edge)                   0.00       0.00
  clock network delay (ideal)              0.00       0.00
  input external delay                     0.02       0.02 r
  x[1] (in)                                0.01       0.03 r
  U316/ZN (INVD0)                          0.02       0.06 f
  U321/ZN (NR2D0)                          0.04       0.10 r
  U322/ZN (MUX2ND0)                        0.05       0.16 f
  U323/ZN (NR2D0)                          0.06       0.22 r
  U352/ZN (AOI21D0)                        0.04       0.26 f
  intadd_0_U24/CO (FA1D0)                  0.09       0.34 f
  intadd_0_U23/CO (FA1D0)                  0.06       0.40 f
  intadd_0_U22/CO (FA1D0)                  0.06       0.45 f
  intadd_0_U21/CO (FA1D0)                  0.06       0.51 f
  intadd_0_U20/CO (FA1D0)                  0.06       0.56 f
  intadd_0_U19/CO (FA1D0)                  0.06       0.62 f
  intadd_0_U18/CO (FA1D0)                  0.06       0.67 f
  intadd_0_U17/CO (FA1D0)                  0.06       0.73 f
  intadd_0_U16/CO (FA1D0)                  0.06       0.79 f
  intadd_0_U15/S (FA1D0)                   0.08       0.86 r
  U278/ZN (INVD0)                          0.02       0.89 f
  U280/ZN (CKND2D0)                        0.04       0.93 r
  U410/ZN (INR2D0)                         0.08       1.01 r
  U415/ZN (MUX2ND0)                        0.06       1.07 f
  intadd_1_U19/CO (FA1D0)                  0.11       1.18 f
  intadd_1_U18/CO (FA1D0)                  0.06       1.23 f
  intadd_1_U17/CO (FA1D0)                  0.06       1.29 f
  intadd_1_U16/CO (FA1D0)                  0.06       1.34 f
  intadd_1_U15/CO (FA1D0)                  0.06       1.40 f
  intadd_1_U14/CO (FA1D0)                  0.06       1.45 f
  intadd_1_U13/CO (FA1D0)                  0.06       1.51 f
  intadd_1_U12/CO (FA1D0)                  0.06       1.56 f
  intadd_1_U11/CO (FA1D0)                  0.06       1.62 f
  intadd_1_U10/CO (FA1D0)                  0.06       1.68 f
  intadd_1_U9/CO (FA1D0)                   0.06       1.73 f
  intadd_1_U8/CO (FA1D0)                   0.06       1.79 f
  intadd_1_U7/CO (FA1D0)                   0.06       1.84 f
  intadd_1_U6/CO (FA1D0)                   0.06       1.90 f
  intadd_1_U5/CO (FA1D0)                   0.06       1.95 f
  intadd_1_U4/CO (FA1D0)                   0.06       2.01 f
  intadd_1_U3/CO (FA1D0)                   0.06       2.06 f
  intadd_1_U2/CO (FA1D0)                   0.06       2.13 f
  U159/ZN (NR2D0)                          0.04       2.17 r
  U176/ZN (AOI21D0)                        0.11       2.28 f
  U161/ZN (INVD0)                          0.23       2.51 r
  DP_OP_91J1_124_8225_U11/CO (FA1D0)       0.12       2.63 r
  DP_OP_91J1_124_8225_U10/CO (FA1D0)       0.05       2.68 r
  DP_OP_91J1_124_8225_U9/CO (FA1D0)        0.05       2.73 r
  DP_OP_91J1_124_8225_U8/CO (FA1D0)        0.05       2.79 r
  DP_OP_91J1_124_8225_U7/CO (FA1D0)        0.05       2.84 r
  DP_OP_91J1_124_8225_U6/CO (FA1D0)        0.05       2.89 r
  DP_OP_91J1_124_8225_U5/CO (FA1D0)        0.05       2.94 r
  DP_OP_91J1_124_8225_U4/CO (FA1D0)        0.05       3.00 r
  DP_OP_91J1_124_8225_U3/S (FA1D0)         0.07       3.07 r
  U170/ZN (AOI21D0)                        0.03       3.09 f
  U196/ZN (AOI21D0)                        0.04       3.14 r
  U197/ZN (IOA21D0)                        0.05       3.19 f
  U224/ZN (NR3D0)                          0.07       3.26 r
  U231/ZN (CKND2D0)                        0.15       3.41 f
  U426/ZN (OAI222D0)                       0.15       3.56 r
  result[5] (out)                          0.00       3.56 r
  data arrival time                                   3.56

  clock vclk (rise edge)                  10.00      10.00
  clock network delay (ideal)              0.00      10.00
  output external delay                   -0.02       9.98
  data required time                                  9.98
  -----------------------------------------------------------
  data required time                                  9.98
  data arrival time                                  -3.56
  -----------------------------------------------------------
  slack (MET)                                         6.42


  Startpoint: x[1] (input port clocked by vclk)
  Endpoint: result[4] (output port clocked by vclk)
  Path Group: vclk
  Path Type: max

  Des/Clust/Port     Wire Load Model       Library
  ------------------------------------------------
  oadm_l0_centered_index_div_opt ZeroWireload tcbn65gplustc_ccs

  Point                                    Incr       Path
  -----------------------------------------------------------
  clock vclk (rise edge)                   0.00       0.00
  clock network delay (ideal)              0.00       0.00
  input external delay                     0.02       0.02 r
  x[1] (in)                                0.01       0.03 r
  U316/ZN (INVD0)                          0.02       0.06 f
  U321/ZN (NR2D0)                          0.04       0.10 r
  U322/ZN (MUX2ND0)                        0.05       0.16 f
  U323/ZN (NR2D0)                          0.06       0.22 r
  U352/ZN (AOI21D0)                        0.04       0.26 f
  intadd_0_U24/CO (FA1D0)                  0.09       0.34 f
  intadd_0_U23/CO (FA1D0)                  0.06       0.40 f
  intadd_0_U22/CO (FA1D0)                  0.06       0.45 f
  intadd_0_U21/CO (FA1D0)                  0.06       0.51 f
  intadd_0_U20/CO (FA1D0)                  0.06       0.56 f
  intadd_0_U19/CO (FA1D0)                  0.06       0.62 f
  intadd_0_U18/CO (FA1D0)                  0.06       0.67 f
  intadd_0_U17/CO (FA1D0)                  0.06       0.73 f
  intadd_0_U16/CO (FA1D0)                  0.06       0.79 f
  intadd_0_U15/S (FA1D0)                   0.08       0.86 r
  U278/ZN (INVD0)                          0.02       0.89 f
  U280/ZN (CKND2D0)                        0.04       0.93 r
  U410/ZN (INR2D0)                         0.08       1.01 r
  U415/ZN (MUX2ND0)                        0.06       1.07 f
  intadd_1_U19/CO (FA1D0)                  0.11       1.18 f
  intadd_1_U18/CO (FA1D0)                  0.06       1.23 f
  intadd_1_U17/CO (FA1D0)                  0.06       1.29 f
  intadd_1_U16/CO (FA1D0)                  0.06       1.34 f
  intadd_1_U15/CO (FA1D0)                  0.06       1.40 f
  intadd_1_U14/CO (FA1D0)                  0.06       1.45 f
  intadd_1_U13/CO (FA1D0)                  0.06       1.51 f
  intadd_1_U12/CO (FA1D0)                  0.06       1.56 f
  intadd_1_U11/CO (FA1D0)                  0.06       1.62 f
  intadd_1_U10/CO (FA1D0)                  0.06       1.68 f
  intadd_1_U9/CO (FA1D0)                   0.06       1.73 f
  intadd_1_U8/CO (FA1D0)                   0.06       1.79 f
  intadd_1_U7/CO (FA1D0)                   0.06       1.84 f
  intadd_1_U6/CO (FA1D0)                   0.06       1.90 f
  intadd_1_U5/CO (FA1D0)                   0.06       1.95 f
  intadd_1_U4/CO (FA1D0)                   0.06       2.01 f
  intadd_1_U3/CO (FA1D0)                   0.06       2.06 f
  intadd_1_U2/CO (FA1D0)                   0.06       2.13 f
  U159/ZN (NR2D0)                          0.04       2.17 r
  U176/ZN (AOI21D0)                        0.11       2.28 f
  U161/ZN (INVD0)                          0.23       2.51 r
  DP_OP_91J1_124_8225_U11/CO (FA1D0)       0.12       2.63 r
  DP_OP_91J1_124_8225_U10/CO (FA1D0)       0.05       2.68 r
  DP_OP_91J1_124_8225_U9/CO (FA1D0)        0.05       2.73 r
  DP_OP_91J1_124_8225_U8/CO (FA1D0)        0.05       2.79 r
  DP_OP_91J1_124_8225_U7/CO (FA1D0)        0.05       2.84 r
  DP_OP_91J1_124_8225_U6/CO (FA1D0)        0.05       2.89 r
  DP_OP_91J1_124_8225_U5/CO (FA1D0)        0.05       2.94 r
  DP_OP_91J1_124_8225_U4/CO (FA1D0)        0.05       3.00 r
  DP_OP_91J1_124_8225_U3/S (FA1D0)         0.07       3.07 r
  U170/ZN (AOI21D0)                        0.03       3.09 f
  U196/ZN (AOI21D0)                        0.04       3.14 r
  U197/ZN (IOA21D0)                        0.05       3.19 f
  U224/ZN (NR3D0)                          0.07       3.26 r
  U250/ZN (CKND2D0)                        0.15       3.41 f
  U424/ZN (OAI222D0)                       0.15       3.56 r
  result[4] (out)                          0.00       3.56 r
  data arrival time                                   3.56

  clock vclk (rise edge)                  10.00      10.00
  clock network delay (ideal)              0.00      10.00
  output external delay                   -0.02       9.98
  data required time                                  9.98
  -----------------------------------------------------------
  data required time                                  9.98
  data arrival time                                  -3.56
  -----------------------------------------------------------
  slack (MET)                                         6.42


  Startpoint: x[1] (input port clocked by vclk)
  Endpoint: result[3] (output port clocked by vclk)
  Path Group: vclk
  Path Type: max

  Des/Clust/Port     Wire Load Model       Library
  ------------------------------------------------
  oadm_l0_centered_index_div_opt ZeroWireload tcbn65gplustc_ccs

  Point                                    Incr       Path
  -----------------------------------------------------------
  clock vclk (rise edge)                   0.00       0.00
  clock network delay (ideal)              0.00       0.00
  input external delay                     0.02       0.02 r
  x[1] (in)                                0.01       0.03 r
  U316/ZN (INVD0)                          0.02       0.06 f
  U321/ZN (NR2D0)                          0.04       0.10 r
  U322/ZN (MUX2ND0)                        0.05       0.16 f
  U323/ZN (NR2D0)                          0.06       0.22 r
  U352/ZN (AOI21D0)                        0.04       0.26 f
  intadd_0_U24/CO (FA1D0)                  0.09       0.34 f
  intadd_0_U23/CO (FA1D0)                  0.06       0.40 f
  intadd_0_U22/CO (FA1D0)                  0.06       0.45 f
  intadd_0_U21/CO (FA1D0)                  0.06       0.51 f
  intadd_0_U20/CO (FA1D0)                  0.06       0.56 f
  intadd_0_U19/CO (FA1D0)                  0.06       0.62 f
  intadd_0_U18/CO (FA1D0)                  0.06       0.67 f
  intadd_0_U17/CO (FA1D0)                  0.06       0.73 f
  intadd_0_U16/CO (FA1D0)                  0.06       0.79 f
  intadd_0_U15/S (FA1D0)                   0.08       0.86 r
  U278/ZN (INVD0)                          0.02       0.89 f
  U280/ZN (CKND2D0)                        0.04       0.93 r
  U410/ZN (INR2D0)                         0.08       1.01 r
  U415/ZN (MUX2ND0)                        0.06       1.07 f
  intadd_1_U19/CO (FA1D0)                  0.11       1.18 f
  intadd_1_U18/CO (FA1D0)                  0.06       1.23 f
  intadd_1_U17/CO (FA1D0)                  0.06       1.29 f
  intadd_1_U16/CO (FA1D0)                  0.06       1.34 f
  intadd_1_U15/CO (FA1D0)                  0.06       1.40 f
  intadd_1_U14/CO (FA1D0)                  0.06       1.45 f
  intadd_1_U13/CO (FA1D0)                  0.06       1.51 f
  intadd_1_U12/CO (FA1D0)                  0.06       1.56 f
  intadd_1_U11/CO (FA1D0)                  0.06       1.62 f
  intadd_1_U10/CO (FA1D0)                  0.06       1.68 f
  intadd_1_U9/CO (FA1D0)                   0.06       1.73 f
  intadd_1_U8/CO (FA1D0)                   0.06       1.79 f
  intadd_1_U7/CO (FA1D0)                   0.06       1.84 f
  intadd_1_U6/CO (FA1D0)                   0.06       1.90 f
  intadd_1_U5/CO (FA1D0)                   0.06       1.95 f
  intadd_1_U4/CO (FA1D0)                   0.06       2.01 f
  intadd_1_U3/CO (FA1D0)                   0.06       2.06 f
  intadd_1_U2/CO (FA1D0)                   0.06       2.13 f
  U159/ZN (NR2D0)                          0.04       2.17 r
  U176/ZN (AOI21D0)                        0.11       2.28 f
  U161/ZN (INVD0)                          0.23       2.51 r
  DP_OP_91J1_124_8225_U11/CO (FA1D0)       0.12       2.63 r
  DP_OP_91J1_124_8225_U10/CO (FA1D0)       0.05       2.68 r
  DP_OP_91J1_124_8225_U9/CO (FA1D0)        0.05       2.73 r
  DP_OP_91J1_124_8225_U8/CO (FA1D0)        0.05       2.79 r
  DP_OP_91J1_124_8225_U7/CO (FA1D0)        0.05       2.84 r
  DP_OP_91J1_124_8225_U6/CO (FA1D0)        0.05       2.89 r
  DP_OP_91J1_124_8225_U5/CO (FA1D0)        0.05       2.94 r
  DP_OP_91J1_124_8225_U4/CO (FA1D0)        0.05       3.00 r
  DP_OP_91J1_124_8225_U3/S (FA1D0)         0.07       3.07 r
  U170/ZN (AOI21D0)                        0.03       3.09 f
  U196/ZN (AOI21D0)                        0.04       3.14 r
  U197/ZN (IOA21D0)                        0.05       3.19 f
  U224/ZN (NR3D0)                          0.07       3.26 r
  U250/ZN (CKND2D0)                        0.15       3.41 f
  U422/ZN (OAI222D0)                       0.14       3.55 r
  result[3] (out)                          0.00       3.55 r
  data arrival time                                   3.55

  clock vclk (rise edge)                  10.00      10.00
  clock network delay (ideal)              0.00      10.00
  output external delay                   -0.02       9.98
  data required time                                  9.98
  -----------------------------------------------------------
  data required time                                  9.98
  data arrival time                                  -3.55
  -----------------------------------------------------------
  slack (MET)                                         6.43


  Startpoint: x[1] (input port clocked by vclk)
  Endpoint: result[2] (output port clocked by vclk)
  Path Group: vclk
  Path Type: max

  Des/Clust/Port     Wire Load Model       Library
  ------------------------------------------------
  oadm_l0_centered_index_div_opt ZeroWireload tcbn65gplustc_ccs

  Point                                    Incr       Path
  -----------------------------------------------------------
  clock vclk (rise edge)                   0.00       0.00
  clock network delay (ideal)              0.00       0.00
  input external delay                     0.02       0.02 r
  x[1] (in)                                0.01       0.03 r
  U316/ZN (INVD0)                          0.02       0.06 f
  U321/ZN (NR2D0)                          0.04       0.10 r
  U322/ZN (MUX2ND0)                        0.05       0.16 f
  U323/ZN (NR2D0)                          0.06       0.22 r
  U352/ZN (AOI21D0)                        0.04       0.26 f
  intadd_0_U24/CO (FA1D0)                  0.09       0.34 f
  intadd_0_U23/CO (FA1D0)                  0.06       0.40 f
  intadd_0_U22/CO (FA1D0)                  0.06       0.45 f
  intadd_0_U21/CO (FA1D0)                  0.06       0.51 f
  intadd_0_U20/CO (FA1D0)                  0.06       0.56 f
  intadd_0_U19/CO (FA1D0)                  0.06       0.62 f
  intadd_0_U18/CO (FA1D0)                  0.06       0.67 f
  intadd_0_U17/CO (FA1D0)                  0.06       0.73 f
  intadd_0_U16/CO (FA1D0)                  0.06       0.79 f
  intadd_0_U15/S (FA1D0)                   0.08       0.86 r
  U278/ZN (INVD0)                          0.02       0.89 f
  U280/ZN (CKND2D0)                        0.04       0.93 r
  U410/ZN (INR2D0)                         0.08       1.01 r
  U415/ZN (MUX2ND0)                        0.06       1.07 f
  intadd_1_U19/CO (FA1D0)                  0.11       1.18 f
  intadd_1_U18/CO (FA1D0)                  0.06       1.23 f
  intadd_1_U17/CO (FA1D0)                  0.06       1.29 f
  intadd_1_U16/CO (FA1D0)                  0.06       1.34 f
  intadd_1_U15/CO (FA1D0)                  0.06       1.40 f
  intadd_1_U14/CO (FA1D0)                  0.06       1.45 f
  intadd_1_U13/CO (FA1D0)                  0.06       1.51 f
  intadd_1_U12/CO (FA1D0)                  0.06       1.56 f
  intadd_1_U11/CO (FA1D0)                  0.06       1.62 f
  intadd_1_U10/CO (FA1D0)                  0.06       1.68 f
  intadd_1_U9/CO (FA1D0)                   0.06       1.73 f
  intadd_1_U8/CO (FA1D0)                   0.06       1.79 f
  intadd_1_U7/CO (FA1D0)                   0.06       1.84 f
  intadd_1_U6/CO (FA1D0)                   0.06       1.90 f
  intadd_1_U5/CO (FA1D0)                   0.06       1.95 f
  intadd_1_U4/CO (FA1D0)                   0.06       2.01 f
  intadd_1_U3/CO (FA1D0)                   0.06       2.06 f
  intadd_1_U2/CO (FA1D0)                   0.06       2.13 f
  U159/ZN (NR2D0)                          0.04       2.17 r
  U176/ZN (AOI21D0)                        0.11       2.28 f
  U161/ZN (INVD0)                          0.23       2.51 r
  DP_OP_91J1_124_8225_U11/CO (FA1D0)       0.12       2.63 r
  DP_OP_91J1_124_8225_U10/CO (FA1D0)       0.05       2.68 r
  DP_OP_91J1_124_8225_U9/CO (FA1D0)        0.05       2.73 r
  DP_OP_91J1_124_8225_U8/CO (FA1D0)        0.05       2.79 r
  DP_OP_91J1_124_8225_U7/CO (FA1D0)        0.05       2.84 r
  DP_OP_91J1_124_8225_U6/CO (FA1D0)        0.05       2.89 r
  DP_OP_91J1_124_8225_U5/CO (FA1D0)        0.05       2.94 r
  DP_OP_91J1_124_8225_U4/CO (FA1D0)        0.05       3.00 r
  DP_OP_91J1_124_8225_U3/S (FA1D0)         0.07       3.07 r
  U170/ZN (AOI21D0)                        0.03       3.09 f
  U196/ZN (AOI21D0)                        0.04       3.14 r
  U197/ZN (IOA21D0)                        0.05       3.19 f
  U224/ZN (NR3D0)                          0.07       3.26 r
  U250/ZN (CKND2D0)                        0.15       3.41 f
  U420/ZN (OAI222D0)                       0.14       3.55 r
  result[2] (out)                          0.00       3.55 r
  data arrival time                                   3.55

  clock vclk (rise edge)                  10.00      10.00
  clock network delay (ideal)              0.00      10.00
  output external delay                   -0.02       9.98
  data required time                                  9.98
  -----------------------------------------------------------
  data required time                                  9.98
  data arrival time                                  -3.55
  -----------------------------------------------------------
  slack (MET)                                         6.43


1
