****************************************
Report : reference
Design : oadm_fixed_l3_divmul_root_opt
Version: U-2022.12-SP5
Date   : Thu Sep  3 13:59:58 2026
****************************************


Attributes:
    b - black-box (unknown)
    h - hierarchical
    n - noncombinational
    u - contains unmapped logic
    A - abstracted timing model
    E - extracted timing model
    S - Stamp timing model
    Q - Quick timing model (QTM)

Reference          Library       Unit Area   Count    Total Area   Attributes
--------------------------------------------------------------------------------
CKBD1              tcbn65gplustc_ccs
                                    1.44     1           1.44      
oadm_fixed_divmul_root_opt_3_16_10_16_8_e3_b6_95_7c_69_5a_4e_44
                                 2662.20     1        2662.20      h
--------------------------------------------------------------------------------
Total 2 references                                    2663.64
1
